Args in experiment:
Namespace(activation='gelu', affine=0, batch_size=256, c_out=7, checkpoints='./checkpoints/', d_ff=256, d_layers=1, d_model=128, d_model_ls='128', data='ETTh1', data_path='ETTh1.csv', dec_in=7, decomposition=0, des="'Exp'", devices='0', dilation_rates='1', distil=True, do_predict=False, dropout=0.3, e_layers=2, embed='timeF', embed_type=0, enc_in=7, factor=1, fc_dropout=0.3, features='M', freq='h', gpu=0, head_dropout=0.1, head_type='flatten', individual=0, initTLV=0.2, is_training=1, itr=1, kernel_size=25, l2=0.0, label_len=0, learning_rate=1e-05, loss='mse', loss_flag=2, lradj='TST', mlflow_project='exp', model='DTFNet', model_id='ETTh1_336_96', model_type='linear', moving_avg=25, n_branches=2, n_heads=16, n_heads_ls='16', no_learn_pe=True, num_workers=0, output_attention=False, padding_patch="'end'", patch_len=16, patch_len_ls='16,24', patience=10, pct_start=0.3, pe='zeros', pre_norm=False, pred_len=96, rel_pe="'rel_sin'", res_attn=False, revin=1, root_path='./dataset/', seq_len=336, store_attn=False, stride=8, stride_ls='8,12', stride_ls_list='16', sub_patch_len=16, sub_stride=8, subtract_last=0, target='OT', test_flop=False, tfactor=3, train_epochs=100, use_amp=False, use_gpu=True, use_mlflow=False, use_multi_gpu=False, warmup_steps=0, wavelet_dim=64, wavelet_layers=2, wavelet_mode='periodization', wavelet_type='db5')
Use GPU: cuda:0
>>>>>>>start training : ETTh1_336_96_DTFNet_ETTh1_ftM_sl336_ll0_pl96_dm128_nh16_el2_br2_dl1_df256_fc1_ebtimeF_dtTrue_'Exp'_0_'rel_sin'_16_8_16,24_8,12_3_1_256>>>>>>>>>>>>>>>>>>>>>>>>>>
train 8209
val 2785
test 2785
Epoch: 1 cost time: 6.5442399978637695
Epoch: 1, Steps: 32 | Train Loss: 0.0917555 Vali Loss: 0.1479206 Test Loss: 0.0937334
Validation loss decreased (inf --> 0.147921).  Saving model ...
Updating learning rate to 4.263497187391453e-07
Epoch: 2 cost time: 6.469281435012817
Epoch: 2, Steps: 32 | Train Loss: 0.0908171 Vali Loss: 0.1461765 Test Loss: 0.0927523
Validation loss decreased (0.147921 --> 0.146177).  Saving model ...
Updating learning rate to 5.051095800908994e-07
Epoch: 3 cost time: 9.074210166931152
Epoch: 3, Steps: 32 | Train Loss: 0.0898931 Vali Loss: 0.1438077 Test Loss: 0.0917007
Validation loss decreased (0.146177 --> 0.143808).  Saving model ...
Updating learning rate to 6.354148756408674e-07
Epoch: 4 cost time: 5.894587755203247
Epoch: 4, Steps: 32 | Train Loss: 0.0888875 Vali Loss: 0.1422916 Test Loss: 0.0905817
Validation loss decreased (0.143808 --> 0.142292).  Saving model ...
Updating learning rate to 8.158349771023961e-07
Epoch: 5 cost time: 7.084223031997681
Epoch: 5, Steps: 32 | Train Loss: 0.0878608 Vali Loss: 0.1405057 Test Loss: 0.0893845
Validation loss decreased (0.142292 --> 0.140506).  Saving model ...
Updating learning rate to 1.0443890432553227e-06
Epoch: 6 cost time: 5.490878105163574
Epoch: 6, Steps: 32 | Train Loss: 0.0867571 Vali Loss: 0.1392665 Test Loss: 0.0880741
Validation loss decreased (0.140506 --> 0.139267).  Saving model ...
Updating learning rate to 1.3185677676997187e-06
Epoch: 7 cost time: 6.198376893997192
Epoch: 7, Steps: 32 | Train Loss: 0.0855715 Vali Loss: 0.1366133 Test Loss: 0.0866178
Validation loss decreased (0.139267 --> 0.136613).  Saving model ...
Updating learning rate to 1.6353609286550175e-06
Epoch: 8 cost time: 6.4866554737091064
Epoch: 8, Steps: 32 | Train Loss: 0.0842951 Vali Loss: 0.1341590 Test Loss: 0.0849641
Validation loss decreased (0.136613 --> 0.134159).  Saving model ...
Updating learning rate to 1.9912904383338616e-06
Epoch: 9 cost time: 6.781505823135376
Epoch: 9, Steps: 32 | Train Loss: 0.0828452 Vali Loss: 0.1313537 Test Loss: 0.0829811
Validation loss decreased (0.134159 --> 0.131354).  Saving model ...
Updating learning rate to 2.382448529039998e-06
Epoch: 10 cost time: 5.777081727981567
Epoch: 10, Steps: 32 | Train Loss: 0.0811153 Vali Loss: 0.1274433 Test Loss: 0.0805782
Validation loss decreased (0.131354 --> 0.127443).  Saving model ...
Updating learning rate to 2.8045406567431614e-06
Epoch: 11 cost time: 6.022314786911011
Epoch: 11, Steps: 32 | Train Loss: 0.0790290 Vali Loss: 0.1234152 Test Loss: 0.0775322
Validation loss decreased (0.127443 --> 0.123415).  Saving model ...
Updating learning rate to 3.2529326510904383e-06
Epoch: 12 cost time: 4.788672924041748
Epoch: 12, Steps: 32 | Train Loss: 0.0765340 Vali Loss: 0.1188902 Test Loss: 0.0739043
Validation loss decreased (0.123415 --> 0.118890).  Saving model ...
Updating learning rate to 3.7227015941918576e-06
Epoch: 13 cost time: 7.18877911567688
Epoch: 13, Steps: 32 | Train Loss: 0.0737639 Vali Loss: 0.1125068 Test Loss: 0.0702293
Validation loss decreased (0.118890 --> 0.112507).  Saving model ...
Updating learning rate to 4.208689869579457e-06
Epoch: 14 cost time: 5.879138946533203
Epoch: 14, Steps: 32 | Train Loss: 0.0709992 Vali Loss: 0.1077092 Test Loss: 0.0670034
Validation loss decreased (0.112507 --> 0.107709).  Saving model ...
Updating learning rate to 4.705561787933659e-06
Epoch: 15 cost time: 5.176306247711182
Epoch: 15, Steps: 32 | Train Loss: 0.0683702 Vali Loss: 0.1025828 Test Loss: 0.0643613
Validation loss decreased (0.107709 --> 0.102583).  Saving model ...
Updating learning rate to 5.207862167880292e-06
Epoch: 16 cost time: 6.570841550827026
Epoch: 16, Steps: 32 | Train Loss: 0.0659362 Vali Loss: 0.0973179 Test Loss: 0.0620157
Validation loss decreased (0.102583 --> 0.097318).  Saving model ...
Updating learning rate to 5.710076228696788e-06
Epoch: 17 cost time: 6.2789506912231445
Epoch: 17, Steps: 32 | Train Loss: 0.0636608 Vali Loss: 0.0923131 Test Loss: 0.0600170
Validation loss decreased (0.097318 --> 0.092313).  Saving model ...
Updating learning rate to 6.206690137362583e-06
Epoch: 18 cost time: 6.094580173492432
Epoch: 18, Steps: 32 | Train Loss: 0.0617449 Vali Loss: 0.0887045 Test Loss: 0.0579179
Validation loss decreased (0.092313 --> 0.088705).  Saving model ...
Updating learning rate to 6.692251545204639e-06
Epoch: 19 cost time: 4.791856050491333
Epoch: 19, Steps: 32 | Train Loss: 0.0601320 Vali Loss: 0.0858404 Test Loss: 0.0562794
Validation loss decreased (0.088705 --> 0.085840).  Saving model ...
Updating learning rate to 7.161429449503278e-06
Epoch: 20 cost time: 7.888417482376099
Epoch: 20, Steps: 32 | Train Loss: 0.0587721 Vali Loss: 0.0838753 Test Loss: 0.0549738
Validation loss decreased (0.085840 --> 0.083875).  Saving model ...
Updating learning rate to 7.6090727228348e-06
Epoch: 21 cost time: 5.563754320144653
Epoch: 21, Steps: 32 | Train Loss: 0.0576296 Vali Loss: 0.0819991 Test Loss: 0.0537043
Validation loss decreased (0.083875 --> 0.081999).  Saving model ...
Updating learning rate to 8.030266667554303e-06
Epoch: 22 cost time: 7.385772705078125
Epoch: 22, Steps: 32 | Train Loss: 0.0566260 Vali Loss: 0.0805043 Test Loss: 0.0526326
Validation loss decreased (0.081999 --> 0.080504).  Saving model ...
Updating learning rate to 8.420386974504289e-06
Epoch: 23 cost time: 5.382677793502808
Epoch: 23, Steps: 32 | Train Loss: 0.0557230 Vali Loss: 0.0791049 Test Loss: 0.0517901
Validation loss decreased (0.080504 --> 0.079105).  Saving model ...
Updating learning rate to 8.775150493533698e-06
Epoch: 24 cost time: 5.973694324493408
Epoch: 24, Steps: 32 | Train Loss: 0.0549309 Vali Loss: 0.0779705 Test Loss: 0.0510460
Validation loss decreased (0.079105 --> 0.077970).  Saving model ...
Updating learning rate to 9.090662258415302e-06
Epoch: 25 cost time: 5.471267461776733
Epoch: 25, Steps: 32 | Train Loss: 0.0541434 Vali Loss: 0.0764053 Test Loss: 0.0501619
Validation loss decreased (0.077970 --> 0.076405).  Saving model ...
Updating learning rate to 9.363458249872634e-06
Epoch: 26 cost time: 5.375202178955078
Epoch: 26, Steps: 32 | Train Loss: 0.0534088 Vali Loss: 0.0753442 Test Loss: 0.0495125
Validation loss decreased (0.076405 --> 0.075344).  Saving model ...
Updating learning rate to 9.590543427219004e-06
Epoch: 27 cost time: 6.127496242523193
Epoch: 27, Steps: 32 | Train Loss: 0.0526735 Vali Loss: 0.0745680 Test Loss: 0.0487330
Validation loss decreased (0.075344 --> 0.074568).  Saving model ...
Updating learning rate to 9.769424611057362e-06
Epoch: 28 cost time: 8.383096694946289
Epoch: 28, Steps: 32 | Train Loss: 0.0520203 Vali Loss: 0.0733589 Test Loss: 0.0481580
Validation loss decreased (0.074568 --> 0.073359).  Saving model ...
Updating learning rate to 9.898137856020267e-06
Epoch: 29 cost time: 5.621887445449829
Epoch: 29, Steps: 32 | Train Loss: 0.0513128 Vali Loss: 0.0725675 Test Loss: 0.0475489
Validation loss decreased (0.073359 --> 0.072568).  Saving model ...
Updating learning rate to 9.97527001302323e-06
Epoch: 30 cost time: 7.378663539886475
Epoch: 30, Steps: 32 | Train Loss: 0.0506301 Vali Loss: 0.0713777 Test Loss: 0.0469493
Validation loss decreased (0.072568 --> 0.071378).  Saving model ...
Updating learning rate to 9.99999508252785e-06
Epoch: 31 cost time: 6.178221940994263
Epoch: 31, Steps: 32 | Train Loss: 0.0500143 Vali Loss: 0.0702985 Test Loss: 0.0463582
Validation loss decreased (0.071378 --> 0.070298).  Saving model ...
Updating learning rate to 9.994645827799127e-06
Epoch: 32 cost time: 7.564371109008789
Epoch: 32, Steps: 32 | Train Loss: 0.0493759 Vali Loss: 0.0695028 Test Loss: 0.0459191
Validation loss decreased (0.070298 --> 0.069503).  Saving model ...
Updating learning rate to 9.979238061351154e-06
Epoch: 33 cost time: 7.577553033828735
Epoch: 33, Steps: 32 | Train Loss: 0.0488140 Vali Loss: 0.0688140 Test Loss: 0.0452340
Validation loss decreased (0.069503 --> 0.068814).  Saving model ...
Updating learning rate to 9.953802812375051e-06
Epoch: 34 cost time: 7.168303489685059
Epoch: 34, Steps: 32 | Train Loss: 0.0482072 Vali Loss: 0.0679021 Test Loss: 0.0447379
Validation loss decreased (0.068814 --> 0.067902).  Saving model ...
Updating learning rate to 9.918391304077266e-06
Epoch: 35 cost time: 9.465075969696045
Epoch: 35, Steps: 32 | Train Loss: 0.0476228 Vali Loss: 0.0668228 Test Loss: 0.0442623
Validation loss decreased (0.067902 --> 0.066823).  Saving model ...
Updating learning rate to 9.873074850522854e-06
Epoch: 36 cost time: 6.187864303588867
Epoch: 36, Steps: 32 | Train Loss: 0.0470298 Vali Loss: 0.0659725 Test Loss: 0.0437559
Validation loss decreased (0.066823 --> 0.065973).  Saving model ...
Updating learning rate to 9.817944713018442e-06
Epoch: 37 cost time: 4.378196716308594
Epoch: 37, Steps: 32 | Train Loss: 0.0465038 Vali Loss: 0.0654747 Test Loss: 0.0433135
Validation loss decreased (0.065973 --> 0.065475).  Saving model ...
Updating learning rate to 9.7531119163241e-06
Epoch: 38 cost time: 5.503847599029541
Epoch: 38, Steps: 32 | Train Loss: 0.0459349 Vali Loss: 0.0645105 Test Loss: 0.0428403
Validation loss decreased (0.065475 --> 0.064511).  Saving model ...
Updating learning rate to 9.678707025064249e-06
Epoch: 39 cost time: 9.175297737121582
Epoch: 39, Steps: 32 | Train Loss: 0.0454014 Vali Loss: 0.0636996 Test Loss: 0.0423203
Validation loss decreased (0.064511 --> 0.063700).  Saving model ...
Updating learning rate to 9.59487988078789e-06
Epoch: 40 cost time: 6.1673619747161865
Epoch: 40, Steps: 32 | Train Loss: 0.0448836 Vali Loss: 0.0631668 Test Loss: 0.0418738
Validation loss decreased (0.063700 --> 0.063167).  Saving model ...
Updating learning rate to 9.50179930020766e-06
Epoch: 41 cost time: 5.475644588470459
Epoch: 41, Steps: 32 | Train Loss: 0.0443642 Vali Loss: 0.0623207 Test Loss: 0.0414139
Validation loss decreased (0.063167 --> 0.062321).  Saving model ...
Updating learning rate to 9.399652735225436e-06
Epoch: 42 cost time: 6.293903112411499
Epoch: 42, Steps: 32 | Train Loss: 0.0438313 Vali Loss: 0.0615020 Test Loss: 0.0409426
Validation loss decreased (0.062321 --> 0.061502).  Saving model ...
Updating learning rate to 9.288645895429162e-06
Epoch: 43 cost time: 9.878775358200073
Epoch: 43, Steps: 32 | Train Loss: 0.0433339 Vali Loss: 0.0609597 Test Loss: 0.0405240
Validation loss decreased (0.061502 --> 0.060960).  Saving model ...
Updating learning rate to 9.169002333821102e-06
Epoch: 44 cost time: 8.47389841079712
Epoch: 44, Steps: 32 | Train Loss: 0.0428486 Vali Loss: 0.0602963 Test Loss: 0.0400954
Validation loss decreased (0.060960 --> 0.060296).  Saving model ...
Updating learning rate to 9.040962996611857e-06
Epoch: 45 cost time: 7.177452802658081
Epoch: 45, Steps: 32 | Train Loss: 0.0423451 Vali Loss: 0.0595351 Test Loss: 0.0396721
Validation loss decreased (0.060296 --> 0.059535).  Saving model ...
Updating learning rate to 8.904785737986756e-06
Epoch: 46 cost time: 9.578934907913208
Epoch: 46, Steps: 32 | Train Loss: 0.0418474 Vali Loss: 0.0587872 Test Loss: 0.0392613
Validation loss decreased (0.059535 --> 0.058787).  Saving model ...
Updating learning rate to 8.76074480082184e-06
Epoch: 47 cost time: 4.994569540023804
Epoch: 47, Steps: 32 | Train Loss: 0.0414044 Vali Loss: 0.0583577 Test Loss: 0.0388730
Validation loss decreased (0.058787 --> 0.058358).  Saving model ...
Updating learning rate to 8.609130264395213e-06
Epoch: 48 cost time: 7.765550136566162
Epoch: 48, Steps: 32 | Train Loss: 0.0409343 Vali Loss: 0.0572700 Test Loss: 0.0384610
Validation loss decreased (0.058358 --> 0.057270).  Saving model ...
Updating learning rate to 8.450247460205976e-06
Epoch: 49 cost time: 5.97368860244751
Epoch: 49, Steps: 32 | Train Loss: 0.0404897 Vali Loss: 0.0571171 Test Loss: 0.0380528
Validation loss decreased (0.057270 --> 0.057117).  Saving model ...
Updating learning rate to 8.284416357077229e-06
Epoch: 50 cost time: 6.5809972286224365
Epoch: 50, Steps: 32 | Train Loss: 0.0400341 Vali Loss: 0.0562184 Test Loss: 0.0376398
Validation loss decreased (0.057117 --> 0.056218).  Saving model ...
Updating learning rate to 8.111970916781429e-06
Epoch: 51 cost time: 10.388906717300415
Epoch: 51, Steps: 32 | Train Loss: 0.0395829 Vali Loss: 0.0556318 Test Loss: 0.0373234
Validation loss decreased (0.056218 --> 0.055632).  Saving model ...
Updating learning rate to 7.933258421485843e-06
Epoch: 52 cost time: 10.054922819137573
Epoch: 52, Steps: 32 | Train Loss: 0.0391265 Vali Loss: 0.0552180 Test Loss: 0.0369348
Validation loss decreased (0.055632 --> 0.055218).  Saving model ...
Updating learning rate to 7.748638774372467e-06
Epoch: 53 cost time: 8.584567785263062
Epoch: 53, Steps: 32 | Train Loss: 0.0387022 Vali Loss: 0.0547548 Test Loss: 0.0364835
Validation loss decreased (0.055218 --> 0.054755).  Saving model ...
Updating learning rate to 7.558483774840917e-06
Epoch: 54 cost time: 6.877124547958374
Epoch: 54, Steps: 32 | Train Loss: 0.0382859 Vali Loss: 0.0540067 Test Loss: 0.0361637
Validation loss decreased (0.054755 --> 0.054007).  Saving model ...
Updating learning rate to 7.363176369753923e-06
Epoch: 55 cost time: 6.689234256744385
Epoch: 55, Steps: 32 | Train Loss: 0.0378557 Vali Loss: 0.0534884 Test Loss: 0.0357870
Validation loss decreased (0.054007 --> 0.053488).  Saving model ...
Updating learning rate to 7.163109882233309e-06
Epoch: 56 cost time: 7.178918838500977
Epoch: 56, Steps: 32 | Train Loss: 0.0374220 Vali Loss: 0.0529658 Test Loss: 0.0354116
Validation loss decreased (0.053488 --> 0.052966).  Saving model ...
Updating learning rate to 6.958687219559564e-06
Epoch: 57 cost time: 8.883116245269775
Epoch: 57, Steps: 32 | Train Loss: 0.0370302 Vali Loss: 0.0524027 Test Loss: 0.0350160
Validation loss decreased (0.052966 --> 0.052403).  Saving model ...
Updating learning rate to 6.750320061770211e-06
Epoch: 58 cost time: 6.893600702285767
Epoch: 58, Steps: 32 | Train Loss: 0.0366100 Vali Loss: 0.0517295 Test Loss: 0.0346992
Validation loss decreased (0.052403 --> 0.051729).  Saving model ...
Updating learning rate to 6.538428032590986e-06
Epoch: 59 cost time: 6.28297758102417
Epoch: 59, Steps: 32 | Train Loss: 0.0362072 Vali Loss: 0.0513738 Test Loss: 0.0343499
Validation loss decreased (0.051729 --> 0.051374).  Saving model ...
Updating learning rate to 6.323437854369509e-06
Epoch: 60 cost time: 9.054136037826538
Epoch: 60, Steps: 32 | Train Loss: 0.0358324 Vali Loss: 0.0508614 Test Loss: 0.0339839
Validation loss decreased (0.051374 --> 0.050861).  Saving model ...
Updating learning rate to 6.105782488713262e-06
Epoch: 61 cost time: 5.482371807098389
Epoch: 61, Steps: 32 | Train Loss: 0.0354477 Vali Loss: 0.0502388 Test Loss: 0.0336650
Validation loss decreased (0.050861 --> 0.050239).  Saving model ...
Updating learning rate to 5.885900264562524e-06
Epoch: 62 cost time: 8.158371448516846
Epoch: 62, Steps: 32 | Train Loss: 0.0351868 Vali Loss: 0.0499624 Test Loss: 0.0336781
Validation loss decreased (0.050239 --> 0.049962).  Saving model ...
Updating learning rate to 5.664233995454231e-06
Epoch: 63 cost time: 7.5847086906433105
Epoch: 63, Steps: 32 | Train Loss: 0.0351665 Vali Loss: 0.0498376 Test Loss: 0.0336414
Validation loss decreased (0.049962 --> 0.049838).  Saving model ...
Updating learning rate to 5.441230087754439e-06
Epoch: 64 cost time: 6.1732497215271
Epoch: 64, Steps: 32 | Train Loss: 0.0351606 Vali Loss: 0.0496501 Test Loss: 0.0336808
Validation loss decreased (0.049838 --> 0.049650).  Saving model ...
Updating learning rate to 5.217337641655308e-06
Epoch: 65 cost time: 8.384926557540894
Epoch: 65, Steps: 32 | Train Loss: 0.0351223 Vali Loss: 0.0499699 Test Loss: 0.0336706
EarlyStopping counter: 1 out of 10
Updating learning rate to 4.993007546747085e-06
Epoch: 66 cost time: 6.526508092880249
Epoch: 66, Steps: 32 | Train Loss: 0.0350967 Vali Loss: 0.0499597 Test Loss: 0.0336801
EarlyStopping counter: 2 out of 10
Updating learning rate to 4.76869157398648e-06
Epoch: 67 cost time: 6.656318187713623
Epoch: 67, Steps: 32 | Train Loss: 0.0350724 Vali Loss: 0.0498662 Test Loss: 0.0336372
EarlyStopping counter: 3 out of 10
Updating learning rate to 4.54484146589007e-06
Epoch: 68 cost time: 6.024448871612549
Epoch: 68, Steps: 32 | Train Loss: 0.0350433 Vali Loss: 0.0499955 Test Loss: 0.0336473
EarlyStopping counter: 4 out of 10
Updating learning rate to 4.3219080267850015e-06
Epoch: 69 cost time: 6.010441541671753
Epoch: 69, Steps: 32 | Train Loss: 0.0350471 Vali Loss: 0.0499578 Test Loss: 0.0336317
EarlyStopping counter: 5 out of 10
Updating learning rate to 4.100340214949063e-06
Epoch: 70 cost time: 6.728003263473511
Epoch: 70, Steps: 32 | Train Loss: 0.0350043 Vali Loss: 0.0499934 Test Loss: 0.0336465
EarlyStopping counter: 6 out of 10
Updating learning rate to 3.8805842384684655e-06
Epoch: 71 cost time: 12.126286745071411
Epoch: 71, Steps: 32 | Train Loss: 0.0349856 Vali Loss: 0.0498473 Test Loss: 0.0336375
EarlyStopping counter: 7 out of 10
Updating learning rate to 3.663082656634139e-06
Epoch: 72 cost time: 7.633967399597168
Epoch: 72, Steps: 32 | Train Loss: 0.0349706 Vali Loss: 0.0499924 Test Loss: 0.0336366
EarlyStopping counter: 8 out of 10
Updating learning rate to 3.4482734886862136e-06
Epoch: 73 cost time: 11.596672773361206
Epoch: 73, Steps: 32 | Train Loss: 0.0349581 Vali Loss: 0.0501508 Test Loss: 0.0336328
EarlyStopping counter: 9 out of 10
Updating learning rate to 3.2365893317015703e-06
Epoch: 74 cost time: 10.155041933059692
Epoch: 74, Steps: 32 | Train Loss: 0.0349334 Vali Loss: 0.0498777 Test Loss: 0.0336479
EarlyStopping counter: 10 out of 10
Early stopping
>>>>>>>testing : ETTh1_336_96_DTFNet_ETTh1_ftM_sl336_ll0_pl96_dm128_nh16_el2_br2_dl1_df256_fc1_ebtimeF_dtTrue_'Exp'_0_'rel_sin'_16_8_16,24_8,12_3_1_256<<<<<<<<<<<<<<<<<<<<<<<<<<<<<<<<<
test 2785
mse:0.34998205304145813, mae:0.38285183906555176, rse:0.5633488297462463
