Args in experiment:
Namespace(activation='gelu', affine=0, batch_size=256, c_out=7, checkpoints='./checkpoints/', d_ff=256, d_layers=1, d_model=128, d_model_ls='128', data='ETTh1', data_path='ETTh1.csv', dec_in=7, decomposition=0, des="'Exp'", devices='0', dilation_rates='1', distil=True, do_predict=False, dropout=0.3, e_layers=2, embed='timeF', embed_type=0, enc_in=7, factor=1, fc_dropout=0.3, features='M', freq='h', gpu=0, head_dropout=0.1, head_type='flatten', individual=0, initTLV=0.2, is_training=1, itr=1, kernel_size=25, l2=0.0, label_len=0, learning_rate=1e-05, loss='mse', loss_flag=2, lradj='TST', mlflow_project='exp', model='DTFNet', model_id='ETTh1_336_96', model_type='linear', moving_avg=25, n_branches=2, n_heads=16, n_heads_ls='16', no_learn_pe=True, num_workers=0, output_attention=False, padding_patch="'end'", patch_len=16, patch_len_ls='16,24', patience=10, pct_start=0.3, pe='zeros', pre_norm=False, pred_len=96, rel_pe="'rel_sin'", res_attn=False, revin=1, root_path='./dataset/', seq_len=336, store_attn=False, stride=8, stride_ls='8,12', stride_ls_list='16', sub_patch_len=16, sub_stride=8, subtract_last=0, target='OT', test_flop=False, tfactor=3, train_epochs=100, use_amp=False, use_gpu=True, use_mlflow=False, use_multi_gpu=False, warmup_steps=0, wavelet_dim=64, wavelet_layers=2, wavelet_mode='periodization', wavelet_type='db5')
Use GPU: cuda:0
>>>>>>>start training : ETTh1_336_96_DTFNet_ETTh1_ftM_sl336_ll0_pl96_dm128_nh16_el2_br2_dl1_df256_fc1_ebtimeF_dtTrue_'Exp'_0_'rel_sin'_16_8_16,24_8,12_3_1_256>>>>>>>>>>>>>>>>>>>>>>>>>>
train 8209
val 2785
test 2785
Epoch: 1 cost time: 13.182749032974243
Epoch: 1, Steps: 32 | Train Loss: 0.0917521 Vali Loss: 0.1473386 Test Loss: 0.0936563
Validation loss decreased (inf --> 0.147339).  Saving model ...
Updating learning rate to 4.263497187391453e-07
Epoch: 2 cost time: 9.74026370048523
Epoch: 2, Steps: 32 | Train Loss: 0.0907965 Vali Loss: 0.1455463 Test Loss: 0.0926640
Validation loss decreased (0.147339 --> 0.145546).  Saving model ...
Updating learning rate to 5.051095800908994e-07
Epoch: 3 cost time: 8.862752676010132
Epoch: 3, Steps: 32 | Train Loss: 0.0898443 Vali Loss: 0.1438271 Test Loss: 0.0916034
Validation loss decreased (0.145546 --> 0.143827).  Saving model ...
Updating learning rate to 6.354148756408674e-07
Epoch: 4 cost time: 9.175447702407837
Epoch: 4, Steps: 32 | Train Loss: 0.0888430 Vali Loss: 0.1424909 Test Loss: 0.0904799
Validation loss decreased (0.143827 --> 0.142491).  Saving model ...
Updating learning rate to 8.158349771023961e-07
Epoch: 5 cost time: 8.980916261672974
Epoch: 5, Steps: 32 | Train Loss: 0.0878226 Vali Loss: 0.1407490 Test Loss: 0.0892762
Validation loss decreased (0.142491 --> 0.140749).  Saving model ...
Updating learning rate to 1.0443890432553227e-06
Epoch: 6 cost time: 9.190221548080444
Epoch: 6, Steps: 32 | Train Loss: 0.0867376 Vali Loss: 0.1385111 Test Loss: 0.0879541
Validation loss decreased (0.140749 --> 0.138511).  Saving model ...
Updating learning rate to 1.3185677676997187e-06
Epoch: 7 cost time: 9.190385341644287
Epoch: 7, Steps: 32 | Train Loss: 0.0855283 Vali Loss: 0.1357639 Test Loss: 0.0864932
Validation loss decreased (0.138511 --> 0.135764).  Saving model ...
Updating learning rate to 1.6353609286550175e-06
Epoch: 8 cost time: 9.161886930465698
Epoch: 8, Steps: 32 | Train Loss: 0.0842186 Vali Loss: 0.1334997 Test Loss: 0.0848323
Validation loss decreased (0.135764 --> 0.133500).  Saving model ...
Updating learning rate to 1.9912904383338616e-06
Epoch: 9 cost time: 8.162458419799805
Epoch: 9, Steps: 32 | Train Loss: 0.0827532 Vali Loss: 0.1303380 Test Loss: 0.0828779
Validation loss decreased (0.133500 --> 0.130338).  Saving model ...
Updating learning rate to 2.382448529039998e-06
Epoch: 10 cost time: 7.957722902297974
Epoch: 10, Steps: 32 | Train Loss: 0.0810410 Vali Loss: 0.1270610 Test Loss: 0.0804879
Validation loss decreased (0.130338 --> 0.127061).  Saving model ...
Updating learning rate to 2.8045406567431614e-06
Epoch: 11 cost time: 8.771312713623047
Epoch: 11, Steps: 32 | Train Loss: 0.0789741 Vali Loss: 0.1230679 Test Loss: 0.0775831
Validation loss decreased (0.127061 --> 0.123068).  Saving model ...
Updating learning rate to 3.2529326510904383e-06
Epoch: 12 cost time: 8.291388034820557
Epoch: 12, Steps: 32 | Train Loss: 0.0765291 Vali Loss: 0.1181230 Test Loss: 0.0741553
Validation loss decreased (0.123068 --> 0.118123).  Saving model ...
Updating learning rate to 3.7227015941918576e-06
Epoch: 13 cost time: 8.853599786758423
Epoch: 13, Steps: 32 | Train Loss: 0.0738743 Vali Loss: 0.1128355 Test Loss: 0.0706785
Validation loss decreased (0.118123 --> 0.112835).  Saving model ...
Updating learning rate to 4.208689869579457e-06
Epoch: 14 cost time: 8.381750583648682
Epoch: 14, Steps: 32 | Train Loss: 0.0711785 Vali Loss: 0.1079510 Test Loss: 0.0675416
Validation loss decreased (0.112835 --> 0.107951).  Saving model ...
Updating learning rate to 4.705561787933659e-06
Epoch: 15 cost time: 8.919103622436523
Epoch: 15, Steps: 32 | Train Loss: 0.0685877 Vali Loss: 0.1026079 Test Loss: 0.0649169
Validation loss decreased (0.107951 --> 0.102608).  Saving model ...
Updating learning rate to 5.207862167880292e-06
Epoch: 16 cost time: 8.942445755004883
Epoch: 16, Steps: 32 | Train Loss: 0.0661439 Vali Loss: 0.0972543 Test Loss: 0.0625879
Validation loss decreased (0.102608 --> 0.097254).  Saving model ...
Updating learning rate to 5.710076228696788e-06
Epoch: 17 cost time: 9.272560596466064
Epoch: 17, Steps: 32 | Train Loss: 0.0639724 Vali Loss: 0.0932011 Test Loss: 0.0604377
Validation loss decreased (0.097254 --> 0.093201).  Saving model ...
Updating learning rate to 6.206690137362583e-06
Epoch: 18 cost time: 8.776519775390625
Epoch: 18, Steps: 32 | Train Loss: 0.0620922 Vali Loss: 0.0889046 Test Loss: 0.0584717
Validation loss decreased (0.093201 --> 0.088905).  Saving model ...
Updating learning rate to 6.692251545204639e-06
Epoch: 19 cost time: 8.427918434143066
Epoch: 19, Steps: 32 | Train Loss: 0.0604387 Vali Loss: 0.0865634 Test Loss: 0.0566375
Validation loss decreased (0.088905 --> 0.086563).  Saving model ...
Updating learning rate to 7.161429449503278e-06
Epoch: 20 cost time: 8.370137929916382
Epoch: 20, Steps: 32 | Train Loss: 0.0590719 Vali Loss: 0.0840162 Test Loss: 0.0552459
Validation loss decreased (0.086563 --> 0.084016).  Saving model ...
Updating learning rate to 7.6090727228348e-06
Epoch: 21 cost time: 8.659451723098755
Epoch: 21, Steps: 32 | Train Loss: 0.0578860 Vali Loss: 0.0823317 Test Loss: 0.0541238
Validation loss decreased (0.084016 --> 0.082332).  Saving model ...
Updating learning rate to 8.030266667554303e-06
Epoch: 22 cost time: 7.662695646286011
Epoch: 22, Steps: 32 | Train Loss: 0.0568704 Vali Loss: 0.0807797 Test Loss: 0.0530061
Validation loss decreased (0.082332 --> 0.080780).  Saving model ...
Updating learning rate to 8.420386974504289e-06
Epoch: 23 cost time: 8.299234628677368
Epoch: 23, Steps: 32 | Train Loss: 0.0559414 Vali Loss: 0.0790904 Test Loss: 0.0520058
Validation loss decreased (0.080780 --> 0.079090).  Saving model ...
Updating learning rate to 8.775150493533698e-06
Epoch: 24 cost time: 9.674590826034546
Epoch: 24, Steps: 32 | Train Loss: 0.0550696 Vali Loss: 0.0774131 Test Loss: 0.0511842
Validation loss decreased (0.079090 --> 0.077413).  Saving model ...
Updating learning rate to 9.090662258415302e-06
Epoch: 25 cost time: 8.570476531982422
Epoch: 25, Steps: 32 | Train Loss: 0.0542856 Vali Loss: 0.0765927 Test Loss: 0.0503632
Validation loss decreased (0.077413 --> 0.076593).  Saving model ...
Updating learning rate to 9.363458249872634e-06
Epoch: 26 cost time: 8.386582136154175
Epoch: 26, Steps: 32 | Train Loss: 0.0534968 Vali Loss: 0.0752905 Test Loss: 0.0496042
Validation loss decreased (0.076593 --> 0.075290).  Saving model ...
Updating learning rate to 9.590543427219004e-06
Epoch: 27 cost time: 8.942893505096436
Epoch: 27, Steps: 32 | Train Loss: 0.0527761 Vali Loss: 0.0739563 Test Loss: 0.0488534
Validation loss decreased (0.075290 --> 0.073956).  Saving model ...
Updating learning rate to 9.769424611057362e-06
Epoch: 28 cost time: 8.274407148361206
Epoch: 28, Steps: 32 | Train Loss: 0.0520601 Vali Loss: 0.0733970 Test Loss: 0.0481423
Validation loss decreased (0.073956 --> 0.073397).  Saving model ...
Updating learning rate to 9.898137856020267e-06
Epoch: 29 cost time: 8.145963430404663
Epoch: 29, Steps: 32 | Train Loss: 0.0513867 Vali Loss: 0.0718180 Test Loss: 0.0475717
Validation loss decreased (0.073397 --> 0.071818).  Saving model ...
Updating learning rate to 9.97527001302323e-06
Epoch: 30 cost time: 9.36422061920166
Epoch: 30, Steps: 32 | Train Loss: 0.0507220 Vali Loss: 0.0711972 Test Loss: 0.0469618
Validation loss decreased (0.071818 --> 0.071197).  Saving model ...
Updating learning rate to 9.99999508252785e-06
Epoch: 31 cost time: 8.608893871307373
Epoch: 31, Steps: 32 | Train Loss: 0.0500803 Vali Loss: 0.0707726 Test Loss: 0.0462950
Validation loss decreased (0.071197 --> 0.070773).  Saving model ...
Updating learning rate to 9.994645827799127e-06
Epoch: 32 cost time: 8.757471799850464
Epoch: 32, Steps: 32 | Train Loss: 0.0494249 Vali Loss: 0.0693315 Test Loss: 0.0458020
Validation loss decreased (0.070773 --> 0.069331).  Saving model ...
Updating learning rate to 9.979238061351154e-06
Epoch: 33 cost time: 8.563376188278198
Epoch: 33, Steps: 32 | Train Loss: 0.0488094 Vali Loss: 0.0683561 Test Loss: 0.0452611
Validation loss decreased (0.069331 --> 0.068356).  Saving model ...
Updating learning rate to 9.953802812375051e-06
Epoch: 34 cost time: 8.656482458114624
Epoch: 34, Steps: 32 | Train Loss: 0.0482229 Vali Loss: 0.0675778 Test Loss: 0.0446743
Validation loss decreased (0.068356 --> 0.067578).  Saving model ...
Updating learning rate to 9.918391304077266e-06
Epoch: 35 cost time: 8.081031799316406
Epoch: 35, Steps: 32 | Train Loss: 0.0476493 Vali Loss: 0.0669718 Test Loss: 0.0441602
Validation loss decreased (0.067578 --> 0.066972).  Saving model ...
Updating learning rate to 9.873074850522854e-06
Epoch: 36 cost time: 8.580891370773315
Epoch: 36, Steps: 32 | Train Loss: 0.0470504 Vali Loss: 0.0659588 Test Loss: 0.0436414
Validation loss decreased (0.066972 --> 0.065959).  Saving model ...
Updating learning rate to 9.817944713018442e-06
Epoch: 37 cost time: 8.58677053451538
Epoch: 37, Steps: 32 | Train Loss: 0.0464976 Vali Loss: 0.0655104 Test Loss: 0.0431948
Validation loss decreased (0.065959 --> 0.065510).  Saving model ...
Updating learning rate to 9.7531119163241e-06
Epoch: 38 cost time: 8.37776231765747
Epoch: 38, Steps: 32 | Train Loss: 0.0459542 Vali Loss: 0.0649412 Test Loss: 0.0427010
Validation loss decreased (0.065510 --> 0.064941).  Saving model ...
Updating learning rate to 9.678707025064249e-06
Epoch: 39 cost time: 7.993990421295166
Epoch: 39, Steps: 32 | Train Loss: 0.0454457 Vali Loss: 0.0638497 Test Loss: 0.0422758
Validation loss decreased (0.064941 --> 0.063850).  Saving model ...
Updating learning rate to 9.59487988078789e-06
Epoch: 40 cost time: 8.984530925750732
Epoch: 40, Steps: 32 | Train Loss: 0.0448643 Vali Loss: 0.0630178 Test Loss: 0.0417863
Validation loss decreased (0.063850 --> 0.063018).  Saving model ...
Updating learning rate to 9.50179930020766e-06
Epoch: 41 cost time: 8.476304292678833
Epoch: 41, Steps: 32 | Train Loss: 0.0443896 Vali Loss: 0.0624196 Test Loss: 0.0413327
Validation loss decreased (0.063018 --> 0.062420).  Saving model ...
Updating learning rate to 9.399652735225436e-06
Epoch: 42 cost time: 9.486007928848267
Epoch: 42, Steps: 32 | Train Loss: 0.0438701 Vali Loss: 0.0617525 Test Loss: 0.0408917
Validation loss decreased (0.062420 --> 0.061752).  Saving model ...
Updating learning rate to 9.288645895429162e-06
Epoch: 43 cost time: 8.078320741653442
Epoch: 43, Steps: 32 | Train Loss: 0.0433471 Vali Loss: 0.0611175 Test Loss: 0.0404250
Validation loss decreased (0.061752 --> 0.061117).  Saving model ...
Updating learning rate to 9.169002333821102e-06
Epoch: 44 cost time: 8.87109923362732
Epoch: 44, Steps: 32 | Train Loss: 0.0428469 Vali Loss: 0.0601886 Test Loss: 0.0400238
Validation loss decreased (0.061117 --> 0.060189).  Saving model ...
Updating learning rate to 9.040962996611857e-06
Epoch: 45 cost time: 8.365820169448853
Epoch: 45, Steps: 32 | Train Loss: 0.0423636 Vali Loss: 0.0597524 Test Loss: 0.0395950
Validation loss decreased (0.060189 --> 0.059752).  Saving model ...
Updating learning rate to 8.904785737986756e-06
Epoch: 46 cost time: 8.781516313552856
Epoch: 46, Steps: 32 | Train Loss: 0.0418644 Vali Loss: 0.0589853 Test Loss: 0.0391763
Validation loss decreased (0.059752 --> 0.058985).  Saving model ...
Updating learning rate to 8.76074480082184e-06
Epoch: 47 cost time: 7.890474557876587
Epoch: 47, Steps: 32 | Train Loss: 0.0413945 Vali Loss: 0.0583563 Test Loss: 0.0387832
Validation loss decreased (0.058985 --> 0.058356).  Saving model ...
Updating learning rate to 8.609130264395213e-06
Epoch: 48 cost time: 9.269449472427368
Epoch: 48, Steps: 32 | Train Loss: 0.0409352 Vali Loss: 0.0576669 Test Loss: 0.0383706
Validation loss decreased (0.058356 --> 0.057667).  Saving model ...
Updating learning rate to 8.450247460205976e-06
Epoch: 49 cost time: 9.191081762313843
Epoch: 49, Steps: 32 | Train Loss: 0.0404726 Vali Loss: 0.0574015 Test Loss: 0.0379642
Validation loss decreased (0.057667 --> 0.057402).  Saving model ...
Updating learning rate to 8.284416357077229e-06
Epoch: 50 cost time: 9.223984479904175
Epoch: 50, Steps: 32 | Train Loss: 0.0400040 Vali Loss: 0.0564543 Test Loss: 0.0375974
Validation loss decreased (0.057402 --> 0.056454).  Saving model ...
Updating learning rate to 8.111970916781429e-06
Epoch: 51 cost time: 8.51500415802002
Epoch: 51, Steps: 32 | Train Loss: 0.0395951 Vali Loss: 0.0560842 Test Loss: 0.0372025
Validation loss decreased (0.056454 --> 0.056084).  Saving model ...
Updating learning rate to 7.933258421485843e-06
Epoch: 52 cost time: 8.098536014556885
Epoch: 52, Steps: 32 | Train Loss: 0.0391292 Vali Loss: 0.0551846 Test Loss: 0.0368301
Validation loss decreased (0.056084 --> 0.055185).  Saving model ...
Updating learning rate to 7.748638774372467e-06
Epoch: 53 cost time: 9.075029850006104
Epoch: 53, Steps: 32 | Train Loss: 0.0386983 Vali Loss: 0.0545854 Test Loss: 0.0364382
Validation loss decreased (0.055185 --> 0.054585).  Saving model ...
Updating learning rate to 7.558483774840917e-06
Epoch: 54 cost time: 8.780102014541626
Epoch: 54, Steps: 32 | Train Loss: 0.0382800 Vali Loss: 0.0542944 Test Loss: 0.0360665
Validation loss decreased (0.054585 --> 0.054294).  Saving model ...
Updating learning rate to 7.363176369753923e-06
Epoch: 55 cost time: 8.593135356903076
Epoch: 55, Steps: 32 | Train Loss: 0.0378503 Vali Loss: 0.0537223 Test Loss: 0.0356833
Validation loss decreased (0.054294 --> 0.053722).  Saving model ...
Updating learning rate to 7.163109882233309e-06
Epoch: 56 cost time: 8.609180450439453
Epoch: 56, Steps: 32 | Train Loss: 0.0374226 Vali Loss: 0.0532260 Test Loss: 0.0353433
Validation loss decreased (0.053722 --> 0.053226).  Saving model ...
Updating learning rate to 6.958687219559564e-06
Epoch: 57 cost time: 8.486537456512451
Epoch: 57, Steps: 32 | Train Loss: 0.0370213 Vali Loss: 0.0524548 Test Loss: 0.0349684
Validation loss decreased (0.053226 --> 0.052455).  Saving model ...
Updating learning rate to 6.750320061770211e-06
Epoch: 58 cost time: 8.504867315292358
Epoch: 58, Steps: 32 | Train Loss: 0.0366079 Vali Loss: 0.0518473 Test Loss: 0.0346253
Validation loss decreased (0.052455 --> 0.051847).  Saving model ...
Updating learning rate to 6.538428032590986e-06
Epoch: 59 cost time: 8.658382177352905
Epoch: 59, Steps: 32 | Train Loss: 0.0362089 Vali Loss: 0.0514721 Test Loss: 0.0342666
Validation loss decreased (0.051847 --> 0.051472).  Saving model ...
Updating learning rate to 6.323437854369509e-06
Epoch: 60 cost time: 8.877197742462158
Epoch: 60, Steps: 32 | Train Loss: 0.0358210 Vali Loss: 0.0509312 Test Loss: 0.0339309
Validation loss decreased (0.051472 --> 0.050931).  Saving model ...
Updating learning rate to 6.105782488713262e-06
Epoch: 61 cost time: 8.781774997711182
Epoch: 61, Steps: 32 | Train Loss: 0.0354423 Vali Loss: 0.0503985 Test Loss: 0.0336083
Validation loss decreased (0.050931 --> 0.050398).  Saving model ...
Updating learning rate to 5.885900264562524e-06
Epoch: 62 cost time: 9.179539680480957
Epoch: 62, Steps: 32 | Train Loss: 0.0351675 Vali Loss: 0.0503509 Test Loss: 0.0335897
Validation loss decreased (0.050398 --> 0.050351).  Saving model ...
Updating learning rate to 5.664233995454231e-06
Epoch: 63 cost time: 8.692350387573242
Epoch: 63, Steps: 32 | Train Loss: 0.0351598 Vali Loss: 0.0501665 Test Loss: 0.0335746
Validation loss decreased (0.050351 --> 0.050167).  Saving model ...
Updating learning rate to 5.441230087754439e-06
Epoch: 64 cost time: 9.107741117477417
Epoch: 64, Steps: 32 | Train Loss: 0.0351205 Vali Loss: 0.0502402 Test Loss: 0.0335672
EarlyStopping counter: 1 out of 10
Updating learning rate to 5.217337641655308e-06
Epoch: 65 cost time: 8.233405828475952
Epoch: 65, Steps: 32 | Train Loss: 0.0351133 Vali Loss: 0.0500699 Test Loss: 0.0335659
Validation loss decreased (0.050167 --> 0.050070).  Saving model ...
Updating learning rate to 4.993007546747085e-06
Epoch: 66 cost time: 8.871471881866455
Epoch: 66, Steps: 32 | Train Loss: 0.0350882 Vali Loss: 0.0502994 Test Loss: 0.0335798
EarlyStopping counter: 1 out of 10
Updating learning rate to 4.76869157398648e-06
Epoch: 67 cost time: 9.027106046676636
Epoch: 67, Steps: 32 | Train Loss: 0.0350750 Vali Loss: 0.0502158 Test Loss: 0.0335596
EarlyStopping counter: 2 out of 10
Updating learning rate to 4.54484146589007e-06
Epoch: 68 cost time: 9.236172676086426
Epoch: 68, Steps: 32 | Train Loss: 0.0350339 Vali Loss: 0.0503285 Test Loss: 0.0335764
EarlyStopping counter: 3 out of 10
Updating learning rate to 4.3219080267850015e-06
Epoch: 69 cost time: 8.422859907150269
Epoch: 69, Steps: 32 | Train Loss: 0.0350230 Vali Loss: 0.0501464 Test Loss: 0.0335708
EarlyStopping counter: 4 out of 10
Updating learning rate to 4.100340214949063e-06
Epoch: 70 cost time: 8.006483793258667
Epoch: 70, Steps: 32 | Train Loss: 0.0350048 Vali Loss: 0.0503451 Test Loss: 0.0335619
EarlyStopping counter: 5 out of 10
Updating learning rate to 3.8805842384684655e-06
Epoch: 71 cost time: 8.405624151229858
Epoch: 71, Steps: 32 | Train Loss: 0.0349791 Vali Loss: 0.0501090 Test Loss: 0.0335525
EarlyStopping counter: 6 out of 10
Updating learning rate to 3.663082656634139e-06
Epoch: 72 cost time: 8.707968473434448
Epoch: 72, Steps: 32 | Train Loss: 0.0349686 Vali Loss: 0.0500381 Test Loss: 0.0335527
Validation loss decreased (0.050070 --> 0.050038).  Saving model ...
Updating learning rate to 3.4482734886862136e-06
Epoch: 73 cost time: 8.510767221450806
Epoch: 73, Steps: 32 | Train Loss: 0.0349409 Vali Loss: 0.0501328 Test Loss: 0.0335679
EarlyStopping counter: 1 out of 10
Updating learning rate to 3.2365893317015703e-06
Epoch: 74 cost time: 8.213176965713501
Epoch: 74, Steps: 32 | Train Loss: 0.0349373 Vali Loss: 0.0501538 Test Loss: 0.0335544
EarlyStopping counter: 2 out of 10
Updating learning rate to 3.028456489400888e-06
Epoch: 75 cost time: 7.547260999679565
Epoch: 75, Steps: 32 | Train Loss: 0.0349051 Vali Loss: 0.0502539 Test Loss: 0.0335613
EarlyStopping counter: 3 out of 10
Updating learning rate to 2.8242941136296986e-06
Epoch: 76 cost time: 8.346771240234375
Epoch: 76, Steps: 32 | Train Loss: 0.0349074 Vali Loss: 0.0501869 Test Loss: 0.0335636
EarlyStopping counter: 4 out of 10
Updating learning rate to 2.624513360242336e-06
Epoch: 77 cost time: 9.133368730545044
Epoch: 77, Steps: 32 | Train Loss: 0.0348873 Vali Loss: 0.0501744 Test Loss: 0.0335522
EarlyStopping counter: 5 out of 10
Updating learning rate to 2.429516561088776e-06
Epoch: 78 cost time: 9.028982877731323
Epoch: 78, Steps: 32 | Train Loss: 0.0348648 Vali Loss: 0.0500924 Test Loss: 0.0335574
EarlyStopping counter: 6 out of 10
Updating learning rate to 2.239696413771827e-06
Epoch: 79 cost time: 9.11196517944336
Epoch: 79, Steps: 32 | Train Loss: 0.0348465 Vali Loss: 0.0501421 Test Loss: 0.0335495
EarlyStopping counter: 7 out of 10
Updating learning rate to 2.055435190806421e-06
Epoch: 80 cost time: 8.92286229133606
Epoch: 80, Steps: 32 | Train Loss: 0.0348409 Vali Loss: 0.0501973 Test Loss: 0.0335501
EarlyStopping counter: 8 out of 10
Updating learning rate to 1.8771039697736423e-06
Epoch: 81 cost time: 8.418262481689453
Epoch: 81, Steps: 32 | Train Loss: 0.0348167 Vali Loss: 0.0500511 Test Loss: 0.0335490
EarlyStopping counter: 9 out of 10
Updating learning rate to 1.7050618860198631e-06
Epoch: 82 cost time: 8.706475257873535
Epoch: 82, Steps: 32 | Train Loss: 0.0348199 Vali Loss: 0.0502195 Test Loss: 0.0335473
EarlyStopping counter: 10 out of 10
Early stopping
>>>>>>>testing : ETTh1_336_96_DTFNet_ETTh1_ftM_sl336_ll0_pl96_dm128_nh16_el2_br2_dl1_df256_fc1_ebtimeF_dtTrue_'Exp'_0_'rel_sin'_16_8_16,24_8,12_3_1_256<<<<<<<<<<<<<<<<<<<<<<<<<<<<<<<<<
test 2785
mse:0.3489992320537567, mae:0.38155195116996765, rse:0.5625572800636292
