Args in experiment:
Namespace(activation='gelu', affine=0, batch_size=256, c_out=7, checkpoints='./checkpoints/', d_ff=256, d_layers=1, d_model=128, d_model_ls='128', data='ETTh1', data_path='ETTh1.csv', dec_in=7, decomposition=0, des="'Exp'", devices='0', dilation_rates='1', distil=True, do_predict=False, dropout=0.3, e_layers=2, embed='timeF', embed_type=0, enc_in=7, factor=1, fc_dropout=0.3, features='M', freq='h', gpu=0, head_dropout=0.1, head_type='flatten', individual=0, initTLV=0.2, is_training=1, itr=1, kernel_size=25, l2=0.0, label_len=0, learning_rate=1e-05, loss='mse', loss_flag=2, lradj='TST', mlflow_project='exp', model='DTFNet', model_id='ETTh1_336_96', model_type='linear', moving_avg=25, n_branches=2, n_heads=16, n_heads_ls='16', no_learn_pe=True, num_workers=0, output_attention=False, padding_patch="'end'", patch_len=16, patch_len_ls='16,24', patience=10, pct_start=0.3, pe='zeros', pre_norm=False, pred_len=96, rel_pe="'rel_sin'", res_attn=False, revin=1, root_path='./dataset/', seq_len=336, store_attn=False, stride=8, stride_ls='8,12', stride_ls_list='16', sub_patch_len=16, sub_stride=8, subtract_last=0, target='OT', test_flop=False, tfactor=3, train_epochs=100, use_amp=False, use_gpu=True, use_mlflow=False, use_multi_gpu=False, warmup_steps=0, wavelet_dim=64, wavelet_layers=2, wavelet_mode='periodization', wavelet_type='db5')
Use GPU: cuda:0
>>>>>>>start training : ETTh1_336_96_DTFNet_ETTh1_ftM_sl336_ll0_pl96_dm128_nh16_el2_br2_dl1_df256_fc1_ebtimeF_dtTrue_'Exp'_0_'rel_sin'_16_8_16,24_8,12_3_1_256>>>>>>>>>>>>>>>>>>>>>>>>>>
train 8209
val 2785
test 2785
Epoch: 1 cost time: 10.226714134216309
Epoch: 1, Steps: 32 | Train Loss: 0.0916925 Vali Loss: 0.1478140 Test Loss: 0.0937379
Validation loss decreased (inf --> 0.147814).  Saving model ...
Updating learning rate to 4.263497187391453e-07
Epoch: 2 cost time: 8.8746817111969
Epoch: 2, Steps: 32 | Train Loss: 0.0907234 Vali Loss: 0.1459086 Test Loss: 0.0927202
Validation loss decreased (0.147814 --> 0.145909).  Saving model ...
Updating learning rate to 5.051095800908994e-07
Epoch: 3 cost time: 7.197927713394165
Epoch: 3, Steps: 32 | Train Loss: 0.0897699 Vali Loss: 0.1443377 Test Loss: 0.0916514
Validation loss decreased (0.145909 --> 0.144338).  Saving model ...
Updating learning rate to 6.354148756408674e-07
Epoch: 4 cost time: 8.501697778701782
Epoch: 4, Steps: 32 | Train Loss: 0.0887883 Vali Loss: 0.1424666 Test Loss: 0.0905146
Validation loss decreased (0.144338 --> 0.142467).  Saving model ...
Updating learning rate to 8.158349771023961e-07
Epoch: 5 cost time: 8.38445782661438
Epoch: 5, Steps: 32 | Train Loss: 0.0877440 Vali Loss: 0.1401083 Test Loss: 0.0892924
Validation loss decreased (0.142467 --> 0.140108).  Saving model ...
Updating learning rate to 1.0443890432553227e-06
Epoch: 6 cost time: 8.087915897369385
Epoch: 6, Steps: 32 | Train Loss: 0.0866469 Vali Loss: 0.1378640 Test Loss: 0.0879466
Validation loss decreased (0.140108 --> 0.137864).  Saving model ...
Updating learning rate to 1.3185677676997187e-06
Epoch: 7 cost time: 7.576019763946533
Epoch: 7, Steps: 32 | Train Loss: 0.0854238 Vali Loss: 0.1361557 Test Loss: 0.0864435
Validation loss decreased (0.137864 --> 0.136156).  Saving model ...
Updating learning rate to 1.6353609286550175e-06
Epoch: 8 cost time: 7.814331531524658
Epoch: 8, Steps: 32 | Train Loss: 0.0840841 Vali Loss: 0.1332470 Test Loss: 0.0847260
Validation loss decreased (0.136156 --> 0.133247).  Saving model ...
Updating learning rate to 1.9912904383338616e-06
Epoch: 9 cost time: 9.204658269882202
Epoch: 9, Steps: 32 | Train Loss: 0.0825637 Vali Loss: 0.1301193 Test Loss: 0.0826851
Validation loss decreased (0.133247 --> 0.130119).  Saving model ...
Updating learning rate to 2.382448529039998e-06
Epoch: 10 cost time: 8.479594230651855
Epoch: 10, Steps: 32 | Train Loss: 0.0807828 Vali Loss: 0.1263850 Test Loss: 0.0801453
Validation loss decreased (0.130119 --> 0.126385).  Saving model ...
Updating learning rate to 2.8045406567431614e-06
Epoch: 11 cost time: 7.261607885360718
Epoch: 11, Steps: 32 | Train Loss: 0.0786014 Vali Loss: 0.1223827 Test Loss: 0.0769671
Validation loss decreased (0.126385 --> 0.122383).  Saving model ...
Updating learning rate to 3.2529326510904383e-06
Epoch: 12 cost time: 7.412729740142822
Epoch: 12, Steps: 32 | Train Loss: 0.0760242 Vali Loss: 0.1167947 Test Loss: 0.0732502
Validation loss decreased (0.122383 --> 0.116795).  Saving model ...
Updating learning rate to 3.7227015941918576e-06
Epoch: 13 cost time: 6.872632026672363
Epoch: 13, Steps: 32 | Train Loss: 0.0731467 Vali Loss: 0.1110396 Test Loss: 0.0696013
Validation loss decreased (0.116795 --> 0.111040).  Saving model ...
Updating learning rate to 4.208689869579457e-06
Epoch: 14 cost time: 6.888651609420776
Epoch: 14, Steps: 32 | Train Loss: 0.0703088 Vali Loss: 0.1057152 Test Loss: 0.0665832
Validation loss decreased (0.111040 --> 0.105715).  Saving model ...
Updating learning rate to 4.705561787933659e-06
Epoch: 15 cost time: 7.372734308242798
Epoch: 15, Steps: 32 | Train Loss: 0.0677280 Vali Loss: 0.0996347 Test Loss: 0.0641428
Validation loss decreased (0.105715 --> 0.099635).  Saving model ...
Updating learning rate to 5.207862167880292e-06
Epoch: 16 cost time: 7.7798357009887695
Epoch: 16, Steps: 32 | Train Loss: 0.0654222 Vali Loss: 0.0955743 Test Loss: 0.0620256
Validation loss decreased (0.099635 --> 0.095574).  Saving model ...
Updating learning rate to 5.710076228696788e-06
Epoch: 17 cost time: 7.595974683761597
Epoch: 17, Steps: 32 | Train Loss: 0.0634532 Vali Loss: 0.0913770 Test Loss: 0.0599743
Validation loss decreased (0.095574 --> 0.091377).  Saving model ...
Updating learning rate to 6.206690137362583e-06
Epoch: 18 cost time: 8.991809606552124
Epoch: 18, Steps: 32 | Train Loss: 0.0617241 Vali Loss: 0.0885211 Test Loss: 0.0581216
Validation loss decreased (0.091377 --> 0.088521).  Saving model ...
Updating learning rate to 6.692251545204639e-06
Epoch: 19 cost time: 8.274450778961182
Epoch: 19, Steps: 32 | Train Loss: 0.0601629 Vali Loss: 0.0856514 Test Loss: 0.0564175
Validation loss decreased (0.088521 --> 0.085651).  Saving model ...
Updating learning rate to 7.161429449503278e-06
Epoch: 20 cost time: 8.496860265731812
Epoch: 20, Steps: 32 | Train Loss: 0.0588466 Vali Loss: 0.0838773 Test Loss: 0.0549921
Validation loss decreased (0.085651 --> 0.083877).  Saving model ...
Updating learning rate to 7.6090727228348e-06
Epoch: 21 cost time: 8.177333116531372
Epoch: 21, Steps: 32 | Train Loss: 0.0576927 Vali Loss: 0.0818223 Test Loss: 0.0537679
Validation loss decreased (0.083877 --> 0.081822).  Saving model ...
Updating learning rate to 8.030266667554303e-06
Epoch: 22 cost time: 8.579673051834106
Epoch: 22, Steps: 32 | Train Loss: 0.0566810 Vali Loss: 0.0802252 Test Loss: 0.0527592
Validation loss decreased (0.081822 --> 0.080225).  Saving model ...
Updating learning rate to 8.420386974504289e-06
Epoch: 23 cost time: 8.676017761230469
Epoch: 23, Steps: 32 | Train Loss: 0.0557884 Vali Loss: 0.0782830 Test Loss: 0.0518113
Validation loss decreased (0.080225 --> 0.078283).  Saving model ...
Updating learning rate to 8.775150493533698e-06
Epoch: 24 cost time: 8.671682119369507
Epoch: 24, Steps: 32 | Train Loss: 0.0549434 Vali Loss: 0.0771619 Test Loss: 0.0509197
Validation loss decreased (0.078283 --> 0.077162).  Saving model ...
Updating learning rate to 9.090662258415302e-06
Epoch: 25 cost time: 7.366008758544922
Epoch: 25, Steps: 32 | Train Loss: 0.0541434 Vali Loss: 0.0759026 Test Loss: 0.0501705
Validation loss decreased (0.077162 --> 0.075903).  Saving model ...
Updating learning rate to 9.363458249872634e-06
Epoch: 26 cost time: 8.574515581130981
Epoch: 26, Steps: 32 | Train Loss: 0.0534122 Vali Loss: 0.0749841 Test Loss: 0.0495114
Validation loss decreased (0.075903 --> 0.074984).  Saving model ...
Updating learning rate to 9.590543427219004e-06
Epoch: 27 cost time: 8.545389175415039
Epoch: 27, Steps: 32 | Train Loss: 0.0526658 Vali Loss: 0.0737080 Test Loss: 0.0488004
Validation loss decreased (0.074984 --> 0.073708).  Saving model ...
Updating learning rate to 9.769424611057362e-06
Epoch: 28 cost time: 8.192644119262695
Epoch: 28, Steps: 32 | Train Loss: 0.0519683 Vali Loss: 0.0727005 Test Loss: 0.0481094
Validation loss decreased (0.073708 --> 0.072700).  Saving model ...
Updating learning rate to 9.898137856020267e-06
Epoch: 29 cost time: 8.88592529296875
Epoch: 29, Steps: 32 | Train Loss: 0.0512836 Vali Loss: 0.0716851 Test Loss: 0.0474645
Validation loss decreased (0.072700 --> 0.071685).  Saving model ...
Updating learning rate to 9.97527001302323e-06
Epoch: 30 cost time: 8.55004358291626
Epoch: 30, Steps: 32 | Train Loss: 0.0506313 Vali Loss: 0.0712541 Test Loss: 0.0468587
Validation loss decreased (0.071685 --> 0.071254).  Saving model ...
Updating learning rate to 9.99999508252785e-06
Epoch: 31 cost time: 8.384683847427368
Epoch: 31, Steps: 32 | Train Loss: 0.0499807 Vali Loss: 0.0699809 Test Loss: 0.0463822
Validation loss decreased (0.071254 --> 0.069981).  Saving model ...
Updating learning rate to 9.994645827799127e-06
Epoch: 32 cost time: 7.646846294403076
Epoch: 32, Steps: 32 | Train Loss: 0.0493536 Vali Loss: 0.0688593 Test Loss: 0.0457216
Validation loss decreased (0.069981 --> 0.068859).  Saving model ...
Updating learning rate to 9.979238061351154e-06
Epoch: 33 cost time: 7.58241081237793
Epoch: 33, Steps: 32 | Train Loss: 0.0487458 Vali Loss: 0.0682681 Test Loss: 0.0452110
Validation loss decreased (0.068859 --> 0.068268).  Saving model ...
Updating learning rate to 9.953802812375051e-06
Epoch: 34 cost time: 8.998456954956055
Epoch: 34, Steps: 32 | Train Loss: 0.0481367 Vali Loss: 0.0675497 Test Loss: 0.0446357
Validation loss decreased (0.068268 --> 0.067550).  Saving model ...
Updating learning rate to 9.918391304077266e-06
Epoch: 35 cost time: 8.369403839111328
Epoch: 35, Steps: 32 | Train Loss: 0.0475433 Vali Loss: 0.0666046 Test Loss: 0.0441735
Validation loss decreased (0.067550 --> 0.066605).  Saving model ...
Updating learning rate to 9.873074850522854e-06
Epoch: 36 cost time: 8.291282653808594
Epoch: 36, Steps: 32 | Train Loss: 0.0469849 Vali Loss: 0.0658007 Test Loss: 0.0436775
Validation loss decreased (0.066605 --> 0.065801).  Saving model ...
Updating learning rate to 9.817944713018442e-06
Epoch: 37 cost time: 9.411369800567627
Epoch: 37, Steps: 32 | Train Loss: 0.0464192 Vali Loss: 0.0649650 Test Loss: 0.0431915
Validation loss decreased (0.065801 --> 0.064965).  Saving model ...
Updating learning rate to 9.7531119163241e-06
Epoch: 38 cost time: 8.596715927124023
Epoch: 38, Steps: 32 | Train Loss: 0.0458391 Vali Loss: 0.0638993 Test Loss: 0.0426596
Validation loss decreased (0.064965 --> 0.063899).  Saving model ...
Updating learning rate to 9.678707025064249e-06
Epoch: 39 cost time: 8.43020248413086
Epoch: 39, Steps: 32 | Train Loss: 0.0452897 Vali Loss: 0.0632845 Test Loss: 0.0421965
Validation loss decreased (0.063899 --> 0.063285).  Saving model ...
Updating learning rate to 9.59487988078789e-06
Epoch: 40 cost time: 9.645132303237915
Epoch: 40, Steps: 32 | Train Loss: 0.0447725 Vali Loss: 0.0629639 Test Loss: 0.0417420
Validation loss decreased (0.063285 --> 0.062964).  Saving model ...
Updating learning rate to 9.50179930020766e-06
Epoch: 41 cost time: 9.347017049789429
Epoch: 41, Steps: 32 | Train Loss: 0.0442468 Vali Loss: 0.0622170 Test Loss: 0.0413120
Validation loss decreased (0.062964 --> 0.062217).  Saving model ...
Updating learning rate to 9.399652735225436e-06
Epoch: 42 cost time: 8.361875534057617
Epoch: 42, Steps: 32 | Train Loss: 0.0437388 Vali Loss: 0.0610507 Test Loss: 0.0408680
Validation loss decreased (0.062217 --> 0.061051).  Saving model ...
Updating learning rate to 9.288645895429162e-06
Epoch: 43 cost time: 7.721957206726074
Epoch: 43, Steps: 32 | Train Loss: 0.0432366 Vali Loss: 0.0607453 Test Loss: 0.0404014
Validation loss decreased (0.061051 --> 0.060745).  Saving model ...
Updating learning rate to 9.169002333821102e-06
Epoch: 44 cost time: 8.565308570861816
Epoch: 44, Steps: 32 | Train Loss: 0.0427099 Vali Loss: 0.0600818 Test Loss: 0.0399708
Validation loss decreased (0.060745 --> 0.060082).  Saving model ...
Updating learning rate to 9.040962996611857e-06
Epoch: 45 cost time: 8.257280826568604
Epoch: 45, Steps: 32 | Train Loss: 0.0422367 Vali Loss: 0.0594806 Test Loss: 0.0395889
Validation loss decreased (0.060082 --> 0.059481).  Saving model ...
Updating learning rate to 8.904785737986756e-06
Epoch: 46 cost time: 9.347588539123535
Epoch: 46, Steps: 32 | Train Loss: 0.0417352 Vali Loss: 0.0586505 Test Loss: 0.0391135
Validation loss decreased (0.059481 --> 0.058651).  Saving model ...
Updating learning rate to 8.76074480082184e-06
Epoch: 47 cost time: 9.08608341217041
Epoch: 47, Steps: 32 | Train Loss: 0.0412579 Vali Loss: 0.0580164 Test Loss: 0.0387648
Validation loss decreased (0.058651 --> 0.058016).  Saving model ...
Updating learning rate to 8.609130264395213e-06
Epoch: 48 cost time: 8.382638216018677
Epoch: 48, Steps: 32 | Train Loss: 0.0408063 Vali Loss: 0.0574984 Test Loss: 0.0383341
Validation loss decreased (0.058016 --> 0.057498).  Saving model ...
Updating learning rate to 8.450247460205976e-06
Epoch: 49 cost time: 7.378326416015625
Epoch: 49, Steps: 32 | Train Loss: 0.0403433 Vali Loss: 0.0570090 Test Loss: 0.0379546
Validation loss decreased (0.057498 --> 0.057009).  Saving model ...
Updating learning rate to 8.284416357077229e-06
Epoch: 50 cost time: 9.186877250671387
Epoch: 50, Steps: 32 | Train Loss: 0.0398712 Vali Loss: 0.0563231 Test Loss: 0.0375143
Validation loss decreased (0.057009 --> 0.056323).  Saving model ...
Updating learning rate to 8.111970916781429e-06
Epoch: 51 cost time: 8.578055143356323
Epoch: 51, Steps: 32 | Train Loss: 0.0394314 Vali Loss: 0.0557949 Test Loss: 0.0371546
Validation loss decreased (0.056323 --> 0.055795).  Saving model ...
Updating learning rate to 7.933258421485843e-06
Epoch: 52 cost time: 7.443441867828369
Epoch: 52, Steps: 32 | Train Loss: 0.0390093 Vali Loss: 0.0549958 Test Loss: 0.0367774
Validation loss decreased (0.055795 --> 0.054996).  Saving model ...
Updating learning rate to 7.748638774372467e-06
Epoch: 53 cost time: 7.895488739013672
Epoch: 53, Steps: 32 | Train Loss: 0.0385519 Vali Loss: 0.0545417 Test Loss: 0.0364153
Validation loss decreased (0.054996 --> 0.054542).  Saving model ...
Updating learning rate to 7.558483774840917e-06
Epoch: 54 cost time: 8.996830463409424
Epoch: 54, Steps: 32 | Train Loss: 0.0381206 Vali Loss: 0.0540337 Test Loss: 0.0360237
Validation loss decreased (0.054542 --> 0.054034).  Saving model ...
Updating learning rate to 7.363176369753923e-06
Epoch: 55 cost time: 8.474505186080933
Epoch: 55, Steps: 32 | Train Loss: 0.0377029 Vali Loss: 0.0532875 Test Loss: 0.0356508
Validation loss decreased (0.054034 --> 0.053287).  Saving model ...
Updating learning rate to 7.163109882233309e-06
Epoch: 56 cost time: 8.07994532585144
Epoch: 56, Steps: 32 | Train Loss: 0.0372870 Vali Loss: 0.0526858 Test Loss: 0.0353066
Validation loss decreased (0.053287 --> 0.052686).  Saving model ...
Updating learning rate to 6.958687219559564e-06
Epoch: 57 cost time: 9.089414358139038
Epoch: 57, Steps: 32 | Train Loss: 0.0368541 Vali Loss: 0.0520800 Test Loss: 0.0349420
Validation loss decreased (0.052686 --> 0.052080).  Saving model ...
Updating learning rate to 6.750320061770211e-06
Epoch: 58 cost time: 8.991283893585205
Epoch: 58, Steps: 32 | Train Loss: 0.0364794 Vali Loss: 0.0515447 Test Loss: 0.0346505
Validation loss decreased (0.052080 --> 0.051545).  Saving model ...
Updating learning rate to 6.538428032590986e-06
Epoch: 59 cost time: 7.7836573123931885
Epoch: 59, Steps: 32 | Train Loss: 0.0360766 Vali Loss: 0.0511052 Test Loss: 0.0342715
Validation loss decreased (0.051545 --> 0.051105).  Saving model ...
Updating learning rate to 6.323437854369509e-06
Epoch: 60 cost time: 8.771401643753052
Epoch: 60, Steps: 32 | Train Loss: 0.0356758 Vali Loss: 0.0506475 Test Loss: 0.0338867
Validation loss decreased (0.051105 --> 0.050647).  Saving model ...
Updating learning rate to 6.105782488713262e-06
Epoch: 61 cost time: 7.476773977279663
Epoch: 61, Steps: 32 | Train Loss: 0.0353028 Vali Loss: 0.0500698 Test Loss: 0.0336053
Validation loss decreased (0.050647 --> 0.050070).  Saving model ...
Updating learning rate to 5.885900264562524e-06
Epoch: 62 cost time: 8.104202508926392
Epoch: 62, Steps: 32 | Train Loss: 0.0350776 Vali Loss: 0.0500182 Test Loss: 0.0335999
Validation loss decreased (0.050070 --> 0.050018).  Saving model ...
Updating learning rate to 5.664233995454231e-06
Epoch: 63 cost time: 8.271695137023926
Epoch: 63, Steps: 32 | Train Loss: 0.0350619 Vali Loss: 0.0499868 Test Loss: 0.0335973
Validation loss decreased (0.050018 --> 0.049987).  Saving model ...
Updating learning rate to 5.441230087754439e-06
Epoch: 64 cost time: 8.170846700668335
Epoch: 64, Steps: 32 | Train Loss: 0.0350284 Vali Loss: 0.0501362 Test Loss: 0.0335912
EarlyStopping counter: 1 out of 10
Updating learning rate to 5.217337641655308e-06
Epoch: 65 cost time: 8.005308151245117
Epoch: 65, Steps: 32 | Train Loss: 0.0350002 Vali Loss: 0.0501790 Test Loss: 0.0335626
EarlyStopping counter: 2 out of 10
Updating learning rate to 4.993007546747085e-06
Epoch: 66 cost time: 8.23167610168457
Epoch: 66, Steps: 32 | Train Loss: 0.0349761 Vali Loss: 0.0501153 Test Loss: 0.0335988
EarlyStopping counter: 3 out of 10
Updating learning rate to 4.76869157398648e-06
Epoch: 67 cost time: 8.44146990776062
Epoch: 67, Steps: 32 | Train Loss: 0.0349491 Vali Loss: 0.0499762 Test Loss: 0.0335681
Validation loss decreased (0.049987 --> 0.049976).  Saving model ...
Updating learning rate to 4.54484146589007e-06
Epoch: 68 cost time: 7.8666181564331055
Epoch: 68, Steps: 32 | Train Loss: 0.0349094 Vali Loss: 0.0497402 Test Loss: 0.0336142
Validation loss decreased (0.049976 --> 0.049740).  Saving model ...
Updating learning rate to 4.3219080267850015e-06
Epoch: 69 cost time: 8.70546007156372
Epoch: 69, Steps: 32 | Train Loss: 0.0348920 Vali Loss: 0.0498796 Test Loss: 0.0335882
EarlyStopping counter: 1 out of 10
Updating learning rate to 4.100340214949063e-06
Epoch: 70 cost time: 7.320527076721191
Epoch: 70, Steps: 32 | Train Loss: 0.0348590 Vali Loss: 0.0500856 Test Loss: 0.0336004
EarlyStopping counter: 2 out of 10
Updating learning rate to 3.8805842384684655e-06
Epoch: 71 cost time: 9.388696670532227
Epoch: 71, Steps: 32 | Train Loss: 0.0348408 Vali Loss: 0.0499328 Test Loss: 0.0335693
EarlyStopping counter: 3 out of 10
Updating learning rate to 3.663082656634139e-06
Epoch: 72 cost time: 9.220701217651367
Epoch: 72, Steps: 32 | Train Loss: 0.0348488 Vali Loss: 0.0499138 Test Loss: 0.0335700
EarlyStopping counter: 4 out of 10
Updating learning rate to 3.4482734886862136e-06
Epoch: 73 cost time: 8.517709255218506
Epoch: 73, Steps: 32 | Train Loss: 0.0348126 Vali Loss: 0.0501583 Test Loss: 0.0336061
EarlyStopping counter: 5 out of 10
Updating learning rate to 3.2365893317015703e-06
Epoch: 74 cost time: 8.2199227809906
Epoch: 74, Steps: 32 | Train Loss: 0.0347988 Vali Loss: 0.0497921 Test Loss: 0.0335898
EarlyStopping counter: 6 out of 10
Updating learning rate to 3.028456489400888e-06
Epoch: 75 cost time: 8.229469060897827
Epoch: 75, Steps: 32 | Train Loss: 0.0348004 Vali Loss: 0.0497310 Test Loss: 0.0335885
Validation loss decreased (0.049740 --> 0.049731).  Saving model ...
Updating learning rate to 2.8242941136296986e-06
Epoch: 76 cost time: 8.44900894165039
Epoch: 76, Steps: 32 | Train Loss: 0.0347659 Vali Loss: 0.0498738 Test Loss: 0.0335744
EarlyStopping counter: 1 out of 10
Updating learning rate to 2.624513360242336e-06
Epoch: 77 cost time: 8.719372510910034
Epoch: 77, Steps: 32 | Train Loss: 0.0347212 Vali Loss: 0.0500896 Test Loss: 0.0335587
EarlyStopping counter: 2 out of 10
Updating learning rate to 2.429516561088776e-06
Epoch: 78 cost time: 8.718095302581787
Epoch: 78, Steps: 32 | Train Loss: 0.0347517 Vali Loss: 0.0497844 Test Loss: 0.0335821
EarlyStopping counter: 3 out of 10
Updating learning rate to 2.239696413771827e-06
Epoch: 79 cost time: 8.324459791183472
Epoch: 79, Steps: 32 | Train Loss: 0.0347148 Vali Loss: 0.0497109 Test Loss: 0.0335788
Validation loss decreased (0.049731 --> 0.049711).  Saving model ...
Updating learning rate to 2.055435190806421e-06
Epoch: 80 cost time: 8.662632703781128
Epoch: 80, Steps: 32 | Train Loss: 0.0347133 Vali Loss: 0.0498355 Test Loss: 0.0335671
EarlyStopping counter: 1 out of 10
Updating learning rate to 1.8771039697736423e-06
Epoch: 81 cost time: 9.037914752960205
Epoch: 81, Steps: 32 | Train Loss: 0.0347148 Vali Loss: 0.0497561 Test Loss: 0.0335740
EarlyStopping counter: 2 out of 10
Updating learning rate to 1.7050618860198631e-06
Epoch: 82 cost time: 8.532720804214478
Epoch: 82, Steps: 32 | Train Loss: 0.0346963 Vali Loss: 0.0497186 Test Loss: 0.0335843
EarlyStopping counter: 3 out of 10
Updating learning rate to 1.5396554094059507e-06
Epoch: 83 cost time: 8.128098726272583
Epoch: 83, Steps: 32 | Train Loss: 0.0346694 Vali Loss: 0.0499509 Test Loss: 0.0335620
EarlyStopping counter: 4 out of 10
Updating learning rate to 1.3812176465630769e-06
Epoch: 84 cost time: 8.12206506729126
Epoch: 84, Steps: 32 | Train Loss: 0.0346748 Vali Loss: 0.0502052 Test Loss: 0.0335680
EarlyStopping counter: 5 out of 10
Updating learning rate to 1.2300676700602924e-06
Epoch: 85 cost time: 7.936168193817139
Epoch: 85, Steps: 32 | Train Loss: 0.0346630 Vali Loss: 0.0500280 Test Loss: 0.0335783
EarlyStopping counter: 6 out of 10
Updating learning rate to 1.0865098758348385e-06
Epoch: 86 cost time: 8.021127700805664
Epoch: 86, Steps: 32 | Train Loss: 0.0346629 Vali Loss: 0.0500185 Test Loss: 0.0335756
EarlyStopping counter: 7 out of 10
Updating learning rate to 9.508333701792361e-07
Epoch: 87 cost time: 8.53470754623413
Epoch: 87, Steps: 32 | Train Loss: 0.0346289 Vali Loss: 0.0499106 Test Loss: 0.0335756
EarlyStopping counter: 8 out of 10
Updating learning rate to 8.233113875196893e-07
Epoch: 88 cost time: 7.7212889194488525
Epoch: 88, Steps: 32 | Train Loss: 0.0346357 Vali Loss: 0.0499601 Test Loss: 0.0335849
EarlyStopping counter: 9 out of 10
Updating learning rate to 7.042007401583138e-07
Epoch: 89 cost time: 9.003199815750122
Epoch: 89, Steps: 32 | Train Loss: 0.0346392 Vali Loss: 0.0501318 Test Loss: 0.0335743
EarlyStopping counter: 10 out of 10
Early stopping
>>>>>>>testing : ETTh1_336_96_DTFNet_ETTh1_ftM_sl336_ll0_pl96_dm128_nh16_el2_br2_dl1_df256_fc1_ebtimeF_dtTrue_'Exp'_0_'rel_sin'_16_8_16,24_8,12_3_1_256<<<<<<<<<<<<<<<<<<<<<<<<<<<<<<<<<
test 2785
mse:0.34829598665237427, mae:0.3818168342113495, rse:0.5619902014732361
