Args in experiment:
Namespace(activation='gelu', affine=0, batch_size=256, c_out=7, checkpoints='./checkpoints/', d_ff=256, d_layers=1, d_model=128, d_model_ls='128', data='ETTh1', data_path='ETTh1.csv', dec_in=7, decomposition=0, des="'Exp'", devices='0', dilation_rates='1', distil=True, do_predict=False, dropout=0.3, e_layers=2, embed='timeF', embed_type=0, enc_in=7, factor=1, fc_dropout=0.3, features='M', freq='h', gpu=0, head_dropout=0.1, head_type='flatten', individual=0, initTLV=0.2, is_training=1, itr=1, kernel_size=25, l2=0.0, label_len=0, learning_rate=1e-05, loss='mse', loss_flag=2, lradj='TST', mlflow_project='exp', model='DTFNet', model_id='ETTh1_336_720', model_type='linear', moving_avg=25, n_branches=2, n_heads=16, n_heads_ls='16', no_learn_pe=True, num_workers=0, output_attention=False, padding_patch="'end'", patch_len=16, patch_len_ls='16,24', patience=10, pct_start=0.3, pe='zeros', pre_norm=False, pred_len=720, rel_pe="'rel_sin'", res_attn=False, revin=1, root_path='./dataset/', seq_len=336, store_attn=False, stride=8, stride_ls='8,12', stride_ls_list='16', sub_patch_len=16, sub_stride=8, subtract_last=0, target='OT', test_flop=False, tfactor=3, train_epochs=100, use_amp=False, use_gpu=True, use_mlflow=False, use_multi_gpu=False, warmup_steps=0, wavelet_dim=64, wavelet_layers=2, wavelet_mode='periodization', wavelet_type='db5')
Use GPU: cuda:0
>>>>>>>start training : ETTh1_336_720_DTFNet_ETTh1_ftM_sl336_ll0_pl720_dm128_nh16_el2_br2_dl1_df256_fc1_ebtimeF_dtTrue_'Exp'_0_'rel_sin'_16_8_16,24_8,12_3_1_256>>>>>>>>>>>>>>>>>>>>>>>>>>
train 7585
val 2161
test 2161
Epoch: 1 cost time: 12.65919280052185
Epoch: 1, Steps: 29 | Train Loss: 0.1076092 Vali Loss: 0.1790671 Test Loss: 0.0996766
Validation loss decreased (inf --> 0.179067).  Saving model ...
Updating learning rate to 4.2635539919063106e-07
Epoch: 2 cost time: 7.088879585266113
Epoch: 2, Steps: 29 | Train Loss: 0.1067584 Vali Loss: 0.1775499 Test Loss: 0.0988596
Validation loss decreased (0.179067 --> 0.177550).  Saving model ...
Updating learning rate to 5.051321771514831e-07
Epoch: 3 cost time: 7.534993648529053
Epoch: 3, Steps: 29 | Train Loss: 0.1058892 Vali Loss: 0.1759559 Test Loss: 0.0979730
Validation loss decreased (0.177550 --> 0.175956).  Saving model ...
Updating learning rate to 6.354652532866785e-07
Epoch: 4 cost time: 8.399910688400269
Epoch: 4, Steps: 29 | Train Loss: 0.1049881 Vali Loss: 0.1739781 Test Loss: 0.0970236
Validation loss decreased (0.175956 --> 0.173978).  Saving model ...
Updating learning rate to 8.159233858256806e-07
Epoch: 5 cost time: 9.613183736801147
Epoch: 5, Steps: 29 | Train Loss: 0.1040394 Vali Loss: 0.1719097 Test Loss: 0.0960047
Validation loss decreased (0.173978 --> 0.171910).  Saving model ...
Updating learning rate to 1.0445248888850473e-06
Epoch: 6 cost time: 9.038699865341187
Epoch: 6, Steps: 29 | Train Loss: 0.1030241 Vali Loss: 0.1705730 Test Loss: 0.0948621
Validation loss decreased (0.171910 --> 0.170573).  Saving model ...
Updating learning rate to 1.3187593941861497e-06
Epoch: 7 cost time: 12.218785285949707
Epoch: 7, Steps: 29 | Train Loss: 0.1019135 Vali Loss: 0.1683755 Test Loss: 0.0935486
Validation loss decreased (0.170573 --> 0.168375).  Saving model ...
Updating learning rate to 1.6356154184543822e-06
Epoch: 8 cost time: 8.683765172958374
Epoch: 8, Steps: 29 | Train Loss: 0.1007094 Vali Loss: 0.1657585 Test Loss: 0.0919917
Validation loss decreased (0.168375 --> 0.165759).  Saving model ...
Updating learning rate to 1.9916134337707666e-06
Epoch: 9 cost time: 8.745603322982788
Epoch: 9, Steps: 29 | Train Loss: 0.0993598 Vali Loss: 0.1628701 Test Loss: 0.0900010
Validation loss decreased (0.165759 --> 0.162870).  Saving model ...
Updating learning rate to 2.3828440777166636e-06
Epoch: 10 cost time: 10.629468441009521
Epoch: 10, Steps: 29 | Train Loss: 0.0975608 Vali Loss: 0.1592488 Test Loss: 0.0872608
Validation loss decreased (0.162870 --> 0.159249).  Saving model ...
Updating learning rate to 2.805011083710071e-06
Epoch: 11 cost time: 7.237878799438477
Epoch: 11, Steps: 29 | Train Loss: 0.0954681 Vali Loss: 0.1538379 Test Loss: 0.0834369
Validation loss decreased (0.159249 --> 0.153838).  Saving model ...
Updating learning rate to 3.2534784600976295e-06
Epoch: 12 cost time: 8.706989288330078
Epoch: 12, Steps: 29 | Train Loss: 0.0928006 Vali Loss: 0.1477479 Test Loss: 0.0788553
Validation loss decreased (0.153838 --> 0.147748).  Saving model ...
Updating learning rate to 3.723321399909056e-06
Epoch: 13 cost time: 8.872218132019043
Epoch: 13, Steps: 29 | Train Loss: 0.0901641 Vali Loss: 0.1428004 Test Loss: 0.0754807
Validation loss decreased (0.147748 --> 0.142800).  Saving model ...
Updating learning rate to 4.209380362212844e-06
Epoch: 14 cost time: 11.202590465545654
Epoch: 14, Steps: 29 | Train Loss: 0.0882218 Vali Loss: 0.1393700 Test Loss: 0.0736620
Validation loss decreased (0.142800 --> 0.139370).  Saving model ...
Updating learning rate to 4.706317731183279e-06
Epoch: 15 cost time: 9.678942203521729
Epoch: 15, Steps: 29 | Train Loss: 0.0864939 Vali Loss: 0.1365951 Test Loss: 0.0717269
Validation loss decreased (0.139370 --> 0.136595).  Saving model ...
Updating learning rate to 5.208676430682048e-06
Epoch: 16 cost time: 8.602064609527588
Epoch: 16, Steps: 29 | Train Loss: 0.0848845 Vali Loss: 0.1341320 Test Loss: 0.0698444
Validation loss decreased (0.136595 --> 0.134132).  Saving model ...
Updating learning rate to 5.710939850683244e-06
Epoch: 17 cost time: 11.962674856185913
Epoch: 17, Steps: 29 | Train Loss: 0.0833625 Vali Loss: 0.1321242 Test Loss: 0.0679399
Validation loss decreased (0.134132 --> 0.132124).  Saving model ...
Updating learning rate to 6.207592427464792e-06
Epoch: 18 cost time: 7.921686410903931
Epoch: 18, Steps: 29 | Train Loss: 0.0819861 Vali Loss: 0.1303000 Test Loss: 0.0662239
Validation loss decreased (0.132124 --> 0.130300).  Saving model ...
Updating learning rate to 6.693180212309968e-06
Epoch: 19 cost time: 7.72495174407959
Epoch: 19, Steps: 29 | Train Loss: 0.0807074 Vali Loss: 0.1289082 Test Loss: 0.0651337
Validation loss decreased (0.130300 --> 0.128908).  Saving model ...
Updating learning rate to 7.1623707635889015e-06
Epoch: 20 cost time: 10.066905975341797
Epoch: 20, Steps: 29 | Train Loss: 0.0796925 Vali Loss: 0.1283271 Test Loss: 0.0643110
Validation loss decreased (0.128908 --> 0.128327).  Saving model ...
Updating learning rate to 7.610011704520164e-06
Epoch: 21 cost time: 9.694323539733887
Epoch: 21, Steps: 29 | Train Loss: 0.0788068 Vali Loss: 0.1264112 Test Loss: 0.0639085
Validation loss decreased (0.128327 --> 0.126411).  Saving model ...
Updating learning rate to 8.031187303565295e-06
Epoch: 22 cost time: 9.576505899429321
Epoch: 22, Steps: 29 | Train Loss: 0.0779498 Vali Loss: 0.1258303 Test Loss: 0.0628430
Validation loss decreased (0.126411 --> 0.125830).  Saving model ...
Updating learning rate to 8.421272456123378e-06
Epoch: 23 cost time: 11.732381582260132
Epoch: 23, Steps: 29 | Train Loss: 0.0771344 Vali Loss: 0.1247397 Test Loss: 0.0617132
Validation loss decreased (0.125830 --> 0.124740).  Saving model ...
Updating learning rate to 8.775983474730246e-06
Epoch: 24 cost time: 9.703333616256714
Epoch: 24, Steps: 29 | Train Loss: 0.0762940 Vali Loss: 0.1240016 Test Loss: 0.0612095
Validation loss decreased (0.124740 --> 0.124002).  Saving model ...
Updating learning rate to 9.091425130013939e-06
Epoch: 25 cost time: 9.027461051940918
Epoch: 25, Steps: 29 | Train Loss: 0.0754466 Vali Loss: 0.1231830 Test Loss: 0.0603858
Validation loss decreased (0.124002 --> 0.123183).  Saving model ...
Updating learning rate to 9.364133425830145e-06
Epoch: 26 cost time: 8.73678994178772
Epoch: 26, Steps: 29 | Train Loss: 0.0747146 Vali Loss: 0.1216956 Test Loss: 0.0599928
Validation loss decreased (0.123183 --> 0.121696).  Saving model ...
Updating learning rate to 9.591113638846017e-06
Epoch: 27 cost time: 9.901288270950317
Epoch: 27, Steps: 29 | Train Loss: 0.0739803 Vali Loss: 0.1212490 Test Loss: 0.0591588
Validation loss decreased (0.121696 --> 0.121249).  Saving model ...
Updating learning rate to 9.769873204843885e-06
Epoch: 28 cost time: 9.6302490234375
Epoch: 28, Steps: 29 | Train Loss: 0.0732003 Vali Loss: 0.1201918 Test Loss: 0.0585817
Validation loss decreased (0.121249 --> 0.120192).  Saving model ...
Updating learning rate to 9.898449090606656e-06
Epoch: 29 cost time: 8.44389009475708
Epoch: 29, Steps: 29 | Train Loss: 0.0724530 Vali Loss: 0.1192032 Test Loss: 0.0578222
Validation loss decreased (0.120192 --> 0.119203).  Saving model ...
Updating learning rate to 9.975429350802846e-06
Epoch: 30 cost time: 10.893513441085815
Epoch: 30, Steps: 29 | Train Loss: 0.0716423 Vali Loss: 0.1187292 Test Loss: 0.0575612
Validation loss decreased (0.119203 --> 0.118729).  Saving model ...
Updating learning rate to 9.99999401249548e-06
Epoch: 31 cost time: 10.061829805374146
Epoch: 31, Steps: 29 | Train Loss: 0.0710469 Vali Loss: 0.1181704 Test Loss: 0.0567948
Validation loss decreased (0.118729 --> 0.118170).  Saving model ...
Updating learning rate to 9.994612212745642e-06
Epoch: 32 cost time: 7.918133974075317
Epoch: 32, Steps: 29 | Train Loss: 0.0702996 Vali Loss: 0.1171492 Test Loss: 0.0562828
Validation loss decreased (0.118170 --> 0.117149).  Saving model ...
Updating learning rate to 9.979171968972798e-06
Epoch: 33 cost time: 8.919360637664795
Epoch: 33, Steps: 29 | Train Loss: 0.0695940 Vali Loss: 0.1163206 Test Loss: 0.0556777
Validation loss decreased (0.117149 --> 0.116321).  Saving model ...
Updating learning rate to 9.953704375773079e-06
Epoch: 34 cost time: 7.999352693557739
Epoch: 34, Steps: 29 | Train Loss: 0.0688295 Vali Loss: 0.1153337 Test Loss: 0.0553144
Validation loss decreased (0.116321 --> 0.115334).  Saving model ...
Updating learning rate to 9.918260721489893e-06
Epoch: 35 cost time: 9.19663119316101
Epoch: 35, Steps: 29 | Train Loss: 0.0681993 Vali Loss: 0.1145025 Test Loss: 0.0551371
Validation loss decreased (0.115334 --> 0.114502).  Saving model ...
Updating learning rate to 9.872912384926035e-06
Epoch: 36 cost time: 10.141948938369751
Epoch: 36, Steps: 29 | Train Loss: 0.0675619 Vali Loss: 0.1142169 Test Loss: 0.0543390
Validation loss decreased (0.114502 --> 0.114217).  Saving model ...
Updating learning rate to 9.817750691596265e-06
Epoch: 37 cost time: 11.510323762893677
Epoch: 37, Steps: 29 | Train Loss: 0.0668441 Vali Loss: 0.1131569 Test Loss: 0.0538513
Validation loss decreased (0.114217 --> 0.113157).  Saving model ...
Updating learning rate to 9.752886729809889e-06
Epoch: 38 cost time: 9.21230149269104
Epoch: 38, Steps: 29 | Train Loss: 0.0662294 Vali Loss: 0.1127217 Test Loss: 0.0532248
Validation loss decreased (0.113157 --> 0.112722).  Saving model ...
Updating learning rate to 9.678451126953676e-06
Epoch: 39 cost time: 8.238207340240479
Epoch: 39, Steps: 29 | Train Loss: 0.0655800 Vali Loss: 0.1119272 Test Loss: 0.0529003
Validation loss decreased (0.112722 --> 0.111927).  Saving model ...
Updating learning rate to 9.594593786425696e-06
Epoch: 40 cost time: 8.426865339279175
Epoch: 40, Steps: 29 | Train Loss: 0.0649224 Vali Loss: 0.1115196 Test Loss: 0.0524510
Validation loss decreased (0.111927 --> 0.111520).  Saving model ...
Updating learning rate to 9.501483585749811e-06
Epoch: 41 cost time: 9.356572389602661
Epoch: 41, Steps: 29 | Train Loss: 0.0642386 Vali Loss: 0.1104036 Test Loss: 0.0523177
Validation loss decreased (0.111520 --> 0.110404).  Saving model ...
Updating learning rate to 9.399308036478838e-06
Epoch: 42 cost time: 10.097503185272217
Epoch: 42, Steps: 29 | Train Loss: 0.0636516 Vali Loss: 0.1103244 Test Loss: 0.0516903
Validation loss decreased (0.110404 --> 0.110324).  Saving model ...
Updating learning rate to 9.288272906571216e-06
Epoch: 43 cost time: 8.616172313690186
Epoch: 43, Steps: 29 | Train Loss: 0.0630419 Vali Loss: 0.1088535 Test Loss: 0.0514822
Validation loss decreased (0.110324 --> 0.108854).  Saving model ...
Updating learning rate to 9.16860180600173e-06
Epoch: 44 cost time: 11.48993468284607
Epoch: 44, Steps: 29 | Train Loss: 0.0624269 Vali Loss: 0.1090482 Test Loss: 0.0508977
EarlyStopping counter: 1 out of 10
Updating learning rate to 9.040535736440785e-06
Epoch: 45 cost time: 12.529757976531982
Epoch: 45, Steps: 29 | Train Loss: 0.0618316 Vali Loss: 0.1080010 Test Loss: 0.0507790
Validation loss decreased (0.108854 --> 0.108001).  Saving model ...
Updating learning rate to 8.904332605909106e-06
Epoch: 46 cost time: 9.83598256111145
Epoch: 46, Steps: 29 | Train Loss: 0.0612487 Vali Loss: 0.1076017 Test Loss: 0.0499676
Validation loss decreased (0.108001 --> 0.107602).  Saving model ...
Updating learning rate to 8.760266709385311e-06
Epoch: 47 cost time: 8.206302165985107
Epoch: 47, Steps: 29 | Train Loss: 0.0607088 Vali Loss: 0.1064718 Test Loss: 0.0498347
Validation loss decreased (0.107602 --> 0.106472).  Saving model ...
Updating learning rate to 8.608628176412335e-06
Epoch: 48 cost time: 7.216355800628662
Epoch: 48, Steps: 29 | Train Loss: 0.0600854 Vali Loss: 0.1052520 Test Loss: 0.0500481
Validation loss decreased (0.106472 --> 0.105252).  Saving model ...
Updating learning rate to 8.449722386815127e-06
Epoch: 49 cost time: 8.196624755859375
Epoch: 49, Steps: 29 | Train Loss: 0.0595883 Vali Loss: 0.1048537 Test Loss: 0.0492925
Validation loss decreased (0.105252 --> 0.104854).  Saving model ...
Updating learning rate to 8.28386935570634e-06
Epoch: 50 cost time: 9.99730372428894
Epoch: 50, Steps: 29 | Train Loss: 0.0590349 Vali Loss: 0.1045426 Test Loss: 0.0487838
Validation loss decreased (0.104854 --> 0.104543).  Saving model ...
Updating learning rate to 8.111403089018465e-06
Epoch: 51 cost time: 9.02418828010559
Epoch: 51, Steps: 29 | Train Loss: 0.0584512 Vali Loss: 0.1045902 Test Loss: 0.0484641
EarlyStopping counter: 1 out of 10
Updating learning rate to 7.93267091086035e-06
Epoch: 52 cost time: 9.77794337272644
Epoch: 52, Steps: 29 | Train Loss: 0.0579340 Vali Loss: 0.1027064 Test Loss: 0.0486562
Validation loss decreased (0.104543 --> 0.102706).  Saving model ...
Updating learning rate to 7.748032764052655e-06
Epoch: 53 cost time: 10.268543720245361
Epoch: 53, Steps: 29 | Train Loss: 0.0574036 Vali Loss: 0.1026782 Test Loss: 0.0478961
Validation loss decreased (0.102706 --> 0.102678).  Saving model ...
Updating learning rate to 7.557860485250925e-06
Epoch: 54 cost time: 10.780174255371094
Epoch: 54, Steps: 29 | Train Loss: 0.0568663 Vali Loss: 0.1007012 Test Loss: 0.0477747
Validation loss decreased (0.102678 --> 0.100701).  Saving model ...
Updating learning rate to 7.362537056116034e-06
Epoch: 55 cost time: 8.407177686691284
Epoch: 55, Steps: 29 | Train Loss: 0.0564635 Vali Loss: 0.1008603 Test Loss: 0.0472771
EarlyStopping counter: 1 out of 10
Updating learning rate to 7.162455832040107e-06
Epoch: 56 cost time: 8.697438716888428
Epoch: 56, Steps: 29 | Train Loss: 0.0558387 Vali Loss: 0.0999064 Test Loss: 0.0470576
Validation loss decreased (0.100701 --> 0.099906).  Saving model ...
Updating learning rate to 6.9580197499810984e-06
Epoch: 57 cost time: 10.676376342773438
Epoch: 57, Steps: 29 | Train Loss: 0.0554087 Vali Loss: 0.0992566 Test Loss: 0.0468206
Validation loss decreased (0.099906 --> 0.099257).  Saving model ...
Updating learning rate to 6.7496405170013816e-06
Epoch: 58 cost time: 10.090446472167969
Epoch: 58, Steps: 29 | Train Loss: 0.0548899 Vali Loss: 0.0983205 Test Loss: 0.0464788
Validation loss decreased (0.099257 --> 0.098320).  Saving model ...
Updating learning rate to 6.537737781144523e-06
Epoch: 59 cost time: 8.629883527755737
Epoch: 59, Steps: 29 | Train Loss: 0.0544395 Vali Loss: 0.0975111 Test Loss: 0.0461817
Validation loss decreased (0.098320 --> 0.097511).  Saving model ...
Updating learning rate to 6.322738286319964e-06
Epoch: 60 cost time: 9.76566219329834
Epoch: 60, Steps: 29 | Train Loss: 0.0539471 Vali Loss: 0.0967883 Test Loss: 0.0458553
Validation loss decreased (0.097511 --> 0.096788).  Saving model ...
Updating learning rate to 6.105075012897585e-06
Epoch: 61 cost time: 6.504082918167114
Epoch: 61, Steps: 29 | Train Loss: 0.0535288 Vali Loss: 0.0968183 Test Loss: 0.0453244
EarlyStopping counter: 1 out of 10
Updating learning rate to 5.885186305742857e-06
Epoch: 62 cost time: 7.846836090087891
Epoch: 62, Steps: 29 | Train Loss: 0.0530448 Vali Loss: 0.0956291 Test Loss: 0.0452977
Validation loss decreased (0.096788 --> 0.095629).  Saving model ...
Updating learning rate to 5.6635149914486225e-06
Epoch: 63 cost time: 8.622462034225464
Epoch: 63, Steps: 29 | Train Loss: 0.0525957 Vali Loss: 0.0945698 Test Loss: 0.0449867
Validation loss decreased (0.095629 --> 0.094570).  Saving model ...
Updating learning rate to 5.440507486541268e-06
Epoch: 64 cost time: 9.626636266708374
Epoch: 64, Steps: 29 | Train Loss: 0.0521280 Vali Loss: 0.0944624 Test Loss: 0.0444997
Validation loss decreased (0.094570 --> 0.094462).  Saving model ...
Updating learning rate to 5.216612898457253e-06
Epoch: 65 cost time: 9.214826107025146
Epoch: 65, Steps: 29 | Train Loss: 0.0517033 Vali Loss: 0.0937014 Test Loss: 0.0442555
Validation loss decreased (0.094462 --> 0.093701).  Saving model ...
Updating learning rate to 4.992282121100496e-06
Epoch: 66 cost time: 8.38607120513916
Epoch: 66, Steps: 29 | Train Loss: 0.0512283 Vali Loss: 0.0933347 Test Loss: 0.0437533
Validation loss decreased (0.093701 --> 0.093335).  Saving model ...
Updating learning rate to 4.767966926802067e-06
Epoch: 67 cost time: 10.207824945449829
Epoch: 67, Steps: 29 | Train Loss: 0.0508147 Vali Loss: 0.0927493 Test Loss: 0.0435593
Validation loss decreased (0.093335 --> 0.092749).  Saving model ...
Updating learning rate to 4.5441190565108235e-06
Epoch: 68 cost time: 10.617292165756226
Epoch: 68, Steps: 29 | Train Loss: 0.0504064 Vali Loss: 0.0917183 Test Loss: 0.0433076
Validation loss decreased (0.092749 --> 0.091718).  Saving model ...
Updating learning rate to 4.3211893100472735e-06
Epoch: 69 cost time: 9.13659405708313
Epoch: 69, Steps: 29 | Train Loss: 0.0500107 Vali Loss: 0.0905906 Test Loss: 0.0431792
Validation loss decreased (0.091718 --> 0.090591).  Saving model ...
Updating learning rate to 4.099626638252712e-06
Epoch: 70 cost time: 9.419291973114014
Epoch: 70, Steps: 29 | Train Loss: 0.0496112 Vali Loss: 0.0904442 Test Loss: 0.0426115
Validation loss decreased (0.090591 --> 0.090444).  Saving model ...
Updating learning rate to 3.879877238861997e-06
Epoch: 71 cost time: 9.461061716079712
Epoch: 71, Steps: 29 | Train Loss: 0.0492181 Vali Loss: 0.0891796 Test Loss: 0.0425356
Validation loss decreased (0.090444 --> 0.089180).  Saving model ...
Updating learning rate to 3.662383657920668e-06
Epoch: 72 cost time: 10.216088771820068
Epoch: 72, Steps: 29 | Train Loss: 0.0487651 Vali Loss: 0.0885866 Test Loss: 0.0420903
Validation loss decreased (0.089180 --> 0.088587).  Saving model ...
Updating learning rate to 3.447583898556124e-06
Epoch: 73 cost time: 9.812138319015503
Epoch: 73, Steps: 29 | Train Loss: 0.0483397 Vali Loss: 0.0879248 Test Loss: 0.0418707
Validation loss decreased (0.088587 --> 0.087925).  Saving model ...
Updating learning rate to 3.2359105388976132e-06
Epoch: 74 cost time: 9.103365421295166
Epoch: 74, Steps: 29 | Train Loss: 0.0479509 Vali Loss: 0.0876897 Test Loss: 0.0414691
Validation loss decreased (0.087925 --> 0.087690).  Saving model ...
Updating learning rate to 3.027789860921434e-06
Epoch: 75 cost time: 6.200200080871582
Epoch: 75, Steps: 29 | Train Loss: 0.0476233 Vali Loss: 0.0867261 Test Loss: 0.0412400
Validation loss decreased (0.087690 --> 0.086726).  Saving model ...
Updating learning rate to 2.8236409919757893e-06
Epoch: 76 cost time: 8.7906653881073
Epoch: 76, Steps: 29 | Train Loss: 0.0472530 Vali Loss: 0.0858353 Test Loss: 0.0410703
Validation loss decreased (0.086726 --> 0.085835).  Saving model ...
Updating learning rate to 2.6238750607140637e-06
Epoch: 77 cost time: 9.955360174179077
Epoch: 77, Steps: 29 | Train Loss: 0.0469103 Vali Loss: 0.0853374 Test Loss: 0.0407535
Validation loss decreased (0.085835 --> 0.085337).  Saving model ...
Updating learning rate to 2.4288943691364434e-06
Epoch: 78 cost time: 11.990371942520142
Epoch: 78, Steps: 29 | Train Loss: 0.0464675 Vali Loss: 0.0844964 Test Loss: 0.0404420
Validation loss decreased (0.085337 --> 0.084496).  Saving model ...
Updating learning rate to 2.2390915824072213e-06
Epoch: 79 cost time: 9.507408142089844
Epoch: 79, Steps: 29 | Train Loss: 0.0461216 Vali Loss: 0.0840844 Test Loss: 0.0400802
Validation loss decreased (0.084496 --> 0.084084).  Saving model ...
Updating learning rate to 2.0548489380794217e-06
Epoch: 80 cost time: 11.424362659454346
Epoch: 80, Steps: 29 | Train Loss: 0.0457157 Vali Loss: 0.0832828 Test Loss: 0.0398941
Validation loss decreased (0.084084 --> 0.083283).  Saving model ...
Updating learning rate to 1.876537476319218e-06
Epoch: 81 cost time: 11.21893310546875
Epoch: 81, Steps: 29 | Train Loss: 0.0454489 Vali Loss: 0.0831047 Test Loss: 0.0396715
Validation loss decreased (0.083283 --> 0.083105).  Saving model ...
Updating learning rate to 1.7045162926804444e-06
Epoch: 82 cost time: 8.24144721031189
Epoch: 82, Steps: 29 | Train Loss: 0.0454449 Vali Loss: 0.0833865 Test Loss: 0.0396368
EarlyStopping counter: 1 out of 10
Updating learning rate to 1.5391318149339119e-06
Epoch: 83 cost time: 8.223899841308594
Epoch: 83, Steps: 29 | Train Loss: 0.0454428 Vali Loss: 0.0831467 Test Loss: 0.0397087
EarlyStopping counter: 2 out of 10
Updating learning rate to 1.3807171054080036e-06
Epoch: 84 cost time: 10.527982711791992
Epoch: 84, Steps: 29 | Train Loss: 0.0453733 Vali Loss: 0.0831748 Test Loss: 0.0397348
EarlyStopping counter: 3 out of 10
Updating learning rate to 1.2295911902454577e-06
Epoch: 85 cost time: 10.44221305847168
Epoch: 85, Steps: 29 | Train Loss: 0.0453712 Vali Loss: 0.0833551 Test Loss: 0.0397017
EarlyStopping counter: 4 out of 10
Updating learning rate to 1.0860584169271784e-06
Epoch: 86 cost time: 10.642860651016235
Epoch: 86, Steps: 29 | Train Loss: 0.0453828 Vali Loss: 0.0831304 Test Loss: 0.0397673
EarlyStopping counter: 5 out of 10
Updating learning rate to 9.504078413569088e-07
Epoch: 87 cost time: 8.300328254699707
Epoch: 87, Steps: 29 | Train Loss: 0.0453794 Vali Loss: 0.0832906 Test Loss: 0.0396883
EarlyStopping counter: 6 out of 10
Updating learning rate to 8.229126457411124e-07
Epoch: 88 cost time: 9.025859832763672
Epoch: 88, Steps: 29 | Train Loss: 0.0453569 Vali Loss: 0.0829354 Test Loss: 0.0397773
Validation loss decreased (0.083105 --> 0.082935).  Saving model ...
Updating learning rate to 7.038295884363647e-07
Epoch: 89 cost time: 7.820049047470093
Epoch: 89, Steps: 29 | Train Loss: 0.0453723 Vali Loss: 0.0831428 Test Loss: 0.0397454
EarlyStopping counter: 1 out of 10
Updating learning rate to 5.933984868721898e-07
Epoch: 90 cost time: 7.797507047653198
Epoch: 90, Steps: 29 | Train Loss: 0.0453396 Vali Loss: 0.0832483 Test Loss: 0.0397342
EarlyStopping counter: 2 out of 10
Updating learning rate to 4.918417345906772e-07
Epoch: 91 cost time: 10.422040700912476
Epoch: 91, Steps: 29 | Train Loss: 0.0453236 Vali Loss: 0.0830398 Test Loss: 0.0397737
EarlyStopping counter: 3 out of 10
Updating learning rate to 3.9936385337548097e-07
Epoch: 92 cost time: 9.865723133087158
Epoch: 92, Steps: 29 | Train Loss: 0.0453566 Vali Loss: 0.0833308 Test Loss: 0.0397355
EarlyStopping counter: 4 out of 10
Updating learning rate to 3.161510813721721e-07
Epoch: 93 cost time: 7.3162147998809814
Epoch: 93, Steps: 29 | Train Loss: 0.0453608 Vali Loss: 0.0829954 Test Loss: 0.0397800
EarlyStopping counter: 5 out of 10
Updating learning rate to 2.4237099802938663e-07
Epoch: 94 cost time: 8.48630976676941
Epoch: 94, Steps: 29 | Train Loss: 0.0453827 Vali Loss: 0.0832105 Test Loss: 0.0397495
EarlyStopping counter: 6 out of 10
Updating learning rate to 1.7817218661613333e-07
Epoch: 95 cost time: 10.52418565750122
Epoch: 95, Steps: 29 | Train Loss: 0.0453284 Vali Loss: 0.0831814 Test Loss: 0.0397522
EarlyStopping counter: 7 out of 10
Updating learning rate to 1.236839349948492e-07
Epoch: 96 cost time: 7.998783826828003
Epoch: 96, Steps: 29 | Train Loss: 0.0453622 Vali Loss: 0.0831081 Test Loss: 0.0397395
EarlyStopping counter: 8 out of 10
Updating learning rate to 7.90159752528609e-08
Epoch: 97 cost time: 11.175976276397705
Epoch: 97, Steps: 29 | Train Loss: 0.0453797 Vali Loss: 0.0831054 Test Loss: 0.0397700
EarlyStopping counter: 9 out of 10
Updating learning rate to 4.425826271655888e-08
Epoch: 98 cost time: 9.82919430732727
Epoch: 98, Steps: 29 | Train Loss: 0.0453667 Vali Loss: 0.0834027 Test Loss: 0.0397673
EarlyStopping counter: 10 out of 10
Early stopping
>>>>>>>testing : ETTh1_336_720_DTFNet_ETTh1_ftM_sl336_ll0_pl720_dm128_nh16_el2_br2_dl1_df256_fc1_ebtimeF_dtTrue_'Exp'_0_'rel_sin'_16_8_16,24_8,12_3_1_256<<<<<<<<<<<<<<<<<<<<<<<<<<<<<<<<<
test 2161
mse:0.4192841947078705, mae:0.4446778893470764, rse:0.6219268441200256
