Args in experiment:
Namespace(activation='gelu', affine=0, batch_size=256, c_out=7, checkpoints='./checkpoints/', d_ff=256, d_layers=1, d_model=128, d_model_ls='128', data='ETTh1', data_path='ETTh1.csv', dec_in=7, decomposition=0, des="'Exp'", devices='0', dilation_rates='1', distil=True, do_predict=False, dropout=0.3, e_layers=2, embed='timeF', embed_type=0, enc_in=7, factor=1, fc_dropout=0.3, features='M', freq='h', gpu=0, head_dropout=0.1, head_type='flatten', individual=0, initTLV=0.2, is_training=1, itr=1, kernel_size=25, l2=0.0, label_len=0, learning_rate=1e-05, loss='mse', loss_flag=2, lradj='TST', mlflow_project='exp', model='DTFNet', model_id='ETTh1_336_720', model_type='linear', moving_avg=25, n_branches=2, n_heads=16, n_heads_ls='16', no_learn_pe=True, num_workers=0, output_attention=False, padding_patch="'end'", patch_len=16, patch_len_ls='16,24', patience=10, pct_start=0.3, pe='zeros', pre_norm=False, pred_len=720, rel_pe="'rel_sin'", res_attn=False, revin=1, root_path='./dataset/', seq_len=336, store_attn=False, stride=8, stride_ls='8,12', stride_ls_list='16', sub_patch_len=16, sub_stride=8, subtract_last=0, target='OT', test_flop=False, tfactor=3, train_epochs=100, use_amp=False, use_gpu=True, use_mlflow=False, use_multi_gpu=False, warmup_steps=0, wavelet_dim=64, wavelet_layers=2, wavelet_mode='periodization', wavelet_type='db5')
Use GPU: cuda:0
>>>>>>>start training : ETTh1_336_720_DTFNet_ETTh1_ftM_sl336_ll0_pl720_dm128_nh16_el2_br2_dl1_df256_fc1_ebtimeF_dtTrue_'Exp'_0_'rel_sin'_16_8_16,24_8,12_3_1_256>>>>>>>>>>>>>>>>>>>>>>>>>>
train 7585
val 2161
test 2161
Epoch: 1 cost time: 10.032729864120483
Epoch: 1, Steps: 29 | Train Loss: 0.1076026 Vali Loss: 0.1788125 Test Loss: 0.0997986
Validation loss decreased (inf --> 0.178813).  Saving model ...
Updating learning rate to 4.2635539919063106e-07
Epoch: 2 cost time: 12.02478313446045
Epoch: 2, Steps: 29 | Train Loss: 0.1067062 Vali Loss: 0.1772765 Test Loss: 0.0989682
Validation loss decreased (0.178813 --> 0.177276).  Saving model ...
Updating learning rate to 5.051321771514831e-07
Epoch: 3 cost time: 10.105944633483887
Epoch: 3, Steps: 29 | Train Loss: 0.1058131 Vali Loss: 0.1759769 Test Loss: 0.0980692
Validation loss decreased (0.177276 --> 0.175977).  Saving model ...
Updating learning rate to 6.354652532866785e-07
Epoch: 4 cost time: 9.52604866027832
Epoch: 4, Steps: 29 | Train Loss: 0.1049485 Vali Loss: 0.1743677 Test Loss: 0.0971095
Validation loss decreased (0.175977 --> 0.174368).  Saving model ...
Updating learning rate to 8.159233858256806e-07
Epoch: 5 cost time: 10.321128368377686
Epoch: 5, Steps: 29 | Train Loss: 0.1039628 Vali Loss: 0.1722575 Test Loss: 0.0960636
Validation loss decreased (0.174368 --> 0.172258).  Saving model ...
Updating learning rate to 1.0445248888850473e-06
Epoch: 6 cost time: 9.404317140579224
Epoch: 6, Steps: 29 | Train Loss: 0.1029925 Vali Loss: 0.1703196 Test Loss: 0.0949088
Validation loss decreased (0.172258 --> 0.170320).  Saving model ...
Updating learning rate to 1.3187593941861497e-06
Epoch: 7 cost time: 11.634090900421143
Epoch: 7, Steps: 29 | Train Loss: 0.1019306 Vali Loss: 0.1680917 Test Loss: 0.0935760
Validation loss decreased (0.170320 --> 0.168092).  Saving model ...
Updating learning rate to 1.6356154184543822e-06
Epoch: 8 cost time: 8.419408798217773
Epoch: 8, Steps: 29 | Train Loss: 0.1006900 Vali Loss: 0.1660196 Test Loss: 0.0919829
Validation loss decreased (0.168092 --> 0.166020).  Saving model ...
Updating learning rate to 1.9916134337707666e-06
Epoch: 9 cost time: 10.065342664718628
Epoch: 9, Steps: 29 | Train Loss: 0.0992794 Vali Loss: 0.1628090 Test Loss: 0.0899626
Validation loss decreased (0.166020 --> 0.162809).  Saving model ...
Updating learning rate to 2.3828440777166636e-06
Epoch: 10 cost time: 7.169269561767578
Epoch: 10, Steps: 29 | Train Loss: 0.0976209 Vali Loss: 0.1590544 Test Loss: 0.0872230
Validation loss decreased (0.162809 --> 0.159054).  Saving model ...
Updating learning rate to 2.805011083710071e-06
Epoch: 11 cost time: 8.170516967773438
Epoch: 11, Steps: 29 | Train Loss: 0.0954274 Vali Loss: 0.1536065 Test Loss: 0.0834648
Validation loss decreased (0.159054 --> 0.153607).  Saving model ...
Updating learning rate to 3.2534784600976295e-06
Epoch: 12 cost time: 8.185889959335327
Epoch: 12, Steps: 29 | Train Loss: 0.0928054 Vali Loss: 0.1477215 Test Loss: 0.0787313
Validation loss decreased (0.153607 --> 0.147722).  Saving model ...
Updating learning rate to 3.723321399909056e-06
Epoch: 13 cost time: 7.778466701507568
Epoch: 13, Steps: 29 | Train Loss: 0.0900331 Vali Loss: 0.1422925 Test Loss: 0.0751120
Validation loss decreased (0.147722 --> 0.142292).  Saving model ...
Updating learning rate to 4.209380362212844e-06
Epoch: 14 cost time: 9.90603256225586
Epoch: 14, Steps: 29 | Train Loss: 0.0879690 Vali Loss: 0.1387289 Test Loss: 0.0731401
Validation loss decreased (0.142292 --> 0.138729).  Saving model ...
Updating learning rate to 4.706317731183279e-06
Epoch: 15 cost time: 9.756844758987427
Epoch: 15, Steps: 29 | Train Loss: 0.0862894 Vali Loss: 0.1358328 Test Loss: 0.0713394
Validation loss decreased (0.138729 --> 0.135833).  Saving model ...
Updating learning rate to 5.208676430682048e-06
Epoch: 16 cost time: 7.7429420948028564
Epoch: 16, Steps: 29 | Train Loss: 0.0845856 Vali Loss: 0.1336869 Test Loss: 0.0697502
Validation loss decreased (0.135833 --> 0.133687).  Saving model ...
Updating learning rate to 5.710939850683244e-06
Epoch: 17 cost time: 9.287909984588623
Epoch: 17, Steps: 29 | Train Loss: 0.0831973 Vali Loss: 0.1315859 Test Loss: 0.0678368
Validation loss decreased (0.133687 --> 0.131586).  Saving model ...
Updating learning rate to 6.207592427464792e-06
Epoch: 18 cost time: 12.00029969215393
Epoch: 18, Steps: 29 | Train Loss: 0.0818965 Vali Loss: 0.1301982 Test Loss: 0.0660037
Validation loss decreased (0.131586 --> 0.130198).  Saving model ...
Updating learning rate to 6.693180212309968e-06
Epoch: 19 cost time: 5.9971959590911865
Epoch: 19, Steps: 29 | Train Loss: 0.0806336 Vali Loss: 0.1286730 Test Loss: 0.0649425
Validation loss decreased (0.130198 --> 0.128673).  Saving model ...
Updating learning rate to 7.1623707635889015e-06
Epoch: 20 cost time: 8.57404088973999
Epoch: 20, Steps: 29 | Train Loss: 0.0796135 Vali Loss: 0.1275896 Test Loss: 0.0638676
Validation loss decreased (0.128673 --> 0.127590).  Saving model ...
Updating learning rate to 7.610011704520164e-06
Epoch: 21 cost time: 8.204222202301025
Epoch: 21, Steps: 29 | Train Loss: 0.0786468 Vali Loss: 0.1263179 Test Loss: 0.0632477
Validation loss decreased (0.127590 --> 0.126318).  Saving model ...
Updating learning rate to 8.031187303565295e-06
Epoch: 22 cost time: 7.895108938217163
Epoch: 22, Steps: 29 | Train Loss: 0.0777833 Vali Loss: 0.1258449 Test Loss: 0.0622937
Validation loss decreased (0.126318 --> 0.125845).  Saving model ...
Updating learning rate to 8.421272456123378e-06
Epoch: 23 cost time: 10.254916667938232
Epoch: 23, Steps: 29 | Train Loss: 0.0769291 Vali Loss: 0.1245626 Test Loss: 0.0614665
Validation loss decreased (0.125845 --> 0.124563).  Saving model ...
Updating learning rate to 8.775983474730246e-06
Epoch: 24 cost time: 9.74329948425293
Epoch: 24, Steps: 29 | Train Loss: 0.0761326 Vali Loss: 0.1233652 Test Loss: 0.0609072
Validation loss decreased (0.124563 --> 0.123365).  Saving model ...
Updating learning rate to 9.091425130013939e-06
Epoch: 25 cost time: 10.096901178359985
Epoch: 25, Steps: 29 | Train Loss: 0.0753002 Vali Loss: 0.1226232 Test Loss: 0.0602132
Validation loss decreased (0.123365 --> 0.122623).  Saving model ...
Updating learning rate to 9.364133425830145e-06
Epoch: 26 cost time: 9.261515378952026
Epoch: 26, Steps: 29 | Train Loss: 0.0745037 Vali Loss: 0.1221112 Test Loss: 0.0594366
Validation loss decreased (0.122623 --> 0.122111).  Saving model ...
Updating learning rate to 9.591113638846017e-06
Epoch: 27 cost time: 7.531606435775757
Epoch: 27, Steps: 29 | Train Loss: 0.0737463 Vali Loss: 0.1211582 Test Loss: 0.0585848
Validation loss decreased (0.122111 --> 0.121158).  Saving model ...
Updating learning rate to 9.769873204843885e-06
Epoch: 28 cost time: 10.696207523345947
Epoch: 28, Steps: 29 | Train Loss: 0.0729730 Vali Loss: 0.1200343 Test Loss: 0.0582411
Validation loss decreased (0.121158 --> 0.120034).  Saving model ...
Updating learning rate to 9.898449090606656e-06
Epoch: 29 cost time: 10.674874782562256
Epoch: 29, Steps: 29 | Train Loss: 0.0722554 Vali Loss: 0.1193754 Test Loss: 0.0575601
Validation loss decreased (0.120034 --> 0.119375).  Saving model ...
Updating learning rate to 9.975429350802846e-06
Epoch: 30 cost time: 10.424145698547363
Epoch: 30, Steps: 29 | Train Loss: 0.0715289 Vali Loss: 0.1185597 Test Loss: 0.0568073
Validation loss decreased (0.119375 --> 0.118560).  Saving model ...
Updating learning rate to 9.99999401249548e-06
Epoch: 31 cost time: 9.426777124404907
Epoch: 31, Steps: 29 | Train Loss: 0.0708367 Vali Loss: 0.1176557 Test Loss: 0.0566540
Validation loss decreased (0.118560 --> 0.117656).  Saving model ...
Updating learning rate to 9.994612212745642e-06
Epoch: 32 cost time: 8.84140419960022
Epoch: 32, Steps: 29 | Train Loss: 0.0700575 Vali Loss: 0.1168744 Test Loss: 0.0563185
Validation loss decreased (0.117656 --> 0.116874).  Saving model ...
Updating learning rate to 9.979171968972798e-06
Epoch: 33 cost time: 10.309231758117676
Epoch: 33, Steps: 29 | Train Loss: 0.0693532 Vali Loss: 0.1164086 Test Loss: 0.0553790
Validation loss decreased (0.116874 --> 0.116409).  Saving model ...
Updating learning rate to 9.953704375773079e-06
Epoch: 34 cost time: 7.406649351119995
Epoch: 34, Steps: 29 | Train Loss: 0.0686379 Vali Loss: 0.1159323 Test Loss: 0.0552572
Validation loss decreased (0.116409 --> 0.115932).  Saving model ...
Updating learning rate to 9.918260721489893e-06
Epoch: 35 cost time: 8.769732236862183
Epoch: 35, Steps: 29 | Train Loss: 0.0680221 Vali Loss: 0.1141855 Test Loss: 0.0548553
Validation loss decreased (0.115932 --> 0.114186).  Saving model ...
Updating learning rate to 9.872912384926035e-06
Epoch: 36 cost time: 8.51122522354126
Epoch: 36, Steps: 29 | Train Loss: 0.0672944 Vali Loss: 0.1132312 Test Loss: 0.0543706
Validation loss decreased (0.114186 --> 0.113231).  Saving model ...
Updating learning rate to 9.817750691596265e-06
Epoch: 37 cost time: 8.617537021636963
Epoch: 37, Steps: 29 | Train Loss: 0.0666218 Vali Loss: 0.1139540 Test Loss: 0.0540515
EarlyStopping counter: 1 out of 10
Updating learning rate to 9.752886729809889e-06
Epoch: 38 cost time: 7.931745290756226
Epoch: 38, Steps: 29 | Train Loss: 0.0660128 Vali Loss: 0.1129804 Test Loss: 0.0533139
Validation loss decreased (0.113231 --> 0.112980).  Saving model ...
Updating learning rate to 9.678451126953676e-06
Epoch: 39 cost time: 9.945291519165039
Epoch: 39, Steps: 29 | Train Loss: 0.0653211 Vali Loss: 0.1117433 Test Loss: 0.0529796
Validation loss decreased (0.112980 --> 0.111743).  Saving model ...
Updating learning rate to 9.594593786425696e-06
Epoch: 40 cost time: 9.915931701660156
Epoch: 40, Steps: 29 | Train Loss: 0.0647009 Vali Loss: 0.1110993 Test Loss: 0.0524876
Validation loss decreased (0.111743 --> 0.111099).  Saving model ...
Updating learning rate to 9.501483585749811e-06
Epoch: 41 cost time: 8.29601240158081
Epoch: 41, Steps: 29 | Train Loss: 0.0640046 Vali Loss: 0.1106119 Test Loss: 0.0521900
Validation loss decreased (0.111099 --> 0.110612).  Saving model ...
Updating learning rate to 9.399308036478838e-06
Epoch: 42 cost time: 9.751189470291138
Epoch: 42, Steps: 29 | Train Loss: 0.0634043 Vali Loss: 0.1106034 Test Loss: 0.0515315
Validation loss decreased (0.110612 --> 0.110603).  Saving model ...
Updating learning rate to 9.288272906571216e-06
Epoch: 43 cost time: 9.969359636306763
Epoch: 43, Steps: 29 | Train Loss: 0.0628239 Vali Loss: 0.1098377 Test Loss: 0.0512910
Validation loss decreased (0.110603 --> 0.109838).  Saving model ...
Updating learning rate to 9.16860180600173e-06
Epoch: 44 cost time: 7.729036569595337
Epoch: 44, Steps: 29 | Train Loss: 0.0621951 Vali Loss: 0.1086841 Test Loss: 0.0509189
Validation loss decreased (0.109838 --> 0.108684).  Saving model ...
Updating learning rate to 9.040535736440785e-06
Epoch: 45 cost time: 10.640409231185913
Epoch: 45, Steps: 29 | Train Loss: 0.0615429 Vali Loss: 0.1075849 Test Loss: 0.0507092
Validation loss decreased (0.108684 --> 0.107585).  Saving model ...
Updating learning rate to 8.904332605909106e-06
Epoch: 46 cost time: 9.64421796798706
Epoch: 46, Steps: 29 | Train Loss: 0.0609635 Vali Loss: 0.1078327 Test Loss: 0.0501489
EarlyStopping counter: 1 out of 10
Updating learning rate to 8.760266709385311e-06
Epoch: 47 cost time: 8.921473503112793
Epoch: 47, Steps: 29 | Train Loss: 0.0604283 Vali Loss: 0.1058221 Test Loss: 0.0501986
Validation loss decreased (0.107585 --> 0.105822).  Saving model ...
Updating learning rate to 8.608628176412335e-06
Epoch: 48 cost time: 9.834136724472046
Epoch: 48, Steps: 29 | Train Loss: 0.0598611 Vali Loss: 0.1052215 Test Loss: 0.0499974
Validation loss decreased (0.105822 --> 0.105222).  Saving model ...
Updating learning rate to 8.449722386815127e-06
Epoch: 49 cost time: 8.432884693145752
Epoch: 49, Steps: 29 | Train Loss: 0.0592920 Vali Loss: 0.1039515 Test Loss: 0.0497395
Validation loss decreased (0.105222 --> 0.103952).  Saving model ...
Updating learning rate to 8.28386935570634e-06
Epoch: 50 cost time: 8.64140510559082
Epoch: 50, Steps: 29 | Train Loss: 0.0587341 Vali Loss: 0.1043170 Test Loss: 0.0489155
EarlyStopping counter: 1 out of 10
Updating learning rate to 8.111403089018465e-06
Epoch: 51 cost time: 7.8332839012146
Epoch: 51, Steps: 29 | Train Loss: 0.0581897 Vali Loss: 0.1031448 Test Loss: 0.0487730
Validation loss decreased (0.103952 --> 0.103145).  Saving model ...
Updating learning rate to 7.93267091086035e-06
Epoch: 52 cost time: 8.922778129577637
Epoch: 52, Steps: 29 | Train Loss: 0.0576846 Vali Loss: 0.1023125 Test Loss: 0.0485730
Validation loss decreased (0.103145 --> 0.102312).  Saving model ...
Updating learning rate to 7.748032764052655e-06
Epoch: 53 cost time: 9.031116485595703
Epoch: 53, Steps: 29 | Train Loss: 0.0571594 Vali Loss: 0.1021042 Test Loss: 0.0479822
Validation loss decreased (0.102312 --> 0.102104).  Saving model ...
Updating learning rate to 7.557860485250925e-06
Epoch: 54 cost time: 9.488846778869629
Epoch: 54, Steps: 29 | Train Loss: 0.0566277 Vali Loss: 0.1024136 Test Loss: 0.0474485
EarlyStopping counter: 1 out of 10
Updating learning rate to 7.362537056116034e-06
Epoch: 55 cost time: 10.499954223632812
Epoch: 55, Steps: 29 | Train Loss: 0.0560981 Vali Loss: 0.0997401 Test Loss: 0.0477304
Validation loss decreased (0.102104 --> 0.099740).  Saving model ...
Updating learning rate to 7.162455832040107e-06
Epoch: 56 cost time: 9.02951693534851
Epoch: 56, Steps: 29 | Train Loss: 0.0556007 Vali Loss: 0.1001788 Test Loss: 0.0470293
EarlyStopping counter: 1 out of 10
Updating learning rate to 6.9580197499810984e-06
Epoch: 57 cost time: 8.939952373504639
Epoch: 57, Steps: 29 | Train Loss: 0.0550813 Vali Loss: 0.0985974 Test Loss: 0.0468844
Validation loss decreased (0.099740 --> 0.098597).  Saving model ...
Updating learning rate to 6.7496405170013816e-06
Epoch: 58 cost time: 9.29353928565979
Epoch: 58, Steps: 29 | Train Loss: 0.0546190 Vali Loss: 0.0972776 Test Loss: 0.0467202
Validation loss decreased (0.098597 --> 0.097278).  Saving model ...
Updating learning rate to 6.537737781144523e-06
Epoch: 59 cost time: 7.720369815826416
Epoch: 59, Steps: 29 | Train Loss: 0.0541491 Vali Loss: 0.0976161 Test Loss: 0.0462130
EarlyStopping counter: 1 out of 10
Updating learning rate to 6.322738286319964e-06
Epoch: 60 cost time: 9.326541900634766
Epoch: 60, Steps: 29 | Train Loss: 0.0536664 Vali Loss: 0.0962906 Test Loss: 0.0458890
Validation loss decreased (0.097278 --> 0.096291).  Saving model ...
Updating learning rate to 6.105075012897585e-06
Epoch: 61 cost time: 9.409440755844116
Epoch: 61, Steps: 29 | Train Loss: 0.0532196 Vali Loss: 0.0969394 Test Loss: 0.0452578
EarlyStopping counter: 1 out of 10
Updating learning rate to 5.885186305742857e-06
Epoch: 62 cost time: 9.64411997795105
Epoch: 62, Steps: 29 | Train Loss: 0.0527412 Vali Loss: 0.0955451 Test Loss: 0.0450587
Validation loss decreased (0.096291 --> 0.095545).  Saving model ...
Updating learning rate to 5.6635149914486225e-06
Epoch: 63 cost time: 8.62675666809082
Epoch: 63, Steps: 29 | Train Loss: 0.0523445 Vali Loss: 0.0948616 Test Loss: 0.0448651
Validation loss decreased (0.095545 --> 0.094862).  Saving model ...
Updating learning rate to 5.440507486541268e-06
Epoch: 64 cost time: 9.182935953140259
Epoch: 64, Steps: 29 | Train Loss: 0.0518562 Vali Loss: 0.0938884 Test Loss: 0.0446354
Validation loss decreased (0.094862 --> 0.093888).  Saving model ...
Updating learning rate to 5.216612898457253e-06
Epoch: 65 cost time: 10.311098575592041
Epoch: 65, Steps: 29 | Train Loss: 0.0514548 Vali Loss: 0.0932489 Test Loss: 0.0442395
Validation loss decreased (0.093888 --> 0.093249).  Saving model ...
Updating learning rate to 4.992282121100496e-06
Epoch: 66 cost time: 10.427426099777222
Epoch: 66, Steps: 29 | Train Loss: 0.0509993 Vali Loss: 0.0923761 Test Loss: 0.0439484
Validation loss decreased (0.093249 --> 0.092376).  Saving model ...
Updating learning rate to 4.767966926802067e-06
Epoch: 67 cost time: 8.44514012336731
Epoch: 67, Steps: 29 | Train Loss: 0.0505990 Vali Loss: 0.0920757 Test Loss: 0.0435727
Validation loss decreased (0.092376 --> 0.092076).  Saving model ...
Updating learning rate to 4.5441190565108235e-06
Epoch: 68 cost time: 12.302009105682373
Epoch: 68, Steps: 29 | Train Loss: 0.0500850 Vali Loss: 0.0907745 Test Loss: 0.0434045
Validation loss decreased (0.092076 --> 0.090774).  Saving model ...
Updating learning rate to 4.3211893100472735e-06
Epoch: 69 cost time: 10.127493143081665
Epoch: 69, Steps: 29 | Train Loss: 0.0497614 Vali Loss: 0.0908892 Test Loss: 0.0429497
EarlyStopping counter: 1 out of 10
Updating learning rate to 4.099626638252712e-06
Epoch: 70 cost time: 10.139458656311035
Epoch: 70, Steps: 29 | Train Loss: 0.0493388 Vali Loss: 0.0905163 Test Loss: 0.0425621
Validation loss decreased (0.090774 --> 0.090516).  Saving model ...
Updating learning rate to 3.879877238861997e-06
Epoch: 71 cost time: 11.270446062088013
Epoch: 71, Steps: 29 | Train Loss: 0.0489361 Vali Loss: 0.0896892 Test Loss: 0.0423267
Validation loss decreased (0.090516 --> 0.089689).  Saving model ...
Updating learning rate to 3.662383657920668e-06
Epoch: 72 cost time: 8.6121826171875
Epoch: 72, Steps: 29 | Train Loss: 0.0485271 Vali Loss: 0.0882067 Test Loss: 0.0422192
Validation loss decreased (0.089689 --> 0.088207).  Saving model ...
Updating learning rate to 3.447583898556124e-06
Epoch: 73 cost time: 6.124928951263428
Epoch: 73, Steps: 29 | Train Loss: 0.0481625 Vali Loss: 0.0877329 Test Loss: 0.0418993
Validation loss decreased (0.088207 --> 0.087733).  Saving model ...
Updating learning rate to 3.2359105388976132e-06
Epoch: 74 cost time: 8.11794662475586
Epoch: 74, Steps: 29 | Train Loss: 0.0477543 Vali Loss: 0.0871868 Test Loss: 0.0414959
Validation loss decreased (0.087733 --> 0.087187).  Saving model ...
Updating learning rate to 3.027789860921434e-06
Epoch: 75 cost time: 9.665905714035034
Epoch: 75, Steps: 29 | Train Loss: 0.0473614 Vali Loss: 0.0865365 Test Loss: 0.0411458
Validation loss decreased (0.087187 --> 0.086537).  Saving model ...
Updating learning rate to 2.8236409919757893e-06
Epoch: 76 cost time: 12.152028799057007
Epoch: 76, Steps: 29 | Train Loss: 0.0469454 Vali Loss: 0.0859995 Test Loss: 0.0408778
Validation loss decreased (0.086537 --> 0.086000).  Saving model ...
Updating learning rate to 2.6238750607140637e-06
Epoch: 77 cost time: 7.70885157585144
Epoch: 77, Steps: 29 | Train Loss: 0.0466127 Vali Loss: 0.0852943 Test Loss: 0.0405668
Validation loss decreased (0.086000 --> 0.085294).  Saving model ...
Updating learning rate to 2.4288943691364434e-06
Epoch: 78 cost time: 10.640256881713867
Epoch: 78, Steps: 29 | Train Loss: 0.0462222 Vali Loss: 0.0845717 Test Loss: 0.0402725
Validation loss decreased (0.085294 --> 0.084572).  Saving model ...
Updating learning rate to 2.2390915824072213e-06
Epoch: 79 cost time: 10.415889024734497
Epoch: 79, Steps: 29 | Train Loss: 0.0458462 Vali Loss: 0.0840856 Test Loss: 0.0399233
Validation loss decreased (0.084572 --> 0.084086).  Saving model ...
Updating learning rate to 2.0548489380794217e-06
Epoch: 80 cost time: 10.870886087417603
Epoch: 80, Steps: 29 | Train Loss: 0.0455380 Vali Loss: 0.0835645 Test Loss: 0.0395773
Validation loss decreased (0.084086 --> 0.083564).  Saving model ...
Updating learning rate to 1.876537476319218e-06
Epoch: 81 cost time: 9.69508147239685
Epoch: 81, Steps: 29 | Train Loss: 0.0452368 Vali Loss: 0.0830535 Test Loss: 0.0396352
Validation loss decreased (0.083564 --> 0.083053).  Saving model ...
Updating learning rate to 1.7045162926804444e-06
Epoch: 82 cost time: 11.277399778366089
Epoch: 82, Steps: 29 | Train Loss: 0.0452391 Vali Loss: 0.0827236 Test Loss: 0.0397212
Validation loss decreased (0.083053 --> 0.082724).  Saving model ...
Updating learning rate to 1.5391318149339119e-06
Epoch: 83 cost time: 9.821449995040894
Epoch: 83, Steps: 29 | Train Loss: 0.0451969 Vali Loss: 0.0830242 Test Loss: 0.0395989
EarlyStopping counter: 1 out of 10
Updating learning rate to 1.3807171054080036e-06
Epoch: 84 cost time: 8.946502685546875
Epoch: 84, Steps: 29 | Train Loss: 0.0452389 Vali Loss: 0.0830414 Test Loss: 0.0396934
EarlyStopping counter: 2 out of 10
Updating learning rate to 1.2295911902454577e-06
Epoch: 85 cost time: 9.051749467849731
Epoch: 85, Steps: 29 | Train Loss: 0.0451927 Vali Loss: 0.0830487 Test Loss: 0.0397166
EarlyStopping counter: 3 out of 10
Updating learning rate to 1.0860584169271784e-06
Epoch: 86 cost time: 7.930934429168701
Epoch: 86, Steps: 29 | Train Loss: 0.0452235 Vali Loss: 0.0832933 Test Loss: 0.0396287
EarlyStopping counter: 4 out of 10
Updating learning rate to 9.504078413569088e-07
Epoch: 87 cost time: 9.143097400665283
Epoch: 87, Steps: 29 | Train Loss: 0.0451585 Vali Loss: 0.0831810 Test Loss: 0.0396870
EarlyStopping counter: 5 out of 10
Updating learning rate to 8.229126457411124e-07
Epoch: 88 cost time: 9.23387098312378
Epoch: 88, Steps: 29 | Train Loss: 0.0451357 Vali Loss: 0.0829743 Test Loss: 0.0396818
EarlyStopping counter: 6 out of 10
Updating learning rate to 7.038295884363647e-07
Epoch: 89 cost time: 9.136038780212402
Epoch: 89, Steps: 29 | Train Loss: 0.0451814 Vali Loss: 0.0832340 Test Loss: 0.0396624
EarlyStopping counter: 7 out of 10
Updating learning rate to 5.933984868721898e-07
Epoch: 90 cost time: 7.642916202545166
Epoch: 90, Steps: 29 | Train Loss: 0.0451750 Vali Loss: 0.0831639 Test Loss: 0.0396700
EarlyStopping counter: 8 out of 10
Updating learning rate to 4.918417345906772e-07
Epoch: 91 cost time: 9.84161901473999
Epoch: 91, Steps: 29 | Train Loss: 0.0451532 Vali Loss: 0.0832409 Test Loss: 0.0396777
EarlyStopping counter: 9 out of 10
Updating learning rate to 3.9936385337548097e-07
Epoch: 92 cost time: 8.045715808868408
Epoch: 92, Steps: 29 | Train Loss: 0.0451950 Vali Loss: 0.0831083 Test Loss: 0.0397082
EarlyStopping counter: 10 out of 10
Early stopping
>>>>>>>testing : ETTh1_336_720_DTFNet_ETTh1_ftM_sl336_ll0_pl720_dm128_nh16_el2_br2_dl1_df256_fc1_ebtimeF_dtTrue_'Exp'_0_'rel_sin'_16_8_16,24_8,12_3_1_256<<<<<<<<<<<<<<<<<<<<<<<<<<<<<<<<<
test 2161
mse:0.4200822114944458, mae:0.4440818727016449, rse:0.6225184202194214
