Args in experiment:
Namespace(activation='gelu', affine=0, batch_size=256, c_out=7, checkpoints='./checkpoints/', d_ff=256, d_layers=1, d_model=128, d_model_ls='128', data='ETTh1', data_path='ETTh1.csv', dec_in=7, decomposition=0, des="'Exp'", devices='0', dilation_rates='1', distil=True, do_predict=False, dropout=0.3, e_layers=2, embed='timeF', embed_type=0, enc_in=7, factor=1, fc_dropout=0.3, features='M', freq='h', gpu=0, head_dropout=0.1, head_type='flatten', individual=0, initTLV=0.2, is_training=1, itr=1, kernel_size=25, l2=0.0, label_len=0, learning_rate=1e-05, loss='mse', loss_flag=2, lradj='TST', mlflow_project='exp', model='DTFNet', model_id='ETTh1_336_720', model_type='linear', moving_avg=25, n_branches=2, n_heads=16, n_heads_ls='16', no_learn_pe=True, num_workers=0, output_attention=False, padding_patch="'end'", patch_len=16, patch_len_ls='16,24', patience=10, pct_start=0.3, pe='zeros', pre_norm=False, pred_len=720, rel_pe="'rel_sin'", res_attn=False, revin=1, root_path='./dataset/', seq_len=336, store_attn=False, stride=8, stride_ls='8,12', stride_ls_list='16', sub_patch_len=16, sub_stride=8, subtract_last=0, target='OT', test_flop=False, tfactor=3, train_epochs=100, use_amp=False, use_gpu=True, use_mlflow=False, use_multi_gpu=False, warmup_steps=0, wavelet_dim=64, wavelet_layers=2, wavelet_mode='periodization', wavelet_type='db5')
Use GPU: cuda:0
>>>>>>>start training : ETTh1_336_720_DTFNet_ETTh1_ftM_sl336_ll0_pl720_dm128_nh16_el2_br2_dl1_df256_fc1_ebtimeF_dtTrue_'Exp'_0_'rel_sin'_16_8_16,24_8,12_3_1_256>>>>>>>>>>>>>>>>>>>>>>>>>>
train 7585
val 2161
test 2161
Epoch: 1 cost time: 15.850608587265015
Epoch: 1, Steps: 29 | Train Loss: 0.1075845 Vali Loss: 0.1788583 Test Loss: 0.0996835
Validation loss decreased (inf --> 0.178858).  Saving model ...
Updating learning rate to 4.2635539919063106e-07
Epoch: 2 cost time: 10.368175983428955
Epoch: 2, Steps: 29 | Train Loss: 0.1066962 Vali Loss: 0.1773670 Test Loss: 0.0988482
Validation loss decreased (0.178858 --> 0.177367).  Saving model ...
Updating learning rate to 5.051321771514831e-07
Epoch: 3 cost time: 10.505238056182861
Epoch: 3, Steps: 29 | Train Loss: 0.1058263 Vali Loss: 0.1758024 Test Loss: 0.0979445
Validation loss decreased (0.177367 --> 0.175802).  Saving model ...
Updating learning rate to 6.354652532866785e-07
Epoch: 4 cost time: 9.272565603256226
Epoch: 4, Steps: 29 | Train Loss: 0.1048453 Vali Loss: 0.1740583 Test Loss: 0.0969751
Validation loss decreased (0.175802 --> 0.174058).  Saving model ...
Updating learning rate to 8.159233858256806e-07
Epoch: 5 cost time: 10.643388271331787
Epoch: 5, Steps: 29 | Train Loss: 0.1039729 Vali Loss: 0.1722172 Test Loss: 0.0959124
Validation loss decreased (0.174058 --> 0.172217).  Saving model ...
Updating learning rate to 1.0445248888850473e-06
Epoch: 6 cost time: 7.529051780700684
Epoch: 6, Steps: 29 | Train Loss: 0.1029302 Vali Loss: 0.1702242 Test Loss: 0.0947300
Validation loss decreased (0.172217 --> 0.170224).  Saving model ...
Updating learning rate to 1.3187593941861497e-06
Epoch: 7 cost time: 11.735594749450684
Epoch: 7, Steps: 29 | Train Loss: 0.1018644 Vali Loss: 0.1679204 Test Loss: 0.0933759
Validation loss decreased (0.170224 --> 0.167920).  Saving model ...
Updating learning rate to 1.6356154184543822e-06
Epoch: 8 cost time: 10.257171392440796
Epoch: 8, Steps: 29 | Train Loss: 0.1006224 Vali Loss: 0.1656818 Test Loss: 0.0917092
Validation loss decreased (0.167920 --> 0.165682).  Saving model ...
Updating learning rate to 1.9916134337707666e-06
Epoch: 9 cost time: 10.3239164352417
Epoch: 9, Steps: 29 | Train Loss: 0.0991762 Vali Loss: 0.1623421 Test Loss: 0.0895956
Validation loss decreased (0.165682 --> 0.162342).  Saving model ...
Updating learning rate to 2.3828440777166636e-06
Epoch: 10 cost time: 9.55087924003601
Epoch: 10, Steps: 29 | Train Loss: 0.0973359 Vali Loss: 0.1582618 Test Loss: 0.0866705
Validation loss decreased (0.162342 --> 0.158262).  Saving model ...
Updating learning rate to 2.805011083710071e-06
Epoch: 11 cost time: 8.738744735717773
Epoch: 11, Steps: 29 | Train Loss: 0.0951132 Vali Loss: 0.1531791 Test Loss: 0.0826968
Validation loss decreased (0.158262 --> 0.153179).  Saving model ...
Updating learning rate to 3.2534784600976295e-06
Epoch: 12 cost time: 8.232567071914673
Epoch: 12, Steps: 29 | Train Loss: 0.0924174 Vali Loss: 0.1470327 Test Loss: 0.0781814
Validation loss decreased (0.153179 --> 0.147033).  Saving model ...
Updating learning rate to 3.723321399909056e-06
Epoch: 13 cost time: 8.933109760284424
Epoch: 13, Steps: 29 | Train Loss: 0.0899227 Vali Loss: 0.1420676 Test Loss: 0.0751140
Validation loss decreased (0.147033 --> 0.142068).  Saving model ...
Updating learning rate to 4.209380362212844e-06
Epoch: 14 cost time: 10.469012260437012
Epoch: 14, Steps: 29 | Train Loss: 0.0880121 Vali Loss: 0.1388639 Test Loss: 0.0733343
Validation loss decreased (0.142068 --> 0.138864).  Saving model ...
Updating learning rate to 4.706317731183279e-06
Epoch: 15 cost time: 10.209419012069702
Epoch: 15, Steps: 29 | Train Loss: 0.0862587 Vali Loss: 0.1358616 Test Loss: 0.0714294
Validation loss decreased (0.138864 --> 0.135862).  Saving model ...
Updating learning rate to 5.208676430682048e-06
Epoch: 16 cost time: 8.449724674224854
Epoch: 16, Steps: 29 | Train Loss: 0.0845240 Vali Loss: 0.1336936 Test Loss: 0.0694922
Validation loss decreased (0.135862 --> 0.133694).  Saving model ...
Updating learning rate to 5.710939850683244e-06
Epoch: 17 cost time: 10.577315330505371
Epoch: 17, Steps: 29 | Train Loss: 0.0830885 Vali Loss: 0.1316132 Test Loss: 0.0674954
Validation loss decreased (0.133694 --> 0.131613).  Saving model ...
Updating learning rate to 6.207592427464792e-06
Epoch: 18 cost time: 10.45156192779541
Epoch: 18, Steps: 29 | Train Loss: 0.0816218 Vali Loss: 0.1302163 Test Loss: 0.0658592
Validation loss decreased (0.131613 --> 0.130216).  Saving model ...
Updating learning rate to 6.693180212309968e-06
Epoch: 19 cost time: 8.80853271484375
Epoch: 19, Steps: 29 | Train Loss: 0.0804973 Vali Loss: 0.1286415 Test Loss: 0.0651121
Validation loss decreased (0.130216 --> 0.128641).  Saving model ...
Updating learning rate to 7.1623707635889015e-06
Epoch: 20 cost time: 7.777689695358276
Epoch: 20, Steps: 29 | Train Loss: 0.0794668 Vali Loss: 0.1277215 Test Loss: 0.0642040
Validation loss decreased (0.128641 --> 0.127721).  Saving model ...
Updating learning rate to 7.610011704520164e-06
Epoch: 21 cost time: 10.08063006401062
Epoch: 21, Steps: 29 | Train Loss: 0.0786439 Vali Loss: 0.1268097 Test Loss: 0.0631645
Validation loss decreased (0.127721 --> 0.126810).  Saving model ...
Updating learning rate to 8.031187303565295e-06
Epoch: 22 cost time: 9.157075881958008
Epoch: 22, Steps: 29 | Train Loss: 0.0777818 Vali Loss: 0.1258507 Test Loss: 0.0621427
Validation loss decreased (0.126810 --> 0.125851).  Saving model ...
Updating learning rate to 8.421272456123378e-06
Epoch: 23 cost time: 7.453231334686279
Epoch: 23, Steps: 29 | Train Loss: 0.0769736 Vali Loss: 0.1248396 Test Loss: 0.0614100
Validation loss decreased (0.125851 --> 0.124840).  Saving model ...
Updating learning rate to 8.775983474730246e-06
Epoch: 24 cost time: 8.580839395523071
Epoch: 24, Steps: 29 | Train Loss: 0.0761447 Vali Loss: 0.1237140 Test Loss: 0.0609243
Validation loss decreased (0.124840 --> 0.123714).  Saving model ...
Updating learning rate to 9.091425130013939e-06
Epoch: 25 cost time: 9.108184337615967
Epoch: 25, Steps: 29 | Train Loss: 0.0754135 Vali Loss: 0.1229561 Test Loss: 0.0600320
Validation loss decreased (0.123714 --> 0.122956).  Saving model ...
Updating learning rate to 9.364133425830145e-06
Epoch: 26 cost time: 11.228376150131226
Epoch: 26, Steps: 29 | Train Loss: 0.0745575 Vali Loss: 0.1217796 Test Loss: 0.0592005
Validation loss decreased (0.122956 --> 0.121780).  Saving model ...
Updating learning rate to 9.591113638846017e-06
Epoch: 27 cost time: 8.674936771392822
Epoch: 27, Steps: 29 | Train Loss: 0.0738005 Vali Loss: 0.1205031 Test Loss: 0.0589631
Validation loss decreased (0.121780 --> 0.120503).  Saving model ...
Updating learning rate to 9.769873204843885e-06
Epoch: 28 cost time: 10.449365139007568
Epoch: 28, Steps: 29 | Train Loss: 0.0731671 Vali Loss: 0.1206152 Test Loss: 0.0579206
EarlyStopping counter: 1 out of 10
Updating learning rate to 9.898449090606656e-06
Epoch: 29 cost time: 8.528413772583008
Epoch: 29, Steps: 29 | Train Loss: 0.0722884 Vali Loss: 0.1199025 Test Loss: 0.0570479
Validation loss decreased (0.120503 --> 0.119903).  Saving model ...
Updating learning rate to 9.975429350802846e-06
Epoch: 30 cost time: 9.615532159805298
Epoch: 30, Steps: 29 | Train Loss: 0.0715854 Vali Loss: 0.1187918 Test Loss: 0.0566179
Validation loss decreased (0.119903 --> 0.118792).  Saving model ...
Updating learning rate to 9.99999401249548e-06
Epoch: 31 cost time: 9.656421422958374
Epoch: 31, Steps: 29 | Train Loss: 0.0709237 Vali Loss: 0.1179266 Test Loss: 0.0562279
Validation loss decreased (0.118792 --> 0.117927).  Saving model ...
Updating learning rate to 9.994612212745642e-06
Epoch: 32 cost time: 8.835107326507568
Epoch: 32, Steps: 29 | Train Loss: 0.0701690 Vali Loss: 0.1173172 Test Loss: 0.0556802
Validation loss decreased (0.117927 --> 0.117317).  Saving model ...
Updating learning rate to 9.979171968972798e-06
Epoch: 33 cost time: 9.407023191452026
Epoch: 33, Steps: 29 | Train Loss: 0.0694815 Vali Loss: 0.1167277 Test Loss: 0.0552822
Validation loss decreased (0.117317 --> 0.116728).  Saving model ...
Updating learning rate to 9.953704375773079e-06
Epoch: 34 cost time: 8.960063695907593
Epoch: 34, Steps: 29 | Train Loss: 0.0688722 Vali Loss: 0.1152128 Test Loss: 0.0549311
Validation loss decreased (0.116728 --> 0.115213).  Saving model ...
Updating learning rate to 9.918260721489893e-06
Epoch: 35 cost time: 8.212788820266724
Epoch: 35, Steps: 29 | Train Loss: 0.0681356 Vali Loss: 0.1148212 Test Loss: 0.0542080
Validation loss decreased (0.115213 --> 0.114821).  Saving model ...
Updating learning rate to 9.872912384926035e-06
Epoch: 36 cost time: 8.73454761505127
Epoch: 36, Steps: 29 | Train Loss: 0.0674900 Vali Loss: 0.1141163 Test Loss: 0.0537422
Validation loss decreased (0.114821 --> 0.114116).  Saving model ...
Updating learning rate to 9.817750691596265e-06
Epoch: 37 cost time: 8.775437355041504
Epoch: 37, Steps: 29 | Train Loss: 0.0667872 Vali Loss: 0.1138514 Test Loss: 0.0535359
Validation loss decreased (0.114116 --> 0.113851).  Saving model ...
Updating learning rate to 9.752886729809889e-06
Epoch: 38 cost time: 7.523815870285034
Epoch: 38, Steps: 29 | Train Loss: 0.0661384 Vali Loss: 0.1122070 Test Loss: 0.0527828
Validation loss decreased (0.113851 --> 0.112207).  Saving model ...
Updating learning rate to 9.678451126953676e-06
Epoch: 39 cost time: 11.308146238327026
Epoch: 39, Steps: 29 | Train Loss: 0.0655073 Vali Loss: 0.1113417 Test Loss: 0.0527949
Validation loss decreased (0.112207 --> 0.111342).  Saving model ...
Updating learning rate to 9.594593786425696e-06
Epoch: 40 cost time: 9.373885869979858
Epoch: 40, Steps: 29 | Train Loss: 0.0648566 Vali Loss: 0.1110337 Test Loss: 0.0520543
Validation loss decreased (0.111342 --> 0.111034).  Saving model ...
Updating learning rate to 9.501483585749811e-06
Epoch: 41 cost time: 9.295727252960205
Epoch: 41, Steps: 29 | Train Loss: 0.0641943 Vali Loss: 0.1100998 Test Loss: 0.0517479
Validation loss decreased (0.111034 --> 0.110100).  Saving model ...
Updating learning rate to 9.399308036478838e-06
Epoch: 42 cost time: 6.711072683334351
Epoch: 42, Steps: 29 | Train Loss: 0.0635993 Vali Loss: 0.1098434 Test Loss: 0.0513526
Validation loss decreased (0.110100 --> 0.109843).  Saving model ...
Updating learning rate to 9.288272906571216e-06
Epoch: 43 cost time: 8.925774335861206
Epoch: 43, Steps: 29 | Train Loss: 0.0629827 Vali Loss: 0.1091999 Test Loss: 0.0509699
Validation loss decreased (0.109843 --> 0.109200).  Saving model ...
Updating learning rate to 9.16860180600173e-06
Epoch: 44 cost time: 8.58709168434143
Epoch: 44, Steps: 29 | Train Loss: 0.0623514 Vali Loss: 0.1082351 Test Loss: 0.0506673
Validation loss decreased (0.109200 --> 0.108235).  Saving model ...
Updating learning rate to 9.040535736440785e-06
Epoch: 45 cost time: 9.088453531265259
Epoch: 45, Steps: 29 | Train Loss: 0.0617483 Vali Loss: 0.1071977 Test Loss: 0.0505028
Validation loss decreased (0.108235 --> 0.107198).  Saving model ...
Updating learning rate to 8.904332605909106e-06
Epoch: 46 cost time: 9.509157419204712
Epoch: 46, Steps: 29 | Train Loss: 0.0611409 Vali Loss: 0.1070212 Test Loss: 0.0499306
Validation loss decreased (0.107198 --> 0.107021).  Saving model ...
Updating learning rate to 8.760266709385311e-06
Epoch: 47 cost time: 9.598497867584229
Epoch: 47, Steps: 29 | Train Loss: 0.0605478 Vali Loss: 0.1068281 Test Loss: 0.0494908
Validation loss decreased (0.107021 --> 0.106828).  Saving model ...
Updating learning rate to 8.608628176412335e-06
Epoch: 48 cost time: 8.366889476776123
Epoch: 48, Steps: 29 | Train Loss: 0.0600291 Vali Loss: 0.1056707 Test Loss: 0.0492074
Validation loss decreased (0.106828 --> 0.105671).  Saving model ...
Updating learning rate to 8.449722386815127e-06
Epoch: 49 cost time: 9.346936225891113
Epoch: 49, Steps: 29 | Train Loss: 0.0594552 Vali Loss: 0.1050184 Test Loss: 0.0490827
Validation loss decreased (0.105671 --> 0.105018).  Saving model ...
Updating learning rate to 8.28386935570634e-06
Epoch: 50 cost time: 7.8702392578125
Epoch: 50, Steps: 29 | Train Loss: 0.0589187 Vali Loss: 0.1035960 Test Loss: 0.0485372
Validation loss decreased (0.105018 --> 0.103596).  Saving model ...
Updating learning rate to 8.111403089018465e-06
Epoch: 51 cost time: 8.899437665939331
Epoch: 51, Steps: 29 | Train Loss: 0.0583487 Vali Loss: 0.1036922 Test Loss: 0.0481278
EarlyStopping counter: 1 out of 10
Updating learning rate to 7.93267091086035e-06
Epoch: 52 cost time: 9.523552179336548
Epoch: 52, Steps: 29 | Train Loss: 0.0577485 Vali Loss: 0.1019519 Test Loss: 0.0480576
Validation loss decreased (0.103596 --> 0.101952).  Saving model ...
Updating learning rate to 7.748032764052655e-06
Epoch: 53 cost time: 7.592188835144043
Epoch: 53, Steps: 29 | Train Loss: 0.0572270 Vali Loss: 0.1011347 Test Loss: 0.0479801
Validation loss decreased (0.101952 --> 0.101135).  Saving model ...
Updating learning rate to 7.557860485250925e-06
Epoch: 54 cost time: 9.182194709777832
Epoch: 54, Steps: 29 | Train Loss: 0.0567580 Vali Loss: 0.1020587 Test Loss: 0.0470167
EarlyStopping counter: 1 out of 10
Updating learning rate to 7.362537056116034e-06
Epoch: 55 cost time: 8.535165071487427
Epoch: 55, Steps: 29 | Train Loss: 0.0562132 Vali Loss: 0.1004353 Test Loss: 0.0470489
Validation loss decreased (0.101135 --> 0.100435).  Saving model ...
Updating learning rate to 7.162455832040107e-06
Epoch: 56 cost time: 8.172167778015137
Epoch: 56, Steps: 29 | Train Loss: 0.0556338 Vali Loss: 0.0998620 Test Loss: 0.0468427
Validation loss decreased (0.100435 --> 0.099862).  Saving model ...
Updating learning rate to 6.9580197499810984e-06
Epoch: 57 cost time: 8.859506845474243
Epoch: 57, Steps: 29 | Train Loss: 0.0552047 Vali Loss: 0.0985084 Test Loss: 0.0465499
Validation loss decreased (0.099862 --> 0.098508).  Saving model ...
Updating learning rate to 6.7496405170013816e-06
Epoch: 58 cost time: 7.680363893508911
Epoch: 58, Steps: 29 | Train Loss: 0.0547117 Vali Loss: 0.0981589 Test Loss: 0.0462499
Validation loss decreased (0.098508 --> 0.098159).  Saving model ...
Updating learning rate to 6.537737781144523e-06
Epoch: 59 cost time: 6.8191587924957275
Epoch: 59, Steps: 29 | Train Loss: 0.0542437 Vali Loss: 0.0974857 Test Loss: 0.0459438
Validation loss decreased (0.098159 --> 0.097486).  Saving model ...
Updating learning rate to 6.322738286319964e-06
Epoch: 60 cost time: 8.321281671524048
Epoch: 60, Steps: 29 | Train Loss: 0.0537815 Vali Loss: 0.0967031 Test Loss: 0.0456206
Validation loss decreased (0.097486 --> 0.096703).  Saving model ...
Updating learning rate to 6.105075012897585e-06
Epoch: 61 cost time: 9.013564109802246
Epoch: 61, Steps: 29 | Train Loss: 0.0533035 Vali Loss: 0.0957985 Test Loss: 0.0454113
Validation loss decreased (0.096703 --> 0.095798).  Saving model ...
Updating learning rate to 5.885186305742857e-06
Epoch: 62 cost time: 7.887594938278198
Epoch: 62, Steps: 29 | Train Loss: 0.0527782 Vali Loss: 0.0955409 Test Loss: 0.0449289
Validation loss decreased (0.095798 --> 0.095541).  Saving model ...
Updating learning rate to 5.6635149914486225e-06
Epoch: 63 cost time: 8.303135871887207
Epoch: 63, Steps: 29 | Train Loss: 0.0523792 Vali Loss: 0.0943235 Test Loss: 0.0447358
Validation loss decreased (0.095541 --> 0.094323).  Saving model ...
Updating learning rate to 5.440507486541268e-06
Epoch: 64 cost time: 7.944328784942627
Epoch: 64, Steps: 29 | Train Loss: 0.0519116 Vali Loss: 0.0938865 Test Loss: 0.0443677
Validation loss decreased (0.094323 --> 0.093886).  Saving model ...
Updating learning rate to 5.216612898457253e-06
Epoch: 65 cost time: 7.727835178375244
Epoch: 65, Steps: 29 | Train Loss: 0.0514920 Vali Loss: 0.0932138 Test Loss: 0.0441213
Validation loss decreased (0.093886 --> 0.093214).  Saving model ...
Updating learning rate to 4.992282121100496e-06
Epoch: 66 cost time: 9.424524068832397
Epoch: 66, Steps: 29 | Train Loss: 0.0510757 Vali Loss: 0.0925164 Test Loss: 0.0439643
Validation loss decreased (0.093214 --> 0.092516).  Saving model ...
Updating learning rate to 4.767966926802067e-06
Epoch: 67 cost time: 7.44469952583313
Epoch: 67, Steps: 29 | Train Loss: 0.0506686 Vali Loss: 0.0919742 Test Loss: 0.0434560
Validation loss decreased (0.092516 --> 0.091974).  Saving model ...
Updating learning rate to 4.5441190565108235e-06
Epoch: 68 cost time: 8.300854921340942
Epoch: 68, Steps: 29 | Train Loss: 0.0501398 Vali Loss: 0.0912561 Test Loss: 0.0430723
Validation loss decreased (0.091974 --> 0.091256).  Saving model ...
Updating learning rate to 4.3211893100472735e-06
Epoch: 69 cost time: 7.497519016265869
Epoch: 69, Steps: 29 | Train Loss: 0.0497406 Vali Loss: 0.0904841 Test Loss: 0.0429049
Validation loss decreased (0.091256 --> 0.090484).  Saving model ...
Updating learning rate to 4.099626638252712e-06
Epoch: 70 cost time: 7.126360893249512
Epoch: 70, Steps: 29 | Train Loss: 0.0493451 Vali Loss: 0.0896962 Test Loss: 0.0426029
Validation loss decreased (0.090484 --> 0.089696).  Saving model ...
Updating learning rate to 3.879877238861997e-06
Epoch: 71 cost time: 7.490431308746338
Epoch: 71, Steps: 29 | Train Loss: 0.0489727 Vali Loss: 0.0886206 Test Loss: 0.0423778
Validation loss decreased (0.089696 --> 0.088621).  Saving model ...
Updating learning rate to 3.662383657920668e-06
Epoch: 72 cost time: 9.210494756698608
Epoch: 72, Steps: 29 | Train Loss: 0.0485438 Vali Loss: 0.0884540 Test Loss: 0.0419900
Validation loss decreased (0.088621 --> 0.088454).  Saving model ...
Updating learning rate to 3.447583898556124e-06
Epoch: 73 cost time: 8.15859055519104
Epoch: 73, Steps: 29 | Train Loss: 0.0481383 Vali Loss: 0.0869740 Test Loss: 0.0419759
Validation loss decreased (0.088454 --> 0.086974).  Saving model ...
Updating learning rate to 3.2359105388976132e-06
Epoch: 74 cost time: 8.52101993560791
Epoch: 74, Steps: 29 | Train Loss: 0.0477941 Vali Loss: 0.0868462 Test Loss: 0.0414643
Validation loss decreased (0.086974 --> 0.086846).  Saving model ...
Updating learning rate to 3.027789860921434e-06
Epoch: 75 cost time: 7.486912488937378
Epoch: 75, Steps: 29 | Train Loss: 0.0473627 Vali Loss: 0.0861190 Test Loss: 0.0411010
Validation loss decreased (0.086846 --> 0.086119).  Saving model ...
Updating learning rate to 2.8236409919757893e-06
Epoch: 76 cost time: 8.275704622268677
Epoch: 76, Steps: 29 | Train Loss: 0.0470085 Vali Loss: 0.0854117 Test Loss: 0.0408680
Validation loss decreased (0.086119 --> 0.085412).  Saving model ...
Updating learning rate to 2.6238750607140637e-06
Epoch: 77 cost time: 6.557303190231323
Epoch: 77, Steps: 29 | Train Loss: 0.0465987 Vali Loss: 0.0848416 Test Loss: 0.0406373
Validation loss decreased (0.085412 --> 0.084842).  Saving model ...
Updating learning rate to 2.4288943691364434e-06
Epoch: 78 cost time: 8.017159461975098
Epoch: 78, Steps: 29 | Train Loss: 0.0462610 Vali Loss: 0.0840230 Test Loss: 0.0403122
Validation loss decreased (0.084842 --> 0.084023).  Saving model ...
Updating learning rate to 2.2390915824072213e-06
Epoch: 79 cost time: 6.319182395935059
Epoch: 79, Steps: 29 | Train Loss: 0.0459527 Vali Loss: 0.0835204 Test Loss: 0.0399182
Validation loss decreased (0.084023 --> 0.083520).  Saving model ...
Updating learning rate to 2.0548489380794217e-06
Epoch: 80 cost time: 6.6117775440216064
Epoch: 80, Steps: 29 | Train Loss: 0.0455773 Vali Loss: 0.0831904 Test Loss: 0.0396131
Validation loss decreased (0.083520 --> 0.083190).  Saving model ...
Updating learning rate to 1.876537476319218e-06
Epoch: 81 cost time: 7.258612155914307
Epoch: 81, Steps: 29 | Train Loss: 0.0452835 Vali Loss: 0.0826331 Test Loss: 0.0397104
Validation loss decreased (0.083190 --> 0.082633).  Saving model ...
Updating learning rate to 1.7045162926804444e-06
Epoch: 82 cost time: 8.443517208099365
Epoch: 82, Steps: 29 | Train Loss: 0.0453030 Vali Loss: 0.0826072 Test Loss: 0.0396813
Validation loss decreased (0.082633 --> 0.082607).  Saving model ...
Updating learning rate to 1.5391318149339119e-06
Epoch: 83 cost time: 7.590963125228882
Epoch: 83, Steps: 29 | Train Loss: 0.0452483 Vali Loss: 0.0826542 Test Loss: 0.0396949
EarlyStopping counter: 1 out of 10
Updating learning rate to 1.3807171054080036e-06
Epoch: 84 cost time: 9.33293342590332
Epoch: 84, Steps: 29 | Train Loss: 0.0452289 Vali Loss: 0.0826382 Test Loss: 0.0396644
EarlyStopping counter: 2 out of 10
Updating learning rate to 1.2295911902454577e-06
Epoch: 85 cost time: 8.233325719833374
Epoch: 85, Steps: 29 | Train Loss: 0.0452484 Vali Loss: 0.0827655 Test Loss: 0.0396665
EarlyStopping counter: 3 out of 10
Updating learning rate to 1.0860584169271784e-06
Epoch: 86 cost time: 7.229017496109009
Epoch: 86, Steps: 29 | Train Loss: 0.0452610 Vali Loss: 0.0827260 Test Loss: 0.0397024
EarlyStopping counter: 4 out of 10
Updating learning rate to 9.504078413569088e-07
Epoch: 87 cost time: 7.8376734256744385
Epoch: 87, Steps: 29 | Train Loss: 0.0452329 Vali Loss: 0.0825878 Test Loss: 0.0397321
Validation loss decreased (0.082607 --> 0.082588).  Saving model ...
Updating learning rate to 8.229126457411124e-07
Epoch: 88 cost time: 8.09900689125061
Epoch: 88, Steps: 29 | Train Loss: 0.0452159 Vali Loss: 0.0824890 Test Loss: 0.0397290
Validation loss decreased (0.082588 --> 0.082489).  Saving model ...
Updating learning rate to 7.038295884363647e-07
Epoch: 89 cost time: 8.527612924575806
Epoch: 89, Steps: 29 | Train Loss: 0.0452006 Vali Loss: 0.0828771 Test Loss: 0.0397009
EarlyStopping counter: 1 out of 10
Updating learning rate to 5.933984868721898e-07
Epoch: 90 cost time: 8.437170028686523
Epoch: 90, Steps: 29 | Train Loss: 0.0451758 Vali Loss: 0.0826744 Test Loss: 0.0397057
EarlyStopping counter: 2 out of 10
Updating learning rate to 4.918417345906772e-07
Epoch: 91 cost time: 8.130950450897217
Epoch: 91, Steps: 29 | Train Loss: 0.0451796 Vali Loss: 0.0825491 Test Loss: 0.0397552
EarlyStopping counter: 3 out of 10
Updating learning rate to 3.9936385337548097e-07
Epoch: 92 cost time: 7.649446964263916
Epoch: 92, Steps: 29 | Train Loss: 0.0451994 Vali Loss: 0.0827265 Test Loss: 0.0397396
EarlyStopping counter: 4 out of 10
Updating learning rate to 3.161510813721721e-07
Epoch: 93 cost time: 8.750515222549438
Epoch: 93, Steps: 29 | Train Loss: 0.0451934 Vali Loss: 0.0825212 Test Loss: 0.0397234
EarlyStopping counter: 5 out of 10
Updating learning rate to 2.4237099802938663e-07
Epoch: 94 cost time: 7.838502407073975
Epoch: 94, Steps: 29 | Train Loss: 0.0451653 Vali Loss: 0.0826456 Test Loss: 0.0397018
EarlyStopping counter: 6 out of 10
Updating learning rate to 1.7817218661613333e-07
Epoch: 95 cost time: 9.42208456993103
Epoch: 95, Steps: 29 | Train Loss: 0.0451958 Vali Loss: 0.0829052 Test Loss: 0.0397366
EarlyStopping counter: 7 out of 10
Updating learning rate to 1.236839349948492e-07
Epoch: 96 cost time: 9.130121946334839
Epoch: 96, Steps: 29 | Train Loss: 0.0451918 Vali Loss: 0.0827137 Test Loss: 0.0397280
EarlyStopping counter: 8 out of 10
Updating learning rate to 7.90159752528609e-08
Epoch: 97 cost time: 8.327329397201538
Epoch: 97, Steps: 29 | Train Loss: 0.0451855 Vali Loss: 0.0825854 Test Loss: 0.0397502
EarlyStopping counter: 9 out of 10
Updating learning rate to 4.425826271655888e-08
Epoch: 98 cost time: 7.927531003952026
Epoch: 98, Steps: 29 | Train Loss: 0.0451731 Vali Loss: 0.0826018 Test Loss: 0.0397461
EarlyStopping counter: 10 out of 10
Early stopping
>>>>>>>testing : ETTh1_336_720_DTFNet_ETTh1_ftM_sl336_ll0_pl720_dm128_nh16_el2_br2_dl1_df256_fc1_ebtimeF_dtTrue_'Exp'_0_'rel_sin'_16_8_16,24_8,12_3_1_256<<<<<<<<<<<<<<<<<<<<<<<<<<<<<<<<<
test 2161
mse:0.4201096296310425, mae:0.44415462017059326, rse:0.6225387454032898
