Args in experiment:
Namespace(activation='gelu', affine=0, batch_size=256, c_out=7, checkpoints='./checkpoints/', d_ff=256, d_layers=1, d_model=128, d_model_ls='128', data='ETTh1', data_path='ETTh1.csv', dec_in=7, decomposition=0, des="'Exp'", devices='0', dilation_rates='1', distil=True, do_predict=False, dropout=0.3, e_layers=2, embed='timeF', embed_type=0, enc_in=7, factor=1, fc_dropout=0.3, features='M', freq='h', gpu=0, head_dropout=0.1, head_type='flatten', individual=0, initTLV=0.2, is_training=1, itr=1, kernel_size=25, l2=0.0, label_len=0, learning_rate=1e-05, loss='mse', loss_flag=2, lradj='TST', mlflow_project='exp', model='DTFNet', model_id='ETTh1_336_720', model_type='linear', moving_avg=25, n_branches=2, n_heads=16, n_heads_ls='16', no_learn_pe=True, num_workers=0, output_attention=False, padding_patch="'end'", patch_len=16, patch_len_ls='16,24', patience=10, pct_start=0.3, pe='zeros', pre_norm=False, pred_len=720, rel_pe="'rel_sin'", res_attn=False, revin=1, root_path='./dataset/', seq_len=336, store_attn=False, stride=8, stride_ls='8,12', stride_ls_list='16', sub_patch_len=16, sub_stride=8, subtract_last=0, target='OT', test_flop=False, tfactor=3, train_epochs=100, use_amp=False, use_gpu=True, use_mlflow=False, use_multi_gpu=False, warmup_steps=0, wavelet_dim=64, wavelet_layers=2, wavelet_mode='periodization', wavelet_type='db5')
Use GPU: cuda:0
>>>>>>>start training : ETTh1_336_720_DTFNet_ETTh1_ftM_sl336_ll0_pl720_dm128_nh16_el2_br2_dl1_df256_fc1_ebtimeF_dtTrue_'Exp'_0_'rel_sin'_16_8_16,24_8,12_3_1_256>>>>>>>>>>>>>>>>>>>>>>>>>>
train 7585
val 2161
test 2161
Epoch: 1 cost time: 11.830708742141724
Epoch: 1, Steps: 29 | Train Loss: 0.1076178 Vali Loss: 0.1789626 Test Loss: 0.0999408
Validation loss decreased (inf --> 0.178963).  Saving model ...
Updating learning rate to 4.2635539919063106e-07
Epoch: 2 cost time: 9.09437084197998
Epoch: 2, Steps: 29 | Train Loss: 0.1068118 Vali Loss: 0.1774623 Test Loss: 0.0990973
Validation loss decreased (0.178963 --> 0.177462).  Saving model ...
Updating learning rate to 5.051321771514831e-07
Epoch: 3 cost time: 9.089956521987915
Epoch: 3, Steps: 29 | Train Loss: 0.1058541 Vali Loss: 0.1755401 Test Loss: 0.0981712
Validation loss decreased (0.177462 --> 0.175540).  Saving model ...
Updating learning rate to 6.354652532866785e-07
Epoch: 4 cost time: 9.21425747871399
Epoch: 4, Steps: 29 | Train Loss: 0.1049874 Vali Loss: 0.1742660 Test Loss: 0.0971745
Validation loss decreased (0.175540 --> 0.174266).  Saving model ...
Updating learning rate to 8.159233858256806e-07
Epoch: 5 cost time: 9.377608060836792
Epoch: 5, Steps: 29 | Train Loss: 0.1040618 Vali Loss: 0.1722933 Test Loss: 0.0960858
Validation loss decreased (0.174266 --> 0.172293).  Saving model ...
Updating learning rate to 1.0445248888850473e-06
Epoch: 6 cost time: 7.993226051330566
Epoch: 6, Steps: 29 | Train Loss: 0.1029842 Vali Loss: 0.1702556 Test Loss: 0.0948571
Validation loss decreased (0.172293 --> 0.170256).  Saving model ...
Updating learning rate to 1.3187593941861497e-06
Epoch: 7 cost time: 9.674881219863892
Epoch: 7, Steps: 29 | Train Loss: 0.1019175 Vali Loss: 0.1680047 Test Loss: 0.0934403
Validation loss decreased (0.170256 --> 0.168005).  Saving model ...
Updating learning rate to 1.6356154184543822e-06
Epoch: 8 cost time: 9.303653717041016
Epoch: 8, Steps: 29 | Train Loss: 0.1006519 Vali Loss: 0.1654490 Test Loss: 0.0917203
Validation loss decreased (0.168005 --> 0.165449).  Saving model ...
Updating learning rate to 1.9916134337707666e-06
Epoch: 9 cost time: 8.821659326553345
Epoch: 9, Steps: 29 | Train Loss: 0.0992158 Vali Loss: 0.1621302 Test Loss: 0.0894702
Validation loss decreased (0.165449 --> 0.162130).  Saving model ...
Updating learning rate to 2.3828440777166636e-06
Epoch: 10 cost time: 9.156728267669678
Epoch: 10, Steps: 29 | Train Loss: 0.0973225 Vali Loss: 0.1584489 Test Loss: 0.0864298
Validation loss decreased (0.162130 --> 0.158449).  Saving model ...
Updating learning rate to 2.805011083710071e-06
Epoch: 11 cost time: 9.399996995925903
Epoch: 11, Steps: 29 | Train Loss: 0.0952214 Vali Loss: 0.1531621 Test Loss: 0.0822361
Validation loss decreased (0.158449 --> 0.153162).  Saving model ...
Updating learning rate to 3.2534784600976295e-06
Epoch: 12 cost time: 9.013702392578125
Epoch: 12, Steps: 29 | Train Loss: 0.0925181 Vali Loss: 0.1471071 Test Loss: 0.0776837
Validation loss decreased (0.153162 --> 0.147107).  Saving model ...
Updating learning rate to 3.723321399909056e-06
Epoch: 13 cost time: 9.389135360717773
Epoch: 13, Steps: 29 | Train Loss: 0.0900887 Vali Loss: 0.1424087 Test Loss: 0.0747249
Validation loss decreased (0.147107 --> 0.142409).  Saving model ...
Updating learning rate to 4.209380362212844e-06
Epoch: 14 cost time: 9.452534914016724
Epoch: 14, Steps: 29 | Train Loss: 0.0883275 Vali Loss: 0.1395739 Test Loss: 0.0730168
Validation loss decreased (0.142409 --> 0.139574).  Saving model ...
Updating learning rate to 4.706317731183279e-06
Epoch: 15 cost time: 9.027820110321045
Epoch: 15, Steps: 29 | Train Loss: 0.0867157 Vali Loss: 0.1364182 Test Loss: 0.0710831
Validation loss decreased (0.139574 --> 0.136418).  Saving model ...
Updating learning rate to 5.208676430682048e-06
Epoch: 16 cost time: 9.066136121749878
Epoch: 16, Steps: 29 | Train Loss: 0.0849459 Vali Loss: 0.1336479 Test Loss: 0.0689192
Validation loss decreased (0.136418 --> 0.133648).  Saving model ...
Updating learning rate to 5.710939850683244e-06
Epoch: 17 cost time: 8.782554149627686
Epoch: 17, Steps: 29 | Train Loss: 0.0832404 Vali Loss: 0.1314121 Test Loss: 0.0670460
Validation loss decreased (0.133648 --> 0.131412).  Saving model ...
Updating learning rate to 6.207592427464792e-06
Epoch: 18 cost time: 9.135187149047852
Epoch: 18, Steps: 29 | Train Loss: 0.0817855 Vali Loss: 0.1294233 Test Loss: 0.0660427
Validation loss decreased (0.131412 --> 0.129423).  Saving model ...
Updating learning rate to 6.693180212309968e-06
Epoch: 19 cost time: 9.431645154953003
Epoch: 19, Steps: 29 | Train Loss: 0.0807023 Vali Loss: 0.1284996 Test Loss: 0.0646142
Validation loss decreased (0.129423 --> 0.128500).  Saving model ...
Updating learning rate to 7.1623707635889015e-06
Epoch: 20 cost time: 9.082457542419434
Epoch: 20, Steps: 29 | Train Loss: 0.0796331 Vali Loss: 0.1273058 Test Loss: 0.0640147
Validation loss decreased (0.128500 --> 0.127306).  Saving model ...
Updating learning rate to 7.610011704520164e-06
Epoch: 21 cost time: 8.624772071838379
Epoch: 21, Steps: 29 | Train Loss: 0.0788073 Vali Loss: 0.1260079 Test Loss: 0.0631693
Validation loss decreased (0.127306 --> 0.126008).  Saving model ...
Updating learning rate to 8.031187303565295e-06
Epoch: 22 cost time: 8.519882678985596
Epoch: 22, Steps: 29 | Train Loss: 0.0779165 Vali Loss: 0.1252880 Test Loss: 0.0620648
Validation loss decreased (0.126008 --> 0.125288).  Saving model ...
Updating learning rate to 8.421272456123378e-06
Epoch: 23 cost time: 8.89569878578186
Epoch: 23, Steps: 29 | Train Loss: 0.0770971 Vali Loss: 0.1242327 Test Loss: 0.0613942
Validation loss decreased (0.125288 --> 0.124233).  Saving model ...
Updating learning rate to 8.775983474730246e-06
Epoch: 24 cost time: 9.356600046157837
Epoch: 24, Steps: 29 | Train Loss: 0.0763407 Vali Loss: 0.1233244 Test Loss: 0.0607328
Validation loss decreased (0.124233 --> 0.123324).  Saving model ...
Updating learning rate to 9.091425130013939e-06
Epoch: 25 cost time: 9.120374202728271
Epoch: 25, Steps: 29 | Train Loss: 0.0755300 Vali Loss: 0.1225034 Test Loss: 0.0600279
Validation loss decreased (0.123324 --> 0.122503).  Saving model ...
Updating learning rate to 9.364133425830145e-06
Epoch: 26 cost time: 9.627941608428955
Epoch: 26, Steps: 29 | Train Loss: 0.0747653 Vali Loss: 0.1213236 Test Loss: 0.0595175
Validation loss decreased (0.122503 --> 0.121324).  Saving model ...
Updating learning rate to 9.591113638846017e-06
Epoch: 27 cost time: 8.687370300292969
Epoch: 27, Steps: 29 | Train Loss: 0.0739956 Vali Loss: 0.1204066 Test Loss: 0.0590729
Validation loss decreased (0.121324 --> 0.120407).  Saving model ...
Updating learning rate to 9.769873204843885e-06
Epoch: 28 cost time: 8.872649669647217
Epoch: 28, Steps: 29 | Train Loss: 0.0732757 Vali Loss: 0.1197154 Test Loss: 0.0582448
Validation loss decreased (0.120407 --> 0.119715).  Saving model ...
Updating learning rate to 9.898449090606656e-06
Epoch: 29 cost time: 8.477912425994873
Epoch: 29, Steps: 29 | Train Loss: 0.0724877 Vali Loss: 0.1193724 Test Loss: 0.0575487
Validation loss decreased (0.119715 --> 0.119372).  Saving model ...
Updating learning rate to 9.975429350802846e-06
Epoch: 30 cost time: 9.599662780761719
Epoch: 30, Steps: 29 | Train Loss: 0.0718063 Vali Loss: 0.1181680 Test Loss: 0.0571975
Validation loss decreased (0.119372 --> 0.118168).  Saving model ...
Updating learning rate to 9.99999401249548e-06
Epoch: 31 cost time: 8.877397775650024
Epoch: 31, Steps: 29 | Train Loss: 0.0711098 Vali Loss: 0.1172126 Test Loss: 0.0564853
Validation loss decreased (0.118168 --> 0.117213).  Saving model ...
Updating learning rate to 9.994612212745642e-06
Epoch: 32 cost time: 9.604959487915039
Epoch: 32, Steps: 29 | Train Loss: 0.0704223 Vali Loss: 0.1168337 Test Loss: 0.0558233
Validation loss decreased (0.117213 --> 0.116834).  Saving model ...
Updating learning rate to 9.979171968972798e-06
Epoch: 33 cost time: 9.068564891815186
Epoch: 33, Steps: 29 | Train Loss: 0.0697202 Vali Loss: 0.1162730 Test Loss: 0.0552639
Validation loss decreased (0.116834 --> 0.116273).  Saving model ...
Updating learning rate to 9.953704375773079e-06
Epoch: 34 cost time: 9.098867177963257
Epoch: 34, Steps: 29 | Train Loss: 0.0690089 Vali Loss: 0.1158386 Test Loss: 0.0545201
Validation loss decreased (0.116273 --> 0.115839).  Saving model ...
Updating learning rate to 9.918260721489893e-06
Epoch: 35 cost time: 9.068340063095093
Epoch: 35, Steps: 29 | Train Loss: 0.0683303 Vali Loss: 0.1147229 Test Loss: 0.0544923
Validation loss decreased (0.115839 --> 0.114723).  Saving model ...
Updating learning rate to 9.872912384926035e-06
Epoch: 36 cost time: 8.78070068359375
Epoch: 36, Steps: 29 | Train Loss: 0.0676410 Vali Loss: 0.1144349 Test Loss: 0.0536357
Validation loss decreased (0.114723 --> 0.114435).  Saving model ...
Updating learning rate to 9.817750691596265e-06
Epoch: 37 cost time: 9.319658756256104
Epoch: 37, Steps: 29 | Train Loss: 0.0670065 Vali Loss: 0.1138201 Test Loss: 0.0533759
Validation loss decreased (0.114435 --> 0.113820).  Saving model ...
Updating learning rate to 9.752886729809889e-06
Epoch: 38 cost time: 9.415999412536621
Epoch: 38, Steps: 29 | Train Loss: 0.0663988 Vali Loss: 0.1128853 Test Loss: 0.0528191
Validation loss decreased (0.113820 --> 0.112885).  Saving model ...
Updating learning rate to 9.678451126953676e-06
Epoch: 39 cost time: 8.751301765441895
Epoch: 39, Steps: 29 | Train Loss: 0.0657027 Vali Loss: 0.1115700 Test Loss: 0.0528398
Validation loss decreased (0.112885 --> 0.111570).  Saving model ...
Updating learning rate to 9.594593786425696e-06
Epoch: 40 cost time: 9.106098175048828
Epoch: 40, Steps: 29 | Train Loss: 0.0650697 Vali Loss: 0.1112275 Test Loss: 0.0523866
Validation loss decreased (0.111570 --> 0.111227).  Saving model ...
Updating learning rate to 9.501483585749811e-06
Epoch: 41 cost time: 8.703654050827026
Epoch: 41, Steps: 29 | Train Loss: 0.0644512 Vali Loss: 0.1110864 Test Loss: 0.0519118
Validation loss decreased (0.111227 --> 0.111086).  Saving model ...
Updating learning rate to 9.399308036478838e-06
Epoch: 42 cost time: 9.155218601226807
Epoch: 42, Steps: 29 | Train Loss: 0.0638187 Vali Loss: 0.1103726 Test Loss: 0.0514118
Validation loss decreased (0.111086 --> 0.110373).  Saving model ...
Updating learning rate to 9.288272906571216e-06
Epoch: 43 cost time: 8.10872769355774
Epoch: 43, Steps: 29 | Train Loss: 0.0631594 Vali Loss: 0.1107366 Test Loss: 0.0509055
EarlyStopping counter: 1 out of 10
Updating learning rate to 9.16860180600173e-06
Epoch: 44 cost time: 9.205248594284058
Epoch: 44, Steps: 29 | Train Loss: 0.0626439 Vali Loss: 0.1088146 Test Loss: 0.0508347
Validation loss decreased (0.110373 --> 0.108815).  Saving model ...
Updating learning rate to 9.040535736440785e-06
Epoch: 45 cost time: 8.513335466384888
Epoch: 45, Steps: 29 | Train Loss: 0.0619417 Vali Loss: 0.1081690 Test Loss: 0.0504209
Validation loss decreased (0.108815 --> 0.108169).  Saving model ...
Updating learning rate to 8.904332605909106e-06
Epoch: 46 cost time: 9.106242895126343
Epoch: 46, Steps: 29 | Train Loss: 0.0614479 Vali Loss: 0.1079603 Test Loss: 0.0498220
Validation loss decreased (0.108169 --> 0.107960).  Saving model ...
Updating learning rate to 8.760266709385311e-06
Epoch: 47 cost time: 8.87495756149292
Epoch: 47, Steps: 29 | Train Loss: 0.0608770 Vali Loss: 0.1077262 Test Loss: 0.0496303
Validation loss decreased (0.107960 --> 0.107726).  Saving model ...
Updating learning rate to 8.608628176412335e-06
Epoch: 48 cost time: 8.903903722763062
Epoch: 48, Steps: 29 | Train Loss: 0.0603180 Vali Loss: 0.1062539 Test Loss: 0.0494869
Validation loss decreased (0.107726 --> 0.106254).  Saving model ...
Updating learning rate to 8.449722386815127e-06
Epoch: 49 cost time: 9.607406616210938
Epoch: 49, Steps: 29 | Train Loss: 0.0597019 Vali Loss: 0.1057522 Test Loss: 0.0491269
Validation loss decreased (0.106254 --> 0.105752).  Saving model ...
Updating learning rate to 8.28386935570634e-06
Epoch: 50 cost time: 9.182078838348389
Epoch: 50, Steps: 29 | Train Loss: 0.0590956 Vali Loss: 0.1054204 Test Loss: 0.0487973
Validation loss decreased (0.105752 --> 0.105420).  Saving model ...
Updating learning rate to 8.111403089018465e-06
Epoch: 51 cost time: 9.16357707977295
Epoch: 51, Steps: 29 | Train Loss: 0.0586047 Vali Loss: 0.1051709 Test Loss: 0.0482225
Validation loss decreased (0.105420 --> 0.105171).  Saving model ...
Updating learning rate to 7.93267091086035e-06
Epoch: 52 cost time: 8.701648235321045
Epoch: 52, Steps: 29 | Train Loss: 0.0581455 Vali Loss: 0.1027814 Test Loss: 0.0485899
Validation loss decreased (0.105171 --> 0.102781).  Saving model ...
Updating learning rate to 7.748032764052655e-06
Epoch: 53 cost time: 9.389761447906494
Epoch: 53, Steps: 29 | Train Loss: 0.0575403 Vali Loss: 0.1021003 Test Loss: 0.0480203
Validation loss decreased (0.102781 --> 0.102100).  Saving model ...
Updating learning rate to 7.557860485250925e-06
Epoch: 54 cost time: 9.00116229057312
Epoch: 54, Steps: 29 | Train Loss: 0.0569957 Vali Loss: 0.1014637 Test Loss: 0.0477919
Validation loss decreased (0.102100 --> 0.101464).  Saving model ...
Updating learning rate to 7.362537056116034e-06
Epoch: 55 cost time: 9.358431816101074
Epoch: 55, Steps: 29 | Train Loss: 0.0565296 Vali Loss: 0.1003739 Test Loss: 0.0476730
Validation loss decreased (0.101464 --> 0.100374).  Saving model ...
Updating learning rate to 7.162455832040107e-06
Epoch: 56 cost time: 8.583301782608032
Epoch: 56, Steps: 29 | Train Loss: 0.0560170 Vali Loss: 0.1002532 Test Loss: 0.0471702
Validation loss decreased (0.100374 --> 0.100253).  Saving model ...
Updating learning rate to 6.9580197499810984e-06
Epoch: 57 cost time: 9.144497632980347
Epoch: 57, Steps: 29 | Train Loss: 0.0555329 Vali Loss: 0.0998734 Test Loss: 0.0466627
Validation loss decreased (0.100253 --> 0.099873).  Saving model ...
Updating learning rate to 6.7496405170013816e-06
Epoch: 58 cost time: 8.802812576293945
Epoch: 58, Steps: 29 | Train Loss: 0.0550005 Vali Loss: 0.0993804 Test Loss: 0.0463153
Validation loss decreased (0.099873 --> 0.099380).  Saving model ...
Updating learning rate to 6.537737781144523e-06
Epoch: 59 cost time: 8.59195590019226
Epoch: 59, Steps: 29 | Train Loss: 0.0545565 Vali Loss: 0.0977018 Test Loss: 0.0463996
Validation loss decreased (0.099380 --> 0.097702).  Saving model ...
Updating learning rate to 6.322738286319964e-06
Epoch: 60 cost time: 8.733947515487671
Epoch: 60, Steps: 29 | Train Loss: 0.0540779 Vali Loss: 0.0980008 Test Loss: 0.0457401
EarlyStopping counter: 1 out of 10
Updating learning rate to 6.105075012897585e-06
Epoch: 61 cost time: 9.832375764846802
Epoch: 61, Steps: 29 | Train Loss: 0.0536517 Vali Loss: 0.0966827 Test Loss: 0.0455628
Validation loss decreased (0.097702 --> 0.096683).  Saving model ...
Updating learning rate to 5.885186305742857e-06
Epoch: 62 cost time: 9.266507625579834
Epoch: 62, Steps: 29 | Train Loss: 0.0531444 Vali Loss: 0.0960325 Test Loss: 0.0453482
Validation loss decreased (0.096683 --> 0.096032).  Saving model ...
Updating learning rate to 5.6635149914486225e-06
Epoch: 63 cost time: 8.581826448440552
Epoch: 63, Steps: 29 | Train Loss: 0.0527243 Vali Loss: 0.0953215 Test Loss: 0.0448908
Validation loss decreased (0.096032 --> 0.095322).  Saving model ...
Updating learning rate to 5.440507486541268e-06
Epoch: 64 cost time: 9.06553316116333
Epoch: 64, Steps: 29 | Train Loss: 0.0522344 Vali Loss: 0.0946032 Test Loss: 0.0446903
Validation loss decreased (0.095322 --> 0.094603).  Saving model ...
Updating learning rate to 5.216612898457253e-06
Epoch: 65 cost time: 8.821571826934814
Epoch: 65, Steps: 29 | Train Loss: 0.0517660 Vali Loss: 0.0946175 Test Loss: 0.0441625
EarlyStopping counter: 1 out of 10
Updating learning rate to 4.992282121100496e-06
Epoch: 66 cost time: 9.119419813156128
Epoch: 66, Steps: 29 | Train Loss: 0.0514449 Vali Loss: 0.0931365 Test Loss: 0.0440099
Validation loss decreased (0.094603 --> 0.093136).  Saving model ...
Updating learning rate to 4.767966926802067e-06
Epoch: 67 cost time: 8.895794868469238
Epoch: 67, Steps: 29 | Train Loss: 0.0509670 Vali Loss: 0.0919892 Test Loss: 0.0439717
Validation loss decreased (0.093136 --> 0.091989).  Saving model ...
Updating learning rate to 4.5441190565108235e-06
Epoch: 68 cost time: 9.290245532989502
Epoch: 68, Steps: 29 | Train Loss: 0.0505922 Vali Loss: 0.0916022 Test Loss: 0.0434850
Validation loss decreased (0.091989 --> 0.091602).  Saving model ...
Updating learning rate to 4.3211893100472735e-06
Epoch: 69 cost time: 9.32413387298584
Epoch: 69, Steps: 29 | Train Loss: 0.0500856 Vali Loss: 0.0911932 Test Loss: 0.0432074
Validation loss decreased (0.091602 --> 0.091193).  Saving model ...
Updating learning rate to 4.099626638252712e-06
Epoch: 70 cost time: 9.782198429107666
Epoch: 70, Steps: 29 | Train Loss: 0.0497040 Vali Loss: 0.0906184 Test Loss: 0.0429153
Validation loss decreased (0.091193 --> 0.090618).  Saving model ...
Updating learning rate to 3.879877238861997e-06
Epoch: 71 cost time: 9.194918155670166
Epoch: 71, Steps: 29 | Train Loss: 0.0492696 Vali Loss: 0.0900824 Test Loss: 0.0425120
Validation loss decreased (0.090618 --> 0.090082).  Saving model ...
Updating learning rate to 3.662383657920668e-06
Epoch: 72 cost time: 9.197787761688232
Epoch: 72, Steps: 29 | Train Loss: 0.0488980 Vali Loss: 0.0890526 Test Loss: 0.0423626
Validation loss decreased (0.090082 --> 0.089053).  Saving model ...
Updating learning rate to 3.447583898556124e-06
Epoch: 73 cost time: 8.895435810089111
Epoch: 73, Steps: 29 | Train Loss: 0.0484628 Vali Loss: 0.0884493 Test Loss: 0.0420022
Validation loss decreased (0.089053 --> 0.088449).  Saving model ...
Updating learning rate to 3.2359105388976132e-06
Epoch: 74 cost time: 8.69245195388794
Epoch: 74, Steps: 29 | Train Loss: 0.0480687 Vali Loss: 0.0880290 Test Loss: 0.0417164
Validation loss decreased (0.088449 --> 0.088029).  Saving model ...
Updating learning rate to 3.027789860921434e-06
Epoch: 75 cost time: 9.202623844146729
Epoch: 75, Steps: 29 | Train Loss: 0.0477466 Vali Loss: 0.0872873 Test Loss: 0.0414069
Validation loss decreased (0.088029 --> 0.087287).  Saving model ...
Updating learning rate to 2.8236409919757893e-06
Epoch: 76 cost time: 9.50632119178772
Epoch: 76, Steps: 29 | Train Loss: 0.0473527 Vali Loss: 0.0862411 Test Loss: 0.0411297
Validation loss decreased (0.087287 --> 0.086241).  Saving model ...
Updating learning rate to 2.6238750607140637e-06
Epoch: 77 cost time: 9.303274869918823
Epoch: 77, Steps: 29 | Train Loss: 0.0469481 Vali Loss: 0.0860238 Test Loss: 0.0407984
Validation loss decreased (0.086241 --> 0.086024).  Saving model ...
Updating learning rate to 2.4288943691364434e-06
Epoch: 78 cost time: 9.100021123886108
Epoch: 78, Steps: 29 | Train Loss: 0.0466184 Vali Loss: 0.0852914 Test Loss: 0.0405415
Validation loss decreased (0.086024 --> 0.085291).  Saving model ...
Updating learning rate to 2.2390915824072213e-06
Epoch: 79 cost time: 8.663362264633179
Epoch: 79, Steps: 29 | Train Loss: 0.0462028 Vali Loss: 0.0843986 Test Loss: 0.0402112
Validation loss decreased (0.085291 --> 0.084399).  Saving model ...
Updating learning rate to 2.0548489380794217e-06
Epoch: 80 cost time: 9.48091459274292
Epoch: 80, Steps: 29 | Train Loss: 0.0458606 Vali Loss: 0.0838751 Test Loss: 0.0400169
Validation loss decreased (0.084399 --> 0.083875).  Saving model ...
Updating learning rate to 1.876537476319218e-06
Epoch: 81 cost time: 9.421209573745728
Epoch: 81, Steps: 29 | Train Loss: 0.0455670 Vali Loss: 0.0834517 Test Loss: 0.0398889
Validation loss decreased (0.083875 --> 0.083452).  Saving model ...
Updating learning rate to 1.7045162926804444e-06
Epoch: 82 cost time: 9.000885248184204
Epoch: 82, Steps: 29 | Train Loss: 0.0454819 Vali Loss: 0.0837241 Test Loss: 0.0399151
EarlyStopping counter: 1 out of 10
Updating learning rate to 1.5391318149339119e-06
Epoch: 83 cost time: 9.32058048248291
Epoch: 83, Steps: 29 | Train Loss: 0.0454908 Vali Loss: 0.0835753 Test Loss: 0.0398665
EarlyStopping counter: 2 out of 10
Updating learning rate to 1.3807171054080036e-06
Epoch: 84 cost time: 9.325725555419922
Epoch: 84, Steps: 29 | Train Loss: 0.0454972 Vali Loss: 0.0836935 Test Loss: 0.0398880
EarlyStopping counter: 3 out of 10
Updating learning rate to 1.2295911902454577e-06
Epoch: 85 cost time: 9.598711967468262
Epoch: 85, Steps: 29 | Train Loss: 0.0454876 Vali Loss: 0.0836184 Test Loss: 0.0398731
EarlyStopping counter: 4 out of 10
Updating learning rate to 1.0860584169271784e-06
Epoch: 86 cost time: 8.725394010543823
Epoch: 86, Steps: 29 | Train Loss: 0.0455189 Vali Loss: 0.0835723 Test Loss: 0.0398951
EarlyStopping counter: 5 out of 10
Updating learning rate to 9.504078413569088e-07
Epoch: 87 cost time: 9.12923002243042
Epoch: 87, Steps: 29 | Train Loss: 0.0454820 Vali Loss: 0.0837204 Test Loss: 0.0399403
EarlyStopping counter: 6 out of 10
Updating learning rate to 8.229126457411124e-07
Epoch: 88 cost time: 9.523661851882935
Epoch: 88, Steps: 29 | Train Loss: 0.0454863 Vali Loss: 0.0836376 Test Loss: 0.0399187
EarlyStopping counter: 7 out of 10
Updating learning rate to 7.038295884363647e-07
Epoch: 89 cost time: 9.344013452529907
Epoch: 89, Steps: 29 | Train Loss: 0.0454609 Vali Loss: 0.0834570 Test Loss: 0.0399872
EarlyStopping counter: 8 out of 10
Updating learning rate to 5.933984868721898e-07
Epoch: 90 cost time: 9.117680311203003
Epoch: 90, Steps: 29 | Train Loss: 0.0454319 Vali Loss: 0.0835649 Test Loss: 0.0399062
EarlyStopping counter: 9 out of 10
Updating learning rate to 4.918417345906772e-07
Epoch: 91 cost time: 9.222238063812256
Epoch: 91, Steps: 29 | Train Loss: 0.0454780 Vali Loss: 0.0836736 Test Loss: 0.0399509
EarlyStopping counter: 10 out of 10
Early stopping
>>>>>>>testing : ETTh1_336_720_DTFNet_ETTh1_ftM_sl336_ll0_pl720_dm128_nh16_el2_br2_dl1_df256_fc1_ebtimeF_dtTrue_'Exp'_0_'rel_sin'_16_8_16,24_8,12_3_1_256<<<<<<<<<<<<<<<<<<<<<<<<<<<<<<<<<
test 2161
mse:0.42201969027519226, mae:0.44577351212501526, rse:0.623952329158783
