Args in experiment:
Namespace(is_training=1, model_id='ETTh1_336_96', model='DTFNet', data='ETTh1', root_path='./dataset/', data_path='ETTh1.csv', features='M', target='OT', freq='h', checkpoints='./checkpoints/', seq_len=336, label_len=0, pred_len=96, n_branches=2, patch_len_ls='16,24', stride_ls='8,12', d_model_ls='128', n_heads_ls='16', rel_pe="'rel_sin'", res_attn=False, head_type='flatten', fc_dropout=0.3, head_dropout=0.1, patch_len=16, stride=8, padding_patch="'end'", revin=1, affine=0, subtract_last=0, decomposition=0, kernel_size=25, individual=0, store_attn=False, pre_norm=False, pe='zeros', no_learn_pe=True, embed_type=0, enc_in=7, dec_in=7, c_out=7, d_model=128, n_heads=16, e_layers=2, d_layers=1, d_ff=256, moving_avg=25, factor=1, distil=True, dropout=0.3, embed='timeF', activation='gelu', output_attention=False, do_predict=False, num_workers=0, itr=1, train_epochs=100, batch_size=256, patience=10, learning_rate=1e-05, des="'Exp'", loss='mse', lradj='TST', pct_start=0.3, use_amp=False, l2=0.0, warmup_steps=0, use_gpu=True, gpu=0, use_multi_gpu=False, devices='0', test_flop=False, use_mlflow=False, mlflow_project='exp', loss_flag=2, sub_patch_len=16, sub_stride=8, stride_ls_list='16', model_type='linear', tfactor=3, dilation_rates='1', wavelet_layers=2, wavelet_type='db5', wavelet_mode='periodization', wavelet_dim=64, initTLV=0.2)
Use GPU: cuda:0
>>>>>>>start training : ETTh1_336_96_DTFNet_ETTh1_ftM_sl336_ll0_pl96_dm128_nh16_el2_br2_dl1_df256_fc1_ebtimeF_dtTrue_'Exp'_0_'rel_sin'_16_8_16,24_8,12_3_1_256>>>>>>>>>>>>>>>>>>>>>>>>>>
train 8209
val 2785
test 2785
Epoch: 1 cost time: 1.376849889755249
Epoch: 1, Steps: 32 | Train Loss: 0.0918444 Vali Loss: 0.1476800 Test Loss: 0.0938733
Validation loss decreased (inf --> 0.147680).  Saving model ...
Updating learning rate to 4.263497187391453e-07
Epoch: 2 cost time: 0.9928274154663086
Epoch: 2, Steps: 32 | Train Loss: 0.0908913 Vali Loss: 0.1459394 Test Loss: 0.0928657
Validation loss decreased (0.147680 --> 0.145939).  Saving model ...
Updating learning rate to 5.051095800908994e-07
Epoch: 3 cost time: 1.0020103454589844
Epoch: 3, Steps: 32 | Train Loss: 0.0899495 Vali Loss: 0.1441921 Test Loss: 0.0917972
Validation loss decreased (0.145939 --> 0.144192).  Saving model ...
Updating learning rate to 6.354148756408674e-07
Epoch: 4 cost time: 1.0097472667694092
Epoch: 4, Steps: 32 | Train Loss: 0.0889407 Vali Loss: 0.1424212 Test Loss: 0.0906587
Validation loss decreased (0.144192 --> 0.142421).  Saving model ...
Updating learning rate to 8.158349771023961e-07
Epoch: 5 cost time: 1.0016400814056396
Epoch: 5, Steps: 32 | Train Loss: 0.0878929 Vali Loss: 0.1403158 Test Loss: 0.0894387
Validation loss decreased (0.142421 --> 0.140316).  Saving model ...
Updating learning rate to 1.0443890432553227e-06
Epoch: 6 cost time: 1.0016331672668457
Epoch: 6, Steps: 32 | Train Loss: 0.0867629 Vali Loss: 0.1388370 Test Loss: 0.0881030
Validation loss decreased (0.140316 --> 0.138837).  Saving model ...
Updating learning rate to 1.3185677676997187e-06
Epoch: 7 cost time: 1.001274824142456
Epoch: 7, Steps: 32 | Train Loss: 0.0855807 Vali Loss: 0.1365482 Test Loss: 0.0866154
Validation loss decreased (0.138837 --> 0.136548).  Saving model ...
Updating learning rate to 1.6353609286550175e-06
Epoch: 8 cost time: 0.995537281036377
Epoch: 8, Steps: 32 | Train Loss: 0.0842503 Vali Loss: 0.1336781 Test Loss: 0.0849138
Validation loss decreased (0.136548 --> 0.133678).  Saving model ...
Updating learning rate to 1.9912904383338616e-06
Epoch: 9 cost time: 0.9948689937591553
Epoch: 9, Steps: 32 | Train Loss: 0.0827342 Vali Loss: 0.1310050 Test Loss: 0.0828923
Validation loss decreased (0.133678 --> 0.131005).  Saving model ...
Updating learning rate to 2.382448529039998e-06
Epoch: 10 cost time: 1.0003485679626465
Epoch: 10, Steps: 32 | Train Loss: 0.0809787 Vali Loss: 0.1270413 Test Loss: 0.0804166
Validation loss decreased (0.131005 --> 0.127041).  Saving model ...
Updating learning rate to 2.8045406567431614e-06
Epoch: 11 cost time: 1.0002679824829102
Epoch: 11, Steps: 32 | Train Loss: 0.0788461 Vali Loss: 0.1226850 Test Loss: 0.0773039
Validation loss decreased (0.127041 --> 0.122685).  Saving model ...
Updating learning rate to 3.2529326510904383e-06
Epoch: 12 cost time: 1.0011920928955078
Epoch: 12, Steps: 32 | Train Loss: 0.0762909 Vali Loss: 0.1169640 Test Loss: 0.0735680
Validation loss decreased (0.122685 --> 0.116964).  Saving model ...
Updating learning rate to 3.7227015941918576e-06
Epoch: 13 cost time: 1.0015456676483154
Epoch: 13, Steps: 32 | Train Loss: 0.0734518 Vali Loss: 0.1116199 Test Loss: 0.0697675
Validation loss decreased (0.116964 --> 0.111620).  Saving model ...
Updating learning rate to 4.208689869579457e-06
Epoch: 14 cost time: 0.9883613586425781
Epoch: 14, Steps: 32 | Train Loss: 0.0705978 Vali Loss: 0.1059519 Test Loss: 0.0665125
Validation loss decreased (0.111620 --> 0.105952).  Saving model ...
Updating learning rate to 4.705561787933659e-06
Epoch: 15 cost time: 1.002016544342041
Epoch: 15, Steps: 32 | Train Loss: 0.0679662 Vali Loss: 0.1007144 Test Loss: 0.0638350
Validation loss decreased (0.105952 --> 0.100714).  Saving model ...
Updating learning rate to 5.207862167880292e-06
Epoch: 16 cost time: 0.9978084564208984
Epoch: 16, Steps: 32 | Train Loss: 0.0656010 Vali Loss: 0.0956564 Test Loss: 0.0616259
Validation loss decreased (0.100714 --> 0.095656).  Saving model ...
Updating learning rate to 5.710076228696788e-06
Epoch: 17 cost time: 0.9995274543762207
Epoch: 17, Steps: 32 | Train Loss: 0.0635770 Vali Loss: 0.0914203 Test Loss: 0.0595540
Validation loss decreased (0.095656 --> 0.091420).  Saving model ...
Updating learning rate to 6.206690137362583e-06
Epoch: 18 cost time: 0.9996566772460938
Epoch: 18, Steps: 32 | Train Loss: 0.0617681 Vali Loss: 0.0878549 Test Loss: 0.0577423
Validation loss decreased (0.091420 --> 0.087855).  Saving model ...
Updating learning rate to 6.692251545204639e-06
Epoch: 19 cost time: 0.9992837905883789
Epoch: 19, Steps: 32 | Train Loss: 0.0602132 Vali Loss: 0.0852916 Test Loss: 0.0560811
Validation loss decreased (0.087855 --> 0.085292).  Saving model ...
Updating learning rate to 7.161429449503278e-06
Epoch: 20 cost time: 1.0021204948425293
Epoch: 20, Steps: 32 | Train Loss: 0.0588730 Vali Loss: 0.0830860 Test Loss: 0.0547666
Validation loss decreased (0.085292 --> 0.083086).  Saving model ...
Updating learning rate to 7.6090727228348e-06
Epoch: 21 cost time: 1.0047330856323242
Epoch: 21, Steps: 32 | Train Loss: 0.0577421 Vali Loss: 0.0814205 Test Loss: 0.0535785
Validation loss decreased (0.083086 --> 0.081420).  Saving model ...
Updating learning rate to 8.030266667554303e-06
Epoch: 22 cost time: 0.9986841678619385
Epoch: 22, Steps: 32 | Train Loss: 0.0567597 Vali Loss: 0.0795950 Test Loss: 0.0526596
Validation loss decreased (0.081420 --> 0.079595).  Saving model ...
Updating learning rate to 8.420386974504289e-06
Epoch: 23 cost time: 0.9950685501098633
Epoch: 23, Steps: 32 | Train Loss: 0.0558820 Vali Loss: 0.0786321 Test Loss: 0.0517674
Validation loss decreased (0.079595 --> 0.078632).  Saving model ...
Updating learning rate to 8.775150493533698e-06
Epoch: 24 cost time: 1.0041346549987793
Epoch: 24, Steps: 32 | Train Loss: 0.0550249 Vali Loss: 0.0774525 Test Loss: 0.0509639
Validation loss decreased (0.078632 --> 0.077452).  Saving model ...
Updating learning rate to 9.090662258415302e-06
Epoch: 25 cost time: 0.9996178150177002
Epoch: 25, Steps: 32 | Train Loss: 0.0542375 Vali Loss: 0.0757039 Test Loss: 0.0502366
Validation loss decreased (0.077452 --> 0.075704).  Saving model ...
Updating learning rate to 9.363458249872634e-06
Epoch: 26 cost time: 0.9993078708648682
Epoch: 26, Steps: 32 | Train Loss: 0.0535109 Vali Loss: 0.0746849 Test Loss: 0.0495008
Validation loss decreased (0.075704 --> 0.074685).  Saving model ...
Updating learning rate to 9.590543427219004e-06
Epoch: 27 cost time: 1.0045053958892822
Epoch: 27, Steps: 32 | Train Loss: 0.0527537 Vali Loss: 0.0735876 Test Loss: 0.0487533
Validation loss decreased (0.074685 --> 0.073588).  Saving model ...
Updating learning rate to 9.769424611057362e-06
Epoch: 28 cost time: 1.0013604164123535
Epoch: 28, Steps: 32 | Train Loss: 0.0520445 Vali Loss: 0.0728715 Test Loss: 0.0481965
Validation loss decreased (0.073588 --> 0.072872).  Saving model ...
Updating learning rate to 9.898137856020267e-06
Epoch: 29 cost time: 1.003418207168579
Epoch: 29, Steps: 32 | Train Loss: 0.0513828 Vali Loss: 0.0717195 Test Loss: 0.0474712
Validation loss decreased (0.072872 --> 0.071720).  Saving model ...
Updating learning rate to 9.97527001302323e-06
Epoch: 30 cost time: 1.0028836727142334
Epoch: 30, Steps: 32 | Train Loss: 0.0507213 Vali Loss: 0.0702405 Test Loss: 0.0470433
Validation loss decreased (0.071720 --> 0.070241).  Saving model ...
Updating learning rate to 9.99999508252785e-06
Epoch: 31 cost time: 0.9979774951934814
Epoch: 31, Steps: 32 | Train Loss: 0.0501124 Vali Loss: 0.0698282 Test Loss: 0.0463621
Validation loss decreased (0.070241 --> 0.069828).  Saving model ...
Updating learning rate to 9.994645827799127e-06
Epoch: 32 cost time: 0.9974422454833984
Epoch: 32, Steps: 32 | Train Loss: 0.0494520 Vali Loss: 0.0686645 Test Loss: 0.0458040
Validation loss decreased (0.069828 --> 0.068665).  Saving model ...
Updating learning rate to 9.979238061351154e-06
Epoch: 33 cost time: 1.002577543258667
Epoch: 33, Steps: 32 | Train Loss: 0.0488066 Vali Loss: 0.0680918 Test Loss: 0.0453082
Validation loss decreased (0.068665 --> 0.068092).  Saving model ...
Updating learning rate to 9.953802812375051e-06
Epoch: 34 cost time: 0.9948406219482422
Epoch: 34, Steps: 32 | Train Loss: 0.0482317 Vali Loss: 0.0671836 Test Loss: 0.0446733
Validation loss decreased (0.068092 --> 0.067184).  Saving model ...
Updating learning rate to 9.918391304077266e-06
Epoch: 35 cost time: 0.9986679553985596
Epoch: 35, Steps: 32 | Train Loss: 0.0476194 Vali Loss: 0.0661800 Test Loss: 0.0442085
Validation loss decreased (0.067184 --> 0.066180).  Saving model ...
Updating learning rate to 9.873074850522854e-06
Epoch: 36 cost time: 0.9955489635467529
Epoch: 36, Steps: 32 | Train Loss: 0.0470907 Vali Loss: 0.0654193 Test Loss: 0.0436657
Validation loss decreased (0.066180 --> 0.065419).  Saving model ...
Updating learning rate to 9.817944713018442e-06
Epoch: 37 cost time: 0.9944624900817871
Epoch: 37, Steps: 32 | Train Loss: 0.0464679 Vali Loss: 0.0649961 Test Loss: 0.0432845
Validation loss decreased (0.065419 --> 0.064996).  Saving model ...
Updating learning rate to 9.7531119163241e-06
Epoch: 38 cost time: 0.9942693710327148
Epoch: 38, Steps: 32 | Train Loss: 0.0459393 Vali Loss: 0.0642071 Test Loss: 0.0428149
Validation loss decreased (0.064996 --> 0.064207).  Saving model ...
Updating learning rate to 9.678707025064249e-06
Epoch: 39 cost time: 1.0018842220306396
Epoch: 39, Steps: 32 | Train Loss: 0.0453932 Vali Loss: 0.0632547 Test Loss: 0.0422893
Validation loss decreased (0.064207 --> 0.063255).  Saving model ...
Updating learning rate to 9.59487988078789e-06
Epoch: 40 cost time: 0.9987952709197998
Epoch: 40, Steps: 32 | Train Loss: 0.0448644 Vali Loss: 0.0622761 Test Loss: 0.0418038
Validation loss decreased (0.063255 --> 0.062276).  Saving model ...
Updating learning rate to 9.50179930020766e-06
Epoch: 41 cost time: 1.003319501876831
Epoch: 41, Steps: 32 | Train Loss: 0.0443587 Vali Loss: 0.0618023 Test Loss: 0.0413631
Validation loss decreased (0.062276 --> 0.061802).  Saving model ...
Updating learning rate to 9.399652735225436e-06
Epoch: 42 cost time: 0.9987335205078125
Epoch: 42, Steps: 32 | Train Loss: 0.0438299 Vali Loss: 0.0611714 Test Loss: 0.0408846
Validation loss decreased (0.061802 --> 0.061171).  Saving model ...
Updating learning rate to 9.288645895429162e-06
Epoch: 43 cost time: 0.9936323165893555
Epoch: 43, Steps: 32 | Train Loss: 0.0433198 Vali Loss: 0.0605841 Test Loss: 0.0405659
Validation loss decreased (0.061171 --> 0.060584).  Saving model ...
Updating learning rate to 9.169002333821102e-06
Epoch: 44 cost time: 0.9927537441253662
Epoch: 44, Steps: 32 | Train Loss: 0.0428066 Vali Loss: 0.0598284 Test Loss: 0.0400760
Validation loss decreased (0.060584 --> 0.059828).  Saving model ...
Updating learning rate to 9.040962996611857e-06
Epoch: 45 cost time: 0.9922165870666504
Epoch: 45, Steps: 32 | Train Loss: 0.0423310 Vali Loss: 0.0594340 Test Loss: 0.0396674
Validation loss decreased (0.059828 --> 0.059434).  Saving model ...
Updating learning rate to 8.904785737986756e-06
Epoch: 46 cost time: 0.9922418594360352
Epoch: 46, Steps: 32 | Train Loss: 0.0418379 Vali Loss: 0.0587067 Test Loss: 0.0392054
Validation loss decreased (0.059434 --> 0.058707).  Saving model ...
Updating learning rate to 8.76074480082184e-06
Epoch: 47 cost time: 0.9920549392700195
Epoch: 47, Steps: 32 | Train Loss: 0.0413682 Vali Loss: 0.0579297 Test Loss: 0.0389004
Validation loss decreased (0.058707 --> 0.057930).  Saving model ...
Updating learning rate to 8.609130264395213e-06
Epoch: 48 cost time: 0.996497631072998
Epoch: 48, Steps: 32 | Train Loss: 0.0408782 Vali Loss: 0.0573213 Test Loss: 0.0384296
Validation loss decreased (0.057930 --> 0.057321).  Saving model ...
Updating learning rate to 8.450247460205976e-06
Epoch: 49 cost time: 0.9995439052581787
Epoch: 49, Steps: 32 | Train Loss: 0.0404496 Vali Loss: 0.0564865 Test Loss: 0.0380343
Validation loss decreased (0.057321 --> 0.056487).  Saving model ...
Updating learning rate to 8.284416357077229e-06
Epoch: 50 cost time: 1.0149991512298584
Epoch: 50, Steps: 32 | Train Loss: 0.0399498 Vali Loss: 0.0558582 Test Loss: 0.0376394
Validation loss decreased (0.056487 --> 0.055858).  Saving model ...
Updating learning rate to 8.111970916781429e-06
Epoch: 51 cost time: 1.0184054374694824
Epoch: 51, Steps: 32 | Train Loss: 0.0395196 Vali Loss: 0.0551652 Test Loss: 0.0372566
Validation loss decreased (0.055858 --> 0.055165).  Saving model ...
Updating learning rate to 7.933258421485843e-06
Epoch: 52 cost time: 1.015925645828247
Epoch: 52, Steps: 32 | Train Loss: 0.0390724 Vali Loss: 0.0549270 Test Loss: 0.0368567
Validation loss decreased (0.055165 --> 0.054927).  Saving model ...
Updating learning rate to 7.748638774372467e-06
Epoch: 53 cost time: 1.0197501182556152
Epoch: 53, Steps: 32 | Train Loss: 0.0386590 Vali Loss: 0.0540859 Test Loss: 0.0364789
Validation loss decreased (0.054927 --> 0.054086).  Saving model ...
Updating learning rate to 7.558483774840917e-06
Epoch: 54 cost time: 1.005286693572998
Epoch: 54, Steps: 32 | Train Loss: 0.0382017 Vali Loss: 0.0535662 Test Loss: 0.0361196
Validation loss decreased (0.054086 --> 0.053566).  Saving model ...
Updating learning rate to 7.363176369753923e-06
Epoch: 55 cost time: 0.9920222759246826
Epoch: 55, Steps: 32 | Train Loss: 0.0377818 Vali Loss: 0.0529821 Test Loss: 0.0357272
Validation loss decreased (0.053566 --> 0.052982).  Saving model ...
Updating learning rate to 7.163109882233309e-06
Epoch: 56 cost time: 1.0083167552947998
Epoch: 56, Steps: 32 | Train Loss: 0.0373851 Vali Loss: 0.0525857 Test Loss: 0.0354082
Validation loss decreased (0.052982 --> 0.052586).  Saving model ...
Updating learning rate to 6.958687219559564e-06
Epoch: 57 cost time: 1.006462574005127
Epoch: 57, Steps: 32 | Train Loss: 0.0369582 Vali Loss: 0.0520931 Test Loss: 0.0350748
Validation loss decreased (0.052586 --> 0.052093).  Saving model ...
Updating learning rate to 6.750320061770211e-06
Epoch: 58 cost time: 0.9961807727813721
Epoch: 58, Steps: 32 | Train Loss: 0.0365637 Vali Loss: 0.0513958 Test Loss: 0.0346871
Validation loss decreased (0.052093 --> 0.051396).  Saving model ...
Updating learning rate to 6.538428032590986e-06
Epoch: 59 cost time: 0.9973101615905762
Epoch: 59, Steps: 32 | Train Loss: 0.0361526 Vali Loss: 0.0509065 Test Loss: 0.0343220
Validation loss decreased (0.051396 --> 0.050906).  Saving model ...
Updating learning rate to 6.323437854369509e-06
Epoch: 60 cost time: 1.0038983821868896
Epoch: 60, Steps: 32 | Train Loss: 0.0357723 Vali Loss: 0.0504494 Test Loss: 0.0339589
Validation loss decreased (0.050906 --> 0.050449).  Saving model ...
Updating learning rate to 6.105782488713262e-06
Epoch: 61 cost time: 0.9976541996002197
Epoch: 61, Steps: 32 | Train Loss: 0.0353776 Vali Loss: 0.0496786 Test Loss: 0.0336691
Validation loss decreased (0.050449 --> 0.049679).  Saving model ...
Updating learning rate to 5.885900264562524e-06
Epoch: 62 cost time: 1.0039730072021484
Epoch: 62, Steps: 32 | Train Loss: 0.0351530 Vali Loss: 0.0499882 Test Loss: 0.0337086
EarlyStopping counter: 1 out of 10
Updating learning rate to 5.664233995454231e-06
Epoch: 63 cost time: 1.003026008605957
Epoch: 63, Steps: 32 | Train Loss: 0.0351138 Vali Loss: 0.0496095 Test Loss: 0.0336694
Validation loss decreased (0.049679 --> 0.049610).  Saving model ...
Updating learning rate to 5.441230087754439e-06
Epoch: 64 cost time: 1.0022244453430176
Epoch: 64, Steps: 32 | Train Loss: 0.0350797 Vali Loss: 0.0495733 Test Loss: 0.0336316
Validation loss decreased (0.049610 --> 0.049573).  Saving model ...
Updating learning rate to 5.217337641655308e-06
Epoch: 65 cost time: 0.9983425140380859
Epoch: 65, Steps: 32 | Train Loss: 0.0350571 Vali Loss: 0.0494740 Test Loss: 0.0336896
Validation loss decreased (0.049573 --> 0.049474).  Saving model ...
Updating learning rate to 4.993007546747085e-06
Epoch: 66 cost time: 0.9977512359619141
Epoch: 66, Steps: 32 | Train Loss: 0.0350473 Vali Loss: 0.0497827 Test Loss: 0.0336494
EarlyStopping counter: 1 out of 10
Updating learning rate to 4.76869157398648e-06
Epoch: 67 cost time: 1.0013995170593262
Epoch: 67, Steps: 32 | Train Loss: 0.0350113 Vali Loss: 0.0496744 Test Loss: 0.0336476
EarlyStopping counter: 2 out of 10
Updating learning rate to 4.54484146589007e-06
Epoch: 68 cost time: 0.9956083297729492
Epoch: 68, Steps: 32 | Train Loss: 0.0349708 Vali Loss: 0.0497432 Test Loss: 0.0336521
EarlyStopping counter: 3 out of 10
Updating learning rate to 4.3219080267850015e-06
Epoch: 69 cost time: 1.0035042762756348
Epoch: 69, Steps: 32 | Train Loss: 0.0349585 Vali Loss: 0.0498019 Test Loss: 0.0336826
EarlyStopping counter: 4 out of 10
Updating learning rate to 4.100340214949063e-06
Epoch: 70 cost time: 1.0076241493225098
Epoch: 70, Steps: 32 | Train Loss: 0.0349466 Vali Loss: 0.0496277 Test Loss: 0.0336381
EarlyStopping counter: 5 out of 10
Updating learning rate to 3.8805842384684655e-06
Epoch: 71 cost time: 1.004462480545044
Epoch: 71, Steps: 32 | Train Loss: 0.0349105 Vali Loss: 0.0498334 Test Loss: 0.0336709
EarlyStopping counter: 6 out of 10
Updating learning rate to 3.663082656634139e-06
Epoch: 72 cost time: 1.0030627250671387
Epoch: 72, Steps: 32 | Train Loss: 0.0349215 Vali Loss: 0.0495476 Test Loss: 0.0336590
EarlyStopping counter: 7 out of 10
Updating learning rate to 3.4482734886862136e-06
Epoch: 73 cost time: 1.0007524490356445
Epoch: 73, Steps: 32 | Train Loss: 0.0348898 Vali Loss: 0.0498803 Test Loss: 0.0336678
EarlyStopping counter: 8 out of 10
Updating learning rate to 3.2365893317015703e-06
Epoch: 74 cost time: 1.003828525543213
Epoch: 74, Steps: 32 | Train Loss: 0.0348601 Vali Loss: 0.0494901 Test Loss: 0.0336652
EarlyStopping counter: 9 out of 10
Updating learning rate to 3.028456489400888e-06
Epoch: 75 cost time: 0.9896471500396729
Epoch: 75, Steps: 32 | Train Loss: 0.0348464 Vali Loss: 0.0496981 Test Loss: 0.0336433
EarlyStopping counter: 10 out of 10
Early stopping
>>>>>>>testing : ETTh1_336_96_DTFNet_ETTh1_ftM_sl336_ll0_pl96_dm128_nh16_el2_br2_dl1_df256_fc1_ebtimeF_dtTrue_'Exp'_0_'rel_sin'_16_8_16,24_8,12_3_1_256<<<<<<<<<<<<<<<<<<<<<<<<<<<<<<<<<
test 2785
mse:0.3503153622150421, mae:0.38294053077697754, rse:0.5636169910430908
