Args in experiment:
Namespace(is_training=1, model_id='ETTh1_336_96', model='DTFNet', data='ETTh1', root_path='./dataset/', data_path='ETTh1.csv', features='M', target='OT', freq='h', checkpoints='./checkpoints/', seq_len=336, label_len=0, pred_len=96, n_branches=2, patch_len_ls='16,24', stride_ls='8,12', d_model_ls='128', n_heads_ls='16', rel_pe="'rel_sin'", res_attn=False, head_type='flatten', fc_dropout=0.3, head_dropout=0.1, patch_len=16, stride=8, padding_patch="'end'", revin=1, affine=0, subtract_last=0, decomposition=0, kernel_size=25, individual=0, store_attn=False, pre_norm=False, pe='zeros', no_learn_pe=True, embed_type=0, enc_in=7, dec_in=7, c_out=7, d_model=128, n_heads=16, e_layers=2, d_layers=1, d_ff=256, moving_avg=25, factor=1, distil=True, dropout=0.3, embed='timeF', activation='gelu', output_attention=False, do_predict=False, num_workers=0, itr=1, train_epochs=100, batch_size=256, patience=10, learning_rate=1e-05, des="'Exp'", loss='mse', lradj='TST', pct_start=0.3, use_amp=False, l2=0.0, warmup_steps=0, use_gpu=True, gpu=0, use_multi_gpu=False, devices='0', test_flop=False, use_mlflow=False, mlflow_project='exp', loss_flag=2, sub_patch_len=16, sub_stride=8, stride_ls_list='16', model_type='linear', tfactor=3, dilation_rates='1', wavelet_layers=2, wavelet_type='db5', wavelet_mode='periodization', wavelet_dim=64, initTLV=0.2)
Use GPU: cuda:0
>>>>>>>start training : ETTh1_336_96_DTFNet_ETTh1_ftM_sl336_ll0_pl96_dm128_nh16_el2_br2_dl1_df256_fc1_ebtimeF_dtTrue_'Exp'_0_'rel_sin'_16_8_16,24_8,12_3_1_256>>>>>>>>>>>>>>>>>>>>>>>>>>
train 8209
val 2785
test 2785
Epoch: 1 cost time: 1.4130568504333496
Epoch: 1, Steps: 32 | Train Loss: 0.0917011 Vali Loss: 0.1473828 Test Loss: 0.0937461
Validation loss decreased (inf --> 0.147383).  Saving model ...
Updating learning rate to 4.263497187391453e-07
Epoch: 2 cost time: 1.0289239883422852
Epoch: 2, Steps: 32 | Train Loss: 0.0907526 Vali Loss: 0.1457869 Test Loss: 0.0927578
Validation loss decreased (0.147383 --> 0.145787).  Saving model ...
Updating learning rate to 5.051095800908994e-07
Epoch: 3 cost time: 1.0150997638702393
Epoch: 3, Steps: 32 | Train Loss: 0.0898014 Vali Loss: 0.1444423 Test Loss: 0.0916950
Validation loss decreased (0.145787 --> 0.144442).  Saving model ...
Updating learning rate to 6.354148756408674e-07
Epoch: 4 cost time: 0.997366189956665
Epoch: 4, Steps: 32 | Train Loss: 0.0888126 Vali Loss: 0.1427704 Test Loss: 0.0905713
Validation loss decreased (0.144442 --> 0.142770).  Saving model ...
Updating learning rate to 8.158349771023961e-07
Epoch: 5 cost time: 1.0021347999572754
Epoch: 5, Steps: 32 | Train Loss: 0.0877757 Vali Loss: 0.1403091 Test Loss: 0.0893503
Validation loss decreased (0.142770 --> 0.140309).  Saving model ...
Updating learning rate to 1.0443890432553227e-06
Epoch: 6 cost time: 0.9988491535186768
Epoch: 6, Steps: 32 | Train Loss: 0.0866836 Vali Loss: 0.1386992 Test Loss: 0.0880231
Validation loss decreased (0.140309 --> 0.138699).  Saving model ...
Updating learning rate to 1.3185677676997187e-06
Epoch: 7 cost time: 1.0056231021881104
Epoch: 7, Steps: 32 | Train Loss: 0.0854831 Vali Loss: 0.1364803 Test Loss: 0.0865355
Validation loss decreased (0.138699 --> 0.136480).  Saving model ...
Updating learning rate to 1.6353609286550175e-06
Epoch: 8 cost time: 0.9952871799468994
Epoch: 8, Steps: 32 | Train Loss: 0.0841461 Vali Loss: 0.1336893 Test Loss: 0.0848271
Validation loss decreased (0.136480 --> 0.133689).  Saving model ...
Updating learning rate to 1.9912904383338616e-06
Epoch: 9 cost time: 1.002748727798462
Epoch: 9, Steps: 32 | Train Loss: 0.0826208 Vali Loss: 0.1308777 Test Loss: 0.0827966
Validation loss decreased (0.133689 --> 0.130878).  Saving model ...
Updating learning rate to 2.382448529039998e-06
Epoch: 10 cost time: 1.0499112606048584
Epoch: 10, Steps: 32 | Train Loss: 0.0808410 Vali Loss: 0.1274172 Test Loss: 0.0802976
Validation loss decreased (0.130878 --> 0.127417).  Saving model ...
Updating learning rate to 2.8045406567431614e-06
Epoch: 11 cost time: 1.0266180038452148
Epoch: 11, Steps: 32 | Train Loss: 0.0786740 Vali Loss: 0.1232898 Test Loss: 0.0771476
Validation loss decreased (0.127417 --> 0.123290).  Saving model ...
Updating learning rate to 3.2529326510904383e-06
Epoch: 12 cost time: 1.0017571449279785
Epoch: 12, Steps: 32 | Train Loss: 0.0760954 Vali Loss: 0.1177324 Test Loss: 0.0734622
Validation loss decreased (0.123290 --> 0.117732).  Saving model ...
Updating learning rate to 3.7227015941918576e-06
Epoch: 13 cost time: 1.0067150592803955
Epoch: 13, Steps: 32 | Train Loss: 0.0733030 Vali Loss: 0.1123372 Test Loss: 0.0698096
Validation loss decreased (0.117732 --> 0.112337).  Saving model ...
Updating learning rate to 4.208689869579457e-06
Epoch: 14 cost time: 0.9938473701477051
Epoch: 14, Steps: 32 | Train Loss: 0.0705540 Vali Loss: 0.1070984 Test Loss: 0.0667674
Validation loss decreased (0.112337 --> 0.107098).  Saving model ...
Updating learning rate to 4.705561787933659e-06
Epoch: 15 cost time: 1.0149509906768799
Epoch: 15, Steps: 32 | Train Loss: 0.0679185 Vali Loss: 0.1019321 Test Loss: 0.0642556
Validation loss decreased (0.107098 --> 0.101932).  Saving model ...
Updating learning rate to 5.207862167880292e-06
Epoch: 16 cost time: 1.0013978481292725
Epoch: 16, Steps: 32 | Train Loss: 0.0654562 Vali Loss: 0.0966198 Test Loss: 0.0619885
Validation loss decreased (0.101932 --> 0.096620).  Saving model ...
Updating learning rate to 5.710076228696788e-06
Epoch: 17 cost time: 1.00429368019104
Epoch: 17, Steps: 32 | Train Loss: 0.0632997 Vali Loss: 0.0926239 Test Loss: 0.0599636
Validation loss decreased (0.096620 --> 0.092624).  Saving model ...
Updating learning rate to 6.206690137362583e-06
Epoch: 18 cost time: 1.006481647491455
Epoch: 18, Steps: 32 | Train Loss: 0.0614466 Vali Loss: 0.0892400 Test Loss: 0.0581665
Validation loss decreased (0.092624 --> 0.089240).  Saving model ...
Updating learning rate to 6.692251545204639e-06
Epoch: 19 cost time: 1.0175623893737793
Epoch: 19, Steps: 32 | Train Loss: 0.0599194 Vali Loss: 0.0868811 Test Loss: 0.0566034
Validation loss decreased (0.089240 --> 0.086881).  Saving model ...
Updating learning rate to 7.161429449503278e-06
Epoch: 20 cost time: 1.0142183303833008
Epoch: 20, Steps: 32 | Train Loss: 0.0586602 Vali Loss: 0.0847170 Test Loss: 0.0552223
Validation loss decreased (0.086881 --> 0.084717).  Saving model ...
Updating learning rate to 7.6090727228348e-06
Epoch: 21 cost time: 1.001234531402588
Epoch: 21, Steps: 32 | Train Loss: 0.0576085 Vali Loss: 0.0828263 Test Loss: 0.0540906
Validation loss decreased (0.084717 --> 0.082826).  Saving model ...
Updating learning rate to 8.030266667554303e-06
Epoch: 22 cost time: 1.0023903846740723
Epoch: 22, Steps: 32 | Train Loss: 0.0566611 Vali Loss: 0.0816308 Test Loss: 0.0530250
Validation loss decreased (0.082826 --> 0.081631).  Saving model ...
Updating learning rate to 8.420386974504289e-06
Epoch: 23 cost time: 0.9928998947143555
Epoch: 23, Steps: 32 | Train Loss: 0.0557559 Vali Loss: 0.0797815 Test Loss: 0.0521547
Validation loss decreased (0.081631 --> 0.079781).  Saving model ...
Updating learning rate to 8.775150493533698e-06
Epoch: 24 cost time: 1.0243632793426514
Epoch: 24, Steps: 32 | Train Loss: 0.0549248 Vali Loss: 0.0786274 Test Loss: 0.0512641
Validation loss decreased (0.079781 --> 0.078627).  Saving model ...
Updating learning rate to 9.090662258415302e-06
Epoch: 25 cost time: 1.0020051002502441
Epoch: 25, Steps: 32 | Train Loss: 0.0541716 Vali Loss: 0.0773315 Test Loss: 0.0505681
Validation loss decreased (0.078627 --> 0.077331).  Saving model ...
Updating learning rate to 9.363458249872634e-06
Epoch: 26 cost time: 0.9997200965881348
Epoch: 26, Steps: 32 | Train Loss: 0.0534022 Vali Loss: 0.0761854 Test Loss: 0.0497920
Validation loss decreased (0.077331 --> 0.076185).  Saving model ...
Updating learning rate to 9.590543427219004e-06
Epoch: 27 cost time: 0.9996945858001709
Epoch: 27, Steps: 32 | Train Loss: 0.0526835 Vali Loss: 0.0748834 Test Loss: 0.0489941
Validation loss decreased (0.076185 --> 0.074883).  Saving model ...
Updating learning rate to 9.769424611057362e-06
Epoch: 28 cost time: 0.9956948757171631
Epoch: 28, Steps: 32 | Train Loss: 0.0519869 Vali Loss: 0.0739633 Test Loss: 0.0483541
Validation loss decreased (0.074883 --> 0.073963).  Saving model ...
Updating learning rate to 9.898137856020267e-06
Epoch: 29 cost time: 1.0051634311676025
Epoch: 29, Steps: 32 | Train Loss: 0.0513004 Vali Loss: 0.0729437 Test Loss: 0.0477727
Validation loss decreased (0.073963 --> 0.072944).  Saving model ...
Updating learning rate to 9.97527001302323e-06
Epoch: 30 cost time: 0.9972071647644043
Epoch: 30, Steps: 32 | Train Loss: 0.0506657 Vali Loss: 0.0718219 Test Loss: 0.0471646
Validation loss decreased (0.072944 --> 0.071822).  Saving model ...
Updating learning rate to 9.99999508252785e-06
Epoch: 31 cost time: 1.0039136409759521
Epoch: 31, Steps: 32 | Train Loss: 0.0500093 Vali Loss: 0.0708013 Test Loss: 0.0465585
Validation loss decreased (0.071822 --> 0.070801).  Saving model ...
Updating learning rate to 9.994645827799127e-06
Epoch: 32 cost time: 0.999420166015625
Epoch: 32, Steps: 32 | Train Loss: 0.0494152 Vali Loss: 0.0698740 Test Loss: 0.0460303
Validation loss decreased (0.070801 --> 0.069874).  Saving model ...
Updating learning rate to 9.979238061351154e-06
Epoch: 33 cost time: 0.9925651550292969
Epoch: 33, Steps: 32 | Train Loss: 0.0487841 Vali Loss: 0.0690476 Test Loss: 0.0454855
Validation loss decreased (0.069874 --> 0.069048).  Saving model ...
Updating learning rate to 9.953802812375051e-06
Epoch: 34 cost time: 0.9954056739807129
Epoch: 34, Steps: 32 | Train Loss: 0.0481838 Vali Loss: 0.0679029 Test Loss: 0.0449825
Validation loss decreased (0.069048 --> 0.067903).  Saving model ...
Updating learning rate to 9.918391304077266e-06
Epoch: 35 cost time: 0.9913308620452881
Epoch: 35, Steps: 32 | Train Loss: 0.0476309 Vali Loss: 0.0674222 Test Loss: 0.0444420
Validation loss decreased (0.067903 --> 0.067422).  Saving model ...
Updating learning rate to 9.873074850522854e-06
Epoch: 36 cost time: 0.9933607578277588
Epoch: 36, Steps: 32 | Train Loss: 0.0470465 Vali Loss: 0.0665710 Test Loss: 0.0439925
Validation loss decreased (0.067422 --> 0.066571).  Saving model ...
Updating learning rate to 9.817944713018442e-06
Epoch: 37 cost time: 0.9945275783538818
Epoch: 37, Steps: 32 | Train Loss: 0.0464772 Vali Loss: 0.0657061 Test Loss: 0.0434612
Validation loss decreased (0.066571 --> 0.065706).  Saving model ...
Updating learning rate to 9.7531119163241e-06
Epoch: 38 cost time: 1.0000543594360352
Epoch: 38, Steps: 32 | Train Loss: 0.0459439 Vali Loss: 0.0646842 Test Loss: 0.0430273
Validation loss decreased (0.065706 --> 0.064684).  Saving model ...
Updating learning rate to 9.678707025064249e-06
Epoch: 39 cost time: 0.995225191116333
Epoch: 39, Steps: 32 | Train Loss: 0.0453838 Vali Loss: 0.0642016 Test Loss: 0.0425220
Validation loss decreased (0.064684 --> 0.064202).  Saving model ...
Updating learning rate to 9.59487988078789e-06
Epoch: 40 cost time: 0.9946825504302979
Epoch: 40, Steps: 32 | Train Loss: 0.0448460 Vali Loss: 0.0633881 Test Loss: 0.0420866
Validation loss decreased (0.064202 --> 0.063388).  Saving model ...
Updating learning rate to 9.50179930020766e-06
Epoch: 41 cost time: 0.9983675479888916
Epoch: 41, Steps: 32 | Train Loss: 0.0443374 Vali Loss: 0.0627785 Test Loss: 0.0415773
Validation loss decreased (0.063388 --> 0.062778).  Saving model ...
Updating learning rate to 9.399652735225436e-06
Epoch: 42 cost time: 1.0006356239318848
Epoch: 42, Steps: 32 | Train Loss: 0.0438046 Vali Loss: 0.0617384 Test Loss: 0.0411849
Validation loss decreased (0.062778 --> 0.061738).  Saving model ...
Updating learning rate to 9.288645895429162e-06
Epoch: 43 cost time: 0.9939935207366943
Epoch: 43, Steps: 32 | Train Loss: 0.0433185 Vali Loss: 0.0608855 Test Loss: 0.0407349
Validation loss decreased (0.061738 --> 0.060886).  Saving model ...
Updating learning rate to 9.169002333821102e-06
Epoch: 44 cost time: 0.9935741424560547
Epoch: 44, Steps: 32 | Train Loss: 0.0427846 Vali Loss: 0.0601759 Test Loss: 0.0403117
Validation loss decreased (0.060886 --> 0.060176).  Saving model ...
Updating learning rate to 9.040962996611857e-06
Epoch: 45 cost time: 0.9964048862457275
Epoch: 45, Steps: 32 | Train Loss: 0.0423272 Vali Loss: 0.0597625 Test Loss: 0.0398836
Validation loss decreased (0.060176 --> 0.059763).  Saving model ...
Updating learning rate to 8.904785737986756e-06
Epoch: 46 cost time: 0.9901690483093262
Epoch: 46, Steps: 32 | Train Loss: 0.0418420 Vali Loss: 0.0588136 Test Loss: 0.0394573
Validation loss decreased (0.059763 --> 0.058814).  Saving model ...
Updating learning rate to 8.76074480082184e-06
Epoch: 47 cost time: 0.98799729347229
Epoch: 47, Steps: 32 | Train Loss: 0.0413671 Vali Loss: 0.0585046 Test Loss: 0.0390159
Validation loss decreased (0.058814 --> 0.058505).  Saving model ...
Updating learning rate to 8.609130264395213e-06
Epoch: 48 cost time: 0.9987261295318604
Epoch: 48, Steps: 32 | Train Loss: 0.0408812 Vali Loss: 0.0579201 Test Loss: 0.0386481
Validation loss decreased (0.058505 --> 0.057920).  Saving model ...
Updating learning rate to 8.450247460205976e-06
Epoch: 49 cost time: 0.9968416690826416
Epoch: 49, Steps: 32 | Train Loss: 0.0404264 Vali Loss: 0.0571427 Test Loss: 0.0382731
Validation loss decreased (0.057920 --> 0.057143).  Saving model ...
Updating learning rate to 8.284416357077229e-06
Epoch: 50 cost time: 0.9992308616638184
Epoch: 50, Steps: 32 | Train Loss: 0.0399681 Vali Loss: 0.0564750 Test Loss: 0.0379127
Validation loss decreased (0.057143 --> 0.056475).  Saving model ...
Updating learning rate to 8.111970916781429e-06
Epoch: 51 cost time: 0.9985198974609375
Epoch: 51, Steps: 32 | Train Loss: 0.0395320 Vali Loss: 0.0558077 Test Loss: 0.0375106
Validation loss decreased (0.056475 --> 0.055808).  Saving model ...
Updating learning rate to 7.933258421485843e-06
Epoch: 52 cost time: 1.0022661685943604
Epoch: 52, Steps: 32 | Train Loss: 0.0390709 Vali Loss: 0.0552512 Test Loss: 0.0371057
Validation loss decreased (0.055808 --> 0.055251).  Saving model ...
Updating learning rate to 7.748638774372467e-06
Epoch: 53 cost time: 0.9988744258880615
Epoch: 53, Steps: 32 | Train Loss: 0.0386658 Vali Loss: 0.0546006 Test Loss: 0.0367087
Validation loss decreased (0.055251 --> 0.054601).  Saving model ...
Updating learning rate to 7.558483774840917e-06
Epoch: 54 cost time: 1.002030611038208
Epoch: 54, Steps: 32 | Train Loss: 0.0382099 Vali Loss: 0.0540767 Test Loss: 0.0363369
Validation loss decreased (0.054601 --> 0.054077).  Saving model ...
Updating learning rate to 7.363176369753923e-06
Epoch: 55 cost time: 0.99349045753479
Epoch: 55, Steps: 32 | Train Loss: 0.0377874 Vali Loss: 0.0536444 Test Loss: 0.0359735
Validation loss decreased (0.054077 --> 0.053644).  Saving model ...
Updating learning rate to 7.163109882233309e-06
Epoch: 56 cost time: 0.9878273010253906
Epoch: 56, Steps: 32 | Train Loss: 0.0373739 Vali Loss: 0.0530034 Test Loss: 0.0356479
Validation loss decreased (0.053644 --> 0.053003).  Saving model ...
Updating learning rate to 6.958687219559564e-06
Epoch: 57 cost time: 0.992743730545044
Epoch: 57, Steps: 32 | Train Loss: 0.0369575 Vali Loss: 0.0525214 Test Loss: 0.0352478
Validation loss decreased (0.053003 --> 0.052521).  Saving model ...
Updating learning rate to 6.750320061770211e-06
Epoch: 58 cost time: 0.9920754432678223
Epoch: 58, Steps: 32 | Train Loss: 0.0365882 Vali Loss: 0.0520041 Test Loss: 0.0349315
Validation loss decreased (0.052521 --> 0.052004).  Saving model ...
Updating learning rate to 6.538428032590986e-06
Epoch: 59 cost time: 0.9976191520690918
Epoch: 59, Steps: 32 | Train Loss: 0.0361785 Vali Loss: 0.0512536 Test Loss: 0.0345643
Validation loss decreased (0.052004 --> 0.051254).  Saving model ...
Updating learning rate to 6.323437854369509e-06
Epoch: 60 cost time: 0.9984047412872314
Epoch: 60, Steps: 32 | Train Loss: 0.0357695 Vali Loss: 0.0507420 Test Loss: 0.0342662
Validation loss decreased (0.051254 --> 0.050742).  Saving model ...
Updating learning rate to 6.105782488713262e-06
Epoch: 61 cost time: 0.9903714656829834
Epoch: 61, Steps: 32 | Train Loss: 0.0353954 Vali Loss: 0.0503290 Test Loss: 0.0339250
Validation loss decreased (0.050742 --> 0.050329).  Saving model ...
Updating learning rate to 5.885900264562524e-06
Epoch: 62 cost time: 0.9975011348724365
Epoch: 62, Steps: 32 | Train Loss: 0.0351410 Vali Loss: 0.0500417 Test Loss: 0.0338616
Validation loss decreased (0.050329 --> 0.050042).  Saving model ...
Updating learning rate to 5.664233995454231e-06
Epoch: 63 cost time: 1.0017194747924805
Epoch: 63, Steps: 32 | Train Loss: 0.0351170 Vali Loss: 0.0501653 Test Loss: 0.0338465
EarlyStopping counter: 1 out of 10
Updating learning rate to 5.441230087754439e-06
Epoch: 64 cost time: 0.9891080856323242
Epoch: 64, Steps: 32 | Train Loss: 0.0350601 Vali Loss: 0.0500796 Test Loss: 0.0338539
EarlyStopping counter: 2 out of 10
Updating learning rate to 5.217337641655308e-06
Epoch: 65 cost time: 0.9860899448394775
Epoch: 65, Steps: 32 | Train Loss: 0.0350431 Vali Loss: 0.0500601 Test Loss: 0.0338500
EarlyStopping counter: 3 out of 10
Updating learning rate to 4.993007546747085e-06
Epoch: 66 cost time: 0.9870879650115967
Epoch: 66, Steps: 32 | Train Loss: 0.0350295 Vali Loss: 0.0502660 Test Loss: 0.0338474
EarlyStopping counter: 4 out of 10
Updating learning rate to 4.76869157398648e-06
Epoch: 67 cost time: 0.994530439376831
Epoch: 67, Steps: 32 | Train Loss: 0.0349973 Vali Loss: 0.0499612 Test Loss: 0.0339172
Validation loss decreased (0.050042 --> 0.049961).  Saving model ...
Updating learning rate to 4.54484146589007e-06
Epoch: 68 cost time: 0.9908790588378906
Epoch: 68, Steps: 32 | Train Loss: 0.0349817 Vali Loss: 0.0501854 Test Loss: 0.0338425
EarlyStopping counter: 1 out of 10
Updating learning rate to 4.3219080267850015e-06
Epoch: 69 cost time: 0.9890377521514893
Epoch: 69, Steps: 32 | Train Loss: 0.0349562 Vali Loss: 0.0499563 Test Loss: 0.0338641
Validation loss decreased (0.049961 --> 0.049956).  Saving model ...
Updating learning rate to 4.100340214949063e-06
Epoch: 70 cost time: 1.0046665668487549
Epoch: 70, Steps: 32 | Train Loss: 0.0349484 Vali Loss: 0.0499517 Test Loss: 0.0338382
Validation loss decreased (0.049956 --> 0.049952).  Saving model ...
Updating learning rate to 3.8805842384684655e-06
Epoch: 71 cost time: 0.9962058067321777
Epoch: 71, Steps: 32 | Train Loss: 0.0349169 Vali Loss: 0.0500926 Test Loss: 0.0338419
EarlyStopping counter: 1 out of 10
Updating learning rate to 3.663082656634139e-06
Epoch: 72 cost time: 0.9931473731994629
Epoch: 72, Steps: 32 | Train Loss: 0.0349036 Vali Loss: 0.0498156 Test Loss: 0.0338669
Validation loss decreased (0.049952 --> 0.049816).  Saving model ...
Updating learning rate to 3.4482734886862136e-06
Epoch: 73 cost time: 0.9942214488983154
Epoch: 73, Steps: 32 | Train Loss: 0.0348761 Vali Loss: 0.0501112 Test Loss: 0.0338798
EarlyStopping counter: 1 out of 10
Updating learning rate to 3.2365893317015703e-06
Epoch: 74 cost time: 0.9949758052825928
Epoch: 74, Steps: 32 | Train Loss: 0.0348505 Vali Loss: 0.0500953 Test Loss: 0.0338454
EarlyStopping counter: 2 out of 10
Updating learning rate to 3.028456489400888e-06
Epoch: 75 cost time: 0.9942135810852051
Epoch: 75, Steps: 32 | Train Loss: 0.0348487 Vali Loss: 0.0499680 Test Loss: 0.0338412
EarlyStopping counter: 3 out of 10
Updating learning rate to 2.8242941136296986e-06
Epoch: 76 cost time: 0.9929325580596924
Epoch: 76, Steps: 32 | Train Loss: 0.0348257 Vali Loss: 0.0499537 Test Loss: 0.0338617
EarlyStopping counter: 4 out of 10
Updating learning rate to 2.624513360242336e-06
Epoch: 77 cost time: 0.9881591796875
Epoch: 77, Steps: 32 | Train Loss: 0.0348235 Vali Loss: 0.0500689 Test Loss: 0.0338786
EarlyStopping counter: 5 out of 10
Updating learning rate to 2.4295165610887763e-06
Epoch: 78 cost time: 0.994035005569458
Epoch: 78, Steps: 32 | Train Loss: 0.0348194 Vali Loss: 0.0498722 Test Loss: 0.0338635
EarlyStopping counter: 6 out of 10
Updating learning rate to 2.239696413771827e-06
Epoch: 79 cost time: 0.985633134841919
Epoch: 79, Steps: 32 | Train Loss: 0.0347984 Vali Loss: 0.0499575 Test Loss: 0.0338496
EarlyStopping counter: 7 out of 10
Updating learning rate to 2.055435190806421e-06
Epoch: 80 cost time: 0.9894142150878906
Epoch: 80, Steps: 32 | Train Loss: 0.0347729 Vali Loss: 0.0498290 Test Loss: 0.0338437
EarlyStopping counter: 8 out of 10
Updating learning rate to 1.8771039697736423e-06
Epoch: 81 cost time: 0.9936509132385254
Epoch: 81, Steps: 32 | Train Loss: 0.0347655 Vali Loss: 0.0500732 Test Loss: 0.0338339
EarlyStopping counter: 9 out of 10
Updating learning rate to 1.7050618860198631e-06
Epoch: 82 cost time: 0.9943859577178955
Epoch: 82, Steps: 32 | Train Loss: 0.0347573 Vali Loss: 0.0500120 Test Loss: 0.0338782
EarlyStopping counter: 10 out of 10
Early stopping
>>>>>>>testing : ETTh1_336_96_DTFNet_ETTh1_ftM_sl336_ll0_pl96_dm128_nh16_el2_br2_dl1_df256_fc1_ebtimeF_dtTrue_'Exp'_0_'rel_sin'_16_8_16,24_8,12_3_1_256<<<<<<<<<<<<<<<<<<<<<<<<<<<<<<<<<
test 2785
mse:0.35299715399742126, mae:0.384747177362442, rse:0.5657702088356018
