Args in experiment:
Namespace(is_training=1, model_id='ETTh1_336_96', model='DTFNet', data='ETTh1', root_path='./dataset/', data_path='ETTh1.csv', features='M', target='OT', freq='h', checkpoints='./checkpoints/', seq_len=336, label_len=0, pred_len=96, n_branches=2, patch_len_ls='16,24', stride_ls='8,12', d_model_ls='128', n_heads_ls='16', rel_pe="'rel_sin'", res_attn=False, head_type='flatten', fc_dropout=0.3, head_dropout=0.1, patch_len=16, stride=8, padding_patch="'end'", revin=1, affine=0, subtract_last=0, decomposition=0, kernel_size=25, individual=0, store_attn=False, pre_norm=False, pe='zeros', no_learn_pe=True, embed_type=0, enc_in=7, dec_in=7, c_out=7, d_model=128, n_heads=16, e_layers=2, d_layers=1, d_ff=256, moving_avg=25, factor=1, distil=True, dropout=0.3, embed='timeF', activation='gelu', output_attention=False, do_predict=False, num_workers=0, itr=1, train_epochs=100, batch_size=256, patience=10, learning_rate=1e-05, des="'Exp'", loss='mse', lradj='TST', pct_start=0.3, use_amp=False, l2=0.0, warmup_steps=0, use_gpu=True, gpu=0, use_multi_gpu=False, devices='0', test_flop=False, use_mlflow=False, mlflow_project='exp', loss_flag=2, sub_patch_len=16, sub_stride=8, stride_ls_list='16', model_type='linear', tfactor=3, dilation_rates='1', wavelet_layers=2, wavelet_type='db5', wavelet_mode='periodization', wavelet_dim=64, initTLV=0.2)
Use GPU: cuda:0
>>>>>>>start training : ETTh1_336_96_DTFNet_ETTh1_ftM_sl336_ll0_pl96_dm128_nh16_el2_br2_dl1_df256_fc1_ebtimeF_dtTrue_'Exp'_0_'rel_sin'_16_8_16,24_8,12_3_1_256>>>>>>>>>>>>>>>>>>>>>>>>>>
train 8209
val 2785
test 2785
Epoch: 1 cost time: 1.3680212497711182
Epoch: 1, Steps: 32 | Train Loss: 0.0917303 Vali Loss: 0.1475028 Test Loss: 0.0936478
Validation loss decreased (inf --> 0.147503).  Saving model ...
Updating learning rate to 4.263497187391453e-07
Epoch: 2 cost time: 0.9949591159820557
Epoch: 2, Steps: 32 | Train Loss: 0.0907394 Vali Loss: 0.1460905 Test Loss: 0.0926495
Validation loss decreased (0.147503 --> 0.146091).  Saving model ...
Updating learning rate to 5.051095800908994e-07
Epoch: 3 cost time: 0.9996731281280518
Epoch: 3, Steps: 32 | Train Loss: 0.0898165 Vali Loss: 0.1441224 Test Loss: 0.0915674
Validation loss decreased (0.146091 --> 0.144122).  Saving model ...
Updating learning rate to 6.354148756408674e-07
Epoch: 4 cost time: 0.9860577583312988
Epoch: 4, Steps: 32 | Train Loss: 0.0887989 Vali Loss: 0.1425114 Test Loss: 0.0904170
Validation loss decreased (0.144122 --> 0.142511).  Saving model ...
Updating learning rate to 8.158349771023961e-07
Epoch: 5 cost time: 1.0012102127075195
Epoch: 5, Steps: 32 | Train Loss: 0.0877733 Vali Loss: 0.1403570 Test Loss: 0.0891745
Validation loss decreased (0.142511 --> 0.140357).  Saving model ...
Updating learning rate to 1.0443890432553227e-06
Epoch: 6 cost time: 0.992913007736206
Epoch: 6, Steps: 32 | Train Loss: 0.0866015 Vali Loss: 0.1382729 Test Loss: 0.0878030
Validation loss decreased (0.140357 --> 0.138273).  Saving model ...
Updating learning rate to 1.3185677676997187e-06
Epoch: 7 cost time: 1.0022897720336914
Epoch: 7, Steps: 32 | Train Loss: 0.0854367 Vali Loss: 0.1361502 Test Loss: 0.0862561
Validation loss decreased (0.138273 --> 0.136150).  Saving model ...
Updating learning rate to 1.6353609286550175e-06
Epoch: 8 cost time: 0.9977571964263916
Epoch: 8, Steps: 32 | Train Loss: 0.0840838 Vali Loss: 0.1332384 Test Loss: 0.0844705
Validation loss decreased (0.136150 --> 0.133238).  Saving model ...
Updating learning rate to 1.9912904383338616e-06
Epoch: 9 cost time: 0.9940073490142822
Epoch: 9, Steps: 32 | Train Loss: 0.0825568 Vali Loss: 0.1304924 Test Loss: 0.0823331
Validation loss decreased (0.133238 --> 0.130492).  Saving model ...
Updating learning rate to 2.382448529039998e-06
Epoch: 10 cost time: 0.9982912540435791
Epoch: 10, Steps: 32 | Train Loss: 0.0807588 Vali Loss: 0.1269875 Test Loss: 0.0796570
Validation loss decreased (0.130492 --> 0.126988).  Saving model ...
Updating learning rate to 2.8045406567431614e-06
Epoch: 11 cost time: 1.0057168006896973
Epoch: 11, Steps: 32 | Train Loss: 0.0785974 Vali Loss: 0.1228016 Test Loss: 0.0763480
Validation loss decreased (0.126988 --> 0.122802).  Saving model ...
Updating learning rate to 3.2529326510904383e-06
Epoch: 12 cost time: 0.9957962036132812
Epoch: 12, Steps: 32 | Train Loss: 0.0760286 Vali Loss: 0.1168882 Test Loss: 0.0725195
Validation loss decreased (0.122802 --> 0.116888).  Saving model ...
Updating learning rate to 3.7227015941918576e-06
Epoch: 13 cost time: 0.9960470199584961
Epoch: 13, Steps: 32 | Train Loss: 0.0733025 Vali Loss: 0.1119775 Test Loss: 0.0689569
Validation loss decreased (0.116888 --> 0.111977).  Saving model ...
Updating learning rate to 4.208689869579457e-06
Epoch: 14 cost time: 0.9978823661804199
Epoch: 14, Steps: 32 | Train Loss: 0.0707881 Vali Loss: 0.1073856 Test Loss: 0.0662504
Validation loss decreased (0.111977 --> 0.107386).  Saving model ...
Updating learning rate to 4.705561787933659e-06
Epoch: 15 cost time: 0.9983348846435547
Epoch: 15, Steps: 32 | Train Loss: 0.0685718 Vali Loss: 0.1026660 Test Loss: 0.0640363
Validation loss decreased (0.107386 --> 0.102666).  Saving model ...
Updating learning rate to 5.207862167880292e-06
Epoch: 16 cost time: 0.9966812133789062
Epoch: 16, Steps: 32 | Train Loss: 0.0664135 Vali Loss: 0.0984143 Test Loss: 0.0620535
Validation loss decreased (0.102666 --> 0.098414).  Saving model ...
Updating learning rate to 5.710076228696788e-06
Epoch: 17 cost time: 1.0051980018615723
Epoch: 17, Steps: 32 | Train Loss: 0.0642851 Vali Loss: 0.0941336 Test Loss: 0.0601151
Validation loss decreased (0.098414 --> 0.094134).  Saving model ...
Updating learning rate to 6.206690137362583e-06
Epoch: 18 cost time: 0.9989783763885498
Epoch: 18, Steps: 32 | Train Loss: 0.0623488 Vali Loss: 0.0899469 Test Loss: 0.0583716
Validation loss decreased (0.094134 --> 0.089947).  Saving model ...
Updating learning rate to 6.692251545204639e-06
Epoch: 19 cost time: 0.9995982646942139
Epoch: 19, Steps: 32 | Train Loss: 0.0606508 Vali Loss: 0.0871436 Test Loss: 0.0566709
Validation loss decreased (0.089947 --> 0.087144).  Saving model ...
Updating learning rate to 7.161429449503278e-06
Epoch: 20 cost time: 0.996471643447876
Epoch: 20, Steps: 32 | Train Loss: 0.0591307 Vali Loss: 0.0846766 Test Loss: 0.0551988
Validation loss decreased (0.087144 --> 0.084677).  Saving model ...
Updating learning rate to 7.6090727228348e-06
Epoch: 21 cost time: 0.9987835884094238
Epoch: 21, Steps: 32 | Train Loss: 0.0578651 Vali Loss: 0.0825929 Test Loss: 0.0539003
Validation loss decreased (0.084677 --> 0.082593).  Saving model ...
Updating learning rate to 8.030266667554303e-06
Epoch: 22 cost time: 0.991187334060669
Epoch: 22, Steps: 32 | Train Loss: 0.0568171 Vali Loss: 0.0809082 Test Loss: 0.0529031
Validation loss decreased (0.082593 --> 0.080908).  Saving model ...
Updating learning rate to 8.420386974504289e-06
Epoch: 23 cost time: 0.9878566265106201
Epoch: 23, Steps: 32 | Train Loss: 0.0559123 Vali Loss: 0.0790077 Test Loss: 0.0518969
Validation loss decreased (0.080908 --> 0.079008).  Saving model ...
Updating learning rate to 8.775150493533698e-06
Epoch: 24 cost time: 0.9937806129455566
Epoch: 24, Steps: 32 | Train Loss: 0.0550717 Vali Loss: 0.0774296 Test Loss: 0.0510327
Validation loss decreased (0.079008 --> 0.077430).  Saving model ...
Updating learning rate to 9.090662258415302e-06
Epoch: 25 cost time: 1.0030672550201416
Epoch: 25, Steps: 32 | Train Loss: 0.0542596 Vali Loss: 0.0765484 Test Loss: 0.0503127
Validation loss decreased (0.077430 --> 0.076548).  Saving model ...
Updating learning rate to 9.363458249872634e-06
Epoch: 26 cost time: 0.9952332973480225
Epoch: 26, Steps: 32 | Train Loss: 0.0534836 Vali Loss: 0.0751487 Test Loss: 0.0495999
Validation loss decreased (0.076548 --> 0.075149).  Saving model ...
Updating learning rate to 9.590543427219004e-06
Epoch: 27 cost time: 0.9933922290802002
Epoch: 27, Steps: 32 | Train Loss: 0.0527613 Vali Loss: 0.0744605 Test Loss: 0.0488793
Validation loss decreased (0.075149 --> 0.074460).  Saving model ...
Updating learning rate to 9.769424611057362e-06
Epoch: 28 cost time: 0.9964919090270996
Epoch: 28, Steps: 32 | Train Loss: 0.0520671 Vali Loss: 0.0733629 Test Loss: 0.0482178
Validation loss decreased (0.074460 --> 0.073363).  Saving model ...
Updating learning rate to 9.898137856020267e-06
Epoch: 29 cost time: 0.9987072944641113
Epoch: 29, Steps: 32 | Train Loss: 0.0513675 Vali Loss: 0.0723699 Test Loss: 0.0475557
Validation loss decreased (0.073363 --> 0.072370).  Saving model ...
Updating learning rate to 9.97527001302323e-06
Epoch: 30 cost time: 0.9951455593109131
Epoch: 30, Steps: 32 | Train Loss: 0.0507273 Vali Loss: 0.0715440 Test Loss: 0.0469696
Validation loss decreased (0.072370 --> 0.071544).  Saving model ...
Updating learning rate to 9.99999508252785e-06
Epoch: 31 cost time: 0.9972460269927979
Epoch: 31, Steps: 32 | Train Loss: 0.0500936 Vali Loss: 0.0703457 Test Loss: 0.0463391
Validation loss decreased (0.071544 --> 0.070346).  Saving model ...
Updating learning rate to 9.994645827799127e-06
Epoch: 32 cost time: 1.000077724456787
Epoch: 32, Steps: 32 | Train Loss: 0.0494311 Vali Loss: 0.0695984 Test Loss: 0.0458127
Validation loss decreased (0.070346 --> 0.069598).  Saving model ...
Updating learning rate to 9.979238061351154e-06
Epoch: 33 cost time: 0.9983527660369873
Epoch: 33, Steps: 32 | Train Loss: 0.0488033 Vali Loss: 0.0684574 Test Loss: 0.0452417
Validation loss decreased (0.069598 --> 0.068457).  Saving model ...
Updating learning rate to 9.953802812375051e-06
Epoch: 34 cost time: 1.004514217376709
Epoch: 34, Steps: 32 | Train Loss: 0.0482386 Vali Loss: 0.0676113 Test Loss: 0.0447279
Validation loss decreased (0.068457 --> 0.067611).  Saving model ...
Updating learning rate to 9.918391304077266e-06
Epoch: 35 cost time: 0.9941987991333008
Epoch: 35, Steps: 32 | Train Loss: 0.0476519 Vali Loss: 0.0666925 Test Loss: 0.0442341
Validation loss decreased (0.067611 --> 0.066692).  Saving model ...
Updating learning rate to 9.873074850522854e-06
Epoch: 36 cost time: 0.9996321201324463
Epoch: 36, Steps: 32 | Train Loss: 0.0470763 Vali Loss: 0.0660971 Test Loss: 0.0437763
Validation loss decreased (0.066692 --> 0.066097).  Saving model ...
Updating learning rate to 9.817944713018442e-06
Epoch: 37 cost time: 1.0025596618652344
Epoch: 37, Steps: 32 | Train Loss: 0.0465279 Vali Loss: 0.0653125 Test Loss: 0.0432677
Validation loss decreased (0.066097 --> 0.065313).  Saving model ...
Updating learning rate to 9.7531119163241e-06
Epoch: 38 cost time: 1.0031609535217285
Epoch: 38, Steps: 32 | Train Loss: 0.0459637 Vali Loss: 0.0646496 Test Loss: 0.0427690
Validation loss decreased (0.065313 --> 0.064650).  Saving model ...
Updating learning rate to 9.678707025064249e-06
Epoch: 39 cost time: 0.9915766716003418
Epoch: 39, Steps: 32 | Train Loss: 0.0454276 Vali Loss: 0.0638258 Test Loss: 0.0422927
Validation loss decreased (0.064650 --> 0.063826).  Saving model ...
Updating learning rate to 9.59487988078789e-06
Epoch: 40 cost time: 0.9901459217071533
Epoch: 40, Steps: 32 | Train Loss: 0.0449226 Vali Loss: 0.0629611 Test Loss: 0.0418021
Validation loss decreased (0.063826 --> 0.062961).  Saving model ...
Updating learning rate to 9.50179930020766e-06
Epoch: 41 cost time: 0.9991030693054199
Epoch: 41, Steps: 32 | Train Loss: 0.0443523 Vali Loss: 0.0624499 Test Loss: 0.0413737
Validation loss decreased (0.062961 --> 0.062450).  Saving model ...
Updating learning rate to 9.399652735225436e-06
Epoch: 42 cost time: 0.9959197044372559
Epoch: 42, Steps: 32 | Train Loss: 0.0438674 Vali Loss: 0.0615752 Test Loss: 0.0409303
Validation loss decreased (0.062450 --> 0.061575).  Saving model ...
Updating learning rate to 9.288645895429162e-06
Epoch: 43 cost time: 0.9916880130767822
Epoch: 43, Steps: 32 | Train Loss: 0.0433425 Vali Loss: 0.0607760 Test Loss: 0.0405182
Validation loss decreased (0.061575 --> 0.060776).  Saving model ...
Updating learning rate to 9.169002333821102e-06
Epoch: 44 cost time: 1.001938819885254
Epoch: 44, Steps: 32 | Train Loss: 0.0428857 Vali Loss: 0.0600936 Test Loss: 0.0400923
Validation loss decreased (0.060776 --> 0.060094).  Saving model ...
Updating learning rate to 9.040962996611857e-06
Epoch: 45 cost time: 1.0021429061889648
Epoch: 45, Steps: 32 | Train Loss: 0.0423829 Vali Loss: 0.0596880 Test Loss: 0.0396640
Validation loss decreased (0.060094 --> 0.059688).  Saving model ...
Updating learning rate to 8.904785737986756e-06
Epoch: 46 cost time: 0.9961493015289307
Epoch: 46, Steps: 32 | Train Loss: 0.0419117 Vali Loss: 0.0588997 Test Loss: 0.0392888
Validation loss decreased (0.059688 --> 0.058900).  Saving model ...
Updating learning rate to 8.76074480082184e-06
Epoch: 47 cost time: 0.996779203414917
Epoch: 47, Steps: 32 | Train Loss: 0.0414163 Vali Loss: 0.0585048 Test Loss: 0.0388488
Validation loss decreased (0.058900 --> 0.058505).  Saving model ...
Updating learning rate to 8.609130264395213e-06
Epoch: 48 cost time: 0.9932267665863037
Epoch: 48, Steps: 32 | Train Loss: 0.0409422 Vali Loss: 0.0577285 Test Loss: 0.0384190
Validation loss decreased (0.058505 --> 0.057728).  Saving model ...
Updating learning rate to 8.450247460205976e-06
Epoch: 49 cost time: 0.9996840953826904
Epoch: 49, Steps: 32 | Train Loss: 0.0405050 Vali Loss: 0.0569181 Test Loss: 0.0380541
Validation loss decreased (0.057728 --> 0.056918).  Saving model ...
Updating learning rate to 8.284416357077229e-06
Epoch: 50 cost time: 0.99513840675354
Epoch: 50, Steps: 32 | Train Loss: 0.0400427 Vali Loss: 0.0563804 Test Loss: 0.0376640
Validation loss decreased (0.056918 --> 0.056380).  Saving model ...
Updating learning rate to 8.111970916781429e-06
Epoch: 51 cost time: 0.9979221820831299
Epoch: 51, Steps: 32 | Train Loss: 0.0395971 Vali Loss: 0.0560279 Test Loss: 0.0372622
Validation loss decreased (0.056380 --> 0.056028).  Saving model ...
Updating learning rate to 7.933258421485843e-06
Epoch: 52 cost time: 1.0032334327697754
Epoch: 52, Steps: 32 | Train Loss: 0.0391467 Vali Loss: 0.0550990 Test Loss: 0.0369071
Validation loss decreased (0.056028 --> 0.055099).  Saving model ...
Updating learning rate to 7.748638774372467e-06
Epoch: 53 cost time: 1.0049495697021484
Epoch: 53, Steps: 32 | Train Loss: 0.0387160 Vali Loss: 0.0548141 Test Loss: 0.0366045
Validation loss decreased (0.055099 --> 0.054814).  Saving model ...
Updating learning rate to 7.558483774840917e-06
Epoch: 54 cost time: 0.9950158596038818
Epoch: 54, Steps: 32 | Train Loss: 0.0382906 Vali Loss: 0.0538329 Test Loss: 0.0362075
Validation loss decreased (0.054814 --> 0.053833).  Saving model ...
Updating learning rate to 7.363176369753923e-06
Epoch: 55 cost time: 0.9931333065032959
Epoch: 55, Steps: 32 | Train Loss: 0.0378575 Vali Loss: 0.0533459 Test Loss: 0.0358003
Validation loss decreased (0.053833 --> 0.053346).  Saving model ...
Updating learning rate to 7.163109882233309e-06
Epoch: 56 cost time: 0.9976589679718018
Epoch: 56, Steps: 32 | Train Loss: 0.0374275 Vali Loss: 0.0527338 Test Loss: 0.0354450
Validation loss decreased (0.053346 --> 0.052734).  Saving model ...
Updating learning rate to 6.958687219559564e-06
Epoch: 57 cost time: 0.9927797317504883
Epoch: 57, Steps: 32 | Train Loss: 0.0370411 Vali Loss: 0.0524461 Test Loss: 0.0350593
Validation loss decreased (0.052734 --> 0.052446).  Saving model ...
Updating learning rate to 6.750320061770211e-06
Epoch: 58 cost time: 0.9961197376251221
Epoch: 58, Steps: 32 | Train Loss: 0.0366416 Vali Loss: 0.0519142 Test Loss: 0.0347337
Validation loss decreased (0.052446 --> 0.051914).  Saving model ...
Updating learning rate to 6.538428032590986e-06
Epoch: 59 cost time: 0.9937183856964111
Epoch: 59, Steps: 32 | Train Loss: 0.0362366 Vali Loss: 0.0513788 Test Loss: 0.0343822
Validation loss decreased (0.051914 --> 0.051379).  Saving model ...
Updating learning rate to 6.323437854369509e-06
Epoch: 60 cost time: 0.9951565265655518
Epoch: 60, Steps: 32 | Train Loss: 0.0358421 Vali Loss: 0.0509514 Test Loss: 0.0340089
Validation loss decreased (0.051379 --> 0.050951).  Saving model ...
Updating learning rate to 6.105782488713262e-06
Epoch: 61 cost time: 0.9942045211791992
Epoch: 61, Steps: 32 | Train Loss: 0.0354489 Vali Loss: 0.0501753 Test Loss: 0.0337006
Validation loss decreased (0.050951 --> 0.050175).  Saving model ...
Updating learning rate to 5.885900264562524e-06
Epoch: 62 cost time: 0.9935300350189209
Epoch: 62, Steps: 32 | Train Loss: 0.0351987 Vali Loss: 0.0498938 Test Loss: 0.0336850
Validation loss decreased (0.050175 --> 0.049894).  Saving model ...
Updating learning rate to 5.664233995454231e-06
Epoch: 63 cost time: 0.9955410957336426
Epoch: 63, Steps: 32 | Train Loss: 0.0351839 Vali Loss: 0.0501178 Test Loss: 0.0336610
EarlyStopping counter: 1 out of 10
Updating learning rate to 5.441230087754439e-06
Epoch: 64 cost time: 0.9943690299987793
Epoch: 64, Steps: 32 | Train Loss: 0.0351552 Vali Loss: 0.0502181 Test Loss: 0.0336967
EarlyStopping counter: 2 out of 10
Updating learning rate to 5.217337641655308e-06
Epoch: 65 cost time: 0.9923169612884521
Epoch: 65, Steps: 32 | Train Loss: 0.0351140 Vali Loss: 0.0500732 Test Loss: 0.0336751
EarlyStopping counter: 3 out of 10
Updating learning rate to 4.993007546747085e-06
Epoch: 66 cost time: 0.9920299053192139
Epoch: 66, Steps: 32 | Train Loss: 0.0351100 Vali Loss: 0.0497734 Test Loss: 0.0337012
Validation loss decreased (0.049894 --> 0.049773).  Saving model ...
Updating learning rate to 4.76869157398648e-06
Epoch: 67 cost time: 0.9916741847991943
Epoch: 67, Steps: 32 | Train Loss: 0.0350773 Vali Loss: 0.0503224 Test Loss: 0.0336530
EarlyStopping counter: 1 out of 10
Updating learning rate to 4.54484146589007e-06
Epoch: 68 cost time: 0.9934473037719727
Epoch: 68, Steps: 32 | Train Loss: 0.0350524 Vali Loss: 0.0497615 Test Loss: 0.0336829
Validation loss decreased (0.049773 --> 0.049761).  Saving model ...
Updating learning rate to 4.3219080267850015e-06
Epoch: 69 cost time: 1.0023748874664307
Epoch: 69, Steps: 32 | Train Loss: 0.0350238 Vali Loss: 0.0501695 Test Loss: 0.0336597
EarlyStopping counter: 1 out of 10
Updating learning rate to 4.100340214949063e-06
Epoch: 70 cost time: 1.0001325607299805
Epoch: 70, Steps: 32 | Train Loss: 0.0350144 Vali Loss: 0.0499563 Test Loss: 0.0336396
EarlyStopping counter: 2 out of 10
Updating learning rate to 3.8805842384684655e-06
Epoch: 71 cost time: 0.9962148666381836
Epoch: 71, Steps: 32 | Train Loss: 0.0349943 Vali Loss: 0.0500381 Test Loss: 0.0336514
EarlyStopping counter: 3 out of 10
Updating learning rate to 3.663082656634139e-06
Epoch: 72 cost time: 0.9920666217803955
Epoch: 72, Steps: 32 | Train Loss: 0.0349408 Vali Loss: 0.0500115 Test Loss: 0.0336625
EarlyStopping counter: 4 out of 10
Updating learning rate to 3.4482734886862136e-06
Epoch: 73 cost time: 0.9963440895080566
Epoch: 73, Steps: 32 | Train Loss: 0.0349262 Vali Loss: 0.0500755 Test Loss: 0.0336604
EarlyStopping counter: 5 out of 10
Updating learning rate to 3.2365893317015703e-06
Epoch: 74 cost time: 0.9969785213470459
Epoch: 74, Steps: 32 | Train Loss: 0.0349242 Vali Loss: 0.0501481 Test Loss: 0.0336783
EarlyStopping counter: 6 out of 10
Updating learning rate to 3.028456489400888e-06
Epoch: 75 cost time: 0.9979755878448486
Epoch: 75, Steps: 32 | Train Loss: 0.0348972 Vali Loss: 0.0500723 Test Loss: 0.0336888
EarlyStopping counter: 7 out of 10
Updating learning rate to 2.8242941136296986e-06
Epoch: 76 cost time: 0.9934141635894775
Epoch: 76, Steps: 32 | Train Loss: 0.0349077 Vali Loss: 0.0500222 Test Loss: 0.0336789
EarlyStopping counter: 8 out of 10
Updating learning rate to 2.624513360242336e-06
Epoch: 77 cost time: 0.9993021488189697
Epoch: 77, Steps: 32 | Train Loss: 0.0348859 Vali Loss: 0.0499328 Test Loss: 0.0336681
EarlyStopping counter: 9 out of 10
Updating learning rate to 2.4295165610887763e-06
Epoch: 78 cost time: 1.0052123069763184
Epoch: 78, Steps: 32 | Train Loss: 0.0348688 Vali Loss: 0.0501369 Test Loss: 0.0336678
EarlyStopping counter: 10 out of 10
Early stopping
>>>>>>>testing : ETTh1_336_96_DTFNet_ETTh1_ftM_sl336_ll0_pl96_dm128_nh16_el2_br2_dl1_df256_fc1_ebtimeF_dtTrue_'Exp'_0_'rel_sin'_16_8_16,24_8,12_3_1_256<<<<<<<<<<<<<<<<<<<<<<<<<<<<<<<<<
test 2785
mse:0.3509006202220917, mae:0.3828604519367218, rse:0.5640876293182373
