Args in experiment:
Namespace(activation='gelu', affine=0, batch_size=256, c_out=7, checkpoints='./checkpoints/', d_ff=256, d_layers=1, d_model=128, d_model_ls='128', data='ETTh1', data_path='ETTh1.csv', dec_in=7, decomposition=0, des="'Exp'", devices='0', dilation_rates='1', distil=True, do_predict=False, dropout=0.3, e_layers=2, embed='timeF', embed_type=0, enc_in=7, factor=1, fc_dropout=0.3, features='M', freq='h', gpu=0, head_dropout=0.1, head_type='flatten', individual=0, initTLV=0.2, is_training=1, itr=1, kernel_size=25, l2=0.0, label_len=0, learning_rate=1e-05, loss='mse', loss_flag=2, lradj='TST', mlflow_project='exp', model='DTFNet', model_id='ETTh1_336_336', model_type='linear', moving_avg=25, n_branches=2, n_heads=16, n_heads_ls='16', no_learn_pe=True, num_workers=0, output_attention=False, padding_patch="'end'", patch_len=16, patch_len_ls='16,24', patience=10, pct_start=0.3, pe='zeros', pre_norm=False, pred_len=336, rel_pe="'rel_sin'", res_attn=False, revin=1, root_path='./dataset/', seq_len=336, store_attn=False, stride=8, stride_ls='8,12', stride_ls_list='16', sub_patch_len=16, sub_stride=8, subtract_last=0, target='OT', test_flop=False, tfactor=3, train_epochs=100, use_amp=False, use_gpu=True, use_mlflow=False, use_multi_gpu=False, warmup_steps=0, wavelet_dim=64, wavelet_layers=2, wavelet_mode='periodization', wavelet_type='db5')
Use GPU: cuda:0
>>>>>>>start training : ETTh1_336_336_DTFNet_ETTh1_ftM_sl336_ll0_pl336_dm128_nh16_el2_br2_dl1_df256_fc1_ebtimeF_dtTrue_'Exp'_0_'rel_sin'_16_8_16,24_8,12_3_1_256>>>>>>>>>>>>>>>>>>>>>>>>>>
train 7969
val 2545
test 2545
Epoch: 1 cost time: 10.021407127380371
Epoch: 1, Steps: 31 | Train Loss: 0.0988379 Vali Loss: 0.1652503 Test Loss: 0.0955269
Validation loss decreased (inf --> 0.165250).  Saving model ...
Updating learning rate to 4.2635148986572395e-07
Epoch: 2 cost time: 8.554582357406616
Epoch: 2, Steps: 31 | Train Loss: 0.0979647 Vali Loss: 0.1629200 Test Loss: 0.0946319
Validation loss decreased (0.165250 --> 0.162920).  Saving model ...
Updating learning rate to 5.051166257053371e-07
Epoch: 3 cost time: 8.741227388381958
Epoch: 3, Steps: 31 | Train Loss: 0.0970136 Vali Loss: 0.1619960 Test Loss: 0.0936711
Validation loss decreased (0.162920 --> 0.161996).  Saving model ...
Updating learning rate to 6.354305830693182e-07
Epoch: 4 cost time: 9.164099216461182
Epoch: 4, Steps: 31 | Train Loss: 0.0960702 Vali Loss: 0.1598392 Test Loss: 0.0926500
Validation loss decreased (0.161996 --> 0.159839).  Saving model ...
Updating learning rate to 8.158625424048165e-07
Epoch: 5 cost time: 9.170851469039917
Epoch: 5, Steps: 31 | Train Loss: 0.0950935 Vali Loss: 0.1579956 Test Loss: 0.0915496
Validation loss decreased (0.159839 --> 0.157996).  Saving model ...
Updating learning rate to 1.0444313991502185e-06
Epoch: 6 cost time: 9.683305263519287
Epoch: 6, Steps: 31 | Train Loss: 0.0940510 Vali Loss: 0.1559055 Test Loss: 0.0903413
Validation loss decreased (0.157996 --> 0.155906).  Saving model ...
Updating learning rate to 1.3186275158421247e-06
Epoch: 7 cost time: 9.328088283538818
Epoch: 7, Steps: 31 | Train Loss: 0.0929174 Vali Loss: 0.1543198 Test Loss: 0.0889812
Validation loss decreased (0.155906 --> 0.154320).  Saving model ...
Updating learning rate to 1.6354402774012767e-06
Epoch: 8 cost time: 10.141245126724243
Epoch: 8, Steps: 31 | Train Loss: 0.0916293 Vali Loss: 0.1514428 Test Loss: 0.0873712
Validation loss decreased (0.154320 --> 0.151443).  Saving model ...
Updating learning rate to 1.99139114704619e-06
Epoch: 9 cost time: 8.632643699645996
Epoch: 9, Steps: 31 | Train Loss: 0.0901861 Vali Loss: 0.1487474 Test Loss: 0.0854029
Validation loss decreased (0.151443 --> 0.148747).  Saving model ...
Updating learning rate to 2.3825718598876392e-06
Epoch: 10 cost time: 9.459600925445557
Epoch: 10, Steps: 31 | Train Loss: 0.0885158 Vali Loss: 0.1452058 Test Loss: 0.0828411
Validation loss decreased (0.148747 --> 0.145206).  Saving model ...
Updating learning rate to 2.8046873348464134e-06
Epoch: 11 cost time: 9.869422912597656
Epoch: 11, Steps: 31 | Train Loss: 0.0862945 Vali Loss: 0.1407459 Test Loss: 0.0793545
Validation loss decreased (0.145206 --> 0.140746).  Saving model ...
Updating learning rate to 3.2531028337306174e-06
Epoch: 12 cost time: 9.173093318939209
Epoch: 12, Steps: 31 | Train Loss: 0.0835583 Vali Loss: 0.1351085 Test Loss: 0.0749346
Validation loss decreased (0.140746 --> 0.135109).  Saving model ...
Updating learning rate to 3.7228948496758864e-06
Epoch: 13 cost time: 8.952452898025513
Epoch: 13, Steps: 31 | Train Loss: 0.0806150 Vali Loss: 0.1294249 Test Loss: 0.0709187
Validation loss decreased (0.135109 --> 0.129425).  Saving model ...
Updating learning rate to 4.20890516620423e-06
Epoch: 14 cost time: 8.953766822814941
Epoch: 14, Steps: 31 | Train Loss: 0.0780930 Vali Loss: 0.1250541 Test Loss: 0.0683456
Validation loss decreased (0.129425 --> 0.125054).  Saving model ...
Updating learning rate to 4.705797493344547e-06
Epoch: 15 cost time: 9.46431279182434
Epoch: 15, Steps: 31 | Train Loss: 0.0759833 Vali Loss: 0.1218854 Test Loss: 0.0662821
Validation loss decreased (0.125054 --> 0.121885).  Saving model ...
Updating learning rate to 5.208116058962259e-06
Epoch: 16 cost time: 9.555760860443115
Epoch: 16, Steps: 31 | Train Loss: 0.0740805 Vali Loss: 0.1188678 Test Loss: 0.0644597
Validation loss decreased (0.121885 --> 0.118868).  Saving model ...
Updating learning rate to 5.710345511977682e-06
Epoch: 17 cost time: 9.277746438980103
Epoch: 17, Steps: 31 | Train Loss: 0.0724031 Vali Loss: 0.1167024 Test Loss: 0.0625360
Validation loss decreased (0.118868 --> 0.116702).  Saving model ...
Updating learning rate to 6.206971479748566e-06
Epoch: 18 cost time: 9.154353380203247
Epoch: 18, Steps: 31 | Train Loss: 0.0708786 Vali Loss: 0.1139886 Test Loss: 0.0610012
Validation loss decreased (0.116702 --> 0.113989).  Saving model ...
Updating learning rate to 6.6925411147095855e-06
Epoch: 19 cost time: 9.471511840820312
Epoch: 19, Steps: 31 | Train Loss: 0.0696375 Vali Loss: 0.1125196 Test Loss: 0.0595932
Validation loss decreased (0.113989 --> 0.112520).  Saving model ...
Updating learning rate to 7.161722965479587e-06
Epoch: 20 cost time: 9.39927363395691
Epoch: 20, Steps: 31 | Train Loss: 0.0685514 Vali Loss: 0.1110028 Test Loss: 0.0586981
Validation loss decreased (0.112520 --> 0.111003).  Saving model ...
Updating learning rate to 7.609365515064509e-06
Epoch: 21 cost time: 8.701930046081543
Epoch: 21, Steps: 31 | Train Loss: 0.0676382 Vali Loss: 0.1093937 Test Loss: 0.0577910
Validation loss decreased (0.111003 --> 0.109394).  Saving model ...
Updating learning rate to 8.030553743418992e-06
Epoch: 22 cost time: 9.068908452987671
Epoch: 22, Steps: 31 | Train Loss: 0.0667548 Vali Loss: 0.1087961 Test Loss: 0.0569348
Validation loss decreased (0.109394 --> 0.108796).  Saving model ...
Updating learning rate to 8.420663093321771e-06
Epoch: 23 cost time: 9.450325012207031
Epoch: 23, Steps: 31 | Train Loss: 0.0659457 Vali Loss: 0.1079055 Test Loss: 0.0563115
Validation loss decreased (0.108796 --> 0.107906).  Saving model ...
Updating learning rate to 8.775410247030974e-06
Epoch: 24 cost time: 9.179489612579346
Epoch: 24, Steps: 31 | Train Loss: 0.0651562 Vali Loss: 0.1066404 Test Loss: 0.0554789
Validation loss decreased (0.107906 --> 0.106640).  Saving model ...
Updating learning rate to 9.090900156202492e-06
Epoch: 25 cost time: 8.663761615753174
Epoch: 25, Steps: 31 | Train Loss: 0.0643529 Vali Loss: 0.1056357 Test Loss: 0.0546990
Validation loss decreased (0.106640 --> 0.105636).  Saving model ...
Updating learning rate to 9.363668808692879e-06
Epoch: 26 cost time: 9.269603729248047
Epoch: 26, Steps: 31 | Train Loss: 0.0635795 Vali Loss: 0.1046218 Test Loss: 0.0541648
Validation loss decreased (0.105636 --> 0.104622).  Saving model ...
Updating learning rate to 9.59072126267639e-06
Epoch: 27 cost time: 9.757015705108643
Epoch: 27, Steps: 31 | Train Loss: 0.0628602 Vali Loss: 0.1037658 Test Loss: 0.0536386
Validation loss decreased (0.104622 --> 0.103766).  Saving model ...
Updating learning rate to 9.769564530469635e-06
Epoch: 28 cost time: 9.465549230575562
Epoch: 28, Steps: 31 | Train Loss: 0.0621313 Vali Loss: 0.1029570 Test Loss: 0.0528336
Validation loss decreased (0.103766 --> 0.102957).  Saving model ...
Updating learning rate to 9.898234951006446e-06
Epoch: 29 cost time: 9.478398323059082
Epoch: 29, Steps: 31 | Train Loss: 0.0614115 Vali Loss: 0.1020115 Test Loss: 0.0522711
Validation loss decreased (0.102957 --> 0.102012).  Saving model ...
Updating learning rate to 9.97531975041899e-06
Epoch: 30 cost time: 8.845682859420776
Epoch: 30, Steps: 31 | Train Loss: 0.0607301 Vali Loss: 0.1009056 Test Loss: 0.0517258
Validation loss decreased (0.102012 --> 0.100906).  Saving model ...
Updating learning rate to 9.999994760154602e-06
Epoch: 31 cost time: 9.571002721786499
Epoch: 31, Steps: 31 | Train Loss: 0.0600571 Vali Loss: 0.0996601 Test Loss: 0.0511657
Validation loss decreased (0.100906 --> 0.099660).  Saving model ...
Updating learning rate to 9.994635356966321e-06
Epoch: 32 cost time: 9.263823509216309
Epoch: 32, Steps: 31 | Train Loss: 0.0593692 Vali Loss: 0.0992004 Test Loss: 0.0506552
Validation loss decreased (0.099660 --> 0.099200).  Saving model ...
Updating learning rate to 9.979217463145653e-06
Epoch: 33 cost time: 9.057880878448486
Epoch: 33, Steps: 31 | Train Loss: 0.0586814 Vali Loss: 0.0985654 Test Loss: 0.0501644
Validation loss decreased (0.099200 --> 0.098565).  Saving model ...
Updating learning rate to 9.953772128278901e-06
Epoch: 34 cost time: 9.267258882522583
Epoch: 34, Steps: 31 | Train Loss: 0.0580730 Vali Loss: 0.0971870 Test Loss: 0.0497166
Validation loss decreased (0.098565 --> 0.097187).  Saving model ...
Updating learning rate to 9.918350595884151e-06
Epoch: 35 cost time: 9.870117902755737
Epoch: 35, Steps: 31 | Train Loss: 0.0574158 Vali Loss: 0.0968508 Test Loss: 0.0491833
Validation loss decreased (0.097187 --> 0.096851).  Saving model ...
Updating learning rate to 9.873024200213661e-06
Epoch: 36 cost time: 9.047824621200562
Epoch: 36, Steps: 31 | Train Loss: 0.0568012 Vali Loss: 0.0962622 Test Loss: 0.0487655
Validation loss decreased (0.096851 --> 0.096262).  Saving model ...
Updating learning rate to 9.817884222596151e-06
Epoch: 37 cost time: 9.335518598556519
Epoch: 37, Steps: 31 | Train Loss: 0.0561792 Vali Loss: 0.0958009 Test Loss: 0.0483054
Validation loss decreased (0.096262 --> 0.095801).  Saving model ...
Updating learning rate to 9.75304170760837e-06
Epoch: 38 cost time: 9.059887647628784
Epoch: 38, Steps: 31 | Train Loss: 0.0555887 Vali Loss: 0.0947435 Test Loss: 0.0479005
Validation loss decreased (0.095801 --> 0.094744).  Saving model ...
Updating learning rate to 9.678627239446092e-06
Epoch: 39 cost time: 9.386943101882935
Epoch: 39, Steps: 31 | Train Loss: 0.0549770 Vali Loss: 0.0943841 Test Loss: 0.0474824
Validation loss decreased (0.094744 --> 0.094384).  Saving model ...
Updating learning rate to 9.594790678944921e-06
Epoch: 40 cost time: 8.458686113357544
Epoch: 40, Steps: 31 | Train Loss: 0.0543954 Vali Loss: 0.0934049 Test Loss: 0.0470510
Validation loss decreased (0.094384 --> 0.093405).  Saving model ...
Updating learning rate to 9.50170086178052e-06
Epoch: 41 cost time: 9.03153657913208
Epoch: 41, Steps: 31 | Train Loss: 0.0538116 Vali Loss: 0.0924777 Test Loss: 0.0466298
Validation loss decreased (0.093405 --> 0.092478).  Saving model ...
Updating learning rate to 9.399545258456017e-06
Epoch: 42 cost time: 9.150123119354248
Epoch: 42, Steps: 31 | Train Loss: 0.0532725 Vali Loss: 0.0917726 Test Loss: 0.0462313
Validation loss decreased (0.092478 --> 0.091773).  Saving model ...
Updating learning rate to 9.288529596761373e-06
Epoch: 43 cost time: 9.929219961166382
Epoch: 43, Steps: 31 | Train Loss: 0.0526896 Vali Loss: 0.0913479 Test Loss: 0.0457849
Validation loss decreased (0.091773 --> 0.091348).  Saving model ...
Updating learning rate to 9.168877447464985e-06
Epoch: 44 cost time: 8.276302337646484
Epoch: 44, Steps: 31 | Train Loss: 0.0521888 Vali Loss: 0.0903765 Test Loss: 0.0454448
Validation loss decreased (0.091348 --> 0.090377).  Saving model ...
Updating learning rate to 9.040829774071914e-06
Epoch: 45 cost time: 9.376052379608154
Epoch: 45, Steps: 31 | Train Loss: 0.0516346 Vali Loss: 0.0894062 Test Loss: 0.0450443
Validation loss decreased (0.090377 --> 0.089406).  Saving model ...
Updating learning rate to 8.904644447555448e-06
Epoch: 46 cost time: 9.382320642471313
Epoch: 46, Steps: 31 | Train Loss: 0.0510797 Vali Loss: 0.0894191 Test Loss: 0.0446185
EarlyStopping counter: 1 out of 10
Updating learning rate to 8.760595727039295e-06
Epoch: 47 cost time: 9.408532619476318
Epoch: 47, Steps: 31 | Train Loss: 0.0505502 Vali Loss: 0.0880288 Test Loss: 0.0442775
Validation loss decreased (0.089406 --> 0.088029).  Saving model ...
Updating learning rate to 8.608973707476191e-06
Epoch: 48 cost time: 9.277435064315796
Epoch: 48, Steps: 31 | Train Loss: 0.0500573 Vali Loss: 0.0876009 Test Loss: 0.0438553
Validation loss decreased (0.088029 --> 0.087601).  Saving model ...
Updating learning rate to 8.45008373543528e-06
Epoch: 49 cost time: 8.915639400482178
Epoch: 49, Steps: 31 | Train Loss: 0.0495718 Vali Loss: 0.0867527 Test Loss: 0.0435305
Validation loss decreased (0.087601 --> 0.086753).  Saving model ...
Updating learning rate to 8.284245794174751e-06
Epoch: 50 cost time: 9.425550937652588
Epoch: 50, Steps: 31 | Train Loss: 0.0490440 Vali Loss: 0.0856006 Test Loss: 0.0432208
Validation loss decreased (0.086753 --> 0.085601).  Saving model ...
Updating learning rate to 8.111793859238162e-06
Epoch: 51 cost time: 9.265219449996948
Epoch: 51, Steps: 31 | Train Loss: 0.0485518 Vali Loss: 0.0854587 Test Loss: 0.0427959
Validation loss decreased (0.085601 --> 0.085459).  Saving model ...
Updating learning rate to 7.93307522587211e-06
Epoch: 52 cost time: 9.250389099121094
Epoch: 52, Steps: 31 | Train Loss: 0.0480899 Vali Loss: 0.0845800 Test Loss: 0.0424118
Validation loss decreased (0.085459 --> 0.084580).  Saving model ...
Updating learning rate to 7.748449809619857e-06
Epoch: 53 cost time: 9.869465351104736
Epoch: 53, Steps: 31 | Train Loss: 0.0476091 Vali Loss: 0.0842632 Test Loss: 0.0420900
Validation loss decreased (0.084580 --> 0.084263).  Saving model ...
Updating learning rate to 7.558289421499295e-06
Epoch: 54 cost time: 9.063345909118652
Epoch: 54, Steps: 31 | Train Loss: 0.0471315 Vali Loss: 0.0833327 Test Loss: 0.0416851
Validation loss decreased (0.084263 --> 0.083333).  Saving model ...
Updating learning rate to 7.362977019225052e-06
Epoch: 55 cost time: 9.52261209487915
Epoch: 55, Steps: 31 | Train Loss: 0.0466596 Vali Loss: 0.0820741 Test Loss: 0.0413218
Validation loss decreased (0.083333 --> 0.082074).  Saving model ...
Updating learning rate to 7.162905935982624e-06
Epoch: 56 cost time: 9.283410787582397
Epoch: 56, Steps: 31 | Train Loss: 0.0462203 Vali Loss: 0.0814993 Test Loss: 0.0410435
Validation loss decreased (0.082074 --> 0.081499).  Saving model ...
Updating learning rate to 6.958479088307673e-06
Epoch: 57 cost time: 9.670026063919067
Epoch: 57, Steps: 31 | Train Loss: 0.0457803 Vali Loss: 0.0808613 Test Loss: 0.0406173
Validation loss decreased (0.081499 --> 0.080861).  Saving model ...
Updating learning rate to 6.7501081646657556e-06
Epoch: 58 cost time: 9.569610357284546
Epoch: 58, Steps: 31 | Train Loss: 0.0453166 Vali Loss: 0.0798812 Test Loss: 0.0403072
Validation loss decreased (0.080861 --> 0.079881).  Saving model ...
Updating learning rate to 6.538212796366537e-06
Epoch: 59 cost time: 9.0723295211792
Epoch: 59, Steps: 31 | Train Loss: 0.0448870 Vali Loss: 0.0793646 Test Loss: 0.0399576
Validation loss decreased (0.079881 --> 0.079365).  Saving model ...
Updating learning rate to 6.323219712482178e-06
Epoch: 60 cost time: 9.563546180725098
Epoch: 60, Steps: 31 | Train Loss: 0.0444749 Vali Loss: 0.0784051 Test Loss: 0.0396045
Validation loss decreased (0.079365 --> 0.078405).  Saving model ...
Updating learning rate to 6.1055618804717764e-06
Epoch: 61 cost time: 9.261408805847168
Epoch: 61, Steps: 31 | Train Loss: 0.0440387 Vali Loss: 0.0778776 Test Loss: 0.0392816
Validation loss decreased (0.078405 --> 0.077878).  Saving model ...
Updating learning rate to 5.8856776342425235e-06
Epoch: 62 cost time: 9.364341735839844
Epoch: 62, Steps: 31 | Train Loss: 0.0436024 Vali Loss: 0.0772506 Test Loss: 0.0389527
Validation loss decreased (0.077878 --> 0.077251).  Saving model ...
Updating learning rate to 5.664009791403554e-06
Epoch: 63 cost time: 9.051811695098877
Epoch: 63, Steps: 31 | Train Loss: 0.0431979 Vali Loss: 0.0765753 Test Loss: 0.0386211
Validation loss decreased (0.077251 --> 0.076575).  Saving model ...
Updating learning rate to 5.441004761490205e-06
Epoch: 64 cost time: 9.156120538711548
Epoch: 64, Steps: 31 | Train Loss: 0.0428080 Vali Loss: 0.0760025 Test Loss: 0.0383158
Validation loss decreased (0.076575 --> 0.076002).  Saving model ...
Updating learning rate to 5.217111646954626e-06
Epoch: 65 cost time: 8.54693055152893
Epoch: 65, Steps: 31 | Train Loss: 0.0423932 Vali Loss: 0.0752722 Test Loss: 0.0379723
Validation loss decreased (0.076002 --> 0.075272).  Saving model ...
Updating learning rate to 4.992781338733208e-06
Epoch: 66 cost time: 9.466675043106079
Epoch: 66, Steps: 31 | Train Loss: 0.0420098 Vali Loss: 0.0743224 Test Loss: 0.0376843
Validation loss decreased (0.075272 --> 0.074322).  Saving model ...
Updating learning rate to 4.768465608212241e-06
Epoch: 67 cost time: 8.855905294418335
Epoch: 67, Steps: 31 | Train Loss: 0.0416112 Vali Loss: 0.0738046 Test Loss: 0.0373408
Validation loss decreased (0.074322 --> 0.073805).  Saving model ...
Updating learning rate to 4.544616197420465e-06
Epoch: 68 cost time: 9.779652833938599
Epoch: 68, Steps: 31 | Train Loss: 0.0412303 Vali Loss: 0.0733907 Test Loss: 0.0370196
Validation loss decreased (0.073805 --> 0.073391).  Saving model ...
Updating learning rate to 4.321683909280753e-06
Epoch: 69 cost time: 8.951563358306885
Epoch: 69, Steps: 31 | Train Loss: 0.0408372 Vali Loss: 0.0728226 Test Loss: 0.0367010
Validation loss decreased (0.073391 --> 0.072823).  Saving model ...
Updating learning rate to 4.100117699752996e-06
Epoch: 70 cost time: 9.447907447814941
Epoch: 70, Steps: 31 | Train Loss: 0.0404807 Vali Loss: 0.0720904 Test Loss: 0.0365543
Validation loss decreased (0.072823 --> 0.072090).  Saving model ...
Updating learning rate to 3.8803637736965736e-06
Epoch: 71 cost time: 8.570095539093018
Epoch: 71, Steps: 31 | Train Loss: 0.0404483 Vali Loss: 0.0723854 Test Loss: 0.0365634
EarlyStopping counter: 1 out of 10
Updating learning rate to 3.66286468627313e-06
Epoch: 72 cost time: 9.624897003173828
Epoch: 72, Steps: 31 | Train Loss: 0.0404283 Vali Loss: 0.0721807 Test Loss: 0.0366304
EarlyStopping counter: 2 out of 10
Updating learning rate to 3.4480584516993903e-06
Epoch: 73 cost time: 9.927038192749023
Epoch: 73, Steps: 31 | Train Loss: 0.0404111 Vali Loss: 0.0725217 Test Loss: 0.0365608
EarlyStopping counter: 3 out of 10
Updating learning rate to 3.2363776611448018e-06
Epoch: 74 cost time: 9.028215169906616
Epoch: 74, Steps: 31 | Train Loss: 0.0403909 Vali Loss: 0.0722358 Test Loss: 0.0365980
EarlyStopping counter: 4 out of 10
Updating learning rate to 3.0282486115505108e-06
Epoch: 75 cost time: 9.22892141342163
Epoch: 75, Steps: 31 | Train Loss: 0.0403724 Vali Loss: 0.0722351 Test Loss: 0.0365946
EarlyStopping counter: 5 out of 10
Updating learning rate to 2.8240904471240344e-06
Epoch: 76 cost time: 9.733871221542358
Epoch: 76, Steps: 31 | Train Loss: 0.0403689 Vali Loss: 0.0722072 Test Loss: 0.0365971
EarlyStopping counter: 6 out of 10
Updating learning rate to 2.624314315238625e-06
Epoch: 77 cost time: 9.208271980285645
Epoch: 77, Steps: 31 | Train Loss: 0.0403257 Vali Loss: 0.0723491 Test Loss: 0.0366038
EarlyStopping counter: 7 out of 10
Updating learning rate to 2.429322538437165e-06
Epoch: 78 cost time: 9.123141050338745
Epoch: 78, Steps: 31 | Train Loss: 0.0403245 Vali Loss: 0.0723348 Test Loss: 0.0365642
EarlyStopping counter: 8 out of 10
Updating learning rate to 2.2395078042081163e-06
Epoch: 79 cost time: 8.228723049163818
Epoch: 79, Steps: 31 | Train Loss: 0.0403122 Vali Loss: 0.0722860 Test Loss: 0.0365765
EarlyStopping counter: 9 out of 10
Updating learning rate to 2.0552523741651704e-06
Epoch: 80 cost time: 8.822639465332031
Epoch: 80, Steps: 31 | Train Loss: 0.0403231 Vali Loss: 0.0722012 Test Loss: 0.0365787
EarlyStopping counter: 10 out of 10
Early stopping
>>>>>>>testing : ETTh1_336_336_DTFNet_ETTh1_ftM_sl336_ll0_pl336_dm128_nh16_el2_br2_dl1_df256_fc1_ebtimeF_dtTrue_'Exp'_0_'rel_sin'_16_8_16,24_8,12_3_1_256<<<<<<<<<<<<<<<<<<<<<<<<<<<<<<<<<
test 2545
mse:0.3813798427581787, mae:0.412019282579422, rse:0.5949848890304565
