Args in experiment:
Namespace(activation='gelu', affine=0, batch_size=256, c_out=7, checkpoints='./checkpoints/', d_ff=256, d_layers=1, d_model=128, d_model_ls='128', data='ETTh1', data_path='ETTh1.csv', dec_in=7, decomposition=0, des="'Exp'", devices='0', dilation_rates='1', distil=True, do_predict=False, dropout=0.3, e_layers=2, embed='timeF', embed_type=0, enc_in=7, factor=1, fc_dropout=0.3, features='M', freq='h', gpu=0, head_dropout=0.1, head_type='flatten', individual=0, initTLV=0.2, is_training=1, itr=1, kernel_size=25, l2=0.0, label_len=0, learning_rate=1e-05, loss='mse', loss_flag=2, lradj='TST', mlflow_project='exp', model='DTFNet', model_id='ETTh1_336_336', model_type='linear', moving_avg=25, n_branches=2, n_heads=16, n_heads_ls='16', no_learn_pe=True, num_workers=0, output_attention=False, padding_patch="'end'", patch_len=16, patch_len_ls='16,24', patience=10, pct_start=0.3, pe='zeros', pre_norm=False, pred_len=336, rel_pe="'rel_sin'", res_attn=False, revin=1, root_path='./dataset/', seq_len=336, store_attn=False, stride=8, stride_ls='8,12', stride_ls_list='16', sub_patch_len=16, sub_stride=8, subtract_last=0, target='OT', test_flop=False, tfactor=3, train_epochs=100, use_amp=False, use_gpu=True, use_mlflow=False, use_multi_gpu=False, warmup_steps=0, wavelet_dim=64, wavelet_layers=2, wavelet_mode='periodization', wavelet_type='db5')
Use GPU: cuda:0
>>>>>>>start training : ETTh1_336_336_DTFNet_ETTh1_ftM_sl336_ll0_pl336_dm128_nh16_el2_br2_dl1_df256_fc1_ebtimeF_dtTrue_'Exp'_0_'rel_sin'_16_8_16,24_8,12_3_1_256>>>>>>>>>>>>>>>>>>>>>>>>>>
train 7969
val 2545
test 2545
Epoch: 1 cost time: 9.798116445541382
Epoch: 1, Steps: 31 | Train Loss: 0.0989313 Vali Loss: 0.1648369 Test Loss: 0.0956171
Validation loss decreased (inf --> 0.164837).  Saving model ...
Updating learning rate to 4.2635148986572395e-07
Epoch: 2 cost time: 8.958460569381714
Epoch: 2, Steps: 31 | Train Loss: 0.0979822 Vali Loss: 0.1630763 Test Loss: 0.0947185
Validation loss decreased (0.164837 --> 0.163076).  Saving model ...
Updating learning rate to 5.051166257053371e-07
Epoch: 3 cost time: 10.432442903518677
Epoch: 3, Steps: 31 | Train Loss: 0.0970970 Vali Loss: 0.1621053 Test Loss: 0.0937484
Validation loss decreased (0.163076 --> 0.162105).  Saving model ...
Updating learning rate to 6.354305830693182e-07
Epoch: 4 cost time: 9.477303504943848
Epoch: 4, Steps: 31 | Train Loss: 0.0961237 Vali Loss: 0.1602033 Test Loss: 0.0927185
Validation loss decreased (0.162105 --> 0.160203).  Saving model ...
Updating learning rate to 8.158625424048165e-07
Epoch: 5 cost time: 9.564478397369385
Epoch: 5, Steps: 31 | Train Loss: 0.0951374 Vali Loss: 0.1579930 Test Loss: 0.0916123
Validation loss decreased (0.160203 --> 0.157993).  Saving model ...
Updating learning rate to 1.0444313991502185e-06
Epoch: 6 cost time: 8.18949031829834
Epoch: 6, Steps: 31 | Train Loss: 0.0941167 Vali Loss: 0.1563204 Test Loss: 0.0903915
Validation loss decreased (0.157993 --> 0.156320).  Saving model ...
Updating learning rate to 1.3186275158421247e-06
Epoch: 7 cost time: 9.564111709594727
Epoch: 7, Steps: 31 | Train Loss: 0.0929875 Vali Loss: 0.1541055 Test Loss: 0.0890050
Validation loss decreased (0.156320 --> 0.154105).  Saving model ...
Updating learning rate to 1.6354402774012767e-06
Epoch: 8 cost time: 8.778194427490234
Epoch: 8, Steps: 31 | Train Loss: 0.0916854 Vali Loss: 0.1515281 Test Loss: 0.0874046
Validation loss decreased (0.154105 --> 0.151528).  Saving model ...
Updating learning rate to 1.99139114704619e-06
Epoch: 9 cost time: 6.5742409229278564
Epoch: 9, Steps: 31 | Train Loss: 0.0902912 Vali Loss: 0.1491875 Test Loss: 0.0854222
Validation loss decreased (0.151528 --> 0.149188).  Saving model ...
Updating learning rate to 2.3825718598876392e-06
Epoch: 10 cost time: 7.580038070678711
Epoch: 10, Steps: 31 | Train Loss: 0.0885665 Vali Loss: 0.1454588 Test Loss: 0.0828330
Validation loss decreased (0.149188 --> 0.145459).  Saving model ...
Updating learning rate to 2.8046873348464134e-06
Epoch: 11 cost time: 10.250689506530762
Epoch: 11, Steps: 31 | Train Loss: 0.0864005 Vali Loss: 0.1411104 Test Loss: 0.0792882
Validation loss decreased (0.145459 --> 0.141110).  Saving model ...
Updating learning rate to 3.2531028337306174e-06
Epoch: 12 cost time: 8.748114347457886
Epoch: 12, Steps: 31 | Train Loss: 0.0837197 Vali Loss: 0.1353029 Test Loss: 0.0749114
Validation loss decreased (0.141110 --> 0.135303).  Saving model ...
Updating learning rate to 3.7228948496758864e-06
Epoch: 13 cost time: 7.0566771030426025
Epoch: 13, Steps: 31 | Train Loss: 0.0809083 Vali Loss: 0.1297986 Test Loss: 0.0709299
Validation loss decreased (0.135303 --> 0.129799).  Saving model ...
Updating learning rate to 4.20890516620423e-06
Epoch: 14 cost time: 7.461259841918945
Epoch: 14, Steps: 31 | Train Loss: 0.0785193 Vali Loss: 0.1258135 Test Loss: 0.0684854
Validation loss decreased (0.129799 --> 0.125814).  Saving model ...
Updating learning rate to 4.705797493344547e-06
Epoch: 15 cost time: 6.47410249710083
Epoch: 15, Steps: 31 | Train Loss: 0.0765603 Vali Loss: 0.1227806 Test Loss: 0.0665653
Validation loss decreased (0.125814 --> 0.122781).  Saving model ...
Updating learning rate to 5.208116058962259e-06
Epoch: 16 cost time: 8.885184526443481
Epoch: 16, Steps: 31 | Train Loss: 0.0747332 Vali Loss: 0.1192272 Test Loss: 0.0646045
Validation loss decreased (0.122781 --> 0.119227).  Saving model ...
Updating learning rate to 5.710345511977682e-06
Epoch: 17 cost time: 8.272049903869629
Epoch: 17, Steps: 31 | Train Loss: 0.0729834 Vali Loss: 0.1169025 Test Loss: 0.0627676
Validation loss decreased (0.119227 --> 0.116902).  Saving model ...
Updating learning rate to 6.206971479748566e-06
Epoch: 18 cost time: 11.370235681533813
Epoch: 18, Steps: 31 | Train Loss: 0.0713683 Vali Loss: 0.1141705 Test Loss: 0.0609172
Validation loss decreased (0.116902 --> 0.114171).  Saving model ...
Updating learning rate to 6.6925411147095855e-06
Epoch: 19 cost time: 8.277034282684326
Epoch: 19, Steps: 31 | Train Loss: 0.0699571 Vali Loss: 0.1121283 Test Loss: 0.0594164
Validation loss decreased (0.114171 --> 0.112128).  Saving model ...
Updating learning rate to 7.161722965479587e-06
Epoch: 20 cost time: 9.76747441291809
Epoch: 20, Steps: 31 | Train Loss: 0.0687664 Vali Loss: 0.1106954 Test Loss: 0.0585063
Validation loss decreased (0.112128 --> 0.110695).  Saving model ...
Updating learning rate to 7.609365515064509e-06
Epoch: 21 cost time: 8.918444633483887
Epoch: 21, Steps: 31 | Train Loss: 0.0677409 Vali Loss: 0.1095716 Test Loss: 0.0576007
Validation loss decreased (0.110695 --> 0.109572).  Saving model ...
Updating learning rate to 8.030553743418992e-06
Epoch: 22 cost time: 7.267819404602051
Epoch: 22, Steps: 31 | Train Loss: 0.0668399 Vali Loss: 0.1084554 Test Loss: 0.0565528
Validation loss decreased (0.109572 --> 0.108455).  Saving model ...
Updating learning rate to 8.420663093321771e-06
Epoch: 23 cost time: 6.672069072723389
Epoch: 23, Steps: 31 | Train Loss: 0.0659532 Vali Loss: 0.1070475 Test Loss: 0.0558285
Validation loss decreased (0.108455 --> 0.107048).  Saving model ...
Updating learning rate to 8.775410247030974e-06
Epoch: 24 cost time: 9.261500120162964
Epoch: 24, Steps: 31 | Train Loss: 0.0651599 Vali Loss: 0.1059235 Test Loss: 0.0550994
Validation loss decreased (0.107048 --> 0.105924).  Saving model ...
Updating learning rate to 9.090900156202492e-06
Epoch: 25 cost time: 7.969463586807251
Epoch: 25, Steps: 31 | Train Loss: 0.0643815 Vali Loss: 0.1051888 Test Loss: 0.0544189
Validation loss decreased (0.105924 --> 0.105189).  Saving model ...
Updating learning rate to 9.363668808692879e-06
Epoch: 26 cost time: 11.766761302947998
Epoch: 26, Steps: 31 | Train Loss: 0.0636256 Vali Loss: 0.1041487 Test Loss: 0.0538039
Validation loss decreased (0.105189 --> 0.104149).  Saving model ...
Updating learning rate to 9.59072126267639e-06
Epoch: 27 cost time: 10.599992036819458
Epoch: 27, Steps: 31 | Train Loss: 0.0628812 Vali Loss: 0.1032036 Test Loss: 0.0530946
Validation loss decreased (0.104149 --> 0.103204).  Saving model ...
Updating learning rate to 9.769564530469635e-06
Epoch: 28 cost time: 10.258672714233398
Epoch: 28, Steps: 31 | Train Loss: 0.0621850 Vali Loss: 0.1023163 Test Loss: 0.0526362
Validation loss decreased (0.103204 --> 0.102316).  Saving model ...
Updating learning rate to 9.898234951006446e-06
Epoch: 29 cost time: 9.95911192893982
Epoch: 29, Steps: 31 | Train Loss: 0.0614815 Vali Loss: 0.1012531 Test Loss: 0.0520781
Validation loss decreased (0.102316 --> 0.101253).  Saving model ...
Updating learning rate to 9.97531975041899e-06
Epoch: 30 cost time: 10.332004070281982
Epoch: 30, Steps: 31 | Train Loss: 0.0607791 Vali Loss: 0.1002617 Test Loss: 0.0514817
Validation loss decreased (0.101253 --> 0.100262).  Saving model ...
Updating learning rate to 9.999994760154602e-06
Epoch: 31 cost time: 9.766682863235474
Epoch: 31, Steps: 31 | Train Loss: 0.0601369 Vali Loss: 0.0997197 Test Loss: 0.0510137
Validation loss decreased (0.100262 --> 0.099720).  Saving model ...
Updating learning rate to 9.994635356966321e-06
Epoch: 32 cost time: 7.375469446182251
Epoch: 32, Steps: 31 | Train Loss: 0.0594763 Vali Loss: 0.0989783 Test Loss: 0.0504820
Validation loss decreased (0.099720 --> 0.098978).  Saving model ...
Updating learning rate to 9.979217463145653e-06
Epoch: 33 cost time: 8.237372636795044
Epoch: 33, Steps: 31 | Train Loss: 0.0588393 Vali Loss: 0.0981313 Test Loss: 0.0500636
Validation loss decreased (0.098978 --> 0.098131).  Saving model ...
Updating learning rate to 9.953772128278901e-06
Epoch: 34 cost time: 10.585262537002563
Epoch: 34, Steps: 31 | Train Loss: 0.0581878 Vali Loss: 0.0970102 Test Loss: 0.0496160
Validation loss decreased (0.098131 --> 0.097010).  Saving model ...
Updating learning rate to 9.918350595884151e-06
Epoch: 35 cost time: 8.370328426361084
Epoch: 35, Steps: 31 | Train Loss: 0.0575753 Vali Loss: 0.0961995 Test Loss: 0.0491092
Validation loss decreased (0.097010 --> 0.096200).  Saving model ...
Updating learning rate to 9.873024200213661e-06
Epoch: 36 cost time: 9.05750060081482
Epoch: 36, Steps: 31 | Train Loss: 0.0569664 Vali Loss: 0.0957443 Test Loss: 0.0486492
Validation loss decreased (0.096200 --> 0.095744).  Saving model ...
Updating learning rate to 9.817884222596151e-06
Epoch: 37 cost time: 7.858258008956909
Epoch: 37, Steps: 31 | Train Loss: 0.0563811 Vali Loss: 0.0953948 Test Loss: 0.0482852
Validation loss decreased (0.095744 --> 0.095395).  Saving model ...
Updating learning rate to 9.75304170760837e-06
Epoch: 38 cost time: 7.082169771194458
Epoch: 38, Steps: 31 | Train Loss: 0.0557595 Vali Loss: 0.0940181 Test Loss: 0.0478905
Validation loss decreased (0.095395 --> 0.094018).  Saving model ...
Updating learning rate to 9.678627239446092e-06
Epoch: 39 cost time: 9.475926160812378
Epoch: 39, Steps: 31 | Train Loss: 0.0551682 Vali Loss: 0.0933838 Test Loss: 0.0474320
Validation loss decreased (0.094018 --> 0.093384).  Saving model ...
Updating learning rate to 9.594790678944921e-06
Epoch: 40 cost time: 10.032416343688965
Epoch: 40, Steps: 31 | Train Loss: 0.0545967 Vali Loss: 0.0928537 Test Loss: 0.0470227
Validation loss decreased (0.093384 --> 0.092854).  Saving model ...
Updating learning rate to 9.50170086178052e-06
Epoch: 41 cost time: 10.535679340362549
Epoch: 41, Steps: 31 | Train Loss: 0.0540271 Vali Loss: 0.0921789 Test Loss: 0.0465785
Validation loss decreased (0.092854 --> 0.092179).  Saving model ...
Updating learning rate to 9.399545258456017e-06
Epoch: 42 cost time: 8.950255393981934
Epoch: 42, Steps: 31 | Train Loss: 0.0534780 Vali Loss: 0.0910776 Test Loss: 0.0461197
Validation loss decreased (0.092179 --> 0.091078).  Saving model ...
Updating learning rate to 9.288529596761373e-06
Epoch: 43 cost time: 7.972258567810059
Epoch: 43, Steps: 31 | Train Loss: 0.0528957 Vali Loss: 0.0902583 Test Loss: 0.0458127
Validation loss decreased (0.091078 --> 0.090258).  Saving model ...
Updating learning rate to 9.168877447464985e-06
Epoch: 44 cost time: 8.072479009628296
Epoch: 44, Steps: 31 | Train Loss: 0.0523630 Vali Loss: 0.0900219 Test Loss: 0.0453410
Validation loss decreased (0.090258 --> 0.090022).  Saving model ...
Updating learning rate to 9.040829774071914e-06
Epoch: 45 cost time: 10.270822525024414
Epoch: 45, Steps: 31 | Train Loss: 0.0518292 Vali Loss: 0.0894352 Test Loss: 0.0449237
Validation loss decreased (0.090022 --> 0.089435).  Saving model ...
Updating learning rate to 8.904644447555448e-06
Epoch: 46 cost time: 9.459144592285156
Epoch: 46, Steps: 31 | Train Loss: 0.0512716 Vali Loss: 0.0887733 Test Loss: 0.0445352
Validation loss decreased (0.089435 --> 0.088773).  Saving model ...
Updating learning rate to 8.760595727039295e-06
Epoch: 47 cost time: 10.674936771392822
Epoch: 47, Steps: 31 | Train Loss: 0.0507732 Vali Loss: 0.0881691 Test Loss: 0.0441809
Validation loss decreased (0.088773 --> 0.088169).  Saving model ...
Updating learning rate to 8.608973707476191e-06
Epoch: 48 cost time: 8.973360538482666
Epoch: 48, Steps: 31 | Train Loss: 0.0502617 Vali Loss: 0.0872020 Test Loss: 0.0437735
Validation loss decreased (0.088169 --> 0.087202).  Saving model ...
Updating learning rate to 8.45008373543528e-06
Epoch: 49 cost time: 8.675528287887573
Epoch: 49, Steps: 31 | Train Loss: 0.0497638 Vali Loss: 0.0865330 Test Loss: 0.0434054
Validation loss decreased (0.087202 --> 0.086533).  Saving model ...
Updating learning rate to 8.284245794174751e-06
Epoch: 50 cost time: 9.001703023910522
Epoch: 50, Steps: 31 | Train Loss: 0.0492456 Vali Loss: 0.0860469 Test Loss: 0.0430354
Validation loss decreased (0.086533 --> 0.086047).  Saving model ...
Updating learning rate to 8.111793859238162e-06
Epoch: 51 cost time: 9.97745394706726
Epoch: 51, Steps: 31 | Train Loss: 0.0487483 Vali Loss: 0.0849670 Test Loss: 0.0426259
Validation loss decreased (0.086047 --> 0.084967).  Saving model ...
Updating learning rate to 7.93307522587211e-06
Epoch: 52 cost time: 9.181639671325684
Epoch: 52, Steps: 31 | Train Loss: 0.0482914 Vali Loss: 0.0845329 Test Loss: 0.0423393
Validation loss decreased (0.084967 --> 0.084533).  Saving model ...
Updating learning rate to 7.748449809619857e-06
Epoch: 53 cost time: 5.872639179229736
Epoch: 53, Steps: 31 | Train Loss: 0.0478083 Vali Loss: 0.0840032 Test Loss: 0.0419190
Validation loss decreased (0.084533 --> 0.084003).  Saving model ...
Updating learning rate to 7.558289421499295e-06
Epoch: 54 cost time: 9.672725915908813
Epoch: 54, Steps: 31 | Train Loss: 0.0473235 Vali Loss: 0.0829195 Test Loss: 0.0415670
Validation loss decreased (0.084003 --> 0.082919).  Saving model ...
Updating learning rate to 7.362977019225052e-06
Epoch: 55 cost time: 8.06549882888794
Epoch: 55, Steps: 31 | Train Loss: 0.0468504 Vali Loss: 0.0823733 Test Loss: 0.0412654
Validation loss decreased (0.082919 --> 0.082373).  Saving model ...
Updating learning rate to 7.162905935982624e-06
Epoch: 56 cost time: 7.468698263168335
Epoch: 56, Steps: 31 | Train Loss: 0.0464253 Vali Loss: 0.0817075 Test Loss: 0.0409853
Validation loss decreased (0.082373 --> 0.081707).  Saving model ...
Updating learning rate to 6.958479088307673e-06
Epoch: 57 cost time: 7.484286069869995
Epoch: 57, Steps: 31 | Train Loss: 0.0459504 Vali Loss: 0.0806213 Test Loss: 0.0405256
Validation loss decreased (0.081707 --> 0.080621).  Saving model ...
Updating learning rate to 6.7501081646657556e-06
Epoch: 58 cost time: 9.661320447921753
Epoch: 58, Steps: 31 | Train Loss: 0.0455050 Vali Loss: 0.0800215 Test Loss: 0.0402691
Validation loss decreased (0.080621 --> 0.080022).  Saving model ...
Updating learning rate to 6.538212796366537e-06
Epoch: 59 cost time: 10.451287746429443
Epoch: 59, Steps: 31 | Train Loss: 0.0450656 Vali Loss: 0.0793087 Test Loss: 0.0398764
Validation loss decreased (0.080022 --> 0.079309).  Saving model ...
Updating learning rate to 6.323219712482178e-06
Epoch: 60 cost time: 9.501353979110718
Epoch: 60, Steps: 31 | Train Loss: 0.0446554 Vali Loss: 0.0789771 Test Loss: 0.0394981
Validation loss decreased (0.079309 --> 0.078977).  Saving model ...
Updating learning rate to 6.1055618804717764e-06
Epoch: 61 cost time: 8.456170082092285
Epoch: 61, Steps: 31 | Train Loss: 0.0442189 Vali Loss: 0.0782600 Test Loss: 0.0391609
Validation loss decreased (0.078977 --> 0.078260).  Saving model ...
Updating learning rate to 5.8856776342425235e-06
Epoch: 62 cost time: 9.120969772338867
Epoch: 62, Steps: 31 | Train Loss: 0.0437691 Vali Loss: 0.0772012 Test Loss: 0.0388694
Validation loss decreased (0.078260 --> 0.077201).  Saving model ...
Updating learning rate to 5.664009791403554e-06
Epoch: 63 cost time: 9.666410446166992
Epoch: 63, Steps: 31 | Train Loss: 0.0433798 Vali Loss: 0.0763926 Test Loss: 0.0385559
Validation loss decreased (0.077201 --> 0.076393).  Saving model ...
Updating learning rate to 5.441004761490205e-06
Epoch: 64 cost time: 6.0357983112335205
Epoch: 64, Steps: 31 | Train Loss: 0.0429468 Vali Loss: 0.0760083 Test Loss: 0.0381910
Validation loss decreased (0.076393 --> 0.076008).  Saving model ...
Updating learning rate to 5.217111646954626e-06
Epoch: 65 cost time: 5.77426815032959
Epoch: 65, Steps: 31 | Train Loss: 0.0425496 Vali Loss: 0.0754423 Test Loss: 0.0378778
Validation loss decreased (0.076008 --> 0.075442).  Saving model ...
Updating learning rate to 4.992781338733208e-06
Epoch: 66 cost time: 7.927159547805786
Epoch: 66, Steps: 31 | Train Loss: 0.0421472 Vali Loss: 0.0746883 Test Loss: 0.0375439
Validation loss decreased (0.075442 --> 0.074688).  Saving model ...
Updating learning rate to 4.768465608212241e-06
Epoch: 67 cost time: 7.669285535812378
Epoch: 67, Steps: 31 | Train Loss: 0.0417562 Vali Loss: 0.0740910 Test Loss: 0.0371931
Validation loss decreased (0.074688 --> 0.074091).  Saving model ...
Updating learning rate to 4.544616197420465e-06
Epoch: 68 cost time: 6.772445917129517
Epoch: 68, Steps: 31 | Train Loss: 0.0413561 Vali Loss: 0.0734183 Test Loss: 0.0369001
Validation loss decreased (0.074091 --> 0.073418).  Saving model ...
Updating learning rate to 4.321683909280753e-06
Epoch: 69 cost time: 5.990012884140015
Epoch: 69, Steps: 31 | Train Loss: 0.0409607 Vali Loss: 0.0724831 Test Loss: 0.0365929
Validation loss decreased (0.073418 --> 0.072483).  Saving model ...
Updating learning rate to 4.100117699752996e-06
Epoch: 70 cost time: 9.079843521118164
Epoch: 70, Steps: 31 | Train Loss: 0.0406233 Vali Loss: 0.0724393 Test Loss: 0.0364290
Validation loss decreased (0.072483 --> 0.072439).  Saving model ...
Updating learning rate to 3.8803637736965736e-06
Epoch: 71 cost time: 7.654501676559448
Epoch: 71, Steps: 31 | Train Loss: 0.0405666 Vali Loss: 0.0722097 Test Loss: 0.0364568
Validation loss decreased (0.072439 --> 0.072210).  Saving model ...
Updating learning rate to 3.66286468627313e-06
Epoch: 72 cost time: 9.952601671218872
Epoch: 72, Steps: 31 | Train Loss: 0.0405406 Vali Loss: 0.0724091 Test Loss: 0.0364449
EarlyStopping counter: 1 out of 10
Updating learning rate to 3.4480584516993903e-06
Epoch: 73 cost time: 7.430909633636475
Epoch: 73, Steps: 31 | Train Loss: 0.0405543 Vali Loss: 0.0722140 Test Loss: 0.0364658
EarlyStopping counter: 2 out of 10
Updating learning rate to 3.2363776611448018e-06
Epoch: 74 cost time: 10.830094337463379
Epoch: 74, Steps: 31 | Train Loss: 0.0405167 Vali Loss: 0.0723860 Test Loss: 0.0364615
EarlyStopping counter: 3 out of 10
Updating learning rate to 3.0282486115505108e-06
Epoch: 75 cost time: 6.915621995925903
Epoch: 75, Steps: 31 | Train Loss: 0.0404988 Vali Loss: 0.0724579 Test Loss: 0.0364682
EarlyStopping counter: 4 out of 10
Updating learning rate to 2.8240904471240344e-06
Epoch: 76 cost time: 10.240121364593506
Epoch: 76, Steps: 31 | Train Loss: 0.0404959 Vali Loss: 0.0724575 Test Loss: 0.0364791
EarlyStopping counter: 5 out of 10
Updating learning rate to 2.624314315238625e-06
Epoch: 77 cost time: 11.540096521377563
Epoch: 77, Steps: 31 | Train Loss: 0.0405037 Vali Loss: 0.0722395 Test Loss: 0.0364866
EarlyStopping counter: 6 out of 10
Updating learning rate to 2.429322538437165e-06
Epoch: 78 cost time: 6.427688360214233
Epoch: 78, Steps: 31 | Train Loss: 0.0404727 Vali Loss: 0.0723342 Test Loss: 0.0364846
EarlyStopping counter: 7 out of 10
Updating learning rate to 2.2395078042081163e-06
Epoch: 79 cost time: 7.842583656311035
Epoch: 79, Steps: 31 | Train Loss: 0.0404496 Vali Loss: 0.0722308 Test Loss: 0.0364862
EarlyStopping counter: 8 out of 10
Updating learning rate to 2.0552523741651704e-06
Epoch: 80 cost time: 9.417780637741089
Epoch: 80, Steps: 31 | Train Loss: 0.0404496 Vali Loss: 0.0724299 Test Loss: 0.0364690
EarlyStopping counter: 9 out of 10
Updating learning rate to 1.8769273142232387e-06
Epoch: 81 cost time: 7.521800994873047
Epoch: 81, Steps: 31 | Train Loss: 0.0404168 Vali Loss: 0.0723801 Test Loss: 0.0364906
EarlyStopping counter: 10 out of 10
Early stopping
>>>>>>>testing : ETTh1_336_336_DTFNet_ETTh1_ftM_sl336_ll0_pl336_dm128_nh16_el2_br2_dl1_df256_fc1_ebtimeF_dtTrue_'Exp'_0_'rel_sin'_16_8_16,24_8,12_3_1_256<<<<<<<<<<<<<<<<<<<<<<<<<<<<<<<<<
test 2545
mse:0.38231438398361206, mae:0.4109995663166046, rse:0.5957134366035461
