Args in experiment:
Namespace(activation='gelu', affine=0, batch_size=256, c_out=7, checkpoints='./checkpoints/', d_ff=256, d_layers=1, d_model=128, d_model_ls='128', data='ETTh1', data_path='ETTh1.csv', dec_in=7, decomposition=0, des="'Exp'", devices='0', dilation_rates='1', distil=True, do_predict=False, dropout=0.3, e_layers=2, embed='timeF', embed_type=0, enc_in=7, factor=1, fc_dropout=0.3, features='M', freq='h', gpu=0, head_dropout=0.1, head_type='flatten', individual=0, initTLV=0.2, is_training=1, itr=1, kernel_size=25, l2=0.0, label_len=0, learning_rate=1e-05, loss='mse', loss_flag=2, lradj='TST', mlflow_project='exp', model='DTFNet', model_id='ETTh1_336_336', model_type='linear', moving_avg=25, n_branches=2, n_heads=16, n_heads_ls='16', no_learn_pe=True, num_workers=0, output_attention=False, padding_patch="'end'", patch_len=16, patch_len_ls='16,24', patience=10, pct_start=0.3, pe='zeros', pre_norm=False, pred_len=336, rel_pe="'rel_sin'", res_attn=False, revin=1, root_path='./dataset/', seq_len=336, store_attn=False, stride=8, stride_ls='8,12', stride_ls_list='16', sub_patch_len=16, sub_stride=8, subtract_last=0, target='OT', test_flop=False, tfactor=3, train_epochs=100, use_amp=False, use_gpu=True, use_mlflow=False, use_multi_gpu=False, warmup_steps=0, wavelet_dim=64, wavelet_layers=2, wavelet_mode='periodization', wavelet_type='db5')
Use GPU: cuda:0
>>>>>>>start training : ETTh1_336_336_DTFNet_ETTh1_ftM_sl336_ll0_pl336_dm128_nh16_el2_br2_dl1_df256_fc1_ebtimeF_dtTrue_'Exp'_0_'rel_sin'_16_8_16,24_8,12_3_1_256>>>>>>>>>>>>>>>>>>>>>>>>>>
train 7969
val 2545
test 2545
Epoch: 1 cost time: 10.340044498443604
Epoch: 1, Steps: 31 | Train Loss: 0.0989314 Vali Loss: 0.1652507 Test Loss: 0.0955368
Validation loss decreased (inf --> 0.165251).  Saving model ...
Updating learning rate to 4.2635148986572395e-07
Epoch: 2 cost time: 11.301639795303345
Epoch: 2, Steps: 31 | Train Loss: 0.0979796 Vali Loss: 0.1630113 Test Loss: 0.0946276
Validation loss decreased (0.165251 --> 0.163011).  Saving model ...
Updating learning rate to 5.051166257053371e-07
Epoch: 3 cost time: 9.35595178604126
Epoch: 3, Steps: 31 | Train Loss: 0.0970711 Vali Loss: 0.1619365 Test Loss: 0.0936554
Validation loss decreased (0.163011 --> 0.161936).  Saving model ...
Updating learning rate to 6.354305830693182e-07
Epoch: 4 cost time: 10.066730499267578
Epoch: 4, Steps: 31 | Train Loss: 0.0961398 Vali Loss: 0.1598152 Test Loss: 0.0926215
Validation loss decreased (0.161936 --> 0.159815).  Saving model ...
Updating learning rate to 8.158625424048165e-07
Epoch: 5 cost time: 8.37891674041748
Epoch: 5, Steps: 31 | Train Loss: 0.0951287 Vali Loss: 0.1577927 Test Loss: 0.0915017
Validation loss decreased (0.159815 --> 0.157793).  Saving model ...
Updating learning rate to 1.0444313991502185e-06
Epoch: 6 cost time: 9.066692352294922
Epoch: 6, Steps: 31 | Train Loss: 0.0940823 Vali Loss: 0.1561691 Test Loss: 0.0902637
Validation loss decreased (0.157793 --> 0.156169).  Saving model ...
Updating learning rate to 1.3186275158421247e-06
Epoch: 7 cost time: 9.169607162475586
Epoch: 7, Steps: 31 | Train Loss: 0.0929384 Vali Loss: 0.1534715 Test Loss: 0.0888621
Validation loss decreased (0.156169 --> 0.153471).  Saving model ...
Updating learning rate to 1.6354402774012767e-06
Epoch: 8 cost time: 7.874779462814331
Epoch: 8, Steps: 31 | Train Loss: 0.0916615 Vali Loss: 0.1513258 Test Loss: 0.0872102
Validation loss decreased (0.153471 --> 0.151326).  Saving model ...
Updating learning rate to 1.99139114704619e-06
Epoch: 9 cost time: 7.80389666557312
Epoch: 9, Steps: 31 | Train Loss: 0.0901972 Vali Loss: 0.1486880 Test Loss: 0.0851669
Validation loss decreased (0.151326 --> 0.148688).  Saving model ...
Updating learning rate to 2.3825718598876392e-06
Epoch: 10 cost time: 9.970460891723633
Epoch: 10, Steps: 31 | Train Loss: 0.0884365 Vali Loss: 0.1448115 Test Loss: 0.0824781
Validation loss decreased (0.148688 --> 0.144811).  Saving model ...
Updating learning rate to 2.8046873348464134e-06
Epoch: 11 cost time: 8.883528232574463
Epoch: 11, Steps: 31 | Train Loss: 0.0862449 Vali Loss: 0.1400041 Test Loss: 0.0788574
Validation loss decreased (0.144811 --> 0.140004).  Saving model ...
Updating learning rate to 3.2531028337306174e-06
Epoch: 12 cost time: 8.852051496505737
Epoch: 12, Steps: 31 | Train Loss: 0.0835387 Vali Loss: 0.1342168 Test Loss: 0.0744939
Validation loss decreased (0.140004 --> 0.134217).  Saving model ...
Updating learning rate to 3.7228948496758864e-06
Epoch: 13 cost time: 8.562057495117188
Epoch: 13, Steps: 31 | Train Loss: 0.0807353 Vali Loss: 0.1295543 Test Loss: 0.0706996
Validation loss decreased (0.134217 --> 0.129554).  Saving model ...
Updating learning rate to 4.20890516620423e-06
Epoch: 14 cost time: 8.278075218200684
Epoch: 14, Steps: 31 | Train Loss: 0.0784536 Vali Loss: 0.1259477 Test Loss: 0.0683822
Validation loss decreased (0.129554 --> 0.125948).  Saving model ...
Updating learning rate to 4.705797493344547e-06
Epoch: 15 cost time: 8.27588963508606
Epoch: 15, Steps: 31 | Train Loss: 0.0764674 Vali Loss: 0.1226218 Test Loss: 0.0665123
Validation loss decreased (0.125948 --> 0.122622).  Saving model ...
Updating learning rate to 5.208116058962259e-06
Epoch: 16 cost time: 9.050905704498291
Epoch: 16, Steps: 31 | Train Loss: 0.0745956 Vali Loss: 0.1191982 Test Loss: 0.0646698
Validation loss decreased (0.122622 --> 0.119198).  Saving model ...
Updating learning rate to 5.710345511977682e-06
Epoch: 17 cost time: 10.070555925369263
Epoch: 17, Steps: 31 | Train Loss: 0.0729031 Vali Loss: 0.1167820 Test Loss: 0.0627568
Validation loss decreased (0.119198 --> 0.116782).  Saving model ...
Updating learning rate to 6.206971479748566e-06
Epoch: 18 cost time: 9.676570177078247
Epoch: 18, Steps: 31 | Train Loss: 0.0712924 Vali Loss: 0.1146339 Test Loss: 0.0610190
Validation loss decreased (0.116782 --> 0.114634).  Saving model ...
Updating learning rate to 6.6925411147095855e-06
Epoch: 19 cost time: 6.386103630065918
Epoch: 19, Steps: 31 | Train Loss: 0.0698798 Vali Loss: 0.1126286 Test Loss: 0.0595598
Validation loss decreased (0.114634 --> 0.112629).  Saving model ...
Updating learning rate to 7.161722965479587e-06
Epoch: 20 cost time: 7.469794750213623
Epoch: 20, Steps: 31 | Train Loss: 0.0687167 Vali Loss: 0.1108482 Test Loss: 0.0585565
Validation loss decreased (0.112629 --> 0.110848).  Saving model ...
Updating learning rate to 7.609365515064509e-06
Epoch: 21 cost time: 9.27130126953125
Epoch: 21, Steps: 31 | Train Loss: 0.0677073 Vali Loss: 0.1089163 Test Loss: 0.0576066
Validation loss decreased (0.110848 --> 0.108916).  Saving model ...
Updating learning rate to 8.030553743418992e-06
Epoch: 22 cost time: 6.774885654449463
Epoch: 22, Steps: 31 | Train Loss: 0.0667636 Vali Loss: 0.1082227 Test Loss: 0.0568951
Validation loss decreased (0.108916 --> 0.108223).  Saving model ...
Updating learning rate to 8.420663093321771e-06
Epoch: 23 cost time: 7.66450834274292
Epoch: 23, Steps: 31 | Train Loss: 0.0659347 Vali Loss: 0.1073808 Test Loss: 0.0560391
Validation loss decreased (0.108223 --> 0.107381).  Saving model ...
Updating learning rate to 8.775410247030974e-06
Epoch: 24 cost time: 8.402225971221924
Epoch: 24, Steps: 31 | Train Loss: 0.0651589 Vali Loss: 0.1062134 Test Loss: 0.0554413
Validation loss decreased (0.107381 --> 0.106213).  Saving model ...
Updating learning rate to 9.090900156202492e-06
Epoch: 25 cost time: 8.028131008148193
Epoch: 25, Steps: 31 | Train Loss: 0.0643535 Vali Loss: 0.1050187 Test Loss: 0.0547559
Validation loss decreased (0.106213 --> 0.105019).  Saving model ...
Updating learning rate to 9.363668808692879e-06
Epoch: 26 cost time: 6.4881346225738525
Epoch: 26, Steps: 31 | Train Loss: 0.0635826 Vali Loss: 0.1040902 Test Loss: 0.0539219
Validation loss decreased (0.105019 --> 0.104090).  Saving model ...
Updating learning rate to 9.59072126267639e-06
Epoch: 27 cost time: 8.970073461532593
Epoch: 27, Steps: 31 | Train Loss: 0.0628348 Vali Loss: 0.1030514 Test Loss: 0.0533307
Validation loss decreased (0.104090 --> 0.103051).  Saving model ...
Updating learning rate to 9.769564530469635e-06
Epoch: 28 cost time: 10.067537069320679
Epoch: 28, Steps: 31 | Train Loss: 0.0621281 Vali Loss: 0.1024093 Test Loss: 0.0526920
Validation loss decreased (0.103051 --> 0.102409).  Saving model ...
Updating learning rate to 9.898234951006446e-06
Epoch: 29 cost time: 9.167040586471558
Epoch: 29, Steps: 31 | Train Loss: 0.0614163 Vali Loss: 0.1015939 Test Loss: 0.0523479
Validation loss decreased (0.102409 --> 0.101594).  Saving model ...
Updating learning rate to 9.97531975041899e-06
Epoch: 30 cost time: 9.475696086883545
Epoch: 30, Steps: 31 | Train Loss: 0.0607159 Vali Loss: 0.1007265 Test Loss: 0.0517092
Validation loss decreased (0.101594 --> 0.100727).  Saving model ...
Updating learning rate to 9.999994760154602e-06
Epoch: 31 cost time: 10.000286102294922
Epoch: 31, Steps: 31 | Train Loss: 0.0600258 Vali Loss: 0.1000766 Test Loss: 0.0511234
Validation loss decreased (0.100727 --> 0.100077).  Saving model ...
Updating learning rate to 9.994635356966321e-06
Epoch: 32 cost time: 7.172233819961548
Epoch: 32, Steps: 31 | Train Loss: 0.0593705 Vali Loss: 0.0990040 Test Loss: 0.0505661
Validation loss decreased (0.100077 --> 0.099004).  Saving model ...
Updating learning rate to 9.979217463145653e-06
Epoch: 33 cost time: 8.00195574760437
Epoch: 33, Steps: 31 | Train Loss: 0.0586917 Vali Loss: 0.0983867 Test Loss: 0.0501574
Validation loss decreased (0.099004 --> 0.098387).  Saving model ...
Updating learning rate to 9.953772128278901e-06
Epoch: 34 cost time: 7.114864110946655
Epoch: 34, Steps: 31 | Train Loss: 0.0580521 Vali Loss: 0.0971482 Test Loss: 0.0495593
Validation loss decreased (0.098387 --> 0.097148).  Saving model ...
Updating learning rate to 9.918350595884151e-06
Epoch: 35 cost time: 8.813890933990479
Epoch: 35, Steps: 31 | Train Loss: 0.0574113 Vali Loss: 0.0971148 Test Loss: 0.0491488
Validation loss decreased (0.097148 --> 0.097115).  Saving model ...
Updating learning rate to 9.873024200213661e-06
Epoch: 36 cost time: 9.97811245918274
Epoch: 36, Steps: 31 | Train Loss: 0.0567991 Vali Loss: 0.0960867 Test Loss: 0.0486702
Validation loss decreased (0.097115 --> 0.096087).  Saving model ...
Updating learning rate to 9.817884222596151e-06
Epoch: 37 cost time: 10.01288914680481
Epoch: 37, Steps: 31 | Train Loss: 0.0561745 Vali Loss: 0.0952261 Test Loss: 0.0482153
Validation loss decreased (0.096087 --> 0.095226).  Saving model ...
Updating learning rate to 9.75304170760837e-06
Epoch: 38 cost time: 8.152508735656738
Epoch: 38, Steps: 31 | Train Loss: 0.0555767 Vali Loss: 0.0945342 Test Loss: 0.0477374
Validation loss decreased (0.095226 --> 0.094534).  Saving model ...
Updating learning rate to 9.678627239446092e-06
Epoch: 39 cost time: 9.37893795967102
Epoch: 39, Steps: 31 | Train Loss: 0.0549820 Vali Loss: 0.0933907 Test Loss: 0.0473481
Validation loss decreased (0.094534 --> 0.093391).  Saving model ...
Updating learning rate to 9.594790678944921e-06
Epoch: 40 cost time: 11.048896789550781
Epoch: 40, Steps: 31 | Train Loss: 0.0543727 Vali Loss: 0.0932781 Test Loss: 0.0469340
Validation loss decreased (0.093391 --> 0.093278).  Saving model ...
Updating learning rate to 9.50170086178052e-06
Epoch: 41 cost time: 9.262675285339355
Epoch: 41, Steps: 31 | Train Loss: 0.0538226 Vali Loss: 0.0923125 Test Loss: 0.0465507
Validation loss decreased (0.093278 --> 0.092312).  Saving model ...
Updating learning rate to 9.399545258456017e-06
Epoch: 42 cost time: 10.075541734695435
Epoch: 42, Steps: 31 | Train Loss: 0.0532278 Vali Loss: 0.0916622 Test Loss: 0.0461608
Validation loss decreased (0.092312 --> 0.091662).  Saving model ...
Updating learning rate to 9.288529596761373e-06
Epoch: 43 cost time: 7.667322397232056
Epoch: 43, Steps: 31 | Train Loss: 0.0527106 Vali Loss: 0.0908211 Test Loss: 0.0457375
Validation loss decreased (0.091662 --> 0.090821).  Saving model ...
Updating learning rate to 9.168877447464985e-06
Epoch: 44 cost time: 6.785125494003296
Epoch: 44, Steps: 31 | Train Loss: 0.0521666 Vali Loss: 0.0900235 Test Loss: 0.0452489
Validation loss decreased (0.090821 --> 0.090023).  Saving model ...
Updating learning rate to 9.040829774071914e-06
Epoch: 45 cost time: 8.41739797592163
Epoch: 45, Steps: 31 | Train Loss: 0.0515988 Vali Loss: 0.0896409 Test Loss: 0.0449865
Validation loss decreased (0.090023 --> 0.089641).  Saving model ...
Updating learning rate to 8.904644447555448e-06
Epoch: 46 cost time: 11.064798355102539
Epoch: 46, Steps: 31 | Train Loss: 0.0510629 Vali Loss: 0.0887588 Test Loss: 0.0445027
Validation loss decreased (0.089641 --> 0.088759).  Saving model ...
Updating learning rate to 8.760595727039295e-06
Epoch: 47 cost time: 6.670351505279541
Epoch: 47, Steps: 31 | Train Loss: 0.0505713 Vali Loss: 0.0876496 Test Loss: 0.0441165
Validation loss decreased (0.088759 --> 0.087650).  Saving model ...
Updating learning rate to 8.608973707476191e-06
Epoch: 48 cost time: 9.152980089187622
Epoch: 48, Steps: 31 | Train Loss: 0.0500426 Vali Loss: 0.0870423 Test Loss: 0.0437072
Validation loss decreased (0.087650 --> 0.087042).  Saving model ...
Updating learning rate to 8.45008373543528e-06
Epoch: 49 cost time: 5.76025915145874
Epoch: 49, Steps: 31 | Train Loss: 0.0495343 Vali Loss: 0.0865075 Test Loss: 0.0433068
Validation loss decreased (0.087042 --> 0.086508).  Saving model ...
Updating learning rate to 8.284245794174751e-06
Epoch: 50 cost time: 7.862885475158691
Epoch: 50, Steps: 31 | Train Loss: 0.0490331 Vali Loss: 0.0852987 Test Loss: 0.0430400
Validation loss decreased (0.086508 --> 0.085299).  Saving model ...
Updating learning rate to 8.111793859238162e-06
Epoch: 51 cost time: 8.143181562423706
Epoch: 51, Steps: 31 | Train Loss: 0.0485521 Vali Loss: 0.0846077 Test Loss: 0.0426382
Validation loss decreased (0.085299 --> 0.084608).  Saving model ...
Updating learning rate to 7.93307522587211e-06
Epoch: 52 cost time: 9.370328187942505
Epoch: 52, Steps: 31 | Train Loss: 0.0480526 Vali Loss: 0.0841916 Test Loss: 0.0422822
Validation loss decreased (0.084608 --> 0.084192).  Saving model ...
Updating learning rate to 7.748449809619857e-06
Epoch: 53 cost time: 6.990503311157227
Epoch: 53, Steps: 31 | Train Loss: 0.0475808 Vali Loss: 0.0830941 Test Loss: 0.0419187
Validation loss decreased (0.084192 --> 0.083094).  Saving model ...
Updating learning rate to 7.558289421499295e-06
Epoch: 54 cost time: 8.972771167755127
Epoch: 54, Steps: 31 | Train Loss: 0.0471362 Vali Loss: 0.0826615 Test Loss: 0.0415596
Validation loss decreased (0.083094 --> 0.082662).  Saving model ...
Updating learning rate to 7.362977019225052e-06
Epoch: 55 cost time: 9.266376972198486
Epoch: 55, Steps: 31 | Train Loss: 0.0466662 Vali Loss: 0.0817101 Test Loss: 0.0411685
Validation loss decreased (0.082662 --> 0.081710).  Saving model ...
Updating learning rate to 7.162905935982624e-06
Epoch: 56 cost time: 11.256577730178833
Epoch: 56, Steps: 31 | Train Loss: 0.0462065 Vali Loss: 0.0810194 Test Loss: 0.0407823
Validation loss decreased (0.081710 --> 0.081019).  Saving model ...
Updating learning rate to 6.958479088307673e-06
Epoch: 57 cost time: 7.7663023471832275
Epoch: 57, Steps: 31 | Train Loss: 0.0457507 Vali Loss: 0.0805690 Test Loss: 0.0404516
Validation loss decreased (0.081019 --> 0.080569).  Saving model ...
Updating learning rate to 6.7501081646657556e-06
Epoch: 58 cost time: 8.281121015548706
Epoch: 58, Steps: 31 | Train Loss: 0.0453263 Vali Loss: 0.0794591 Test Loss: 0.0401094
Validation loss decreased (0.080569 --> 0.079459).  Saving model ...
Updating learning rate to 6.538212796366537e-06
Epoch: 59 cost time: 8.564677476882935
Epoch: 59, Steps: 31 | Train Loss: 0.0448996 Vali Loss: 0.0788685 Test Loss: 0.0397868
Validation loss decreased (0.079459 --> 0.078869).  Saving model ...
Updating learning rate to 6.323219712482178e-06
Epoch: 60 cost time: 9.065357208251953
Epoch: 60, Steps: 31 | Train Loss: 0.0444395 Vali Loss: 0.0782365 Test Loss: 0.0394412
Validation loss decreased (0.078869 --> 0.078236).  Saving model ...
Updating learning rate to 6.1055618804717764e-06
Epoch: 61 cost time: 8.574398279190063
Epoch: 61, Steps: 31 | Train Loss: 0.0440228 Vali Loss: 0.0775124 Test Loss: 0.0391065
Validation loss decreased (0.078236 --> 0.077512).  Saving model ...
Updating learning rate to 5.8856776342425235e-06
Epoch: 62 cost time: 8.59479022026062
Epoch: 62, Steps: 31 | Train Loss: 0.0435986 Vali Loss: 0.0768589 Test Loss: 0.0387941
Validation loss decreased (0.077512 --> 0.076859).  Saving model ...
Updating learning rate to 5.664009791403554e-06
Epoch: 63 cost time: 9.358079433441162
Epoch: 63, Steps: 31 | Train Loss: 0.0431951 Vali Loss: 0.0760785 Test Loss: 0.0384198
Validation loss decreased (0.076859 --> 0.076078).  Saving model ...
Updating learning rate to 5.441004761490205e-06
Epoch: 64 cost time: 7.281079053878784
Epoch: 64, Steps: 31 | Train Loss: 0.0427889 Vali Loss: 0.0754204 Test Loss: 0.0381122
Validation loss decreased (0.076078 --> 0.075420).  Saving model ...
Updating learning rate to 5.217111646954626e-06
Epoch: 65 cost time: 10.47677993774414
Epoch: 65, Steps: 31 | Train Loss: 0.0423787 Vali Loss: 0.0746757 Test Loss: 0.0378370
Validation loss decreased (0.075420 --> 0.074676).  Saving model ...
Updating learning rate to 4.992781338733208e-06
Epoch: 66 cost time: 9.318440437316895
Epoch: 66, Steps: 31 | Train Loss: 0.0420003 Vali Loss: 0.0741515 Test Loss: 0.0374869
Validation loss decreased (0.074676 --> 0.074152).  Saving model ...
Updating learning rate to 4.768465608212241e-06
Epoch: 67 cost time: 12.37567925453186
Epoch: 67, Steps: 31 | Train Loss: 0.0415785 Vali Loss: 0.0736931 Test Loss: 0.0371602
Validation loss decreased (0.074152 --> 0.073693).  Saving model ...
Updating learning rate to 4.544616197420465e-06
Epoch: 68 cost time: 10.432575941085815
Epoch: 68, Steps: 31 | Train Loss: 0.0411745 Vali Loss: 0.0727402 Test Loss: 0.0368483
Validation loss decreased (0.073693 --> 0.072740).  Saving model ...
Updating learning rate to 4.321683909280753e-06
Epoch: 69 cost time: 8.175159215927124
Epoch: 69, Steps: 31 | Train Loss: 0.0408180 Vali Loss: 0.0720966 Test Loss: 0.0365113
Validation loss decreased (0.072740 --> 0.072097).  Saving model ...
Updating learning rate to 4.100117699752996e-06
Epoch: 70 cost time: 6.482784748077393
Epoch: 70, Steps: 31 | Train Loss: 0.0404635 Vali Loss: 0.0717124 Test Loss: 0.0364494
Validation loss decreased (0.072097 --> 0.071712).  Saving model ...
Updating learning rate to 3.8803637736965736e-06
Epoch: 71 cost time: 8.562934160232544
Epoch: 71, Steps: 31 | Train Loss: 0.0403947 Vali Loss: 0.0717240 Test Loss: 0.0364109
EarlyStopping counter: 1 out of 10
Updating learning rate to 3.66286468627313e-06
Epoch: 72 cost time: 7.338353157043457
Epoch: 72, Steps: 31 | Train Loss: 0.0403877 Vali Loss: 0.0718703 Test Loss: 0.0364116
EarlyStopping counter: 2 out of 10
Updating learning rate to 3.4480584516993903e-06
Epoch: 73 cost time: 9.894583225250244
Epoch: 73, Steps: 31 | Train Loss: 0.0403932 Vali Loss: 0.0717933 Test Loss: 0.0364472
EarlyStopping counter: 3 out of 10
Updating learning rate to 3.2363776611448018e-06
Epoch: 74 cost time: 9.519473791122437
Epoch: 74, Steps: 31 | Train Loss: 0.0403795 Vali Loss: 0.0714769 Test Loss: 0.0364535
Validation loss decreased (0.071712 --> 0.071477).  Saving model ...
Updating learning rate to 3.0282486115505108e-06
Epoch: 75 cost time: 9.17311692237854
Epoch: 75, Steps: 31 | Train Loss: 0.0403604 Vali Loss: 0.0718815 Test Loss: 0.0364131
EarlyStopping counter: 1 out of 10
Updating learning rate to 2.8240904471240344e-06
Epoch: 76 cost time: 7.619311809539795
Epoch: 76, Steps: 31 | Train Loss: 0.0403212 Vali Loss: 0.0716716 Test Loss: 0.0364371
EarlyStopping counter: 2 out of 10
Updating learning rate to 2.624314315238625e-06
Epoch: 77 cost time: 8.630600452423096
Epoch: 77, Steps: 31 | Train Loss: 0.0403260 Vali Loss: 0.0716157 Test Loss: 0.0364323
EarlyStopping counter: 3 out of 10
Updating learning rate to 2.429322538437165e-06
Epoch: 78 cost time: 8.805315017700195
Epoch: 78, Steps: 31 | Train Loss: 0.0403013 Vali Loss: 0.0719486 Test Loss: 0.0364500
EarlyStopping counter: 4 out of 10
Updating learning rate to 2.2395078042081163e-06
Epoch: 79 cost time: 6.991712331771851
Epoch: 79, Steps: 31 | Train Loss: 0.0402946 Vali Loss: 0.0716103 Test Loss: 0.0364575
EarlyStopping counter: 5 out of 10
Updating learning rate to 2.0552523741651704e-06
Epoch: 80 cost time: 7.048706769943237
Epoch: 80, Steps: 31 | Train Loss: 0.0402969 Vali Loss: 0.0717775 Test Loss: 0.0364519
EarlyStopping counter: 6 out of 10
Updating learning rate to 1.8769273142232387e-06
Epoch: 81 cost time: 10.431462049484253
Epoch: 81, Steps: 31 | Train Loss: 0.0402686 Vali Loss: 0.0716376 Test Loss: 0.0364575
EarlyStopping counter: 7 out of 10
Updating learning rate to 1.7048917473210744e-06
Epoch: 82 cost time: 8.235512018203735
Epoch: 82, Steps: 31 | Train Loss: 0.0402562 Vali Loss: 0.0717436 Test Loss: 0.0364546
EarlyStopping counter: 8 out of 10
Updating learning rate to 1.5394921301954737e-06
Epoch: 83 cost time: 7.126604795455933
Epoch: 83, Steps: 31 | Train Loss: 0.0402502 Vali Loss: 0.0717151 Test Loss: 0.0364559
EarlyStopping counter: 9 out of 10
Updating learning rate to 1.3810615556635122e-06
Epoch: 84 cost time: 6.53113865852356
Epoch: 84, Steps: 31 | Train Loss: 0.0402408 Vali Loss: 0.0718933 Test Loss: 0.0364648
EarlyStopping counter: 10 out of 10
Early stopping
>>>>>>>testing : ETTh1_336_336_DTFNet_ETTh1_ftM_sl336_ll0_pl336_dm128_nh16_el2_br2_dl1_df256_fc1_ebtimeF_dtTrue_'Exp'_0_'rel_sin'_16_8_16,24_8,12_3_1_256<<<<<<<<<<<<<<<<<<<<<<<<<<<<<<<<<
test 2545
mse:0.38280823826789856, mae:0.41098666191101074, rse:0.5960980653762817
