Args in experiment:
Namespace(is_training=1, model_id='ETTh1_336_720', model='DTFNet', data='ETTh1', root_path='./dataset/', data_path='ETTh1.csv', features='M', target='OT', freq='h', checkpoints='./checkpoints/', seq_len=336, label_len=0, pred_len=720, n_branches=2, patch_len_ls='16,24', stride_ls='8,12', d_model_ls='128', n_heads_ls='16', rel_pe="'rel_sin'", res_attn=False, head_type='flatten', fc_dropout=0.3, head_dropout=0.1, patch_len=16, stride=8, padding_patch="'end'", revin=1, affine=0, subtract_last=0, decomposition=0, kernel_size=25, individual=0, store_attn=False, pre_norm=False, pe='zeros', no_learn_pe=True, embed_type=0, enc_in=7, dec_in=7, c_out=7, d_model=128, n_heads=16, e_layers=2, d_layers=1, d_ff=256, moving_avg=25, factor=1, distil=True, dropout=0.3, embed='timeF', activation='gelu', output_attention=False, do_predict=False, num_workers=0, itr=1, train_epochs=100, batch_size=256, patience=10, learning_rate=1e-05, des="'Exp'", loss='mse', lradj='TST', pct_start=0.3, use_amp=False, l2=0.0, warmup_steps=0, use_gpu=True, gpu=0, use_multi_gpu=False, devices='0', test_flop=False, use_mlflow=False, mlflow_project='exp', loss_flag=2, sub_patch_len=16, sub_stride=8, stride_ls_list='16', model_type='linear', tfactor=3, dilation_rates='1', wavelet_layers=2, wavelet_type='db5', wavelet_mode='periodization', wavelet_dim=64, initTLV=0.2)
Use GPU: cuda:0
>>>>>>>start training : ETTh1_336_720_DTFNet_ETTh1_ftM_sl336_ll0_pl720_dm128_nh16_el2_br2_dl1_df256_fc1_ebtimeF_dtTrue_'Exp'_0_'rel_sin'_16_8_16,24_8,12_3_1_256>>>>>>>>>>>>>>>>>>>>>>>>>>
train 7585
val 2161
test 2161
Epoch: 1 cost time: 1.552058219909668
Epoch: 1, Steps: 29 | Train Loss: 0.1075881 Vali Loss: 0.1788384 Test Loss: 0.0997489
Validation loss decreased (inf --> 0.178838).  Saving model ...
Updating learning rate to 4.2635539919063106e-07
Epoch: 2 cost time: 1.1819720268249512
Epoch: 2, Steps: 29 | Train Loss: 0.1066612 Vali Loss: 0.1772000 Test Loss: 0.0989129
Validation loss decreased (0.178838 --> 0.177200).  Saving model ...
Updating learning rate to 5.051321771514831e-07
Epoch: 3 cost time: 1.1830580234527588
Epoch: 3, Steps: 29 | Train Loss: 0.1057835 Vali Loss: 0.1760025 Test Loss: 0.0980028
Validation loss decreased (0.177200 --> 0.176003).  Saving model ...
Updating learning rate to 6.354652532866785e-07
Epoch: 4 cost time: 1.1912057399749756
Epoch: 4, Steps: 29 | Train Loss: 0.1048898 Vali Loss: 0.1740952 Test Loss: 0.0970248
Validation loss decreased (0.176003 --> 0.174095).  Saving model ...
Updating learning rate to 8.159233858256806e-07
Epoch: 5 cost time: 1.1869523525238037
Epoch: 5, Steps: 29 | Train Loss: 0.1039100 Vali Loss: 0.1718260 Test Loss: 0.0959567
Validation loss decreased (0.174095 --> 0.171826).  Saving model ...
Updating learning rate to 1.0445248888850473e-06
Epoch: 6 cost time: 1.1896617412567139
Epoch: 6, Steps: 29 | Train Loss: 0.1028948 Vali Loss: 0.1705916 Test Loss: 0.0947696
Validation loss decreased (0.171826 --> 0.170592).  Saving model ...
Updating learning rate to 1.3187593941861497e-06
Epoch: 7 cost time: 1.1657426357269287
Epoch: 7, Steps: 29 | Train Loss: 0.1018081 Vali Loss: 0.1677516 Test Loss: 0.0933750
Validation loss decreased (0.170592 --> 0.167752).  Saving model ...
Updating learning rate to 1.6356154184543822e-06
Epoch: 8 cost time: 1.191209077835083
Epoch: 8, Steps: 29 | Train Loss: 0.1005390 Vali Loss: 0.1653943 Test Loss: 0.0916723
Validation loss decreased (0.167752 --> 0.165394).  Saving model ...
Updating learning rate to 1.9916134337707666e-06
Epoch: 9 cost time: 1.1868526935577393
Epoch: 9, Steps: 29 | Train Loss: 0.0990889 Vali Loss: 0.1622052 Test Loss: 0.0894824
Validation loss decreased (0.165394 --> 0.162205).  Saving model ...
Updating learning rate to 2.3828440777166636e-06
Epoch: 10 cost time: 1.18929123878479
Epoch: 10, Steps: 29 | Train Loss: 0.0973201 Vali Loss: 0.1581497 Test Loss: 0.0864033
Validation loss decreased (0.162205 --> 0.158150).  Saving model ...
Updating learning rate to 2.805011083710071e-06
Epoch: 11 cost time: 1.187323808670044
Epoch: 11, Steps: 29 | Train Loss: 0.0949510 Vali Loss: 0.1525620 Test Loss: 0.0822474
Validation loss decreased (0.158150 --> 0.152562).  Saving model ...
Updating learning rate to 3.2534784600976295e-06
Epoch: 12 cost time: 1.1920065879821777
Epoch: 12, Steps: 29 | Train Loss: 0.0922566 Vali Loss: 0.1468965 Test Loss: 0.0777320
Validation loss decreased (0.152562 --> 0.146897).  Saving model ...
Updating learning rate to 3.723321399909056e-06
Epoch: 13 cost time: 1.1857662200927734
Epoch: 13, Steps: 29 | Train Loss: 0.0899496 Vali Loss: 0.1424129 Test Loss: 0.0750108
Validation loss decreased (0.146897 --> 0.142413).  Saving model ...
Updating learning rate to 4.209380362212844e-06
Epoch: 14 cost time: 1.1941885948181152
Epoch: 14, Steps: 29 | Train Loss: 0.0880916 Vali Loss: 0.1389268 Test Loss: 0.0732205
Validation loss decreased (0.142413 --> 0.138927).  Saving model ...
Updating learning rate to 4.706317731183279e-06
Epoch: 15 cost time: 1.1930782794952393
Epoch: 15, Steps: 29 | Train Loss: 0.0863155 Vali Loss: 0.1356205 Test Loss: 0.0712277
Validation loss decreased (0.138927 --> 0.135620).  Saving model ...
Updating learning rate to 5.208676430682048e-06
Epoch: 16 cost time: 1.179518461227417
Epoch: 16, Steps: 29 | Train Loss: 0.0845503 Vali Loss: 0.1334057 Test Loss: 0.0692824
Validation loss decreased (0.135620 --> 0.133406).  Saving model ...
Updating learning rate to 5.710939850683244e-06
Epoch: 17 cost time: 1.1875991821289062
Epoch: 17, Steps: 29 | Train Loss: 0.0829858 Vali Loss: 0.1313324 Test Loss: 0.0673976
Validation loss decreased (0.133406 --> 0.131332).  Saving model ...
Updating learning rate to 6.207592427464792e-06
Epoch: 18 cost time: 1.188873291015625
Epoch: 18, Steps: 29 | Train Loss: 0.0816104 Vali Loss: 0.1298810 Test Loss: 0.0657977
Validation loss decreased (0.131332 --> 0.129881).  Saving model ...
Updating learning rate to 6.693180212309968e-06
Epoch: 19 cost time: 1.1921496391296387
Epoch: 19, Steps: 29 | Train Loss: 0.0804691 Vali Loss: 0.1287874 Test Loss: 0.0645999
Validation loss decreased (0.129881 --> 0.128787).  Saving model ...
Updating learning rate to 7.1623707635889015e-06
Epoch: 20 cost time: 1.1909430027008057
Epoch: 20, Steps: 29 | Train Loss: 0.0795182 Vali Loss: 0.1276025 Test Loss: 0.0637884
Validation loss decreased (0.128787 --> 0.127603).  Saving model ...
Updating learning rate to 7.610011704520164e-06
Epoch: 21 cost time: 1.1960594654083252
Epoch: 21, Steps: 29 | Train Loss: 0.0785561 Vali Loss: 0.1267762 Test Loss: 0.0629589
Validation loss decreased (0.127603 --> 0.126776).  Saving model ...
Updating learning rate to 8.031187303565295e-06
Epoch: 22 cost time: 1.186497688293457
Epoch: 22, Steps: 29 | Train Loss: 0.0777170 Vali Loss: 0.1258528 Test Loss: 0.0621645
Validation loss decreased (0.126776 --> 0.125853).  Saving model ...
Updating learning rate to 8.421272456123378e-06
Epoch: 23 cost time: 1.1872637271881104
Epoch: 23, Steps: 29 | Train Loss: 0.0768503 Vali Loss: 0.1255370 Test Loss: 0.0612516
Validation loss decreased (0.125853 --> 0.125537).  Saving model ...
Updating learning rate to 8.775983474730246e-06
Epoch: 24 cost time: 1.1865146160125732
Epoch: 24, Steps: 29 | Train Loss: 0.0760671 Vali Loss: 0.1244779 Test Loss: 0.0602806
Validation loss decreased (0.125537 --> 0.124478).  Saving model ...
Updating learning rate to 9.091425130013939e-06
Epoch: 25 cost time: 1.1898877620697021
Epoch: 25, Steps: 29 | Train Loss: 0.0752815 Vali Loss: 0.1232389 Test Loss: 0.0596286
Validation loss decreased (0.124478 --> 0.123239).  Saving model ...
Updating learning rate to 9.364133425830145e-06
Epoch: 26 cost time: 1.1878230571746826
Epoch: 26, Steps: 29 | Train Loss: 0.0744765 Vali Loss: 0.1221231 Test Loss: 0.0592278
Validation loss decreased (0.123239 --> 0.122123).  Saving model ...
Updating learning rate to 9.591113638846019e-06
Epoch: 27 cost time: 1.1983821392059326
Epoch: 27, Steps: 29 | Train Loss: 0.0738019 Vali Loss: 0.1215190 Test Loss: 0.0589927
Validation loss decreased (0.122123 --> 0.121519).  Saving model ...
Updating learning rate to 9.769873204843885e-06
Epoch: 28 cost time: 1.1844840049743652
Epoch: 28, Steps: 29 | Train Loss: 0.0729691 Vali Loss: 0.1204887 Test Loss: 0.0579854
Validation loss decreased (0.121519 --> 0.120489).  Saving model ...
Updating learning rate to 9.898449090606656e-06
Epoch: 29 cost time: 1.1894481182098389
Epoch: 29, Steps: 29 | Train Loss: 0.0721864 Vali Loss: 0.1206011 Test Loss: 0.0571999
EarlyStopping counter: 1 out of 10
Updating learning rate to 9.975429350802846e-06
Epoch: 30 cost time: 1.186601161956787
Epoch: 30, Steps: 29 | Train Loss: 0.0715267 Vali Loss: 0.1189539 Test Loss: 0.0570378
Validation loss decreased (0.120489 --> 0.118954).  Saving model ...
Updating learning rate to 9.99999401249548e-06
Epoch: 31 cost time: 1.1865856647491455
Epoch: 31, Steps: 29 | Train Loss: 0.0707910 Vali Loss: 0.1188179 Test Loss: 0.0561498
Validation loss decreased (0.118954 --> 0.118818).  Saving model ...
Updating learning rate to 9.994612212745642e-06
Epoch: 32 cost time: 1.1869399547576904
Epoch: 32, Steps: 29 | Train Loss: 0.0701195 Vali Loss: 0.1180462 Test Loss: 0.0557376
Validation loss decreased (0.118818 --> 0.118046).  Saving model ...
Updating learning rate to 9.979171968972798e-06
Epoch: 33 cost time: 1.1905016899108887
Epoch: 33, Steps: 29 | Train Loss: 0.0693644 Vali Loss: 0.1167922 Test Loss: 0.0557573
Validation loss decreased (0.118046 --> 0.116792).  Saving model ...
Updating learning rate to 9.953704375773079e-06
Epoch: 34 cost time: 1.184323787689209
Epoch: 34, Steps: 29 | Train Loss: 0.0686941 Vali Loss: 0.1160784 Test Loss: 0.0552051
Validation loss decreased (0.116792 --> 0.116078).  Saving model ...
Updating learning rate to 9.918260721489893e-06
Epoch: 35 cost time: 1.1810894012451172
Epoch: 35, Steps: 29 | Train Loss: 0.0680541 Vali Loss: 0.1157701 Test Loss: 0.0543835
Validation loss decreased (0.116078 --> 0.115770).  Saving model ...
Updating learning rate to 9.872912384926035e-06
Epoch: 36 cost time: 1.1877763271331787
Epoch: 36, Steps: 29 | Train Loss: 0.0673700 Vali Loss: 0.1154953 Test Loss: 0.0537868
Validation loss decreased (0.115770 --> 0.115495).  Saving model ...
Updating learning rate to 9.817750691596265e-06
Epoch: 37 cost time: 1.1901071071624756
Epoch: 37, Steps: 29 | Train Loss: 0.0667095 Vali Loss: 0.1141355 Test Loss: 0.0538445
Validation loss decreased (0.115495 --> 0.114136).  Saving model ...
Updating learning rate to 9.752886729809889e-06
Epoch: 38 cost time: 1.1870357990264893
Epoch: 38, Steps: 29 | Train Loss: 0.0660686 Vali Loss: 0.1139281 Test Loss: 0.0534106
Validation loss decreased (0.114136 --> 0.113928).  Saving model ...
Updating learning rate to 9.678451126953676e-06
Epoch: 39 cost time: 1.1857197284698486
Epoch: 39, Steps: 29 | Train Loss: 0.0654288 Vali Loss: 0.1123184 Test Loss: 0.0529433
Validation loss decreased (0.113928 --> 0.112318).  Saving model ...
Updating learning rate to 9.594593786425696e-06
Epoch: 40 cost time: 1.1974055767059326
Epoch: 40, Steps: 29 | Train Loss: 0.0648462 Vali Loss: 0.1117296 Test Loss: 0.0525666
Validation loss decreased (0.112318 --> 0.111730).  Saving model ...
Updating learning rate to 9.501483585749811e-06
Epoch: 41 cost time: 1.1833140850067139
Epoch: 41, Steps: 29 | Train Loss: 0.0641545 Vali Loss: 0.1112019 Test Loss: 0.0522583
Validation loss decreased (0.111730 --> 0.111202).  Saving model ...
Updating learning rate to 9.399308036478838e-06
Epoch: 42 cost time: 1.1901075839996338
Epoch: 42, Steps: 29 | Train Loss: 0.0635885 Vali Loss: 0.1105884 Test Loss: 0.0518816
Validation loss decreased (0.111202 --> 0.110588).  Saving model ...
Updating learning rate to 9.288272906571216e-06
Epoch: 43 cost time: 1.1977176666259766
Epoch: 43, Steps: 29 | Train Loss: 0.0628912 Vali Loss: 0.1103885 Test Loss: 0.0513051
Validation loss decreased (0.110588 --> 0.110389).  Saving model ...
Updating learning rate to 9.16860180600173e-06
Epoch: 44 cost time: 1.196394443511963
Epoch: 44, Steps: 29 | Train Loss: 0.0623769 Vali Loss: 0.1092401 Test Loss: 0.0512083
Validation loss decreased (0.110389 --> 0.109240).  Saving model ...
Updating learning rate to 9.040535736440785e-06
Epoch: 45 cost time: 1.1944077014923096
Epoch: 45, Steps: 29 | Train Loss: 0.0618090 Vali Loss: 0.1076181 Test Loss: 0.0511631
Validation loss decreased (0.109240 --> 0.107618).  Saving model ...
Updating learning rate to 8.904332605909106e-06
Epoch: 46 cost time: 1.1937017440795898
Epoch: 46, Steps: 29 | Train Loss: 0.0612100 Vali Loss: 0.1067389 Test Loss: 0.0506779
Validation loss decreased (0.107618 --> 0.106739).  Saving model ...
Updating learning rate to 8.760266709385311e-06
Epoch: 47 cost time: 1.1903584003448486
Epoch: 47, Steps: 29 | Train Loss: 0.0606252 Vali Loss: 0.1064830 Test Loss: 0.0503000
Validation loss decreased (0.106739 --> 0.106483).  Saving model ...
Updating learning rate to 8.608628176412335e-06
Epoch: 48 cost time: 1.1862125396728516
Epoch: 48, Steps: 29 | Train Loss: 0.0600309 Vali Loss: 0.1066271 Test Loss: 0.0498831
EarlyStopping counter: 1 out of 10
Updating learning rate to 8.449722386815127e-06
Epoch: 49 cost time: 1.1873295307159424
Epoch: 49, Steps: 29 | Train Loss: 0.0594776 Vali Loss: 0.1049034 Test Loss: 0.0497452
Validation loss decreased (0.106483 --> 0.104903).  Saving model ...
Updating learning rate to 8.28386935570634e-06
Epoch: 50 cost time: 1.1825976371765137
Epoch: 50, Steps: 29 | Train Loss: 0.0589547 Vali Loss: 0.1043140 Test Loss: 0.0494727
Validation loss decreased (0.104903 --> 0.104314).  Saving model ...
Updating learning rate to 8.111403089018465e-06
Epoch: 51 cost time: 1.184525966644287
Epoch: 51, Steps: 29 | Train Loss: 0.0584347 Vali Loss: 0.1038900 Test Loss: 0.0488125
Validation loss decreased (0.104314 --> 0.103890).  Saving model ...
Updating learning rate to 7.93267091086035e-06
Epoch: 52 cost time: 1.1953232288360596
Epoch: 52, Steps: 29 | Train Loss: 0.0578867 Vali Loss: 0.1027394 Test Loss: 0.0487028
Validation loss decreased (0.103890 --> 0.102739).  Saving model ...
Updating learning rate to 7.748032764052655e-06
Epoch: 53 cost time: 1.1700267791748047
Epoch: 53, Steps: 29 | Train Loss: 0.0573661 Vali Loss: 0.1026942 Test Loss: 0.0482370
Validation loss decreased (0.102739 --> 0.102694).  Saving model ...
Updating learning rate to 7.557860485250925e-06
Epoch: 54 cost time: 1.1864073276519775
Epoch: 54, Steps: 29 | Train Loss: 0.0568649 Vali Loss: 0.1014192 Test Loss: 0.0480497
Validation loss decreased (0.102694 --> 0.101419).  Saving model ...
Updating learning rate to 7.362537056116034e-06
Epoch: 55 cost time: 1.1922316551208496
Epoch: 55, Steps: 29 | Train Loss: 0.0563745 Vali Loss: 0.1014911 Test Loss: 0.0474048
EarlyStopping counter: 1 out of 10
Updating learning rate to 7.162455832040107e-06
Epoch: 56 cost time: 1.1851365566253662
Epoch: 56, Steps: 29 | Train Loss: 0.0558558 Vali Loss: 0.1007063 Test Loss: 0.0472953
Validation loss decreased (0.101419 --> 0.100706).  Saving model ...
Updating learning rate to 6.9580197499810984e-06
Epoch: 57 cost time: 1.187535285949707
Epoch: 57, Steps: 29 | Train Loss: 0.0553649 Vali Loss: 0.0985333 Test Loss: 0.0474139
Validation loss decreased (0.100706 --> 0.098533).  Saving model ...
Updating learning rate to 6.7496405170013816e-06
Epoch: 58 cost time: 1.1922707557678223
Epoch: 58, Steps: 29 | Train Loss: 0.0548730 Vali Loss: 0.0982456 Test Loss: 0.0468310
Validation loss decreased (0.098533 --> 0.098246).  Saving model ...
Updating learning rate to 6.537737781144523e-06
Epoch: 59 cost time: 1.186554193496704
Epoch: 59, Steps: 29 | Train Loss: 0.0543685 Vali Loss: 0.0976023 Test Loss: 0.0465014
Validation loss decreased (0.098246 --> 0.097602).  Saving model ...
Updating learning rate to 6.322738286319964e-06
Epoch: 60 cost time: 1.1996567249298096
Epoch: 60, Steps: 29 | Train Loss: 0.0539224 Vali Loss: 0.0968248 Test Loss: 0.0462026
Validation loss decreased (0.097602 --> 0.096825).  Saving model ...
Updating learning rate to 6.105075012897585e-06
Epoch: 61 cost time: 1.194284439086914
Epoch: 61, Steps: 29 | Train Loss: 0.0534621 Vali Loss: 0.0962084 Test Loss: 0.0460150
Validation loss decreased (0.096825 --> 0.096208).  Saving model ...
Updating learning rate to 5.885186305742857e-06
Epoch: 62 cost time: 1.2019457817077637
Epoch: 62, Steps: 29 | Train Loss: 0.0529785 Vali Loss: 0.0949655 Test Loss: 0.0457823
Validation loss decreased (0.096208 --> 0.094966).  Saving model ...
Updating learning rate to 5.6635149914486225e-06
Epoch: 63 cost time: 1.186727523803711
Epoch: 63, Steps: 29 | Train Loss: 0.0525443 Vali Loss: 0.0950420 Test Loss: 0.0452115
EarlyStopping counter: 1 out of 10
Updating learning rate to 5.440507486541268e-06
Epoch: 64 cost time: 1.1856119632720947
Epoch: 64, Steps: 29 | Train Loss: 0.0520809 Vali Loss: 0.0939192 Test Loss: 0.0450675
Validation loss decreased (0.094966 --> 0.093919).  Saving model ...
Updating learning rate to 5.216612898457253e-06
Epoch: 65 cost time: 1.1884856224060059
Epoch: 65, Steps: 29 | Train Loss: 0.0516985 Vali Loss: 0.0932399 Test Loss: 0.0446319
Validation loss decreased (0.093919 --> 0.093240).  Saving model ...
Updating learning rate to 4.992282121100496e-06
Epoch: 66 cost time: 1.1872336864471436
Epoch: 66, Steps: 29 | Train Loss: 0.0512826 Vali Loss: 0.0922712 Test Loss: 0.0443876
Validation loss decreased (0.093240 --> 0.092271).  Saving model ...
Updating learning rate to 4.767966926802067e-06
Epoch: 67 cost time: 1.195707082748413
Epoch: 67, Steps: 29 | Train Loss: 0.0508106 Vali Loss: 0.0919018 Test Loss: 0.0439608
Validation loss decreased (0.092271 --> 0.091902).  Saving model ...
Updating learning rate to 4.5441190565108235e-06
Epoch: 68 cost time: 1.1974084377288818
Epoch: 68, Steps: 29 | Train Loss: 0.0503919 Vali Loss: 0.0913729 Test Loss: 0.0436758
Validation loss decreased (0.091902 --> 0.091373).  Saving model ...
Updating learning rate to 4.3211893100472735e-06
Epoch: 69 cost time: 1.1908435821533203
Epoch: 69, Steps: 29 | Train Loss: 0.0499525 Vali Loss: 0.0906360 Test Loss: 0.0431955
Validation loss decreased (0.091373 --> 0.090636).  Saving model ...
Updating learning rate to 4.099626638252712e-06
Epoch: 70 cost time: 1.1882517337799072
Epoch: 70, Steps: 29 | Train Loss: 0.0495525 Vali Loss: 0.0897070 Test Loss: 0.0431834
Validation loss decreased (0.090636 --> 0.089707).  Saving model ...
Updating learning rate to 3.879877238861997e-06
Epoch: 71 cost time: 1.1950478553771973
Epoch: 71, Steps: 29 | Train Loss: 0.0491173 Vali Loss: 0.0891156 Test Loss: 0.0427341
Validation loss decreased (0.089707 --> 0.089116).  Saving model ...
Updating learning rate to 3.662383657920668e-06
Epoch: 72 cost time: 1.1885972023010254
Epoch: 72, Steps: 29 | Train Loss: 0.0486865 Vali Loss: 0.0886469 Test Loss: 0.0423934
Validation loss decreased (0.089116 --> 0.088647).  Saving model ...
Updating learning rate to 3.447583898556124e-06
Epoch: 73 cost time: 1.1938903331756592
Epoch: 73, Steps: 29 | Train Loss: 0.0483774 Vali Loss: 0.0881296 Test Loss: 0.0419989
Validation loss decreased (0.088647 --> 0.088130).  Saving model ...
Updating learning rate to 3.2359105388976132e-06
Epoch: 74 cost time: 1.1893928050994873
Epoch: 74, Steps: 29 | Train Loss: 0.0479823 Vali Loss: 0.0869909 Test Loss: 0.0419199
Validation loss decreased (0.088130 --> 0.086991).  Saving model ...
Updating learning rate to 3.027789860921434e-06
Epoch: 75 cost time: 1.1957619190216064
Epoch: 75, Steps: 29 | Train Loss: 0.0475990 Vali Loss: 0.0861278 Test Loss: 0.0416074
Validation loss decreased (0.086991 --> 0.086128).  Saving model ...
Updating learning rate to 2.8236409919757893e-06
Epoch: 76 cost time: 1.1929850578308105
Epoch: 76, Steps: 29 | Train Loss: 0.0471822 Vali Loss: 0.0855968 Test Loss: 0.0412856
Validation loss decreased (0.086128 --> 0.085597).  Saving model ...
Updating learning rate to 2.6238750607140637e-06
Epoch: 77 cost time: 1.1970880031585693
Epoch: 77, Steps: 29 | Train Loss: 0.0467937 Vali Loss: 0.0850236 Test Loss: 0.0409702
Validation loss decreased (0.085597 --> 0.085024).  Saving model ...
Updating learning rate to 2.4288943691364434e-06
Epoch: 78 cost time: 1.1915829181671143
Epoch: 78, Steps: 29 | Train Loss: 0.0464340 Vali Loss: 0.0840553 Test Loss: 0.0407750
Validation loss decreased (0.085024 --> 0.084055).  Saving model ...
Updating learning rate to 2.2390915824072217e-06
Epoch: 79 cost time: 1.1910178661346436
Epoch: 79, Steps: 29 | Train Loss: 0.0460527 Vali Loss: 0.0839659 Test Loss: 0.0403511
Validation loss decreased (0.084055 --> 0.083966).  Saving model ...
Updating learning rate to 2.0548489380794217e-06
Epoch: 80 cost time: 1.1972150802612305
Epoch: 80, Steps: 29 | Train Loss: 0.0457516 Vali Loss: 0.0828859 Test Loss: 0.0401050
Validation loss decreased (0.083966 --> 0.082886).  Saving model ...
Updating learning rate to 1.876537476319218e-06
Epoch: 81 cost time: 1.185617446899414
Epoch: 81, Steps: 29 | Train Loss: 0.0454577 Vali Loss: 0.0829358 Test Loss: 0.0399948
EarlyStopping counter: 1 out of 10
Updating learning rate to 1.7045162926804444e-06
Epoch: 82 cost time: 1.1877672672271729
Epoch: 82, Steps: 29 | Train Loss: 0.0454197 Vali Loss: 0.0830053 Test Loss: 0.0399824
EarlyStopping counter: 2 out of 10
Updating learning rate to 1.5391318149339123e-06
Epoch: 83 cost time: 1.1923925876617432
Epoch: 83, Steps: 29 | Train Loss: 0.0453807 Vali Loss: 0.0827456 Test Loss: 0.0400907
Validation loss decreased (0.082886 --> 0.082746).  Saving model ...
Updating learning rate to 1.3807171054080036e-06
Epoch: 84 cost time: 1.1913647651672363
Epoch: 84, Steps: 29 | Train Loss: 0.0454006 Vali Loss: 0.0827391 Test Loss: 0.0400537
Validation loss decreased (0.082746 --> 0.082739).  Saving model ...
Updating learning rate to 1.2295911902454577e-06
Epoch: 85 cost time: 1.18296217918396
Epoch: 85, Steps: 29 | Train Loss: 0.0453832 Vali Loss: 0.0830404 Test Loss: 0.0399846
EarlyStopping counter: 1 out of 10
Updating learning rate to 1.0860584169271784e-06
Epoch: 86 cost time: 1.1929566860198975
Epoch: 86, Steps: 29 | Train Loss: 0.0453547 Vali Loss: 0.0829091 Test Loss: 0.0400920
EarlyStopping counter: 2 out of 10
Updating learning rate to 9.504078413569088e-07
Epoch: 87 cost time: 1.1957530975341797
Epoch: 87, Steps: 29 | Train Loss: 0.0453773 Vali Loss: 0.0829076 Test Loss: 0.0400252
EarlyStopping counter: 3 out of 10
Updating learning rate to 8.229126457411124e-07
Epoch: 88 cost time: 1.1795992851257324
Epoch: 88, Steps: 29 | Train Loss: 0.0453306 Vali Loss: 0.0827927 Test Loss: 0.0400469
EarlyStopping counter: 4 out of 10
Updating learning rate to 7.038295884363647e-07
Epoch: 89 cost time: 1.1862614154815674
Epoch: 89, Steps: 29 | Train Loss: 0.0453577 Vali Loss: 0.0828526 Test Loss: 0.0400280
EarlyStopping counter: 5 out of 10
Updating learning rate to 5.933984868721898e-07
Epoch: 90 cost time: 1.1997244358062744
Epoch: 90, Steps: 29 | Train Loss: 0.0453406 Vali Loss: 0.0829016 Test Loss: 0.0400429
EarlyStopping counter: 6 out of 10
Updating learning rate to 4.918417345906772e-07
Epoch: 91 cost time: 1.1893820762634277
Epoch: 91, Steps: 29 | Train Loss: 0.0453500 Vali Loss: 0.0826604 Test Loss: 0.0400311
Validation loss decreased (0.082739 --> 0.082660).  Saving model ...
Updating learning rate to 3.9936385337548097e-07
Epoch: 92 cost time: 1.1992783546447754
Epoch: 92, Steps: 29 | Train Loss: 0.0453419 Vali Loss: 0.0830549 Test Loss: 0.0400316
EarlyStopping counter: 1 out of 10
Updating learning rate to 3.161510813721721e-07
Epoch: 93 cost time: 1.1995768547058105
Epoch: 93, Steps: 29 | Train Loss: 0.0453455 Vali Loss: 0.0828458 Test Loss: 0.0400723
EarlyStopping counter: 2 out of 10
Updating learning rate to 2.4237099802938663e-07
Epoch: 94 cost time: 1.199566125869751
Epoch: 94, Steps: 29 | Train Loss: 0.0453878 Vali Loss: 0.0830319 Test Loss: 0.0400509
EarlyStopping counter: 3 out of 10
Updating learning rate to 1.7817218661613333e-07
Epoch: 95 cost time: 1.182356595993042
Epoch: 95, Steps: 29 | Train Loss: 0.0453408 Vali Loss: 0.0830151 Test Loss: 0.0400568
EarlyStopping counter: 4 out of 10
Updating learning rate to 1.236839349948492e-07
Epoch: 96 cost time: 1.1874566078186035
Epoch: 96, Steps: 29 | Train Loss: 0.0453188 Vali Loss: 0.0829133 Test Loss: 0.0400531
EarlyStopping counter: 5 out of 10
Updating learning rate to 7.90159752528609e-08
Epoch: 97 cost time: 1.1813960075378418
Epoch: 97, Steps: 29 | Train Loss: 0.0453596 Vali Loss: 0.0828462 Test Loss: 0.0400696
EarlyStopping counter: 6 out of 10
Updating learning rate to 4.425826271655888e-08
Epoch: 98 cost time: 1.1868665218353271
Epoch: 98, Steps: 29 | Train Loss: 0.0453417 Vali Loss: 0.0827726 Test Loss: 0.0400643
EarlyStopping counter: 7 out of 10
Updating learning rate to 1.948079479334324e-08
Epoch: 99 cost time: 1.1957447528839111
Epoch: 99, Steps: 29 | Train Loss: 0.0453605 Vali Loss: 0.0830709 Test Loss: 0.0400545
EarlyStopping counter: 8 out of 10
Updating learning rate to 4.7334700061613195e-09
Epoch: 100 cost time: 1.190349817276001
Epoch: 100, Steps: 29 | Train Loss: 0.0453400 Vali Loss: 0.0829345 Test Loss: 0.0400639
EarlyStopping counter: 9 out of 10
Updating learning rate to 4.5987504521248976e-11
>>>>>>>testing : ETTh1_336_720_DTFNet_ETTh1_ftM_sl336_ll0_pl720_dm128_nh16_el2_br2_dl1_df256_fc1_ebtimeF_dtTrue_'Exp'_0_'rel_sin'_16_8_16,24_8,12_3_1_256<<<<<<<<<<<<<<<<<<<<<<<<<<<<<<<<<
test 2161
mse:0.42184796929359436, mae:0.44722780585289, rse:0.6238254308700562
