Args in experiment:
Namespace(is_training=1, model_id='ETTh1_336_720', model='DTFNet', data='ETTh1', root_path='./dataset/', data_path='ETTh1.csv', features='M', target='OT', freq='h', checkpoints='./checkpoints/', seq_len=336, label_len=0, pred_len=720, n_branches=2, patch_len_ls='16,24', stride_ls='8,12', d_model_ls='128', n_heads_ls='16', rel_pe="'rel_sin'", res_attn=False, head_type='flatten', fc_dropout=0.3, head_dropout=0.1, patch_len=16, stride=8, padding_patch="'end'", revin=1, affine=0, subtract_last=0, decomposition=0, kernel_size=25, individual=0, store_attn=False, pre_norm=False, pe='zeros', no_learn_pe=True, embed_type=0, enc_in=7, dec_in=7, c_out=7, d_model=128, n_heads=16, e_layers=2, d_layers=1, d_ff=256, moving_avg=25, factor=1, distil=True, dropout=0.3, embed='timeF', activation='gelu', output_attention=False, do_predict=False, num_workers=0, itr=1, train_epochs=100, batch_size=256, patience=10, learning_rate=1e-05, des="'Exp'", loss='mse', lradj='TST', pct_start=0.3, use_amp=False, l2=0.0, warmup_steps=0, use_gpu=True, gpu=0, use_multi_gpu=False, devices='0', test_flop=False, use_mlflow=False, mlflow_project='exp', loss_flag=2, sub_patch_len=16, sub_stride=8, stride_ls_list='16', model_type='linear', tfactor=3, dilation_rates='1', wavelet_layers=2, wavelet_type='db5', wavelet_mode='periodization', wavelet_dim=64, initTLV=0.2)
Use GPU: cuda:0
>>>>>>>start training : ETTh1_336_720_DTFNet_ETTh1_ftM_sl336_ll0_pl720_dm128_nh16_el2_br2_dl1_df256_fc1_ebtimeF_dtTrue_'Exp'_0_'rel_sin'_16_8_16,24_8,12_3_1_256>>>>>>>>>>>>>>>>>>>>>>>>>>
train 7585
val 2161
test 2161
Epoch: 1 cost time: 1.5930657386779785
Epoch: 1, Steps: 29 | Train Loss: 0.1075433 Vali Loss: 0.1789532 Test Loss: 0.0999435
Validation loss decreased (inf --> 0.178953).  Saving model ...
Updating learning rate to 4.2635539919063106e-07
Epoch: 2 cost time: 1.172903060913086
Epoch: 2, Steps: 29 | Train Loss: 0.1067853 Vali Loss: 0.1775271 Test Loss: 0.0990965
Validation loss decreased (0.178953 --> 0.177527).  Saving model ...
Updating learning rate to 5.051321771514831e-07
Epoch: 3 cost time: 1.1815543174743652
Epoch: 3, Steps: 29 | Train Loss: 0.1058629 Vali Loss: 0.1754814 Test Loss: 0.0981705
Validation loss decreased (0.177527 --> 0.175481).  Saving model ...
Updating learning rate to 6.354652532866785e-07
Epoch: 4 cost time: 1.1860747337341309
Epoch: 4, Steps: 29 | Train Loss: 0.1049255 Vali Loss: 0.1741327 Test Loss: 0.0971786
Validation loss decreased (0.175481 --> 0.174133).  Saving model ...
Updating learning rate to 8.159233858256806e-07
Epoch: 5 cost time: 1.184553623199463
Epoch: 5, Steps: 29 | Train Loss: 0.1040063 Vali Loss: 0.1723452 Test Loss: 0.0960880
Validation loss decreased (0.174133 --> 0.172345).  Saving model ...
Updating learning rate to 1.0445248888850473e-06
Epoch: 6 cost time: 1.1852288246154785
Epoch: 6, Steps: 29 | Train Loss: 0.1029735 Vali Loss: 0.1705089 Test Loss: 0.0948767
Validation loss decreased (0.172345 --> 0.170509).  Saving model ...
Updating learning rate to 1.3187593941861497e-06
Epoch: 7 cost time: 1.1864697933197021
Epoch: 7, Steps: 29 | Train Loss: 0.1018131 Vali Loss: 0.1678355 Test Loss: 0.0934600
Validation loss decreased (0.170509 --> 0.167836).  Saving model ...
Updating learning rate to 1.6356154184543822e-06
Epoch: 8 cost time: 1.1800215244293213
Epoch: 8, Steps: 29 | Train Loss: 0.1006203 Vali Loss: 0.1653645 Test Loss: 0.0917500
Validation loss decreased (0.167836 --> 0.165364).  Saving model ...
Updating learning rate to 1.9916134337707666e-06
Epoch: 9 cost time: 1.1812570095062256
Epoch: 9, Steps: 29 | Train Loss: 0.0991057 Vali Loss: 0.1622422 Test Loss: 0.0895536
Validation loss decreased (0.165364 --> 0.162242).  Saving model ...
Updating learning rate to 2.3828440777166636e-06
Epoch: 10 cost time: 1.1838533878326416
Epoch: 10, Steps: 29 | Train Loss: 0.0972437 Vali Loss: 0.1582710 Test Loss: 0.0865756
Validation loss decreased (0.162242 --> 0.158271).  Saving model ...
Updating learning rate to 2.805011083710071e-06
Epoch: 11 cost time: 1.1800525188446045
Epoch: 11, Steps: 29 | Train Loss: 0.0949847 Vali Loss: 0.1527195 Test Loss: 0.0825047
Validation loss decreased (0.158271 --> 0.152720).  Saving model ...
Updating learning rate to 3.2534784600976295e-06
Epoch: 12 cost time: 1.1754209995269775
Epoch: 12, Steps: 29 | Train Loss: 0.0923423 Vali Loss: 0.1467158 Test Loss: 0.0780386
Validation loss decreased (0.152720 --> 0.146716).  Saving model ...
Updating learning rate to 3.723321399909056e-06
Epoch: 13 cost time: 1.1803274154663086
Epoch: 13, Steps: 29 | Train Loss: 0.0899520 Vali Loss: 0.1423092 Test Loss: 0.0748931
Validation loss decreased (0.146716 --> 0.142309).  Saving model ...
Updating learning rate to 4.209380362212844e-06
Epoch: 14 cost time: 1.1818366050720215
Epoch: 14, Steps: 29 | Train Loss: 0.0879185 Vali Loss: 0.1388303 Test Loss: 0.0731238
Validation loss decreased (0.142309 --> 0.138830).  Saving model ...
Updating learning rate to 4.706317731183279e-06
Epoch: 15 cost time: 1.1889901161193848
Epoch: 15, Steps: 29 | Train Loss: 0.0861851 Vali Loss: 0.1361454 Test Loss: 0.0710748
Validation loss decreased (0.138830 --> 0.136145).  Saving model ...
Updating learning rate to 5.208676430682048e-06
Epoch: 16 cost time: 1.1833033561706543
Epoch: 16, Steps: 29 | Train Loss: 0.0845640 Vali Loss: 0.1335033 Test Loss: 0.0689711
Validation loss decreased (0.136145 --> 0.133503).  Saving model ...
Updating learning rate to 5.710939850683244e-06
Epoch: 17 cost time: 1.1817569732666016
Epoch: 17, Steps: 29 | Train Loss: 0.0829809 Vali Loss: 0.1316850 Test Loss: 0.0669878
Validation loss decreased (0.133503 --> 0.131685).  Saving model ...
Updating learning rate to 6.207592427464792e-06
Epoch: 18 cost time: 1.1769559383392334
Epoch: 18, Steps: 29 | Train Loss: 0.0816673 Vali Loss: 0.1303193 Test Loss: 0.0659683
Validation loss decreased (0.131685 --> 0.130319).  Saving model ...
Updating learning rate to 6.693180212309968e-06
Epoch: 19 cost time: 1.1781985759735107
Epoch: 19, Steps: 29 | Train Loss: 0.0805515 Vali Loss: 0.1287306 Test Loss: 0.0644682
Validation loss decreased (0.130319 --> 0.128731).  Saving model ...
Updating learning rate to 7.1623707635889015e-06
Epoch: 20 cost time: 1.180863857269287
Epoch: 20, Steps: 29 | Train Loss: 0.0795925 Vali Loss: 0.1281870 Test Loss: 0.0635524
Validation loss decreased (0.128731 --> 0.128187).  Saving model ...
Updating learning rate to 7.610011704520164e-06
Epoch: 21 cost time: 1.18670654296875
Epoch: 21, Steps: 29 | Train Loss: 0.0786011 Vali Loss: 0.1268502 Test Loss: 0.0630957
Validation loss decreased (0.128187 --> 0.126850).  Saving model ...
Updating learning rate to 8.031187303565295e-06
Epoch: 22 cost time: 1.172347068786621
Epoch: 22, Steps: 29 | Train Loss: 0.0777991 Vali Loss: 0.1260215 Test Loss: 0.0620640
Validation loss decreased (0.126850 --> 0.126022).  Saving model ...
Updating learning rate to 8.421272456123378e-06
Epoch: 23 cost time: 1.179399013519287
Epoch: 23, Steps: 29 | Train Loss: 0.0769391 Vali Loss: 0.1249905 Test Loss: 0.0612604
Validation loss decreased (0.126022 --> 0.124990).  Saving model ...
Updating learning rate to 8.775983474730246e-06
Epoch: 24 cost time: 1.1770284175872803
Epoch: 24, Steps: 29 | Train Loss: 0.0761431 Vali Loss: 0.1241861 Test Loss: 0.0605663
Validation loss decreased (0.124990 --> 0.124186).  Saving model ...
Updating learning rate to 9.091425130013939e-06
Epoch: 25 cost time: 1.1840152740478516
Epoch: 25, Steps: 29 | Train Loss: 0.0753903 Vali Loss: 0.1236150 Test Loss: 0.0596269
Validation loss decreased (0.124186 --> 0.123615).  Saving model ...
Updating learning rate to 9.364133425830145e-06
Epoch: 26 cost time: 1.1695647239685059
Epoch: 26, Steps: 29 | Train Loss: 0.0745746 Vali Loss: 0.1227491 Test Loss: 0.0590270
Validation loss decreased (0.123615 --> 0.122749).  Saving model ...
Updating learning rate to 9.591113638846019e-06
Epoch: 27 cost time: 1.187415361404419
Epoch: 27, Steps: 29 | Train Loss: 0.0738333 Vali Loss: 0.1206778 Test Loss: 0.0587253
Validation loss decreased (0.122749 --> 0.120678).  Saving model ...
Updating learning rate to 9.769873204843885e-06
Epoch: 28 cost time: 1.1818041801452637
Epoch: 28, Steps: 29 | Train Loss: 0.0730921 Vali Loss: 0.1205992 Test Loss: 0.0579136
Validation loss decreased (0.120678 --> 0.120599).  Saving model ...
Updating learning rate to 9.898449090606656e-06
Epoch: 29 cost time: 1.1687028408050537
Epoch: 29, Steps: 29 | Train Loss: 0.0723355 Vali Loss: 0.1198093 Test Loss: 0.0575871
Validation loss decreased (0.120599 --> 0.119809).  Saving model ...
Updating learning rate to 9.975429350802846e-06
Epoch: 30 cost time: 1.1960604190826416
Epoch: 30, Steps: 29 | Train Loss: 0.0715880 Vali Loss: 0.1193250 Test Loss: 0.0568761
Validation loss decreased (0.119809 --> 0.119325).  Saving model ...
Updating learning rate to 9.99999401249548e-06
Epoch: 31 cost time: 1.1820313930511475
Epoch: 31, Steps: 29 | Train Loss: 0.0708810 Vali Loss: 0.1179392 Test Loss: 0.0566269
Validation loss decreased (0.119325 --> 0.117939).  Saving model ...
Updating learning rate to 9.994612212745642e-06
Epoch: 32 cost time: 1.174320936203003
Epoch: 32, Steps: 29 | Train Loss: 0.0701832 Vali Loss: 0.1177028 Test Loss: 0.0559286
Validation loss decreased (0.117939 --> 0.117703).  Saving model ...
Updating learning rate to 9.979171968972798e-06
Epoch: 33 cost time: 1.179778814315796
Epoch: 33, Steps: 29 | Train Loss: 0.0695581 Vali Loss: 0.1163411 Test Loss: 0.0556891
Validation loss decreased (0.117703 --> 0.116341).  Saving model ...
Updating learning rate to 9.953704375773079e-06
Epoch: 34 cost time: 1.1779320240020752
Epoch: 34, Steps: 29 | Train Loss: 0.0688032 Vali Loss: 0.1158066 Test Loss: 0.0552236
Validation loss decreased (0.116341 --> 0.115807).  Saving model ...
Updating learning rate to 9.918260721489893e-06
Epoch: 35 cost time: 1.177553653717041
Epoch: 35, Steps: 29 | Train Loss: 0.0681427 Vali Loss: 0.1146075 Test Loss: 0.0549431
Validation loss decreased (0.115807 --> 0.114608).  Saving model ...
Updating learning rate to 9.872912384926035e-06
Epoch: 36 cost time: 1.1802270412445068
Epoch: 36, Steps: 29 | Train Loss: 0.0674037 Vali Loss: 0.1146472 Test Loss: 0.0545266
EarlyStopping counter: 1 out of 10
Updating learning rate to 9.817750691596265e-06
Epoch: 37 cost time: 1.183096170425415
Epoch: 37, Steps: 29 | Train Loss: 0.0667593 Vali Loss: 0.1141392 Test Loss: 0.0538282
Validation loss decreased (0.114608 --> 0.114139).  Saving model ...
Updating learning rate to 9.752886729809889e-06
Epoch: 38 cost time: 1.1827507019042969
Epoch: 38, Steps: 29 | Train Loss: 0.0660969 Vali Loss: 0.1127269 Test Loss: 0.0535924
Validation loss decreased (0.114139 --> 0.112727).  Saving model ...
Updating learning rate to 9.678451126953676e-06
Epoch: 39 cost time: 1.1789817810058594
Epoch: 39, Steps: 29 | Train Loss: 0.0654269 Vali Loss: 0.1119772 Test Loss: 0.0533718
Validation loss decreased (0.112727 --> 0.111977).  Saving model ...
Updating learning rate to 9.594593786425696e-06
Epoch: 40 cost time: 1.1769719123840332
Epoch: 40, Steps: 29 | Train Loss: 0.0647958 Vali Loss: 0.1115951 Test Loss: 0.0528173
Validation loss decreased (0.111977 --> 0.111595).  Saving model ...
Updating learning rate to 9.501483585749811e-06
Epoch: 41 cost time: 1.178957223892212
Epoch: 41, Steps: 29 | Train Loss: 0.0641391 Vali Loss: 0.1108847 Test Loss: 0.0526927
Validation loss decreased (0.111595 --> 0.110885).  Saving model ...
Updating learning rate to 9.399308036478838e-06
Epoch: 42 cost time: 1.181828260421753
Epoch: 42, Steps: 29 | Train Loss: 0.0634956 Vali Loss: 0.1096495 Test Loss: 0.0525422
Validation loss decreased (0.110885 --> 0.109649).  Saving model ...
Updating learning rate to 9.288272906571216e-06
Epoch: 43 cost time: 1.1716787815093994
Epoch: 43, Steps: 29 | Train Loss: 0.0629375 Vali Loss: 0.1104098 Test Loss: 0.0515381
EarlyStopping counter: 1 out of 10
Updating learning rate to 9.16860180600173e-06
Epoch: 44 cost time: 1.179893970489502
Epoch: 44, Steps: 29 | Train Loss: 0.0622745 Vali Loss: 0.1088939 Test Loss: 0.0516826
Validation loss decreased (0.109649 --> 0.108894).  Saving model ...
Updating learning rate to 9.040535736440785e-06
Epoch: 45 cost time: 1.171752691268921
Epoch: 45, Steps: 29 | Train Loss: 0.0617011 Vali Loss: 0.1067939 Test Loss: 0.0518696
Validation loss decreased (0.108894 --> 0.106794).  Saving model ...
Updating learning rate to 8.904332605909106e-06
Epoch: 46 cost time: 1.1829614639282227
Epoch: 46, Steps: 29 | Train Loss: 0.0611318 Vali Loss: 0.1074165 Test Loss: 0.0508969
EarlyStopping counter: 1 out of 10
Updating learning rate to 8.760266709385311e-06
Epoch: 47 cost time: 1.1841726303100586
Epoch: 47, Steps: 29 | Train Loss: 0.0605556 Vali Loss: 0.1073084 Test Loss: 0.0503099
EarlyStopping counter: 2 out of 10
Updating learning rate to 8.608628176412335e-06
Epoch: 48 cost time: 1.1764748096466064
Epoch: 48, Steps: 29 | Train Loss: 0.0599962 Vali Loss: 0.1052025 Test Loss: 0.0506636
Validation loss decreased (0.106794 --> 0.105202).  Saving model ...
Updating learning rate to 8.449722386815127e-06
Epoch: 49 cost time: 1.1766026020050049
Epoch: 49, Steps: 29 | Train Loss: 0.0594086 Vali Loss: 0.1041745 Test Loss: 0.0504332
Validation loss decreased (0.105202 --> 0.104174).  Saving model ...
Updating learning rate to 8.28386935570634e-06
Epoch: 50 cost time: 1.218031883239746
Epoch: 50, Steps: 29 | Train Loss: 0.0588373 Vali Loss: 0.1046539 Test Loss: 0.0498345
EarlyStopping counter: 1 out of 10
Updating learning rate to 8.111403089018465e-06
Epoch: 51 cost time: 1.1722686290740967
Epoch: 51, Steps: 29 | Train Loss: 0.0582806 Vali Loss: 0.1033214 Test Loss: 0.0496635
Validation loss decreased (0.104174 --> 0.103321).  Saving model ...
Updating learning rate to 7.93267091086035e-06
Epoch: 52 cost time: 1.1891586780548096
Epoch: 52, Steps: 29 | Train Loss: 0.0577648 Vali Loss: 0.1026236 Test Loss: 0.0492652
Validation loss decreased (0.103321 --> 0.102624).  Saving model ...
Updating learning rate to 7.748032764052655e-06
Epoch: 53 cost time: 1.2052416801452637
Epoch: 53, Steps: 29 | Train Loss: 0.0572438 Vali Loss: 0.1024281 Test Loss: 0.0487444
Validation loss decreased (0.102624 --> 0.102428).  Saving model ...
Updating learning rate to 7.557860485250925e-06
Epoch: 54 cost time: 1.1920909881591797
Epoch: 54, Steps: 29 | Train Loss: 0.0567403 Vali Loss: 0.1007164 Test Loss: 0.0490036
Validation loss decreased (0.102428 --> 0.100716).  Saving model ...
Updating learning rate to 7.362537056116034e-06
Epoch: 55 cost time: 1.1841866970062256
Epoch: 55, Steps: 29 | Train Loss: 0.0561826 Vali Loss: 0.1002561 Test Loss: 0.0484370
Validation loss decreased (0.100716 --> 0.100256).  Saving model ...
Updating learning rate to 7.162455832040107e-06
Epoch: 56 cost time: 1.1772198677062988
Epoch: 56, Steps: 29 | Train Loss: 0.0557425 Vali Loss: 0.1002875 Test Loss: 0.0478325
EarlyStopping counter: 1 out of 10
Updating learning rate to 6.9580197499810984e-06
Epoch: 57 cost time: 1.1751747131347656
Epoch: 57, Steps: 29 | Train Loss: 0.0552659 Vali Loss: 0.0991589 Test Loss: 0.0476815
Validation loss decreased (0.100256 --> 0.099159).  Saving model ...
Updating learning rate to 6.7496405170013816e-06
Epoch: 58 cost time: 1.1661322116851807
Epoch: 58, Steps: 29 | Train Loss: 0.0547103 Vali Loss: 0.0985893 Test Loss: 0.0474428
Validation loss decreased (0.099159 --> 0.098589).  Saving model ...
Updating learning rate to 6.537737781144523e-06
Epoch: 59 cost time: 1.1837527751922607
Epoch: 59, Steps: 29 | Train Loss: 0.0542460 Vali Loss: 0.0973141 Test Loss: 0.0472167
Validation loss decreased (0.098589 --> 0.097314).  Saving model ...
Updating learning rate to 6.322738286319964e-06
Epoch: 60 cost time: 1.177795648574829
Epoch: 60, Steps: 29 | Train Loss: 0.0538269 Vali Loss: 0.0972593 Test Loss: 0.0466898
Validation loss decreased (0.097314 --> 0.097259).  Saving model ...
Updating learning rate to 6.105075012897585e-06
Epoch: 61 cost time: 1.179551362991333
Epoch: 61, Steps: 29 | Train Loss: 0.0533556 Vali Loss: 0.0966870 Test Loss: 0.0463268
Validation loss decreased (0.097259 --> 0.096687).  Saving model ...
Updating learning rate to 5.885186305742857e-06
Epoch: 62 cost time: 1.1820878982543945
Epoch: 62, Steps: 29 | Train Loss: 0.0528350 Vali Loss: 0.0954507 Test Loss: 0.0461133
Validation loss decreased (0.096687 --> 0.095451).  Saving model ...
Updating learning rate to 5.6635149914486225e-06
Epoch: 63 cost time: 1.181844711303711
Epoch: 63, Steps: 29 | Train Loss: 0.0523620 Vali Loss: 0.0945402 Test Loss: 0.0459006
Validation loss decreased (0.095451 --> 0.094540).  Saving model ...
Updating learning rate to 5.440507486541268e-06
Epoch: 64 cost time: 1.1814255714416504
Epoch: 64, Steps: 29 | Train Loss: 0.0519233 Vali Loss: 0.0942363 Test Loss: 0.0453795
Validation loss decreased (0.094540 --> 0.094236).  Saving model ...
Updating learning rate to 5.216612898457253e-06
Epoch: 65 cost time: 1.1659421920776367
Epoch: 65, Steps: 29 | Train Loss: 0.0514747 Vali Loss: 0.0936961 Test Loss: 0.0450784
Validation loss decreased (0.094236 --> 0.093696).  Saving model ...
Updating learning rate to 4.992282121100496e-06
Epoch: 66 cost time: 1.1742117404937744
Epoch: 66, Steps: 29 | Train Loss: 0.0510490 Vali Loss: 0.0930025 Test Loss: 0.0447590
Validation loss decreased (0.093696 --> 0.093002).  Saving model ...
Updating learning rate to 4.767966926802067e-06
Epoch: 67 cost time: 1.1751604080200195
Epoch: 67, Steps: 29 | Train Loss: 0.0506446 Vali Loss: 0.0923731 Test Loss: 0.0443959
Validation loss decreased (0.093002 --> 0.092373).  Saving model ...
Updating learning rate to 4.5441190565108235e-06
Epoch: 68 cost time: 1.2032470703125
Epoch: 68, Steps: 29 | Train Loss: 0.0502414 Vali Loss: 0.0910321 Test Loss: 0.0443033
Validation loss decreased (0.092373 --> 0.091032).  Saving model ...
Updating learning rate to 4.3211893100472735e-06
Epoch: 69 cost time: 1.1756267547607422
Epoch: 69, Steps: 29 | Train Loss: 0.0497892 Vali Loss: 0.0905446 Test Loss: 0.0440084
Validation loss decreased (0.091032 --> 0.090545).  Saving model ...
Updating learning rate to 4.099626638252712e-06
Epoch: 70 cost time: 1.1760330200195312
Epoch: 70, Steps: 29 | Train Loss: 0.0493809 Vali Loss: 0.0892628 Test Loss: 0.0438354
Validation loss decreased (0.090545 --> 0.089263).  Saving model ...
Updating learning rate to 3.879877238861997e-06
Epoch: 71 cost time: 1.18165922164917
Epoch: 71, Steps: 29 | Train Loss: 0.0489650 Vali Loss: 0.0897037 Test Loss: 0.0432472
EarlyStopping counter: 1 out of 10
Updating learning rate to 3.662383657920668e-06
Epoch: 72 cost time: 1.169344186782837
Epoch: 72, Steps: 29 | Train Loss: 0.0486089 Vali Loss: 0.0880936 Test Loss: 0.0432460
Validation loss decreased (0.089263 --> 0.088094).  Saving model ...
Updating learning rate to 3.447583898556124e-06
Epoch: 73 cost time: 1.1789610385894775
Epoch: 73, Steps: 29 | Train Loss: 0.0481542 Vali Loss: 0.0880335 Test Loss: 0.0426219
Validation loss decreased (0.088094 --> 0.088033).  Saving model ...
Updating learning rate to 3.2359105388976132e-06
Epoch: 74 cost time: 1.1784353256225586
Epoch: 74, Steps: 29 | Train Loss: 0.0478289 Vali Loss: 0.0873063 Test Loss: 0.0423757
Validation loss decreased (0.088033 --> 0.087306).  Saving model ...
Updating learning rate to 3.027789860921434e-06
Epoch: 75 cost time: 1.1651732921600342
Epoch: 75, Steps: 29 | Train Loss: 0.0474364 Vali Loss: 0.0866289 Test Loss: 0.0421131
Validation loss decreased (0.087306 --> 0.086629).  Saving model ...
Updating learning rate to 2.8236409919757893e-06
Epoch: 76 cost time: 1.17167067527771
Epoch: 76, Steps: 29 | Train Loss: 0.0470347 Vali Loss: 0.0856449 Test Loss: 0.0418503
Validation loss decreased (0.086629 --> 0.085645).  Saving model ...
Updating learning rate to 2.6238750607140637e-06
Epoch: 77 cost time: 1.1753268241882324
Epoch: 77, Steps: 29 | Train Loss: 0.0466847 Vali Loss: 0.0854570 Test Loss: 0.0414024
Validation loss decreased (0.085645 --> 0.085457).  Saving model ...
Updating learning rate to 2.4288943691364434e-06
Epoch: 78 cost time: 1.1689434051513672
Epoch: 78, Steps: 29 | Train Loss: 0.0463073 Vali Loss: 0.0846070 Test Loss: 0.0411061
Validation loss decreased (0.085457 --> 0.084607).  Saving model ...
Updating learning rate to 2.2390915824072217e-06
Epoch: 79 cost time: 1.176786184310913
Epoch: 79, Steps: 29 | Train Loss: 0.0459447 Vali Loss: 0.0839975 Test Loss: 0.0408618
Validation loss decreased (0.084607 --> 0.083997).  Saving model ...
Updating learning rate to 2.0548489380794217e-06
Epoch: 80 cost time: 1.1784803867340088
Epoch: 80, Steps: 29 | Train Loss: 0.0455809 Vali Loss: 0.0833038 Test Loss: 0.0405618
Validation loss decreased (0.083997 --> 0.083304).  Saving model ...
Updating learning rate to 1.876537476319218e-06
Epoch: 81 cost time: 1.1784586906433105
Epoch: 81, Steps: 29 | Train Loss: 0.0452872 Vali Loss: 0.0833209 Test Loss: 0.0404680
EarlyStopping counter: 1 out of 10
Updating learning rate to 1.7045162926804444e-06
Epoch: 82 cost time: 1.1777167320251465
Epoch: 82, Steps: 29 | Train Loss: 0.0452667 Vali Loss: 0.0829462 Test Loss: 0.0405801
Validation loss decreased (0.083304 --> 0.082946).  Saving model ...
Updating learning rate to 1.5391318149339123e-06
Epoch: 83 cost time: 1.1592464447021484
Epoch: 83, Steps: 29 | Train Loss: 0.0452794 Vali Loss: 0.0831578 Test Loss: 0.0404737
EarlyStopping counter: 1 out of 10
Updating learning rate to 1.3807171054080036e-06
Epoch: 84 cost time: 1.1739697456359863
Epoch: 84, Steps: 29 | Train Loss: 0.0451919 Vali Loss: 0.0830147 Test Loss: 0.0405513
EarlyStopping counter: 2 out of 10
Updating learning rate to 1.2295911902454577e-06
Epoch: 85 cost time: 1.1817715167999268
Epoch: 85, Steps: 29 | Train Loss: 0.0452337 Vali Loss: 0.0830661 Test Loss: 0.0405379
EarlyStopping counter: 3 out of 10
Updating learning rate to 1.0860584169271784e-06
Epoch: 86 cost time: 1.1776509284973145
Epoch: 86, Steps: 29 | Train Loss: 0.0452038 Vali Loss: 0.0833048 Test Loss: 0.0405116
EarlyStopping counter: 4 out of 10
Updating learning rate to 9.504078413569088e-07
Epoch: 87 cost time: 1.1741430759429932
Epoch: 87, Steps: 29 | Train Loss: 0.0451989 Vali Loss: 0.0829855 Test Loss: 0.0405528
EarlyStopping counter: 5 out of 10
Updating learning rate to 8.229126457411124e-07
Epoch: 88 cost time: 1.1751046180725098
Epoch: 88, Steps: 29 | Train Loss: 0.0452383 Vali Loss: 0.0830083 Test Loss: 0.0405771
EarlyStopping counter: 6 out of 10
Updating learning rate to 7.038295884363647e-07
Epoch: 89 cost time: 1.1777372360229492
Epoch: 89, Steps: 29 | Train Loss: 0.0451932 Vali Loss: 0.0827319 Test Loss: 0.0405735
Validation loss decreased (0.082946 --> 0.082732).  Saving model ...
Updating learning rate to 5.933984868721898e-07
Epoch: 90 cost time: 1.1605098247528076
Epoch: 90, Steps: 29 | Train Loss: 0.0451687 Vali Loss: 0.0831539 Test Loss: 0.0405277
EarlyStopping counter: 1 out of 10
Updating learning rate to 4.918417345906772e-07
Epoch: 91 cost time: 1.1682968139648438
Epoch: 91, Steps: 29 | Train Loss: 0.0451823 Vali Loss: 0.0828934 Test Loss: 0.0405770
EarlyStopping counter: 2 out of 10
Updating learning rate to 3.9936385337548097e-07
Epoch: 92 cost time: 1.1780741214752197
Epoch: 92, Steps: 29 | Train Loss: 0.0451822 Vali Loss: 0.0828948 Test Loss: 0.0405446
EarlyStopping counter: 3 out of 10
Updating learning rate to 3.161510813721721e-07
Epoch: 93 cost time: 1.182136058807373
Epoch: 93, Steps: 29 | Train Loss: 0.0452004 Vali Loss: 0.0827338 Test Loss: 0.0405800
EarlyStopping counter: 4 out of 10
Updating learning rate to 2.4237099802938663e-07
Epoch: 94 cost time: 1.1743452548980713
Epoch: 94, Steps: 29 | Train Loss: 0.0452241 Vali Loss: 0.0830720 Test Loss: 0.0405373
EarlyStopping counter: 5 out of 10
Updating learning rate to 1.7817218661613333e-07
Epoch: 95 cost time: 1.1807403564453125
Epoch: 95, Steps: 29 | Train Loss: 0.0451966 Vali Loss: 0.0829434 Test Loss: 0.0405665
EarlyStopping counter: 6 out of 10
Updating learning rate to 1.236839349948492e-07
Epoch: 96 cost time: 1.180596113204956
Epoch: 96, Steps: 29 | Train Loss: 0.0451709 Vali Loss: 0.0831296 Test Loss: 0.0405739
EarlyStopping counter: 7 out of 10
Updating learning rate to 7.90159752528609e-08
Epoch: 97 cost time: 1.174999713897705
Epoch: 97, Steps: 29 | Train Loss: 0.0451676 Vali Loss: 0.0830833 Test Loss: 0.0405775
EarlyStopping counter: 8 out of 10
Updating learning rate to 4.425826271655888e-08
Epoch: 98 cost time: 1.1732409000396729
Epoch: 98, Steps: 29 | Train Loss: 0.0451667 Vali Loss: 0.0831747 Test Loss: 0.0405538
EarlyStopping counter: 9 out of 10
Updating learning rate to 1.948079479334324e-08
Epoch: 99 cost time: 1.1784496307373047
Epoch: 99, Steps: 29 | Train Loss: 0.0451546 Vali Loss: 0.0830915 Test Loss: 0.0405656
EarlyStopping counter: 10 out of 10
Early stopping
>>>>>>>testing : ETTh1_336_720_DTFNet_ETTh1_ftM_sl336_ll0_pl720_dm128_nh16_el2_br2_dl1_df256_fc1_ebtimeF_dtTrue_'Exp'_0_'rel_sin'_16_8_16,24_8,12_3_1_256<<<<<<<<<<<<<<<<<<<<<<<<<<<<<<<<<
test 2161
mse:0.4301767945289612, mae:0.45271486043930054, rse:0.6299536228179932
