Args in experiment:
Namespace(is_training=1, model_id='ETTh1_336_720', model='DTFNet', data='ETTh1', root_path='./dataset/', data_path='ETTh1.csv', features='M', target='OT', freq='h', checkpoints='./checkpoints/', seq_len=336, label_len=0, pred_len=720, n_branches=2, patch_len_ls='16,24', stride_ls='8,12', d_model_ls='128', n_heads_ls='16', rel_pe="'rel_sin'", res_attn=False, head_type='flatten', fc_dropout=0.3, head_dropout=0.1, patch_len=16, stride=8, padding_patch="'end'", revin=1, affine=0, subtract_last=0, decomposition=0, kernel_size=25, individual=0, store_attn=False, pre_norm=False, pe='zeros', no_learn_pe=True, embed_type=0, enc_in=7, dec_in=7, c_out=7, d_model=128, n_heads=16, e_layers=2, d_layers=1, d_ff=256, moving_avg=25, factor=1, distil=True, dropout=0.3, embed='timeF', activation='gelu', output_attention=False, do_predict=False, num_workers=0, itr=1, train_epochs=100, batch_size=256, patience=10, learning_rate=1e-05, des="'Exp'", loss='mse', lradj='TST', pct_start=0.3, use_amp=False, l2=0.0, warmup_steps=0, use_gpu=True, gpu=0, use_multi_gpu=False, devices='0', test_flop=False, use_mlflow=False, mlflow_project='exp', loss_flag=2, sub_patch_len=16, sub_stride=8, stride_ls_list='16', model_type='linear', tfactor=3, dilation_rates='1', wavelet_layers=2, wavelet_type='db5', wavelet_mode='periodization', wavelet_dim=64, initTLV=0.2)
Use GPU: cuda:0
>>>>>>>start training : ETTh1_336_720_DTFNet_ETTh1_ftM_sl336_ll0_pl720_dm128_nh16_el2_br2_dl1_df256_fc1_ebtimeF_dtTrue_'Exp'_0_'rel_sin'_16_8_16,24_8,12_3_1_256>>>>>>>>>>>>>>>>>>>>>>>>>>
train 7585
val 2161
test 2161
Epoch: 1 cost time: 1.5402615070343018
Epoch: 1, Steps: 29 | Train Loss: 0.1076690 Vali Loss: 0.1787517 Test Loss: 0.0998798
Validation loss decreased (inf --> 0.178752).  Saving model ...
Updating learning rate to 4.2635539919063106e-07
Epoch: 2 cost time: 1.190251111984253
Epoch: 2, Steps: 29 | Train Loss: 0.1067774 Vali Loss: 0.1776325 Test Loss: 0.0990291
Validation loss decreased (0.178752 --> 0.177632).  Saving model ...
Updating learning rate to 5.051321771514831e-07
Epoch: 3 cost time: 1.191333293914795
Epoch: 3, Steps: 29 | Train Loss: 0.1058798 Vali Loss: 0.1759455 Test Loss: 0.0980994
Validation loss decreased (0.177632 --> 0.175946).  Saving model ...
Updating learning rate to 6.354652532866785e-07
Epoch: 4 cost time: 1.1854259967803955
Epoch: 4, Steps: 29 | Train Loss: 0.1049681 Vali Loss: 0.1741299 Test Loss: 0.0971167
Validation loss decreased (0.175946 --> 0.174130).  Saving model ...
Updating learning rate to 8.159233858256806e-07
Epoch: 5 cost time: 1.1922192573547363
Epoch: 5, Steps: 29 | Train Loss: 0.1040403 Vali Loss: 0.1723660 Test Loss: 0.0960303
Validation loss decreased (0.174130 --> 0.172366).  Saving model ...
Updating learning rate to 1.0445248888850473e-06
Epoch: 6 cost time: 1.1890020370483398
Epoch: 6, Steps: 29 | Train Loss: 0.1030412 Vali Loss: 0.1703390 Test Loss: 0.0948099
Validation loss decreased (0.172366 --> 0.170339).  Saving model ...
Updating learning rate to 1.3187593941861497e-06
Epoch: 7 cost time: 1.1910715103149414
Epoch: 7, Steps: 29 | Train Loss: 0.1019156 Vali Loss: 0.1679460 Test Loss: 0.0934051
Validation loss decreased (0.170339 --> 0.167946).  Saving model ...
Updating learning rate to 1.6356154184543822e-06
Epoch: 8 cost time: 1.1886966228485107
Epoch: 8, Steps: 29 | Train Loss: 0.1006710 Vali Loss: 0.1656212 Test Loss: 0.0916892
Validation loss decreased (0.167946 --> 0.165621).  Saving model ...
Updating learning rate to 1.9916134337707666e-06
Epoch: 9 cost time: 1.1951801776885986
Epoch: 9, Steps: 29 | Train Loss: 0.0991691 Vali Loss: 0.1623429 Test Loss: 0.0894504
Validation loss decreased (0.165621 --> 0.162343).  Saving model ...
Updating learning rate to 2.3828440777166636e-06
Epoch: 10 cost time: 1.1647942066192627
Epoch: 10, Steps: 29 | Train Loss: 0.0973202 Vali Loss: 0.1582891 Test Loss: 0.0863559
Validation loss decreased (0.162343 --> 0.158289).  Saving model ...
Updating learning rate to 2.805011083710071e-06
Epoch: 11 cost time: 1.1892151832580566
Epoch: 11, Steps: 29 | Train Loss: 0.0949836 Vali Loss: 0.1528499 Test Loss: 0.0822227
Validation loss decreased (0.158289 --> 0.152850).  Saving model ...
Updating learning rate to 3.2534784600976295e-06
Epoch: 12 cost time: 1.1918442249298096
Epoch: 12, Steps: 29 | Train Loss: 0.0923729 Vali Loss: 0.1469062 Test Loss: 0.0778509
Validation loss decreased (0.152850 --> 0.146906).  Saving model ...
Updating learning rate to 3.723321399909056e-06
Epoch: 13 cost time: 1.193277359008789
Epoch: 13, Steps: 29 | Train Loss: 0.0901009 Vali Loss: 0.1428884 Test Loss: 0.0751722
Validation loss decreased (0.146906 --> 0.142888).  Saving model ...
Updating learning rate to 4.209380362212844e-06
Epoch: 14 cost time: 1.186603307723999
Epoch: 14, Steps: 29 | Train Loss: 0.0883257 Vali Loss: 0.1398155 Test Loss: 0.0736255
Validation loss decreased (0.142888 --> 0.139815).  Saving model ...
Updating learning rate to 4.706317731183279e-06
Epoch: 15 cost time: 1.188596487045288
Epoch: 15, Steps: 29 | Train Loss: 0.0867324 Vali Loss: 0.1369298 Test Loss: 0.0715967
Validation loss decreased (0.139815 --> 0.136930).  Saving model ...
Updating learning rate to 5.208676430682048e-06
Epoch: 16 cost time: 1.1865870952606201
Epoch: 16, Steps: 29 | Train Loss: 0.0849543 Vali Loss: 0.1343814 Test Loss: 0.0694775
Validation loss decreased (0.136930 --> 0.134381).  Saving model ...
Updating learning rate to 5.710939850683244e-06
Epoch: 17 cost time: 1.1933674812316895
Epoch: 17, Steps: 29 | Train Loss: 0.0833072 Vali Loss: 0.1321523 Test Loss: 0.0676043
Validation loss decreased (0.134381 --> 0.132152).  Saving model ...
Updating learning rate to 6.207592427464792e-06
Epoch: 18 cost time: 1.1874480247497559
Epoch: 18, Steps: 29 | Train Loss: 0.0818051 Vali Loss: 0.1302459 Test Loss: 0.0660204
Validation loss decreased (0.132152 --> 0.130246).  Saving model ...
Updating learning rate to 6.693180212309968e-06
Epoch: 19 cost time: 1.1654086112976074
Epoch: 19, Steps: 29 | Train Loss: 0.0806028 Vali Loss: 0.1288080 Test Loss: 0.0647801
Validation loss decreased (0.130246 --> 0.128808).  Saving model ...
Updating learning rate to 7.1623707635889015e-06
Epoch: 20 cost time: 1.194845199584961
Epoch: 20, Steps: 29 | Train Loss: 0.0796480 Vali Loss: 0.1276144 Test Loss: 0.0639684
Validation loss decreased (0.128808 --> 0.127614).  Saving model ...
Updating learning rate to 7.610011704520164e-06
Epoch: 21 cost time: 1.1877427101135254
Epoch: 21, Steps: 29 | Train Loss: 0.0786889 Vali Loss: 0.1265243 Test Loss: 0.0631495
Validation loss decreased (0.127614 --> 0.126524).  Saving model ...
Updating learning rate to 8.031187303565295e-06
Epoch: 22 cost time: 1.1918175220489502
Epoch: 22, Steps: 29 | Train Loss: 0.0778366 Vali Loss: 0.1256514 Test Loss: 0.0620462
Validation loss decreased (0.126524 --> 0.125651).  Saving model ...
Updating learning rate to 8.421272456123378e-06
Epoch: 23 cost time: 1.190352439880371
Epoch: 23, Steps: 29 | Train Loss: 0.0770634 Vali Loss: 0.1244222 Test Loss: 0.0613144
Validation loss decreased (0.125651 --> 0.124422).  Saving model ...
Updating learning rate to 8.775983474730246e-06
Epoch: 24 cost time: 1.1641180515289307
Epoch: 24, Steps: 29 | Train Loss: 0.0761253 Vali Loss: 0.1238542 Test Loss: 0.0607263
Validation loss decreased (0.124422 --> 0.123854).  Saving model ...
Updating learning rate to 9.091425130013939e-06
Epoch: 25 cost time: 1.1909193992614746
Epoch: 25, Steps: 29 | Train Loss: 0.0753585 Vali Loss: 0.1229049 Test Loss: 0.0599115
Validation loss decreased (0.123854 --> 0.122905).  Saving model ...
Updating learning rate to 9.364133425830145e-06
Epoch: 26 cost time: 1.1889243125915527
Epoch: 26, Steps: 29 | Train Loss: 0.0746079 Vali Loss: 0.1216683 Test Loss: 0.0590916
Validation loss decreased (0.122905 --> 0.121668).  Saving model ...
Updating learning rate to 9.591113638846019e-06
Epoch: 27 cost time: 1.192361831665039
Epoch: 27, Steps: 29 | Train Loss: 0.0738142 Vali Loss: 0.1207045 Test Loss: 0.0586823
Validation loss decreased (0.121668 --> 0.120704).  Saving model ...
Updating learning rate to 9.769873204843885e-06
Epoch: 28 cost time: 1.184248685836792
Epoch: 28, Steps: 29 | Train Loss: 0.0730667 Vali Loss: 0.1198713 Test Loss: 0.0581325
Validation loss decreased (0.120704 --> 0.119871).  Saving model ...
Updating learning rate to 9.898449090606656e-06
Epoch: 29 cost time: 1.1950387954711914
Epoch: 29, Steps: 29 | Train Loss: 0.0723965 Vali Loss: 0.1196910 Test Loss: 0.0572803
Validation loss decreased (0.119871 --> 0.119691).  Saving model ...
Updating learning rate to 9.975429350802846e-06
Epoch: 30 cost time: 1.1850731372833252
Epoch: 30, Steps: 29 | Train Loss: 0.0717037 Vali Loss: 0.1189764 Test Loss: 0.0565500
Validation loss decreased (0.119691 --> 0.118976).  Saving model ...
Updating learning rate to 9.99999401249548e-06
Epoch: 31 cost time: 1.1898555755615234
Epoch: 31, Steps: 29 | Train Loss: 0.0709381 Vali Loss: 0.1177349 Test Loss: 0.0563463
Validation loss decreased (0.118976 --> 0.117735).  Saving model ...
Updating learning rate to 9.994612212745642e-06
Epoch: 32 cost time: 1.1908092498779297
Epoch: 32, Steps: 29 | Train Loss: 0.0702361 Vali Loss: 0.1167268 Test Loss: 0.0559342
Validation loss decreased (0.117735 --> 0.116727).  Saving model ...
Updating learning rate to 9.979171968972798e-06
Epoch: 33 cost time: 1.1640853881835938
Epoch: 33, Steps: 29 | Train Loss: 0.0695399 Vali Loss: 0.1158995 Test Loss: 0.0558087
Validation loss decreased (0.116727 --> 0.115900).  Saving model ...
Updating learning rate to 9.953704375773079e-06
Epoch: 34 cost time: 1.1939496994018555
Epoch: 34, Steps: 29 | Train Loss: 0.0688804 Vali Loss: 0.1158467 Test Loss: 0.0548390
Validation loss decreased (0.115900 --> 0.115847).  Saving model ...
Updating learning rate to 9.918260721489893e-06
Epoch: 35 cost time: 1.1889667510986328
Epoch: 35, Steps: 29 | Train Loss: 0.0681347 Vali Loss: 0.1149842 Test Loss: 0.0545933
Validation loss decreased (0.115847 --> 0.114984).  Saving model ...
Updating learning rate to 9.872912384926035e-06
Epoch: 36 cost time: 1.1913056373596191
Epoch: 36, Steps: 29 | Train Loss: 0.0675137 Vali Loss: 0.1137848 Test Loss: 0.0542731
Validation loss decreased (0.114984 --> 0.113785).  Saving model ...
Updating learning rate to 9.817750691596265e-06
Epoch: 37 cost time: 1.1943390369415283
Epoch: 37, Steps: 29 | Train Loss: 0.0668119 Vali Loss: 0.1135087 Test Loss: 0.0536876
Validation loss decreased (0.113785 --> 0.113509).  Saving model ...
Updating learning rate to 9.752886729809889e-06
Epoch: 38 cost time: 1.1905922889709473
Epoch: 38, Steps: 29 | Train Loss: 0.0661989 Vali Loss: 0.1126865 Test Loss: 0.0533228
Validation loss decreased (0.113509 --> 0.112686).  Saving model ...
Updating learning rate to 9.678451126953676e-06
Epoch: 39 cost time: 1.1882708072662354
Epoch: 39, Steps: 29 | Train Loss: 0.0655529 Vali Loss: 0.1120805 Test Loss: 0.0529866
Validation loss decreased (0.112686 --> 0.112080).  Saving model ...
Updating learning rate to 9.594593786425696e-06
Epoch: 40 cost time: 1.1885995864868164
Epoch: 40, Steps: 29 | Train Loss: 0.0648771 Vali Loss: 0.1117783 Test Loss: 0.0525792
Validation loss decreased (0.112080 --> 0.111778).  Saving model ...
Updating learning rate to 9.501483585749811e-06
Epoch: 41 cost time: 1.1942143440246582
Epoch: 41, Steps: 29 | Train Loss: 0.0642715 Vali Loss: 0.1107433 Test Loss: 0.0523845
Validation loss decreased (0.111778 --> 0.110743).  Saving model ...
Updating learning rate to 9.399308036478838e-06
Epoch: 42 cost time: 1.1699211597442627
Epoch: 42, Steps: 29 | Train Loss: 0.0636662 Vali Loss: 0.1104034 Test Loss: 0.0519873
Validation loss decreased (0.110743 --> 0.110403).  Saving model ...
Updating learning rate to 9.288272906571216e-06
Epoch: 43 cost time: 1.190361499786377
Epoch: 43, Steps: 29 | Train Loss: 0.0630941 Vali Loss: 0.1095644 Test Loss: 0.0518317
Validation loss decreased (0.110403 --> 0.109564).  Saving model ...
Updating learning rate to 9.16860180600173e-06
Epoch: 44 cost time: 1.1877198219299316
Epoch: 44, Steps: 29 | Train Loss: 0.0624456 Vali Loss: 0.1087059 Test Loss: 0.0513658
Validation loss decreased (0.109564 --> 0.108706).  Saving model ...
Updating learning rate to 9.040535736440785e-06
Epoch: 45 cost time: 1.1930735111236572
Epoch: 45, Steps: 29 | Train Loss: 0.0617854 Vali Loss: 0.1075163 Test Loss: 0.0510747
Validation loss decreased (0.108706 --> 0.107516).  Saving model ...
Updating learning rate to 8.904332605909106e-06
Epoch: 46 cost time: 1.189828872680664
Epoch: 46, Steps: 29 | Train Loss: 0.0611917 Vali Loss: 0.1068187 Test Loss: 0.0507367
Validation loss decreased (0.107516 --> 0.106819).  Saving model ...
Updating learning rate to 8.760266709385311e-06
Epoch: 47 cost time: 1.1886560916900635
Epoch: 47, Steps: 29 | Train Loss: 0.0606821 Vali Loss: 0.1058209 Test Loss: 0.0508154
Validation loss decreased (0.106819 --> 0.105821).  Saving model ...
Updating learning rate to 8.608628176412335e-06
Epoch: 48 cost time: 1.1944735050201416
Epoch: 48, Steps: 29 | Train Loss: 0.0601670 Vali Loss: 0.1046233 Test Loss: 0.0504128
Validation loss decreased (0.105821 --> 0.104623).  Saving model ...
Updating learning rate to 8.449722386815127e-06
Epoch: 49 cost time: 1.193784236907959
Epoch: 49, Steps: 29 | Train Loss: 0.0595777 Vali Loss: 0.1051759 Test Loss: 0.0497295
EarlyStopping counter: 1 out of 10
Updating learning rate to 8.28386935570634e-06
Epoch: 50 cost time: 1.1844539642333984
Epoch: 50, Steps: 29 | Train Loss: 0.0590319 Vali Loss: 0.1041281 Test Loss: 0.0494810
Validation loss decreased (0.104623 --> 0.104128).  Saving model ...
Updating learning rate to 8.111403089018465e-06
Epoch: 51 cost time: 1.1907234191894531
Epoch: 51, Steps: 29 | Train Loss: 0.0584988 Vali Loss: 0.1027769 Test Loss: 0.0493467
Validation loss decreased (0.104128 --> 0.102777).  Saving model ...
Updating learning rate to 7.93267091086035e-06
Epoch: 52 cost time: 1.197596788406372
Epoch: 52, Steps: 29 | Train Loss: 0.0578794 Vali Loss: 0.1024456 Test Loss: 0.0492217
Validation loss decreased (0.102777 --> 0.102446).  Saving model ...
Updating learning rate to 7.748032764052655e-06
Epoch: 53 cost time: 1.190763235092163
Epoch: 53, Steps: 29 | Train Loss: 0.0573805 Vali Loss: 0.1019002 Test Loss: 0.0487018
Validation loss decreased (0.102446 --> 0.101900).  Saving model ...
Updating learning rate to 7.557860485250925e-06
Epoch: 54 cost time: 1.1851749420166016
Epoch: 54, Steps: 29 | Train Loss: 0.0568863 Vali Loss: 0.1010702 Test Loss: 0.0485055
Validation loss decreased (0.101900 --> 0.101070).  Saving model ...
Updating learning rate to 7.362537056116034e-06
Epoch: 55 cost time: 1.187523365020752
Epoch: 55, Steps: 29 | Train Loss: 0.0563736 Vali Loss: 0.1003153 Test Loss: 0.0484104
Validation loss decreased (0.101070 --> 0.100315).  Saving model ...
Updating learning rate to 7.162455832040107e-06
Epoch: 56 cost time: 1.1934449672698975
Epoch: 56, Steps: 29 | Train Loss: 0.0558963 Vali Loss: 0.0992973 Test Loss: 0.0480490
Validation loss decreased (0.100315 --> 0.099297).  Saving model ...
Updating learning rate to 6.9580197499810984e-06
Epoch: 57 cost time: 1.1878066062927246
Epoch: 57, Steps: 29 | Train Loss: 0.0554005 Vali Loss: 0.0989770 Test Loss: 0.0474039
Validation loss decreased (0.099297 --> 0.098977).  Saving model ...
Updating learning rate to 6.7496405170013816e-06
Epoch: 58 cost time: 1.151078224182129
Epoch: 58, Steps: 29 | Train Loss: 0.0549096 Vali Loss: 0.0979310 Test Loss: 0.0472992
Validation loss decreased (0.098977 --> 0.097931).  Saving model ...
Updating learning rate to 6.537737781144523e-06
Epoch: 59 cost time: 1.1832611560821533
Epoch: 59, Steps: 29 | Train Loss: 0.0544268 Vali Loss: 0.0970093 Test Loss: 0.0471423
Validation loss decreased (0.097931 --> 0.097009).  Saving model ...
Updating learning rate to 6.322738286319964e-06
Epoch: 60 cost time: 1.1876451969146729
Epoch: 60, Steps: 29 | Train Loss: 0.0539298 Vali Loss: 0.0972911 Test Loss: 0.0463829
EarlyStopping counter: 1 out of 10
Updating learning rate to 6.105075012897585e-06
Epoch: 61 cost time: 1.188011646270752
Epoch: 61, Steps: 29 | Train Loss: 0.0534821 Vali Loss: 0.0955649 Test Loss: 0.0464321
Validation loss decreased (0.097009 --> 0.095565).  Saving model ...
Updating learning rate to 5.885186305742857e-06
Epoch: 62 cost time: 1.1942243576049805
Epoch: 62, Steps: 29 | Train Loss: 0.0530657 Vali Loss: 0.0949090 Test Loss: 0.0461226
Validation loss decreased (0.095565 --> 0.094909).  Saving model ...
Updating learning rate to 5.6635149914486225e-06
Epoch: 63 cost time: 1.1925816535949707
Epoch: 63, Steps: 29 | Train Loss: 0.0525836 Vali Loss: 0.0945761 Test Loss: 0.0457859
Validation loss decreased (0.094909 --> 0.094576).  Saving model ...
Updating learning rate to 5.440507486541268e-06
Epoch: 64 cost time: 1.1915156841278076
Epoch: 64, Steps: 29 | Train Loss: 0.0521043 Vali Loss: 0.0939084 Test Loss: 0.0453377
Validation loss decreased (0.094576 --> 0.093908).  Saving model ...
Updating learning rate to 5.216612898457253e-06
Epoch: 65 cost time: 1.1956110000610352
Epoch: 65, Steps: 29 | Train Loss: 0.0516693 Vali Loss: 0.0932007 Test Loss: 0.0450190
Validation loss decreased (0.093908 --> 0.093201).  Saving model ...
Updating learning rate to 4.992282121100496e-06
Epoch: 66 cost time: 1.188899040222168
Epoch: 66, Steps: 29 | Train Loss: 0.0512659 Vali Loss: 0.0930473 Test Loss: 0.0445916
Validation loss decreased (0.093201 --> 0.093047).  Saving model ...
Updating learning rate to 4.767966926802067e-06
Epoch: 67 cost time: 1.1911289691925049
Epoch: 67, Steps: 29 | Train Loss: 0.0508357 Vali Loss: 0.0919184 Test Loss: 0.0443752
Validation loss decreased (0.093047 --> 0.091918).  Saving model ...
Updating learning rate to 4.5441190565108235e-06
Epoch: 68 cost time: 1.1897332668304443
Epoch: 68, Steps: 29 | Train Loss: 0.0504276 Vali Loss: 0.0914071 Test Loss: 0.0440047
Validation loss decreased (0.091918 --> 0.091407).  Saving model ...
Updating learning rate to 4.3211893100472735e-06
Epoch: 69 cost time: 1.185246467590332
Epoch: 69, Steps: 29 | Train Loss: 0.0499860 Vali Loss: 0.0906194 Test Loss: 0.0438627
Validation loss decreased (0.091407 --> 0.090619).  Saving model ...
Updating learning rate to 4.099626638252712e-06
Epoch: 70 cost time: 1.1882026195526123
Epoch: 70, Steps: 29 | Train Loss: 0.0495450 Vali Loss: 0.0896217 Test Loss: 0.0436291
Validation loss decreased (0.090619 --> 0.089622).  Saving model ...
Updating learning rate to 3.879877238861997e-06
Epoch: 71 cost time: 1.1923213005065918
Epoch: 71, Steps: 29 | Train Loss: 0.0491394 Vali Loss: 0.0884809 Test Loss: 0.0434181
Validation loss decreased (0.089622 --> 0.088481).  Saving model ...
Updating learning rate to 3.662383657920668e-06
Epoch: 72 cost time: 1.1954853534698486
Epoch: 72, Steps: 29 | Train Loss: 0.0487477 Vali Loss: 0.0883079 Test Loss: 0.0429518
Validation loss decreased (0.088481 --> 0.088308).  Saving model ...
Updating learning rate to 3.447583898556124e-06
Epoch: 73 cost time: 1.1937644481658936
Epoch: 73, Steps: 29 | Train Loss: 0.0483689 Vali Loss: 0.0874953 Test Loss: 0.0427372
Validation loss decreased (0.088308 --> 0.087495).  Saving model ...
Updating learning rate to 3.2359105388976132e-06
Epoch: 74 cost time: 1.1939482688903809
Epoch: 74, Steps: 29 | Train Loss: 0.0479699 Vali Loss: 0.0871613 Test Loss: 0.0423280
Validation loss decreased (0.087495 --> 0.087161).  Saving model ...
Updating learning rate to 3.027789860921434e-06
Epoch: 75 cost time: 1.1883275508880615
Epoch: 75, Steps: 29 | Train Loss: 0.0475792 Vali Loss: 0.0860862 Test Loss: 0.0422084
Validation loss decreased (0.087161 --> 0.086086).  Saving model ...
Updating learning rate to 2.8236409919757893e-06
Epoch: 76 cost time: 1.1602225303649902
Epoch: 76, Steps: 29 | Train Loss: 0.0472078 Vali Loss: 0.0856327 Test Loss: 0.0418121
Validation loss decreased (0.086086 --> 0.085633).  Saving model ...
Updating learning rate to 2.6238750607140637e-06
Epoch: 77 cost time: 1.1935744285583496
Epoch: 77, Steps: 29 | Train Loss: 0.0467992 Vali Loss: 0.0851046 Test Loss: 0.0413722
Validation loss decreased (0.085633 --> 0.085105).  Saving model ...
Updating learning rate to 2.4288943691364434e-06
Epoch: 78 cost time: 1.1953980922698975
Epoch: 78, Steps: 29 | Train Loss: 0.0464363 Vali Loss: 0.0846074 Test Loss: 0.0411372
Validation loss decreased (0.085105 --> 0.084607).  Saving model ...
Updating learning rate to 2.2390915824072217e-06
Epoch: 79 cost time: 1.1932883262634277
Epoch: 79, Steps: 29 | Train Loss: 0.0460514 Vali Loss: 0.0836859 Test Loss: 0.0408677
Validation loss decreased (0.084607 --> 0.083686).  Saving model ...
Updating learning rate to 2.0548489380794217e-06
Epoch: 80 cost time: 1.1958110332489014
Epoch: 80, Steps: 29 | Train Loss: 0.0457236 Vali Loss: 0.0832736 Test Loss: 0.0404247
Validation loss decreased (0.083686 --> 0.083274).  Saving model ...
Updating learning rate to 1.876537476319218e-06
Epoch: 81 cost time: 1.188309907913208
Epoch: 81, Steps: 29 | Train Loss: 0.0453722 Vali Loss: 0.0829400 Test Loss: 0.0404244
Validation loss decreased (0.083274 --> 0.082940).  Saving model ...
Updating learning rate to 1.7045162926804444e-06
Epoch: 82 cost time: 1.1910369396209717
Epoch: 82, Steps: 29 | Train Loss: 0.0454094 Vali Loss: 0.0827420 Test Loss: 0.0404549
Validation loss decreased (0.082940 --> 0.082742).  Saving model ...
Updating learning rate to 1.5391318149339123e-06
Epoch: 83 cost time: 1.1930594444274902
Epoch: 83, Steps: 29 | Train Loss: 0.0453791 Vali Loss: 0.0828777 Test Loss: 0.0404310
EarlyStopping counter: 1 out of 10
Updating learning rate to 1.3807171054080036e-06
Epoch: 84 cost time: 1.1879546642303467
Epoch: 84, Steps: 29 | Train Loss: 0.0453589 Vali Loss: 0.0827307 Test Loss: 0.0404970
Validation loss decreased (0.082742 --> 0.082731).  Saving model ...
Updating learning rate to 1.2295911902454577e-06
Epoch: 85 cost time: 1.1882667541503906
Epoch: 85, Steps: 29 | Train Loss: 0.0453714 Vali Loss: 0.0827842 Test Loss: 0.0404745
EarlyStopping counter: 1 out of 10
Updating learning rate to 1.0860584169271784e-06
Epoch: 86 cost time: 1.187847375869751
Epoch: 86, Steps: 29 | Train Loss: 0.0453435 Vali Loss: 0.0828195 Test Loss: 0.0405480
EarlyStopping counter: 2 out of 10
Updating learning rate to 9.504078413569088e-07
Epoch: 87 cost time: 1.1830649375915527
Epoch: 87, Steps: 29 | Train Loss: 0.0453459 Vali Loss: 0.0827134 Test Loss: 0.0405796
Validation loss decreased (0.082731 --> 0.082713).  Saving model ...
Updating learning rate to 8.229126457411124e-07
Epoch: 88 cost time: 1.186272382736206
Epoch: 88, Steps: 29 | Train Loss: 0.0453476 Vali Loss: 0.0826665 Test Loss: 0.0405258
Validation loss decreased (0.082713 --> 0.082667).  Saving model ...
Updating learning rate to 7.038295884363647e-07
Epoch: 89 cost time: 1.1916310787200928
Epoch: 89, Steps: 29 | Train Loss: 0.0453502 Vali Loss: 0.0827463 Test Loss: 0.0405045
EarlyStopping counter: 1 out of 10
Updating learning rate to 5.933984868721898e-07
Epoch: 90 cost time: 1.1844267845153809
Epoch: 90, Steps: 29 | Train Loss: 0.0452942 Vali Loss: 0.0827847 Test Loss: 0.0405342
EarlyStopping counter: 2 out of 10
Updating learning rate to 4.918417345906772e-07
Epoch: 91 cost time: 1.1876280307769775
Epoch: 91, Steps: 29 | Train Loss: 0.0453345 Vali Loss: 0.0830297 Test Loss: 0.0404933
EarlyStopping counter: 3 out of 10
Updating learning rate to 3.9936385337548097e-07
Epoch: 92 cost time: 1.190396785736084
Epoch: 92, Steps: 29 | Train Loss: 0.0453076 Vali Loss: 0.0827793 Test Loss: 0.0405299
EarlyStopping counter: 4 out of 10
Updating learning rate to 3.161510813721721e-07
Epoch: 93 cost time: 1.1761846542358398
Epoch: 93, Steps: 29 | Train Loss: 0.0453494 Vali Loss: 0.0826605 Test Loss: 0.0405674
Validation loss decreased (0.082667 --> 0.082661).  Saving model ...
Updating learning rate to 2.4237099802938663e-07
Epoch: 94 cost time: 1.1870434284210205
Epoch: 94, Steps: 29 | Train Loss: 0.0453294 Vali Loss: 0.0829176 Test Loss: 0.0405141
EarlyStopping counter: 1 out of 10
Updating learning rate to 1.7817218661613333e-07
Epoch: 95 cost time: 1.186687707901001
Epoch: 95, Steps: 29 | Train Loss: 0.0452997 Vali Loss: 0.0829322 Test Loss: 0.0405305
EarlyStopping counter: 2 out of 10
Updating learning rate to 1.236839349948492e-07
Epoch: 96 cost time: 1.1815147399902344
Epoch: 96, Steps: 29 | Train Loss: 0.0453393 Vali Loss: 0.0828614 Test Loss: 0.0405217
EarlyStopping counter: 3 out of 10
Updating learning rate to 7.90159752528609e-08
Epoch: 97 cost time: 1.1854407787322998
Epoch: 97, Steps: 29 | Train Loss: 0.0452954 Vali Loss: 0.0829474 Test Loss: 0.0405124
EarlyStopping counter: 4 out of 10
Updating learning rate to 4.425826271655888e-08
Epoch: 98 cost time: 1.1844489574432373
Epoch: 98, Steps: 29 | Train Loss: 0.0452978 Vali Loss: 0.0829832 Test Loss: 0.0405221
EarlyStopping counter: 5 out of 10
Updating learning rate to 1.948079479334324e-08
Epoch: 99 cost time: 1.184812307357788
Epoch: 99, Steps: 29 | Train Loss: 0.0453232 Vali Loss: 0.0829532 Test Loss: 0.0405073
EarlyStopping counter: 6 out of 10
Updating learning rate to 4.7334700061613195e-09
Epoch: 100 cost time: 1.1815593242645264
Epoch: 100, Steps: 29 | Train Loss: 0.0453276 Vali Loss: 0.0829001 Test Loss: 0.0405100
EarlyStopping counter: 7 out of 10
Updating learning rate to 4.5987504521248976e-11
>>>>>>>testing : ETTh1_336_720_DTFNet_ETTh1_ftM_sl336_ll0_pl720_dm128_nh16_el2_br2_dl1_df256_fc1_ebtimeF_dtTrue_'Exp'_0_'rel_sin'_16_8_16,24_8,12_3_1_256<<<<<<<<<<<<<<<<<<<<<<<<<<<<<<<<<
test 2161
mse:0.4308735132217407, mae:0.4526365101337433, rse:0.6304635405540466
