Args in experiment:
Namespace(is_training=1, model_id='ETTh1_336_720', model='DTFNet', data='ETTh1', root_path='./dataset/', data_path='ETTh1.csv', features='M', target='OT', freq='h', checkpoints='./checkpoints/', seq_len=336, label_len=0, pred_len=720, n_branches=2, patch_len_ls='16,24', stride_ls='8,12', d_model_ls='128', n_heads_ls='16', rel_pe="'rel_sin'", res_attn=False, head_type='flatten', fc_dropout=0.3, head_dropout=0.1, patch_len=16, stride=8, padding_patch="'end'", revin=1, affine=0, subtract_last=0, decomposition=0, kernel_size=25, individual=0, store_attn=False, pre_norm=False, pe='zeros', no_learn_pe=True, embed_type=0, enc_in=7, dec_in=7, c_out=7, d_model=128, n_heads=16, e_layers=2, d_layers=1, d_ff=256, moving_avg=25, factor=1, distil=True, dropout=0.3, embed='timeF', activation='gelu', output_attention=False, do_predict=False, num_workers=0, itr=1, train_epochs=100, batch_size=256, patience=10, learning_rate=1e-05, des="'Exp'", loss='mse', lradj='TST', pct_start=0.3, use_amp=False, l2=0.0, warmup_steps=0, use_gpu=True, gpu=0, use_multi_gpu=False, devices='0', test_flop=False, use_mlflow=False, mlflow_project='exp', loss_flag=2, sub_patch_len=16, sub_stride=8, stride_ls_list='16', model_type='linear', tfactor=3, dilation_rates='1', wavelet_layers=2, wavelet_type='db5', wavelet_mode='periodization', wavelet_dim=64, initTLV=0.2)
Use GPU: cuda:0
>>>>>>>start training : ETTh1_336_720_DTFNet_ETTh1_ftM_sl336_ll0_pl720_dm128_nh16_el2_br2_dl1_df256_fc1_ebtimeF_dtTrue_'Exp'_0_'rel_sin'_16_8_16,24_8,12_3_1_256>>>>>>>>>>>>>>>>>>>>>>>>>>
train 7585
val 2161
test 2161
Epoch: 1 cost time: 1.5473101139068604
Epoch: 1, Steps: 29 | Train Loss: 0.1075339 Vali Loss: 0.1787337 Test Loss: 0.0995722
Validation loss decreased (inf --> 0.178734).  Saving model ...
Updating learning rate to 4.2635539919063106e-07
Epoch: 2 cost time: 1.1774201393127441
Epoch: 2, Steps: 29 | Train Loss: 0.1066493 Vali Loss: 0.1770809 Test Loss: 0.0987285
Validation loss decreased (0.178734 --> 0.177081).  Saving model ...
Updating learning rate to 5.051321771514831e-07
Epoch: 3 cost time: 1.1813006401062012
Epoch: 3, Steps: 29 | Train Loss: 0.1057976 Vali Loss: 0.1755085 Test Loss: 0.0978057
Validation loss decreased (0.177081 --> 0.175508).  Saving model ...
Updating learning rate to 6.354652532866785e-07
Epoch: 4 cost time: 1.1802113056182861
Epoch: 4, Steps: 29 | Train Loss: 0.1048044 Vali Loss: 0.1738567 Test Loss: 0.0968116
Validation loss decreased (0.175508 --> 0.173857).  Saving model ...
Updating learning rate to 8.159233858256806e-07
Epoch: 5 cost time: 1.1658167839050293
Epoch: 5, Steps: 29 | Train Loss: 0.1038823 Vali Loss: 0.1720481 Test Loss: 0.0957285
Validation loss decreased (0.173857 --> 0.172048).  Saving model ...
Updating learning rate to 1.0445248888850473e-06
Epoch: 6 cost time: 1.1791858673095703
Epoch: 6, Steps: 29 | Train Loss: 0.1028995 Vali Loss: 0.1702217 Test Loss: 0.0945118
Validation loss decreased (0.172048 --> 0.170222).  Saving model ...
Updating learning rate to 1.3187593941861497e-06
Epoch: 7 cost time: 1.1845195293426514
Epoch: 7, Steps: 29 | Train Loss: 0.1017452 Vali Loss: 0.1679382 Test Loss: 0.0930816
Validation loss decreased (0.170222 --> 0.167938).  Saving model ...
Updating learning rate to 1.6356154184543822e-06
Epoch: 8 cost time: 1.1780457496643066
Epoch: 8, Steps: 29 | Train Loss: 0.1004787 Vali Loss: 0.1650071 Test Loss: 0.0913479
Validation loss decreased (0.167938 --> 0.165007).  Saving model ...
Updating learning rate to 1.9916134337707666e-06
Epoch: 9 cost time: 1.1788601875305176
Epoch: 9, Steps: 29 | Train Loss: 0.0989549 Vali Loss: 0.1619745 Test Loss: 0.0890576
Validation loss decreased (0.165007 --> 0.161974).  Saving model ...
Updating learning rate to 2.3828440777166636e-06
Epoch: 10 cost time: 1.1743049621582031
Epoch: 10, Steps: 29 | Train Loss: 0.0971912 Vali Loss: 0.1575765 Test Loss: 0.0859298
Validation loss decreased (0.161974 --> 0.157577).  Saving model ...
Updating learning rate to 2.805011083710071e-06
Epoch: 11 cost time: 1.1796233654022217
Epoch: 11, Steps: 29 | Train Loss: 0.0948273 Vali Loss: 0.1518163 Test Loss: 0.0817245
Validation loss decreased (0.157577 --> 0.151816).  Saving model ...
Updating learning rate to 3.2534784600976295e-06
Epoch: 12 cost time: 1.1838419437408447
Epoch: 12, Steps: 29 | Train Loss: 0.0921970 Vali Loss: 0.1465882 Test Loss: 0.0773154
Validation loss decreased (0.151816 --> 0.146588).  Saving model ...
Updating learning rate to 3.723321399909056e-06
Epoch: 13 cost time: 1.1809585094451904
Epoch: 13, Steps: 29 | Train Loss: 0.0898862 Vali Loss: 0.1422789 Test Loss: 0.0746664
Validation loss decreased (0.146588 --> 0.142279).  Saving model ...
Updating learning rate to 4.209380362212844e-06
Epoch: 14 cost time: 1.161407709121704
Epoch: 14, Steps: 29 | Train Loss: 0.0880813 Vali Loss: 0.1388647 Test Loss: 0.0730502
Validation loss decreased (0.142279 --> 0.138865).  Saving model ...
Updating learning rate to 4.706317731183279e-06
Epoch: 15 cost time: 1.1854314804077148
Epoch: 15, Steps: 29 | Train Loss: 0.0863800 Vali Loss: 0.1359648 Test Loss: 0.0711365
Validation loss decreased (0.138865 --> 0.135965).  Saving model ...
Updating learning rate to 5.208676430682048e-06
Epoch: 16 cost time: 1.1777174472808838
Epoch: 16, Steps: 29 | Train Loss: 0.0845605 Vali Loss: 0.1329389 Test Loss: 0.0690612
Validation loss decreased (0.135965 --> 0.132939).  Saving model ...
Updating learning rate to 5.710939850683244e-06
Epoch: 17 cost time: 1.1776347160339355
Epoch: 17, Steps: 29 | Train Loss: 0.0829525 Vali Loss: 0.1309003 Test Loss: 0.0671020
Validation loss decreased (0.132939 --> 0.130900).  Saving model ...
Updating learning rate to 6.207592427464792e-06
Epoch: 18 cost time: 1.179413080215454
Epoch: 18, Steps: 29 | Train Loss: 0.0816115 Vali Loss: 0.1293869 Test Loss: 0.0657229
Validation loss decreased (0.130900 --> 0.129387).  Saving model ...
Updating learning rate to 6.693180212309968e-06
Epoch: 19 cost time: 1.179877758026123
Epoch: 19, Steps: 29 | Train Loss: 0.0805181 Vali Loss: 0.1281806 Test Loss: 0.0647113
Validation loss decreased (0.129387 --> 0.128181).  Saving model ...
Updating learning rate to 7.1623707635889015e-06
Epoch: 20 cost time: 1.1855597496032715
Epoch: 20, Steps: 29 | Train Loss: 0.0795690 Vali Loss: 0.1272924 Test Loss: 0.0638705
Validation loss decreased (0.128181 --> 0.127292).  Saving model ...
Updating learning rate to 7.610011704520164e-06
Epoch: 21 cost time: 1.1805534362792969
Epoch: 21, Steps: 29 | Train Loss: 0.0786099 Vali Loss: 0.1262097 Test Loss: 0.0632457
Validation loss decreased (0.127292 --> 0.126210).  Saving model ...
Updating learning rate to 8.031187303565295e-06
Epoch: 22 cost time: 1.1818006038665771
Epoch: 22, Steps: 29 | Train Loss: 0.0778058 Vali Loss: 0.1252520 Test Loss: 0.0623013
Validation loss decreased (0.126210 --> 0.125252).  Saving model ...
Updating learning rate to 8.421272456123378e-06
Epoch: 23 cost time: 1.1934115886688232
Epoch: 23, Steps: 29 | Train Loss: 0.0769770 Vali Loss: 0.1242934 Test Loss: 0.0614171
Validation loss decreased (0.125252 --> 0.124293).  Saving model ...
Updating learning rate to 8.775983474730246e-06
Epoch: 24 cost time: 1.1785545349121094
Epoch: 24, Steps: 29 | Train Loss: 0.0761311 Vali Loss: 0.1234745 Test Loss: 0.0608321
Validation loss decreased (0.124293 --> 0.123474).  Saving model ...
Updating learning rate to 9.091425130013939e-06
Epoch: 25 cost time: 1.1788663864135742
Epoch: 25, Steps: 29 | Train Loss: 0.0754070 Vali Loss: 0.1227466 Test Loss: 0.0598148
Validation loss decreased (0.123474 --> 0.122747).  Saving model ...
Updating learning rate to 9.364133425830145e-06
Epoch: 26 cost time: 1.1763455867767334
Epoch: 26, Steps: 29 | Train Loss: 0.0745576 Vali Loss: 0.1220004 Test Loss: 0.0593780
Validation loss decreased (0.122747 --> 0.122000).  Saving model ...
Updating learning rate to 9.591113638846019e-06
Epoch: 27 cost time: 1.1748170852661133
Epoch: 27, Steps: 29 | Train Loss: 0.0738436 Vali Loss: 0.1209048 Test Loss: 0.0588562
Validation loss decreased (0.122000 --> 0.120905).  Saving model ...
Updating learning rate to 9.769873204843885e-06
Epoch: 28 cost time: 1.1857538223266602
Epoch: 28, Steps: 29 | Train Loss: 0.0730388 Vali Loss: 0.1201633 Test Loss: 0.0581514
Validation loss decreased (0.120905 --> 0.120163).  Saving model ...
Updating learning rate to 9.898449090606656e-06
Epoch: 29 cost time: 1.1866402626037598
Epoch: 29, Steps: 29 | Train Loss: 0.0722732 Vali Loss: 0.1192922 Test Loss: 0.0575799
Validation loss decreased (0.120163 --> 0.119292).  Saving model ...
Updating learning rate to 9.975429350802846e-06
Epoch: 30 cost time: 1.1827223300933838
Epoch: 30, Steps: 29 | Train Loss: 0.0716027 Vali Loss: 0.1182186 Test Loss: 0.0571676
Validation loss decreased (0.119292 --> 0.118219).  Saving model ...
Updating learning rate to 9.99999401249548e-06
Epoch: 31 cost time: 1.1802282333374023
Epoch: 31, Steps: 29 | Train Loss: 0.0708827 Vali Loss: 0.1172486 Test Loss: 0.0570027
Validation loss decreased (0.118219 --> 0.117249).  Saving model ...
Updating learning rate to 9.994612212745642e-06
Epoch: 32 cost time: 1.1764140129089355
Epoch: 32, Steps: 29 | Train Loss: 0.0701655 Vali Loss: 0.1164313 Test Loss: 0.0564045
Validation loss decreased (0.117249 --> 0.116431).  Saving model ...
Updating learning rate to 9.979171968972798e-06
Epoch: 33 cost time: 1.1802136898040771
Epoch: 33, Steps: 29 | Train Loss: 0.0694632 Vali Loss: 0.1161596 Test Loss: 0.0555502
Validation loss decreased (0.116431 --> 0.116160).  Saving model ...
Updating learning rate to 9.953704375773079e-06
Epoch: 34 cost time: 1.1775124073028564
Epoch: 34, Steps: 29 | Train Loss: 0.0688034 Vali Loss: 0.1147464 Test Loss: 0.0553759
Validation loss decreased (0.116160 --> 0.114746).  Saving model ...
Updating learning rate to 9.918260721489893e-06
Epoch: 35 cost time: 1.176008939743042
Epoch: 35, Steps: 29 | Train Loss: 0.0681042 Vali Loss: 0.1143914 Test Loss: 0.0548056
Validation loss decreased (0.114746 --> 0.114391).  Saving model ...
Updating learning rate to 9.872912384926035e-06
Epoch: 36 cost time: 1.181283712387085
Epoch: 36, Steps: 29 | Train Loss: 0.0673929 Vali Loss: 0.1140055 Test Loss: 0.0541496
Validation loss decreased (0.114391 --> 0.114006).  Saving model ...
Updating learning rate to 9.817750691596265e-06
Epoch: 37 cost time: 1.1838369369506836
Epoch: 37, Steps: 29 | Train Loss: 0.0667619 Vali Loss: 0.1129844 Test Loss: 0.0541982
Validation loss decreased (0.114006 --> 0.112984).  Saving model ...
Updating learning rate to 9.752886729809889e-06
Epoch: 38 cost time: 1.1751949787139893
Epoch: 38, Steps: 29 | Train Loss: 0.0661324 Vali Loss: 0.1122544 Test Loss: 0.0536069
Validation loss decreased (0.112984 --> 0.112254).  Saving model ...
Updating learning rate to 9.678451126953676e-06
Epoch: 39 cost time: 1.1758203506469727
Epoch: 39, Steps: 29 | Train Loss: 0.0654560 Vali Loss: 0.1116932 Test Loss: 0.0531585
Validation loss decreased (0.112254 --> 0.111693).  Saving model ...
Updating learning rate to 9.594593786425696e-06
Epoch: 40 cost time: 1.1732614040374756
Epoch: 40, Steps: 29 | Train Loss: 0.0648380 Vali Loss: 0.1100036 Test Loss: 0.0530393
Validation loss decreased (0.111693 --> 0.110004).  Saving model ...
Updating learning rate to 9.501483585749811e-06
Epoch: 41 cost time: 1.1688213348388672
Epoch: 41, Steps: 29 | Train Loss: 0.0641603 Vali Loss: 0.1099385 Test Loss: 0.0524944
Validation loss decreased (0.110004 --> 0.109938).  Saving model ...
Updating learning rate to 9.399308036478838e-06
Epoch: 42 cost time: 1.1771025657653809
Epoch: 42, Steps: 29 | Train Loss: 0.0636293 Vali Loss: 0.1085341 Test Loss: 0.0522893
Validation loss decreased (0.109938 --> 0.108534).  Saving model ...
Updating learning rate to 9.288272906571216e-06
Epoch: 43 cost time: 1.180983543395996
Epoch: 43, Steps: 29 | Train Loss: 0.0629774 Vali Loss: 0.1080259 Test Loss: 0.0522542
Validation loss decreased (0.108534 --> 0.108026).  Saving model ...
Updating learning rate to 9.16860180600173e-06
Epoch: 44 cost time: 1.1743617057800293
Epoch: 44, Steps: 29 | Train Loss: 0.0623864 Vali Loss: 0.1077856 Test Loss: 0.0513722
Validation loss decreased (0.108026 --> 0.107786).  Saving model ...
Updating learning rate to 9.040535736440785e-06
Epoch: 45 cost time: 1.1783742904663086
Epoch: 45, Steps: 29 | Train Loss: 0.0618028 Vali Loss: 0.1067902 Test Loss: 0.0512651
Validation loss decreased (0.107786 --> 0.106790).  Saving model ...
Updating learning rate to 8.904332605909106e-06
Epoch: 46 cost time: 1.1774606704711914
Epoch: 46, Steps: 29 | Train Loss: 0.0612401 Vali Loss: 0.1060344 Test Loss: 0.0509811
Validation loss decreased (0.106790 --> 0.106034).  Saving model ...
Updating learning rate to 8.760266709385311e-06
Epoch: 47 cost time: 1.1810035705566406
Epoch: 47, Steps: 29 | Train Loss: 0.0606276 Vali Loss: 0.1046225 Test Loss: 0.0509221
Validation loss decreased (0.106034 --> 0.104622).  Saving model ...
Updating learning rate to 8.608628176412335e-06
Epoch: 48 cost time: 1.1812889575958252
Epoch: 48, Steps: 29 | Train Loss: 0.0600786 Vali Loss: 0.1035619 Test Loss: 0.0505602
Validation loss decreased (0.104622 --> 0.103562).  Saving model ...
Updating learning rate to 8.449722386815127e-06
Epoch: 49 cost time: 1.1786737442016602
Epoch: 49, Steps: 29 | Train Loss: 0.0595180 Vali Loss: 0.1032230 Test Loss: 0.0505735
Validation loss decreased (0.103562 --> 0.103223).  Saving model ...
Updating learning rate to 8.28386935570634e-06
Epoch: 50 cost time: 1.1804828643798828
Epoch: 50, Steps: 29 | Train Loss: 0.0589860 Vali Loss: 0.1024751 Test Loss: 0.0498395
Validation loss decreased (0.103223 --> 0.102475).  Saving model ...
Updating learning rate to 8.111403089018465e-06
Epoch: 51 cost time: 1.1670122146606445
Epoch: 51, Steps: 29 | Train Loss: 0.0584573 Vali Loss: 0.1019881 Test Loss: 0.0496933
Validation loss decreased (0.102475 --> 0.101988).  Saving model ...
Updating learning rate to 7.93267091086035e-06
Epoch: 52 cost time: 1.187223196029663
Epoch: 52, Steps: 29 | Train Loss: 0.0579342 Vali Loss: 0.1012195 Test Loss: 0.0490332
Validation loss decreased (0.101988 --> 0.101219).  Saving model ...
Updating learning rate to 7.748032764052655e-06
Epoch: 53 cost time: 1.1884589195251465
Epoch: 53, Steps: 29 | Train Loss: 0.0574300 Vali Loss: 0.1010532 Test Loss: 0.0484901
Validation loss decreased (0.101219 --> 0.101053).  Saving model ...
Updating learning rate to 7.557860485250925e-06
Epoch: 54 cost time: 1.1874828338623047
Epoch: 54, Steps: 29 | Train Loss: 0.0568874 Vali Loss: 0.1001141 Test Loss: 0.0481521
Validation loss decreased (0.101053 --> 0.100114).  Saving model ...
Updating learning rate to 7.362537056116034e-06
Epoch: 55 cost time: 1.1831912994384766
Epoch: 55, Steps: 29 | Train Loss: 0.0563576 Vali Loss: 0.0991279 Test Loss: 0.0481674
Validation loss decreased (0.100114 --> 0.099128).  Saving model ...
Updating learning rate to 7.162455832040107e-06
Epoch: 56 cost time: 1.1753690242767334
Epoch: 56, Steps: 29 | Train Loss: 0.0558908 Vali Loss: 0.0980568 Test Loss: 0.0479806
Validation loss decreased (0.099128 --> 0.098057).  Saving model ...
Updating learning rate to 6.9580197499810984e-06
Epoch: 57 cost time: 1.1755962371826172
Epoch: 57, Steps: 29 | Train Loss: 0.0554331 Vali Loss: 0.0977316 Test Loss: 0.0474759
Validation loss decreased (0.098057 --> 0.097732).  Saving model ...
Updating learning rate to 6.7496405170013816e-06
Epoch: 58 cost time: 1.1786556243896484
Epoch: 58, Steps: 29 | Train Loss: 0.0549001 Vali Loss: 0.0964920 Test Loss: 0.0470868
Validation loss decreased (0.097732 --> 0.096492).  Saving model ...
Updating learning rate to 6.537737781144523e-06
Epoch: 59 cost time: 1.1799392700195312
Epoch: 59, Steps: 29 | Train Loss: 0.0543744 Vali Loss: 0.0957827 Test Loss: 0.0469909
Validation loss decreased (0.096492 --> 0.095783).  Saving model ...
Updating learning rate to 6.322738286319964e-06
Epoch: 60 cost time: 1.1830048561096191
Epoch: 60, Steps: 29 | Train Loss: 0.0539569 Vali Loss: 0.0953970 Test Loss: 0.0464158
Validation loss decreased (0.095783 --> 0.095397).  Saving model ...
Updating learning rate to 6.105075012897585e-06
Epoch: 61 cost time: 1.188004493713379
Epoch: 61, Steps: 29 | Train Loss: 0.0534964 Vali Loss: 0.0947926 Test Loss: 0.0461051
Validation loss decreased (0.095397 --> 0.094793).  Saving model ...
Updating learning rate to 5.885186305742857e-06
Epoch: 62 cost time: 1.1889190673828125
Epoch: 62, Steps: 29 | Train Loss: 0.0530175 Vali Loss: 0.0940773 Test Loss: 0.0457087
Validation loss decreased (0.094793 --> 0.094077).  Saving model ...
Updating learning rate to 5.6635149914486225e-06
Epoch: 63 cost time: 1.1883299350738525
Epoch: 63, Steps: 29 | Train Loss: 0.0525331 Vali Loss: 0.0934221 Test Loss: 0.0455637
Validation loss decreased (0.094077 --> 0.093422).  Saving model ...
Updating learning rate to 5.440507486541268e-06
Epoch: 64 cost time: 1.1793532371520996
Epoch: 64, Steps: 29 | Train Loss: 0.0520808 Vali Loss: 0.0925004 Test Loss: 0.0452376
Validation loss decreased (0.093422 --> 0.092500).  Saving model ...
Updating learning rate to 5.216612898457253e-06
Epoch: 65 cost time: 1.1791136264801025
Epoch: 65, Steps: 29 | Train Loss: 0.0516903 Vali Loss: 0.0914218 Test Loss: 0.0449744
Validation loss decreased (0.092500 --> 0.091422).  Saving model ...
Updating learning rate to 4.992282121100496e-06
Epoch: 66 cost time: 1.1789054870605469
Epoch: 66, Steps: 29 | Train Loss: 0.0512376 Vali Loss: 0.0913816 Test Loss: 0.0444509
Validation loss decreased (0.091422 --> 0.091382).  Saving model ...
Updating learning rate to 4.767966926802067e-06
Epoch: 67 cost time: 1.1814329624176025
Epoch: 67, Steps: 29 | Train Loss: 0.0508613 Vali Loss: 0.0907433 Test Loss: 0.0441072
Validation loss decreased (0.091382 --> 0.090743).  Saving model ...
Updating learning rate to 4.5441190565108235e-06
Epoch: 68 cost time: 1.1746618747711182
Epoch: 68, Steps: 29 | Train Loss: 0.0503804 Vali Loss: 0.0897566 Test Loss: 0.0439199
Validation loss decreased (0.090743 --> 0.089757).  Saving model ...
Updating learning rate to 4.3211893100472735e-06
Epoch: 69 cost time: 1.1832497119903564
Epoch: 69, Steps: 29 | Train Loss: 0.0499745 Vali Loss: 0.0894107 Test Loss: 0.0435539
Validation loss decreased (0.089757 --> 0.089411).  Saving model ...
Updating learning rate to 4.099626638252712e-06
Epoch: 70 cost time: 1.181079626083374
Epoch: 70, Steps: 29 | Train Loss: 0.0496121 Vali Loss: 0.0882104 Test Loss: 0.0433773
Validation loss decreased (0.089411 --> 0.088210).  Saving model ...
Updating learning rate to 3.879877238861997e-06
Epoch: 71 cost time: 1.1802809238433838
Epoch: 71, Steps: 29 | Train Loss: 0.0491510 Vali Loss: 0.0877342 Test Loss: 0.0430983
Validation loss decreased (0.088210 --> 0.087734).  Saving model ...
Updating learning rate to 3.662383657920668e-06
Epoch: 72 cost time: 1.1785888671875
Epoch: 72, Steps: 29 | Train Loss: 0.0486982 Vali Loss: 0.0873819 Test Loss: 0.0425173
Validation loss decreased (0.087734 --> 0.087382).  Saving model ...
Updating learning rate to 3.447583898556124e-06
Epoch: 73 cost time: 1.1810059547424316
Epoch: 73, Steps: 29 | Train Loss: 0.0483758 Vali Loss: 0.0864566 Test Loss: 0.0424682
Validation loss decreased (0.087382 --> 0.086457).  Saving model ...
Updating learning rate to 3.2359105388976132e-06
Epoch: 74 cost time: 1.1642167568206787
Epoch: 74, Steps: 29 | Train Loss: 0.0479462 Vali Loss: 0.0857894 Test Loss: 0.0421618
Validation loss decreased (0.086457 --> 0.085789).  Saving model ...
Updating learning rate to 3.027789860921434e-06
Epoch: 75 cost time: 1.1845266819000244
Epoch: 75, Steps: 29 | Train Loss: 0.0475733 Vali Loss: 0.0850007 Test Loss: 0.0418680
Validation loss decreased (0.085789 --> 0.085001).  Saving model ...
Updating learning rate to 2.8236409919757893e-06
Epoch: 76 cost time: 1.1779375076293945
Epoch: 76, Steps: 29 | Train Loss: 0.0471900 Vali Loss: 0.0845894 Test Loss: 0.0413815
Validation loss decreased (0.085001 --> 0.084589).  Saving model ...
Updating learning rate to 2.6238750607140637e-06
Epoch: 77 cost time: 1.1878750324249268
Epoch: 77, Steps: 29 | Train Loss: 0.0468020 Vali Loss: 0.0835543 Test Loss: 0.0412489
Validation loss decreased (0.084589 --> 0.083554).  Saving model ...
Updating learning rate to 2.4288943691364434e-06
Epoch: 78 cost time: 1.1812808513641357
Epoch: 78, Steps: 29 | Train Loss: 0.0464599 Vali Loss: 0.0828588 Test Loss: 0.0409415
Validation loss decreased (0.083554 --> 0.082859).  Saving model ...
Updating learning rate to 2.2390915824072217e-06
Epoch: 79 cost time: 1.1845154762268066
Epoch: 79, Steps: 29 | Train Loss: 0.0461454 Vali Loss: 0.0826210 Test Loss: 0.0405581
Validation loss decreased (0.082859 --> 0.082621).  Saving model ...
Updating learning rate to 2.0548489380794217e-06
Epoch: 80 cost time: 1.1801021099090576
Epoch: 80, Steps: 29 | Train Loss: 0.0457224 Vali Loss: 0.0817302 Test Loss: 0.0403061
Validation loss decreased (0.082621 --> 0.081730).  Saving model ...
Updating learning rate to 1.876537476319218e-06
Epoch: 81 cost time: 1.1812083721160889
Epoch: 81, Steps: 29 | Train Loss: 0.0455022 Vali Loss: 0.0815713 Test Loss: 0.0402759
Validation loss decreased (0.081730 --> 0.081571).  Saving model ...
Updating learning rate to 1.7045162926804444e-06
Epoch: 82 cost time: 1.1816017627716064
Epoch: 82, Steps: 29 | Train Loss: 0.0454555 Vali Loss: 0.0816138 Test Loss: 0.0403268
EarlyStopping counter: 1 out of 10
Updating learning rate to 1.5391318149339123e-06
Epoch: 83 cost time: 1.1823606491088867
Epoch: 83, Steps: 29 | Train Loss: 0.0454329 Vali Loss: 0.0815283 Test Loss: 0.0403478
Validation loss decreased (0.081571 --> 0.081528).  Saving model ...
Updating learning rate to 1.3807171054080036e-06
Epoch: 84 cost time: 1.184053897857666
Epoch: 84, Steps: 29 | Train Loss: 0.0454479 Vali Loss: 0.0816143 Test Loss: 0.0403932
EarlyStopping counter: 1 out of 10
Updating learning rate to 1.2295911902454577e-06
Epoch: 85 cost time: 1.1829252243041992
Epoch: 85, Steps: 29 | Train Loss: 0.0453800 Vali Loss: 0.0815569 Test Loss: 0.0403970
EarlyStopping counter: 2 out of 10
Updating learning rate to 1.0860584169271784e-06
Epoch: 86 cost time: 1.1814205646514893
Epoch: 86, Steps: 29 | Train Loss: 0.0454275 Vali Loss: 0.0815268 Test Loss: 0.0403438
Validation loss decreased (0.081528 --> 0.081527).  Saving model ...
Updating learning rate to 9.504078413569088e-07
Epoch: 87 cost time: 1.179922103881836
Epoch: 87, Steps: 29 | Train Loss: 0.0453875 Vali Loss: 0.0816059 Test Loss: 0.0403974
EarlyStopping counter: 1 out of 10
Updating learning rate to 8.229126457411124e-07
Epoch: 88 cost time: 1.1765072345733643
Epoch: 88, Steps: 29 | Train Loss: 0.0454106 Vali Loss: 0.0814757 Test Loss: 0.0403244
Validation loss decreased (0.081527 --> 0.081476).  Saving model ...
Updating learning rate to 7.038295884363647e-07
Epoch: 89 cost time: 1.1780893802642822
Epoch: 89, Steps: 29 | Train Loss: 0.0454050 Vali Loss: 0.0816647 Test Loss: 0.0403907
EarlyStopping counter: 1 out of 10
Updating learning rate to 5.933984868721898e-07
Epoch: 90 cost time: 1.175152063369751
Epoch: 90, Steps: 29 | Train Loss: 0.0453530 Vali Loss: 0.0816653 Test Loss: 0.0403638
EarlyStopping counter: 2 out of 10
Updating learning rate to 4.918417345906772e-07
Epoch: 91 cost time: 1.1835637092590332
Epoch: 91, Steps: 29 | Train Loss: 0.0453839 Vali Loss: 0.0816130 Test Loss: 0.0403954
EarlyStopping counter: 3 out of 10
Updating learning rate to 3.9936385337548097e-07
Epoch: 92 cost time: 1.183814287185669
Epoch: 92, Steps: 29 | Train Loss: 0.0453911 Vali Loss: 0.0815708 Test Loss: 0.0403497
EarlyStopping counter: 4 out of 10
Updating learning rate to 3.161510813721721e-07
Epoch: 93 cost time: 1.1773808002471924
Epoch: 93, Steps: 29 | Train Loss: 0.0453586 Vali Loss: 0.0816487 Test Loss: 0.0404045
EarlyStopping counter: 5 out of 10
Updating learning rate to 2.4237099802938663e-07
Epoch: 94 cost time: 1.1718521118164062
Epoch: 94, Steps: 29 | Train Loss: 0.0453538 Vali Loss: 0.0814521 Test Loss: 0.0403856
Validation loss decreased (0.081476 --> 0.081452).  Saving model ...
Updating learning rate to 1.7817218661613333e-07
Epoch: 95 cost time: 1.1862123012542725
Epoch: 95, Steps: 29 | Train Loss: 0.0454021 Vali Loss: 0.0816073 Test Loss: 0.0403835
EarlyStopping counter: 1 out of 10
Updating learning rate to 1.236839349948492e-07
Epoch: 96 cost time: 1.180847406387329
Epoch: 96, Steps: 29 | Train Loss: 0.0453843 Vali Loss: 0.0816683 Test Loss: 0.0403627
EarlyStopping counter: 2 out of 10
Updating learning rate to 7.90159752528609e-08
Epoch: 97 cost time: 1.1682648658752441
Epoch: 97, Steps: 29 | Train Loss: 0.0454027 Vali Loss: 0.0817343 Test Loss: 0.0403782
EarlyStopping counter: 3 out of 10
Updating learning rate to 4.425826271655888e-08
Epoch: 98 cost time: 1.183943271636963
Epoch: 98, Steps: 29 | Train Loss: 0.0453682 Vali Loss: 0.0817997 Test Loss: 0.0403736
EarlyStopping counter: 4 out of 10
Updating learning rate to 1.948079479334324e-08
Epoch: 99 cost time: 1.1797823905944824
Epoch: 99, Steps: 29 | Train Loss: 0.0453652 Vali Loss: 0.0815039 Test Loss: 0.0403751
EarlyStopping counter: 5 out of 10
Updating learning rate to 4.7334700061613195e-09
Epoch: 100 cost time: 1.1804006099700928
Epoch: 100, Steps: 29 | Train Loss: 0.0454063 Vali Loss: 0.0816332 Test Loss: 0.0403643
EarlyStopping counter: 6 out of 10
Updating learning rate to 4.5987504521248976e-11
>>>>>>>testing : ETTh1_336_720_DTFNet_ETTh1_ftM_sl336_ll0_pl720_dm128_nh16_el2_br2_dl1_df256_fc1_ebtimeF_dtTrue_'Exp'_0_'rel_sin'_16_8_16,24_8,12_3_1_256<<<<<<<<<<<<<<<<<<<<<<<<<<<<<<<<<
test 2161
mse:0.42849692702293396, mae:0.45080792903900146, rse:0.6287223696708679
