Args in experiment:
Namespace(is_training=1, model_id='ETTh1_336_720', model='DTFNet', data='ETTh1', root_path='./dataset/', data_path='ETTh1.csv', features='M', target='OT', freq='h', checkpoints='./checkpoints/', seq_len=336, label_len=0, pred_len=720, n_branches=2, patch_len_ls='16,24', stride_ls='8,12', d_model_ls='128', n_heads_ls='16', rel_pe="'rel_sin'", res_attn=False, head_type='flatten', fc_dropout=0.3, head_dropout=0.1, patch_len=16, stride=8, padding_patch="'end'", revin=1, affine=0, subtract_last=0, decomposition=0, kernel_size=25, individual=0, store_attn=False, pre_norm=False, pe='zeros', no_learn_pe=True, embed_type=0, enc_in=7, dec_in=7, c_out=7, d_model=128, n_heads=16, e_layers=2, d_layers=1, d_ff=256, moving_avg=25, factor=1, distil=True, dropout=0.3, embed='timeF', activation='gelu', output_attention=False, do_predict=False, num_workers=0, itr=1, train_epochs=100, batch_size=256, patience=10, learning_rate=1e-05, des="'Exp'", loss='mse', lradj='TST', pct_start=0.3, use_amp=False, l2=0.0, warmup_steps=0, use_gpu=True, gpu=0, use_multi_gpu=False, devices='0', test_flop=False, use_mlflow=False, mlflow_project='exp', loss_flag=2, sub_patch_len=16, sub_stride=8, stride_ls_list='16', model_type='linear', tfactor=3, dilation_rates='1', wavelet_layers=2, wavelet_type='db5', wavelet_mode='periodization', wavelet_dim=64, initTLV=0.2)
Use GPU: cuda:0
>>>>>>>start training : ETTh1_336_720_DTFNet_ETTh1_ftM_sl336_ll0_pl720_dm128_nh16_el2_br2_dl1_df256_fc1_ebtimeF_dtTrue_'Exp'_0_'rel_sin'_16_8_16,24_8,12_3_1_256>>>>>>>>>>>>>>>>>>>>>>>>>>
train 7585
val 2161
test 2161
Epoch: 1 cost time: 1.5776145458221436
Epoch: 1, Steps: 29 | Train Loss: 0.1076940 Vali Loss: 0.1786944 Test Loss: 0.0998139
Validation loss decreased (inf --> 0.178694).  Saving model ...
Updating learning rate to 4.2635539919063106e-07
Epoch: 2 cost time: 1.1986689567565918
Epoch: 2, Steps: 29 | Train Loss: 0.1066743 Vali Loss: 0.1776782 Test Loss: 0.0989595
Validation loss decreased (0.178694 --> 0.177678).  Saving model ...
Updating learning rate to 5.051321771514831e-07
Epoch: 3 cost time: 1.167590856552124
Epoch: 3, Steps: 29 | Train Loss: 0.1058589 Vali Loss: 0.1758018 Test Loss: 0.0980321
Validation loss decreased (0.177678 --> 0.175802).  Saving model ...
Updating learning rate to 6.354652532866785e-07
Epoch: 4 cost time: 1.199507236480713
Epoch: 4, Steps: 29 | Train Loss: 0.1048389 Vali Loss: 0.1744072 Test Loss: 0.0970370
Validation loss decreased (0.175802 --> 0.174407).  Saving model ...
Updating learning rate to 8.159233858256806e-07
Epoch: 5 cost time: 1.1972534656524658
Epoch: 5, Steps: 29 | Train Loss: 0.1039377 Vali Loss: 0.1721063 Test Loss: 0.0959490
Validation loss decreased (0.174407 --> 0.172106).  Saving model ...
Updating learning rate to 1.0445248888850473e-06
Epoch: 6 cost time: 1.19431471824646
Epoch: 6, Steps: 29 | Train Loss: 0.1029385 Vali Loss: 0.1703618 Test Loss: 0.0947189
Validation loss decreased (0.172106 --> 0.170362).  Saving model ...
Updating learning rate to 1.3187593941861497e-06
Epoch: 7 cost time: 1.205902338027954
Epoch: 7, Steps: 29 | Train Loss: 0.1017868 Vali Loss: 0.1677795 Test Loss: 0.0932916
Validation loss decreased (0.170362 --> 0.167780).  Saving model ...
Updating learning rate to 1.6356154184543822e-06
Epoch: 8 cost time: 1.2061171531677246
Epoch: 8, Steps: 29 | Train Loss: 0.1004965 Vali Loss: 0.1653243 Test Loss: 0.0915447
Validation loss decreased (0.167780 --> 0.165324).  Saving model ...
Updating learning rate to 1.9916134337707666e-06
Epoch: 9 cost time: 1.1963918209075928
Epoch: 9, Steps: 29 | Train Loss: 0.0990765 Vali Loss: 0.1622170 Test Loss: 0.0892718
Validation loss decreased (0.165324 --> 0.162217).  Saving model ...
Updating learning rate to 2.3828440777166636e-06
Epoch: 10 cost time: 1.200526237487793
Epoch: 10, Steps: 29 | Train Loss: 0.0972542 Vali Loss: 0.1578580 Test Loss: 0.0861131
Validation loss decreased (0.162217 --> 0.157858).  Saving model ...
Updating learning rate to 2.805011083710071e-06
Epoch: 11 cost time: 1.1908555030822754
Epoch: 11, Steps: 29 | Train Loss: 0.0947946 Vali Loss: 0.1523531 Test Loss: 0.0818994
Validation loss decreased (0.157858 --> 0.152353).  Saving model ...
Updating learning rate to 3.2534784600976295e-06
Epoch: 12 cost time: 1.1945745944976807
Epoch: 12, Steps: 29 | Train Loss: 0.0922978 Vali Loss: 0.1464787 Test Loss: 0.0775085
Validation loss decreased (0.152353 --> 0.146479).  Saving model ...
Updating learning rate to 3.723321399909056e-06
Epoch: 13 cost time: 1.2006962299346924
Epoch: 13, Steps: 29 | Train Loss: 0.0899882 Vali Loss: 0.1423496 Test Loss: 0.0748358
Validation loss decreased (0.146479 --> 0.142350).  Saving model ...
Updating learning rate to 4.209380362212844e-06
Epoch: 14 cost time: 1.1712114810943604
Epoch: 14, Steps: 29 | Train Loss: 0.0882745 Vali Loss: 0.1397445 Test Loss: 0.0732863
Validation loss decreased (0.142350 --> 0.139744).  Saving model ...
Updating learning rate to 4.706317731183279e-06
Epoch: 15 cost time: 1.2043523788452148
Epoch: 15, Steps: 29 | Train Loss: 0.0866096 Vali Loss: 0.1364963 Test Loss: 0.0713259
Validation loss decreased (0.139744 --> 0.136496).  Saving model ...
Updating learning rate to 5.208676430682048e-06
Epoch: 16 cost time: 1.200413703918457
Epoch: 16, Steps: 29 | Train Loss: 0.0848348 Vali Loss: 0.1335438 Test Loss: 0.0691552
Validation loss decreased (0.136496 --> 0.133544).  Saving model ...
Updating learning rate to 5.710939850683244e-06
Epoch: 17 cost time: 1.189607858657837
Epoch: 17, Steps: 29 | Train Loss: 0.0831346 Vali Loss: 0.1315255 Test Loss: 0.0671833
Validation loss decreased (0.133544 --> 0.131525).  Saving model ...
Updating learning rate to 6.207592427464792e-06
Epoch: 18 cost time: 1.1930053234100342
Epoch: 18, Steps: 29 | Train Loss: 0.0817633 Vali Loss: 0.1296811 Test Loss: 0.0658036
Validation loss decreased (0.131525 --> 0.129681).  Saving model ...
Updating learning rate to 6.693180212309968e-06
Epoch: 19 cost time: 1.1971232891082764
Epoch: 19, Steps: 29 | Train Loss: 0.0805795 Vali Loss: 0.1280809 Test Loss: 0.0645579
Validation loss decreased (0.129681 --> 0.128081).  Saving model ...
Updating learning rate to 7.1623707635889015e-06
Epoch: 20 cost time: 1.1976690292358398
Epoch: 20, Steps: 29 | Train Loss: 0.0795910 Vali Loss: 0.1273599 Test Loss: 0.0637112
Validation loss decreased (0.128081 --> 0.127360).  Saving model ...
Updating learning rate to 7.610011704520164e-06
Epoch: 21 cost time: 1.2024481296539307
Epoch: 21, Steps: 29 | Train Loss: 0.0786312 Vali Loss: 0.1262035 Test Loss: 0.0627884
Validation loss decreased (0.127360 --> 0.126204).  Saving model ...
Updating learning rate to 8.031187303565295e-06
Epoch: 22 cost time: 1.1990253925323486
Epoch: 22, Steps: 29 | Train Loss: 0.0777884 Vali Loss: 0.1250055 Test Loss: 0.0622181
Validation loss decreased (0.126204 --> 0.125005).  Saving model ...
Updating learning rate to 8.421272456123378e-06
Epoch: 23 cost time: 1.2059266567230225
Epoch: 23, Steps: 29 | Train Loss: 0.0769225 Vali Loss: 0.1238853 Test Loss: 0.0615714
Validation loss decreased (0.125005 --> 0.123885).  Saving model ...
Updating learning rate to 8.775983474730246e-06
Epoch: 24 cost time: 1.198908805847168
Epoch: 24, Steps: 29 | Train Loss: 0.0761781 Vali Loss: 0.1236220 Test Loss: 0.0605429
Validation loss decreased (0.123885 --> 0.123622).  Saving model ...
Updating learning rate to 9.091425130013939e-06
Epoch: 25 cost time: 1.1867060661315918
Epoch: 25, Steps: 29 | Train Loss: 0.0754452 Vali Loss: 0.1224997 Test Loss: 0.0596546
Validation loss decreased (0.123622 --> 0.122500).  Saving model ...
Updating learning rate to 9.364133425830145e-06
Epoch: 26 cost time: 1.1990330219268799
Epoch: 26, Steps: 29 | Train Loss: 0.0746558 Vali Loss: 0.1218706 Test Loss: 0.0591921
Validation loss decreased (0.122500 --> 0.121871).  Saving model ...
Updating learning rate to 9.591113638846019e-06
Epoch: 27 cost time: 1.1952793598175049
Epoch: 27, Steps: 29 | Train Loss: 0.0739373 Vali Loss: 0.1207873 Test Loss: 0.0587411
Validation loss decreased (0.121871 --> 0.120787).  Saving model ...
Updating learning rate to 9.769873204843885e-06
Epoch: 28 cost time: 1.167820930480957
Epoch: 28, Steps: 29 | Train Loss: 0.0731051 Vali Loss: 0.1205322 Test Loss: 0.0576910
Validation loss decreased (0.120787 --> 0.120532).  Saving model ...
Updating learning rate to 9.898449090606656e-06
Epoch: 29 cost time: 1.1948695182800293
Epoch: 29, Steps: 29 | Train Loss: 0.0724273 Vali Loss: 0.1191638 Test Loss: 0.0574354
Validation loss decreased (0.120532 --> 0.119164).  Saving model ...
Updating learning rate to 9.975429350802846e-06
Epoch: 30 cost time: 1.1972448825836182
Epoch: 30, Steps: 29 | Train Loss: 0.0716955 Vali Loss: 0.1181719 Test Loss: 0.0572041
Validation loss decreased (0.119164 --> 0.118172).  Saving model ...
Updating learning rate to 9.99999401249548e-06
Epoch: 31 cost time: 1.1944270133972168
Epoch: 31, Steps: 29 | Train Loss: 0.0709450 Vali Loss: 0.1173494 Test Loss: 0.0565745
Validation loss decreased (0.118172 --> 0.117349).  Saving model ...
Updating learning rate to 9.994612212745642e-06
Epoch: 32 cost time: 1.1955437660217285
Epoch: 32, Steps: 29 | Train Loss: 0.0702767 Vali Loss: 0.1169399 Test Loss: 0.0559453
Validation loss decreased (0.117349 --> 0.116940).  Saving model ...
Updating learning rate to 9.979171968972798e-06
Epoch: 33 cost time: 1.1954951286315918
Epoch: 33, Steps: 29 | Train Loss: 0.0695527 Vali Loss: 0.1165101 Test Loss: 0.0553276
Validation loss decreased (0.116940 --> 0.116510).  Saving model ...
Updating learning rate to 9.953704375773079e-06
Epoch: 34 cost time: 1.192119836807251
Epoch: 34, Steps: 29 | Train Loss: 0.0688707 Vali Loss: 0.1152427 Test Loss: 0.0555590
Validation loss decreased (0.116510 --> 0.115243).  Saving model ...
Updating learning rate to 9.918260721489893e-06
Epoch: 35 cost time: 1.1914317607879639
Epoch: 35, Steps: 29 | Train Loss: 0.0682414 Vali Loss: 0.1148634 Test Loss: 0.0545667
Validation loss decreased (0.115243 --> 0.114863).  Saving model ...
Updating learning rate to 9.872912384926035e-06
Epoch: 36 cost time: 1.19868803024292
Epoch: 36, Steps: 29 | Train Loss: 0.0674974 Vali Loss: 0.1134448 Test Loss: 0.0544116
Validation loss decreased (0.114863 --> 0.113445).  Saving model ...
Updating learning rate to 9.817750691596265e-06
Epoch: 37 cost time: 1.1971592903137207
Epoch: 37, Steps: 29 | Train Loss: 0.0669121 Vali Loss: 0.1132305 Test Loss: 0.0537364
Validation loss decreased (0.113445 --> 0.113231).  Saving model ...
Updating learning rate to 9.752886729809889e-06
Epoch: 38 cost time: 1.1970899105072021
Epoch: 38, Steps: 29 | Train Loss: 0.0662070 Vali Loss: 0.1122621 Test Loss: 0.0536904
Validation loss decreased (0.113231 --> 0.112262).  Saving model ...
Updating learning rate to 9.678451126953676e-06
Epoch: 39 cost time: 1.1948764324188232
Epoch: 39, Steps: 29 | Train Loss: 0.0656042 Vali Loss: 0.1118769 Test Loss: 0.0531329
Validation loss decreased (0.112262 --> 0.111877).  Saving model ...
Updating learning rate to 9.594593786425696e-06
Epoch: 40 cost time: 1.196486473083496
Epoch: 40, Steps: 29 | Train Loss: 0.0649625 Vali Loss: 0.1111661 Test Loss: 0.0527746
Validation loss decreased (0.111877 --> 0.111166).  Saving model ...
Updating learning rate to 9.501483585749811e-06
Epoch: 41 cost time: 1.1993184089660645
Epoch: 41, Steps: 29 | Train Loss: 0.0643205 Vali Loss: 0.1101582 Test Loss: 0.0522431
Validation loss decreased (0.111166 --> 0.110158).  Saving model ...
Updating learning rate to 9.399308036478838e-06
Epoch: 42 cost time: 1.190974473953247
Epoch: 42, Steps: 29 | Train Loss: 0.0637229 Vali Loss: 0.1095746 Test Loss: 0.0521469
Validation loss decreased (0.110158 --> 0.109575).  Saving model ...
Updating learning rate to 9.288272906571216e-06
Epoch: 43 cost time: 1.1522409915924072
Epoch: 43, Steps: 29 | Train Loss: 0.0631089 Vali Loss: 0.1094033 Test Loss: 0.0514870
Validation loss decreased (0.109575 --> 0.109403).  Saving model ...
Updating learning rate to 9.16860180600173e-06
Epoch: 44 cost time: 1.1989614963531494
Epoch: 44, Steps: 29 | Train Loss: 0.0625264 Vali Loss: 0.1085197 Test Loss: 0.0511924
Validation loss decreased (0.109403 --> 0.108520).  Saving model ...
Updating learning rate to 9.040535736440785e-06
Epoch: 45 cost time: 1.1976501941680908
Epoch: 45, Steps: 29 | Train Loss: 0.0619260 Vali Loss: 0.1079819 Test Loss: 0.0508509
Validation loss decreased (0.108520 --> 0.107982).  Saving model ...
Updating learning rate to 8.904332605909106e-06
Epoch: 46 cost time: 1.197786569595337
Epoch: 46, Steps: 29 | Train Loss: 0.0612783 Vali Loss: 0.1071794 Test Loss: 0.0505851
Validation loss decreased (0.107982 --> 0.107179).  Saving model ...
Updating learning rate to 8.760266709385311e-06
Epoch: 47 cost time: 1.1926829814910889
Epoch: 47, Steps: 29 | Train Loss: 0.0607780 Vali Loss: 0.1065393 Test Loss: 0.0501548
Validation loss decreased (0.107179 --> 0.106539).  Saving model ...
Updating learning rate to 8.608628176412335e-06
Epoch: 48 cost time: 1.182999610900879
Epoch: 48, Steps: 29 | Train Loss: 0.0601487 Vali Loss: 0.1056459 Test Loss: 0.0500653
Validation loss decreased (0.106539 --> 0.105646).  Saving model ...
Updating learning rate to 8.449722386815127e-06
Epoch: 49 cost time: 1.1865489482879639
Epoch: 49, Steps: 29 | Train Loss: 0.0596009 Vali Loss: 0.1050884 Test Loss: 0.0495059
Validation loss decreased (0.105646 --> 0.105088).  Saving model ...
Updating learning rate to 8.28386935570634e-06
Epoch: 50 cost time: 1.1925227642059326
Epoch: 50, Steps: 29 | Train Loss: 0.0590945 Vali Loss: 0.1039257 Test Loss: 0.0492968
Validation loss decreased (0.105088 --> 0.103926).  Saving model ...
Updating learning rate to 8.111403089018465e-06
Epoch: 51 cost time: 1.1940386295318604
Epoch: 51, Steps: 29 | Train Loss: 0.0584747 Vali Loss: 0.1029875 Test Loss: 0.0491535
Validation loss decreased (0.103926 --> 0.102988).  Saving model ...
Updating learning rate to 7.93267091086035e-06
Epoch: 52 cost time: 1.1971828937530518
Epoch: 52, Steps: 29 | Train Loss: 0.0579333 Vali Loss: 0.1028773 Test Loss: 0.0487945
Validation loss decreased (0.102988 --> 0.102877).  Saving model ...
Updating learning rate to 7.748032764052655e-06
Epoch: 53 cost time: 1.1987712383270264
Epoch: 53, Steps: 29 | Train Loss: 0.0574488 Vali Loss: 0.1025443 Test Loss: 0.0481772
Validation loss decreased (0.102877 --> 0.102544).  Saving model ...
Updating learning rate to 7.557860485250925e-06
Epoch: 54 cost time: 1.193122386932373
Epoch: 54, Steps: 29 | Train Loss: 0.0568776 Vali Loss: 0.1010653 Test Loss: 0.0482961
Validation loss decreased (0.102544 --> 0.101065).  Saving model ...
Updating learning rate to 7.362537056116034e-06
Epoch: 55 cost time: 1.1899917125701904
Epoch: 55, Steps: 29 | Train Loss: 0.0564004 Vali Loss: 0.1003235 Test Loss: 0.0477071
Validation loss decreased (0.101065 --> 0.100323).  Saving model ...
Updating learning rate to 7.162455832040107e-06
Epoch: 56 cost time: 1.19227933883667
Epoch: 56, Steps: 29 | Train Loss: 0.0559076 Vali Loss: 0.0992246 Test Loss: 0.0476343
Validation loss decreased (0.100323 --> 0.099225).  Saving model ...
Updating learning rate to 6.9580197499810984e-06
Epoch: 57 cost time: 1.1914970874786377
Epoch: 57, Steps: 29 | Train Loss: 0.0553921 Vali Loss: 0.0989797 Test Loss: 0.0471078
Validation loss decreased (0.099225 --> 0.098980).  Saving model ...
Updating learning rate to 6.7496405170013816e-06
Epoch: 58 cost time: 1.196286678314209
Epoch: 58, Steps: 29 | Train Loss: 0.0548996 Vali Loss: 0.0989206 Test Loss: 0.0466843
Validation loss decreased (0.098980 --> 0.098921).  Saving model ...
Updating learning rate to 6.537737781144523e-06
Epoch: 59 cost time: 1.1952104568481445
Epoch: 59, Steps: 29 | Train Loss: 0.0543993 Vali Loss: 0.0978303 Test Loss: 0.0464641
Validation loss decreased (0.098921 --> 0.097830).  Saving model ...
Updating learning rate to 6.322738286319964e-06
Epoch: 60 cost time: 1.2000741958618164
Epoch: 60, Steps: 29 | Train Loss: 0.0539211 Vali Loss: 0.0974183 Test Loss: 0.0460227
Validation loss decreased (0.097830 --> 0.097418).  Saving model ...
Updating learning rate to 6.105075012897585e-06
Epoch: 61 cost time: 1.1953060626983643
Epoch: 61, Steps: 29 | Train Loss: 0.0534405 Vali Loss: 0.0963364 Test Loss: 0.0459062
Validation loss decreased (0.097418 --> 0.096336).  Saving model ...
Updating learning rate to 5.885186305742857e-06
Epoch: 62 cost time: 1.1955897808074951
Epoch: 62, Steps: 29 | Train Loss: 0.0530177 Vali Loss: 0.0954794 Test Loss: 0.0454536
Validation loss decreased (0.096336 --> 0.095479).  Saving model ...
Updating learning rate to 5.6635149914486225e-06
Epoch: 63 cost time: 1.1889066696166992
Epoch: 63, Steps: 29 | Train Loss: 0.0525219 Vali Loss: 0.0943896 Test Loss: 0.0453477
Validation loss decreased (0.095479 --> 0.094390).  Saving model ...
Updating learning rate to 5.440507486541268e-06
Epoch: 64 cost time: 1.1909832954406738
Epoch: 64, Steps: 29 | Train Loss: 0.0520563 Vali Loss: 0.0943898 Test Loss: 0.0447989
EarlyStopping counter: 1 out of 10
Updating learning rate to 5.216612898457253e-06
Epoch: 65 cost time: 1.1636526584625244
Epoch: 65, Steps: 29 | Train Loss: 0.0516390 Vali Loss: 0.0935370 Test Loss: 0.0444315
Validation loss decreased (0.094390 --> 0.093537).  Saving model ...
Updating learning rate to 4.992282121100496e-06
Epoch: 66 cost time: 1.1928534507751465
Epoch: 66, Steps: 29 | Train Loss: 0.0512152 Vali Loss: 0.0931995 Test Loss: 0.0440811
Validation loss decreased (0.093537 --> 0.093200).  Saving model ...
Updating learning rate to 4.767966926802067e-06
Epoch: 67 cost time: 1.1976821422576904
Epoch: 67, Steps: 29 | Train Loss: 0.0507613 Vali Loss: 0.0921998 Test Loss: 0.0439420
Validation loss decreased (0.093200 --> 0.092200).  Saving model ...
Updating learning rate to 4.5441190565108235e-06
Epoch: 68 cost time: 1.1897425651550293
Epoch: 68, Steps: 29 | Train Loss: 0.0503463 Vali Loss: 0.0912843 Test Loss: 0.0436054
Validation loss decreased (0.092200 --> 0.091284).  Saving model ...
Updating learning rate to 4.3211893100472735e-06
Epoch: 69 cost time: 1.194035530090332
Epoch: 69, Steps: 29 | Train Loss: 0.0498936 Vali Loss: 0.0903146 Test Loss: 0.0434062
Validation loss decreased (0.091284 --> 0.090315).  Saving model ...
Updating learning rate to 4.099626638252712e-06
Epoch: 70 cost time: 1.1916871070861816
Epoch: 70, Steps: 29 | Train Loss: 0.0495679 Vali Loss: 0.0900059 Test Loss: 0.0429838
Validation loss decreased (0.090315 --> 0.090006).  Saving model ...
Updating learning rate to 3.879877238861997e-06
Epoch: 71 cost time: 1.1868417263031006
Epoch: 71, Steps: 29 | Train Loss: 0.0490737 Vali Loss: 0.0897669 Test Loss: 0.0424685
Validation loss decreased (0.090006 --> 0.089767).  Saving model ...
Updating learning rate to 3.662383657920668e-06
Epoch: 72 cost time: 1.1907250881195068
Epoch: 72, Steps: 29 | Train Loss: 0.0486768 Vali Loss: 0.0884228 Test Loss: 0.0423969
Validation loss decreased (0.089767 --> 0.088423).  Saving model ...
Updating learning rate to 3.447583898556124e-06
Epoch: 73 cost time: 1.1911771297454834
Epoch: 73, Steps: 29 | Train Loss: 0.0483057 Vali Loss: 0.0879258 Test Loss: 0.0419773
Validation loss decreased (0.088423 --> 0.087926).  Saving model ...
Updating learning rate to 3.2359105388976132e-06
Epoch: 74 cost time: 1.1934292316436768
Epoch: 74, Steps: 29 | Train Loss: 0.0479514 Vali Loss: 0.0871630 Test Loss: 0.0417687
Validation loss decreased (0.087926 --> 0.087163).  Saving model ...
Updating learning rate to 3.027789860921434e-06
Epoch: 75 cost time: 1.1946077346801758
Epoch: 75, Steps: 29 | Train Loss: 0.0475621 Vali Loss: 0.0865615 Test Loss: 0.0414882
Validation loss decreased (0.087163 --> 0.086561).  Saving model ...
Updating learning rate to 2.8236409919757893e-06
Epoch: 76 cost time: 1.1942760944366455
Epoch: 76, Steps: 29 | Train Loss: 0.0471346 Vali Loss: 0.0863320 Test Loss: 0.0410143
Validation loss decreased (0.086561 --> 0.086332).  Saving model ...
Updating learning rate to 2.6238750607140637e-06
Epoch: 77 cost time: 1.2010443210601807
Epoch: 77, Steps: 29 | Train Loss: 0.0467552 Vali Loss: 0.0853728 Test Loss: 0.0407678
Validation loss decreased (0.086332 --> 0.085373).  Saving model ...
Updating learning rate to 2.4288943691364434e-06
Epoch: 78 cost time: 1.1970317363739014
Epoch: 78, Steps: 29 | Train Loss: 0.0464055 Vali Loss: 0.0845721 Test Loss: 0.0405166
Validation loss decreased (0.085373 --> 0.084572).  Saving model ...
Updating learning rate to 2.2390915824072217e-06
Epoch: 79 cost time: 1.1904373168945312
Epoch: 79, Steps: 29 | Train Loss: 0.0460171 Vali Loss: 0.0839615 Test Loss: 0.0402112
Validation loss decreased (0.084572 --> 0.083962).  Saving model ...
Updating learning rate to 2.0548489380794217e-06
Epoch: 80 cost time: 1.1919827461242676
Epoch: 80, Steps: 29 | Train Loss: 0.0456808 Vali Loss: 0.0835191 Test Loss: 0.0399051
Validation loss decreased (0.083962 --> 0.083519).  Saving model ...
Updating learning rate to 1.876537476319218e-06
Epoch: 81 cost time: 1.194361925125122
Epoch: 81, Steps: 29 | Train Loss: 0.0453543 Vali Loss: 0.0831176 Test Loss: 0.0398373
Validation loss decreased (0.083519 --> 0.083118).  Saving model ...
Updating learning rate to 1.7045162926804444e-06
Epoch: 82 cost time: 1.1974492073059082
Epoch: 82, Steps: 29 | Train Loss: 0.0453093 Vali Loss: 0.0832552 Test Loss: 0.0398212
EarlyStopping counter: 1 out of 10
Updating learning rate to 1.5391318149339123e-06
Epoch: 83 cost time: 1.191429615020752
Epoch: 83, Steps: 29 | Train Loss: 0.0453489 Vali Loss: 0.0830438 Test Loss: 0.0398967
Validation loss decreased (0.083118 --> 0.083044).  Saving model ...
Updating learning rate to 1.3807171054080036e-06
Epoch: 84 cost time: 1.1914963722229004
Epoch: 84, Steps: 29 | Train Loss: 0.0453282 Vali Loss: 0.0833315 Test Loss: 0.0398562
EarlyStopping counter: 1 out of 10
Updating learning rate to 1.2295911902454577e-06
Epoch: 85 cost time: 1.1916415691375732
Epoch: 85, Steps: 29 | Train Loss: 0.0452768 Vali Loss: 0.0832216 Test Loss: 0.0397936
EarlyStopping counter: 2 out of 10
Updating learning rate to 1.0860584169271784e-06
Epoch: 86 cost time: 1.1869070529937744
Epoch: 86, Steps: 29 | Train Loss: 0.0453360 Vali Loss: 0.0833136 Test Loss: 0.0398224
EarlyStopping counter: 3 out of 10
Updating learning rate to 9.504078413569088e-07
Epoch: 87 cost time: 1.1886467933654785
Epoch: 87, Steps: 29 | Train Loss: 0.0453197 Vali Loss: 0.0832867 Test Loss: 0.0398608
EarlyStopping counter: 4 out of 10
Updating learning rate to 8.229126457411124e-07
Epoch: 88 cost time: 1.1874380111694336
Epoch: 88, Steps: 29 | Train Loss: 0.0452918 Vali Loss: 0.0833806 Test Loss: 0.0398353
EarlyStopping counter: 5 out of 10
Updating learning rate to 7.038295884363647e-07
Epoch: 89 cost time: 1.1890082359313965
Epoch: 89, Steps: 29 | Train Loss: 0.0452664 Vali Loss: 0.0831975 Test Loss: 0.0398479
EarlyStopping counter: 6 out of 10
Updating learning rate to 5.933984868721898e-07
Epoch: 90 cost time: 1.1918432712554932
Epoch: 90, Steps: 29 | Train Loss: 0.0452768 Vali Loss: 0.0835145 Test Loss: 0.0398480
EarlyStopping counter: 7 out of 10
Updating learning rate to 4.918417345906772e-07
Epoch: 91 cost time: 1.1957008838653564
Epoch: 91, Steps: 29 | Train Loss: 0.0452767 Vali Loss: 0.0832022 Test Loss: 0.0398548
EarlyStopping counter: 8 out of 10
Updating learning rate to 3.9936385337548097e-07
Epoch: 92 cost time: 1.1698641777038574
Epoch: 92, Steps: 29 | Train Loss: 0.0452676 Vali Loss: 0.0831821 Test Loss: 0.0398400
EarlyStopping counter: 9 out of 10
Updating learning rate to 3.161510813721721e-07
Epoch: 93 cost time: 1.1871435642242432
Epoch: 93, Steps: 29 | Train Loss: 0.0453184 Vali Loss: 0.0833854 Test Loss: 0.0398581
EarlyStopping counter: 10 out of 10
Early stopping
>>>>>>>testing : ETTh1_336_720_DTFNet_ETTh1_ftM_sl336_ll0_pl720_dm128_nh16_el2_br2_dl1_df256_fc1_ebtimeF_dtTrue_'Exp'_0_'rel_sin'_16_8_16,24_8,12_3_1_256<<<<<<<<<<<<<<<<<<<<<<<<<<<<<<<<<
test 2161
mse:0.42148688435554504, mae:0.44584208726882935, rse:0.6235583424568176
