Args in experiment:
Namespace(is_training=1, model_id='ETTh1_336_720', model='DTFNet', data='ETTh1', root_path='./dataset/', data_path='ETTh1.csv', features='M', target='OT', freq='h', checkpoints='./checkpoints/', seq_len=336, label_len=0, pred_len=720, n_branches=2, patch_len_ls='16,24', stride_ls='8,12', d_model_ls='128', n_heads_ls='16', rel_pe="'rel_sin'", res_attn=False, head_type='flatten', fc_dropout=0.3, head_dropout=0.1, patch_len=16, stride=8, padding_patch="'end'", revin=1, affine=0, subtract_last=0, decomposition=0, kernel_size=25, individual=0, store_attn=False, pre_norm=False, pe='zeros', no_learn_pe=True, embed_type=0, enc_in=7, dec_in=7, c_out=7, d_model=128, n_heads=16, e_layers=2, d_layers=1, d_ff=256, moving_avg=25, factor=1, distil=True, dropout=0.3, embed='timeF', activation='gelu', output_attention=False, do_predict=False, num_workers=0, itr=1, train_epochs=100, batch_size=256, patience=10, learning_rate=1e-05, des="'Exp'", loss='mse', lradj='TST', pct_start=0.3, use_amp=False, l2=0.0, warmup_steps=0, use_gpu=True, gpu=0, use_multi_gpu=False, devices='0', test_flop=False, use_mlflow=False, mlflow_project='exp', loss_flag=2, sub_patch_len=16, sub_stride=8, stride_ls_list='16', model_type='linear', tfactor=3, dilation_rates='1', wavelet_layers=2, wavelet_type='db5', wavelet_mode='periodization', wavelet_dim=64, initTLV=0.2)
Use GPU: cuda:0
>>>>>>>start training : ETTh1_336_720_DTFNet_ETTh1_ftM_sl336_ll0_pl720_dm128_nh16_el2_br2_dl1_df256_fc1_ebtimeF_dtTrue_'Exp'_0_'rel_sin'_16_8_16,24_8,12_3_1_256>>>>>>>>>>>>>>>>>>>>>>>>>>
train 7585
val 2161
test 2161
Epoch: 1 cost time: 1.5474152565002441
Epoch: 1, Steps: 29 | Train Loss: 0.1076366 Vali Loss: 0.1787451 Test Loss: 0.0998277
Validation loss decreased (inf --> 0.178745).  Saving model ...
Updating learning rate to 4.2635539919063106e-07
Epoch: 2 cost time: 1.1843109130859375
Epoch: 2, Steps: 29 | Train Loss: 0.1067226 Vali Loss: 0.1775920 Test Loss: 0.0990074
Validation loss decreased (0.178745 --> 0.177592).  Saving model ...
Updating learning rate to 5.051321771514831e-07
Epoch: 3 cost time: 1.1831262111663818
Epoch: 3, Steps: 29 | Train Loss: 0.1058478 Vali Loss: 0.1758879 Test Loss: 0.0981232
Validation loss decreased (0.177592 --> 0.175888).  Saving model ...
Updating learning rate to 6.354652532866785e-07
Epoch: 4 cost time: 1.186321496963501
Epoch: 4, Steps: 29 | Train Loss: 0.1048539 Vali Loss: 0.1742775 Test Loss: 0.0971803
Validation loss decreased (0.175888 --> 0.174277).  Saving model ...
Updating learning rate to 8.159233858256806e-07
Epoch: 5 cost time: 1.178955316543579
Epoch: 5, Steps: 29 | Train Loss: 0.1040840 Vali Loss: 0.1724662 Test Loss: 0.0961553
Validation loss decreased (0.174277 --> 0.172466).  Saving model ...
Updating learning rate to 1.0445248888850473e-06
Epoch: 6 cost time: 1.178342580795288
Epoch: 6, Steps: 29 | Train Loss: 0.1030406 Vali Loss: 0.1704196 Test Loss: 0.0950186
Validation loss decreased (0.172466 --> 0.170420).  Saving model ...
Updating learning rate to 1.3187593941861497e-06
Epoch: 7 cost time: 1.1803772449493408
Epoch: 7, Steps: 29 | Train Loss: 0.1019203 Vali Loss: 0.1680959 Test Loss: 0.0937318
Validation loss decreased (0.170420 --> 0.168096).  Saving model ...
Updating learning rate to 1.6356154184543822e-06
Epoch: 8 cost time: 1.160794973373413
Epoch: 8, Steps: 29 | Train Loss: 0.1007009 Vali Loss: 0.1658033 Test Loss: 0.0921769
Validation loss decreased (0.168096 --> 0.165803).  Saving model ...
Updating learning rate to 1.9916134337707666e-06
Epoch: 9 cost time: 1.1758549213409424
Epoch: 9, Steps: 29 | Train Loss: 0.0993850 Vali Loss: 0.1630342 Test Loss: 0.0901940
Validation loss decreased (0.165803 --> 0.163034).  Saving model ...
Updating learning rate to 2.3828440777166636e-06
Epoch: 10 cost time: 1.1833021640777588
Epoch: 10, Steps: 29 | Train Loss: 0.0975878 Vali Loss: 0.1590853 Test Loss: 0.0874989
Validation loss decreased (0.163034 --> 0.159085).  Saving model ...
Updating learning rate to 2.805011083710071e-06
Epoch: 11 cost time: 1.1743922233581543
Epoch: 11, Steps: 29 | Train Loss: 0.0954676 Vali Loss: 0.1536078 Test Loss: 0.0837197
Validation loss decreased (0.159085 --> 0.153608).  Saving model ...
Updating learning rate to 3.2534784600976295e-06
Epoch: 12 cost time: 1.185516357421875
Epoch: 12, Steps: 29 | Train Loss: 0.0927716 Vali Loss: 0.1474470 Test Loss: 0.0791641
Validation loss decreased (0.153608 --> 0.147447).  Saving model ...
Updating learning rate to 3.723321399909056e-06
Epoch: 13 cost time: 1.1797595024108887
Epoch: 13, Steps: 29 | Train Loss: 0.0901102 Vali Loss: 0.1426071 Test Loss: 0.0755869
Validation loss decreased (0.147447 --> 0.142607).  Saving model ...
Updating learning rate to 4.209380362212844e-06
Epoch: 14 cost time: 1.1773762702941895
Epoch: 14, Steps: 29 | Train Loss: 0.0879777 Vali Loss: 0.1386933 Test Loss: 0.0735974
Validation loss decreased (0.142607 --> 0.138693).  Saving model ...
Updating learning rate to 4.706317731183279e-06
Epoch: 15 cost time: 1.1846516132354736
Epoch: 15, Steps: 29 | Train Loss: 0.0863052 Vali Loss: 0.1358053 Test Loss: 0.0716241
Validation loss decreased (0.138693 --> 0.135805).  Saving model ...
Updating learning rate to 5.208676430682048e-06
Epoch: 16 cost time: 1.177490472793579
Epoch: 16, Steps: 29 | Train Loss: 0.0848062 Vali Loss: 0.1337895 Test Loss: 0.0696521
Validation loss decreased (0.135805 --> 0.133790).  Saving model ...
Updating learning rate to 5.710939850683244e-06
Epoch: 17 cost time: 1.1767692565917969
Epoch: 17, Steps: 29 | Train Loss: 0.0833323 Vali Loss: 0.1319628 Test Loss: 0.0680650
Validation loss decreased (0.133790 --> 0.131963).  Saving model ...
Updating learning rate to 6.207592427464792e-06
Epoch: 18 cost time: 1.1833171844482422
Epoch: 18, Steps: 29 | Train Loss: 0.0818225 Vali Loss: 0.1302845 Test Loss: 0.0663910
Validation loss decreased (0.131963 --> 0.130285).  Saving model ...
Updating learning rate to 6.693180212309968e-06
Epoch: 19 cost time: 1.179164171218872
Epoch: 19, Steps: 29 | Train Loss: 0.0805582 Vali Loss: 0.1284773 Test Loss: 0.0652337
Validation loss decreased (0.130285 --> 0.128477).  Saving model ...
Updating learning rate to 7.1623707635889015e-06
Epoch: 20 cost time: 1.1765005588531494
Epoch: 20, Steps: 29 | Train Loss: 0.0795137 Vali Loss: 0.1274487 Test Loss: 0.0640754
Validation loss decreased (0.128477 --> 0.127449).  Saving model ...
Updating learning rate to 7.610011704520164e-06
Epoch: 21 cost time: 1.1812243461608887
Epoch: 21, Steps: 29 | Train Loss: 0.0786453 Vali Loss: 0.1268446 Test Loss: 0.0632769
Validation loss decreased (0.127449 --> 0.126845).  Saving model ...
Updating learning rate to 8.031187303565295e-06
Epoch: 22 cost time: 1.1830551624298096
Epoch: 22, Steps: 29 | Train Loss: 0.0778708 Vali Loss: 0.1253655 Test Loss: 0.0629410
Validation loss decreased (0.126845 --> 0.125365).  Saving model ...
Updating learning rate to 8.421272456123378e-06
Epoch: 23 cost time: 1.180837869644165
Epoch: 23, Steps: 29 | Train Loss: 0.0770273 Vali Loss: 0.1247518 Test Loss: 0.0619915
Validation loss decreased (0.125365 --> 0.124752).  Saving model ...
Updating learning rate to 8.775983474730246e-06
Epoch: 24 cost time: 1.1800155639648438
Epoch: 24, Steps: 29 | Train Loss: 0.0761388 Vali Loss: 0.1236060 Test Loss: 0.0611633
Validation loss decreased (0.124752 --> 0.123606).  Saving model ...
Updating learning rate to 9.091425130013939e-06
Epoch: 25 cost time: 1.1837263107299805
Epoch: 25, Steps: 29 | Train Loss: 0.0754094 Vali Loss: 0.1224373 Test Loss: 0.0606079
Validation loss decreased (0.123606 --> 0.122437).  Saving model ...
Updating learning rate to 9.364133425830145e-06
Epoch: 26 cost time: 1.1845107078552246
Epoch: 26, Steps: 29 | Train Loss: 0.0746545 Vali Loss: 0.1218377 Test Loss: 0.0597411
Validation loss decreased (0.122437 --> 0.121838).  Saving model ...
Updating learning rate to 9.591113638846019e-06
Epoch: 27 cost time: 1.1813116073608398
Epoch: 27, Steps: 29 | Train Loss: 0.0738592 Vali Loss: 0.1209669 Test Loss: 0.0591337
Validation loss decreased (0.121838 --> 0.120967).  Saving model ...
Updating learning rate to 9.769873204843885e-06
Epoch: 28 cost time: 1.1845347881317139
Epoch: 28, Steps: 29 | Train Loss: 0.0731417 Vali Loss: 0.1198490 Test Loss: 0.0586000
Validation loss decreased (0.120967 --> 0.119849).  Saving model ...
Updating learning rate to 9.898449090606656e-06
Epoch: 29 cost time: 1.1616911888122559
Epoch: 29, Steps: 29 | Train Loss: 0.0723335 Vali Loss: 0.1192076 Test Loss: 0.0581886
Validation loss decreased (0.119849 --> 0.119208).  Saving model ...
Updating learning rate to 9.975429350802846e-06
Epoch: 30 cost time: 1.1830134391784668
Epoch: 30, Steps: 29 | Train Loss: 0.0716914 Vali Loss: 0.1180085 Test Loss: 0.0573924
Validation loss decreased (0.119208 --> 0.118009).  Saving model ...
Updating learning rate to 9.99999401249548e-06
Epoch: 31 cost time: 1.1849632263183594
Epoch: 31, Steps: 29 | Train Loss: 0.0709357 Vali Loss: 0.1177347 Test Loss: 0.0569248
Validation loss decreased (0.118009 --> 0.117735).  Saving model ...
Updating learning rate to 9.994612212745642e-06
Epoch: 32 cost time: 1.1771137714385986
Epoch: 32, Steps: 29 | Train Loss: 0.0702655 Vali Loss: 0.1160452 Test Loss: 0.0569272
Validation loss decreased (0.117735 --> 0.116045).  Saving model ...
Updating learning rate to 9.979171968972798e-06
Epoch: 33 cost time: 1.1807560920715332
Epoch: 33, Steps: 29 | Train Loss: 0.0695960 Vali Loss: 0.1155855 Test Loss: 0.0559008
Validation loss decreased (0.116045 --> 0.115585).  Saving model ...
Updating learning rate to 9.953704375773079e-06
Epoch: 34 cost time: 1.1762747764587402
Epoch: 34, Steps: 29 | Train Loss: 0.0688828 Vali Loss: 0.1153806 Test Loss: 0.0553257
Validation loss decreased (0.115585 --> 0.115381).  Saving model ...
Updating learning rate to 9.918260721489893e-06
Epoch: 35 cost time: 1.1765639781951904
Epoch: 35, Steps: 29 | Train Loss: 0.0682188 Vali Loss: 0.1144750 Test Loss: 0.0547922
Validation loss decreased (0.115381 --> 0.114475).  Saving model ...
Updating learning rate to 9.872912384926035e-06
Epoch: 36 cost time: 1.1789722442626953
Epoch: 36, Steps: 29 | Train Loss: 0.0675361 Vali Loss: 0.1131728 Test Loss: 0.0544557
Validation loss decreased (0.114475 --> 0.113173).  Saving model ...
Updating learning rate to 9.817750691596265e-06
Epoch: 37 cost time: 1.1781513690948486
Epoch: 37, Steps: 29 | Train Loss: 0.0668875 Vali Loss: 0.1130938 Test Loss: 0.0538899
Validation loss decreased (0.113173 --> 0.113094).  Saving model ...
Updating learning rate to 9.752886729809889e-06
Epoch: 38 cost time: 1.1864004135131836
Epoch: 38, Steps: 29 | Train Loss: 0.0661853 Vali Loss: 0.1126008 Test Loss: 0.0533436
Validation loss decreased (0.113094 --> 0.112601).  Saving model ...
Updating learning rate to 9.678451126953676e-06
Epoch: 39 cost time: 1.1823992729187012
Epoch: 39, Steps: 29 | Train Loss: 0.0655865 Vali Loss: 0.1113705 Test Loss: 0.0531920
Validation loss decreased (0.112601 --> 0.111370).  Saving model ...
Updating learning rate to 9.594593786425696e-06
Epoch: 40 cost time: 1.1851272583007812
Epoch: 40, Steps: 29 | Train Loss: 0.0648730 Vali Loss: 0.1103120 Test Loss: 0.0529879
Validation loss decreased (0.111370 --> 0.110312).  Saving model ...
Updating learning rate to 9.501483585749811e-06
Epoch: 41 cost time: 1.1821072101593018
Epoch: 41, Steps: 29 | Train Loss: 0.0642946 Vali Loss: 0.1090625 Test Loss: 0.0523296
Validation loss decreased (0.110312 --> 0.109063).  Saving model ...
Updating learning rate to 9.399308036478838e-06
Epoch: 42 cost time: 1.1612131595611572
Epoch: 42, Steps: 29 | Train Loss: 0.0636924 Vali Loss: 0.1086651 Test Loss: 0.0520990
Validation loss decreased (0.109063 --> 0.108665).  Saving model ...
Updating learning rate to 9.288272906571216e-06
Epoch: 43 cost time: 1.1891579627990723
Epoch: 43, Steps: 29 | Train Loss: 0.0630755 Vali Loss: 0.1081910 Test Loss: 0.0516349
Validation loss decreased (0.108665 --> 0.108191).  Saving model ...
Updating learning rate to 9.16860180600173e-06
Epoch: 44 cost time: 1.1807622909545898
Epoch: 44, Steps: 29 | Train Loss: 0.0624772 Vali Loss: 0.1072835 Test Loss: 0.0511670
Validation loss decreased (0.108191 --> 0.107283).  Saving model ...
Updating learning rate to 9.040535736440785e-06
Epoch: 45 cost time: 1.1830646991729736
Epoch: 45, Steps: 29 | Train Loss: 0.0618993 Vali Loss: 0.1070924 Test Loss: 0.0507353
Validation loss decreased (0.107283 --> 0.107092).  Saving model ...
Updating learning rate to 8.904332605909106e-06
Epoch: 46 cost time: 1.172940731048584
Epoch: 46, Steps: 29 | Train Loss: 0.0613247 Vali Loss: 0.1055278 Test Loss: 0.0509901
Validation loss decreased (0.107092 --> 0.105528).  Saving model ...
Updating learning rate to 8.760266709385311e-06
Epoch: 47 cost time: 1.1834042072296143
Epoch: 47, Steps: 29 | Train Loss: 0.0607441 Vali Loss: 0.1048780 Test Loss: 0.0505968
Validation loss decreased (0.105528 --> 0.104878).  Saving model ...
Updating learning rate to 8.608628176412335e-06
Epoch: 48 cost time: 1.1779892444610596
Epoch: 48, Steps: 29 | Train Loss: 0.0601327 Vali Loss: 0.1039521 Test Loss: 0.0501930
Validation loss decreased (0.104878 --> 0.103952).  Saving model ...
Updating learning rate to 8.449722386815127e-06
Epoch: 49 cost time: 1.1839675903320312
Epoch: 49, Steps: 29 | Train Loss: 0.0595713 Vali Loss: 0.1036816 Test Loss: 0.0494225
Validation loss decreased (0.103952 --> 0.103682).  Saving model ...
Updating learning rate to 8.28386935570634e-06
Epoch: 50 cost time: 1.1850881576538086
Epoch: 50, Steps: 29 | Train Loss: 0.0590448 Vali Loss: 0.1020812 Test Loss: 0.0498671
Validation loss decreased (0.103682 --> 0.102081).  Saving model ...
Updating learning rate to 8.111403089018465e-06
Epoch: 51 cost time: 1.180882215499878
Epoch: 51, Steps: 29 | Train Loss: 0.0584948 Vali Loss: 0.1019924 Test Loss: 0.0489101
Validation loss decreased (0.102081 --> 0.101992).  Saving model ...
Updating learning rate to 7.93267091086035e-06
Epoch: 52 cost time: 1.1864616870880127
Epoch: 52, Steps: 29 | Train Loss: 0.0579840 Vali Loss: 0.1009678 Test Loss: 0.0488351
Validation loss decreased (0.101992 --> 0.100968).  Saving model ...
Updating learning rate to 7.748032764052655e-06
Epoch: 53 cost time: 1.187999963760376
Epoch: 53, Steps: 29 | Train Loss: 0.0574485 Vali Loss: 0.1002205 Test Loss: 0.0485377
Validation loss decreased (0.100968 --> 0.100221).  Saving model ...
Updating learning rate to 7.557860485250925e-06
Epoch: 54 cost time: 1.1729772090911865
Epoch: 54, Steps: 29 | Train Loss: 0.0569061 Vali Loss: 0.0993761 Test Loss: 0.0481998
Validation loss decreased (0.100221 --> 0.099376).  Saving model ...
Updating learning rate to 7.362537056116034e-06
Epoch: 55 cost time: 1.1917717456817627
Epoch: 55, Steps: 29 | Train Loss: 0.0564175 Vali Loss: 0.0993685 Test Loss: 0.0474891
Validation loss decreased (0.099376 --> 0.099368).  Saving model ...
Updating learning rate to 7.162455832040107e-06
Epoch: 56 cost time: 1.1665523052215576
Epoch: 56, Steps: 29 | Train Loss: 0.0559549 Vali Loss: 0.0980463 Test Loss: 0.0474375
Validation loss decreased (0.099368 --> 0.098046).  Saving model ...
Updating learning rate to 6.9580197499810984e-06
Epoch: 57 cost time: 1.1815013885498047
Epoch: 57, Steps: 29 | Train Loss: 0.0554149 Vali Loss: 0.0971314 Test Loss: 0.0472355
Validation loss decreased (0.098046 --> 0.097131).  Saving model ...
Updating learning rate to 6.7496405170013816e-06
Epoch: 58 cost time: 1.1795129776000977
Epoch: 58, Steps: 29 | Train Loss: 0.0549369 Vali Loss: 0.0970152 Test Loss: 0.0467233
Validation loss decreased (0.097131 --> 0.097015).  Saving model ...
Updating learning rate to 6.537737781144523e-06
Epoch: 59 cost time: 1.176875352859497
Epoch: 59, Steps: 29 | Train Loss: 0.0544867 Vali Loss: 0.0954777 Test Loss: 0.0467735
Validation loss decreased (0.097015 --> 0.095478).  Saving model ...
Updating learning rate to 6.322738286319964e-06
Epoch: 60 cost time: 1.184403419494629
Epoch: 60, Steps: 29 | Train Loss: 0.0539736 Vali Loss: 0.0950553 Test Loss: 0.0462836
Validation loss decreased (0.095478 --> 0.095055).  Saving model ...
Updating learning rate to 6.105075012897585e-06
Epoch: 61 cost time: 1.1840400695800781
Epoch: 61, Steps: 29 | Train Loss: 0.0534661 Vali Loss: 0.0948674 Test Loss: 0.0460053
Validation loss decreased (0.095055 --> 0.094867).  Saving model ...
Updating learning rate to 5.885186305742857e-06
Epoch: 62 cost time: 1.1904470920562744
Epoch: 62, Steps: 29 | Train Loss: 0.0530653 Vali Loss: 0.0938810 Test Loss: 0.0455746
Validation loss decreased (0.094867 --> 0.093881).  Saving model ...
Updating learning rate to 5.6635149914486225e-06
Epoch: 63 cost time: 1.1914567947387695
Epoch: 63, Steps: 29 | Train Loss: 0.0526089 Vali Loss: 0.0934990 Test Loss: 0.0450902
Validation loss decreased (0.093881 --> 0.093499).  Saving model ...
Updating learning rate to 5.440507486541268e-06
Epoch: 64 cost time: 1.1832032203674316
Epoch: 64, Steps: 29 | Train Loss: 0.0521510 Vali Loss: 0.0925120 Test Loss: 0.0448380
Validation loss decreased (0.093499 --> 0.092512).  Saving model ...
Updating learning rate to 5.216612898457253e-06
Epoch: 65 cost time: 1.1846752166748047
Epoch: 65, Steps: 29 | Train Loss: 0.0517440 Vali Loss: 0.0912199 Test Loss: 0.0448059
Validation loss decreased (0.092512 --> 0.091220).  Saving model ...
Updating learning rate to 4.992282121100496e-06
Epoch: 66 cost time: 1.174872636795044
Epoch: 66, Steps: 29 | Train Loss: 0.0512533 Vali Loss: 0.0905796 Test Loss: 0.0444671
Validation loss decreased (0.091220 --> 0.090580).  Saving model ...
Updating learning rate to 4.767966926802067e-06
Epoch: 67 cost time: 1.1840200424194336
Epoch: 67, Steps: 29 | Train Loss: 0.0508549 Vali Loss: 0.0903061 Test Loss: 0.0440184
Validation loss decreased (0.090580 --> 0.090306).  Saving model ...
Updating learning rate to 4.5441190565108235e-06
Epoch: 68 cost time: 1.1895229816436768
Epoch: 68, Steps: 29 | Train Loss: 0.0504103 Vali Loss: 0.0896234 Test Loss: 0.0436753
Validation loss decreased (0.090306 --> 0.089623).  Saving model ...
Updating learning rate to 4.3211893100472735e-06
Epoch: 69 cost time: 1.184924840927124
Epoch: 69, Steps: 29 | Train Loss: 0.0500262 Vali Loss: 0.0888675 Test Loss: 0.0433312
Validation loss decreased (0.089623 --> 0.088868).  Saving model ...
Updating learning rate to 4.099626638252712e-06
Epoch: 70 cost time: 1.1898193359375
Epoch: 70, Steps: 29 | Train Loss: 0.0496032 Vali Loss: 0.0883003 Test Loss: 0.0431534
Validation loss decreased (0.088868 --> 0.088300).  Saving model ...
Updating learning rate to 3.879877238861997e-06
Epoch: 71 cost time: 1.1805412769317627
Epoch: 71, Steps: 29 | Train Loss: 0.0491650 Vali Loss: 0.0876857 Test Loss: 0.0426925
Validation loss decreased (0.088300 --> 0.087686).  Saving model ...
Updating learning rate to 3.662383657920668e-06
Epoch: 72 cost time: 1.1880931854248047
Epoch: 72, Steps: 29 | Train Loss: 0.0487287 Vali Loss: 0.0863644 Test Loss: 0.0426486
Validation loss decreased (0.087686 --> 0.086364).  Saving model ...
Updating learning rate to 3.447583898556124e-06
Epoch: 73 cost time: 1.1654770374298096
Epoch: 73, Steps: 29 | Train Loss: 0.0483926 Vali Loss: 0.0860714 Test Loss: 0.0422491
Validation loss decreased (0.086364 --> 0.086071).  Saving model ...
Updating learning rate to 3.2359105388976132e-06
Epoch: 74 cost time: 1.1890349388122559
Epoch: 74, Steps: 29 | Train Loss: 0.0480013 Vali Loss: 0.0858124 Test Loss: 0.0416948
Validation loss decreased (0.086071 --> 0.085812).  Saving model ...
Updating learning rate to 3.027789860921434e-06
Epoch: 75 cost time: 1.1899747848510742
Epoch: 75, Steps: 29 | Train Loss: 0.0475650 Vali Loss: 0.0847054 Test Loss: 0.0415872
Validation loss decreased (0.085812 --> 0.084705).  Saving model ...
Updating learning rate to 2.8236409919757893e-06
Epoch: 76 cost time: 1.180408000946045
Epoch: 76, Steps: 29 | Train Loss: 0.0472572 Vali Loss: 0.0841964 Test Loss: 0.0412951
Validation loss decreased (0.084705 --> 0.084196).  Saving model ...
Updating learning rate to 2.6238750607140637e-06
Epoch: 77 cost time: 1.194237470626831
Epoch: 77, Steps: 29 | Train Loss: 0.0468480 Vali Loss: 0.0830751 Test Loss: 0.0411593
Validation loss decreased (0.084196 --> 0.083075).  Saving model ...
Updating learning rate to 2.4288943691364434e-06
Epoch: 78 cost time: 1.19270658493042
Epoch: 78, Steps: 29 | Train Loss: 0.0464551 Vali Loss: 0.0826022 Test Loss: 0.0407637
Validation loss decreased (0.083075 --> 0.082602).  Saving model ...
Updating learning rate to 2.2390915824072217e-06
Epoch: 79 cost time: 1.1865801811218262
Epoch: 79, Steps: 29 | Train Loss: 0.0461198 Vali Loss: 0.0822155 Test Loss: 0.0404024
Validation loss decreased (0.082602 --> 0.082215).  Saving model ...
Updating learning rate to 2.0548489380794217e-06
Epoch: 80 cost time: 1.185352087020874
Epoch: 80, Steps: 29 | Train Loss: 0.0457598 Vali Loss: 0.0816132 Test Loss: 0.0400839
Validation loss decreased (0.082215 --> 0.081613).  Saving model ...
Updating learning rate to 1.876537476319218e-06
Epoch: 81 cost time: 1.183182954788208
Epoch: 81, Steps: 29 | Train Loss: 0.0454728 Vali Loss: 0.0814168 Test Loss: 0.0399700
Validation loss decreased (0.081613 --> 0.081417).  Saving model ...
Updating learning rate to 1.7045162926804444e-06
Epoch: 82 cost time: 1.1799960136413574
Epoch: 82, Steps: 29 | Train Loss: 0.0454758 Vali Loss: 0.0816336 Test Loss: 0.0400273
EarlyStopping counter: 1 out of 10
Updating learning rate to 1.5391318149339123e-06
Epoch: 83 cost time: 1.1818435192108154
Epoch: 83, Steps: 29 | Train Loss: 0.0454671 Vali Loss: 0.0813970 Test Loss: 0.0399891
Validation loss decreased (0.081417 --> 0.081397).  Saving model ...
Updating learning rate to 1.3807171054080036e-06
Epoch: 84 cost time: 1.1866950988769531
Epoch: 84, Steps: 29 | Train Loss: 0.0453903 Vali Loss: 0.0812613 Test Loss: 0.0400519
Validation loss decreased (0.081397 --> 0.081261).  Saving model ...
Updating learning rate to 1.2295911902454577e-06
Epoch: 85 cost time: 1.177462100982666
Epoch: 85, Steps: 29 | Train Loss: 0.0454325 Vali Loss: 0.0812275 Test Loss: 0.0401592
Validation loss decreased (0.081261 --> 0.081227).  Saving model ...
Updating learning rate to 1.0860584169271784e-06
Epoch: 86 cost time: 1.1866495609283447
Epoch: 86, Steps: 29 | Train Loss: 0.0454175 Vali Loss: 0.0813613 Test Loss: 0.0400176
EarlyStopping counter: 1 out of 10
Updating learning rate to 9.504078413569088e-07
Epoch: 87 cost time: 1.181253433227539
Epoch: 87, Steps: 29 | Train Loss: 0.0453789 Vali Loss: 0.0814988 Test Loss: 0.0400935
EarlyStopping counter: 2 out of 10
Updating learning rate to 8.229126457411124e-07
Epoch: 88 cost time: 1.1827306747436523
Epoch: 88, Steps: 29 | Train Loss: 0.0453900 Vali Loss: 0.0813012 Test Loss: 0.0400931
EarlyStopping counter: 3 out of 10
Updating learning rate to 7.038295884363647e-07
Epoch: 89 cost time: 1.1724209785461426
Epoch: 89, Steps: 29 | Train Loss: 0.0454117 Vali Loss: 0.0815116 Test Loss: 0.0400595
EarlyStopping counter: 4 out of 10
Updating learning rate to 5.933984868721898e-07
Epoch: 90 cost time: 1.1722493171691895
Epoch: 90, Steps: 29 | Train Loss: 0.0454193 Vali Loss: 0.0811100 Test Loss: 0.0401025
Validation loss decreased (0.081227 --> 0.081110).  Saving model ...
Updating learning rate to 4.918417345906772e-07
Epoch: 91 cost time: 1.1658861637115479
Epoch: 91, Steps: 29 | Train Loss: 0.0453819 Vali Loss: 0.0812156 Test Loss: 0.0400828
EarlyStopping counter: 1 out of 10
Updating learning rate to 3.9936385337548097e-07
Epoch: 92 cost time: 1.188746452331543
Epoch: 92, Steps: 29 | Train Loss: 0.0453496 Vali Loss: 0.0813687 Test Loss: 0.0401033
EarlyStopping counter: 2 out of 10
Updating learning rate to 3.161510813721721e-07
Epoch: 93 cost time: 1.1937618255615234
Epoch: 93, Steps: 29 | Train Loss: 0.0453853 Vali Loss: 0.0815536 Test Loss: 0.0400720
EarlyStopping counter: 3 out of 10
Updating learning rate to 2.4237099802938663e-07
Epoch: 94 cost time: 1.188849925994873
Epoch: 94, Steps: 29 | Train Loss: 0.0454007 Vali Loss: 0.0813841 Test Loss: 0.0400930
EarlyStopping counter: 4 out of 10
Updating learning rate to 1.7817218661613333e-07
Epoch: 95 cost time: 1.1803083419799805
Epoch: 95, Steps: 29 | Train Loss: 0.0453756 Vali Loss: 0.0813124 Test Loss: 0.0400966
EarlyStopping counter: 5 out of 10
Updating learning rate to 1.236839349948492e-07
Epoch: 96 cost time: 1.187140941619873
Epoch: 96, Steps: 29 | Train Loss: 0.0453744 Vali Loss: 0.0814101 Test Loss: 0.0400914
EarlyStopping counter: 6 out of 10
Updating learning rate to 7.90159752528609e-08
Epoch: 97 cost time: 1.1845765113830566
Epoch: 97, Steps: 29 | Train Loss: 0.0454077 Vali Loss: 0.0811942 Test Loss: 0.0400749
EarlyStopping counter: 7 out of 10
Updating learning rate to 4.425826271655888e-08
Epoch: 98 cost time: 1.1885926723480225
Epoch: 98, Steps: 29 | Train Loss: 0.0453855 Vali Loss: 0.0815654 Test Loss: 0.0400886
EarlyStopping counter: 8 out of 10
Updating learning rate to 1.948079479334324e-08
Epoch: 99 cost time: 1.1916444301605225
Epoch: 99, Steps: 29 | Train Loss: 0.0453721 Vali Loss: 0.0814146 Test Loss: 0.0400771
EarlyStopping counter: 9 out of 10
Updating learning rate to 4.7334700061613195e-09
Epoch: 100 cost time: 1.1861495971679688
Epoch: 100, Steps: 29 | Train Loss: 0.0453712 Vali Loss: 0.0813277 Test Loss: 0.0400786
EarlyStopping counter: 10 out of 10
Early stopping
>>>>>>>testing : ETTh1_336_720_DTFNet_ETTh1_ftM_sl336_ll0_pl720_dm128_nh16_el2_br2_dl1_df256_fc1_ebtimeF_dtTrue_'Exp'_0_'rel_sin'_16_8_16,24_8,12_3_1_256<<<<<<<<<<<<<<<<<<<<<<<<<<<<<<<<<
test 2161
mse:0.42663878202438354, mae:0.44793498516082764, rse:0.6273577213287354
