Args in experiment:
Namespace(is_training=1, model_id='ETTh1_336_720', model='DTFNet', data='ETTh1', root_path='./dataset/', data_path='ETTh1.csv', features='M', target='OT', freq='h', checkpoints='./checkpoints/', seq_len=336, label_len=0, pred_len=720, n_branches=2, patch_len_ls='16,24', stride_ls='8,12', d_model_ls='128', n_heads_ls='16', rel_pe="'rel_sin'", res_attn=False, head_type='flatten', fc_dropout=0.3, head_dropout=0.1, patch_len=16, stride=8, padding_patch="'end'", revin=1, affine=0, subtract_last=0, decomposition=0, kernel_size=25, individual=0, store_attn=False, pre_norm=False, pe='zeros', no_learn_pe=True, embed_type=0, enc_in=7, dec_in=7, c_out=7, d_model=128, n_heads=16, e_layers=2, d_layers=1, d_ff=256, moving_avg=25, factor=1, distil=True, dropout=0.3, embed='timeF', activation='gelu', output_attention=False, do_predict=False, num_workers=0, itr=1, train_epochs=100, batch_size=256, patience=10, learning_rate=1e-05, des="'Exp'", loss='mse', lradj='TST', pct_start=0.3, use_amp=False, l2=0.0, warmup_steps=0, use_gpu=True, gpu=0, use_multi_gpu=False, devices='0', test_flop=False, use_mlflow=False, mlflow_project='exp', loss_flag=2, sub_patch_len=16, sub_stride=8, stride_ls_list='16', model_type='linear', tfactor=3, dilation_rates='1', wavelet_layers=2, wavelet_type='db5', wavelet_mode='periodization', wavelet_dim=64, initTLV=0.2)
Use GPU: cuda:0
>>>>>>>start training : ETTh1_336_720_DTFNet_ETTh1_ftM_sl336_ll0_pl720_dm128_nh16_el2_br2_dl1_df256_fc1_ebtimeF_dtTrue_'Exp'_0_'rel_sin'_16_8_16,24_8,12_3_1_256>>>>>>>>>>>>>>>>>>>>>>>>>>
train 7585
val 2161
test 2161
Epoch: 1 cost time: 1.5562095642089844
Epoch: 1, Steps: 29 | Train Loss: 0.1075580 Vali Loss: 0.1787381 Test Loss: 0.0998091
Validation loss decreased (inf --> 0.178738).  Saving model ...
Updating learning rate to 4.2635539919063106e-07
Epoch: 2 cost time: 1.1803410053253174
Epoch: 2, Steps: 29 | Train Loss: 0.1066531 Vali Loss: 0.1774845 Test Loss: 0.0989717
Validation loss decreased (0.178738 --> 0.177485).  Saving model ...
Updating learning rate to 5.051321771514831e-07
Epoch: 3 cost time: 1.1700854301452637
Epoch: 3, Steps: 29 | Train Loss: 0.1058243 Vali Loss: 0.1759289 Test Loss: 0.0980606
Validation loss decreased (0.177485 --> 0.175929).  Saving model ...
Updating learning rate to 6.354652532866785e-07
Epoch: 4 cost time: 1.1838855743408203
Epoch: 4, Steps: 29 | Train Loss: 0.1049634 Vali Loss: 0.1740614 Test Loss: 0.0970768
Validation loss decreased (0.175929 --> 0.174061).  Saving model ...
Updating learning rate to 8.159233858256806e-07
Epoch: 5 cost time: 1.1809470653533936
Epoch: 5, Steps: 29 | Train Loss: 0.1040059 Vali Loss: 0.1722252 Test Loss: 0.0960065
Validation loss decreased (0.174061 --> 0.172225).  Saving model ...
Updating learning rate to 1.0445248888850473e-06
Epoch: 6 cost time: 1.1773290634155273
Epoch: 6, Steps: 29 | Train Loss: 0.1029606 Vali Loss: 0.1703044 Test Loss: 0.0948053
Validation loss decreased (0.172225 --> 0.170304).  Saving model ...
Updating learning rate to 1.3187593941861497e-06
Epoch: 7 cost time: 1.189084768295288
Epoch: 7, Steps: 29 | Train Loss: 0.1018601 Vali Loss: 0.1681238 Test Loss: 0.0934145
Validation loss decreased (0.170304 --> 0.168124).  Saving model ...
Updating learning rate to 1.6356154184543822e-06
Epoch: 8 cost time: 1.1869564056396484
Epoch: 8, Steps: 29 | Train Loss: 0.1006281 Vali Loss: 0.1658575 Test Loss: 0.0917309
Validation loss decreased (0.168124 --> 0.165858).  Saving model ...
Updating learning rate to 1.9916134337707666e-06
Epoch: 9 cost time: 1.1837544441223145
Epoch: 9, Steps: 29 | Train Loss: 0.0991965 Vali Loss: 0.1623804 Test Loss: 0.0895313
Validation loss decreased (0.165858 --> 0.162380).  Saving model ...
Updating learning rate to 2.3828440777166636e-06
Epoch: 10 cost time: 1.181206464767456
Epoch: 10, Steps: 29 | Train Loss: 0.0974470 Vali Loss: 0.1581318 Test Loss: 0.0865566
Validation loss decreased (0.162380 --> 0.158132).  Saving model ...
Updating learning rate to 2.805011083710071e-06
Epoch: 11 cost time: 1.1719341278076172
Epoch: 11, Steps: 29 | Train Loss: 0.0951305 Vali Loss: 0.1528365 Test Loss: 0.0824162
Validation loss decreased (0.158132 --> 0.152837).  Saving model ...
Updating learning rate to 3.2534784600976295e-06
Epoch: 12 cost time: 1.183938980102539
Epoch: 12, Steps: 29 | Train Loss: 0.0925049 Vali Loss: 0.1470422 Test Loss: 0.0779271
Validation loss decreased (0.152837 --> 0.147042).  Saving model ...
Updating learning rate to 3.723321399909056e-06
Epoch: 13 cost time: 1.186593770980835
Epoch: 13, Steps: 29 | Train Loss: 0.0900641 Vali Loss: 0.1426590 Test Loss: 0.0750658
Validation loss decreased (0.147042 --> 0.142659).  Saving model ...
Updating learning rate to 4.209380362212844e-06
Epoch: 14 cost time: 1.1878910064697266
Epoch: 14, Steps: 29 | Train Loss: 0.0882028 Vali Loss: 0.1392786 Test Loss: 0.0734404
Validation loss decreased (0.142659 --> 0.139279).  Saving model ...
Updating learning rate to 4.706317731183279e-06
Epoch: 15 cost time: 1.1822538375854492
Epoch: 15, Steps: 29 | Train Loss: 0.0864627 Vali Loss: 0.1362900 Test Loss: 0.0714234
Validation loss decreased (0.139279 --> 0.136290).  Saving model ...
Updating learning rate to 5.208676430682048e-06
Epoch: 16 cost time: 1.185987949371338
Epoch: 16, Steps: 29 | Train Loss: 0.0847095 Vali Loss: 0.1335987 Test Loss: 0.0696783
Validation loss decreased (0.136290 --> 0.133599).  Saving model ...
Updating learning rate to 5.710939850683244e-06
Epoch: 17 cost time: 1.1883363723754883
Epoch: 17, Steps: 29 | Train Loss: 0.0829308 Vali Loss: 0.1316143 Test Loss: 0.0673268
Validation loss decreased (0.133599 --> 0.131614).  Saving model ...
Updating learning rate to 6.207592427464792e-06
Epoch: 18 cost time: 1.1821849346160889
Epoch: 18, Steps: 29 | Train Loss: 0.0816088 Vali Loss: 0.1297467 Test Loss: 0.0661361
Validation loss decreased (0.131614 --> 0.129747).  Saving model ...
Updating learning rate to 6.693180212309968e-06
Epoch: 19 cost time: 1.1806964874267578
Epoch: 19, Steps: 29 | Train Loss: 0.0804849 Vali Loss: 0.1285720 Test Loss: 0.0646078
Validation loss decreased (0.129747 --> 0.128572).  Saving model ...
Updating learning rate to 7.1623707635889015e-06
Epoch: 20 cost time: 1.1828336715698242
Epoch: 20, Steps: 29 | Train Loss: 0.0795236 Vali Loss: 0.1274042 Test Loss: 0.0639093
Validation loss decreased (0.128572 --> 0.127404).  Saving model ...
Updating learning rate to 7.610011704520164e-06
Epoch: 21 cost time: 1.1888790130615234
Epoch: 21, Steps: 29 | Train Loss: 0.0786763 Vali Loss: 0.1265522 Test Loss: 0.0631868
Validation loss decreased (0.127404 --> 0.126552).  Saving model ...
Updating learning rate to 8.031187303565295e-06
Epoch: 22 cost time: 1.1775622367858887
Epoch: 22, Steps: 29 | Train Loss: 0.0777987 Vali Loss: 0.1254417 Test Loss: 0.0623836
Validation loss decreased (0.126552 --> 0.125442).  Saving model ...
Updating learning rate to 8.421272456123378e-06
Epoch: 23 cost time: 1.1871082782745361
Epoch: 23, Steps: 29 | Train Loss: 0.0769428 Vali Loss: 0.1243199 Test Loss: 0.0615464
Validation loss decreased (0.125442 --> 0.124320).  Saving model ...
Updating learning rate to 8.775983474730246e-06
Epoch: 24 cost time: 1.1849792003631592
Epoch: 24, Steps: 29 | Train Loss: 0.0761629 Vali Loss: 0.1236520 Test Loss: 0.0607088
Validation loss decreased (0.124320 --> 0.123652).  Saving model ...
Updating learning rate to 9.091425130013939e-06
Epoch: 25 cost time: 1.1747655868530273
Epoch: 25, Steps: 29 | Train Loss: 0.0754489 Vali Loss: 0.1230222 Test Loss: 0.0599391
Validation loss decreased (0.123652 --> 0.123022).  Saving model ...
Updating learning rate to 9.364133425830145e-06
Epoch: 26 cost time: 1.175339698791504
Epoch: 26, Steps: 29 | Train Loss: 0.0746599 Vali Loss: 0.1218971 Test Loss: 0.0590208
Validation loss decreased (0.123022 --> 0.121897).  Saving model ...
Updating learning rate to 9.591113638846019e-06
Epoch: 27 cost time: 1.179321527481079
Epoch: 27, Steps: 29 | Train Loss: 0.0738329 Vali Loss: 0.1211104 Test Loss: 0.0585843
Validation loss decreased (0.121897 --> 0.121110).  Saving model ...
Updating learning rate to 9.769873204843885e-06
Epoch: 28 cost time: 1.183276653289795
Epoch: 28, Steps: 29 | Train Loss: 0.0731817 Vali Loss: 0.1203186 Test Loss: 0.0579799
Validation loss decreased (0.121110 --> 0.120319).  Saving model ...
Updating learning rate to 9.898449090606656e-06
Epoch: 29 cost time: 1.178713083267212
Epoch: 29, Steps: 29 | Train Loss: 0.0723670 Vali Loss: 0.1199019 Test Loss: 0.0573417
Validation loss decreased (0.120319 --> 0.119902).  Saving model ...
Updating learning rate to 9.975429350802846e-06
Epoch: 30 cost time: 1.1887962818145752
Epoch: 30, Steps: 29 | Train Loss: 0.0717243 Vali Loss: 0.1185756 Test Loss: 0.0569936
Validation loss decreased (0.119902 --> 0.118576).  Saving model ...
Updating learning rate to 9.99999401249548e-06
Epoch: 31 cost time: 1.1905665397644043
Epoch: 31, Steps: 29 | Train Loss: 0.0709606 Vali Loss: 0.1178995 Test Loss: 0.0562439
Validation loss decreased (0.118576 --> 0.117900).  Saving model ...
Updating learning rate to 9.994612212745642e-06
Epoch: 32 cost time: 1.1869268417358398
Epoch: 32, Steps: 29 | Train Loss: 0.0702988 Vali Loss: 0.1173766 Test Loss: 0.0557786
Validation loss decreased (0.117900 --> 0.117377).  Saving model ...
Updating learning rate to 9.979171968972798e-06
Epoch: 33 cost time: 1.1863629817962646
Epoch: 33, Steps: 29 | Train Loss: 0.0696557 Vali Loss: 0.1166591 Test Loss: 0.0552702
Validation loss decreased (0.117377 --> 0.116659).  Saving model ...
Updating learning rate to 9.953704375773079e-06
Epoch: 34 cost time: 1.175102710723877
Epoch: 34, Steps: 29 | Train Loss: 0.0689717 Vali Loss: 0.1154237 Test Loss: 0.0547750
Validation loss decreased (0.116659 --> 0.115424).  Saving model ...
Updating learning rate to 9.918260721489893e-06
Epoch: 35 cost time: 1.1856751441955566
Epoch: 35, Steps: 29 | Train Loss: 0.0682075 Vali Loss: 0.1148799 Test Loss: 0.0544435
Validation loss decreased (0.115424 --> 0.114880).  Saving model ...
Updating learning rate to 9.872912384926035e-06
Epoch: 36 cost time: 1.1788716316223145
Epoch: 36, Steps: 29 | Train Loss: 0.0675721 Vali Loss: 0.1144054 Test Loss: 0.0537809
Validation loss decreased (0.114880 --> 0.114405).  Saving model ...
Updating learning rate to 9.817750691596265e-06
Epoch: 37 cost time: 1.1820454597473145
Epoch: 37, Steps: 29 | Train Loss: 0.0668932 Vali Loss: 0.1135017 Test Loss: 0.0536168
Validation loss decreased (0.114405 --> 0.113502).  Saving model ...
Updating learning rate to 9.752886729809889e-06
Epoch: 38 cost time: 1.1885032653808594
Epoch: 38, Steps: 29 | Train Loss: 0.0662032 Vali Loss: 0.1128021 Test Loss: 0.0530839
Validation loss decreased (0.113502 --> 0.112802).  Saving model ...
Updating learning rate to 9.678451126953676e-06
Epoch: 39 cost time: 1.1908395290374756
Epoch: 39, Steps: 29 | Train Loss: 0.0655472 Vali Loss: 0.1122884 Test Loss: 0.0526654
Validation loss decreased (0.112802 --> 0.112288).  Saving model ...
Updating learning rate to 9.594593786425696e-06
Epoch: 40 cost time: 1.185542345046997
Epoch: 40, Steps: 29 | Train Loss: 0.0648868 Vali Loss: 0.1117236 Test Loss: 0.0522673
Validation loss decreased (0.112288 --> 0.111724).  Saving model ...
Updating learning rate to 9.501483585749811e-06
Epoch: 41 cost time: 1.1803085803985596
Epoch: 41, Steps: 29 | Train Loss: 0.0643127 Vali Loss: 0.1111501 Test Loss: 0.0516874
Validation loss decreased (0.111724 --> 0.111150).  Saving model ...
Updating learning rate to 9.399308036478838e-06
Epoch: 42 cost time: 1.1866843700408936
Epoch: 42, Steps: 29 | Train Loss: 0.0636457 Vali Loss: 0.1101624 Test Loss: 0.0513974
Validation loss decreased (0.111150 --> 0.110162).  Saving model ...
Updating learning rate to 9.288272906571216e-06
Epoch: 43 cost time: 1.184269666671753
Epoch: 43, Steps: 29 | Train Loss: 0.0630262 Vali Loss: 0.1091261 Test Loss: 0.0512908
Validation loss decreased (0.110162 --> 0.109126).  Saving model ...
Updating learning rate to 9.16860180600173e-06
Epoch: 44 cost time: 1.1896393299102783
Epoch: 44, Steps: 29 | Train Loss: 0.0624439 Vali Loss: 0.1089431 Test Loss: 0.0505096
Validation loss decreased (0.109126 --> 0.108943).  Saving model ...
Updating learning rate to 9.040535736440785e-06
Epoch: 45 cost time: 1.1798064708709717
Epoch: 45, Steps: 29 | Train Loss: 0.0618852 Vali Loss: 0.1083828 Test Loss: 0.0501139
Validation loss decreased (0.108943 --> 0.108383).  Saving model ...
Updating learning rate to 8.904332605909106e-06
Epoch: 46 cost time: 1.1846625804901123
Epoch: 46, Steps: 29 | Train Loss: 0.0612764 Vali Loss: 0.1075596 Test Loss: 0.0499282
Validation loss decreased (0.108383 --> 0.107560).  Saving model ...
Updating learning rate to 8.760266709385311e-06
Epoch: 47 cost time: 1.181750774383545
Epoch: 47, Steps: 29 | Train Loss: 0.0607617 Vali Loss: 0.1066645 Test Loss: 0.0499937
Validation loss decreased (0.107560 --> 0.106665).  Saving model ...
Updating learning rate to 8.608628176412335e-06
Epoch: 48 cost time: 1.1775875091552734
Epoch: 48, Steps: 29 | Train Loss: 0.0602011 Vali Loss: 0.1060814 Test Loss: 0.0492327
Validation loss decreased (0.106665 --> 0.106081).  Saving model ...
Updating learning rate to 8.449722386815127e-06
Epoch: 49 cost time: 1.1841297149658203
Epoch: 49, Steps: 29 | Train Loss: 0.0596315 Vali Loss: 0.1052477 Test Loss: 0.0490672
Validation loss decreased (0.106081 --> 0.105248).  Saving model ...
Updating learning rate to 8.28386935570634e-06
Epoch: 50 cost time: 1.1833999156951904
Epoch: 50, Steps: 29 | Train Loss: 0.0591032 Vali Loss: 0.1043887 Test Loss: 0.0487341
Validation loss decreased (0.105248 --> 0.104389).  Saving model ...
Updating learning rate to 8.111403089018465e-06
Epoch: 51 cost time: 1.1826503276824951
Epoch: 51, Steps: 29 | Train Loss: 0.0585571 Vali Loss: 0.1026015 Test Loss: 0.0486502
Validation loss decreased (0.104389 --> 0.102601).  Saving model ...
Updating learning rate to 7.93267091086035e-06
Epoch: 52 cost time: 1.1839022636413574
Epoch: 52, Steps: 29 | Train Loss: 0.0580400 Vali Loss: 0.1026715 Test Loss: 0.0479969
EarlyStopping counter: 1 out of 10
Updating learning rate to 7.748032764052655e-06
Epoch: 53 cost time: 1.1836273670196533
Epoch: 53, Steps: 29 | Train Loss: 0.0575141 Vali Loss: 0.1018231 Test Loss: 0.0477284
Validation loss decreased (0.102601 --> 0.101823).  Saving model ...
Updating learning rate to 7.557860485250925e-06
Epoch: 54 cost time: 1.1868748664855957
Epoch: 54, Steps: 29 | Train Loss: 0.0569795 Vali Loss: 0.1017205 Test Loss: 0.0473516
Validation loss decreased (0.101823 --> 0.101721).  Saving model ...
Updating learning rate to 7.362537056116034e-06
Epoch: 55 cost time: 1.1794180870056152
Epoch: 55, Steps: 29 | Train Loss: 0.0564447 Vali Loss: 0.1003549 Test Loss: 0.0472651
Validation loss decreased (0.101721 --> 0.100355).  Saving model ...
Updating learning rate to 7.162455832040107e-06
Epoch: 56 cost time: 1.1802592277526855
Epoch: 56, Steps: 29 | Train Loss: 0.0559707 Vali Loss: 0.0996689 Test Loss: 0.0468377
Validation loss decreased (0.100355 --> 0.099669).  Saving model ...
Updating learning rate to 6.9580197499810984e-06
Epoch: 57 cost time: 1.1787354946136475
Epoch: 57, Steps: 29 | Train Loss: 0.0554973 Vali Loss: 0.0994748 Test Loss: 0.0463556
Validation loss decreased (0.099669 --> 0.099475).  Saving model ...
Updating learning rate to 6.7496405170013816e-06
Epoch: 58 cost time: 1.1770412921905518
Epoch: 58, Steps: 29 | Train Loss: 0.0550443 Vali Loss: 0.0977128 Test Loss: 0.0464505
Validation loss decreased (0.099475 --> 0.097713).  Saving model ...
Updating learning rate to 6.537737781144523e-06
Epoch: 59 cost time: 1.1858317852020264
Epoch: 59, Steps: 29 | Train Loss: 0.0545269 Vali Loss: 0.0972657 Test Loss: 0.0458964
Validation loss decreased (0.097713 --> 0.097266).  Saving model ...
Updating learning rate to 6.322738286319964e-06
Epoch: 60 cost time: 1.1865360736846924
Epoch: 60, Steps: 29 | Train Loss: 0.0540201 Vali Loss: 0.0967109 Test Loss: 0.0455992
Validation loss decreased (0.097266 --> 0.096711).  Saving model ...
Updating learning rate to 6.105075012897585e-06
Epoch: 61 cost time: 1.188828468322754
Epoch: 61, Steps: 29 | Train Loss: 0.0535836 Vali Loss: 0.0960594 Test Loss: 0.0451505
Validation loss decreased (0.096711 --> 0.096059).  Saving model ...
Updating learning rate to 5.885186305742857e-06
Epoch: 62 cost time: 1.1748332977294922
Epoch: 62, Steps: 29 | Train Loss: 0.0531486 Vali Loss: 0.0949809 Test Loss: 0.0450326
Validation loss decreased (0.096059 --> 0.094981).  Saving model ...
Updating learning rate to 5.6635149914486225e-06
Epoch: 63 cost time: 1.185520887374878
Epoch: 63, Steps: 29 | Train Loss: 0.0526800 Vali Loss: 0.0944956 Test Loss: 0.0446715
Validation loss decreased (0.094981 --> 0.094496).  Saving model ...
Updating learning rate to 5.440507486541268e-06
Epoch: 64 cost time: 1.1860499382019043
Epoch: 64, Steps: 29 | Train Loss: 0.0521879 Vali Loss: 0.0940599 Test Loss: 0.0442503
Validation loss decreased (0.094496 --> 0.094060).  Saving model ...
Updating learning rate to 5.216612898457253e-06
Epoch: 65 cost time: 1.185478925704956
Epoch: 65, Steps: 29 | Train Loss: 0.0517714 Vali Loss: 0.0930812 Test Loss: 0.0439977
Validation loss decreased (0.094060 --> 0.093081).  Saving model ...
Updating learning rate to 4.992282121100496e-06
Epoch: 66 cost time: 1.1854782104492188
Epoch: 66, Steps: 29 | Train Loss: 0.0513208 Vali Loss: 0.0923509 Test Loss: 0.0436640
Validation loss decreased (0.093081 --> 0.092351).  Saving model ...
Updating learning rate to 4.767966926802067e-06
Epoch: 67 cost time: 1.1842916011810303
Epoch: 67, Steps: 29 | Train Loss: 0.0509043 Vali Loss: 0.0915264 Test Loss: 0.0434306
Validation loss decreased (0.092351 --> 0.091526).  Saving model ...
Updating learning rate to 4.5441190565108235e-06
Epoch: 68 cost time: 1.1814682483673096
Epoch: 68, Steps: 29 | Train Loss: 0.0504923 Vali Loss: 0.0909817 Test Loss: 0.0430661
Validation loss decreased (0.091526 --> 0.090982).  Saving model ...
Updating learning rate to 4.3211893100472735e-06
Epoch: 69 cost time: 1.1862661838531494
Epoch: 69, Steps: 29 | Train Loss: 0.0500911 Vali Loss: 0.0904397 Test Loss: 0.0427543
Validation loss decreased (0.090982 --> 0.090440).  Saving model ...
Updating learning rate to 4.099626638252712e-06
Epoch: 70 cost time: 1.1785719394683838
Epoch: 70, Steps: 29 | Train Loss: 0.0496833 Vali Loss: 0.0895463 Test Loss: 0.0426420
Validation loss decreased (0.090440 --> 0.089546).  Saving model ...
Updating learning rate to 3.879877238861997e-06
Epoch: 71 cost time: 1.1782009601593018
Epoch: 71, Steps: 29 | Train Loss: 0.0492720 Vali Loss: 0.0889329 Test Loss: 0.0422435
Validation loss decreased (0.089546 --> 0.088933).  Saving model ...
Updating learning rate to 3.662383657920668e-06
Epoch: 72 cost time: 1.1719088554382324
Epoch: 72, Steps: 29 | Train Loss: 0.0488361 Vali Loss: 0.0881713 Test Loss: 0.0419255
Validation loss decreased (0.088933 --> 0.088171).  Saving model ...
Updating learning rate to 3.447583898556124e-06
Epoch: 73 cost time: 1.1840460300445557
Epoch: 73, Steps: 29 | Train Loss: 0.0484419 Vali Loss: 0.0876608 Test Loss: 0.0415878
Validation loss decreased (0.088171 --> 0.087661).  Saving model ...
Updating learning rate to 3.2359105388976132e-06
Epoch: 74 cost time: 1.180396556854248
Epoch: 74, Steps: 29 | Train Loss: 0.0481090 Vali Loss: 0.0867731 Test Loss: 0.0414600
Validation loss decreased (0.087661 --> 0.086773).  Saving model ...
Updating learning rate to 3.027789860921434e-06
Epoch: 75 cost time: 1.1813528537750244
Epoch: 75, Steps: 29 | Train Loss: 0.0476709 Vali Loss: 0.0861299 Test Loss: 0.0410964
Validation loss decreased (0.086773 --> 0.086130).  Saving model ...
Updating learning rate to 2.8236409919757893e-06
Epoch: 76 cost time: 1.175426959991455
Epoch: 76, Steps: 29 | Train Loss: 0.0472842 Vali Loss: 0.0857059 Test Loss: 0.0407026
Validation loss decreased (0.086130 --> 0.085706).  Saving model ...
Updating learning rate to 2.6238750607140637e-06
Epoch: 77 cost time: 1.1823146343231201
Epoch: 77, Steps: 29 | Train Loss: 0.0468987 Vali Loss: 0.0850084 Test Loss: 0.0404707
Validation loss decreased (0.085706 --> 0.085008).  Saving model ...
Updating learning rate to 2.4288943691364434e-06
Epoch: 78 cost time: 1.1845130920410156
Epoch: 78, Steps: 29 | Train Loss: 0.0465345 Vali Loss: 0.0843133 Test Loss: 0.0401720
Validation loss decreased (0.085008 --> 0.084313).  Saving model ...
Updating learning rate to 2.2390915824072217e-06
Epoch: 79 cost time: 1.1788866519927979
Epoch: 79, Steps: 29 | Train Loss: 0.0462013 Vali Loss: 0.0835905 Test Loss: 0.0398994
Validation loss decreased (0.084313 --> 0.083591).  Saving model ...
Updating learning rate to 2.0548489380794217e-06
Epoch: 80 cost time: 1.1766817569732666
Epoch: 80, Steps: 29 | Train Loss: 0.0457509 Vali Loss: 0.0828929 Test Loss: 0.0396557
Validation loss decreased (0.083591 --> 0.082893).  Saving model ...
Updating learning rate to 1.876537476319218e-06
Epoch: 81 cost time: 1.178605556488037
Epoch: 81, Steps: 29 | Train Loss: 0.0455154 Vali Loss: 0.0826921 Test Loss: 0.0394872
Validation loss decreased (0.082893 --> 0.082692).  Saving model ...
Updating learning rate to 1.7045162926804444e-06
Epoch: 82 cost time: 1.177119493484497
Epoch: 82, Steps: 29 | Train Loss: 0.0454727 Vali Loss: 0.0825307 Test Loss: 0.0396405
Validation loss decreased (0.082692 --> 0.082531).  Saving model ...
Updating learning rate to 1.5391318149339123e-06
Epoch: 83 cost time: 1.186645269393921
Epoch: 83, Steps: 29 | Train Loss: 0.0455064 Vali Loss: 0.0826087 Test Loss: 0.0395406
EarlyStopping counter: 1 out of 10
Updating learning rate to 1.3807171054080036e-06
Epoch: 84 cost time: 1.1788594722747803
Epoch: 84, Steps: 29 | Train Loss: 0.0454863 Vali Loss: 0.0827782 Test Loss: 0.0395305
EarlyStopping counter: 2 out of 10
Updating learning rate to 1.2295911902454577e-06
Epoch: 85 cost time: 1.1776354312896729
Epoch: 85, Steps: 29 | Train Loss: 0.0454690 Vali Loss: 0.0828615 Test Loss: 0.0396128
EarlyStopping counter: 3 out of 10
Updating learning rate to 1.0860584169271784e-06
Epoch: 86 cost time: 1.1828124523162842
Epoch: 86, Steps: 29 | Train Loss: 0.0454661 Vali Loss: 0.0829580 Test Loss: 0.0394877
EarlyStopping counter: 4 out of 10
Updating learning rate to 9.504078413569088e-07
Epoch: 87 cost time: 1.174710750579834
Epoch: 87, Steps: 29 | Train Loss: 0.0454909 Vali Loss: 0.0825468 Test Loss: 0.0395995
EarlyStopping counter: 5 out of 10
Updating learning rate to 8.229126457411124e-07
Epoch: 88 cost time: 1.179119348526001
Epoch: 88, Steps: 29 | Train Loss: 0.0454822 Vali Loss: 0.0827732 Test Loss: 0.0395806
EarlyStopping counter: 6 out of 10
Updating learning rate to 7.038295884363647e-07
Epoch: 89 cost time: 1.1706080436706543
Epoch: 89, Steps: 29 | Train Loss: 0.0454316 Vali Loss: 0.0827976 Test Loss: 0.0395506
EarlyStopping counter: 7 out of 10
Updating learning rate to 5.933984868721898e-07
Epoch: 90 cost time: 1.1755175590515137
Epoch: 90, Steps: 29 | Train Loss: 0.0454295 Vali Loss: 0.0828507 Test Loss: 0.0395690
EarlyStopping counter: 8 out of 10
Updating learning rate to 4.918417345906772e-07
Epoch: 91 cost time: 1.1766512393951416
Epoch: 91, Steps: 29 | Train Loss: 0.0454410 Vali Loss: 0.0825915 Test Loss: 0.0395942
EarlyStopping counter: 9 out of 10
Updating learning rate to 3.9936385337548097e-07
Epoch: 92 cost time: 1.177067518234253
Epoch: 92, Steps: 29 | Train Loss: 0.0454302 Vali Loss: 0.0829939 Test Loss: 0.0395625
EarlyStopping counter: 10 out of 10
Early stopping
>>>>>>>testing : ETTh1_336_720_DTFNet_ETTh1_ftM_sl336_ll0_pl720_dm128_nh16_el2_br2_dl1_df256_fc1_ebtimeF_dtTrue_'Exp'_0_'rel_sin'_16_8_16,24_8,12_3_1_256<<<<<<<<<<<<<<<<<<<<<<<<<<<<<<<<<
test 2161
mse:0.4196490943431854, mae:0.4432504177093506, rse:0.6221974492073059
