Args in experiment:
Namespace(is_training=1, model_id='ETTh1_336_720', model='DTFNet', data='ETTh1', root_path='./dataset/', data_path='ETTh1.csv', features='M', target='OT', freq='h', checkpoints='./checkpoints/', seq_len=336, label_len=0, pred_len=720, n_branches=2, patch_len_ls='16,24', stride_ls='8,12', d_model_ls='128', n_heads_ls='16', rel_pe="'rel_sin'", res_attn=False, head_type='flatten', fc_dropout=0.3, head_dropout=0.1, patch_len=16, stride=8, padding_patch="'end'", revin=1, affine=0, subtract_last=0, decomposition=0, kernel_size=25, individual=0, store_attn=False, pre_norm=False, pe='zeros', no_learn_pe=True, embed_type=0, enc_in=7, dec_in=7, c_out=7, d_model=128, n_heads=16, e_layers=2, d_layers=1, d_ff=256, moving_avg=25, factor=1, distil=True, dropout=0.3, embed='timeF', activation='gelu', output_attention=False, do_predict=False, num_workers=0, itr=1, train_epochs=100, batch_size=256, patience=10, learning_rate=1e-05, des="'Exp'", loss='mse', lradj='TST', pct_start=0.3, use_amp=False, l2=0.0, warmup_steps=0, use_gpu=True, gpu=0, use_multi_gpu=False, devices='0', test_flop=False, use_mlflow=False, mlflow_project='exp', loss_flag=2, sub_patch_len=16, sub_stride=8, stride_ls_list='16', model_type='linear', tfactor=3, dilation_rates='1', wavelet_layers=2, wavelet_type='db5', wavelet_mode='periodization', wavelet_dim=64, initTLV=0.2)
Use GPU: cuda:0
>>>>>>>start training : ETTh1_336_720_DTFNet_ETTh1_ftM_sl336_ll0_pl720_dm128_nh16_el2_br2_dl1_df256_fc1_ebtimeF_dtTrue_'Exp'_0_'rel_sin'_16_8_16,24_8,12_3_1_256>>>>>>>>>>>>>>>>>>>>>>>>>>
train 7585
val 2161
test 2161
Epoch: 1 cost time: 1.591085433959961
Epoch: 1, Steps: 29 | Train Loss: 0.1075882 Vali Loss: 0.1790686 Test Loss: 0.0997413
Validation loss decreased (inf --> 0.179069).  Saving model ...
Updating learning rate to 4.2635539919063106e-07
Epoch: 2 cost time: 1.1588900089263916
Epoch: 2, Steps: 29 | Train Loss: 0.1067050 Vali Loss: 0.1774061 Test Loss: 0.0989025
Validation loss decreased (0.179069 --> 0.177406).  Saving model ...
Updating learning rate to 5.051321771514831e-07
Epoch: 3 cost time: 1.1664445400238037
Epoch: 3, Steps: 29 | Train Loss: 0.1058856 Vali Loss: 0.1756118 Test Loss: 0.0979871
Validation loss decreased (0.177406 --> 0.175612).  Saving model ...
Updating learning rate to 6.354652532866785e-07
Epoch: 4 cost time: 1.1637194156646729
Epoch: 4, Steps: 29 | Train Loss: 0.1049050 Vali Loss: 0.1740740 Test Loss: 0.0970093
Validation loss decreased (0.175612 --> 0.174074).  Saving model ...
Updating learning rate to 8.159233858256806e-07
Epoch: 5 cost time: 1.1686875820159912
Epoch: 5, Steps: 29 | Train Loss: 0.1039328 Vali Loss: 0.1721694 Test Loss: 0.0959318
Validation loss decreased (0.174074 --> 0.172169).  Saving model ...
Updating learning rate to 1.0445248888850473e-06
Epoch: 6 cost time: 1.1613256931304932
Epoch: 6, Steps: 29 | Train Loss: 0.1029427 Vali Loss: 0.1701508 Test Loss: 0.0947227
Validation loss decreased (0.172169 --> 0.170151).  Saving model ...
Updating learning rate to 1.3187593941861497e-06
Epoch: 7 cost time: 1.1696560382843018
Epoch: 7, Steps: 29 | Train Loss: 0.1017782 Vali Loss: 0.1680776 Test Loss: 0.0933208
Validation loss decreased (0.170151 --> 0.168078).  Saving model ...
Updating learning rate to 1.6356154184543822e-06
Epoch: 8 cost time: 1.1597845554351807
Epoch: 8, Steps: 29 | Train Loss: 0.1005319 Vali Loss: 0.1651782 Test Loss: 0.0916256
Validation loss decreased (0.168078 --> 0.165178).  Saving model ...
Updating learning rate to 1.9916134337707666e-06
Epoch: 9 cost time: 1.1652376651763916
Epoch: 9, Steps: 29 | Train Loss: 0.0990928 Vali Loss: 0.1624063 Test Loss: 0.0894264
Validation loss decreased (0.165178 --> 0.162406).  Saving model ...
Updating learning rate to 2.3828440777166636e-06
Epoch: 10 cost time: 1.1657135486602783
Epoch: 10, Steps: 29 | Train Loss: 0.0972798 Vali Loss: 0.1578298 Test Loss: 0.0864030
Validation loss decreased (0.162406 --> 0.157830).  Saving model ...
Updating learning rate to 2.805011083710071e-06
Epoch: 11 cost time: 1.1692605018615723
Epoch: 11, Steps: 29 | Train Loss: 0.0950747 Vali Loss: 0.1527789 Test Loss: 0.0823279
Validation loss decreased (0.157830 --> 0.152779).  Saving model ...
Updating learning rate to 3.2534784600976295e-06
Epoch: 12 cost time: 1.1574420928955078
Epoch: 12, Steps: 29 | Train Loss: 0.0923480 Vali Loss: 0.1470616 Test Loss: 0.0778109
Validation loss decreased (0.152779 --> 0.147062).  Saving model ...
Updating learning rate to 3.723321399909056e-06
Epoch: 13 cost time: 1.1724557876586914
Epoch: 13, Steps: 29 | Train Loss: 0.0898540 Vali Loss: 0.1420850 Test Loss: 0.0747947
Validation loss decreased (0.147062 --> 0.142085).  Saving model ...
Updating learning rate to 4.209380362212844e-06
Epoch: 14 cost time: 1.1672217845916748
Epoch: 14, Steps: 29 | Train Loss: 0.0879504 Vali Loss: 0.1386172 Test Loss: 0.0730797
Validation loss decreased (0.142085 --> 0.138617).  Saving model ...
Updating learning rate to 4.706317731183279e-06
Epoch: 15 cost time: 1.1688244342803955
Epoch: 15, Steps: 29 | Train Loss: 0.0861792 Vali Loss: 0.1361506 Test Loss: 0.0711435
Validation loss decreased (0.138617 --> 0.136151).  Saving model ...
Updating learning rate to 5.208676430682048e-06
Epoch: 16 cost time: 1.1641349792480469
Epoch: 16, Steps: 29 | Train Loss: 0.0845479 Vali Loss: 0.1340275 Test Loss: 0.0691115
Validation loss decreased (0.136151 --> 0.134027).  Saving model ...
Updating learning rate to 5.710939850683244e-06
Epoch: 17 cost time: 1.1659533977508545
Epoch: 17, Steps: 29 | Train Loss: 0.0831211 Vali Loss: 0.1314513 Test Loss: 0.0673807
Validation loss decreased (0.134027 --> 0.131451).  Saving model ...
Updating learning rate to 6.207592427464792e-06
Epoch: 18 cost time: 1.1683504581451416
Epoch: 18, Steps: 29 | Train Loss: 0.0817390 Vali Loss: 0.1298068 Test Loss: 0.0659647
Validation loss decreased (0.131451 --> 0.129807).  Saving model ...
Updating learning rate to 6.693180212309968e-06
Epoch: 19 cost time: 1.163553237915039
Epoch: 19, Steps: 29 | Train Loss: 0.0805661 Vali Loss: 0.1285163 Test Loss: 0.0648484
Validation loss decreased (0.129807 --> 0.128516).  Saving model ...
Updating learning rate to 7.1623707635889015e-06
Epoch: 20 cost time: 1.1657042503356934
Epoch: 20, Steps: 29 | Train Loss: 0.0795786 Vali Loss: 0.1276416 Test Loss: 0.0640381
Validation loss decreased (0.128516 --> 0.127642).  Saving model ...
Updating learning rate to 7.610011704520164e-06
Epoch: 21 cost time: 1.1744716167449951
Epoch: 21, Steps: 29 | Train Loss: 0.0787036 Vali Loss: 0.1265578 Test Loss: 0.0630087
Validation loss decreased (0.127642 --> 0.126558).  Saving model ...
Updating learning rate to 8.031187303565295e-06
Epoch: 22 cost time: 1.1685826778411865
Epoch: 22, Steps: 29 | Train Loss: 0.0778749 Vali Loss: 0.1256887 Test Loss: 0.0624545
Validation loss decreased (0.126558 --> 0.125689).  Saving model ...
Updating learning rate to 8.421272456123378e-06
Epoch: 23 cost time: 1.1671650409698486
Epoch: 23, Steps: 29 | Train Loss: 0.0770545 Vali Loss: 0.1244273 Test Loss: 0.0613442
Validation loss decreased (0.125689 --> 0.124427).  Saving model ...
Updating learning rate to 8.775983474730246e-06
Epoch: 24 cost time: 1.156428337097168
Epoch: 24, Steps: 29 | Train Loss: 0.0762796 Vali Loss: 0.1234128 Test Loss: 0.0607730
Validation loss decreased (0.124427 --> 0.123413).  Saving model ...
Updating learning rate to 9.091425130013939e-06
Epoch: 25 cost time: 1.1580407619476318
Epoch: 25, Steps: 29 | Train Loss: 0.0754572 Vali Loss: 0.1227553 Test Loss: 0.0600031
Validation loss decreased (0.123413 --> 0.122755).  Saving model ...
Updating learning rate to 9.364133425830145e-06
Epoch: 26 cost time: 1.1580500602722168
Epoch: 26, Steps: 29 | Train Loss: 0.0746543 Vali Loss: 0.1214968 Test Loss: 0.0595928
Validation loss decreased (0.122755 --> 0.121497).  Saving model ...
Updating learning rate to 9.591113638846019e-06
Epoch: 27 cost time: 1.1654174327850342
Epoch: 27, Steps: 29 | Train Loss: 0.0738900 Vali Loss: 0.1209701 Test Loss: 0.0587537
Validation loss decreased (0.121497 --> 0.120970).  Saving model ...
Updating learning rate to 9.769873204843885e-06
Epoch: 28 cost time: 1.1651930809020996
Epoch: 28, Steps: 29 | Train Loss: 0.0731685 Vali Loss: 0.1201696 Test Loss: 0.0582344
Validation loss decreased (0.120970 --> 0.120170).  Saving model ...
Updating learning rate to 9.898449090606656e-06
Epoch: 29 cost time: 1.1678969860076904
Epoch: 29, Steps: 29 | Train Loss: 0.0724881 Vali Loss: 0.1193032 Test Loss: 0.0573399
Validation loss decreased (0.120170 --> 0.119303).  Saving model ...
Updating learning rate to 9.975429350802846e-06
Epoch: 30 cost time: 1.163003921508789
Epoch: 30, Steps: 29 | Train Loss: 0.0717503 Vali Loss: 0.1187073 Test Loss: 0.0569101
Validation loss decreased (0.119303 --> 0.118707).  Saving model ...
Updating learning rate to 9.99999401249548e-06
Epoch: 31 cost time: 1.166398286819458
Epoch: 31, Steps: 29 | Train Loss: 0.0710046 Vali Loss: 0.1177547 Test Loss: 0.0562156
Validation loss decreased (0.118707 --> 0.117755).  Saving model ...
Updating learning rate to 9.994612212745642e-06
Epoch: 32 cost time: 1.1611497402191162
Epoch: 32, Steps: 29 | Train Loss: 0.0702916 Vali Loss: 0.1172353 Test Loss: 0.0559186
Validation loss decreased (0.117755 --> 0.117235).  Saving model ...
Updating learning rate to 9.979171968972798e-06
Epoch: 33 cost time: 1.1667935848236084
Epoch: 33, Steps: 29 | Train Loss: 0.0695500 Vali Loss: 0.1162661 Test Loss: 0.0553483
Validation loss decreased (0.117235 --> 0.116266).  Saving model ...
Updating learning rate to 9.953704375773079e-06
Epoch: 34 cost time: 1.1598572731018066
Epoch: 34, Steps: 29 | Train Loss: 0.0688939 Vali Loss: 0.1156533 Test Loss: 0.0546629
Validation loss decreased (0.116266 --> 0.115653).  Saving model ...
Updating learning rate to 9.918260721489893e-06
Epoch: 35 cost time: 1.1630680561065674
Epoch: 35, Steps: 29 | Train Loss: 0.0682425 Vali Loss: 0.1149144 Test Loss: 0.0541274
Validation loss decreased (0.115653 --> 0.114914).  Saving model ...
Updating learning rate to 9.872912384926035e-06
Epoch: 36 cost time: 1.1647696495056152
Epoch: 36, Steps: 29 | Train Loss: 0.0675400 Vali Loss: 0.1138236 Test Loss: 0.0539352
Validation loss decreased (0.114914 --> 0.113824).  Saving model ...
Updating learning rate to 9.817750691596265e-06
Epoch: 37 cost time: 1.1648471355438232
Epoch: 37, Steps: 29 | Train Loss: 0.0668766 Vali Loss: 0.1129531 Test Loss: 0.0536734
Validation loss decreased (0.113824 --> 0.112953).  Saving model ...
Updating learning rate to 9.752886729809889e-06
Epoch: 38 cost time: 1.1637933254241943
Epoch: 38, Steps: 29 | Train Loss: 0.0663168 Vali Loss: 0.1123387 Test Loss: 0.0528122
Validation loss decreased (0.112953 --> 0.112339).  Saving model ...
Updating learning rate to 9.678451126953676e-06
Epoch: 39 cost time: 1.1615641117095947
Epoch: 39, Steps: 29 | Train Loss: 0.0656064 Vali Loss: 0.1116782 Test Loss: 0.0525411
Validation loss decreased (0.112339 --> 0.111678).  Saving model ...
Updating learning rate to 9.594593786425696e-06
Epoch: 40 cost time: 1.1594576835632324
Epoch: 40, Steps: 29 | Train Loss: 0.0649542 Vali Loss: 0.1110289 Test Loss: 0.0520580
Validation loss decreased (0.111678 --> 0.111029).  Saving model ...
Updating learning rate to 9.501483585749811e-06
Epoch: 41 cost time: 1.165949821472168
Epoch: 41, Steps: 29 | Train Loss: 0.0643330 Vali Loss: 0.1102549 Test Loss: 0.0517477
Validation loss decreased (0.111029 --> 0.110255).  Saving model ...
Updating learning rate to 9.399308036478838e-06
Epoch: 42 cost time: 1.1624343395233154
Epoch: 42, Steps: 29 | Train Loss: 0.0637606 Vali Loss: 0.1098092 Test Loss: 0.0510646
Validation loss decreased (0.110255 --> 0.109809).  Saving model ...
Updating learning rate to 9.288272906571216e-06
Epoch: 43 cost time: 1.1667473316192627
Epoch: 43, Steps: 29 | Train Loss: 0.0631561 Vali Loss: 0.1087284 Test Loss: 0.0508603
Validation loss decreased (0.109809 --> 0.108728).  Saving model ...
Updating learning rate to 9.16860180600173e-06
Epoch: 44 cost time: 1.150928020477295
Epoch: 44, Steps: 29 | Train Loss: 0.0625237 Vali Loss: 0.1081131 Test Loss: 0.0503496
Validation loss decreased (0.108728 --> 0.108113).  Saving model ...
Updating learning rate to 9.040535736440785e-06
Epoch: 45 cost time: 1.165935754776001
Epoch: 45, Steps: 29 | Train Loss: 0.0619228 Vali Loss: 0.1075454 Test Loss: 0.0497433
Validation loss decreased (0.108113 --> 0.107545).  Saving model ...
Updating learning rate to 8.904332605909106e-06
Epoch: 46 cost time: 1.1611278057098389
Epoch: 46, Steps: 29 | Train Loss: 0.0613537 Vali Loss: 0.1069403 Test Loss: 0.0494962
Validation loss decreased (0.107545 --> 0.106940).  Saving model ...
Updating learning rate to 8.760266709385311e-06
Epoch: 47 cost time: 1.159489631652832
Epoch: 47, Steps: 29 | Train Loss: 0.0607532 Vali Loss: 0.1057287 Test Loss: 0.0491884
Validation loss decreased (0.106940 --> 0.105729).  Saving model ...
Updating learning rate to 8.608628176412335e-06
Epoch: 48 cost time: 1.168834924697876
Epoch: 48, Steps: 29 | Train Loss: 0.0602129 Vali Loss: 0.1049383 Test Loss: 0.0488842
Validation loss decreased (0.105729 --> 0.104938).  Saving model ...
Updating learning rate to 8.449722386815127e-06
Epoch: 49 cost time: 1.1608269214630127
Epoch: 49, Steps: 29 | Train Loss: 0.0596101 Vali Loss: 0.1042821 Test Loss: 0.0486355
Validation loss decreased (0.104938 --> 0.104282).  Saving model ...
Updating learning rate to 8.28386935570634e-06
Epoch: 50 cost time: 1.1650614738464355
Epoch: 50, Steps: 29 | Train Loss: 0.0591261 Vali Loss: 0.1032719 Test Loss: 0.0480924
Validation loss decreased (0.104282 --> 0.103272).  Saving model ...
Updating learning rate to 8.111403089018465e-06
Epoch: 51 cost time: 1.1621861457824707
Epoch: 51, Steps: 29 | Train Loss: 0.0585724 Vali Loss: 0.1034804 Test Loss: 0.0477038
EarlyStopping counter: 1 out of 10
Updating learning rate to 7.93267091086035e-06
Epoch: 52 cost time: 1.1607306003570557
Epoch: 52, Steps: 29 | Train Loss: 0.0579721 Vali Loss: 0.1015625 Test Loss: 0.0475613
Validation loss decreased (0.103272 --> 0.101562).  Saving model ...
Updating learning rate to 7.748032764052655e-06
Epoch: 53 cost time: 1.1683366298675537
Epoch: 53, Steps: 29 | Train Loss: 0.0575153 Vali Loss: 0.1012160 Test Loss: 0.0471700
Validation loss decreased (0.101562 --> 0.101216).  Saving model ...
Updating learning rate to 7.557860485250925e-06
Epoch: 54 cost time: 1.1624186038970947
Epoch: 54, Steps: 29 | Train Loss: 0.0569617 Vali Loss: 0.1003149 Test Loss: 0.0468991
Validation loss decreased (0.101216 --> 0.100315).  Saving model ...
Updating learning rate to 7.362537056116034e-06
Epoch: 55 cost time: 1.1643760204315186
Epoch: 55, Steps: 29 | Train Loss: 0.0564873 Vali Loss: 0.1002538 Test Loss: 0.0465849
Validation loss decreased (0.100315 --> 0.100254).  Saving model ...
Updating learning rate to 7.162455832040107e-06
Epoch: 56 cost time: 1.1596381664276123
Epoch: 56, Steps: 29 | Train Loss: 0.0559555 Vali Loss: 0.0996115 Test Loss: 0.0460559
Validation loss decreased (0.100254 --> 0.099612).  Saving model ...
Updating learning rate to 6.9580197499810984e-06
Epoch: 57 cost time: 1.1458957195281982
Epoch: 57, Steps: 29 | Train Loss: 0.0554705 Vali Loss: 0.0980876 Test Loss: 0.0459113
Validation loss decreased (0.099612 --> 0.098088).  Saving model ...
Updating learning rate to 6.7496405170013816e-06
Epoch: 58 cost time: 1.1627814769744873
Epoch: 58, Steps: 29 | Train Loss: 0.0549747 Vali Loss: 0.0975611 Test Loss: 0.0456286
Validation loss decreased (0.098088 --> 0.097561).  Saving model ...
Updating learning rate to 6.537737781144523e-06
Epoch: 59 cost time: 1.165888786315918
Epoch: 59, Steps: 29 | Train Loss: 0.0544405 Vali Loss: 0.0965718 Test Loss: 0.0454121
Validation loss decreased (0.097561 --> 0.096572).  Saving model ...
Updating learning rate to 6.322738286319964e-06
Epoch: 60 cost time: 1.163313865661621
Epoch: 60, Steps: 29 | Train Loss: 0.0539647 Vali Loss: 0.0962570 Test Loss: 0.0449773
Validation loss decreased (0.096572 --> 0.096257).  Saving model ...
Updating learning rate to 6.105075012897585e-06
Epoch: 61 cost time: 1.1665301322937012
Epoch: 61, Steps: 29 | Train Loss: 0.0535440 Vali Loss: 0.0949981 Test Loss: 0.0448304
Validation loss decreased (0.096257 --> 0.094998).  Saving model ...
Updating learning rate to 5.885186305742857e-06
Epoch: 62 cost time: 1.1580915451049805
Epoch: 62, Steps: 29 | Train Loss: 0.0530398 Vali Loss: 0.0953443 Test Loss: 0.0442956
EarlyStopping counter: 1 out of 10
Updating learning rate to 5.6635149914486225e-06
Epoch: 63 cost time: 1.1598484516143799
Epoch: 63, Steps: 29 | Train Loss: 0.0525811 Vali Loss: 0.0943092 Test Loss: 0.0439506
Validation loss decreased (0.094998 --> 0.094309).  Saving model ...
Updating learning rate to 5.440507486541268e-06
Epoch: 64 cost time: 1.1637625694274902
Epoch: 64, Steps: 29 | Train Loss: 0.0522053 Vali Loss: 0.0938019 Test Loss: 0.0437241
Validation loss decreased (0.094309 --> 0.093802).  Saving model ...
Updating learning rate to 5.216612898457253e-06
Epoch: 65 cost time: 1.158670425415039
Epoch: 65, Steps: 29 | Train Loss: 0.0516792 Vali Loss: 0.0925495 Test Loss: 0.0434545
Validation loss decreased (0.093802 --> 0.092549).  Saving model ...
Updating learning rate to 4.992282121100496e-06
Epoch: 66 cost time: 1.167353630065918
Epoch: 66, Steps: 29 | Train Loss: 0.0512947 Vali Loss: 0.0917418 Test Loss: 0.0433006
Validation loss decreased (0.092549 --> 0.091742).  Saving model ...
Updating learning rate to 4.767966926802067e-06
Epoch: 67 cost time: 1.1653919219970703
Epoch: 67, Steps: 29 | Train Loss: 0.0508262 Vali Loss: 0.0908086 Test Loss: 0.0430664
Validation loss decreased (0.091742 --> 0.090809).  Saving model ...
Updating learning rate to 4.5441190565108235e-06
Epoch: 68 cost time: 1.1544568538665771
Epoch: 68, Steps: 29 | Train Loss: 0.0504432 Vali Loss: 0.0904933 Test Loss: 0.0426274
Validation loss decreased (0.090809 --> 0.090493).  Saving model ...
Updating learning rate to 4.3211893100472735e-06
Epoch: 69 cost time: 1.157822847366333
Epoch: 69, Steps: 29 | Train Loss: 0.0499897 Vali Loss: 0.0898095 Test Loss: 0.0422639
Validation loss decreased (0.090493 --> 0.089810).  Saving model ...
Updating learning rate to 4.099626638252712e-06
Epoch: 70 cost time: 1.16215181350708
Epoch: 70, Steps: 29 | Train Loss: 0.0495679 Vali Loss: 0.0891703 Test Loss: 0.0420470
Validation loss decreased (0.089810 --> 0.089170).  Saving model ...
Updating learning rate to 3.879877238861997e-06
Epoch: 71 cost time: 1.167773723602295
Epoch: 71, Steps: 29 | Train Loss: 0.0491662 Vali Loss: 0.0887865 Test Loss: 0.0416851
Validation loss decreased (0.089170 --> 0.088787).  Saving model ...
Updating learning rate to 3.662383657920668e-06
Epoch: 72 cost time: 1.1561052799224854
Epoch: 72, Steps: 29 | Train Loss: 0.0487727 Vali Loss: 0.0879612 Test Loss: 0.0413174
Validation loss decreased (0.088787 --> 0.087961).  Saving model ...
Updating learning rate to 3.447583898556124e-06
Epoch: 73 cost time: 1.1654326915740967
Epoch: 73, Steps: 29 | Train Loss: 0.0484010 Vali Loss: 0.0880160 Test Loss: 0.0409686
EarlyStopping counter: 1 out of 10
Updating learning rate to 3.2359105388976132e-06
Epoch: 74 cost time: 1.1569716930389404
Epoch: 74, Steps: 29 | Train Loss: 0.0479692 Vali Loss: 0.0867808 Test Loss: 0.0407753
Validation loss decreased (0.087961 --> 0.086781).  Saving model ...
Updating learning rate to 3.027789860921434e-06
Epoch: 75 cost time: 1.1501829624176025
Epoch: 75, Steps: 29 | Train Loss: 0.0476521 Vali Loss: 0.0861270 Test Loss: 0.0404866
Validation loss decreased (0.086781 --> 0.086127).  Saving model ...
Updating learning rate to 2.8236409919757893e-06
Epoch: 76 cost time: 1.1672966480255127
Epoch: 76, Steps: 29 | Train Loss: 0.0472387 Vali Loss: 0.0853616 Test Loss: 0.0401447
Validation loss decreased (0.086127 --> 0.085362).  Saving model ...
Updating learning rate to 2.6238750607140637e-06
Epoch: 77 cost time: 1.1625537872314453
Epoch: 77, Steps: 29 | Train Loss: 0.0468466 Vali Loss: 0.0847495 Test Loss: 0.0398649
Validation loss decreased (0.085362 --> 0.084750).  Saving model ...
Updating learning rate to 2.4288943691364434e-06
Epoch: 78 cost time: 1.1591215133666992
Epoch: 78, Steps: 29 | Train Loss: 0.0464627 Vali Loss: 0.0839624 Test Loss: 0.0395969
Validation loss decreased (0.084750 --> 0.083962).  Saving model ...
Updating learning rate to 2.2390915824072217e-06
Epoch: 79 cost time: 1.1676661968231201
Epoch: 79, Steps: 29 | Train Loss: 0.0460517 Vali Loss: 0.0833187 Test Loss: 0.0392767
Validation loss decreased (0.083962 --> 0.083319).  Saving model ...
Updating learning rate to 2.0548489380794217e-06
Epoch: 80 cost time: 1.1630947589874268
Epoch: 80, Steps: 29 | Train Loss: 0.0457122 Vali Loss: 0.0828478 Test Loss: 0.0389970
Validation loss decreased (0.083319 --> 0.082848).  Saving model ...
Updating learning rate to 1.876537476319218e-06
Epoch: 81 cost time: 1.159520149230957
Epoch: 81, Steps: 29 | Train Loss: 0.0454608 Vali Loss: 0.0828578 Test Loss: 0.0389148
EarlyStopping counter: 1 out of 10
Updating learning rate to 1.7045162926804444e-06
Epoch: 82 cost time: 1.163285732269287
Epoch: 82, Steps: 29 | Train Loss: 0.0454567 Vali Loss: 0.0825616 Test Loss: 0.0390048
Validation loss decreased (0.082848 --> 0.082562).  Saving model ...
Updating learning rate to 1.5391318149339123e-06
Epoch: 83 cost time: 1.1663763523101807
Epoch: 83, Steps: 29 | Train Loss: 0.0454084 Vali Loss: 0.0825744 Test Loss: 0.0390255
EarlyStopping counter: 1 out of 10
Updating learning rate to 1.3807171054080036e-06
Epoch: 84 cost time: 1.1574149131774902
Epoch: 84, Steps: 29 | Train Loss: 0.0454403 Vali Loss: 0.0826114 Test Loss: 0.0390671
EarlyStopping counter: 2 out of 10
Updating learning rate to 1.2295911902454577e-06
Epoch: 85 cost time: 1.1594772338867188
Epoch: 85, Steps: 29 | Train Loss: 0.0454298 Vali Loss: 0.0825374 Test Loss: 0.0390498
Validation loss decreased (0.082562 --> 0.082537).  Saving model ...
Updating learning rate to 1.0860584169271784e-06
Epoch: 86 cost time: 1.1515142917633057
Epoch: 86, Steps: 29 | Train Loss: 0.0453849 Vali Loss: 0.0826051 Test Loss: 0.0390469
EarlyStopping counter: 1 out of 10
Updating learning rate to 9.504078413569088e-07
Epoch: 87 cost time: 1.1659173965454102
Epoch: 87, Steps: 29 | Train Loss: 0.0453873 Vali Loss: 0.0825896 Test Loss: 0.0390633
EarlyStopping counter: 2 out of 10
Updating learning rate to 8.229126457411124e-07
Epoch: 88 cost time: 1.1648552417755127
Epoch: 88, Steps: 29 | Train Loss: 0.0454320 Vali Loss: 0.0829046 Test Loss: 0.0390044
EarlyStopping counter: 3 out of 10
Updating learning rate to 7.038295884363647e-07
Epoch: 89 cost time: 1.1648082733154297
Epoch: 89, Steps: 29 | Train Loss: 0.0454101 Vali Loss: 0.0823711 Test Loss: 0.0390637
Validation loss decreased (0.082537 --> 0.082371).  Saving model ...
Updating learning rate to 5.933984868721898e-07
Epoch: 90 cost time: 1.1518046855926514
Epoch: 90, Steps: 29 | Train Loss: 0.0453882 Vali Loss: 0.0827085 Test Loss: 0.0390384
EarlyStopping counter: 1 out of 10
Updating learning rate to 4.918417345906772e-07
Epoch: 91 cost time: 1.16066575050354
Epoch: 91, Steps: 29 | Train Loss: 0.0453835 Vali Loss: 0.0825408 Test Loss: 0.0390713
EarlyStopping counter: 2 out of 10
Updating learning rate to 3.9936385337548097e-07
Epoch: 92 cost time: 1.1630187034606934
Epoch: 92, Steps: 29 | Train Loss: 0.0453663 Vali Loss: 0.0824415 Test Loss: 0.0390772
EarlyStopping counter: 3 out of 10
Updating learning rate to 3.161510813721721e-07
Epoch: 93 cost time: 1.1611340045928955
Epoch: 93, Steps: 29 | Train Loss: 0.0453495 Vali Loss: 0.0827635 Test Loss: 0.0390364
EarlyStopping counter: 4 out of 10
Updating learning rate to 2.4237099802938663e-07
Epoch: 94 cost time: 1.1657178401947021
Epoch: 94, Steps: 29 | Train Loss: 0.0454273 Vali Loss: 0.0824812 Test Loss: 0.0390496
EarlyStopping counter: 5 out of 10
Updating learning rate to 1.7817218661613333e-07
Epoch: 95 cost time: 1.1622095108032227
Epoch: 95, Steps: 29 | Train Loss: 0.0453781 Vali Loss: 0.0826092 Test Loss: 0.0390545
EarlyStopping counter: 6 out of 10
Updating learning rate to 1.236839349948492e-07
Epoch: 96 cost time: 1.1597211360931396
Epoch: 96, Steps: 29 | Train Loss: 0.0453853 Vali Loss: 0.0825576 Test Loss: 0.0390611
EarlyStopping counter: 7 out of 10
Updating learning rate to 7.90159752528609e-08
Epoch: 97 cost time: 1.1682701110839844
Epoch: 97, Steps: 29 | Train Loss: 0.0453969 Vali Loss: 0.0825519 Test Loss: 0.0390570
EarlyStopping counter: 8 out of 10
Updating learning rate to 4.425826271655888e-08
Epoch: 98 cost time: 1.169196605682373
Epoch: 98, Steps: 29 | Train Loss: 0.0453951 Vali Loss: 0.0825657 Test Loss: 0.0390575
EarlyStopping counter: 9 out of 10
Updating learning rate to 1.948079479334324e-08
Epoch: 99 cost time: 1.1650762557983398
Epoch: 99, Steps: 29 | Train Loss: 0.0453608 Vali Loss: 0.0825109 Test Loss: 0.0390714
EarlyStopping counter: 10 out of 10
Early stopping
>>>>>>>testing : ETTh1_336_720_DTFNet_ETTh1_ftM_sl336_ll0_pl720_dm128_nh16_el2_br2_dl1_df256_fc1_ebtimeF_dtTrue_'Exp'_0_'rel_sin'_16_8_16,24_8,12_3_1_256<<<<<<<<<<<<<<<<<<<<<<<<<<<<<<<<<
test 2161
mse:0.41028520464897156, mae:0.4374278783798218, rse:0.6152165532112122
