Args in experiment:
Namespace(is_training=1, model_id='ETTh1_336_720', model='DTFNet', data='ETTh1', root_path='./dataset/', data_path='ETTh1.csv', features='M', target='OT', freq='h', checkpoints='./checkpoints/', seq_len=336, label_len=0, pred_len=720, n_branches=2, patch_len_ls='16,24', stride_ls='8,12', d_model_ls='128', n_heads_ls='16', rel_pe="'rel_sin'", res_attn=False, head_type='flatten', fc_dropout=0.3, head_dropout=0.1, patch_len=16, stride=8, padding_patch="'end'", revin=1, affine=0, subtract_last=0, decomposition=0, kernel_size=25, individual=0, store_attn=False, pre_norm=False, pe='zeros', no_learn_pe=True, embed_type=0, enc_in=7, dec_in=7, c_out=7, d_model=128, n_heads=16, e_layers=2, d_layers=1, d_ff=256, moving_avg=25, factor=1, distil=True, dropout=0.3, embed='timeF', activation='gelu', output_attention=False, do_predict=False, num_workers=0, itr=1, train_epochs=100, batch_size=256, patience=10, learning_rate=1e-05, des="'Exp'", loss='mse', lradj='TST', pct_start=0.3, use_amp=False, l2=0.0, warmup_steps=0, use_gpu=True, gpu=0, use_multi_gpu=False, devices='0', test_flop=False, use_mlflow=False, mlflow_project='exp', loss_flag=2, sub_patch_len=16, sub_stride=8, stride_ls_list='16', model_type='linear', tfactor=3, dilation_rates='1', wavelet_layers=2, wavelet_type='db5', wavelet_mode='periodization', wavelet_dim=64, initTLV=0.2)
Use GPU: cuda:0
>>>>>>>start training : ETTh1_336_720_DTFNet_ETTh1_ftM_sl336_ll0_pl720_dm128_nh16_el2_br2_dl1_df256_fc1_ebtimeF_dtTrue_'Exp'_0_'rel_sin'_16_8_16,24_8,12_3_1_256>>>>>>>>>>>>>>>>>>>>>>>>>>
train 7585
val 2161
test 2161
Epoch: 1 cost time: 1.5589089393615723
Epoch: 1, Steps: 29 | Train Loss: 0.1076188 Vali Loss: 0.1787289 Test Loss: 0.0997637
Validation loss decreased (inf --> 0.178729).  Saving model ...
Updating learning rate to 4.2635539919063106e-07
Epoch: 2 cost time: 1.1771390438079834
Epoch: 2, Steps: 29 | Train Loss: 0.1067490 Vali Loss: 0.1773996 Test Loss: 0.0989398
Validation loss decreased (0.178729 --> 0.177400).  Saving model ...
Updating learning rate to 5.051321771514831e-07
Epoch: 3 cost time: 1.1851513385772705
Epoch: 3, Steps: 29 | Train Loss: 0.1058343 Vali Loss: 0.1756583 Test Loss: 0.0980533
Validation loss decreased (0.177400 --> 0.175658).  Saving model ...
Updating learning rate to 6.354652532866785e-07
Epoch: 4 cost time: 1.182471513748169
Epoch: 4, Steps: 29 | Train Loss: 0.1050049 Vali Loss: 0.1740831 Test Loss: 0.0971062
Validation loss decreased (0.175658 --> 0.174083).  Saving model ...
Updating learning rate to 8.159233858256806e-07
Epoch: 5 cost time: 1.1683292388916016
Epoch: 5, Steps: 29 | Train Loss: 0.1039811 Vali Loss: 0.1724283 Test Loss: 0.0960709
Validation loss decreased (0.174083 --> 0.172428).  Saving model ...
Updating learning rate to 1.0445248888850473e-06
Epoch: 6 cost time: 1.1897602081298828
Epoch: 6, Steps: 29 | Train Loss: 0.1030645 Vali Loss: 0.1703686 Test Loss: 0.0949156
Validation loss decreased (0.172428 --> 0.170369).  Saving model ...
Updating learning rate to 1.3187593941861497e-06
Epoch: 7 cost time: 1.1884145736694336
Epoch: 7, Steps: 29 | Train Loss: 0.1020120 Vali Loss: 0.1684359 Test Loss: 0.0936074
Validation loss decreased (0.170369 --> 0.168436).  Saving model ...
Updating learning rate to 1.6356154184543822e-06
Epoch: 8 cost time: 1.192906379699707
Epoch: 8, Steps: 29 | Train Loss: 0.1007876 Vali Loss: 0.1658217 Test Loss: 0.0920214
Validation loss decreased (0.168436 --> 0.165822).  Saving model ...
Updating learning rate to 1.9916134337707666e-06
Epoch: 9 cost time: 1.186464786529541
Epoch: 9, Steps: 29 | Train Loss: 0.0993748 Vali Loss: 0.1632289 Test Loss: 0.0899890
Validation loss decreased (0.165822 --> 0.163229).  Saving model ...
Updating learning rate to 2.3828440777166636e-06
Epoch: 10 cost time: 1.184185266494751
Epoch: 10, Steps: 29 | Train Loss: 0.0976136 Vali Loss: 0.1591858 Test Loss: 0.0871514
Validation loss decreased (0.163229 --> 0.159186).  Saving model ...
Updating learning rate to 2.805011083710071e-06
Epoch: 11 cost time: 1.1852822303771973
Epoch: 11, Steps: 29 | Train Loss: 0.0953998 Vali Loss: 0.1537641 Test Loss: 0.0832563
Validation loss decreased (0.159186 --> 0.153764).  Saving model ...
Updating learning rate to 3.2534784600976295e-06
Epoch: 12 cost time: 1.1706950664520264
Epoch: 12, Steps: 29 | Train Loss: 0.0927464 Vali Loss: 0.1477085 Test Loss: 0.0785721
Validation loss decreased (0.153764 --> 0.147708).  Saving model ...
Updating learning rate to 3.723321399909056e-06
Epoch: 13 cost time: 1.182724952697754
Epoch: 13, Steps: 29 | Train Loss: 0.0903508 Vali Loss: 0.1431486 Test Loss: 0.0752919
Validation loss decreased (0.147708 --> 0.143149).  Saving model ...
Updating learning rate to 4.209380362212844e-06
Epoch: 14 cost time: 1.1934802532196045
Epoch: 14, Steps: 29 | Train Loss: 0.0883914 Vali Loss: 0.1397223 Test Loss: 0.0736450
Validation loss decreased (0.143149 --> 0.139722).  Saving model ...
Updating learning rate to 4.706317731183279e-06
Epoch: 15 cost time: 1.1873047351837158
Epoch: 15, Steps: 29 | Train Loss: 0.0867556 Vali Loss: 0.1369453 Test Loss: 0.0715980
Validation loss decreased (0.139722 --> 0.136945).  Saving model ...
Updating learning rate to 5.208676430682048e-06
Epoch: 16 cost time: 1.187457799911499
Epoch: 16, Steps: 29 | Train Loss: 0.0850479 Vali Loss: 0.1343812 Test Loss: 0.0697338
Validation loss decreased (0.136945 --> 0.134381).  Saving model ...
Updating learning rate to 5.710939850683244e-06
Epoch: 17 cost time: 1.1870136260986328
Epoch: 17, Steps: 29 | Train Loss: 0.0833689 Vali Loss: 0.1323145 Test Loss: 0.0679191
Validation loss decreased (0.134381 --> 0.132315).  Saving model ...
Updating learning rate to 6.207592427464792e-06
Epoch: 18 cost time: 1.195699691772461
Epoch: 18, Steps: 29 | Train Loss: 0.0819090 Vali Loss: 0.1302457 Test Loss: 0.0663815
Validation loss decreased (0.132315 --> 0.130246).  Saving model ...
Updating learning rate to 6.693180212309968e-06
Epoch: 19 cost time: 1.1784331798553467
Epoch: 19, Steps: 29 | Train Loss: 0.0806622 Vali Loss: 0.1291808 Test Loss: 0.0649293
Validation loss decreased (0.130246 --> 0.129181).  Saving model ...
Updating learning rate to 7.1623707635889015e-06
Epoch: 20 cost time: 1.1823713779449463
Epoch: 20, Steps: 29 | Train Loss: 0.0796197 Vali Loss: 0.1280622 Test Loss: 0.0643104
Validation loss decreased (0.129181 --> 0.128062).  Saving model ...
Updating learning rate to 7.610011704520164e-06
Epoch: 21 cost time: 1.174506664276123
Epoch: 21, Steps: 29 | Train Loss: 0.0787988 Vali Loss: 0.1269697 Test Loss: 0.0634532
Validation loss decreased (0.128062 --> 0.126970).  Saving model ...
Updating learning rate to 8.031187303565295e-06
Epoch: 22 cost time: 1.1847779750823975
Epoch: 22, Steps: 29 | Train Loss: 0.0778680 Vali Loss: 0.1260089 Test Loss: 0.0628126
Validation loss decreased (0.126970 --> 0.126009).  Saving model ...
Updating learning rate to 8.421272456123378e-06
Epoch: 23 cost time: 1.1911420822143555
Epoch: 23, Steps: 29 | Train Loss: 0.0770504 Vali Loss: 0.1252544 Test Loss: 0.0615227
Validation loss decreased (0.126009 --> 0.125254).  Saving model ...
Updating learning rate to 8.775983474730246e-06
Epoch: 24 cost time: 1.193096399307251
Epoch: 24, Steps: 29 | Train Loss: 0.0762029 Vali Loss: 0.1241277 Test Loss: 0.0608886
Validation loss decreased (0.125254 --> 0.124128).  Saving model ...
Updating learning rate to 9.091425130013939e-06
Epoch: 25 cost time: 1.185084581375122
Epoch: 25, Steps: 29 | Train Loss: 0.0754539 Vali Loss: 0.1230707 Test Loss: 0.0604405
Validation loss decreased (0.124128 --> 0.123071).  Saving model ...
Updating learning rate to 9.364133425830145e-06
Epoch: 26 cost time: 1.1826560497283936
Epoch: 26, Steps: 29 | Train Loss: 0.0746389 Vali Loss: 0.1221963 Test Loss: 0.0597222
Validation loss decreased (0.123071 --> 0.122196).  Saving model ...
Updating learning rate to 9.591113638846019e-06
Epoch: 27 cost time: 1.1750845909118652
Epoch: 27, Steps: 29 | Train Loss: 0.0738603 Vali Loss: 0.1216854 Test Loss: 0.0591380
Validation loss decreased (0.122196 --> 0.121685).  Saving model ...
Updating learning rate to 9.769873204843885e-06
Epoch: 28 cost time: 1.1891398429870605
Epoch: 28, Steps: 29 | Train Loss: 0.0731579 Vali Loss: 0.1205670 Test Loss: 0.0583315
Validation loss decreased (0.121685 --> 0.120567).  Saving model ...
Updating learning rate to 9.898449090606656e-06
Epoch: 29 cost time: 1.1912107467651367
Epoch: 29, Steps: 29 | Train Loss: 0.0723690 Vali Loss: 0.1199815 Test Loss: 0.0581149
Validation loss decreased (0.120567 --> 0.119982).  Saving model ...
Updating learning rate to 9.975429350802846e-06
Epoch: 30 cost time: 1.1856307983398438
Epoch: 30, Steps: 29 | Train Loss: 0.0716325 Vali Loss: 0.1200593 Test Loss: 0.0571612
EarlyStopping counter: 1 out of 10
Updating learning rate to 9.99999401249548e-06
Epoch: 31 cost time: 1.183048963546753
Epoch: 31, Steps: 29 | Train Loss: 0.0708650 Vali Loss: 0.1187259 Test Loss: 0.0568355
Validation loss decreased (0.119982 --> 0.118726).  Saving model ...
Updating learning rate to 9.994612212745642e-06
Epoch: 32 cost time: 1.190321445465088
Epoch: 32, Steps: 29 | Train Loss: 0.0701711 Vali Loss: 0.1179237 Test Loss: 0.0563752
Validation loss decreased (0.118726 --> 0.117924).  Saving model ...
Updating learning rate to 9.979171968972798e-06
Epoch: 33 cost time: 1.1824452877044678
Epoch: 33, Steps: 29 | Train Loss: 0.0694789 Vali Loss: 0.1172933 Test Loss: 0.0558071
Validation loss decreased (0.117924 --> 0.117293).  Saving model ...
Updating learning rate to 9.953704375773079e-06
Epoch: 34 cost time: 1.1801412105560303
Epoch: 34, Steps: 29 | Train Loss: 0.0687618 Vali Loss: 0.1172224 Test Loss: 0.0553595
Validation loss decreased (0.117293 --> 0.117222).  Saving model ...
Updating learning rate to 9.918260721489893e-06
Epoch: 35 cost time: 1.161022424697876
Epoch: 35, Steps: 29 | Train Loss: 0.0681144 Vali Loss: 0.1155625 Test Loss: 0.0550425
Validation loss decreased (0.117222 --> 0.115563).  Saving model ...
Updating learning rate to 9.872912384926035e-06
Epoch: 36 cost time: 1.1845216751098633
Epoch: 36, Steps: 29 | Train Loss: 0.0674360 Vali Loss: 0.1144927 Test Loss: 0.0545149
Validation loss decreased (0.115563 --> 0.114493).  Saving model ...
Updating learning rate to 9.817750691596265e-06
Epoch: 37 cost time: 1.179746389389038
Epoch: 37, Steps: 29 | Train Loss: 0.0667543 Vali Loss: 0.1141375 Test Loss: 0.0542007
Validation loss decreased (0.114493 --> 0.114137).  Saving model ...
Updating learning rate to 9.752886729809889e-06
Epoch: 38 cost time: 1.1799159049987793
Epoch: 38, Steps: 29 | Train Loss: 0.0661225 Vali Loss: 0.1136893 Test Loss: 0.0536866
Validation loss decreased (0.114137 --> 0.113689).  Saving model ...
Updating learning rate to 9.678451126953676e-06
Epoch: 39 cost time: 1.1822929382324219
Epoch: 39, Steps: 29 | Train Loss: 0.0654766 Vali Loss: 0.1118429 Test Loss: 0.0533979
Validation loss decreased (0.113689 --> 0.111843).  Saving model ...
Updating learning rate to 9.594593786425696e-06
Epoch: 40 cost time: 1.1829063892364502
Epoch: 40, Steps: 29 | Train Loss: 0.0647878 Vali Loss: 0.1121618 Test Loss: 0.0527414
EarlyStopping counter: 1 out of 10
Updating learning rate to 9.501483585749811e-06
Epoch: 41 cost time: 1.1795880794525146
Epoch: 41, Steps: 29 | Train Loss: 0.0641119 Vali Loss: 0.1107008 Test Loss: 0.0524928
Validation loss decreased (0.111843 --> 0.110701).  Saving model ...
Updating learning rate to 9.399308036478838e-06
Epoch: 42 cost time: 1.1846904754638672
Epoch: 42, Steps: 29 | Train Loss: 0.0634863 Vali Loss: 0.1105376 Test Loss: 0.0522500
Validation loss decreased (0.110701 --> 0.110538).  Saving model ...
Updating learning rate to 9.288272906571216e-06
Epoch: 43 cost time: 1.1752288341522217
Epoch: 43, Steps: 29 | Train Loss: 0.0629302 Vali Loss: 0.1096734 Test Loss: 0.0516742
Validation loss decreased (0.110538 --> 0.109673).  Saving model ...
Updating learning rate to 9.16860180600173e-06
Epoch: 44 cost time: 1.1667931079864502
Epoch: 44, Steps: 29 | Train Loss: 0.0623454 Vali Loss: 0.1092256 Test Loss: 0.0511892
Validation loss decreased (0.109673 --> 0.109226).  Saving model ...
Updating learning rate to 9.040535736440785e-06
Epoch: 45 cost time: 1.1816949844360352
Epoch: 45, Steps: 29 | Train Loss: 0.0617706 Vali Loss: 0.1087486 Test Loss: 0.0508635
Validation loss decreased (0.109226 --> 0.108749).  Saving model ...
Updating learning rate to 8.904332605909106e-06
Epoch: 46 cost time: 1.1781017780303955
Epoch: 46, Steps: 29 | Train Loss: 0.0611027 Vali Loss: 0.1077643 Test Loss: 0.0505975
Validation loss decreased (0.108749 --> 0.107764).  Saving model ...
Updating learning rate to 8.760266709385311e-06
Epoch: 47 cost time: 1.1857125759124756
Epoch: 47, Steps: 29 | Train Loss: 0.0605388 Vali Loss: 0.1077731 Test Loss: 0.0502099
EarlyStopping counter: 1 out of 10
Updating learning rate to 8.608628176412335e-06
Epoch: 48 cost time: 1.1753261089324951
Epoch: 48, Steps: 29 | Train Loss: 0.0599516 Vali Loss: 0.1060586 Test Loss: 0.0500663
Validation loss decreased (0.107764 --> 0.106059).  Saving model ...
Updating learning rate to 8.449722386815127e-06
Epoch: 49 cost time: 1.175950527191162
Epoch: 49, Steps: 29 | Train Loss: 0.0594120 Vali Loss: 0.1056081 Test Loss: 0.0496606
Validation loss decreased (0.106059 --> 0.105608).  Saving model ...
Updating learning rate to 8.28386935570634e-06
Epoch: 50 cost time: 1.181596040725708
Epoch: 50, Steps: 29 | Train Loss: 0.0588215 Vali Loss: 0.1049804 Test Loss: 0.0494762
Validation loss decreased (0.105608 --> 0.104980).  Saving model ...
Updating learning rate to 8.111403089018465e-06
Epoch: 51 cost time: 1.1771807670593262
Epoch: 51, Steps: 29 | Train Loss: 0.0582902 Vali Loss: 0.1043231 Test Loss: 0.0487809
Validation loss decreased (0.104980 --> 0.104323).  Saving model ...
Updating learning rate to 7.93267091086035e-06
Epoch: 52 cost time: 1.1876752376556396
Epoch: 52, Steps: 29 | Train Loss: 0.0577776 Vali Loss: 0.1031234 Test Loss: 0.0488719
Validation loss decreased (0.104323 --> 0.103123).  Saving model ...
Updating learning rate to 7.748032764052655e-06
Epoch: 53 cost time: 1.1684198379516602
Epoch: 53, Steps: 29 | Train Loss: 0.0571351 Vali Loss: 0.1025389 Test Loss: 0.0486746
Validation loss decreased (0.103123 --> 0.102539).  Saving model ...
Updating learning rate to 7.557860485250925e-06
Epoch: 54 cost time: 1.180018663406372
Epoch: 54, Steps: 29 | Train Loss: 0.0567186 Vali Loss: 0.1022126 Test Loss: 0.0480568
Validation loss decreased (0.102539 --> 0.102213).  Saving model ...
Updating learning rate to 7.362537056116034e-06
Epoch: 55 cost time: 1.1777703762054443
Epoch: 55, Steps: 29 | Train Loss: 0.0562152 Vali Loss: 0.1012583 Test Loss: 0.0477773
Validation loss decreased (0.102213 --> 0.101258).  Saving model ...
Updating learning rate to 7.162455832040107e-06
Epoch: 56 cost time: 1.1812071800231934
Epoch: 56, Steps: 29 | Train Loss: 0.0556857 Vali Loss: 0.1007394 Test Loss: 0.0474115
Validation loss decreased (0.101258 --> 0.100739).  Saving model ...
Updating learning rate to 6.9580197499810984e-06
Epoch: 57 cost time: 1.1787467002868652
Epoch: 57, Steps: 29 | Train Loss: 0.0551236 Vali Loss: 0.0993830 Test Loss: 0.0473005
Validation loss decreased (0.100739 --> 0.099383).  Saving model ...
Updating learning rate to 6.7496405170013816e-06
Epoch: 58 cost time: 1.1869781017303467
Epoch: 58, Steps: 29 | Train Loss: 0.0546771 Vali Loss: 0.0990590 Test Loss: 0.0469204
Validation loss decreased (0.099383 --> 0.099059).  Saving model ...
Updating learning rate to 6.537737781144523e-06
Epoch: 59 cost time: 1.1875543594360352
Epoch: 59, Steps: 29 | Train Loss: 0.0542186 Vali Loss: 0.0983769 Test Loss: 0.0464464
Validation loss decreased (0.099059 --> 0.098377).  Saving model ...
Updating learning rate to 6.322738286319964e-06
Epoch: 60 cost time: 1.1765928268432617
Epoch: 60, Steps: 29 | Train Loss: 0.0536855 Vali Loss: 0.0972166 Test Loss: 0.0462801
Validation loss decreased (0.098377 --> 0.097217).  Saving model ...
Updating learning rate to 6.105075012897585e-06
Epoch: 61 cost time: 1.1766419410705566
Epoch: 61, Steps: 29 | Train Loss: 0.0532047 Vali Loss: 0.0967617 Test Loss: 0.0458628
Validation loss decreased (0.097217 --> 0.096762).  Saving model ...
Updating learning rate to 5.885186305742857e-06
Epoch: 62 cost time: 1.1833677291870117
Epoch: 62, Steps: 29 | Train Loss: 0.0528141 Vali Loss: 0.0961689 Test Loss: 0.0455895
Validation loss decreased (0.096762 --> 0.096169).  Saving model ...
Updating learning rate to 5.6635149914486225e-06
Epoch: 63 cost time: 1.178473711013794
Epoch: 63, Steps: 29 | Train Loss: 0.0523401 Vali Loss: 0.0959266 Test Loss: 0.0451744
Validation loss decreased (0.096169 --> 0.095927).  Saving model ...
Updating learning rate to 5.440507486541268e-06
Epoch: 64 cost time: 1.1873176097869873
Epoch: 64, Steps: 29 | Train Loss: 0.0519000 Vali Loss: 0.0953972 Test Loss: 0.0447851
Validation loss decreased (0.095927 --> 0.095397).  Saving model ...
Updating learning rate to 5.216612898457253e-06
Epoch: 65 cost time: 1.1795332431793213
Epoch: 65, Steps: 29 | Train Loss: 0.0514649 Vali Loss: 0.0947472 Test Loss: 0.0444423
Validation loss decreased (0.095397 --> 0.094747).  Saving model ...
Updating learning rate to 4.992282121100496e-06
Epoch: 66 cost time: 1.1833546161651611
Epoch: 66, Steps: 29 | Train Loss: 0.0510425 Vali Loss: 0.0937278 Test Loss: 0.0440581
Validation loss decreased (0.094747 --> 0.093728).  Saving model ...
Updating learning rate to 4.767966926802067e-06
Epoch: 67 cost time: 1.182781457901001
Epoch: 67, Steps: 29 | Train Loss: 0.0505721 Vali Loss: 0.0928888 Test Loss: 0.0439173
Validation loss decreased (0.093728 --> 0.092889).  Saving model ...
Updating learning rate to 4.5441190565108235e-06
Epoch: 68 cost time: 1.1793317794799805
Epoch: 68, Steps: 29 | Train Loss: 0.0501712 Vali Loss: 0.0922696 Test Loss: 0.0436048
Validation loss decreased (0.092889 --> 0.092270).  Saving model ...
Updating learning rate to 4.3211893100472735e-06
Epoch: 69 cost time: 1.1801176071166992
Epoch: 69, Steps: 29 | Train Loss: 0.0497471 Vali Loss: 0.0913535 Test Loss: 0.0433590
Validation loss decreased (0.092270 --> 0.091353).  Saving model ...
Updating learning rate to 4.099626638252712e-06
Epoch: 70 cost time: 1.1738686561584473
Epoch: 70, Steps: 29 | Train Loss: 0.0493597 Vali Loss: 0.0909025 Test Loss: 0.0429837
Validation loss decreased (0.091353 --> 0.090902).  Saving model ...
Updating learning rate to 3.879877238861997e-06
Epoch: 71 cost time: 1.1852681636810303
Epoch: 71, Steps: 29 | Train Loss: 0.0489463 Vali Loss: 0.0903412 Test Loss: 0.0425965
Validation loss decreased (0.090902 --> 0.090341).  Saving model ...
Updating learning rate to 3.662383657920668e-06
Epoch: 72 cost time: 1.1776056289672852
Epoch: 72, Steps: 29 | Train Loss: 0.0485219 Vali Loss: 0.0890704 Test Loss: 0.0424276
Validation loss decreased (0.090341 --> 0.089070).  Saving model ...
Updating learning rate to 3.447583898556124e-06
Epoch: 73 cost time: 1.1794309616088867
Epoch: 73, Steps: 29 | Train Loss: 0.0481284 Vali Loss: 0.0889637 Test Loss: 0.0419644
Validation loss decreased (0.089070 --> 0.088964).  Saving model ...
Updating learning rate to 3.2359105388976132e-06
Epoch: 74 cost time: 1.1846928596496582
Epoch: 74, Steps: 29 | Train Loss: 0.0477464 Vali Loss: 0.0884327 Test Loss: 0.0416628
Validation loss decreased (0.088964 --> 0.088433).  Saving model ...
Updating learning rate to 3.027789860921434e-06
Epoch: 75 cost time: 1.1826939582824707
Epoch: 75, Steps: 29 | Train Loss: 0.0473465 Vali Loss: 0.0877247 Test Loss: 0.0414163
Validation loss decreased (0.088433 --> 0.087725).  Saving model ...
Updating learning rate to 2.8236409919757893e-06
Epoch: 76 cost time: 1.1626777648925781
Epoch: 76, Steps: 29 | Train Loss: 0.0469560 Vali Loss: 0.0868619 Test Loss: 0.0411668
Validation loss decreased (0.087725 --> 0.086862).  Saving model ...
Updating learning rate to 2.6238750607140637e-06
Epoch: 77 cost time: 1.1806933879852295
Epoch: 77, Steps: 29 | Train Loss: 0.0465958 Vali Loss: 0.0861553 Test Loss: 0.0408510
Validation loss decreased (0.086862 --> 0.086155).  Saving model ...
Updating learning rate to 2.4288943691364434e-06
Epoch: 78 cost time: 1.1875324249267578
Epoch: 78, Steps: 29 | Train Loss: 0.0462000 Vali Loss: 0.0854870 Test Loss: 0.0404597
Validation loss decreased (0.086155 --> 0.085487).  Saving model ...
Updating learning rate to 2.2390915824072217e-06
Epoch: 79 cost time: 1.1837573051452637
Epoch: 79, Steps: 29 | Train Loss: 0.0458678 Vali Loss: 0.0848516 Test Loss: 0.0401534
Validation loss decreased (0.085487 --> 0.084852).  Saving model ...
Updating learning rate to 2.0548489380794217e-06
Epoch: 80 cost time: 1.1810612678527832
Epoch: 80, Steps: 29 | Train Loss: 0.0454760 Vali Loss: 0.0839293 Test Loss: 0.0399645
Validation loss decreased (0.084852 --> 0.083929).  Saving model ...
Updating learning rate to 1.876537476319218e-06
Epoch: 81 cost time: 1.1856021881103516
Epoch: 81, Steps: 29 | Train Loss: 0.0452009 Vali Loss: 0.0837198 Test Loss: 0.0398395
Validation loss decreased (0.083929 --> 0.083720).  Saving model ...
Updating learning rate to 1.7045162926804444e-06
Epoch: 82 cost time: 1.1807513236999512
Epoch: 82, Steps: 29 | Train Loss: 0.0451755 Vali Loss: 0.0840992 Test Loss: 0.0397414
EarlyStopping counter: 1 out of 10
Updating learning rate to 1.5391318149339123e-06
Epoch: 83 cost time: 1.1721208095550537
Epoch: 83, Steps: 29 | Train Loss: 0.0451486 Vali Loss: 0.0839775 Test Loss: 0.0397930
EarlyStopping counter: 2 out of 10
Updating learning rate to 1.3807171054080036e-06
Epoch: 84 cost time: 1.1792101860046387
Epoch: 84, Steps: 29 | Train Loss: 0.0451368 Vali Loss: 0.0840721 Test Loss: 0.0397550
EarlyStopping counter: 3 out of 10
Updating learning rate to 1.2295911902454577e-06
Epoch: 85 cost time: 1.1760540008544922
Epoch: 85, Steps: 29 | Train Loss: 0.0451104 Vali Loss: 0.0838779 Test Loss: 0.0398716
EarlyStopping counter: 4 out of 10
Updating learning rate to 1.0860584169271784e-06
Epoch: 86 cost time: 1.1784250736236572
Epoch: 86, Steps: 29 | Train Loss: 0.0451542 Vali Loss: 0.0841683 Test Loss: 0.0397916
EarlyStopping counter: 5 out of 10
Updating learning rate to 9.504078413569088e-07
Epoch: 87 cost time: 1.1796512603759766
Epoch: 87, Steps: 29 | Train Loss: 0.0451187 Vali Loss: 0.0839449 Test Loss: 0.0398539
EarlyStopping counter: 6 out of 10
Updating learning rate to 8.229126457411124e-07
Epoch: 88 cost time: 1.1627731323242188
Epoch: 88, Steps: 29 | Train Loss: 0.0451470 Vali Loss: 0.0841161 Test Loss: 0.0397886
EarlyStopping counter: 7 out of 10
Updating learning rate to 7.038295884363647e-07
Epoch: 89 cost time: 1.1829562187194824
Epoch: 89, Steps: 29 | Train Loss: 0.0451085 Vali Loss: 0.0839594 Test Loss: 0.0398355
EarlyStopping counter: 8 out of 10
Updating learning rate to 5.933984868721898e-07
Epoch: 90 cost time: 1.1854989528656006
Epoch: 90, Steps: 29 | Train Loss: 0.0451191 Vali Loss: 0.0840479 Test Loss: 0.0397946
EarlyStopping counter: 9 out of 10
Updating learning rate to 4.918417345906772e-07
Epoch: 91 cost time: 1.1765336990356445
Epoch: 91, Steps: 29 | Train Loss: 0.0450878 Vali Loss: 0.0839796 Test Loss: 0.0398567
EarlyStopping counter: 10 out of 10
Early stopping
>>>>>>>testing : ETTh1_336_720_DTFNet_ETTh1_ftM_sl336_ll0_pl720_dm128_nh16_el2_br2_dl1_df256_fc1_ebtimeF_dtTrue_'Exp'_0_'rel_sin'_16_8_16,24_8,12_3_1_256<<<<<<<<<<<<<<<<<<<<<<<<<<<<<<<<<
test 2161
mse:0.41871193051338196, mae:0.4452809691429138, rse:0.6215022802352905
