Args in experiment:
Namespace(is_training=1, model_id='ETTh1_336_336', model='DTFNet', data='ETTh1', root_path='./dataset/', data_path='ETTh1.csv', features='M', target='OT', freq='h', checkpoints='./checkpoints/', seq_len=336, label_len=0, pred_len=336, n_branches=2, patch_len_ls='16,24', stride_ls='8,12', d_model_ls='128', n_heads_ls='16', rel_pe="'rel_sin'", res_attn=False, head_type='flatten', fc_dropout=0.3, head_dropout=0.1, patch_len=16, stride=8, padding_patch="'end'", revin=1, affine=0, subtract_last=0, decomposition=0, kernel_size=25, individual=0, store_attn=False, pre_norm=False, pe='zeros', no_learn_pe=True, embed_type=0, enc_in=7, dec_in=7, c_out=7, d_model=128, n_heads=16, e_layers=2, d_layers=1, d_ff=256, moving_avg=25, factor=1, distil=True, dropout=0.3, embed='timeF', activation='gelu', output_attention=False, do_predict=False, num_workers=0, itr=1, train_epochs=100, batch_size=256, patience=10, learning_rate=1e-05, des="'Exp'", loss='mse', lradj='TST', pct_start=0.3, use_amp=False, l2=0.0, warmup_steps=0, use_gpu=True, gpu=0, use_multi_gpu=False, devices='0', test_flop=False, use_mlflow=False, mlflow_project='exp', loss_flag=2, sub_patch_len=16, sub_stride=8, stride_ls_list='16', model_type='linear', tfactor=3, dilation_rates='1', wavelet_layers=2, wavelet_type='db5', wavelet_mode='periodization', wavelet_dim=64, initTLV=0.2)
Use GPU: cuda:0
>>>>>>>start training : ETTh1_336_336_DTFNet_ETTh1_ftM_sl336_ll0_pl336_dm128_nh16_el2_br2_dl1_df256_fc1_ebtimeF_dtTrue_'Exp'_0_'rel_sin'_16_8_16,24_8,12_3_1_256>>>>>>>>>>>>>>>>>>>>>>>>>>
train 7969
val 2545
test 2545
Epoch: 1 cost time: 1.4531257152557373
Epoch: 1, Steps: 31 | Train Loss: 0.0988975 Vali Loss: 0.1652293 Test Loss: 0.0957150
Validation loss decreased (inf --> 0.165229).  Saving model ...
Updating learning rate to 4.2635148986572395e-07
Epoch: 2 cost time: 1.0806033611297607
Epoch: 2, Steps: 31 | Train Loss: 0.0979521 Vali Loss: 0.1638011 Test Loss: 0.0948076
Validation loss decreased (0.165229 --> 0.163801).  Saving model ...
Updating learning rate to 5.051166257053371e-07
Epoch: 3 cost time: 1.082531452178955
Epoch: 3, Steps: 31 | Train Loss: 0.0970478 Vali Loss: 0.1617439 Test Loss: 0.0938296
Validation loss decreased (0.163801 --> 0.161744).  Saving model ...
Updating learning rate to 6.354305830693182e-07
Epoch: 4 cost time: 1.0853466987609863
Epoch: 4, Steps: 31 | Train Loss: 0.0961248 Vali Loss: 0.1596517 Test Loss: 0.0927882
Validation loss decreased (0.161744 --> 0.159652).  Saving model ...
Updating learning rate to 8.158625424048165e-07
Epoch: 5 cost time: 1.0814685821533203
Epoch: 5, Steps: 31 | Train Loss: 0.0950893 Vali Loss: 0.1585496 Test Loss: 0.0916612
Validation loss decreased (0.159652 --> 0.158550).  Saving model ...
Updating learning rate to 1.0444313991502185e-06
Epoch: 6 cost time: 1.0801360607147217
Epoch: 6, Steps: 31 | Train Loss: 0.0940495 Vali Loss: 0.1562572 Test Loss: 0.0904185
Validation loss decreased (0.158550 --> 0.156257).  Saving model ...
Updating learning rate to 1.3186275158421247e-06
Epoch: 7 cost time: 1.0870425701141357
Epoch: 7, Steps: 31 | Train Loss: 0.0928847 Vali Loss: 0.1535578 Test Loss: 0.0890170
Validation loss decreased (0.156257 --> 0.153558).  Saving model ...
Updating learning rate to 1.6354402774012767e-06
Epoch: 8 cost time: 1.0857384204864502
Epoch: 8, Steps: 31 | Train Loss: 0.0916206 Vali Loss: 0.1514667 Test Loss: 0.0873639
Validation loss decreased (0.153558 --> 0.151467).  Saving model ...
Updating learning rate to 1.99139114704619e-06
Epoch: 9 cost time: 1.090195655822754
Epoch: 9, Steps: 31 | Train Loss: 0.0901564 Vali Loss: 0.1489264 Test Loss: 0.0853145
Validation loss decreased (0.151467 --> 0.148926).  Saving model ...
Updating learning rate to 2.3825718598876392e-06
Epoch: 10 cost time: 1.0817718505859375
Epoch: 10, Steps: 31 | Train Loss: 0.0883669 Vali Loss: 0.1446176 Test Loss: 0.0826355
Validation loss decreased (0.148926 --> 0.144618).  Saving model ...
Updating learning rate to 2.8046873348464134e-06
Epoch: 11 cost time: 1.0921270847320557
Epoch: 11, Steps: 31 | Train Loss: 0.0861456 Vali Loss: 0.1399788 Test Loss: 0.0790106
Validation loss decreased (0.144618 --> 0.139979).  Saving model ...
Updating learning rate to 3.2531028337306174e-06
Epoch: 12 cost time: 1.0848193168640137
Epoch: 12, Steps: 31 | Train Loss: 0.0834277 Vali Loss: 0.1343626 Test Loss: 0.0747031
Validation loss decreased (0.139979 --> 0.134363).  Saving model ...
Updating learning rate to 3.7228948496758864e-06
Epoch: 13 cost time: 1.0830276012420654
Epoch: 13, Steps: 31 | Train Loss: 0.0805931 Vali Loss: 0.1294139 Test Loss: 0.0710536
Validation loss decreased (0.134363 --> 0.129414).  Saving model ...
Updating learning rate to 4.20890516620423e-06
Epoch: 14 cost time: 1.084573745727539
Epoch: 14, Steps: 31 | Train Loss: 0.0782747 Vali Loss: 0.1254933 Test Loss: 0.0686216
Validation loss decreased (0.129414 --> 0.125493).  Saving model ...
Updating learning rate to 4.705797493344547e-06
Epoch: 15 cost time: 1.0815293788909912
Epoch: 15, Steps: 31 | Train Loss: 0.0762894 Vali Loss: 0.1222506 Test Loss: 0.0666763
Validation loss decreased (0.125493 --> 0.122251).  Saving model ...
Updating learning rate to 5.208116058962259e-06
Epoch: 16 cost time: 1.0819666385650635
Epoch: 16, Steps: 31 | Train Loss: 0.0744014 Vali Loss: 0.1192895 Test Loss: 0.0645675
Validation loss decreased (0.122251 --> 0.119290).  Saving model ...
Updating learning rate to 5.710345511977682e-06
Epoch: 17 cost time: 1.0895004272460938
Epoch: 17, Steps: 31 | Train Loss: 0.0726876 Vali Loss: 0.1166588 Test Loss: 0.0627535
Validation loss decreased (0.119290 --> 0.116659).  Saving model ...
Updating learning rate to 6.206971479748566e-06
Epoch: 18 cost time: 1.08101224899292
Epoch: 18, Steps: 31 | Train Loss: 0.0711310 Vali Loss: 0.1148372 Test Loss: 0.0612067
Validation loss decreased (0.116659 --> 0.114837).  Saving model ...
Updating learning rate to 6.6925411147095855e-06
Epoch: 19 cost time: 1.0848982334136963
Epoch: 19, Steps: 31 | Train Loss: 0.0697732 Vali Loss: 0.1124103 Test Loss: 0.0596418
Validation loss decreased (0.114837 --> 0.112410).  Saving model ...
Updating learning rate to 7.161722965479587e-06
Epoch: 20 cost time: 1.0764045715332031
Epoch: 20, Steps: 31 | Train Loss: 0.0686260 Vali Loss: 0.1112482 Test Loss: 0.0587950
Validation loss decreased (0.112410 --> 0.111248).  Saving model ...
Updating learning rate to 7.609365515064509e-06
Epoch: 21 cost time: 1.081843376159668
Epoch: 21, Steps: 31 | Train Loss: 0.0676615 Vali Loss: 0.1093831 Test Loss: 0.0577863
Validation loss decreased (0.111248 --> 0.109383).  Saving model ...
Updating learning rate to 8.030553743418992e-06
Epoch: 22 cost time: 1.0794486999511719
Epoch: 22, Steps: 31 | Train Loss: 0.0667840 Vali Loss: 0.1086074 Test Loss: 0.0570973
Validation loss decreased (0.109383 --> 0.108607).  Saving model ...
Updating learning rate to 8.420663093321771e-06
Epoch: 23 cost time: 1.0766289234161377
Epoch: 23, Steps: 31 | Train Loss: 0.0659161 Vali Loss: 0.1076216 Test Loss: 0.0562604
Validation loss decreased (0.108607 --> 0.107622).  Saving model ...
Updating learning rate to 8.775410247030974e-06
Epoch: 24 cost time: 1.081162452697754
Epoch: 24, Steps: 31 | Train Loss: 0.0651212 Vali Loss: 0.1061113 Test Loss: 0.0555066
Validation loss decreased (0.107622 --> 0.106111).  Saving model ...
Updating learning rate to 9.09090015620249e-06
Epoch: 25 cost time: 1.0873138904571533
Epoch: 25, Steps: 31 | Train Loss: 0.0643456 Vali Loss: 0.1055118 Test Loss: 0.0548269
Validation loss decreased (0.106111 --> 0.105512).  Saving model ...
Updating learning rate to 9.363668808692879e-06
Epoch: 26 cost time: 1.077484130859375
Epoch: 26, Steps: 31 | Train Loss: 0.0635809 Vali Loss: 0.1043872 Test Loss: 0.0542161
Validation loss decreased (0.105512 --> 0.104387).  Saving model ...
Updating learning rate to 9.59072126267639e-06
Epoch: 27 cost time: 1.086421012878418
Epoch: 27, Steps: 31 | Train Loss: 0.0628401 Vali Loss: 0.1032450 Test Loss: 0.0536177
Validation loss decreased (0.104387 --> 0.103245).  Saving model ...
Updating learning rate to 9.769564530469635e-06
Epoch: 28 cost time: 1.0872669219970703
Epoch: 28, Steps: 31 | Train Loss: 0.0621108 Vali Loss: 0.1022462 Test Loss: 0.0530223
Validation loss decreased (0.103245 --> 0.102246).  Saving model ...
Updating learning rate to 9.898234951006446e-06
Epoch: 29 cost time: 1.0843427181243896
Epoch: 29, Steps: 31 | Train Loss: 0.0614136 Vali Loss: 0.1015367 Test Loss: 0.0524186
Validation loss decreased (0.102246 --> 0.101537).  Saving model ...
Updating learning rate to 9.97531975041899e-06
Epoch: 30 cost time: 1.0784873962402344
Epoch: 30, Steps: 31 | Train Loss: 0.0607232 Vali Loss: 0.1007454 Test Loss: 0.0518497
Validation loss decreased (0.101537 --> 0.100745).  Saving model ...
Updating learning rate to 9.999994760154602e-06
Epoch: 31 cost time: 1.0758492946624756
Epoch: 31, Steps: 31 | Train Loss: 0.0600193 Vali Loss: 0.0998819 Test Loss: 0.0513182
Validation loss decreased (0.100745 --> 0.099882).  Saving model ...
Updating learning rate to 9.994635356966321e-06
Epoch: 32 cost time: 1.073774814605713
Epoch: 32, Steps: 31 | Train Loss: 0.0593765 Vali Loss: 0.0992915 Test Loss: 0.0508369
Validation loss decreased (0.099882 --> 0.099292).  Saving model ...
Updating learning rate to 9.979217463145653e-06
Epoch: 33 cost time: 1.0784940719604492
Epoch: 33, Steps: 31 | Train Loss: 0.0586879 Vali Loss: 0.0982960 Test Loss: 0.0503626
Validation loss decreased (0.099292 --> 0.098296).  Saving model ...
Updating learning rate to 9.953772128278901e-06
Epoch: 34 cost time: 1.0803630352020264
Epoch: 34, Steps: 31 | Train Loss: 0.0580746 Vali Loss: 0.0978972 Test Loss: 0.0498862
Validation loss decreased (0.098296 --> 0.097897).  Saving model ...
Updating learning rate to 9.918350595884151e-06
Epoch: 35 cost time: 1.0721559524536133
Epoch: 35, Steps: 31 | Train Loss: 0.0574294 Vali Loss: 0.0964942 Test Loss: 0.0492571
Validation loss decreased (0.097897 --> 0.096494).  Saving model ...
Updating learning rate to 9.873024200213661e-06
Epoch: 36 cost time: 1.0840718746185303
Epoch: 36, Steps: 31 | Train Loss: 0.0568166 Vali Loss: 0.0957721 Test Loss: 0.0488995
Validation loss decreased (0.096494 --> 0.095772).  Saving model ...
Updating learning rate to 9.817884222596151e-06
Epoch: 37 cost time: 1.0868194103240967
Epoch: 37, Steps: 31 | Train Loss: 0.0561855 Vali Loss: 0.0951345 Test Loss: 0.0483557
Validation loss decreased (0.095772 --> 0.095134).  Saving model ...
Updating learning rate to 9.75304170760837e-06
Epoch: 38 cost time: 1.0789663791656494
Epoch: 38, Steps: 31 | Train Loss: 0.0555609 Vali Loss: 0.0943336 Test Loss: 0.0478904
Validation loss decreased (0.095134 --> 0.094334).  Saving model ...
Updating learning rate to 9.678627239446092e-06
Epoch: 39 cost time: 1.073735237121582
Epoch: 39, Steps: 31 | Train Loss: 0.0549504 Vali Loss: 0.0935834 Test Loss: 0.0474374
Validation loss decreased (0.094334 --> 0.093583).  Saving model ...
Updating learning rate to 9.594790678944921e-06
Epoch: 40 cost time: 1.0810213088989258
Epoch: 40, Steps: 31 | Train Loss: 0.0544128 Vali Loss: 0.0931310 Test Loss: 0.0471221
Validation loss decreased (0.093583 --> 0.093131).  Saving model ...
Updating learning rate to 9.50170086178052e-06
Epoch: 41 cost time: 1.08638596534729
Epoch: 41, Steps: 31 | Train Loss: 0.0538365 Vali Loss: 0.0919212 Test Loss: 0.0467122
Validation loss decreased (0.093131 --> 0.091921).  Saving model ...
Updating learning rate to 9.399545258456017e-06
Epoch: 42 cost time: 1.078716516494751
Epoch: 42, Steps: 31 | Train Loss: 0.0532436 Vali Loss: 0.0912683 Test Loss: 0.0462337
Validation loss decreased (0.091921 --> 0.091268).  Saving model ...
Updating learning rate to 9.288529596761373e-06
Epoch: 43 cost time: 1.0817186832427979
Epoch: 43, Steps: 31 | Train Loss: 0.0526751 Vali Loss: 0.0908704 Test Loss: 0.0458262
Validation loss decreased (0.091268 --> 0.090870).  Saving model ...
Updating learning rate to 9.168877447464985e-06
Epoch: 44 cost time: 1.080000400543213
Epoch: 44, Steps: 31 | Train Loss: 0.0521287 Vali Loss: 0.0900960 Test Loss: 0.0453842
Validation loss decreased (0.090870 --> 0.090096).  Saving model ...
Updating learning rate to 9.040829774071914e-06
Epoch: 45 cost time: 1.0753624439239502
Epoch: 45, Steps: 31 | Train Loss: 0.0516055 Vali Loss: 0.0890323 Test Loss: 0.0450687
Validation loss decreased (0.090096 --> 0.089032).  Saving model ...
Updating learning rate to 8.904644447555448e-06
Epoch: 46 cost time: 1.0767707824707031
Epoch: 46, Steps: 31 | Train Loss: 0.0510515 Vali Loss: 0.0886086 Test Loss: 0.0447267
Validation loss decreased (0.089032 --> 0.088609).  Saving model ...
Updating learning rate to 8.760595727039295e-06
Epoch: 47 cost time: 1.0802538394927979
Epoch: 47, Steps: 31 | Train Loss: 0.0505344 Vali Loss: 0.0874075 Test Loss: 0.0443215
Validation loss decreased (0.088609 --> 0.087407).  Saving model ...
Updating learning rate to 8.608973707476191e-06
Epoch: 48 cost time: 1.0777039527893066
Epoch: 48, Steps: 31 | Train Loss: 0.0500188 Vali Loss: 0.0872836 Test Loss: 0.0439105
Validation loss decreased (0.087407 --> 0.087284).  Saving model ...
Updating learning rate to 8.450083735435278e-06
Epoch: 49 cost time: 1.066542387008667
Epoch: 49, Steps: 31 | Train Loss: 0.0494723 Vali Loss: 0.0867235 Test Loss: 0.0435108
Validation loss decreased (0.087284 --> 0.086723).  Saving model ...
Updating learning rate to 8.284245794174751e-06
Epoch: 50 cost time: 1.0853450298309326
Epoch: 50, Steps: 31 | Train Loss: 0.0489879 Vali Loss: 0.0856891 Test Loss: 0.0431323
Validation loss decreased (0.086723 --> 0.085689).  Saving model ...
Updating learning rate to 8.111793859238162e-06
Epoch: 51 cost time: 1.0802228450775146
Epoch: 51, Steps: 31 | Train Loss: 0.0485142 Vali Loss: 0.0843618 Test Loss: 0.0428316
Validation loss decreased (0.085689 --> 0.084362).  Saving model ...
Updating learning rate to 7.93307522587211e-06
Epoch: 52 cost time: 1.0778028964996338
Epoch: 52, Steps: 31 | Train Loss: 0.0480249 Vali Loss: 0.0838413 Test Loss: 0.0424268
Validation loss decreased (0.084362 --> 0.083841).  Saving model ...
Updating learning rate to 7.748449809619857e-06
Epoch: 53 cost time: 1.080979347229004
Epoch: 53, Steps: 31 | Train Loss: 0.0475346 Vali Loss: 0.0834914 Test Loss: 0.0420135
Validation loss decreased (0.083841 --> 0.083491).  Saving model ...
Updating learning rate to 7.558289421499295e-06
Epoch: 54 cost time: 1.0846409797668457
Epoch: 54, Steps: 31 | Train Loss: 0.0470833 Vali Loss: 0.0823676 Test Loss: 0.0416313
Validation loss decreased (0.083491 --> 0.082368).  Saving model ...
Updating learning rate to 7.362977019225052e-06
Epoch: 55 cost time: 1.0828170776367188
Epoch: 55, Steps: 31 | Train Loss: 0.0466134 Vali Loss: 0.0814361 Test Loss: 0.0412624
Validation loss decreased (0.082368 --> 0.081436).  Saving model ...
Updating learning rate to 7.162905935982624e-06
Epoch: 56 cost time: 1.0862927436828613
Epoch: 56, Steps: 31 | Train Loss: 0.0461372 Vali Loss: 0.0808095 Test Loss: 0.0409404
Validation loss decreased (0.081436 --> 0.080809).  Saving model ...
Updating learning rate to 6.958479088307673e-06
Epoch: 57 cost time: 1.0846226215362549
Epoch: 57, Steps: 31 | Train Loss: 0.0457043 Vali Loss: 0.0802698 Test Loss: 0.0405992
Validation loss decreased (0.080809 --> 0.080270).  Saving model ...
Updating learning rate to 6.7501081646657556e-06
Epoch: 58 cost time: 1.0820152759552002
Epoch: 58, Steps: 31 | Train Loss: 0.0452395 Vali Loss: 0.0795626 Test Loss: 0.0402557
Validation loss decreased (0.080270 --> 0.079563).  Saving model ...
Updating learning rate to 6.538212796366537e-06
Epoch: 59 cost time: 1.0891461372375488
Epoch: 59, Steps: 31 | Train Loss: 0.0448156 Vali Loss: 0.0784217 Test Loss: 0.0399470
Validation loss decreased (0.079563 --> 0.078422).  Saving model ...
Updating learning rate to 6.323219712482178e-06
Epoch: 60 cost time: 1.0844669342041016
Epoch: 60, Steps: 31 | Train Loss: 0.0443822 Vali Loss: 0.0781074 Test Loss: 0.0395732
Validation loss decreased (0.078422 --> 0.078107).  Saving model ...
Updating learning rate to 6.1055618804717764e-06
Epoch: 61 cost time: 1.0848932266235352
Epoch: 61, Steps: 31 | Train Loss: 0.0439589 Vali Loss: 0.0771403 Test Loss: 0.0392156
Validation loss decreased (0.078107 --> 0.077140).  Saving model ...
Updating learning rate to 5.8856776342425235e-06
Epoch: 62 cost time: 1.0876996517181396
Epoch: 62, Steps: 31 | Train Loss: 0.0435354 Vali Loss: 0.0767423 Test Loss: 0.0388643
Validation loss decreased (0.077140 --> 0.076742).  Saving model ...
Updating learning rate to 5.664009791403554e-06
Epoch: 63 cost time: 1.0780503749847412
Epoch: 63, Steps: 31 | Train Loss: 0.0431194 Vali Loss: 0.0759933 Test Loss: 0.0385411
Validation loss decreased (0.076742 --> 0.075993).  Saving model ...
Updating learning rate to 5.441004761490205e-06
Epoch: 64 cost time: 1.0843875408172607
Epoch: 64, Steps: 31 | Train Loss: 0.0427093 Vali Loss: 0.0750315 Test Loss: 0.0382084
Validation loss decreased (0.075993 --> 0.075031).  Saving model ...
Updating learning rate to 5.217111646954626e-06
Epoch: 65 cost time: 1.0817296504974365
Epoch: 65, Steps: 31 | Train Loss: 0.0423177 Vali Loss: 0.0744687 Test Loss: 0.0378853
Validation loss decreased (0.075031 --> 0.074469).  Saving model ...
Updating learning rate to 4.992781338733208e-06
Epoch: 66 cost time: 1.0808837413787842
Epoch: 66, Steps: 31 | Train Loss: 0.0419085 Vali Loss: 0.0739613 Test Loss: 0.0375767
Validation loss decreased (0.074469 --> 0.073961).  Saving model ...
Updating learning rate to 4.768465608212241e-06
Epoch: 67 cost time: 1.0827176570892334
Epoch: 67, Steps: 31 | Train Loss: 0.0415141 Vali Loss: 0.0731720 Test Loss: 0.0372542
Validation loss decreased (0.073961 --> 0.073172).  Saving model ...
Updating learning rate to 4.544616197420465e-06
Epoch: 68 cost time: 1.0830395221710205
Epoch: 68, Steps: 31 | Train Loss: 0.0411310 Vali Loss: 0.0724750 Test Loss: 0.0369213
Validation loss decreased (0.073172 --> 0.072475).  Saving model ...
Updating learning rate to 4.321683909280753e-06
Epoch: 69 cost time: 1.0863919258117676
Epoch: 69, Steps: 31 | Train Loss: 0.0407354 Vali Loss: 0.0717965 Test Loss: 0.0365986
Validation loss decreased (0.072475 --> 0.071797).  Saving model ...
Updating learning rate to 4.100117699752996e-06
Epoch: 70 cost time: 1.08650803565979
Epoch: 70, Steps: 31 | Train Loss: 0.0403971 Vali Loss: 0.0715267 Test Loss: 0.0364991
Validation loss decreased (0.071797 --> 0.071527).  Saving model ...
Updating learning rate to 3.8803637736965736e-06
Epoch: 71 cost time: 1.077526330947876
Epoch: 71, Steps: 31 | Train Loss: 0.0403347 Vali Loss: 0.0713597 Test Loss: 0.0365135
Validation loss decreased (0.071527 --> 0.071360).  Saving model ...
Updating learning rate to 3.66286468627313e-06
Epoch: 72 cost time: 1.0832762718200684
Epoch: 72, Steps: 31 | Train Loss: 0.0403296 Vali Loss: 0.0714668 Test Loss: 0.0364828
EarlyStopping counter: 1 out of 10
Updating learning rate to 3.4480584516993903e-06
Epoch: 73 cost time: 1.088195562362671
Epoch: 73, Steps: 31 | Train Loss: 0.0403115 Vali Loss: 0.0716844 Test Loss: 0.0364614
EarlyStopping counter: 2 out of 10
Updating learning rate to 3.2363776611448018e-06
Epoch: 74 cost time: 1.0755562782287598
Epoch: 74, Steps: 31 | Train Loss: 0.0403104 Vali Loss: 0.0713825 Test Loss: 0.0364724
EarlyStopping counter: 3 out of 10
Updating learning rate to 3.0282486115505108e-06
Epoch: 75 cost time: 1.0837938785552979
Epoch: 75, Steps: 31 | Train Loss: 0.0402806 Vali Loss: 0.0713135 Test Loss: 0.0365323
Validation loss decreased (0.071360 --> 0.071313).  Saving model ...
Updating learning rate to 2.8240904471240344e-06
Epoch: 76 cost time: 1.0867152214050293
Epoch: 76, Steps: 31 | Train Loss: 0.0402779 Vali Loss: 0.0715991 Test Loss: 0.0365034
EarlyStopping counter: 1 out of 10
Updating learning rate to 2.624314315238625e-06
Epoch: 77 cost time: 1.0805959701538086
Epoch: 77, Steps: 31 | Train Loss: 0.0402422 Vali Loss: 0.0716827 Test Loss: 0.0365070
EarlyStopping counter: 2 out of 10
Updating learning rate to 2.429322538437165e-06
Epoch: 78 cost time: 1.0857093334197998
Epoch: 78, Steps: 31 | Train Loss: 0.0402555 Vali Loss: 0.0714322 Test Loss: 0.0365024
EarlyStopping counter: 3 out of 10
Updating learning rate to 2.2395078042081163e-06
Epoch: 79 cost time: 1.078770399093628
Epoch: 79, Steps: 31 | Train Loss: 0.0402390 Vali Loss: 0.0714438 Test Loss: 0.0365006
EarlyStopping counter: 4 out of 10
Updating learning rate to 2.055252374165171e-06
Epoch: 80 cost time: 1.074340581893921
Epoch: 80, Steps: 31 | Train Loss: 0.0402316 Vali Loss: 0.0714904 Test Loss: 0.0365050
EarlyStopping counter: 5 out of 10
Updating learning rate to 1.8769273142232387e-06
Epoch: 81 cost time: 1.0664653778076172
Epoch: 81, Steps: 31 | Train Loss: 0.0402028 Vali Loss: 0.0717095 Test Loss: 0.0364847
EarlyStopping counter: 6 out of 10
Updating learning rate to 1.7048917473210744e-06
Epoch: 82 cost time: 1.0823018550872803
Epoch: 82, Steps: 31 | Train Loss: 0.0402106 Vali Loss: 0.0715133 Test Loss: 0.0365326
EarlyStopping counter: 7 out of 10
Updating learning rate to 1.5394921301954737e-06
Epoch: 83 cost time: 1.0839595794677734
Epoch: 83, Steps: 31 | Train Loss: 0.0401962 Vali Loss: 0.0714055 Test Loss: 0.0365089
EarlyStopping counter: 8 out of 10
Updating learning rate to 1.3810615556635116e-06
Epoch: 84 cost time: 1.0827066898345947
Epoch: 84, Steps: 31 | Train Loss: 0.0402086 Vali Loss: 0.0714390 Test Loss: 0.0365216
EarlyStopping counter: 9 out of 10
Updating learning rate to 1.2299190818179384e-06
Epoch: 85 cost time: 1.0833227634429932
Epoch: 85, Steps: 31 | Train Loss: 0.0401667 Vali Loss: 0.0715198 Test Loss: 0.0365135
EarlyStopping counter: 10 out of 10
Early stopping
>>>>>>>testing : ETTh1_336_336_DTFNet_ETTh1_ftM_sl336_ll0_pl336_dm128_nh16_el2_br2_dl1_df256_fc1_ebtimeF_dtTrue_'Exp'_0_'rel_sin'_16_8_16,24_8,12_3_1_256<<<<<<<<<<<<<<<<<<<<<<<<<<<<<<<<<
test 2545
mse:0.38319751620292664, mae:0.4117923080921173, rse:0.596401035785675
