Args in experiment:
Namespace(activation='gelu', affine=0, batch_size=256, c_out=7, checkpoints='./checkpoints/', d_ff=256, d_layers=1, d_model=128, d_model_ls='128', data='ETTh1', data_path='ETTh1.csv', dec_in=7, decomposition=0, des="'Exp'", devices='0', dilation_rates='1', distil=True, do_predict=False, dropout=0.3, e_layers=2, embed='timeF', embed_type=0, enc_in=7, factor=1, fc_dropout=0.3, features='M', freq='h', gpu=0, head_dropout=0.1, head_type='flatten', individual=0, initTLV=0.2, is_training=1, itr=1, kernel_size=25, l2=0.0, label_len=0, learning_rate=1e-05, loss='mse', loss_flag=2, lradj='TST', mlflow_project='exp', model='DTFNet', model_id='ETTh1_336_192', model_type='linear', moving_avg=25, n_branches=2, n_heads=16, n_heads_ls='16', no_learn_pe=True, num_workers=0, output_attention=False, padding_patch="'end'", patch_len=16, patch_len_ls='16,24', patience=10, pct_start=0.3, pe='zeros', pre_norm=False, pred_len=192, rel_pe="'rel_sin'", res_attn=False, revin=1, root_path='./dataset/', seq_len=336, store_attn=False, stride=8, stride_ls='8,12', stride_ls_list='16', sub_patch_len=16, sub_stride=8, subtract_last=0, target='OT', test_flop=False, tfactor=3, train_epochs=100, use_amp=False, use_gpu=True, use_mlflow=False, use_multi_gpu=False, warmup_steps=0, wavelet_dim=64, wavelet_layers=2, wavelet_mode='periodization', wavelet_type='db5')
Use GPU: cuda:0
>>>>>>>start training : ETTh1_336_192_DTFNet_ETTh1_ftM_sl336_ll0_pl192_dm128_nh16_el2_br2_dl1_df256_fc1_ebtimeF_dtTrue_'Exp'_0_'rel_sin'_16_8_16,24_8,12_3_1_256>>>>>>>>>>>>>>>>>>>>>>>>>>
train 8113
val 2689
test 2689
Epoch: 1 cost time: 8.641701936721802
Epoch: 1, Steps: 31 | Train Loss: 0.0949450 Vali Loss: 0.1561638 Test Loss: 0.0954013
Validation loss decreased (inf --> 0.156164).  Saving model ...
Updating learning rate to 4.2635148986572395e-07
Epoch: 2 cost time: 5.573337554931641
Epoch: 2, Steps: 31 | Train Loss: 0.0940124 Vali Loss: 0.1547541 Test Loss: 0.0944547
Validation loss decreased (0.156164 --> 0.154754).  Saving model ...
Updating learning rate to 5.051166257053371e-07
Epoch: 3 cost time: 6.2072179317474365
Epoch: 3, Steps: 31 | Train Loss: 0.0930872 Vali Loss: 0.1531439 Test Loss: 0.0934299
Validation loss decreased (0.154754 --> 0.153144).  Saving model ...
Updating learning rate to 6.354305830693182e-07
Epoch: 4 cost time: 7.934717178344727
Epoch: 4, Steps: 31 | Train Loss: 0.0920967 Vali Loss: 0.1515632 Test Loss: 0.0923394
Validation loss decreased (0.153144 --> 0.151563).  Saving model ...
Updating learning rate to 8.158625424048165e-07
Epoch: 5 cost time: 7.586680173873901
Epoch: 5, Steps: 31 | Train Loss: 0.0910611 Vali Loss: 0.1495968 Test Loss: 0.0911626
Validation loss decreased (0.151563 --> 0.149597).  Saving model ...
Updating learning rate to 1.0444313991502185e-06
Epoch: 6 cost time: 8.128628253936768
Epoch: 6, Steps: 31 | Train Loss: 0.0900082 Vali Loss: 0.1475101 Test Loss: 0.0898795
Validation loss decreased (0.149597 --> 0.147510).  Saving model ...
Updating learning rate to 1.3186275158421247e-06
Epoch: 7 cost time: 6.3649914264678955
Epoch: 7, Steps: 31 | Train Loss: 0.0888501 Vali Loss: 0.1453090 Test Loss: 0.0884463
Validation loss decreased (0.147510 --> 0.145309).  Saving model ...
Updating learning rate to 1.6354402774012767e-06
Epoch: 8 cost time: 7.003731966018677
Epoch: 8, Steps: 31 | Train Loss: 0.0876573 Vali Loss: 0.1430011 Test Loss: 0.0867967
Validation loss decreased (0.145309 --> 0.143001).  Saving model ...
Updating learning rate to 1.99139114704619e-06
Epoch: 9 cost time: 9.855172157287598
Epoch: 9, Steps: 31 | Train Loss: 0.0861044 Vali Loss: 0.1399048 Test Loss: 0.0848192
Validation loss decreased (0.143001 --> 0.139905).  Saving model ...
Updating learning rate to 2.3825718598876392e-06
Epoch: 10 cost time: 8.779204368591309
Epoch: 10, Steps: 31 | Train Loss: 0.0844156 Vali Loss: 0.1363805 Test Loss: 0.0823261
Validation loss decreased (0.139905 --> 0.136381).  Saving model ...
Updating learning rate to 2.8046873348464134e-06
Epoch: 11 cost time: 6.365758180618286
Epoch: 11, Steps: 31 | Train Loss: 0.0823730 Vali Loss: 0.1319821 Test Loss: 0.0790938
Validation loss decreased (0.136381 --> 0.131982).  Saving model ...
Updating learning rate to 3.2531028337306174e-06
Epoch: 12 cost time: 9.273161172866821
Epoch: 12, Steps: 31 | Train Loss: 0.0797964 Vali Loss: 0.1267129 Test Loss: 0.0751542
Validation loss decreased (0.131982 --> 0.126713).  Saving model ...
Updating learning rate to 3.7228948496758864e-06
Epoch: 13 cost time: 8.4590585231781
Epoch: 13, Steps: 31 | Train Loss: 0.0769020 Vali Loss: 0.1213832 Test Loss: 0.0712240
Validation loss decreased (0.126713 --> 0.121383).  Saving model ...
Updating learning rate to 4.20890516620423e-06
Epoch: 14 cost time: 6.767604112625122
Epoch: 14, Steps: 31 | Train Loss: 0.0742771 Vali Loss: 0.1165161 Test Loss: 0.0683043
Validation loss decreased (0.121383 --> 0.116516).  Saving model ...
Updating learning rate to 4.705797493344547e-06
Epoch: 15 cost time: 6.497697353363037
Epoch: 15, Steps: 31 | Train Loss: 0.0719657 Vali Loss: 0.1118733 Test Loss: 0.0659845
Validation loss decreased (0.116516 --> 0.111873).  Saving model ...
Updating learning rate to 5.208116058962259e-06
Epoch: 16 cost time: 6.963862657546997
Epoch: 16, Steps: 31 | Train Loss: 0.0698694 Vali Loss: 0.1073930 Test Loss: 0.0639442
Validation loss decreased (0.111873 --> 0.107393).  Saving model ...
Updating learning rate to 5.710345511977682e-06
Epoch: 17 cost time: 6.759718656539917
Epoch: 17, Steps: 31 | Train Loss: 0.0678526 Vali Loss: 0.1035636 Test Loss: 0.0620293
Validation loss decreased (0.107393 --> 0.103564).  Saving model ...
Updating learning rate to 6.206971479748566e-06
Epoch: 18 cost time: 6.175367116928101
Epoch: 18, Steps: 31 | Train Loss: 0.0661199 Vali Loss: 0.1008345 Test Loss: 0.0601892
Validation loss decreased (0.103564 --> 0.100835).  Saving model ...
Updating learning rate to 6.6925411147095855e-06
Epoch: 19 cost time: 8.17883563041687
Epoch: 19, Steps: 31 | Train Loss: 0.0646650 Vali Loss: 0.0981234 Test Loss: 0.0587173
Validation loss decreased (0.100835 --> 0.098123).  Saving model ...
Updating learning rate to 7.161722965479587e-06
Epoch: 20 cost time: 6.556206464767456
Epoch: 20, Steps: 31 | Train Loss: 0.0634894 Vali Loss: 0.0966718 Test Loss: 0.0575799
Validation loss decreased (0.098123 --> 0.096672).  Saving model ...
Updating learning rate to 7.609365515064509e-06
Epoch: 21 cost time: 6.982388019561768
Epoch: 21, Steps: 31 | Train Loss: 0.0624690 Vali Loss: 0.0949502 Test Loss: 0.0565864
Validation loss decreased (0.096672 --> 0.094950).  Saving model ...
Updating learning rate to 8.030553743418992e-06
Epoch: 22 cost time: 8.46117615699768
Epoch: 22, Steps: 31 | Train Loss: 0.0615139 Vali Loss: 0.0931755 Test Loss: 0.0557133
Validation loss decreased (0.094950 --> 0.093176).  Saving model ...
Updating learning rate to 8.420663093321771e-06
Epoch: 23 cost time: 8.574022769927979
Epoch: 23, Steps: 31 | Train Loss: 0.0606339 Vali Loss: 0.0921413 Test Loss: 0.0549161
Validation loss decreased (0.093176 --> 0.092141).  Saving model ...
Updating learning rate to 8.775410247030974e-06
Epoch: 24 cost time: 9.860993146896362
Epoch: 24, Steps: 31 | Train Loss: 0.0598799 Vali Loss: 0.0911862 Test Loss: 0.0541053
Validation loss decreased (0.092141 --> 0.091186).  Saving model ...
Updating learning rate to 9.090900156202492e-06
Epoch: 25 cost time: 6.679191827774048
Epoch: 25, Steps: 31 | Train Loss: 0.0590827 Vali Loss: 0.0901329 Test Loss: 0.0534229
Validation loss decreased (0.091186 --> 0.090133).  Saving model ...
Updating learning rate to 9.363668808692879e-06
Epoch: 26 cost time: 9.483937501907349
Epoch: 26, Steps: 31 | Train Loss: 0.0584298 Vali Loss: 0.0890224 Test Loss: 0.0526948
Validation loss decreased (0.090133 --> 0.089022).  Saving model ...
Updating learning rate to 9.59072126267639e-06
Epoch: 27 cost time: 7.275247573852539
Epoch: 27, Steps: 31 | Train Loss: 0.0576957 Vali Loss: 0.0876504 Test Loss: 0.0521532
Validation loss decreased (0.089022 --> 0.087650).  Saving model ...
Updating learning rate to 9.769564530469635e-06
Epoch: 28 cost time: 7.476883411407471
Epoch: 28, Steps: 31 | Train Loss: 0.0569253 Vali Loss: 0.0869714 Test Loss: 0.0513845
Validation loss decreased (0.087650 --> 0.086971).  Saving model ...
Updating learning rate to 9.898234951006446e-06
Epoch: 29 cost time: 9.779504299163818
Epoch: 29, Steps: 31 | Train Loss: 0.0562590 Vali Loss: 0.0859637 Test Loss: 0.0507948
Validation loss decreased (0.086971 --> 0.085964).  Saving model ...
Updating learning rate to 9.97531975041899e-06
Epoch: 30 cost time: 8.76794981956482
Epoch: 30, Steps: 31 | Train Loss: 0.0555710 Vali Loss: 0.0847566 Test Loss: 0.0502331
Validation loss decreased (0.085964 --> 0.084757).  Saving model ...
Updating learning rate to 9.999994760154602e-06
Epoch: 31 cost time: 7.475419282913208
Epoch: 31, Steps: 31 | Train Loss: 0.0549737 Vali Loss: 0.0840184 Test Loss: 0.0497737
Validation loss decreased (0.084757 --> 0.084018).  Saving model ...
Updating learning rate to 9.994635356966321e-06
Epoch: 32 cost time: 6.312429666519165
Epoch: 32, Steps: 31 | Train Loss: 0.0543079 Vali Loss: 0.0833206 Test Loss: 0.0492759
Validation loss decreased (0.084018 --> 0.083321).  Saving model ...
Updating learning rate to 9.979217463145653e-06
Epoch: 33 cost time: 7.6836700439453125
Epoch: 33, Steps: 31 | Train Loss: 0.0537479 Vali Loss: 0.0823103 Test Loss: 0.0486646
Validation loss decreased (0.083321 --> 0.082310).  Saving model ...
Updating learning rate to 9.953772128278901e-06
Epoch: 34 cost time: 5.891251087188721
Epoch: 34, Steps: 31 | Train Loss: 0.0531123 Vali Loss: 0.0814403 Test Loss: 0.0481160
Validation loss decreased (0.082310 --> 0.081440).  Saving model ...
Updating learning rate to 9.918350595884151e-06
Epoch: 35 cost time: 7.509142637252808
Epoch: 35, Steps: 31 | Train Loss: 0.0524717 Vali Loss: 0.0805994 Test Loss: 0.0476209
Validation loss decreased (0.081440 --> 0.080599).  Saving model ...
Updating learning rate to 9.873024200213661e-06
Epoch: 36 cost time: 10.178462028503418
Epoch: 36, Steps: 31 | Train Loss: 0.0519357 Vali Loss: 0.0801006 Test Loss: 0.0471357
Validation loss decreased (0.080599 --> 0.080101).  Saving model ...
Updating learning rate to 9.817884222596151e-06
Epoch: 37 cost time: 9.876445770263672
Epoch: 37, Steps: 31 | Train Loss: 0.0513132 Vali Loss: 0.0792290 Test Loss: 0.0466945
Validation loss decreased (0.080101 --> 0.079229).  Saving model ...
Updating learning rate to 9.75304170760837e-06
Epoch: 38 cost time: 9.178383111953735
Epoch: 38, Steps: 31 | Train Loss: 0.0507410 Vali Loss: 0.0782782 Test Loss: 0.0461893
Validation loss decreased (0.079229 --> 0.078278).  Saving model ...
Updating learning rate to 9.678627239446092e-06
Epoch: 39 cost time: 7.466158151626587
Epoch: 39, Steps: 31 | Train Loss: 0.0501840 Vali Loss: 0.0774561 Test Loss: 0.0457726
Validation loss decreased (0.078278 --> 0.077456).  Saving model ...
Updating learning rate to 9.594790678944921e-06
Epoch: 40 cost time: 8.878206014633179
Epoch: 40, Steps: 31 | Train Loss: 0.0496421 Vali Loss: 0.0766616 Test Loss: 0.0453632
Validation loss decreased (0.077456 --> 0.076662).  Saving model ...
Updating learning rate to 9.50170086178052e-06
Epoch: 41 cost time: 6.966602325439453
Epoch: 41, Steps: 31 | Train Loss: 0.0491112 Vali Loss: 0.0760448 Test Loss: 0.0448258
Validation loss decreased (0.076662 --> 0.076045).  Saving model ...
Updating learning rate to 9.399545258456017e-06
Epoch: 42 cost time: 6.969590187072754
Epoch: 42, Steps: 31 | Train Loss: 0.0485695 Vali Loss: 0.0753691 Test Loss: 0.0443835
Validation loss decreased (0.076045 --> 0.075369).  Saving model ...
Updating learning rate to 9.288529596761373e-06
Epoch: 43 cost time: 7.632653713226318
Epoch: 43, Steps: 31 | Train Loss: 0.0480013 Vali Loss: 0.0746998 Test Loss: 0.0439629
Validation loss decreased (0.075369 --> 0.074700).  Saving model ...
Updating learning rate to 9.168877447464985e-06
Epoch: 44 cost time: 9.05569863319397
Epoch: 44, Steps: 31 | Train Loss: 0.0475091 Vali Loss: 0.0737301 Test Loss: 0.0435412
Validation loss decreased (0.074700 --> 0.073730).  Saving model ...
Updating learning rate to 9.040829774071914e-06
Epoch: 45 cost time: 8.674940586090088
Epoch: 45, Steps: 31 | Train Loss: 0.0469969 Vali Loss: 0.0731269 Test Loss: 0.0432125
Validation loss decreased (0.073730 --> 0.073127).  Saving model ...
Updating learning rate to 8.904644447555448e-06
Epoch: 46 cost time: 6.97780179977417
Epoch: 46, Steps: 31 | Train Loss: 0.0464882 Vali Loss: 0.0725176 Test Loss: 0.0427466
Validation loss decreased (0.073127 --> 0.072518).  Saving model ...
Updating learning rate to 8.760595727039295e-06
Epoch: 47 cost time: 8.883745193481445
Epoch: 47, Steps: 31 | Train Loss: 0.0459962 Vali Loss: 0.0716385 Test Loss: 0.0423199
Validation loss decreased (0.072518 --> 0.071639).  Saving model ...
Updating learning rate to 8.608973707476191e-06
Epoch: 48 cost time: 8.855300426483154
Epoch: 48, Steps: 31 | Train Loss: 0.0454866 Vali Loss: 0.0709413 Test Loss: 0.0418854
Validation loss decreased (0.071639 --> 0.070941).  Saving model ...
Updating learning rate to 8.45008373543528e-06
Epoch: 49 cost time: 7.488969087600708
Epoch: 49, Steps: 31 | Train Loss: 0.0450177 Vali Loss: 0.0705149 Test Loss: 0.0415504
Validation loss decreased (0.070941 --> 0.070515).  Saving model ...
Updating learning rate to 8.284245794174751e-06
Epoch: 50 cost time: 7.076324939727783
Epoch: 50, Steps: 31 | Train Loss: 0.0445078 Vali Loss: 0.0696687 Test Loss: 0.0411163
Validation loss decreased (0.070515 --> 0.069669).  Saving model ...
Updating learning rate to 8.111793859238162e-06
Epoch: 51 cost time: 8.856608152389526
Epoch: 51, Steps: 31 | Train Loss: 0.0440689 Vali Loss: 0.0690216 Test Loss: 0.0407638
Validation loss decreased (0.069669 --> 0.069022).  Saving model ...
Updating learning rate to 7.93307522587211e-06
Epoch: 52 cost time: 8.254489421844482
Epoch: 52, Steps: 31 | Train Loss: 0.0436310 Vali Loss: 0.0684582 Test Loss: 0.0403398
Validation loss decreased (0.069022 --> 0.068458).  Saving model ...
Updating learning rate to 7.748449809619857e-06
Epoch: 53 cost time: 7.777862787246704
Epoch: 53, Steps: 31 | Train Loss: 0.0431235 Vali Loss: 0.0675696 Test Loss: 0.0400142
Validation loss decreased (0.068458 --> 0.067570).  Saving model ...
Updating learning rate to 7.558289421499295e-06
Epoch: 54 cost time: 6.7497334480285645
Epoch: 54, Steps: 31 | Train Loss: 0.0427244 Vali Loss: 0.0671470 Test Loss: 0.0396106
Validation loss decreased (0.067570 --> 0.067147).  Saving model ...
Updating learning rate to 7.362977019225052e-06
Epoch: 55 cost time: 8.872779369354248
Epoch: 55, Steps: 31 | Train Loss: 0.0422270 Vali Loss: 0.0665034 Test Loss: 0.0392657
Validation loss decreased (0.067147 --> 0.066503).  Saving model ...
Updating learning rate to 7.162905935982624e-06
Epoch: 56 cost time: 8.478209257125854
Epoch: 56, Steps: 31 | Train Loss: 0.0418285 Vali Loss: 0.0657252 Test Loss: 0.0389145
Validation loss decreased (0.066503 --> 0.065725).  Saving model ...
Updating learning rate to 6.958479088307673e-06
Epoch: 57 cost time: 7.4766669273376465
Epoch: 57, Steps: 31 | Train Loss: 0.0413394 Vali Loss: 0.0651663 Test Loss: 0.0385040
Validation loss decreased (0.065725 --> 0.065166).  Saving model ...
Updating learning rate to 6.7501081646657556e-06
Epoch: 58 cost time: 7.162214040756226
Epoch: 58, Steps: 31 | Train Loss: 0.0409292 Vali Loss: 0.0644236 Test Loss: 0.0381709
Validation loss decreased (0.065166 --> 0.064424).  Saving model ...
Updating learning rate to 6.538212796366537e-06
Epoch: 59 cost time: 6.901366472244263
Epoch: 59, Steps: 31 | Train Loss: 0.0405222 Vali Loss: 0.0638859 Test Loss: 0.0378466
Validation loss decreased (0.064424 --> 0.063886).  Saving model ...
Updating learning rate to 6.323219712482178e-06
Epoch: 60 cost time: 8.474843978881836
Epoch: 60, Steps: 31 | Train Loss: 0.0401047 Vali Loss: 0.0634559 Test Loss: 0.0374493
Validation loss decreased (0.063886 --> 0.063456).  Saving model ...
Updating learning rate to 6.1055618804717764e-06
Epoch: 61 cost time: 7.285096645355225
Epoch: 61, Steps: 31 | Train Loss: 0.0396477 Vali Loss: 0.0625015 Test Loss: 0.0371388
Validation loss decreased (0.063456 --> 0.062502).  Saving model ...
Updating learning rate to 5.8856776342425235e-06
Epoch: 62 cost time: 10.272563457489014
Epoch: 62, Steps: 31 | Train Loss: 0.0392928 Vali Loss: 0.0621289 Test Loss: 0.0368051
Validation loss decreased (0.062502 --> 0.062129).  Saving model ...
Updating learning rate to 5.664009791403554e-06
Epoch: 63 cost time: 7.163712978363037
Epoch: 63, Steps: 31 | Train Loss: 0.0389083 Vali Loss: 0.0616091 Test Loss: 0.0364405
Validation loss decreased (0.062129 --> 0.061609).  Saving model ...
Updating learning rate to 5.441004761490205e-06
Epoch: 64 cost time: 7.979353189468384
Epoch: 64, Steps: 31 | Train Loss: 0.0384807 Vali Loss: 0.0609544 Test Loss: 0.0361005
Validation loss decreased (0.061609 --> 0.060954).  Saving model ...
Updating learning rate to 5.217111646954626e-06
Epoch: 65 cost time: 8.174320459365845
Epoch: 65, Steps: 31 | Train Loss: 0.0381081 Vali Loss: 0.0604600 Test Loss: 0.0359476
Validation loss decreased (0.060954 --> 0.060460).  Saving model ...
Updating learning rate to 4.992781338733208e-06
Epoch: 66 cost time: 9.455260992050171
Epoch: 66, Steps: 31 | Train Loss: 0.0380176 Vali Loss: 0.0604274 Test Loss: 0.0359480
Validation loss decreased (0.060460 --> 0.060427).  Saving model ...
Updating learning rate to 4.768465608212241e-06
Epoch: 67 cost time: 4.691153287887573
Epoch: 67, Steps: 31 | Train Loss: 0.0380300 Vali Loss: 0.0606664 Test Loss: 0.0359596
EarlyStopping counter: 1 out of 10
Updating learning rate to 4.544616197420465e-06
Epoch: 68 cost time: 8.122815132141113
Epoch: 68, Steps: 31 | Train Loss: 0.0379945 Vali Loss: 0.0604014 Test Loss: 0.0359470
Validation loss decreased (0.060427 --> 0.060401).  Saving model ...
Updating learning rate to 4.321683909280753e-06
Epoch: 69 cost time: 8.144797801971436
Epoch: 69, Steps: 31 | Train Loss: 0.0379272 Vali Loss: 0.0604976 Test Loss: 0.0359805
EarlyStopping counter: 1 out of 10
Updating learning rate to 4.100117699752996e-06
Epoch: 70 cost time: 7.411512136459351
Epoch: 70, Steps: 31 | Train Loss: 0.0379099 Vali Loss: 0.0605165 Test Loss: 0.0359653
EarlyStopping counter: 2 out of 10
Updating learning rate to 3.8803637736965736e-06
Epoch: 71 cost time: 6.033611059188843
Epoch: 71, Steps: 31 | Train Loss: 0.0378685 Vali Loss: 0.0605902 Test Loss: 0.0359898
EarlyStopping counter: 3 out of 10
Updating learning rate to 3.66286468627313e-06
Epoch: 72 cost time: 10.929652214050293
Epoch: 72, Steps: 31 | Train Loss: 0.0378557 Vali Loss: 0.0604533 Test Loss: 0.0359694
EarlyStopping counter: 4 out of 10
Updating learning rate to 3.4480584516993903e-06
Epoch: 73 cost time: 7.622256278991699
Epoch: 73, Steps: 31 | Train Loss: 0.0378664 Vali Loss: 0.0605159 Test Loss: 0.0359829
EarlyStopping counter: 5 out of 10
Updating learning rate to 3.2363776611448018e-06
Epoch: 74 cost time: 8.825650930404663
Epoch: 74, Steps: 31 | Train Loss: 0.0378132 Vali Loss: 0.0605764 Test Loss: 0.0359943
EarlyStopping counter: 6 out of 10
Updating learning rate to 3.0282486115505108e-06
Epoch: 75 cost time: 7.219269037246704
Epoch: 75, Steps: 31 | Train Loss: 0.0377992 Vali Loss: 0.0606403 Test Loss: 0.0359975
EarlyStopping counter: 7 out of 10
Updating learning rate to 2.8240904471240344e-06
Epoch: 76 cost time: 10.596662759780884
Epoch: 76, Steps: 31 | Train Loss: 0.0378062 Vali Loss: 0.0606105 Test Loss: 0.0359836
EarlyStopping counter: 8 out of 10
Updating learning rate to 2.624314315238625e-06
Epoch: 77 cost time: 8.828656196594238
Epoch: 77, Steps: 31 | Train Loss: 0.0377957 Vali Loss: 0.0607715 Test Loss: 0.0360040
EarlyStopping counter: 9 out of 10
Updating learning rate to 2.429322538437165e-06
Epoch: 78 cost time: 7.212953090667725
Epoch: 78, Steps: 31 | Train Loss: 0.0377496 Vali Loss: 0.0606894 Test Loss: 0.0360096
EarlyStopping counter: 10 out of 10
Early stopping
>>>>>>>testing : ETTh1_336_192_DTFNet_ETTh1_ftM_sl336_ll0_pl192_dm128_nh16_el2_br2_dl1_df256_fc1_ebtimeF_dtTrue_'Exp'_0_'rel_sin'_16_8_16,24_8,12_3_1_256<<<<<<<<<<<<<<<<<<<<<<<<<<<<<<<<<
test 2689
mse:0.3894563615322113, mae:0.4057706594467163, rse:0.5935853123664856
