Args in experiment:
Namespace(activation='gelu', affine=0, batch_size=256, c_out=7, checkpoints='./checkpoints/', d_ff=256, d_layers=1, d_model=128, d_model_ls='128', data='ETTh1', data_path='ETTh1.csv', dec_in=7, decomposition=0, des="'Exp'", devices='0', dilation_rates='1', distil=True, do_predict=False, dropout=0.3, e_layers=2, embed='timeF', embed_type=0, enc_in=7, factor=1, fc_dropout=0.3, features='M', freq='h', gpu=0, head_dropout=0.1, head_type='flatten', individual=0, initTLV=0.2, is_training=1, itr=1, kernel_size=25, l2=0.0, label_len=0, learning_rate=1e-05, loss='mse', loss_flag=2, lradj='TST', mlflow_project='exp', model='DTFNet', model_id='ETTh1_336_192', model_type='linear', moving_avg=25, n_branches=2, n_heads=16, n_heads_ls='16', no_learn_pe=True, num_workers=0, output_attention=False, padding_patch="'end'", patch_len=16, patch_len_ls='16,24', patience=10, pct_start=0.3, pe='zeros', pre_norm=False, pred_len=192, rel_pe="'rel_sin'", res_attn=False, revin=1, root_path='./dataset/', seq_len=336, store_attn=False, stride=8, stride_ls='8,12', stride_ls_list='16', sub_patch_len=16, sub_stride=8, subtract_last=0, target='OT', test_flop=False, tfactor=3, train_epochs=100, use_amp=False, use_gpu=True, use_mlflow=False, use_multi_gpu=False, warmup_steps=0, wavelet_dim=64, wavelet_layers=2, wavelet_mode='periodization', wavelet_type='db5')
Use GPU: cuda:0
>>>>>>>start training : ETTh1_336_192_DTFNet_ETTh1_ftM_sl336_ll0_pl192_dm128_nh16_el2_br2_dl1_df256_fc1_ebtimeF_dtTrue_'Exp'_0_'rel_sin'_16_8_16,24_8,12_3_1_256>>>>>>>>>>>>>>>>>>>>>>>>>>
train 8113
val 2689
test 2689
Epoch: 1 cost time: 10.45847749710083
Epoch: 1, Steps: 31 | Train Loss: 0.0948557 Vali Loss: 0.1561522 Test Loss: 0.0952435
Validation loss decreased (inf --> 0.156152).  Saving model ...
Updating learning rate to 4.2635148986572395e-07
Epoch: 2 cost time: 7.852588653564453
Epoch: 2, Steps: 31 | Train Loss: 0.0938744 Vali Loss: 0.1543978 Test Loss: 0.0942548
Validation loss decreased (0.156152 --> 0.154398).  Saving model ...
Updating learning rate to 5.051166257053371e-07
Epoch: 3 cost time: 8.354759693145752
Epoch: 3, Steps: 31 | Train Loss: 0.0929386 Vali Loss: 0.1532315 Test Loss: 0.0931954
Validation loss decreased (0.154398 --> 0.153231).  Saving model ...
Updating learning rate to 6.354305830693182e-07
Epoch: 4 cost time: 8.152610063552856
Epoch: 4, Steps: 31 | Train Loss: 0.0919711 Vali Loss: 0.1510478 Test Loss: 0.0920711
Validation loss decreased (0.153231 --> 0.151048).  Saving model ...
Updating learning rate to 8.158625424048165e-07
Epoch: 5 cost time: 7.96720290184021
Epoch: 5, Steps: 31 | Train Loss: 0.0908886 Vali Loss: 0.1490774 Test Loss: 0.0908530
Validation loss decreased (0.151048 --> 0.149077).  Saving model ...
Updating learning rate to 1.0444313991502185e-06
Epoch: 6 cost time: 8.887229442596436
Epoch: 6, Steps: 31 | Train Loss: 0.0898028 Vali Loss: 0.1472064 Test Loss: 0.0895098
Validation loss decreased (0.149077 --> 0.147206).  Saving model ...
Updating learning rate to 1.3186275158421247e-06
Epoch: 7 cost time: 8.270650863647461
Epoch: 7, Steps: 31 | Train Loss: 0.0885652 Vali Loss: 0.1446383 Test Loss: 0.0879904
Validation loss decreased (0.147206 --> 0.144638).  Saving model ...
Updating learning rate to 1.6354402774012767e-06
Epoch: 8 cost time: 7.28324031829834
Epoch: 8, Steps: 31 | Train Loss: 0.0871735 Vali Loss: 0.1420413 Test Loss: 0.0862308
Validation loss decreased (0.144638 --> 0.142041).  Saving model ...
Updating learning rate to 1.99139114704619e-06
Epoch: 9 cost time: 8.146136999130249
Epoch: 9, Steps: 31 | Train Loss: 0.0856801 Vali Loss: 0.1390333 Test Loss: 0.0841070
Validation loss decreased (0.142041 --> 0.139033).  Saving model ...
Updating learning rate to 2.3825718598876392e-06
Epoch: 10 cost time: 6.951136112213135
Epoch: 10, Steps: 31 | Train Loss: 0.0838084 Vali Loss: 0.1352337 Test Loss: 0.0814481
Validation loss decreased (0.139033 --> 0.135234).  Saving model ...
Updating learning rate to 2.8046873348464134e-06
Epoch: 11 cost time: 7.760364055633545
Epoch: 11, Steps: 31 | Train Loss: 0.0816028 Vali Loss: 0.1310051 Test Loss: 0.0780903
Validation loss decreased (0.135234 --> 0.131005).  Saving model ...
Updating learning rate to 3.2531028337306174e-06
Epoch: 12 cost time: 8.93700909614563
Epoch: 12, Steps: 31 | Train Loss: 0.0790709 Vali Loss: 0.1251942 Test Loss: 0.0742821
Validation loss decreased (0.131005 --> 0.125194).  Saving model ...
Updating learning rate to 3.7228948496758864e-06
Epoch: 13 cost time: 7.85452127456665
Epoch: 13, Steps: 31 | Train Loss: 0.0763432 Vali Loss: 0.1200874 Test Loss: 0.0708575
Validation loss decreased (0.125194 --> 0.120087).  Saving model ...
Updating learning rate to 4.20890516620423e-06
Epoch: 14 cost time: 8.15851092338562
Epoch: 14, Steps: 31 | Train Loss: 0.0738823 Vali Loss: 0.1154171 Test Loss: 0.0682378
Validation loss decreased (0.120087 --> 0.115417).  Saving model ...
Updating learning rate to 4.705797493344547e-06
Epoch: 15 cost time: 7.877965927124023
Epoch: 15, Steps: 31 | Train Loss: 0.0716625 Vali Loss: 0.1109567 Test Loss: 0.0661020
Validation loss decreased (0.115417 --> 0.110957).  Saving model ...
Updating learning rate to 5.208116058962259e-06
Epoch: 16 cost time: 8.582369565963745
Epoch: 16, Steps: 31 | Train Loss: 0.0696004 Vali Loss: 0.1069787 Test Loss: 0.0641492
Validation loss decreased (0.110957 --> 0.106979).  Saving model ...
Updating learning rate to 5.710345511977682e-06
Epoch: 17 cost time: 6.937397480010986
Epoch: 17, Steps: 31 | Train Loss: 0.0677692 Vali Loss: 0.1037119 Test Loss: 0.0621672
Validation loss decreased (0.106979 --> 0.103712).  Saving model ...
Updating learning rate to 6.206971479748566e-06
Epoch: 18 cost time: 7.856699705123901
Epoch: 18, Steps: 31 | Train Loss: 0.0661561 Vali Loss: 0.1007850 Test Loss: 0.0603518
Validation loss decreased (0.103712 --> 0.100785).  Saving model ...
Updating learning rate to 6.6925411147095855e-06
Epoch: 19 cost time: 7.572689533233643
Epoch: 19, Steps: 31 | Train Loss: 0.0647231 Vali Loss: 0.0986507 Test Loss: 0.0588987
Validation loss decreased (0.100785 --> 0.098651).  Saving model ...
Updating learning rate to 7.161722965479587e-06
Epoch: 20 cost time: 7.466208219528198
Epoch: 20, Steps: 31 | Train Loss: 0.0635242 Vali Loss: 0.0967147 Test Loss: 0.0576381
Validation loss decreased (0.098651 --> 0.096715).  Saving model ...
Updating learning rate to 7.609365515064509e-06
Epoch: 21 cost time: 8.761332511901855
Epoch: 21, Steps: 31 | Train Loss: 0.0624923 Vali Loss: 0.0951788 Test Loss: 0.0566582
Validation loss decreased (0.096715 --> 0.095179).  Saving model ...
Updating learning rate to 8.030553743418992e-06
Epoch: 22 cost time: 8.45156455039978
Epoch: 22, Steps: 31 | Train Loss: 0.0614897 Vali Loss: 0.0937243 Test Loss: 0.0557711
Validation loss decreased (0.095179 --> 0.093724).  Saving model ...
Updating learning rate to 8.420663093321771e-06
Epoch: 23 cost time: 7.858009099960327
Epoch: 23, Steps: 31 | Train Loss: 0.0607025 Vali Loss: 0.0925423 Test Loss: 0.0548464
Validation loss decreased (0.093724 --> 0.092542).  Saving model ...
Updating learning rate to 8.775410247030974e-06
Epoch: 24 cost time: 7.6651201248168945
Epoch: 24, Steps: 31 | Train Loss: 0.0599015 Vali Loss: 0.0911306 Test Loss: 0.0540345
Validation loss decreased (0.092542 --> 0.091131).  Saving model ...
Updating learning rate to 9.090900156202492e-06
Epoch: 25 cost time: 7.460549354553223
Epoch: 25, Steps: 31 | Train Loss: 0.0591025 Vali Loss: 0.0900882 Test Loss: 0.0534104
Validation loss decreased (0.091131 --> 0.090088).  Saving model ...
Updating learning rate to 9.363668808692879e-06
Epoch: 26 cost time: 7.772485733032227
Epoch: 26, Steps: 31 | Train Loss: 0.0583197 Vali Loss: 0.0889910 Test Loss: 0.0526445
Validation loss decreased (0.090088 --> 0.088991).  Saving model ...
Updating learning rate to 9.59072126267639e-06
Epoch: 27 cost time: 8.994945287704468
Epoch: 27, Steps: 31 | Train Loss: 0.0576306 Vali Loss: 0.0879131 Test Loss: 0.0519534
Validation loss decreased (0.088991 --> 0.087913).  Saving model ...
Updating learning rate to 9.769564530469635e-06
Epoch: 28 cost time: 7.859182119369507
Epoch: 28, Steps: 31 | Train Loss: 0.0569494 Vali Loss: 0.0868348 Test Loss: 0.0513914
Validation loss decreased (0.087913 --> 0.086835).  Saving model ...
Updating learning rate to 9.898234951006446e-06
Epoch: 29 cost time: 8.078827381134033
Epoch: 29, Steps: 31 | Train Loss: 0.0562448 Vali Loss: 0.0857804 Test Loss: 0.0507307
Validation loss decreased (0.086835 --> 0.085780).  Saving model ...
Updating learning rate to 9.97531975041899e-06
Epoch: 30 cost time: 8.668101072311401
Epoch: 30, Steps: 31 | Train Loss: 0.0555704 Vali Loss: 0.0852994 Test Loss: 0.0501665
Validation loss decreased (0.085780 --> 0.085299).  Saving model ...
Updating learning rate to 9.999994760154602e-06
Epoch: 31 cost time: 6.873035192489624
Epoch: 31, Steps: 31 | Train Loss: 0.0549158 Vali Loss: 0.0841835 Test Loss: 0.0496250
Validation loss decreased (0.085299 --> 0.084184).  Saving model ...
Updating learning rate to 9.994635356966321e-06
Epoch: 32 cost time: 8.453896284103394
Epoch: 32, Steps: 31 | Train Loss: 0.0543157 Vali Loss: 0.0832119 Test Loss: 0.0490945
Validation loss decreased (0.084184 --> 0.083212).  Saving model ...
Updating learning rate to 9.979217463145653e-06
Epoch: 33 cost time: 7.611900806427002
Epoch: 33, Steps: 31 | Train Loss: 0.0536865 Vali Loss: 0.0820636 Test Loss: 0.0485833
Validation loss decreased (0.083212 --> 0.082064).  Saving model ...
Updating learning rate to 9.953772128278901e-06
Epoch: 34 cost time: 7.663553476333618
Epoch: 34, Steps: 31 | Train Loss: 0.0531023 Vali Loss: 0.0814392 Test Loss: 0.0480500
Validation loss decreased (0.082064 --> 0.081439).  Saving model ...
Updating learning rate to 9.918350595884151e-06
Epoch: 35 cost time: 8.064144134521484
Epoch: 35, Steps: 31 | Train Loss: 0.0524564 Vali Loss: 0.0806733 Test Loss: 0.0475946
Validation loss decreased (0.081439 --> 0.080673).  Saving model ...
Updating learning rate to 9.873024200213661e-06
Epoch: 36 cost time: 7.873215675354004
Epoch: 36, Steps: 31 | Train Loss: 0.0518967 Vali Loss: 0.0798471 Test Loss: 0.0470991
Validation loss decreased (0.080673 --> 0.079847).  Saving model ...
Updating learning rate to 9.817884222596151e-06
Epoch: 37 cost time: 7.819700002670288
Epoch: 37, Steps: 31 | Train Loss: 0.0513014 Vali Loss: 0.0789576 Test Loss: 0.0466285
Validation loss decreased (0.079847 --> 0.078958).  Saving model ...
Updating learning rate to 9.75304170760837e-06
Epoch: 38 cost time: 8.132082223892212
Epoch: 38, Steps: 31 | Train Loss: 0.0507333 Vali Loss: 0.0782287 Test Loss: 0.0461474
Validation loss decreased (0.078958 --> 0.078229).  Saving model ...
Updating learning rate to 9.678627239446092e-06
Epoch: 39 cost time: 8.767340898513794
Epoch: 39, Steps: 31 | Train Loss: 0.0501851 Vali Loss: 0.0774129 Test Loss: 0.0457180
Validation loss decreased (0.078229 --> 0.077413).  Saving model ...
Updating learning rate to 9.594790678944921e-06
Epoch: 40 cost time: 7.67289137840271
Epoch: 40, Steps: 31 | Train Loss: 0.0496646 Vali Loss: 0.0766119 Test Loss: 0.0452415
Validation loss decreased (0.077413 --> 0.076612).  Saving model ...
Updating learning rate to 9.50170086178052e-06
Epoch: 41 cost time: 7.250226736068726
Epoch: 41, Steps: 31 | Train Loss: 0.0490693 Vali Loss: 0.0758301 Test Loss: 0.0448081
Validation loss decreased (0.076612 --> 0.075830).  Saving model ...
Updating learning rate to 9.399545258456017e-06
Epoch: 42 cost time: 7.357880592346191
Epoch: 42, Steps: 31 | Train Loss: 0.0485448 Vali Loss: 0.0753338 Test Loss: 0.0443631
Validation loss decreased (0.075830 --> 0.075334).  Saving model ...
Updating learning rate to 9.288529596761373e-06
Epoch: 43 cost time: 7.1707494258880615
Epoch: 43, Steps: 31 | Train Loss: 0.0480080 Vali Loss: 0.0746036 Test Loss: 0.0439267
Validation loss decreased (0.075334 --> 0.074604).  Saving model ...
Updating learning rate to 9.168877447464985e-06
Epoch: 44 cost time: 6.135725975036621
Epoch: 44, Steps: 31 | Train Loss: 0.0475003 Vali Loss: 0.0739156 Test Loss: 0.0434838
Validation loss decreased (0.074604 --> 0.073916).  Saving model ...
Updating learning rate to 9.040829774071914e-06
Epoch: 45 cost time: 7.737370491027832
Epoch: 45, Steps: 31 | Train Loss: 0.0470053 Vali Loss: 0.0730950 Test Loss: 0.0431490
Validation loss decreased (0.073916 --> 0.073095).  Saving model ...
Updating learning rate to 8.904644447555448e-06
Epoch: 46 cost time: 9.74782133102417
Epoch: 46, Steps: 31 | Train Loss: 0.0464871 Vali Loss: 0.0725901 Test Loss: 0.0426790
Validation loss decreased (0.073095 --> 0.072590).  Saving model ...
Updating learning rate to 8.760595727039295e-06
Epoch: 47 cost time: 7.770411014556885
Epoch: 47, Steps: 31 | Train Loss: 0.0459825 Vali Loss: 0.0716624 Test Loss: 0.0423122
Validation loss decreased (0.072590 --> 0.071662).  Saving model ...
Updating learning rate to 8.608973707476191e-06
Epoch: 48 cost time: 7.509601354598999
Epoch: 48, Steps: 31 | Train Loss: 0.0455262 Vali Loss: 0.0710577 Test Loss: 0.0418659
Validation loss decreased (0.071662 --> 0.071058).  Saving model ...
Updating learning rate to 8.45008373543528e-06
Epoch: 49 cost time: 7.065674781799316
Epoch: 49, Steps: 31 | Train Loss: 0.0449947 Vali Loss: 0.0700978 Test Loss: 0.0415172
Validation loss decreased (0.071058 --> 0.070098).  Saving model ...
Updating learning rate to 8.284245794174751e-06
Epoch: 50 cost time: 7.158526182174683
Epoch: 50, Steps: 31 | Train Loss: 0.0445475 Vali Loss: 0.0694803 Test Loss: 0.0410888
Validation loss decreased (0.070098 --> 0.069480).  Saving model ...
Updating learning rate to 8.111793859238162e-06
Epoch: 51 cost time: 7.653700113296509
Epoch: 51, Steps: 31 | Train Loss: 0.0440534 Vali Loss: 0.0691816 Test Loss: 0.0407135
Validation loss decreased (0.069480 --> 0.069182).  Saving model ...
Updating learning rate to 7.93307522587211e-06
Epoch: 52 cost time: 6.56652307510376
Epoch: 52, Steps: 31 | Train Loss: 0.0436379 Vali Loss: 0.0683337 Test Loss: 0.0403175
Validation loss decreased (0.069182 --> 0.068334).  Saving model ...
Updating learning rate to 7.748449809619857e-06
Epoch: 53 cost time: 8.57492995262146
Epoch: 53, Steps: 31 | Train Loss: 0.0431670 Vali Loss: 0.0676300 Test Loss: 0.0399390
Validation loss decreased (0.068334 --> 0.067630).  Saving model ...
Updating learning rate to 7.558289421499295e-06
Epoch: 54 cost time: 8.46406102180481
Epoch: 54, Steps: 31 | Train Loss: 0.0427306 Vali Loss: 0.0668974 Test Loss: 0.0396046
Validation loss decreased (0.067630 --> 0.066897).  Saving model ...
Updating learning rate to 7.362977019225052e-06
Epoch: 55 cost time: 8.187122106552124
Epoch: 55, Steps: 31 | Train Loss: 0.0422666 Vali Loss: 0.0663217 Test Loss: 0.0392005
Validation loss decreased (0.066897 --> 0.066322).  Saving model ...
Updating learning rate to 7.162905935982624e-06
Epoch: 56 cost time: 7.9595043659210205
Epoch: 56, Steps: 31 | Train Loss: 0.0418335 Vali Loss: 0.0656540 Test Loss: 0.0388322
Validation loss decreased (0.066322 --> 0.065654).  Saving model ...
Updating learning rate to 6.958479088307673e-06
Epoch: 57 cost time: 7.272183656692505
Epoch: 57, Steps: 31 | Train Loss: 0.0413909 Vali Loss: 0.0649398 Test Loss: 0.0384705
Validation loss decreased (0.065654 --> 0.064940).  Saving model ...
Updating learning rate to 6.7501081646657556e-06
Epoch: 58 cost time: 8.07673978805542
Epoch: 58, Steps: 31 | Train Loss: 0.0409669 Vali Loss: 0.0644893 Test Loss: 0.0381231
Validation loss decreased (0.064940 --> 0.064489).  Saving model ...
Updating learning rate to 6.538212796366537e-06
Epoch: 59 cost time: 8.566126823425293
Epoch: 59, Steps: 31 | Train Loss: 0.0405103 Vali Loss: 0.0638956 Test Loss: 0.0377875
Validation loss decreased (0.064489 --> 0.063896).  Saving model ...
Updating learning rate to 6.323219712482178e-06
Epoch: 60 cost time: 8.160487413406372
Epoch: 60, Steps: 31 | Train Loss: 0.0401164 Vali Loss: 0.0631662 Test Loss: 0.0374213
Validation loss decreased (0.063896 --> 0.063166).  Saving model ...
Updating learning rate to 6.1055618804717764e-06
Epoch: 61 cost time: 7.554178953170776
Epoch: 61, Steps: 31 | Train Loss: 0.0397062 Vali Loss: 0.0625644 Test Loss: 0.0370730
Validation loss decreased (0.063166 --> 0.062564).  Saving model ...
Updating learning rate to 5.8856776342425235e-06
Epoch: 62 cost time: 7.983525514602661
Epoch: 62, Steps: 31 | Train Loss: 0.0393165 Vali Loss: 0.0621174 Test Loss: 0.0367418
Validation loss decreased (0.062564 --> 0.062117).  Saving model ...
Updating learning rate to 5.664009791403554e-06
Epoch: 63 cost time: 7.298071622848511
Epoch: 63, Steps: 31 | Train Loss: 0.0389211 Vali Loss: 0.0615335 Test Loss: 0.0363953
Validation loss decreased (0.062117 --> 0.061533).  Saving model ...
Updating learning rate to 5.441004761490205e-06
Epoch: 64 cost time: 8.07393479347229
Epoch: 64, Steps: 31 | Train Loss: 0.0385023 Vali Loss: 0.0609301 Test Loss: 0.0360498
Validation loss decreased (0.061533 --> 0.060930).  Saving model ...
Updating learning rate to 5.217111646954626e-06
Epoch: 65 cost time: 6.513623237609863
Epoch: 65, Steps: 31 | Train Loss: 0.0381327 Vali Loss: 0.0604928 Test Loss: 0.0358861
Validation loss decreased (0.060930 --> 0.060493).  Saving model ...
Updating learning rate to 4.992781338733208e-06
Epoch: 66 cost time: 8.45252013206482
Epoch: 66, Steps: 31 | Train Loss: 0.0380255 Vali Loss: 0.0602263 Test Loss: 0.0359075
Validation loss decreased (0.060493 --> 0.060226).  Saving model ...
Updating learning rate to 4.768465608212241e-06
Epoch: 67 cost time: 7.466352939605713
Epoch: 67, Steps: 31 | Train Loss: 0.0380242 Vali Loss: 0.0605029 Test Loss: 0.0359347
EarlyStopping counter: 1 out of 10
Updating learning rate to 4.544616197420465e-06
Epoch: 68 cost time: 7.925530672073364
Epoch: 68, Steps: 31 | Train Loss: 0.0379874 Vali Loss: 0.0604295 Test Loss: 0.0359305
EarlyStopping counter: 2 out of 10
Updating learning rate to 4.321683909280753e-06
Epoch: 69 cost time: 8.136240482330322
Epoch: 69, Steps: 31 | Train Loss: 0.0379869 Vali Loss: 0.0604094 Test Loss: 0.0359190
EarlyStopping counter: 3 out of 10
Updating learning rate to 4.100117699752996e-06
Epoch: 70 cost time: 7.926573038101196
Epoch: 70, Steps: 31 | Train Loss: 0.0379609 Vali Loss: 0.0605944 Test Loss: 0.0359055
EarlyStopping counter: 4 out of 10
Updating learning rate to 3.8803637736965736e-06
Epoch: 71 cost time: 8.62867784500122
Epoch: 71, Steps: 31 | Train Loss: 0.0379336 Vali Loss: 0.0605309 Test Loss: 0.0359362
EarlyStopping counter: 5 out of 10
Updating learning rate to 3.66286468627313e-06
Epoch: 72 cost time: 7.514344930648804
Epoch: 72, Steps: 31 | Train Loss: 0.0379369 Vali Loss: 0.0602362 Test Loss: 0.0359528
EarlyStopping counter: 6 out of 10
Updating learning rate to 3.4480584516993903e-06
Epoch: 73 cost time: 8.90333104133606
Epoch: 73, Steps: 31 | Train Loss: 0.0378762 Vali Loss: 0.0604420 Test Loss: 0.0359334
EarlyStopping counter: 7 out of 10
Updating learning rate to 3.2363776611448018e-06
Epoch: 74 cost time: 7.709112167358398
Epoch: 74, Steps: 31 | Train Loss: 0.0378911 Vali Loss: 0.0606522 Test Loss: 0.0359154
EarlyStopping counter: 8 out of 10
Updating learning rate to 3.0282486115505108e-06
Epoch: 75 cost time: 8.010833263397217
Epoch: 75, Steps: 31 | Train Loss: 0.0378609 Vali Loss: 0.0604167 Test Loss: 0.0359377
EarlyStopping counter: 9 out of 10
Updating learning rate to 2.8240904471240344e-06
Epoch: 76 cost time: 8.026703357696533
Epoch: 76, Steps: 31 | Train Loss: 0.0378750 Vali Loss: 0.0606651 Test Loss: 0.0359449
EarlyStopping counter: 10 out of 10
Early stopping
>>>>>>>testing : ETTh1_336_192_DTFNet_ETTh1_ftM_sl336_ll0_pl192_dm128_nh16_el2_br2_dl1_df256_fc1_ebtimeF_dtTrue_'Exp'_0_'rel_sin'_16_8_16,24_8,12_3_1_256<<<<<<<<<<<<<<<<<<<<<<<<<<<<<<<<<
test 2689
mse:0.3884965181350708, mae:0.40537065267562866, rse:0.5928533673286438
