Args in experiment:
Namespace(activation='gelu', affine=0, batch_size=256, c_out=7, checkpoints='./checkpoints/', d_ff=256, d_layers=1, d_model=128, d_model_ls='128', data='ETTh1', data_path='ETTh1.csv', dec_in=7, decomposition=0, des="'Exp'", devices='0', dilation_rates='1', distil=True, do_predict=False, dropout=0.3, e_layers=2, embed='timeF', embed_type=0, enc_in=7, factor=1, fc_dropout=0.3, features='M', freq='h', gpu=0, head_dropout=0.1, head_type='flatten', individual=0, initTLV=0.2, is_training=1, itr=1, kernel_size=25, l2=0.0, label_len=0, learning_rate=1e-05, loss='mse', loss_flag=2, lradj='TST', mlflow_project='exp', model='DTFNet', model_id='ETTh1_336_192', model_type='linear', moving_avg=25, n_branches=2, n_heads=16, n_heads_ls='16', no_learn_pe=True, num_workers=0, output_attention=False, padding_patch="'end'", patch_len=16, patch_len_ls='16,24', patience=10, pct_start=0.3, pe='zeros', pre_norm=False, pred_len=192, rel_pe="'rel_sin'", res_attn=False, revin=1, root_path='./dataset/', seq_len=336, store_attn=False, stride=8, stride_ls='8,12', stride_ls_list='16', sub_patch_len=16, sub_stride=8, subtract_last=0, target='OT', test_flop=False, tfactor=3, train_epochs=100, use_amp=False, use_gpu=True, use_mlflow=False, use_multi_gpu=False, warmup_steps=0, wavelet_dim=64, wavelet_layers=2, wavelet_mode='periodization', wavelet_type='db5')
Use GPU: cuda:0
>>>>>>>start training : ETTh1_336_192_DTFNet_ETTh1_ftM_sl336_ll0_pl192_dm128_nh16_el2_br2_dl1_df256_fc1_ebtimeF_dtTrue_'Exp'_0_'rel_sin'_16_8_16,24_8,12_3_1_256>>>>>>>>>>>>>>>>>>>>>>>>>>
train 8113
val 2689
test 2689
Epoch: 1 cost time: 7.836014747619629
Epoch: 1, Steps: 31 | Train Loss: 0.0949584 Vali Loss: 0.1563754 Test Loss: 0.0952431
Validation loss decreased (inf --> 0.156375).  Saving model ...
Updating learning rate to 4.2635148986572395e-07
Epoch: 2 cost time: 8.976412534713745
Epoch: 2, Steps: 31 | Train Loss: 0.0939073 Vali Loss: 0.1549061 Test Loss: 0.0942651
Validation loss decreased (0.156375 --> 0.154906).  Saving model ...
Updating learning rate to 5.051166257053371e-07
Epoch: 3 cost time: 9.154687404632568
Epoch: 3, Steps: 31 | Train Loss: 0.0929923 Vali Loss: 0.1531492 Test Loss: 0.0932130
Validation loss decreased (0.154906 --> 0.153149).  Saving model ...
Updating learning rate to 6.354305830693182e-07
Epoch: 4 cost time: 8.063995838165283
Epoch: 4, Steps: 31 | Train Loss: 0.0920591 Vali Loss: 0.1512246 Test Loss: 0.0920877
Validation loss decreased (0.153149 --> 0.151225).  Saving model ...
Updating learning rate to 8.158625424048165e-07
Epoch: 5 cost time: 6.593004941940308
Epoch: 5, Steps: 31 | Train Loss: 0.0909846 Vali Loss: 0.1494397 Test Loss: 0.0908778
Validation loss decreased (0.151225 --> 0.149440).  Saving model ...
Updating learning rate to 1.0444313991502185e-06
Epoch: 6 cost time: 8.093775987625122
Epoch: 6, Steps: 31 | Train Loss: 0.0898070 Vali Loss: 0.1470208 Test Loss: 0.0895379
Validation loss decreased (0.149440 --> 0.147021).  Saving model ...
Updating learning rate to 1.3186275158421247e-06
Epoch: 7 cost time: 6.934991121292114
Epoch: 7, Steps: 31 | Train Loss: 0.0886642 Vali Loss: 0.1447540 Test Loss: 0.0880231
Validation loss decreased (0.147021 --> 0.144754).  Saving model ...
Updating learning rate to 1.6354402774012767e-06
Epoch: 8 cost time: 8.1760733127594
Epoch: 8, Steps: 31 | Train Loss: 0.0873161 Vali Loss: 0.1422462 Test Loss: 0.0862662
Validation loss decreased (0.144754 --> 0.142246).  Saving model ...
Updating learning rate to 1.99139114704619e-06
Epoch: 9 cost time: 9.005826473236084
Epoch: 9, Steps: 31 | Train Loss: 0.0857029 Vali Loss: 0.1392243 Test Loss: 0.0841437
Validation loss decreased (0.142246 --> 0.139224).  Saving model ...
Updating learning rate to 2.3825718598876392e-06
Epoch: 10 cost time: 8.365865230560303
Epoch: 10, Steps: 31 | Train Loss: 0.0839218 Vali Loss: 0.1354260 Test Loss: 0.0814538
Validation loss decreased (0.139224 --> 0.135426).  Saving model ...
Updating learning rate to 2.8046873348464134e-06
Epoch: 11 cost time: 6.851508855819702
Epoch: 11, Steps: 31 | Train Loss: 0.0817392 Vali Loss: 0.1305446 Test Loss: 0.0780200
Validation loss decreased (0.135426 --> 0.130545).  Saving model ...
Updating learning rate to 3.2531028337306174e-06
Epoch: 12 cost time: 9.502947092056274
Epoch: 12, Steps: 31 | Train Loss: 0.0791505 Vali Loss: 0.1252185 Test Loss: 0.0741676
Validation loss decreased (0.130545 --> 0.125219).  Saving model ...
Updating learning rate to 3.7228948496758864e-06
Epoch: 13 cost time: 6.714719295501709
Epoch: 13, Steps: 31 | Train Loss: 0.0763642 Vali Loss: 0.1206293 Test Loss: 0.0707406
Validation loss decreased (0.125219 --> 0.120629).  Saving model ...
Updating learning rate to 4.20890516620423e-06
Epoch: 14 cost time: 8.725041627883911
Epoch: 14, Steps: 31 | Train Loss: 0.0739232 Vali Loss: 0.1161060 Test Loss: 0.0681100
Validation loss decreased (0.120629 --> 0.116106).  Saving model ...
Updating learning rate to 4.705797493344547e-06
Epoch: 15 cost time: 7.593233823776245
Epoch: 15, Steps: 31 | Train Loss: 0.0717427 Vali Loss: 0.1118312 Test Loss: 0.0659694
Validation loss decreased (0.116106 --> 0.111831).  Saving model ...
Updating learning rate to 5.208116058962259e-06
Epoch: 16 cost time: 8.564428329467773
Epoch: 16, Steps: 31 | Train Loss: 0.0695830 Vali Loss: 0.1075086 Test Loss: 0.0638347
Validation loss decreased (0.111831 --> 0.107509).  Saving model ...
Updating learning rate to 5.710345511977682e-06
Epoch: 17 cost time: 7.87305474281311
Epoch: 17, Steps: 31 | Train Loss: 0.0676104 Vali Loss: 0.1038587 Test Loss: 0.0618648
Validation loss decreased (0.107509 --> 0.103859).  Saving model ...
Updating learning rate to 6.206971479748566e-06
Epoch: 18 cost time: 7.053297996520996
Epoch: 18, Steps: 31 | Train Loss: 0.0659226 Vali Loss: 0.1010277 Test Loss: 0.0600857
Validation loss decreased (0.103859 --> 0.101028).  Saving model ...
Updating learning rate to 6.6925411147095855e-06
Epoch: 19 cost time: 5.030757904052734
Epoch: 19, Steps: 31 | Train Loss: 0.0644749 Vali Loss: 0.0983958 Test Loss: 0.0587055
Validation loss decreased (0.101028 --> 0.098396).  Saving model ...
Updating learning rate to 7.161722965479587e-06
Epoch: 20 cost time: 9.181434869766235
Epoch: 20, Steps: 31 | Train Loss: 0.0633343 Vali Loss: 0.0967780 Test Loss: 0.0576085
Validation loss decreased (0.098396 --> 0.096778).  Saving model ...
Updating learning rate to 7.609365515064509e-06
Epoch: 21 cost time: 7.278055191040039
Epoch: 21, Steps: 31 | Train Loss: 0.0623677 Vali Loss: 0.0949909 Test Loss: 0.0565905
Validation loss decreased (0.096778 --> 0.094991).  Saving model ...
Updating learning rate to 8.030553743418992e-06
Epoch: 22 cost time: 7.984247446060181
Epoch: 22, Steps: 31 | Train Loss: 0.0614466 Vali Loss: 0.0936670 Test Loss: 0.0557153
Validation loss decreased (0.094991 --> 0.093667).  Saving model ...
Updating learning rate to 8.420663093321771e-06
Epoch: 23 cost time: 7.567792654037476
Epoch: 23, Steps: 31 | Train Loss: 0.0606169 Vali Loss: 0.0925724 Test Loss: 0.0549115
Validation loss decreased (0.093667 --> 0.092572).  Saving model ...
Updating learning rate to 8.775410247030974e-06
Epoch: 24 cost time: 6.559711456298828
Epoch: 24, Steps: 31 | Train Loss: 0.0597915 Vali Loss: 0.0910066 Test Loss: 0.0541183
Validation loss decreased (0.092572 --> 0.091007).  Saving model ...
Updating learning rate to 9.090900156202492e-06
Epoch: 25 cost time: 8.721216678619385
Epoch: 25, Steps: 31 | Train Loss: 0.0590052 Vali Loss: 0.0898848 Test Loss: 0.0534322
Validation loss decreased (0.091007 --> 0.089885).  Saving model ...
Updating learning rate to 9.363668808692879e-06
Epoch: 26 cost time: 9.163931846618652
Epoch: 26, Steps: 31 | Train Loss: 0.0583479 Vali Loss: 0.0888733 Test Loss: 0.0527436
Validation loss decreased (0.089885 --> 0.088873).  Saving model ...
Updating learning rate to 9.59072126267639e-06
Epoch: 27 cost time: 6.675235033035278
Epoch: 27, Steps: 31 | Train Loss: 0.0576674 Vali Loss: 0.0876914 Test Loss: 0.0520946
Validation loss decreased (0.088873 --> 0.087691).  Saving model ...
Updating learning rate to 9.769564530469635e-06
Epoch: 28 cost time: 6.854837417602539
Epoch: 28, Steps: 31 | Train Loss: 0.0568704 Vali Loss: 0.0869741 Test Loss: 0.0514251
Validation loss decreased (0.087691 --> 0.086974).  Saving model ...
Updating learning rate to 9.898234951006446e-06
Epoch: 29 cost time: 6.054236888885498
Epoch: 29, Steps: 31 | Train Loss: 0.0562715 Vali Loss: 0.0859816 Test Loss: 0.0508294
Validation loss decreased (0.086974 --> 0.085982).  Saving model ...
Updating learning rate to 9.97531975041899e-06
Epoch: 30 cost time: 6.632615566253662
Epoch: 30, Steps: 31 | Train Loss: 0.0556066 Vali Loss: 0.0850725 Test Loss: 0.0502435
Validation loss decreased (0.085982 --> 0.085072).  Saving model ...
Updating learning rate to 9.999994760154602e-06
Epoch: 31 cost time: 9.721057891845703
Epoch: 31, Steps: 31 | Train Loss: 0.0549450 Vali Loss: 0.0841111 Test Loss: 0.0496437
Validation loss decreased (0.085072 --> 0.084111).  Saving model ...
Updating learning rate to 9.994635356966321e-06
Epoch: 32 cost time: 6.1595330238342285
Epoch: 32, Steps: 31 | Train Loss: 0.0542700 Vali Loss: 0.0832360 Test Loss: 0.0491440
Validation loss decreased (0.084111 --> 0.083236).  Saving model ...
Updating learning rate to 9.979217463145653e-06
Epoch: 33 cost time: 7.024669408798218
Epoch: 33, Steps: 31 | Train Loss: 0.0536501 Vali Loss: 0.0822065 Test Loss: 0.0485843
Validation loss decreased (0.083236 --> 0.082207).  Saving model ...
Updating learning rate to 9.953772128278901e-06
Epoch: 34 cost time: 7.450269937515259
Epoch: 34, Steps: 31 | Train Loss: 0.0530395 Vali Loss: 0.0815691 Test Loss: 0.0480858
Validation loss decreased (0.082207 --> 0.081569).  Saving model ...
Updating learning rate to 9.918350595884151e-06
Epoch: 35 cost time: 7.407792568206787
Epoch: 35, Steps: 31 | Train Loss: 0.0524832 Vali Loss: 0.0806827 Test Loss: 0.0476094
Validation loss decreased (0.081569 --> 0.080683).  Saving model ...
Updating learning rate to 9.873024200213661e-06
Epoch: 36 cost time: 6.457702159881592
Epoch: 36, Steps: 31 | Train Loss: 0.0518524 Vali Loss: 0.0802072 Test Loss: 0.0471019
Validation loss decreased (0.080683 --> 0.080207).  Saving model ...
Updating learning rate to 9.817884222596151e-06
Epoch: 37 cost time: 7.165188550949097
Epoch: 37, Steps: 31 | Train Loss: 0.0513456 Vali Loss: 0.0791738 Test Loss: 0.0466478
Validation loss decreased (0.080207 --> 0.079174).  Saving model ...
Updating learning rate to 9.75304170760837e-06
Epoch: 38 cost time: 7.274229526519775
Epoch: 38, Steps: 31 | Train Loss: 0.0507691 Vali Loss: 0.0782883 Test Loss: 0.0461850
Validation loss decreased (0.079174 --> 0.078288).  Saving model ...
Updating learning rate to 9.678627239446092e-06
Epoch: 39 cost time: 7.587737560272217
Epoch: 39, Steps: 31 | Train Loss: 0.0502223 Vali Loss: 0.0776302 Test Loss: 0.0456867
Validation loss decreased (0.078288 --> 0.077630).  Saving model ...
Updating learning rate to 9.594790678944921e-06
Epoch: 40 cost time: 8.157931089401245
Epoch: 40, Steps: 31 | Train Loss: 0.0496442 Vali Loss: 0.0768097 Test Loss: 0.0452451
Validation loss decreased (0.077630 --> 0.076810).  Saving model ...
Updating learning rate to 9.50170086178052e-06
Epoch: 41 cost time: 6.6580119132995605
Epoch: 41, Steps: 31 | Train Loss: 0.0490978 Vali Loss: 0.0760578 Test Loss: 0.0447805
Validation loss decreased (0.076810 --> 0.076058).  Saving model ...
Updating learning rate to 9.399545258456017e-06
Epoch: 42 cost time: 8.671873331069946
Epoch: 42, Steps: 31 | Train Loss: 0.0485082 Vali Loss: 0.0752161 Test Loss: 0.0443405
Validation loss decreased (0.076058 --> 0.075216).  Saving model ...
Updating learning rate to 9.288529596761373e-06
Epoch: 43 cost time: 7.6690497398376465
Epoch: 43, Steps: 31 | Train Loss: 0.0480488 Vali Loss: 0.0745500 Test Loss: 0.0439192
Validation loss decreased (0.075216 --> 0.074550).  Saving model ...
Updating learning rate to 9.168877447464985e-06
Epoch: 44 cost time: 7.166919708251953
Epoch: 44, Steps: 31 | Train Loss: 0.0475066 Vali Loss: 0.0740365 Test Loss: 0.0434836
Validation loss decreased (0.074550 --> 0.074037).  Saving model ...
Updating learning rate to 9.040829774071914e-06
Epoch: 45 cost time: 6.766669034957886
Epoch: 45, Steps: 31 | Train Loss: 0.0470314 Vali Loss: 0.0731039 Test Loss: 0.0431004
Validation loss decreased (0.074037 --> 0.073104).  Saving model ...
Updating learning rate to 8.904644447555448e-06
Epoch: 46 cost time: 7.977150917053223
Epoch: 46, Steps: 31 | Train Loss: 0.0464542 Vali Loss: 0.0724776 Test Loss: 0.0426573
Validation loss decreased (0.073104 --> 0.072478).  Saving model ...
Updating learning rate to 8.760595727039295e-06
Epoch: 47 cost time: 6.268165111541748
Epoch: 47, Steps: 31 | Train Loss: 0.0459859 Vali Loss: 0.0716117 Test Loss: 0.0422594
Validation loss decreased (0.072478 --> 0.071612).  Saving model ...
Updating learning rate to 8.608973707476191e-06
Epoch: 48 cost time: 7.024416923522949
Epoch: 48, Steps: 31 | Train Loss: 0.0454981 Vali Loss: 0.0710562 Test Loss: 0.0418760
Validation loss decreased (0.071612 --> 0.071056).  Saving model ...
Updating learning rate to 8.45008373543528e-06
Epoch: 49 cost time: 6.37984561920166
Epoch: 49, Steps: 31 | Train Loss: 0.0450404 Vali Loss: 0.0704136 Test Loss: 0.0414785
Validation loss decreased (0.071056 --> 0.070414).  Saving model ...
Updating learning rate to 8.284245794174751e-06
Epoch: 50 cost time: 8.275520086288452
Epoch: 50, Steps: 31 | Train Loss: 0.0445438 Vali Loss: 0.0696918 Test Loss: 0.0410585
Validation loss decreased (0.070414 --> 0.069692).  Saving model ...
Updating learning rate to 8.111793859238162e-06
Epoch: 51 cost time: 6.248465538024902
Epoch: 51, Steps: 31 | Train Loss: 0.0441206 Vali Loss: 0.0687365 Test Loss: 0.0407124
Validation loss decreased (0.069692 --> 0.068737).  Saving model ...
Updating learning rate to 7.93307522587211e-06
Epoch: 52 cost time: 9.048390865325928
Epoch: 52, Steps: 31 | Train Loss: 0.0436364 Vali Loss: 0.0682637 Test Loss: 0.0403069
Validation loss decreased (0.068737 --> 0.068264).  Saving model ...
Updating learning rate to 7.748449809619857e-06
Epoch: 53 cost time: 7.561311483383179
Epoch: 53, Steps: 31 | Train Loss: 0.0431218 Vali Loss: 0.0675580 Test Loss: 0.0399290
Validation loss decreased (0.068264 --> 0.067558).  Saving model ...
Updating learning rate to 7.558289421499295e-06
Epoch: 54 cost time: 6.766251564025879
Epoch: 54, Steps: 31 | Train Loss: 0.0427332 Vali Loss: 0.0670664 Test Loss: 0.0395734
Validation loss decreased (0.067558 --> 0.067066).  Saving model ...
Updating learning rate to 7.362977019225052e-06
Epoch: 55 cost time: 9.470248699188232
Epoch: 55, Steps: 31 | Train Loss: 0.0422359 Vali Loss: 0.0663228 Test Loss: 0.0391790
Validation loss decreased (0.067066 --> 0.066323).  Saving model ...
Updating learning rate to 7.162905935982624e-06
Epoch: 56 cost time: 7.316725969314575
Epoch: 56, Steps: 31 | Train Loss: 0.0418193 Vali Loss: 0.0657695 Test Loss: 0.0388156
Validation loss decreased (0.066323 --> 0.065770).  Saving model ...
Updating learning rate to 6.958479088307673e-06
Epoch: 57 cost time: 7.473045587539673
Epoch: 57, Steps: 31 | Train Loss: 0.0413496 Vali Loss: 0.0649620 Test Loss: 0.0384496
Validation loss decreased (0.065770 --> 0.064962).  Saving model ...
Updating learning rate to 6.7501081646657556e-06
Epoch: 58 cost time: 7.663504600524902
Epoch: 58, Steps: 31 | Train Loss: 0.0409279 Vali Loss: 0.0643943 Test Loss: 0.0381053
Validation loss decreased (0.064962 --> 0.064394).  Saving model ...
Updating learning rate to 6.538212796366537e-06
Epoch: 59 cost time: 7.87512731552124
Epoch: 59, Steps: 31 | Train Loss: 0.0405023 Vali Loss: 0.0639530 Test Loss: 0.0377413
Validation loss decreased (0.064394 --> 0.063953).  Saving model ...
Updating learning rate to 6.323219712482178e-06
Epoch: 60 cost time: 7.687312126159668
Epoch: 60, Steps: 31 | Train Loss: 0.0401230 Vali Loss: 0.0632434 Test Loss: 0.0373866
Validation loss decreased (0.063953 --> 0.063243).  Saving model ...
Updating learning rate to 6.1055618804717764e-06
Epoch: 61 cost time: 7.43529486656189
Epoch: 61, Steps: 31 | Train Loss: 0.0397132 Vali Loss: 0.0624848 Test Loss: 0.0370798
Validation loss decreased (0.063243 --> 0.062485).  Saving model ...
Updating learning rate to 5.8856776342425235e-06
Epoch: 62 cost time: 8.456879377365112
Epoch: 62, Steps: 31 | Train Loss: 0.0392342 Vali Loss: 0.0619907 Test Loss: 0.0367061
Validation loss decreased (0.062485 --> 0.061991).  Saving model ...
Updating learning rate to 5.664009791403554e-06
Epoch: 63 cost time: 8.354377031326294
Epoch: 63, Steps: 31 | Train Loss: 0.0389026 Vali Loss: 0.0612205 Test Loss: 0.0363657
Validation loss decreased (0.061991 --> 0.061220).  Saving model ...
Updating learning rate to 5.441004761490205e-06
Epoch: 64 cost time: 8.734819889068604
Epoch: 64, Steps: 31 | Train Loss: 0.0384964 Vali Loss: 0.0609906 Test Loss: 0.0360148
Validation loss decreased (0.061220 --> 0.060991).  Saving model ...
Updating learning rate to 5.217111646954626e-06
Epoch: 65 cost time: 7.371158599853516
Epoch: 65, Steps: 31 | Train Loss: 0.0381181 Vali Loss: 0.0603043 Test Loss: 0.0358595
Validation loss decreased (0.060991 --> 0.060304).  Saving model ...
Updating learning rate to 4.992781338733208e-06
Epoch: 66 cost time: 7.497220039367676
Epoch: 66, Steps: 31 | Train Loss: 0.0380126 Vali Loss: 0.0605839 Test Loss: 0.0358703
EarlyStopping counter: 1 out of 10
Updating learning rate to 4.768465608212241e-06
Epoch: 67 cost time: 6.928979873657227
Epoch: 67, Steps: 31 | Train Loss: 0.0380138 Vali Loss: 0.0603820 Test Loss: 0.0358722
EarlyStopping counter: 2 out of 10
Updating learning rate to 4.544616197420465e-06
Epoch: 68 cost time: 8.112553119659424
Epoch: 68, Steps: 31 | Train Loss: 0.0379709 Vali Loss: 0.0605880 Test Loss: 0.0358611
EarlyStopping counter: 3 out of 10
Updating learning rate to 4.321683909280753e-06
Epoch: 69 cost time: 8.725520133972168
Epoch: 69, Steps: 31 | Train Loss: 0.0379590 Vali Loss: 0.0604012 Test Loss: 0.0358848
EarlyStopping counter: 4 out of 10
Updating learning rate to 4.100117699752996e-06
Epoch: 70 cost time: 8.313691854476929
Epoch: 70, Steps: 31 | Train Loss: 0.0379483 Vali Loss: 0.0606124 Test Loss: 0.0358606
EarlyStopping counter: 5 out of 10
Updating learning rate to 3.8803637736965736e-06
Epoch: 71 cost time: 7.013346433639526
Epoch: 71, Steps: 31 | Train Loss: 0.0379262 Vali Loss: 0.0605150 Test Loss: 0.0358738
EarlyStopping counter: 6 out of 10
Updating learning rate to 3.66286468627313e-06
Epoch: 72 cost time: 6.414457082748413
Epoch: 72, Steps: 31 | Train Loss: 0.0379068 Vali Loss: 0.0605364 Test Loss: 0.0358817
EarlyStopping counter: 7 out of 10
Updating learning rate to 3.4480584516993903e-06
Epoch: 73 cost time: 9.63223934173584
Epoch: 73, Steps: 31 | Train Loss: 0.0378612 Vali Loss: 0.0604558 Test Loss: 0.0358913
EarlyStopping counter: 8 out of 10
Updating learning rate to 3.2363776611448018e-06
Epoch: 74 cost time: 9.486937999725342
Epoch: 74, Steps: 31 | Train Loss: 0.0378561 Vali Loss: 0.0605851 Test Loss: 0.0358705
EarlyStopping counter: 9 out of 10
Updating learning rate to 3.0282486115505108e-06
Epoch: 75 cost time: 9.02868938446045
Epoch: 75, Steps: 31 | Train Loss: 0.0378209 Vali Loss: 0.0607747 Test Loss: 0.0358928
EarlyStopping counter: 10 out of 10
Early stopping
>>>>>>>testing : ETTh1_336_192_DTFNet_ETTh1_ftM_sl336_ll0_pl192_dm128_nh16_el2_br2_dl1_df256_fc1_ebtimeF_dtTrue_'Exp'_0_'rel_sin'_16_8_16,24_8,12_3_1_256<<<<<<<<<<<<<<<<<<<<<<<<<<<<<<<<<
test 2689
mse:0.38765573501586914, mae:0.40489402413368225, rse:0.5922115445137024
