Args in experiment:
Namespace(activation='gelu', affine=0, batch_size=256, c_out=7, checkpoints='./checkpoints/', d_ff=256, d_layers=1, d_model=128, d_model_ls='128', data='ETTh1', data_path='ETTh1.csv', dec_in=7, decomposition=0, des="'Exp'", devices='0', dilation_rates='1', distil=True, do_predict=False, dropout=0.3, e_layers=2, embed='timeF', embed_type=0, enc_in=7, factor=1, fc_dropout=0.3, features='M', freq='h', gpu=0, head_dropout=0.1, head_type='flatten', individual=0, initTLV=0.2, is_training=1, itr=1, kernel_size=25, l2=0.0, label_len=0, learning_rate=1e-05, loss='mse', loss_flag=2, lradj='TST', mlflow_project='exp', model='DTFNet', model_id='ETTh1_336_192', model_type='linear', moving_avg=25, n_branches=2, n_heads=16, n_heads_ls='16', no_learn_pe=True, num_workers=0, output_attention=False, padding_patch="'end'", patch_len=16, patch_len_ls='16,24', patience=10, pct_start=0.3, pe='zeros', pre_norm=False, pred_len=192, rel_pe="'rel_sin'", res_attn=False, revin=1, root_path='./dataset/', seq_len=336, store_attn=False, stride=8, stride_ls='8,12', stride_ls_list='16', sub_patch_len=16, sub_stride=8, subtract_last=0, target='OT', test_flop=False, tfactor=3, train_epochs=100, use_amp=False, use_gpu=True, use_mlflow=False, use_multi_gpu=False, warmup_steps=0, wavelet_dim=64, wavelet_layers=2, wavelet_mode='periodization', wavelet_type='db5')
Use GPU: cuda:0
>>>>>>>start training : ETTh1_336_192_DTFNet_ETTh1_ftM_sl336_ll0_pl192_dm128_nh16_el2_br2_dl1_df256_fc1_ebtimeF_dtTrue_'Exp'_0_'rel_sin'_16_8_16,24_8,12_3_1_256>>>>>>>>>>>>>>>>>>>>>>>>>>
train 8113
val 2689
test 2689
Epoch: 1 cost time: 8.847909688949585
Epoch: 1, Steps: 31 | Train Loss: 0.0949821 Vali Loss: 0.1562383 Test Loss: 0.0953547
Validation loss decreased (inf --> 0.156238).  Saving model ...
Updating learning rate to 4.2635148986572395e-07
Epoch: 2 cost time: 7.65657901763916
Epoch: 2, Steps: 31 | Train Loss: 0.0939928 Vali Loss: 0.1552943 Test Loss: 0.0943960
Validation loss decreased (0.156238 --> 0.155294).  Saving model ...
Updating learning rate to 5.051166257053371e-07
Epoch: 3 cost time: 9.183411359786987
Epoch: 3, Steps: 31 | Train Loss: 0.0930914 Vali Loss: 0.1531818 Test Loss: 0.0933674
Validation loss decreased (0.155294 --> 0.153182).  Saving model ...
Updating learning rate to 6.354305830693182e-07
Epoch: 4 cost time: 7.793832063674927
Epoch: 4, Steps: 31 | Train Loss: 0.0920986 Vali Loss: 0.1509165 Test Loss: 0.0922728
Validation loss decreased (0.153182 --> 0.150917).  Saving model ...
Updating learning rate to 8.158625424048165e-07
Epoch: 5 cost time: 8.378525495529175
Epoch: 5, Steps: 31 | Train Loss: 0.0910054 Vali Loss: 0.1493876 Test Loss: 0.0910961
Validation loss decreased (0.150917 --> 0.149388).  Saving model ...
Updating learning rate to 1.0444313991502185e-06
Epoch: 6 cost time: 8.298701286315918
Epoch: 6, Steps: 31 | Train Loss: 0.0899292 Vali Loss: 0.1473830 Test Loss: 0.0898063
Validation loss decreased (0.149388 --> 0.147383).  Saving model ...
Updating learning rate to 1.3186275158421247e-06
Epoch: 7 cost time: 8.26249647140503
Epoch: 7, Steps: 31 | Train Loss: 0.0887529 Vali Loss: 0.1455624 Test Loss: 0.0883590
Validation loss decreased (0.147383 --> 0.145562).  Saving model ...
Updating learning rate to 1.6354402774012767e-06
Epoch: 8 cost time: 5.573477506637573
Epoch: 8, Steps: 31 | Train Loss: 0.0875118 Vali Loss: 0.1426534 Test Loss: 0.0866831
Validation loss decreased (0.145562 --> 0.142653).  Saving model ...
Updating learning rate to 1.99139114704619e-06
Epoch: 9 cost time: 8.283769607543945
Epoch: 9, Steps: 31 | Train Loss: 0.0860154 Vali Loss: 0.1397876 Test Loss: 0.0846774
Validation loss decreased (0.142653 --> 0.139788).  Saving model ...
Updating learning rate to 2.3825718598876392e-06
Epoch: 10 cost time: 9.073581457138062
Epoch: 10, Steps: 31 | Train Loss: 0.0841798 Vali Loss: 0.1363766 Test Loss: 0.0821291
Validation loss decreased (0.139788 --> 0.136377).  Saving model ...
Updating learning rate to 2.8046873348464134e-06
Epoch: 11 cost time: 8.495149612426758
Epoch: 11, Steps: 31 | Train Loss: 0.0820292 Vali Loss: 0.1314995 Test Loss: 0.0788449
Validation loss decreased (0.136377 --> 0.131500).  Saving model ...
Updating learning rate to 3.2531028337306174e-06
Epoch: 12 cost time: 7.089426755905151
Epoch: 12, Steps: 31 | Train Loss: 0.0795025 Vali Loss: 0.1261943 Test Loss: 0.0750048
Validation loss decreased (0.131500 --> 0.126194).  Saving model ...
Updating learning rate to 3.7228948496758864e-06
Epoch: 13 cost time: 8.36863398551941
Epoch: 13, Steps: 31 | Train Loss: 0.0766551 Vali Loss: 0.1212751 Test Loss: 0.0714380
Validation loss decreased (0.126194 --> 0.121275).  Saving model ...
Updating learning rate to 4.20890516620423e-06
Epoch: 14 cost time: 8.975783586502075
Epoch: 14, Steps: 31 | Train Loss: 0.0741148 Vali Loss: 0.1165296 Test Loss: 0.0687169
Validation loss decreased (0.121275 --> 0.116530).  Saving model ...
Updating learning rate to 4.705797493344547e-06
Epoch: 15 cost time: 8.482304811477661
Epoch: 15, Steps: 31 | Train Loss: 0.0719599 Vali Loss: 0.1126378 Test Loss: 0.0665246
Validation loss decreased (0.116530 --> 0.112638).  Saving model ...
Updating learning rate to 5.208116058962259e-06
Epoch: 16 cost time: 9.891586542129517
Epoch: 16, Steps: 31 | Train Loss: 0.0697964 Vali Loss: 0.1085960 Test Loss: 0.0646284
Validation loss decreased (0.112638 --> 0.108596).  Saving model ...
Updating learning rate to 5.710345511977682e-06
Epoch: 17 cost time: 6.223443269729614
Epoch: 17, Steps: 31 | Train Loss: 0.0679396 Vali Loss: 0.1043381 Test Loss: 0.0626370
Validation loss decreased (0.108596 --> 0.104338).  Saving model ...
Updating learning rate to 6.206971479748566e-06
Epoch: 18 cost time: 7.662756443023682
Epoch: 18, Steps: 31 | Train Loss: 0.0662010 Vali Loss: 0.1014861 Test Loss: 0.0607571
Validation loss decreased (0.104338 --> 0.101486).  Saving model ...
Updating learning rate to 6.6925411147095855e-06
Epoch: 19 cost time: 7.5064287185668945
Epoch: 19, Steps: 31 | Train Loss: 0.0647810 Vali Loss: 0.0991500 Test Loss: 0.0592190
Validation loss decreased (0.101486 --> 0.099150).  Saving model ...
Updating learning rate to 7.161722965479587e-06
Epoch: 20 cost time: 10.491888046264648
Epoch: 20, Steps: 31 | Train Loss: 0.0635302 Vali Loss: 0.0972961 Test Loss: 0.0578992
Validation loss decreased (0.099150 --> 0.097296).  Saving model ...
Updating learning rate to 7.609365515064509e-06
Epoch: 21 cost time: 7.650076150894165
Epoch: 21, Steps: 31 | Train Loss: 0.0624237 Vali Loss: 0.0955214 Test Loss: 0.0568497
Validation loss decreased (0.097296 --> 0.095521).  Saving model ...
Updating learning rate to 8.030553743418992e-06
Epoch: 22 cost time: 8.880181550979614
Epoch: 22, Steps: 31 | Train Loss: 0.0615204 Vali Loss: 0.0941475 Test Loss: 0.0560522
Validation loss decreased (0.095521 --> 0.094147).  Saving model ...
Updating learning rate to 8.420663093321771e-06
Epoch: 23 cost time: 9.368538618087769
Epoch: 23, Steps: 31 | Train Loss: 0.0606602 Vali Loss: 0.0929831 Test Loss: 0.0551687
Validation loss decreased (0.094147 --> 0.092983).  Saving model ...
Updating learning rate to 8.775410247030974e-06
Epoch: 24 cost time: 8.14798378944397
Epoch: 24, Steps: 31 | Train Loss: 0.0598548 Vali Loss: 0.0915851 Test Loss: 0.0543438
Validation loss decreased (0.092983 --> 0.091585).  Saving model ...
Updating learning rate to 9.090900156202492e-06
Epoch: 25 cost time: 8.208855152130127
Epoch: 25, Steps: 31 | Train Loss: 0.0591238 Vali Loss: 0.0906034 Test Loss: 0.0535994
Validation loss decreased (0.091585 --> 0.090603).  Saving model ...
Updating learning rate to 9.363668808692879e-06
Epoch: 26 cost time: 10.163968086242676
Epoch: 26, Steps: 31 | Train Loss: 0.0582900 Vali Loss: 0.0895810 Test Loss: 0.0528402
Validation loss decreased (0.090603 --> 0.089581).  Saving model ...
Updating learning rate to 9.59072126267639e-06
Epoch: 27 cost time: 7.2421205043792725
Epoch: 27, Steps: 31 | Train Loss: 0.0576101 Vali Loss: 0.0884860 Test Loss: 0.0522018
Validation loss decreased (0.089581 --> 0.088486).  Saving model ...
Updating learning rate to 9.769564530469635e-06
Epoch: 28 cost time: 7.171011447906494
Epoch: 28, Steps: 31 | Train Loss: 0.0569399 Vali Loss: 0.0873854 Test Loss: 0.0515951
Validation loss decreased (0.088486 --> 0.087385).  Saving model ...
Updating learning rate to 9.898234951006446e-06
Epoch: 29 cost time: 9.149824142456055
Epoch: 29, Steps: 31 | Train Loss: 0.0562858 Vali Loss: 0.0866524 Test Loss: 0.0509806
Validation loss decreased (0.087385 --> 0.086652).  Saving model ...
Updating learning rate to 9.97531975041899e-06
Epoch: 30 cost time: 7.362297534942627
Epoch: 30, Steps: 31 | Train Loss: 0.0555902 Vali Loss: 0.0854036 Test Loss: 0.0504442
Validation loss decreased (0.086652 --> 0.085404).  Saving model ...
Updating learning rate to 9.999994760154602e-06
Epoch: 31 cost time: 6.983028411865234
Epoch: 31, Steps: 31 | Train Loss: 0.0549392 Vali Loss: 0.0846665 Test Loss: 0.0497867
Validation loss decreased (0.085404 --> 0.084667).  Saving model ...
Updating learning rate to 9.994635356966321e-06
Epoch: 32 cost time: 7.457146167755127
Epoch: 32, Steps: 31 | Train Loss: 0.0543036 Vali Loss: 0.0836785 Test Loss: 0.0493607
Validation loss decreased (0.084667 --> 0.083678).  Saving model ...
Updating learning rate to 9.979217463145653e-06
Epoch: 33 cost time: 7.955770969390869
Epoch: 33, Steps: 31 | Train Loss: 0.0536945 Vali Loss: 0.0826275 Test Loss: 0.0488077
Validation loss decreased (0.083678 --> 0.082628).  Saving model ...
Updating learning rate to 9.953772128278901e-06
Epoch: 34 cost time: 8.173709869384766
Epoch: 34, Steps: 31 | Train Loss: 0.0530224 Vali Loss: 0.0817483 Test Loss: 0.0483156
Validation loss decreased (0.082628 --> 0.081748).  Saving model ...
Updating learning rate to 9.918350595884151e-06
Epoch: 35 cost time: 8.249442338943481
Epoch: 35, Steps: 31 | Train Loss: 0.0524508 Vali Loss: 0.0812366 Test Loss: 0.0478190
Validation loss decreased (0.081748 --> 0.081237).  Saving model ...
Updating learning rate to 9.873024200213661e-06
Epoch: 36 cost time: 6.3929595947265625
Epoch: 36, Steps: 31 | Train Loss: 0.0518998 Vali Loss: 0.0803859 Test Loss: 0.0472954
Validation loss decreased (0.081237 --> 0.080386).  Saving model ...
Updating learning rate to 9.817884222596151e-06
Epoch: 37 cost time: 7.383211851119995
Epoch: 37, Steps: 31 | Train Loss: 0.0512768 Vali Loss: 0.0791981 Test Loss: 0.0468155
Validation loss decreased (0.080386 --> 0.079198).  Saving model ...
Updating learning rate to 9.75304170760837e-06
Epoch: 38 cost time: 8.164027690887451
Epoch: 38, Steps: 31 | Train Loss: 0.0507245 Vali Loss: 0.0784268 Test Loss: 0.0463106
Validation loss decreased (0.079198 --> 0.078427).  Saving model ...
Updating learning rate to 9.678627239446092e-06
Epoch: 39 cost time: 6.789389371871948
Epoch: 39, Steps: 31 | Train Loss: 0.0501663 Vali Loss: 0.0775804 Test Loss: 0.0459068
Validation loss decreased (0.078427 --> 0.077580).  Saving model ...
Updating learning rate to 9.594790678944921e-06
Epoch: 40 cost time: 7.412719964981079
Epoch: 40, Steps: 31 | Train Loss: 0.0496040 Vali Loss: 0.0769213 Test Loss: 0.0454704
Validation loss decreased (0.077580 --> 0.076921).  Saving model ...
Updating learning rate to 9.50170086178052e-06
Epoch: 41 cost time: 8.078098773956299
Epoch: 41, Steps: 31 | Train Loss: 0.0490565 Vali Loss: 0.0758485 Test Loss: 0.0449851
Validation loss decreased (0.076921 --> 0.075849).  Saving model ...
Updating learning rate to 9.399545258456017e-06
Epoch: 42 cost time: 7.3466856479644775
Epoch: 42, Steps: 31 | Train Loss: 0.0485251 Vali Loss: 0.0755404 Test Loss: 0.0445962
Validation loss decreased (0.075849 --> 0.075540).  Saving model ...
Updating learning rate to 9.288529596761373e-06
Epoch: 43 cost time: 7.876763105392456
Epoch: 43, Steps: 31 | Train Loss: 0.0479869 Vali Loss: 0.0747371 Test Loss: 0.0441476
Validation loss decreased (0.075540 --> 0.074737).  Saving model ...
Updating learning rate to 9.168877447464985e-06
Epoch: 44 cost time: 7.583220958709717
Epoch: 44, Steps: 31 | Train Loss: 0.0474699 Vali Loss: 0.0740461 Test Loss: 0.0436897
Validation loss decreased (0.074737 --> 0.074046).  Saving model ...
Updating learning rate to 9.040829774071914e-06
Epoch: 45 cost time: 6.7640581130981445
Epoch: 45, Steps: 31 | Train Loss: 0.0469231 Vali Loss: 0.0734245 Test Loss: 0.0432446
Validation loss decreased (0.074046 --> 0.073424).  Saving model ...
Updating learning rate to 8.904644447555448e-06
Epoch: 46 cost time: 7.531386137008667
Epoch: 46, Steps: 31 | Train Loss: 0.0464642 Vali Loss: 0.0727957 Test Loss: 0.0429178
Validation loss decreased (0.073424 --> 0.072796).  Saving model ...
Updating learning rate to 8.760595727039295e-06
Epoch: 47 cost time: 7.870148658752441
Epoch: 47, Steps: 31 | Train Loss: 0.0459424 Vali Loss: 0.0719913 Test Loss: 0.0425108
Validation loss decreased (0.072796 --> 0.071991).  Saving model ...
Updating learning rate to 8.608973707476191e-06
Epoch: 48 cost time: 7.27168083190918
Epoch: 48, Steps: 31 | Train Loss: 0.0454634 Vali Loss: 0.0709901 Test Loss: 0.0421249
Validation loss decreased (0.071991 --> 0.070990).  Saving model ...
Updating learning rate to 8.45008373543528e-06
Epoch: 49 cost time: 9.18933367729187
Epoch: 49, Steps: 31 | Train Loss: 0.0449800 Vali Loss: 0.0706894 Test Loss: 0.0417301
Validation loss decreased (0.070990 --> 0.070689).  Saving model ...
Updating learning rate to 8.284245794174751e-06
Epoch: 50 cost time: 7.876060485839844
Epoch: 50, Steps: 31 | Train Loss: 0.0445171 Vali Loss: 0.0697767 Test Loss: 0.0414212
Validation loss decreased (0.070689 --> 0.069777).  Saving model ...
Updating learning rate to 8.111793859238162e-06
Epoch: 51 cost time: 8.681925296783447
Epoch: 51, Steps: 31 | Train Loss: 0.0440288 Vali Loss: 0.0693759 Test Loss: 0.0409188
Validation loss decreased (0.069777 --> 0.069376).  Saving model ...
Updating learning rate to 7.93307522587211e-06
Epoch: 52 cost time: 9.148650646209717
Epoch: 52, Steps: 31 | Train Loss: 0.0435410 Vali Loss: 0.0685129 Test Loss: 0.0405817
Validation loss decreased (0.069376 --> 0.068513).  Saving model ...
Updating learning rate to 7.748449809619857e-06
Epoch: 53 cost time: 7.317320823669434
Epoch: 53, Steps: 31 | Train Loss: 0.0431421 Vali Loss: 0.0679229 Test Loss: 0.0401397
Validation loss decreased (0.068513 --> 0.067923).  Saving model ...
Updating learning rate to 7.558289421499295e-06
Epoch: 54 cost time: 6.773820638656616
Epoch: 54, Steps: 31 | Train Loss: 0.0426391 Vali Loss: 0.0672166 Test Loss: 0.0398907
Validation loss decreased (0.067923 --> 0.067217).  Saving model ...
Updating learning rate to 7.362977019225052e-06
Epoch: 55 cost time: 8.185147762298584
Epoch: 55, Steps: 31 | Train Loss: 0.0421990 Vali Loss: 0.0666949 Test Loss: 0.0394393
Validation loss decreased (0.067217 --> 0.066695).  Saving model ...
Updating learning rate to 7.162905935982624e-06
Epoch: 56 cost time: 8.35609221458435
Epoch: 56, Steps: 31 | Train Loss: 0.0417578 Vali Loss: 0.0662810 Test Loss: 0.0390791
Validation loss decreased (0.066695 --> 0.066281).  Saving model ...
Updating learning rate to 6.958479088307673e-06
Epoch: 57 cost time: 8.762578964233398
Epoch: 57, Steps: 31 | Train Loss: 0.0413381 Vali Loss: 0.0655623 Test Loss: 0.0386708
Validation loss decreased (0.066281 --> 0.065562).  Saving model ...
Updating learning rate to 6.7501081646657556e-06
Epoch: 58 cost time: 8.594338178634644
Epoch: 58, Steps: 31 | Train Loss: 0.0409105 Vali Loss: 0.0645800 Test Loss: 0.0383443
Validation loss decreased (0.065562 --> 0.064580).  Saving model ...
Updating learning rate to 6.538212796366537e-06
Epoch: 59 cost time: 7.648765802383423
Epoch: 59, Steps: 31 | Train Loss: 0.0404352 Vali Loss: 0.0640538 Test Loss: 0.0380023
Validation loss decreased (0.064580 --> 0.064054).  Saving model ...
Updating learning rate to 6.323219712482178e-06
Epoch: 60 cost time: 9.170766115188599
Epoch: 60, Steps: 31 | Train Loss: 0.0400459 Vali Loss: 0.0634498 Test Loss: 0.0376579
Validation loss decreased (0.064054 --> 0.063450).  Saving model ...
Updating learning rate to 6.1055618804717764e-06
Epoch: 61 cost time: 8.927501201629639
Epoch: 61, Steps: 31 | Train Loss: 0.0396381 Vali Loss: 0.0628439 Test Loss: 0.0373532
Validation loss decreased (0.063450 --> 0.062844).  Saving model ...
Updating learning rate to 5.8856776342425235e-06
Epoch: 62 cost time: 8.075245141983032
Epoch: 62, Steps: 31 | Train Loss: 0.0392585 Vali Loss: 0.0621768 Test Loss: 0.0369700
Validation loss decreased (0.062844 --> 0.062177).  Saving model ...
Updating learning rate to 5.664009791403554e-06
Epoch: 63 cost time: 7.059505939483643
Epoch: 63, Steps: 31 | Train Loss: 0.0388177 Vali Loss: 0.0616816 Test Loss: 0.0366594
Validation loss decreased (0.062177 --> 0.061682).  Saving model ...
Updating learning rate to 5.441004761490205e-06
Epoch: 64 cost time: 7.968839406967163
Epoch: 64, Steps: 31 | Train Loss: 0.0384172 Vali Loss: 0.0610456 Test Loss: 0.0362979
Validation loss decreased (0.061682 --> 0.061046).  Saving model ...
Updating learning rate to 5.217111646954626e-06
Epoch: 65 cost time: 8.727567672729492
Epoch: 65, Steps: 31 | Train Loss: 0.0380569 Vali Loss: 0.0606622 Test Loss: 0.0360662
Validation loss decreased (0.061046 --> 0.060662).  Saving model ...
Updating learning rate to 4.992781338733208e-06
Epoch: 66 cost time: 6.4503326416015625
Epoch: 66, Steps: 31 | Train Loss: 0.0379732 Vali Loss: 0.0605133 Test Loss: 0.0361908
Validation loss decreased (0.060662 --> 0.060513).  Saving model ...
Updating learning rate to 4.768465608212241e-06
Epoch: 67 cost time: 8.069509983062744
Epoch: 67, Steps: 31 | Train Loss: 0.0379234 Vali Loss: 0.0607272 Test Loss: 0.0361080
EarlyStopping counter: 1 out of 10
Updating learning rate to 4.544616197420465e-06
Epoch: 68 cost time: 6.935363531112671
Epoch: 68, Steps: 31 | Train Loss: 0.0379070 Vali Loss: 0.0607721 Test Loss: 0.0360950
EarlyStopping counter: 2 out of 10
Updating learning rate to 4.321683909280753e-06
Epoch: 69 cost time: 7.307795763015747
Epoch: 69, Steps: 31 | Train Loss: 0.0378636 Vali Loss: 0.0604779 Test Loss: 0.0361285
Validation loss decreased (0.060513 --> 0.060478).  Saving model ...
Updating learning rate to 4.100117699752996e-06
Epoch: 70 cost time: 6.282207727432251
Epoch: 70, Steps: 31 | Train Loss: 0.0378455 Vali Loss: 0.0605206 Test Loss: 0.0361197
EarlyStopping counter: 1 out of 10
Updating learning rate to 3.8803637736965736e-06
Epoch: 71 cost time: 7.6333959102630615
Epoch: 71, Steps: 31 | Train Loss: 0.0378560 Vali Loss: 0.0605517 Test Loss: 0.0360796
EarlyStopping counter: 2 out of 10
Updating learning rate to 3.66286468627313e-06
Epoch: 72 cost time: 7.217066764831543
Epoch: 72, Steps: 31 | Train Loss: 0.0378071 Vali Loss: 0.0607809 Test Loss: 0.0360968
EarlyStopping counter: 3 out of 10
Updating learning rate to 3.4480584516993903e-06
Epoch: 73 cost time: 8.637012004852295
Epoch: 73, Steps: 31 | Train Loss: 0.0377962 Vali Loss: 0.0605952 Test Loss: 0.0361758
EarlyStopping counter: 4 out of 10
Updating learning rate to 3.2363776611448018e-06
Epoch: 74 cost time: 7.42592453956604
Epoch: 74, Steps: 31 | Train Loss: 0.0377892 Vali Loss: 0.0606956 Test Loss: 0.0361683
EarlyStopping counter: 5 out of 10
Updating learning rate to 3.0282486115505108e-06
Epoch: 75 cost time: 8.433499813079834
Epoch: 75, Steps: 31 | Train Loss: 0.0377914 Vali Loss: 0.0606954 Test Loss: 0.0361145
EarlyStopping counter: 6 out of 10
Updating learning rate to 2.8240904471240344e-06
Epoch: 76 cost time: 10.31185507774353
Epoch: 76, Steps: 31 | Train Loss: 0.0377046 Vali Loss: 0.0607708 Test Loss: 0.0361680
EarlyStopping counter: 7 out of 10
Updating learning rate to 2.624314315238625e-06
Epoch: 77 cost time: 7.81109094619751
Epoch: 77, Steps: 31 | Train Loss: 0.0377254 Vali Loss: 0.0606279 Test Loss: 0.0361751
EarlyStopping counter: 8 out of 10
Updating learning rate to 2.429322538437165e-06
Epoch: 78 cost time: 8.711265087127686
Epoch: 78, Steps: 31 | Train Loss: 0.0377072 Vali Loss: 0.0607565 Test Loss: 0.0361419
EarlyStopping counter: 9 out of 10
Updating learning rate to 2.2395078042081163e-06
Epoch: 79 cost time: 7.313004970550537
Epoch: 79, Steps: 31 | Train Loss: 0.0377342 Vali Loss: 0.0607934 Test Loss: 0.0361285
EarlyStopping counter: 10 out of 10
Early stopping
>>>>>>>testing : ETTh1_336_192_DTFNet_ETTh1_ftM_sl336_ll0_pl192_dm128_nh16_el2_br2_dl1_df256_fc1_ebtimeF_dtTrue_'Exp'_0_'rel_sin'_16_8_16,24_8,12_3_1_256<<<<<<<<<<<<<<<<<<<<<<<<<<<<<<<<<
test 2689
mse:0.3906017541885376, mae:0.40762048959732056, rse:0.5944575071334839
