Args in experiment:
Namespace(activation='gelu', affine=0, batch_size=256, c_out=7, checkpoints='./checkpoints/', d_ff=256, d_layers=1, d_model=128, d_model_ls='128', data='ETTh1', data_path='ETTh1.csv', dec_in=7, decomposition=0, des="'Exp'", devices='0', dilation_rates='1', distil=True, do_predict=False, dropout=0.3, e_layers=2, embed='timeF', embed_type=0, enc_in=7, factor=1, fc_dropout=0.3, features='M', freq='h', gpu=0, head_dropout=0.1, head_type='flatten', individual=0, initTLV=0.2, is_training=1, itr=1, kernel_size=25, l2=0.0, label_len=0, learning_rate=1e-05, loss='mse', loss_flag=2, lradj='TST', mlflow_project='exp', model='DTFNet', model_id='ETTh1_336_192', model_type='linear', moving_avg=25, n_branches=2, n_heads=16, n_heads_ls='16', no_learn_pe=True, num_workers=0, output_attention=False, padding_patch="'end'", patch_len=16, patch_len_ls='16,24', patience=10, pct_start=0.3, pe='zeros', pre_norm=False, pred_len=192, rel_pe="'rel_sin'", res_attn=False, revin=1, root_path='./dataset/', seq_len=336, store_attn=False, stride=8, stride_ls='8,12', stride_ls_list='16', sub_patch_len=16, sub_stride=8, subtract_last=0, target='OT', test_flop=False, tfactor=3, train_epochs=100, use_amp=False, use_gpu=True, use_mlflow=False, use_multi_gpu=False, warmup_steps=0, wavelet_dim=64, wavelet_layers=2, wavelet_mode='periodization', wavelet_type='db5')
Use GPU: cuda:0
>>>>>>>start training : ETTh1_336_192_DTFNet_ETTh1_ftM_sl336_ll0_pl192_dm128_nh16_el2_br2_dl1_df256_fc1_ebtimeF_dtTrue_'Exp'_0_'rel_sin'_16_8_16,24_8,12_3_1_256>>>>>>>>>>>>>>>>>>>>>>>>>>
train 8113
val 2689
test 2689
Epoch: 1 cost time: 8.722088813781738
Epoch: 1, Steps: 31 | Train Loss: 0.0948979 Vali Loss: 0.1561297 Test Loss: 0.0951089
Validation loss decreased (inf --> 0.156130).  Saving model ...
Updating learning rate to 4.2635148986572395e-07
Epoch: 2 cost time: 7.06531834602356
Epoch: 2, Steps: 31 | Train Loss: 0.0938490 Vali Loss: 0.1544062 Test Loss: 0.0941641
Validation loss decreased (0.156130 --> 0.154406).  Saving model ...
Updating learning rate to 5.051166257053371e-07
Epoch: 3 cost time: 8.638195753097534
Epoch: 3, Steps: 31 | Train Loss: 0.0930146 Vali Loss: 0.1530331 Test Loss: 0.0931524
Validation loss decreased (0.154406 --> 0.153033).  Saving model ...
Updating learning rate to 6.354305830693182e-07
Epoch: 4 cost time: 9.870970726013184
Epoch: 4, Steps: 31 | Train Loss: 0.0920504 Vali Loss: 0.1510714 Test Loss: 0.0920802
Validation loss decreased (0.153033 --> 0.151071).  Saving model ...
Updating learning rate to 8.158625424048165e-07
Epoch: 5 cost time: 8.070230960845947
Epoch: 5, Steps: 31 | Train Loss: 0.0910719 Vali Loss: 0.1493226 Test Loss: 0.0909268
Validation loss decreased (0.151071 --> 0.149323).  Saving model ...
Updating learning rate to 1.0444313991502185e-06
Epoch: 6 cost time: 8.337086200714111
Epoch: 6, Steps: 31 | Train Loss: 0.0899377 Vali Loss: 0.1472426 Test Loss: 0.0896686
Validation loss decreased (0.149323 --> 0.147243).  Saving model ...
Updating learning rate to 1.3186275158421247e-06
Epoch: 7 cost time: 6.671715259552002
Epoch: 7, Steps: 31 | Train Loss: 0.0887080 Vali Loss: 0.1448859 Test Loss: 0.0882591
Validation loss decreased (0.147243 --> 0.144886).  Saving model ...
Updating learning rate to 1.6354402774012767e-06
Epoch: 8 cost time: 7.786393165588379
Epoch: 8, Steps: 31 | Train Loss: 0.0874707 Vali Loss: 0.1425600 Test Loss: 0.0866456
Validation loss decreased (0.144886 --> 0.142560).  Saving model ...
Updating learning rate to 1.99139114704619e-06
Epoch: 9 cost time: 7.575385093688965
Epoch: 9, Steps: 31 | Train Loss: 0.0860551 Vali Loss: 0.1397531 Test Loss: 0.0847020
Validation loss decreased (0.142560 --> 0.139753).  Saving model ...
Updating learning rate to 2.3825718598876392e-06
Epoch: 10 cost time: 7.303680181503296
Epoch: 10, Steps: 31 | Train Loss: 0.0842658 Vali Loss: 0.1363589 Test Loss: 0.0822906
Validation loss decreased (0.139753 --> 0.136359).  Saving model ...
Updating learning rate to 2.8046873348464134e-06
Epoch: 11 cost time: 7.974919319152832
Epoch: 11, Steps: 31 | Train Loss: 0.0822681 Vali Loss: 0.1317251 Test Loss: 0.0791762
Validation loss decreased (0.136359 --> 0.131725).  Saving model ...
Updating learning rate to 3.2531028337306174e-06
Epoch: 12 cost time: 8.56777811050415
Epoch: 12, Steps: 31 | Train Loss: 0.0796961 Vali Loss: 0.1267752 Test Loss: 0.0754361
Validation loss decreased (0.131725 --> 0.126775).  Saving model ...
Updating learning rate to 3.7228948496758864e-06
Epoch: 13 cost time: 7.452183485031128
Epoch: 13, Steps: 31 | Train Loss: 0.0769226 Vali Loss: 0.1214692 Test Loss: 0.0717454
Validation loss decreased (0.126775 --> 0.121469).  Saving model ...
Updating learning rate to 4.20890516620423e-06
Epoch: 14 cost time: 8.862397193908691
Epoch: 14, Steps: 31 | Train Loss: 0.0742993 Vali Loss: 0.1166676 Test Loss: 0.0688677
Validation loss decreased (0.121469 --> 0.116668).  Saving model ...
Updating learning rate to 4.705797493344547e-06
Epoch: 15 cost time: 7.350639820098877
Epoch: 15, Steps: 31 | Train Loss: 0.0719738 Vali Loss: 0.1123577 Test Loss: 0.0666507
Validation loss decreased (0.116668 --> 0.112358).  Saving model ...
Updating learning rate to 5.208116058962259e-06
Epoch: 16 cost time: 7.847196340560913
Epoch: 16, Steps: 31 | Train Loss: 0.0698430 Vali Loss: 0.1079385 Test Loss: 0.0644685
Validation loss decreased (0.112358 --> 0.107939).  Saving model ...
Updating learning rate to 5.710345511977682e-06
Epoch: 17 cost time: 8.843346118927002
Epoch: 17, Steps: 31 | Train Loss: 0.0680228 Vali Loss: 0.1046304 Test Loss: 0.0626254
Validation loss decreased (0.107939 --> 0.104630).  Saving model ...
Updating learning rate to 6.206971479748566e-06
Epoch: 18 cost time: 8.688687324523926
Epoch: 18, Steps: 31 | Train Loss: 0.0663068 Vali Loss: 0.1015225 Test Loss: 0.0608061
Validation loss decreased (0.104630 --> 0.101523).  Saving model ...
Updating learning rate to 6.6925411147095855e-06
Epoch: 19 cost time: 7.383549928665161
Epoch: 19, Steps: 31 | Train Loss: 0.0648960 Vali Loss: 0.0988984 Test Loss: 0.0592660
Validation loss decreased (0.101523 --> 0.098898).  Saving model ...
Updating learning rate to 7.161722965479587e-06
Epoch: 20 cost time: 8.437617063522339
Epoch: 20, Steps: 31 | Train Loss: 0.0636109 Vali Loss: 0.0972565 Test Loss: 0.0578772
Validation loss decreased (0.098898 --> 0.097256).  Saving model ...
Updating learning rate to 7.609365515064509e-06
Epoch: 21 cost time: 6.689582347869873
Epoch: 21, Steps: 31 | Train Loss: 0.0625678 Vali Loss: 0.0955885 Test Loss: 0.0568785
Validation loss decreased (0.097256 --> 0.095589).  Saving model ...
Updating learning rate to 8.030553743418992e-06
Epoch: 22 cost time: 8.446774244308472
Epoch: 22, Steps: 31 | Train Loss: 0.0616452 Vali Loss: 0.0938510 Test Loss: 0.0560291
Validation loss decreased (0.095589 --> 0.093851).  Saving model ...
Updating learning rate to 8.420663093321771e-06
Epoch: 23 cost time: 9.24509572982788
Epoch: 23, Steps: 31 | Train Loss: 0.0607014 Vali Loss: 0.0925948 Test Loss: 0.0551527
Validation loss decreased (0.093851 --> 0.092595).  Saving model ...
Updating learning rate to 8.775410247030974e-06
Epoch: 24 cost time: 9.774501085281372
Epoch: 24, Steps: 31 | Train Loss: 0.0599374 Vali Loss: 0.0916975 Test Loss: 0.0543142
Validation loss decreased (0.092595 --> 0.091697).  Saving model ...
Updating learning rate to 9.090900156202492e-06
Epoch: 25 cost time: 7.785017728805542
Epoch: 25, Steps: 31 | Train Loss: 0.0591218 Vali Loss: 0.0906638 Test Loss: 0.0535670
Validation loss decreased (0.091697 --> 0.090664).  Saving model ...
Updating learning rate to 9.363668808692879e-06
Epoch: 26 cost time: 7.471964597702026
Epoch: 26, Steps: 31 | Train Loss: 0.0583424 Vali Loss: 0.0892794 Test Loss: 0.0528299
Validation loss decreased (0.090664 --> 0.089279).  Saving model ...
Updating learning rate to 9.59072126267639e-06
Epoch: 27 cost time: 8.24721384048462
Epoch: 27, Steps: 31 | Train Loss: 0.0576738 Vali Loss: 0.0882859 Test Loss: 0.0522510
Validation loss decreased (0.089279 --> 0.088286).  Saving model ...
Updating learning rate to 9.769564530469635e-06
Epoch: 28 cost time: 8.572580337524414
Epoch: 28, Steps: 31 | Train Loss: 0.0569603 Vali Loss: 0.0873943 Test Loss: 0.0516162
Validation loss decreased (0.088286 --> 0.087394).  Saving model ...
Updating learning rate to 9.898234951006446e-06
Epoch: 29 cost time: 9.057891607284546
Epoch: 29, Steps: 31 | Train Loss: 0.0562697 Vali Loss: 0.0864921 Test Loss: 0.0509537
Validation loss decreased (0.087394 --> 0.086492).  Saving model ...
Updating learning rate to 9.97531975041899e-06
Epoch: 30 cost time: 8.574896574020386
Epoch: 30, Steps: 31 | Train Loss: 0.0556231 Vali Loss: 0.0853927 Test Loss: 0.0503574
Validation loss decreased (0.086492 --> 0.085393).  Saving model ...
Updating learning rate to 9.999994760154602e-06
Epoch: 31 cost time: 8.327341556549072
Epoch: 31, Steps: 31 | Train Loss: 0.0550171 Vali Loss: 0.0847717 Test Loss: 0.0497671
Validation loss decreased (0.085393 --> 0.084772).  Saving model ...
Updating learning rate to 9.994635356966321e-06
Epoch: 32 cost time: 7.372986793518066
Epoch: 32, Steps: 31 | Train Loss: 0.0543226 Vali Loss: 0.0836441 Test Loss: 0.0492438
Validation loss decreased (0.084772 --> 0.083644).  Saving model ...
Updating learning rate to 9.979217463145653e-06
Epoch: 33 cost time: 8.00702166557312
Epoch: 33, Steps: 31 | Train Loss: 0.0536566 Vali Loss: 0.0826942 Test Loss: 0.0487429
Validation loss decreased (0.083644 --> 0.082694).  Saving model ...
Updating learning rate to 9.953772128278901e-06
Epoch: 34 cost time: 8.486236810684204
Epoch: 34, Steps: 31 | Train Loss: 0.0531202 Vali Loss: 0.0819204 Test Loss: 0.0481907
Validation loss decreased (0.082694 --> 0.081920).  Saving model ...
Updating learning rate to 9.918350595884151e-06
Epoch: 35 cost time: 7.082223653793335
Epoch: 35, Steps: 31 | Train Loss: 0.0525101 Vali Loss: 0.0810991 Test Loss: 0.0476817
Validation loss decreased (0.081920 --> 0.081099).  Saving model ...
Updating learning rate to 9.873024200213661e-06
Epoch: 36 cost time: 5.862112760543823
Epoch: 36, Steps: 31 | Train Loss: 0.0519457 Vali Loss: 0.0803848 Test Loss: 0.0471615
Validation loss decreased (0.081099 --> 0.080385).  Saving model ...
Updating learning rate to 9.817884222596151e-06
Epoch: 37 cost time: 8.955935001373291
Epoch: 37, Steps: 31 | Train Loss: 0.0513388 Vali Loss: 0.0793262 Test Loss: 0.0467344
Validation loss decreased (0.080385 --> 0.079326).  Saving model ...
Updating learning rate to 9.75304170760837e-06
Epoch: 38 cost time: 7.36557936668396
Epoch: 38, Steps: 31 | Train Loss: 0.0507583 Vali Loss: 0.0786114 Test Loss: 0.0462162
Validation loss decreased (0.079326 --> 0.078611).  Saving model ...
Updating learning rate to 9.678627239446092e-06
Epoch: 39 cost time: 8.542132377624512
Epoch: 39, Steps: 31 | Train Loss: 0.0502055 Vali Loss: 0.0780945 Test Loss: 0.0457886
Validation loss decreased (0.078611 --> 0.078094).  Saving model ...
Updating learning rate to 9.594790678944921e-06
Epoch: 40 cost time: 8.05747652053833
Epoch: 40, Steps: 31 | Train Loss: 0.0496259 Vali Loss: 0.0770149 Test Loss: 0.0453041
Validation loss decreased (0.078094 --> 0.077015).  Saving model ...
Updating learning rate to 9.50170086178052e-06
Epoch: 41 cost time: 6.989388465881348
Epoch: 41, Steps: 31 | Train Loss: 0.0491367 Vali Loss: 0.0766148 Test Loss: 0.0448627
Validation loss decreased (0.077015 --> 0.076615).  Saving model ...
Updating learning rate to 9.399545258456017e-06
Epoch: 42 cost time: 7.268653869628906
Epoch: 42, Steps: 31 | Train Loss: 0.0485853 Vali Loss: 0.0755381 Test Loss: 0.0444306
Validation loss decreased (0.076615 --> 0.075538).  Saving model ...
Updating learning rate to 9.288529596761373e-06
Epoch: 43 cost time: 6.996101140975952
Epoch: 43, Steps: 31 | Train Loss: 0.0480928 Vali Loss: 0.0748722 Test Loss: 0.0439801
Validation loss decreased (0.075538 --> 0.074872).  Saving model ...
Updating learning rate to 9.168877447464985e-06
Epoch: 44 cost time: 8.55095624923706
Epoch: 44, Steps: 31 | Train Loss: 0.0475502 Vali Loss: 0.0741317 Test Loss: 0.0435630
Validation loss decreased (0.074872 --> 0.074132).  Saving model ...
Updating learning rate to 9.040829774071914e-06
Epoch: 45 cost time: 8.666531324386597
Epoch: 45, Steps: 31 | Train Loss: 0.0470268 Vali Loss: 0.0732039 Test Loss: 0.0431541
Validation loss decreased (0.074132 --> 0.073204).  Saving model ...
Updating learning rate to 8.904644447555448e-06
Epoch: 46 cost time: 9.917770624160767
Epoch: 46, Steps: 31 | Train Loss: 0.0465518 Vali Loss: 0.0728687 Test Loss: 0.0427294
Validation loss decreased (0.073204 --> 0.072869).  Saving model ...
Updating learning rate to 8.760595727039295e-06
Epoch: 47 cost time: 9.808248519897461
Epoch: 47, Steps: 31 | Train Loss: 0.0460534 Vali Loss: 0.0719301 Test Loss: 0.0423275
Validation loss decreased (0.072869 --> 0.071930).  Saving model ...
Updating learning rate to 8.608973707476191e-06
Epoch: 48 cost time: 11.29169249534607
Epoch: 48, Steps: 31 | Train Loss: 0.0455568 Vali Loss: 0.0714130 Test Loss: 0.0419286
Validation loss decreased (0.071930 --> 0.071413).  Saving model ...
Updating learning rate to 8.45008373543528e-06
Epoch: 49 cost time: 8.264671564102173
Epoch: 49, Steps: 31 | Train Loss: 0.0450715 Vali Loss: 0.0704683 Test Loss: 0.0415101
Validation loss decreased (0.071413 --> 0.070468).  Saving model ...
Updating learning rate to 8.284245794174751e-06
Epoch: 50 cost time: 5.125518321990967
Epoch: 50, Steps: 31 | Train Loss: 0.0445727 Vali Loss: 0.0701723 Test Loss: 0.0411033
Validation loss decreased (0.070468 --> 0.070172).  Saving model ...
Updating learning rate to 8.111793859238162e-06
Epoch: 51 cost time: 6.683627605438232
Epoch: 51, Steps: 31 | Train Loss: 0.0440985 Vali Loss: 0.0692895 Test Loss: 0.0407283
Validation loss decreased (0.070172 --> 0.069289).  Saving model ...
Updating learning rate to 7.93307522587211e-06
Epoch: 52 cost time: 7.8304829597473145
Epoch: 52, Steps: 31 | Train Loss: 0.0436627 Vali Loss: 0.0685572 Test Loss: 0.0403556
Validation loss decreased (0.069289 --> 0.068557).  Saving model ...
Updating learning rate to 7.748449809619857e-06
Epoch: 53 cost time: 8.386518478393555
Epoch: 53, Steps: 31 | Train Loss: 0.0432145 Vali Loss: 0.0680329 Test Loss: 0.0399700
Validation loss decreased (0.068557 --> 0.068033).  Saving model ...
Updating learning rate to 7.558289421499295e-06
Epoch: 54 cost time: 9.112491369247437
Epoch: 54, Steps: 31 | Train Loss: 0.0427467 Vali Loss: 0.0671658 Test Loss: 0.0396032
Validation loss decreased (0.068033 --> 0.067166).  Saving model ...
Updating learning rate to 7.362977019225052e-06
Epoch: 55 cost time: 7.180059194564819
Epoch: 55, Steps: 31 | Train Loss: 0.0423171 Vali Loss: 0.0666577 Test Loss: 0.0392138
Validation loss decreased (0.067166 --> 0.066658).  Saving model ...
Updating learning rate to 7.162905935982624e-06
Epoch: 56 cost time: 7.867316722869873
Epoch: 56, Steps: 31 | Train Loss: 0.0418966 Vali Loss: 0.0661764 Test Loss: 0.0388556
Validation loss decreased (0.066658 --> 0.066176).  Saving model ...
Updating learning rate to 6.958479088307673e-06
Epoch: 57 cost time: 7.288310289382935
Epoch: 57, Steps: 31 | Train Loss: 0.0414489 Vali Loss: 0.0652717 Test Loss: 0.0384925
Validation loss decreased (0.066176 --> 0.065272).  Saving model ...
Updating learning rate to 6.7501081646657556e-06
Epoch: 58 cost time: 8.629163980484009
Epoch: 58, Steps: 31 | Train Loss: 0.0410092 Vali Loss: 0.0646464 Test Loss: 0.0381513
Validation loss decreased (0.065272 --> 0.064646).  Saving model ...
Updating learning rate to 6.538212796366537e-06
Epoch: 59 cost time: 8.568457841873169
Epoch: 59, Steps: 31 | Train Loss: 0.0406079 Vali Loss: 0.0641270 Test Loss: 0.0377859
Validation loss decreased (0.064646 --> 0.064127).  Saving model ...
Updating learning rate to 6.323219712482178e-06
Epoch: 60 cost time: 10.581260442733765
Epoch: 60, Steps: 31 | Train Loss: 0.0401636 Vali Loss: 0.0636522 Test Loss: 0.0374304
Validation loss decreased (0.064127 --> 0.063652).  Saving model ...
Updating learning rate to 6.1055618804717764e-06
Epoch: 61 cost time: 7.447511672973633
Epoch: 61, Steps: 31 | Train Loss: 0.0397951 Vali Loss: 0.0629948 Test Loss: 0.0370835
Validation loss decreased (0.063652 --> 0.062995).  Saving model ...
Updating learning rate to 5.8856776342425235e-06
Epoch: 62 cost time: 7.591799259185791
Epoch: 62, Steps: 31 | Train Loss: 0.0393578 Vali Loss: 0.0621042 Test Loss: 0.0367400
Validation loss decreased (0.062995 --> 0.062104).  Saving model ...
Updating learning rate to 5.664009791403554e-06
Epoch: 63 cost time: 7.063683271408081
Epoch: 63, Steps: 31 | Train Loss: 0.0389501 Vali Loss: 0.0618805 Test Loss: 0.0363983
Validation loss decreased (0.062104 --> 0.061880).  Saving model ...
Updating learning rate to 5.441004761490205e-06
Epoch: 64 cost time: 9.68567681312561
Epoch: 64, Steps: 31 | Train Loss: 0.0385058 Vali Loss: 0.0612499 Test Loss: 0.0360631
Validation loss decreased (0.061880 --> 0.061250).  Saving model ...
Updating learning rate to 5.217111646954626e-06
Epoch: 65 cost time: 10.184308528900146
Epoch: 65, Steps: 31 | Train Loss: 0.0381972 Vali Loss: 0.0607511 Test Loss: 0.0358665
Validation loss decreased (0.061250 --> 0.060751).  Saving model ...
Updating learning rate to 4.992781338733208e-06
Epoch: 66 cost time: 6.429283618927002
Epoch: 66, Steps: 31 | Train Loss: 0.0380856 Vali Loss: 0.0606463 Test Loss: 0.0358707
Validation loss decreased (0.060751 --> 0.060646).  Saving model ...
Updating learning rate to 4.768465608212241e-06
Epoch: 67 cost time: 7.633046388626099
Epoch: 67, Steps: 31 | Train Loss: 0.0380228 Vali Loss: 0.0606777 Test Loss: 0.0358686
EarlyStopping counter: 1 out of 10
Updating learning rate to 4.544616197420465e-06
Epoch: 68 cost time: 7.530619382858276
Epoch: 68, Steps: 31 | Train Loss: 0.0380204 Vali Loss: 0.0607625 Test Loss: 0.0358728
EarlyStopping counter: 2 out of 10
Updating learning rate to 4.321683909280753e-06
Epoch: 69 cost time: 7.9328696727752686
Epoch: 69, Steps: 31 | Train Loss: 0.0379947 Vali Loss: 0.0609103 Test Loss: 0.0358763
EarlyStopping counter: 3 out of 10
Updating learning rate to 4.100117699752996e-06
Epoch: 70 cost time: 9.221276044845581
Epoch: 70, Steps: 31 | Train Loss: 0.0380015 Vali Loss: 0.0608448 Test Loss: 0.0358771
EarlyStopping counter: 4 out of 10
Updating learning rate to 3.8803637736965736e-06
Epoch: 71 cost time: 9.05518364906311
Epoch: 71, Steps: 31 | Train Loss: 0.0379548 Vali Loss: 0.0608979 Test Loss: 0.0358798
EarlyStopping counter: 5 out of 10
Updating learning rate to 3.66286468627313e-06
Epoch: 72 cost time: 7.934200048446655
Epoch: 72, Steps: 31 | Train Loss: 0.0379533 Vali Loss: 0.0608734 Test Loss: 0.0358837
EarlyStopping counter: 6 out of 10
Updating learning rate to 3.4480584516993903e-06
Epoch: 73 cost time: 6.733294248580933
Epoch: 73, Steps: 31 | Train Loss: 0.0379452 Vali Loss: 0.0607422 Test Loss: 0.0358801
EarlyStopping counter: 7 out of 10
Updating learning rate to 3.2363776611448018e-06
Epoch: 74 cost time: 9.023779392242432
Epoch: 74, Steps: 31 | Train Loss: 0.0379428 Vali Loss: 0.0610004 Test Loss: 0.0358915
EarlyStopping counter: 8 out of 10
Updating learning rate to 3.0282486115505108e-06
Epoch: 75 cost time: 7.491175651550293
Epoch: 75, Steps: 31 | Train Loss: 0.0378640 Vali Loss: 0.0607582 Test Loss: 0.0358982
EarlyStopping counter: 9 out of 10
Updating learning rate to 2.8240904471240344e-06
Epoch: 76 cost time: 7.067708253860474
Epoch: 76, Steps: 31 | Train Loss: 0.0378969 Vali Loss: 0.0607697 Test Loss: 0.0358899
EarlyStopping counter: 10 out of 10
Early stopping
>>>>>>>testing : ETTh1_336_192_DTFNet_ETTh1_ftM_sl336_ll0_pl192_dm128_nh16_el2_br2_dl1_df256_fc1_ebtimeF_dtTrue_'Exp'_0_'rel_sin'_16_8_16,24_8,12_3_1_256<<<<<<<<<<<<<<<<<<<<<<<<<<<<<<<<<
test 2689
mse:0.38782835006713867, mae:0.40501025319099426, rse:0.5923433899879456
