Args in experiment:
Namespace(activation='gelu', affine=0, batch_size=256, c_out=7, checkpoints='./checkpoints/', d_ff=256, d_layers=1, d_model=128, d_model_ls='128', data='ETTh1', data_path='ETTh1.csv', dec_in=7, decomposition=0, des="'Exp'", devices='0', dilation_rates='1', distil=True, do_predict=False, dropout=0.3, e_layers=2, embed='timeF', embed_type=0, enc_in=7, factor=1, fc_dropout=0.3, features='M', freq='h', gpu=0, head_dropout=0.1, head_type='flatten', individual=0, initTLV=0.2, is_training=1, itr=1, kernel_size=25, l2=0.0, label_len=0, learning_rate=1e-05, loss='mse', loss_flag=2, lradj='TST', mlflow_project='exp', model='DTFNet', model_id='ETTh1_336_336', model_type='linear', moving_avg=25, n_branches=2, n_heads=16, n_heads_ls='16', no_learn_pe=True, num_workers=0, output_attention=False, padding_patch="'end'", patch_len=16, patch_len_ls='16,24', patience=10, pct_start=0.3, pe='zeros', pre_norm=False, pred_len=336, rel_pe="'rel_sin'", res_attn=False, revin=1, root_path='./dataset/', seq_len=336, store_attn=False, stride=8, stride_ls='8,12', stride_ls_list='16', sub_patch_len=16, sub_stride=8, subtract_last=0, target='OT', test_flop=False, tfactor=3, train_epochs=100, use_amp=False, use_gpu=True, use_mlflow=False, use_multi_gpu=False, warmup_steps=0, wavelet_dim=64, wavelet_layers=2, wavelet_mode='periodization', wavelet_type='db5')
Use GPU: cuda:0
>>>>>>>start training : ETTh1_336_336_DTFNet_ETTh1_ftM_sl336_ll0_pl336_dm128_nh16_el2_br2_dl1_df256_fc1_ebtimeF_dtTrue_'Exp'_0_'rel_sin'_16_8_16,24_8,12_3_1_256>>>>>>>>>>>>>>>>>>>>>>>>>>
train 7969
val 2545
test 2545
Epoch: 1 cost time: 5.103653192520142
Epoch: 1, Steps: 31 | Train Loss: 0.0988905 Vali Loss: 0.1650521 Test Loss: 0.0956649
Validation loss decreased (inf --> 0.165052).  Saving model ...
Updating learning rate to 4.2635148986572395e-07
Epoch: 2 cost time: 4.511131048202515
Epoch: 2, Steps: 31 | Train Loss: 0.0979446 Vali Loss: 0.1633564 Test Loss: 0.0947454
Validation loss decreased (0.165052 --> 0.163356).  Saving model ...
Updating learning rate to 5.051166257053371e-07
Epoch: 3 cost time: 4.461520195007324
Epoch: 3, Steps: 31 | Train Loss: 0.0970445 Vali Loss: 0.1616158 Test Loss: 0.0937523
Validation loss decreased (0.163356 --> 0.161616).  Saving model ...
Updating learning rate to 6.354305830693182e-07
Epoch: 4 cost time: 4.528410196304321
Epoch: 4, Steps: 31 | Train Loss: 0.0960649 Vali Loss: 0.1598679 Test Loss: 0.0926967
Validation loss decreased (0.161616 --> 0.159868).  Saving model ...
Updating learning rate to 8.158625424048165e-07
Epoch: 5 cost time: 4.480813980102539
Epoch: 5, Steps: 31 | Train Loss: 0.0950577 Vali Loss: 0.1578290 Test Loss: 0.0915449
Validation loss decreased (0.159868 --> 0.157829).  Saving model ...
Updating learning rate to 1.0444313991502185e-06
Epoch: 6 cost time: 4.420401096343994
Epoch: 6, Steps: 31 | Train Loss: 0.0939914 Vali Loss: 0.1558574 Test Loss: 0.0902682
Validation loss decreased (0.157829 --> 0.155857).  Saving model ...
Updating learning rate to 1.3186275158421247e-06
Epoch: 7 cost time: 4.516653299331665
Epoch: 7, Steps: 31 | Train Loss: 0.0928306 Vali Loss: 0.1538278 Test Loss: 0.0888195
Validation loss decreased (0.155857 --> 0.153828).  Saving model ...
Updating learning rate to 1.6354402774012767e-06
Epoch: 8 cost time: 4.442444086074829
Epoch: 8, Steps: 31 | Train Loss: 0.0915196 Vali Loss: 0.1513464 Test Loss: 0.0870804
Validation loss decreased (0.153828 --> 0.151346).  Saving model ...
Updating learning rate to 1.99139114704619e-06
Epoch: 9 cost time: 4.550265073776245
Epoch: 9, Steps: 31 | Train Loss: 0.0900202 Vali Loss: 0.1480889 Test Loss: 0.0849112
Validation loss decreased (0.151346 --> 0.148089).  Saving model ...
Updating learning rate to 2.3825718598876392e-06
Epoch: 10 cost time: 4.5164313316345215
Epoch: 10, Steps: 31 | Train Loss: 0.0881837 Vali Loss: 0.1444797 Test Loss: 0.0820260
Validation loss decreased (0.148089 --> 0.144480).  Saving model ...
Updating learning rate to 2.8046873348464134e-06
Epoch: 11 cost time: 4.584576368331909
Epoch: 11, Steps: 31 | Train Loss: 0.0859008 Vali Loss: 0.1397360 Test Loss: 0.0781941
Validation loss decreased (0.144480 --> 0.139736).  Saving model ...
Updating learning rate to 3.2531028337306174e-06
Epoch: 12 cost time: 4.631527423858643
Epoch: 12, Steps: 31 | Train Loss: 0.0831730 Vali Loss: 0.1338780 Test Loss: 0.0739202
Validation loss decreased (0.139736 --> 0.133878).  Saving model ...
Updating learning rate to 3.7228948496758864e-06
Epoch: 13 cost time: 4.589430093765259
Epoch: 13, Steps: 31 | Train Loss: 0.0805181 Vali Loss: 0.1291852 Test Loss: 0.0705028
Validation loss decreased (0.133878 --> 0.129185).  Saving model ...
Updating learning rate to 4.20890516620423e-06
Epoch: 14 cost time: 4.548697233200073
Epoch: 14, Steps: 31 | Train Loss: 0.0782306 Vali Loss: 0.1252765 Test Loss: 0.0682710
Validation loss decreased (0.129185 --> 0.125277).  Saving model ...
Updating learning rate to 4.705797493344547e-06
Epoch: 15 cost time: 4.431400537490845
Epoch: 15, Steps: 31 | Train Loss: 0.0763092 Vali Loss: 0.1218956 Test Loss: 0.0663295
Validation loss decreased (0.125277 --> 0.121896).  Saving model ...
Updating learning rate to 5.208116058962259e-06
Epoch: 16 cost time: 4.452002048492432
Epoch: 16, Steps: 31 | Train Loss: 0.0744910 Vali Loss: 0.1190750 Test Loss: 0.0644083
Validation loss decreased (0.121896 --> 0.119075).  Saving model ...
Updating learning rate to 5.710345511977682e-06
Epoch: 17 cost time: 4.568389892578125
Epoch: 17, Steps: 31 | Train Loss: 0.0727427 Vali Loss: 0.1164422 Test Loss: 0.0625423
Validation loss decreased (0.119075 --> 0.116442).  Saving model ...
Updating learning rate to 6.206971479748566e-06
Epoch: 18 cost time: 4.5226335525512695
Epoch: 18, Steps: 31 | Train Loss: 0.0711379 Vali Loss: 0.1145296 Test Loss: 0.0607710
Validation loss decreased (0.116442 --> 0.114530).  Saving model ...
Updating learning rate to 6.6925411147095855e-06
Epoch: 19 cost time: 4.594665288925171
Epoch: 19, Steps: 31 | Train Loss: 0.0697816 Vali Loss: 0.1122445 Test Loss: 0.0595631
Validation loss decreased (0.114530 --> 0.112245).  Saving model ...
Updating learning rate to 7.161722965479587e-06
Epoch: 20 cost time: 4.545005798339844
Epoch: 20, Steps: 31 | Train Loss: 0.0686405 Vali Loss: 0.1104067 Test Loss: 0.0583349
Validation loss decreased (0.112245 --> 0.110407).  Saving model ...
Updating learning rate to 7.609365515064509e-06
Epoch: 21 cost time: 4.5492565631866455
Epoch: 21, Steps: 31 | Train Loss: 0.0676781 Vali Loss: 0.1097504 Test Loss: 0.0576232
Validation loss decreased (0.110407 --> 0.109750).  Saving model ...
Updating learning rate to 8.030553743418992e-06
Epoch: 22 cost time: 4.5128302574157715
Epoch: 22, Steps: 31 | Train Loss: 0.0667795 Vali Loss: 0.1083407 Test Loss: 0.0566616
Validation loss decreased (0.109750 --> 0.108341).  Saving model ...
Updating learning rate to 8.420663093321771e-06
Epoch: 23 cost time: 4.447170972824097
Epoch: 23, Steps: 31 | Train Loss: 0.0659364 Vali Loss: 0.1074577 Test Loss: 0.0559312
Validation loss decreased (0.108341 --> 0.107458).  Saving model ...
Updating learning rate to 8.775410247030974e-06
Epoch: 24 cost time: 4.493468761444092
Epoch: 24, Steps: 31 | Train Loss: 0.0651427 Vali Loss: 0.1060585 Test Loss: 0.0553876
Validation loss decreased (0.107458 --> 0.106058).  Saving model ...
Updating learning rate to 9.09090015620249e-06
Epoch: 25 cost time: 4.476991653442383
Epoch: 25, Steps: 31 | Train Loss: 0.0643650 Vali Loss: 0.1052920 Test Loss: 0.0546672
Validation loss decreased (0.106058 --> 0.105292).  Saving model ...
Updating learning rate to 9.363668808692879e-06
Epoch: 26 cost time: 4.605301856994629
Epoch: 26, Steps: 31 | Train Loss: 0.0636014 Vali Loss: 0.1041982 Test Loss: 0.0540505
Validation loss decreased (0.105292 --> 0.104198).  Saving model ...
Updating learning rate to 9.59072126267639e-06
Epoch: 27 cost time: 4.597779035568237
Epoch: 27, Steps: 31 | Train Loss: 0.0629050 Vali Loss: 0.1034456 Test Loss: 0.0533634
Validation loss decreased (0.104198 --> 0.103446).  Saving model ...
Updating learning rate to 9.769564530469635e-06
Epoch: 28 cost time: 4.621507167816162
Epoch: 28, Steps: 31 | Train Loss: 0.0621857 Vali Loss: 0.1027484 Test Loss: 0.0527852
Validation loss decreased (0.103446 --> 0.102748).  Saving model ...
Updating learning rate to 9.898234951006446e-06
Epoch: 29 cost time: 4.563353776931763
Epoch: 29, Steps: 31 | Train Loss: 0.0614835 Vali Loss: 0.1014249 Test Loss: 0.0522797
Validation loss decreased (0.102748 --> 0.101425).  Saving model ...
Updating learning rate to 9.97531975041899e-06
Epoch: 30 cost time: 4.528684139251709
Epoch: 30, Steps: 31 | Train Loss: 0.0607680 Vali Loss: 0.1008339 Test Loss: 0.0516450
Validation loss decreased (0.101425 --> 0.100834).  Saving model ...
Updating learning rate to 9.999994760154602e-06
Epoch: 31 cost time: 4.450369596481323
Epoch: 31, Steps: 31 | Train Loss: 0.0601314 Vali Loss: 0.1001133 Test Loss: 0.0512620
Validation loss decreased (0.100834 --> 0.100113).  Saving model ...
Updating learning rate to 9.994635356966321e-06
Epoch: 32 cost time: 4.414791107177734
Epoch: 32, Steps: 31 | Train Loss: 0.0594496 Vali Loss: 0.0990326 Test Loss: 0.0508255
Validation loss decreased (0.100113 --> 0.099033).  Saving model ...
Updating learning rate to 9.979217463145653e-06
Epoch: 33 cost time: 4.525211334228516
Epoch: 33, Steps: 31 | Train Loss: 0.0588047 Vali Loss: 0.0983473 Test Loss: 0.0502543
Validation loss decreased (0.099033 --> 0.098347).  Saving model ...
Updating learning rate to 9.953772128278901e-06
Epoch: 34 cost time: 4.6060967445373535
Epoch: 34, Steps: 31 | Train Loss: 0.0581676 Vali Loss: 0.0972088 Test Loss: 0.0496644
Validation loss decreased (0.098347 --> 0.097209).  Saving model ...
Updating learning rate to 9.918350595884151e-06
Epoch: 35 cost time: 4.561453819274902
Epoch: 35, Steps: 31 | Train Loss: 0.0575217 Vali Loss: 0.0968912 Test Loss: 0.0492841
Validation loss decreased (0.097209 --> 0.096891).  Saving model ...
Updating learning rate to 9.873024200213661e-06
Epoch: 36 cost time: 4.560490369796753
Epoch: 36, Steps: 31 | Train Loss: 0.0569127 Vali Loss: 0.0958570 Test Loss: 0.0486980
Validation loss decreased (0.096891 --> 0.095857).  Saving model ...
Updating learning rate to 9.817884222596151e-06
Epoch: 37 cost time: 4.486557722091675
Epoch: 37, Steps: 31 | Train Loss: 0.0563036 Vali Loss: 0.0949894 Test Loss: 0.0483880
Validation loss decreased (0.095857 --> 0.094989).  Saving model ...
Updating learning rate to 9.75304170760837e-06
Epoch: 38 cost time: 4.473421573638916
Epoch: 38, Steps: 31 | Train Loss: 0.0556953 Vali Loss: 0.0943373 Test Loss: 0.0478254
Validation loss decreased (0.094989 --> 0.094337).  Saving model ...
Updating learning rate to 9.678627239446092e-06
Epoch: 39 cost time: 4.449522972106934
Epoch: 39, Steps: 31 | Train Loss: 0.0551003 Vali Loss: 0.0937764 Test Loss: 0.0474662
Validation loss decreased (0.094337 --> 0.093776).  Saving model ...
Updating learning rate to 9.594790678944921e-06
Epoch: 40 cost time: 4.6045777797698975
Epoch: 40, Steps: 31 | Train Loss: 0.0545023 Vali Loss: 0.0928103 Test Loss: 0.0469686
Validation loss decreased (0.093776 --> 0.092810).  Saving model ...
Updating learning rate to 9.50170086178052e-06
Epoch: 41 cost time: 4.5555260181427
Epoch: 41, Steps: 31 | Train Loss: 0.0538995 Vali Loss: 0.0920053 Test Loss: 0.0465897
Validation loss decreased (0.092810 --> 0.092005).  Saving model ...
Updating learning rate to 9.399545258456017e-06
Epoch: 42 cost time: 4.466051816940308
Epoch: 42, Steps: 31 | Train Loss: 0.0533738 Vali Loss: 0.0913130 Test Loss: 0.0462544
Validation loss decreased (0.092005 --> 0.091313).  Saving model ...
Updating learning rate to 9.288529596761373e-06
Epoch: 43 cost time: 4.448768854141235
Epoch: 43, Steps: 31 | Train Loss: 0.0528071 Vali Loss: 0.0906269 Test Loss: 0.0458374
Validation loss decreased (0.091313 --> 0.090627).  Saving model ...
Updating learning rate to 9.168877447464985e-06
Epoch: 44 cost time: 4.49744439125061
Epoch: 44, Steps: 31 | Train Loss: 0.0522495 Vali Loss: 0.0897692 Test Loss: 0.0453955
Validation loss decreased (0.090627 --> 0.089769).  Saving model ...
Updating learning rate to 9.040829774071914e-06
Epoch: 45 cost time: 4.611834287643433
Epoch: 45, Steps: 31 | Train Loss: 0.0517013 Vali Loss: 0.0892803 Test Loss: 0.0450013
Validation loss decreased (0.089769 --> 0.089280).  Saving model ...
Updating learning rate to 8.904644447555448e-06
Epoch: 46 cost time: 4.6208720207214355
Epoch: 46, Steps: 31 | Train Loss: 0.0511743 Vali Loss: 0.0888095 Test Loss: 0.0447225
Validation loss decreased (0.089280 --> 0.088809).  Saving model ...
Updating learning rate to 8.760595727039295e-06
Epoch: 47 cost time: 4.444984197616577
Epoch: 47, Steps: 31 | Train Loss: 0.0506585 Vali Loss: 0.0879508 Test Loss: 0.0441830
Validation loss decreased (0.088809 --> 0.087951).  Saving model ...
Updating learning rate to 8.608973707476191e-06
Epoch: 48 cost time: 4.526100158691406
Epoch: 48, Steps: 31 | Train Loss: 0.0501238 Vali Loss: 0.0868437 Test Loss: 0.0438604
Validation loss decreased (0.087951 --> 0.086844).  Saving model ...
Updating learning rate to 8.450083735435278e-06
Epoch: 49 cost time: 4.618363618850708
Epoch: 49, Steps: 31 | Train Loss: 0.0496069 Vali Loss: 0.0866085 Test Loss: 0.0434637
Validation loss decreased (0.086844 --> 0.086608).  Saving model ...
Updating learning rate to 8.284245794174751e-06
Epoch: 50 cost time: 4.5074756145477295
Epoch: 50, Steps: 31 | Train Loss: 0.0491268 Vali Loss: 0.0854997 Test Loss: 0.0430744
Validation loss decreased (0.086608 --> 0.085500).  Saving model ...
Updating learning rate to 8.111793859238162e-06
Epoch: 51 cost time: 4.505868434906006
Epoch: 51, Steps: 31 | Train Loss: 0.0486056 Vali Loss: 0.0846845 Test Loss: 0.0427927
Validation loss decreased (0.085500 --> 0.084684).  Saving model ...
Updating learning rate to 7.93307522587211e-06
Epoch: 52 cost time: 4.540566682815552
Epoch: 52, Steps: 31 | Train Loss: 0.0481410 Vali Loss: 0.0841288 Test Loss: 0.0424284
Validation loss decreased (0.084684 --> 0.084129).  Saving model ...
Updating learning rate to 7.748449809619857e-06
Epoch: 53 cost time: 4.5679051876068115
Epoch: 53, Steps: 31 | Train Loss: 0.0476535 Vali Loss: 0.0836595 Test Loss: 0.0419880
Validation loss decreased (0.084129 --> 0.083659).  Saving model ...
Updating learning rate to 7.558289421499295e-06
Epoch: 54 cost time: 4.489966869354248
Epoch: 54, Steps: 31 | Train Loss: 0.0471843 Vali Loss: 0.0825326 Test Loss: 0.0416582
Validation loss decreased (0.083659 --> 0.082533).  Saving model ...
Updating learning rate to 7.362977019225052e-06
Epoch: 55 cost time: 4.537996053695679
Epoch: 55, Steps: 31 | Train Loss: 0.0467208 Vali Loss: 0.0819606 Test Loss: 0.0413581
Validation loss decreased (0.082533 --> 0.081961).  Saving model ...
Updating learning rate to 7.162905935982624e-06
Epoch: 56 cost time: 4.526710748672485
Epoch: 56, Steps: 31 | Train Loss: 0.0462466 Vali Loss: 0.0814298 Test Loss: 0.0410607
Validation loss decreased (0.081961 --> 0.081430).  Saving model ...
Updating learning rate to 6.958479088307673e-06
Epoch: 57 cost time: 4.650031566619873
Epoch: 57, Steps: 31 | Train Loss: 0.0458045 Vali Loss: 0.0806836 Test Loss: 0.0406333
Validation loss decreased (0.081430 --> 0.080684).  Saving model ...
Updating learning rate to 6.7501081646657556e-06
Epoch: 58 cost time: 4.508460760116577
Epoch: 58, Steps: 31 | Train Loss: 0.0453602 Vali Loss: 0.0798152 Test Loss: 0.0403620
Validation loss decreased (0.080684 --> 0.079815).  Saving model ...
Updating learning rate to 6.538212796366537e-06
Epoch: 59 cost time: 4.471368312835693
Epoch: 59, Steps: 31 | Train Loss: 0.0449164 Vali Loss: 0.0792291 Test Loss: 0.0399758
Validation loss decreased (0.079815 --> 0.079229).  Saving model ...
Updating learning rate to 6.323219712482178e-06
Epoch: 60 cost time: 4.518394231796265
Epoch: 60, Steps: 31 | Train Loss: 0.0444723 Vali Loss: 0.0783359 Test Loss: 0.0398009
Validation loss decreased (0.079229 --> 0.078336).  Saving model ...
Updating learning rate to 6.1055618804717764e-06
Epoch: 61 cost time: 4.57280158996582
Epoch: 61, Steps: 31 | Train Loss: 0.0440336 Vali Loss: 0.0778272 Test Loss: 0.0393273
Validation loss decreased (0.078336 --> 0.077827).  Saving model ...
Updating learning rate to 5.8856776342425235e-06
Epoch: 62 cost time: 4.5553672313690186
Epoch: 62, Steps: 31 | Train Loss: 0.0436372 Vali Loss: 0.0768281 Test Loss: 0.0389848
Validation loss decreased (0.077827 --> 0.076828).  Saving model ...
Updating learning rate to 5.664009791403554e-06
Epoch: 63 cost time: 4.566336631774902
Epoch: 63, Steps: 31 | Train Loss: 0.0432059 Vali Loss: 0.0763654 Test Loss: 0.0386448
Validation loss decreased (0.076828 --> 0.076365).  Saving model ...
Updating learning rate to 5.441004761490205e-06
Epoch: 64 cost time: 4.453578233718872
Epoch: 64, Steps: 31 | Train Loss: 0.0428497 Vali Loss: 0.0755074 Test Loss: 0.0382660
Validation loss decreased (0.076365 --> 0.075507).  Saving model ...
Updating learning rate to 5.217111646954626e-06
Epoch: 65 cost time: 4.570958852767944
Epoch: 65, Steps: 31 | Train Loss: 0.0423935 Vali Loss: 0.0748734 Test Loss: 0.0379876
Validation loss decreased (0.075507 --> 0.074873).  Saving model ...
Updating learning rate to 4.992781338733208e-06
Epoch: 66 cost time: 4.637677192687988
Epoch: 66, Steps: 31 | Train Loss: 0.0419923 Vali Loss: 0.0744850 Test Loss: 0.0376995
Validation loss decreased (0.074873 --> 0.074485).  Saving model ...
Updating learning rate to 4.768465608212241e-06
Epoch: 67 cost time: 4.522056341171265
Epoch: 67, Steps: 31 | Train Loss: 0.0416055 Vali Loss: 0.0737694 Test Loss: 0.0373740
Validation loss decreased (0.074485 --> 0.073769).  Saving model ...
Updating learning rate to 4.544616197420465e-06
Epoch: 68 cost time: 4.551451683044434
Epoch: 68, Steps: 31 | Train Loss: 0.0412283 Vali Loss: 0.0729759 Test Loss: 0.0371078
Validation loss decreased (0.073769 --> 0.072976).  Saving model ...
Updating learning rate to 4.321683909280753e-06
Epoch: 69 cost time: 4.5616819858551025
Epoch: 69, Steps: 31 | Train Loss: 0.0408457 Vali Loss: 0.0722696 Test Loss: 0.0367286
Validation loss decreased (0.072976 --> 0.072270).  Saving model ...
Updating learning rate to 4.100117699752996e-06
Epoch: 70 cost time: 4.574839115142822
Epoch: 70, Steps: 31 | Train Loss: 0.0404889 Vali Loss: 0.0722132 Test Loss: 0.0366393
Validation loss decreased (0.072270 --> 0.072213).  Saving model ...
Updating learning rate to 3.8803637736965736e-06
Epoch: 71 cost time: 4.460104703903198
Epoch: 71, Steps: 31 | Train Loss: 0.0404433 Vali Loss: 0.0719139 Test Loss: 0.0365989
Validation loss decreased (0.072213 --> 0.071914).  Saving model ...
Updating learning rate to 3.66286468627313e-06
Epoch: 72 cost time: 4.490803480148315
Epoch: 72, Steps: 31 | Train Loss: 0.0404289 Vali Loss: 0.0718990 Test Loss: 0.0366300
Validation loss decreased (0.071914 --> 0.071899).  Saving model ...
Updating learning rate to 3.4480584516993903e-06
Epoch: 73 cost time: 4.610156059265137
Epoch: 73, Steps: 31 | Train Loss: 0.0404030 Vali Loss: 0.0719192 Test Loss: 0.0366227
EarlyStopping counter: 1 out of 10
Updating learning rate to 3.2363776611448018e-06
Epoch: 74 cost time: 4.533545017242432
Epoch: 74, Steps: 31 | Train Loss: 0.0403882 Vali Loss: 0.0720642 Test Loss: 0.0366275
EarlyStopping counter: 2 out of 10
Updating learning rate to 3.0282486115505108e-06
Epoch: 75 cost time: 4.482685804367065
Epoch: 75, Steps: 31 | Train Loss: 0.0403937 Vali Loss: 0.0719731 Test Loss: 0.0366408
EarlyStopping counter: 3 out of 10
Updating learning rate to 2.8240904471240344e-06
Epoch: 76 cost time: 4.528120517730713
Epoch: 76, Steps: 31 | Train Loss: 0.0403512 Vali Loss: 0.0718859 Test Loss: 0.0366754
Validation loss decreased (0.071899 --> 0.071886).  Saving model ...
Updating learning rate to 2.624314315238625e-06
Epoch: 77 cost time: 4.608044385910034
Epoch: 77, Steps: 31 | Train Loss: 0.0403679 Vali Loss: 0.0721160 Test Loss: 0.0366290
EarlyStopping counter: 1 out of 10
Updating learning rate to 2.429322538437165e-06
Epoch: 78 cost time: 4.579283952713013
Epoch: 78, Steps: 31 | Train Loss: 0.0403307 Vali Loss: 0.0721041 Test Loss: 0.0366442
EarlyStopping counter: 2 out of 10
Updating learning rate to 2.2395078042081163e-06
Epoch: 79 cost time: 4.511692523956299
Epoch: 79, Steps: 31 | Train Loss: 0.0403314 Vali Loss: 0.0722924 Test Loss: 0.0366695
EarlyStopping counter: 3 out of 10
Updating learning rate to 2.055252374165171e-06
Epoch: 80 cost time: 4.638835906982422
Epoch: 80, Steps: 31 | Train Loss: 0.0403021 Vali Loss: 0.0721433 Test Loss: 0.0366622
EarlyStopping counter: 4 out of 10
Updating learning rate to 1.8769273142232387e-06
Epoch: 81 cost time: 4.559376001358032
Epoch: 81, Steps: 31 | Train Loss: 0.0402898 Vali Loss: 0.0721410 Test Loss: 0.0366815
EarlyStopping counter: 5 out of 10
Updating learning rate to 1.7048917473210744e-06
Epoch: 82 cost time: 4.511695384979248
Epoch: 82, Steps: 31 | Train Loss: 0.0402700 Vali Loss: 0.0720867 Test Loss: 0.0366855
EarlyStopping counter: 6 out of 10
Updating learning rate to 1.5394921301954737e-06
Epoch: 83 cost time: 4.4962568283081055
Epoch: 83, Steps: 31 | Train Loss: 0.0402857 Vali Loss: 0.0721604 Test Loss: 0.0366873
EarlyStopping counter: 7 out of 10
Updating learning rate to 1.3810615556635116e-06
Epoch: 84 cost time: 4.571064233779907
Epoch: 84, Steps: 31 | Train Loss: 0.0402360 Vali Loss: 0.0718518 Test Loss: 0.0366822
Validation loss decreased (0.071886 --> 0.071852).  Saving model ...
Updating learning rate to 1.2299190818179384e-06
Epoch: 85 cost time: 4.6169586181640625
Epoch: 85, Steps: 31 | Train Loss: 0.0402610 Vali Loss: 0.0723325 Test Loss: 0.0366813
EarlyStopping counter: 1 out of 10
Updating learning rate to 1.086369089486641e-06
Epoch: 86 cost time: 4.5074639320373535
Epoch: 86, Steps: 31 | Train Loss: 0.0402349 Vali Loss: 0.0719718 Test Loss: 0.0367072
EarlyStopping counter: 2 out of 10
Updating learning rate to 9.507006692501629e-07
Epoch: 87 cost time: 4.587897539138794
Epoch: 87, Steps: 31 | Train Loss: 0.0402673 Vali Loss: 0.0719744 Test Loss: 0.0367098
EarlyStopping counter: 3 out of 10
Updating learning rate to 8.231870392517542e-07
Epoch: 88 cost time: 4.584513187408447
Epoch: 88, Steps: 31 | Train Loss: 0.0402384 Vali Loss: 0.0718540 Test Loss: 0.0367086
EarlyStopping counter: 4 out of 10
Updating learning rate to 7.040849949723783e-07
Epoch: 89 cost time: 4.570694208145142
Epoch: 89, Steps: 31 | Train Loss: 0.0402430 Vali Loss: 0.0721017 Test Loss: 0.0366918
EarlyStopping counter: 5 out of 10
Updating learning rate to 5.936343920788024e-07
Epoch: 90 cost time: 4.46578311920166
Epoch: 90, Steps: 31 | Train Loss: 0.0402415 Vali Loss: 0.0720793 Test Loss: 0.0367043
EarlyStopping counter: 6 out of 10
Updating learning rate to 4.920576633861978e-07
Epoch: 91 cost time: 4.55915904045105
Epoch: 91, Steps: 31 | Train Loss: 0.0402512 Vali Loss: 0.0721007 Test Loss: 0.0366997
EarlyStopping counter: 7 out of 10
Updating learning rate to 3.995593709080523e-07
Epoch: 92 cost time: 4.5696327686309814
Epoch: 92, Steps: 31 | Train Loss: 0.0402357 Vali Loss: 0.0720893 Test Loss: 0.0367049
EarlyStopping counter: 8 out of 10
Updating learning rate to 3.163257938955016e-07
Epoch: 93 cost time: 4.472991466522217
Epoch: 93, Steps: 31 | Train Loss: 0.0402235 Vali Loss: 0.0719847 Test Loss: 0.0367122
EarlyStopping counter: 9 out of 10
Updating learning rate to 2.425245536957059e-07
Epoch: 94 cost time: 4.540425777435303
Epoch: 94, Steps: 31 | Train Loss: 0.0402151 Vali Loss: 0.0720728 Test Loss: 0.0367065
EarlyStopping counter: 10 out of 10
Early stopping
>>>>>>>testing : ETTh1_336_336_DTFNet_ETTh1_ftM_sl336_ll0_pl336_dm128_nh16_el2_br2_dl1_df256_fc1_ebtimeF_dtTrue_'Exp'_0_'rel_sin'_16_8_16,24_8,12_3_1_256<<<<<<<<<<<<<<<<<<<<<<<<<<<<<<<<<
test 2545
mse:0.3841944932937622, mae:0.4133090376853943, rse:0.5971764326095581
