Args in experiment:
Namespace(activation='gelu', affine=0, batch_size=256, c_out=7, checkpoints='./checkpoints/', d_ff=256, d_layers=1, d_model=128, d_model_ls='128', data='ETTh1', data_path='ETTh1.csv', dec_in=7, decomposition=0, des="'Exp'", devices='0', dilation_rates='1', distil=True, do_predict=False, dropout=0.3, e_layers=2, embed='timeF', embed_type=0, enc_in=7, factor=1, fc_dropout=0.3, features='M', freq='h', gpu=0, head_dropout=0.1, head_type='flatten', individual=0, initTLV=0.2, is_training=1, itr=1, kernel_size=25, l2=0.0, label_len=0, learning_rate=1e-05, loss='mse', loss_flag=2, lradj='TST', mlflow_project='exp', model='DTFNet', model_id='ETTh1_336_336', model_type='linear', moving_avg=25, n_branches=2, n_heads=16, n_heads_ls='16', no_learn_pe=True, num_workers=0, output_attention=False, padding_patch="'end'", patch_len=16, patch_len_ls='16,24', patience=10, pct_start=0.3, pe='zeros', pre_norm=False, pred_len=336, rel_pe="'rel_sin'", res_attn=False, revin=1, root_path='./dataset/', seq_len=336, store_attn=False, stride=8, stride_ls='8,12', stride_ls_list='16', sub_patch_len=16, sub_stride=8, subtract_last=0, target='OT', test_flop=False, tfactor=3, train_epochs=100, use_amp=False, use_gpu=True, use_mlflow=False, use_multi_gpu=False, warmup_steps=0, wavelet_dim=64, wavelet_layers=2, wavelet_mode='periodization', wavelet_type='db5')
Use GPU: cuda:0
>>>>>>>start training : ETTh1_336_336_DTFNet_ETTh1_ftM_sl336_ll0_pl336_dm128_nh16_el2_br2_dl1_df256_fc1_ebtimeF_dtTrue_'Exp'_0_'rel_sin'_16_8_16,24_8,12_3_1_256>>>>>>>>>>>>>>>>>>>>>>>>>>
train 7969
val 2545
test 2545
Epoch: 1 cost time: 5.399126291275024
Epoch: 1, Steps: 31 | Train Loss: 0.0988547 Vali Loss: 0.1651149 Test Loss: 0.0955982
Validation loss decreased (inf --> 0.165115).  Saving model ...
Updating learning rate to 4.2635148986572395e-07
Epoch: 2 cost time: 4.4712300300598145
Epoch: 2, Steps: 31 | Train Loss: 0.0979383 Vali Loss: 0.1636972 Test Loss: 0.0946900
Validation loss decreased (0.165115 --> 0.163697).  Saving model ...
Updating learning rate to 5.051166257053371e-07
Epoch: 3 cost time: 4.4807045459747314
Epoch: 3, Steps: 31 | Train Loss: 0.0970200 Vali Loss: 0.1620533 Test Loss: 0.0937084
Validation loss decreased (0.163697 --> 0.162053).  Saving model ...
Updating learning rate to 6.354305830693182e-07
Epoch: 4 cost time: 4.489015102386475
Epoch: 4, Steps: 31 | Train Loss: 0.0960761 Vali Loss: 0.1605224 Test Loss: 0.0926654
Validation loss decreased (0.162053 --> 0.160522).  Saving model ...
Updating learning rate to 8.158625424048165e-07
Epoch: 5 cost time: 4.56611180305481
Epoch: 5, Steps: 31 | Train Loss: 0.0950865 Vali Loss: 0.1580421 Test Loss: 0.0915376
Validation loss decreased (0.160522 --> 0.158042).  Saving model ...
Updating learning rate to 1.0444313991502185e-06
Epoch: 6 cost time: 4.493399381637573
Epoch: 6, Steps: 31 | Train Loss: 0.0940097 Vali Loss: 0.1560117 Test Loss: 0.0902881
Validation loss decreased (0.158042 --> 0.156012).  Saving model ...
Updating learning rate to 1.3186275158421247e-06
Epoch: 7 cost time: 4.485208988189697
Epoch: 7, Steps: 31 | Train Loss: 0.0928656 Vali Loss: 0.1539384 Test Loss: 0.0888788
Validation loss decreased (0.156012 --> 0.153938).  Saving model ...
Updating learning rate to 1.6354402774012767e-06
Epoch: 8 cost time: 4.563943147659302
Epoch: 8, Steps: 31 | Train Loss: 0.0915737 Vali Loss: 0.1516862 Test Loss: 0.0872217
Validation loss decreased (0.153938 --> 0.151686).  Saving model ...
Updating learning rate to 1.99139114704619e-06
Epoch: 9 cost time: 4.60812783241272
Epoch: 9, Steps: 31 | Train Loss: 0.0901045 Vali Loss: 0.1484063 Test Loss: 0.0851686
Validation loss decreased (0.151686 --> 0.148406).  Saving model ...
Updating learning rate to 2.3825718598876392e-06
Epoch: 10 cost time: 4.582740306854248
Epoch: 10, Steps: 31 | Train Loss: 0.0883375 Vali Loss: 0.1445912 Test Loss: 0.0824644
Validation loss decreased (0.148406 --> 0.144591).  Saving model ...
Updating learning rate to 2.8046873348464134e-06
Epoch: 11 cost time: 4.535988807678223
Epoch: 11, Steps: 31 | Train Loss: 0.0861007 Vali Loss: 0.1400168 Test Loss: 0.0788508
Validation loss decreased (0.144591 --> 0.140017).  Saving model ...
Updating learning rate to 3.2531028337306174e-06
Epoch: 12 cost time: 4.519951105117798
Epoch: 12, Steps: 31 | Train Loss: 0.0833712 Vali Loss: 0.1344365 Test Loss: 0.0744151
Validation loss decreased (0.140017 --> 0.134437).  Saving model ...
Updating learning rate to 3.7228948496758864e-06
Epoch: 13 cost time: 4.462011814117432
Epoch: 13, Steps: 31 | Train Loss: 0.0805012 Vali Loss: 0.1289514 Test Loss: 0.0705768
Validation loss decreased (0.134437 --> 0.128951).  Saving model ...
Updating learning rate to 4.20890516620423e-06
Epoch: 14 cost time: 4.47821831703186
Epoch: 14, Steps: 31 | Train Loss: 0.0781710 Vali Loss: 0.1253849 Test Loss: 0.0682326
Validation loss decreased (0.128951 --> 0.125385).  Saving model ...
Updating learning rate to 4.705797493344547e-06
Epoch: 15 cost time: 4.540299415588379
Epoch: 15, Steps: 31 | Train Loss: 0.0761504 Vali Loss: 0.1219766 Test Loss: 0.0662700
Validation loss decreased (0.125385 --> 0.121977).  Saving model ...
Updating learning rate to 5.208116058962259e-06
Epoch: 16 cost time: 4.631438255310059
Epoch: 16, Steps: 31 | Train Loss: 0.0742757 Vali Loss: 0.1188417 Test Loss: 0.0644412
Validation loss decreased (0.121977 --> 0.118842).  Saving model ...
Updating learning rate to 5.710345511977682e-06
Epoch: 17 cost time: 4.5666868686676025
Epoch: 17, Steps: 31 | Train Loss: 0.0725703 Vali Loss: 0.1163109 Test Loss: 0.0626426
Validation loss decreased (0.118842 --> 0.116311).  Saving model ...
Updating learning rate to 6.206971479748566e-06
Epoch: 18 cost time: 4.613331079483032
Epoch: 18, Steps: 31 | Train Loss: 0.0710486 Vali Loss: 0.1139648 Test Loss: 0.0610566
Validation loss decreased (0.116311 --> 0.113965).  Saving model ...
Updating learning rate to 6.6925411147095855e-06
Epoch: 19 cost time: 4.47279953956604
Epoch: 19, Steps: 31 | Train Loss: 0.0697027 Vali Loss: 0.1123779 Test Loss: 0.0596460
Validation loss decreased (0.113965 --> 0.112378).  Saving model ...
Updating learning rate to 7.161722965479587e-06
Epoch: 20 cost time: 4.4984846115112305
Epoch: 20, Steps: 31 | Train Loss: 0.0685960 Vali Loss: 0.1107028 Test Loss: 0.0586180
Validation loss decreased (0.112378 --> 0.110703).  Saving model ...
Updating learning rate to 7.609365515064509e-06
Epoch: 21 cost time: 4.4307475090026855
Epoch: 21, Steps: 31 | Train Loss: 0.0676107 Vali Loss: 0.1092954 Test Loss: 0.0576521
Validation loss decreased (0.110703 --> 0.109295).  Saving model ...
Updating learning rate to 8.030553743418992e-06
Epoch: 22 cost time: 4.484416723251343
Epoch: 22, Steps: 31 | Train Loss: 0.0667418 Vali Loss: 0.1079199 Test Loss: 0.0569454
Validation loss decreased (0.109295 --> 0.107920).  Saving model ...
Updating learning rate to 8.420663093321771e-06
Epoch: 23 cost time: 4.5073370933532715
Epoch: 23, Steps: 31 | Train Loss: 0.0658880 Vali Loss: 0.1076759 Test Loss: 0.0561286
Validation loss decreased (0.107920 --> 0.107676).  Saving model ...
Updating learning rate to 8.775410247030974e-06
Epoch: 24 cost time: 4.5518553256988525
Epoch: 24, Steps: 31 | Train Loss: 0.0650964 Vali Loss: 0.1062927 Test Loss: 0.0555409
Validation loss decreased (0.107676 --> 0.106293).  Saving model ...
Updating learning rate to 9.09090015620249e-06
Epoch: 25 cost time: 4.6362504959106445
Epoch: 25, Steps: 31 | Train Loss: 0.0643550 Vali Loss: 0.1053462 Test Loss: 0.0548411
Validation loss decreased (0.106293 --> 0.105346).  Saving model ...
Updating learning rate to 9.363668808692879e-06
Epoch: 26 cost time: 4.589521884918213
Epoch: 26, Steps: 31 | Train Loss: 0.0635976 Vali Loss: 0.1044115 Test Loss: 0.0541032
Validation loss decreased (0.105346 --> 0.104411).  Saving model ...
Updating learning rate to 9.59072126267639e-06
Epoch: 27 cost time: 4.50289249420166
Epoch: 27, Steps: 31 | Train Loss: 0.0628686 Vali Loss: 0.1032295 Test Loss: 0.0534998
Validation loss decreased (0.104411 --> 0.103230).  Saving model ...
Updating learning rate to 9.769564530469635e-06
Epoch: 28 cost time: 4.481389760971069
Epoch: 28, Steps: 31 | Train Loss: 0.0621480 Vali Loss: 0.1020332 Test Loss: 0.0530930
Validation loss decreased (0.103230 --> 0.102033).  Saving model ...
Updating learning rate to 9.898234951006446e-06
Epoch: 29 cost time: 4.414436340332031
Epoch: 29, Steps: 31 | Train Loss: 0.0614438 Vali Loss: 0.1010106 Test Loss: 0.0523048
Validation loss decreased (0.102033 --> 0.101011).  Saving model ...
Updating learning rate to 9.97531975041899e-06
Epoch: 30 cost time: 4.520519018173218
Epoch: 30, Steps: 31 | Train Loss: 0.0607535 Vali Loss: 0.1005602 Test Loss: 0.0517780
Validation loss decreased (0.101011 --> 0.100560).  Saving model ...
Updating learning rate to 9.999994760154602e-06
Epoch: 31 cost time: 4.488653659820557
Epoch: 31, Steps: 31 | Train Loss: 0.0600726 Vali Loss: 0.0996098 Test Loss: 0.0513443
Validation loss decreased (0.100560 --> 0.099610).  Saving model ...
Updating learning rate to 9.994635356966321e-06
Epoch: 32 cost time: 4.568875312805176
Epoch: 32, Steps: 31 | Train Loss: 0.0594050 Vali Loss: 0.0987486 Test Loss: 0.0506796
Validation loss decreased (0.099610 --> 0.098749).  Saving model ...
Updating learning rate to 9.979217463145653e-06
Epoch: 33 cost time: 4.572645425796509
Epoch: 33, Steps: 31 | Train Loss: 0.0587528 Vali Loss: 0.0982023 Test Loss: 0.0503189
Validation loss decreased (0.098749 --> 0.098202).  Saving model ...
Updating learning rate to 9.953772128278901e-06
Epoch: 34 cost time: 4.549426794052124
Epoch: 34, Steps: 31 | Train Loss: 0.0581395 Vali Loss: 0.0972917 Test Loss: 0.0497279
Validation loss decreased (0.098202 --> 0.097292).  Saving model ...
Updating learning rate to 9.918350595884151e-06
Epoch: 35 cost time: 4.502973794937134
Epoch: 35, Steps: 31 | Train Loss: 0.0574929 Vali Loss: 0.0962636 Test Loss: 0.0492410
Validation loss decreased (0.097292 --> 0.096264).  Saving model ...
Updating learning rate to 9.873024200213661e-06
Epoch: 36 cost time: 4.405832290649414
Epoch: 36, Steps: 31 | Train Loss: 0.0568679 Vali Loss: 0.0952836 Test Loss: 0.0488431
Validation loss decreased (0.096264 --> 0.095284).  Saving model ...
Updating learning rate to 9.817884222596151e-06
Epoch: 37 cost time: 4.5156989097595215
Epoch: 37, Steps: 31 | Train Loss: 0.0562800 Vali Loss: 0.0950325 Test Loss: 0.0483576
Validation loss decreased (0.095284 --> 0.095032).  Saving model ...
Updating learning rate to 9.75304170760837e-06
Epoch: 38 cost time: 4.561490297317505
Epoch: 38, Steps: 31 | Train Loss: 0.0556575 Vali Loss: 0.0944841 Test Loss: 0.0479363
Validation loss decreased (0.095032 --> 0.094484).  Saving model ...
Updating learning rate to 9.678627239446092e-06
Epoch: 39 cost time: 4.527294874191284
Epoch: 39, Steps: 31 | Train Loss: 0.0550552 Vali Loss: 0.0934529 Test Loss: 0.0474948
Validation loss decreased (0.094484 --> 0.093453).  Saving model ...
Updating learning rate to 9.594790678944921e-06
Epoch: 40 cost time: 4.658895492553711
Epoch: 40, Steps: 31 | Train Loss: 0.0544395 Vali Loss: 0.0932244 Test Loss: 0.0469822
Validation loss decreased (0.093453 --> 0.093224).  Saving model ...
Updating learning rate to 9.50170086178052e-06
Epoch: 41 cost time: 4.528046131134033
Epoch: 41, Steps: 31 | Train Loss: 0.0538719 Vali Loss: 0.0915225 Test Loss: 0.0466855
Validation loss decreased (0.093224 --> 0.091522).  Saving model ...
Updating learning rate to 9.399545258456017e-06
Epoch: 42 cost time: 4.413605213165283
Epoch: 42, Steps: 31 | Train Loss: 0.0532869 Vali Loss: 0.0911647 Test Loss: 0.0462621
Validation loss decreased (0.091522 --> 0.091165).  Saving model ...
Updating learning rate to 9.288529596761373e-06
Epoch: 43 cost time: 4.518582344055176
Epoch: 43, Steps: 31 | Train Loss: 0.0527571 Vali Loss: 0.0905522 Test Loss: 0.0457599
Validation loss decreased (0.091165 --> 0.090552).  Saving model ...
Updating learning rate to 9.168877447464985e-06
Epoch: 44 cost time: 4.5946173667907715
Epoch: 44, Steps: 31 | Train Loss: 0.0521449 Vali Loss: 0.0896995 Test Loss: 0.0454664
Validation loss decreased (0.090552 --> 0.089699).  Saving model ...
Updating learning rate to 9.040829774071914e-06
Epoch: 45 cost time: 4.567183017730713
Epoch: 45, Steps: 31 | Train Loss: 0.0516350 Vali Loss: 0.0890037 Test Loss: 0.0451596
Validation loss decreased (0.089699 --> 0.089004).  Saving model ...
Updating learning rate to 8.904644447555448e-06
Epoch: 46 cost time: 4.5304718017578125
Epoch: 46, Steps: 31 | Train Loss: 0.0510929 Vali Loss: 0.0883114 Test Loss: 0.0447640
Validation loss decreased (0.089004 --> 0.088311).  Saving model ...
Updating learning rate to 8.760595727039295e-06
Epoch: 47 cost time: 4.641865015029907
Epoch: 47, Steps: 31 | Train Loss: 0.0505773 Vali Loss: 0.0874738 Test Loss: 0.0443805
Validation loss decreased (0.088311 --> 0.087474).  Saving model ...
Updating learning rate to 8.608973707476191e-06
Epoch: 48 cost time: 4.509403467178345
Epoch: 48, Steps: 31 | Train Loss: 0.0500590 Vali Loss: 0.0866363 Test Loss: 0.0438163
Validation loss decreased (0.087474 --> 0.086636).  Saving model ...
Updating learning rate to 8.450083735435278e-06
Epoch: 49 cost time: 4.599414348602295
Epoch: 49, Steps: 31 | Train Loss: 0.0495581 Vali Loss: 0.0859679 Test Loss: 0.0435176
Validation loss decreased (0.086636 --> 0.085968).  Saving model ...
Updating learning rate to 8.284245794174751e-06
Epoch: 50 cost time: 4.53949499130249
Epoch: 50, Steps: 31 | Train Loss: 0.0490498 Vali Loss: 0.0855389 Test Loss: 0.0431368
Validation loss decreased (0.085968 --> 0.085539).  Saving model ...
Updating learning rate to 8.111793859238162e-06
Epoch: 51 cost time: 4.624664545059204
Epoch: 51, Steps: 31 | Train Loss: 0.0485497 Vali Loss: 0.0844808 Test Loss: 0.0426576
Validation loss decreased (0.085539 --> 0.084481).  Saving model ...
Updating learning rate to 7.93307522587211e-06
Epoch: 52 cost time: 4.552075624465942
Epoch: 52, Steps: 31 | Train Loss: 0.0480528 Vali Loss: 0.0841593 Test Loss: 0.0424961
Validation loss decreased (0.084481 --> 0.084159).  Saving model ...
Updating learning rate to 7.748449809619857e-06
Epoch: 53 cost time: 4.515127658843994
Epoch: 53, Steps: 31 | Train Loss: 0.0475687 Vali Loss: 0.0832765 Test Loss: 0.0419825
Validation loss decreased (0.084159 --> 0.083276).  Saving model ...
Updating learning rate to 7.558289421499295e-06
Epoch: 54 cost time: 4.5283379554748535
Epoch: 54, Steps: 31 | Train Loss: 0.0471410 Vali Loss: 0.0825288 Test Loss: 0.0415689
Validation loss decreased (0.083276 --> 0.082529).  Saving model ...
Updating learning rate to 7.362977019225052e-06
Epoch: 55 cost time: 4.575565814971924
Epoch: 55, Steps: 31 | Train Loss: 0.0466709 Vali Loss: 0.0817585 Test Loss: 0.0412046
Validation loss decreased (0.082529 --> 0.081758).  Saving model ...
Updating learning rate to 7.162905935982624e-06
Epoch: 56 cost time: 4.606042385101318
Epoch: 56, Steps: 31 | Train Loss: 0.0461965 Vali Loss: 0.0812538 Test Loss: 0.0409033
Validation loss decreased (0.081758 --> 0.081254).  Saving model ...
Updating learning rate to 6.958479088307673e-06
Epoch: 57 cost time: 4.59574294090271
Epoch: 57, Steps: 31 | Train Loss: 0.0457404 Vali Loss: 0.0803976 Test Loss: 0.0406746
Validation loss decreased (0.081254 --> 0.080398).  Saving model ...
Updating learning rate to 6.7501081646657556e-06
Epoch: 58 cost time: 4.489645957946777
Epoch: 58, Steps: 31 | Train Loss: 0.0453120 Vali Loss: 0.0797263 Test Loss: 0.0401791
Validation loss decreased (0.080398 --> 0.079726).  Saving model ...
Updating learning rate to 6.538212796366537e-06
Epoch: 59 cost time: 4.583649635314941
Epoch: 59, Steps: 31 | Train Loss: 0.0448394 Vali Loss: 0.0788133 Test Loss: 0.0397605
Validation loss decreased (0.079726 --> 0.078813).  Saving model ...
Updating learning rate to 6.323219712482178e-06
Epoch: 60 cost time: 4.665076494216919
Epoch: 60, Steps: 31 | Train Loss: 0.0444238 Vali Loss: 0.0784078 Test Loss: 0.0395720
Validation loss decreased (0.078813 --> 0.078408).  Saving model ...
Updating learning rate to 6.1055618804717764e-06
Epoch: 61 cost time: 4.46464204788208
Epoch: 61, Steps: 31 | Train Loss: 0.0440148 Vali Loss: 0.0773470 Test Loss: 0.0391839
Validation loss decreased (0.078408 --> 0.077347).  Saving model ...
Updating learning rate to 5.8856776342425235e-06
Epoch: 62 cost time: 4.5658860206604
Epoch: 62, Steps: 31 | Train Loss: 0.0435999 Vali Loss: 0.0769085 Test Loss: 0.0387997
Validation loss decreased (0.077347 --> 0.076908).  Saving model ...
Updating learning rate to 5.664009791403554e-06
Epoch: 63 cost time: 4.484987497329712
Epoch: 63, Steps: 31 | Train Loss: 0.0431493 Vali Loss: 0.0760400 Test Loss: 0.0385558
Validation loss decreased (0.076908 --> 0.076040).  Saving model ...
Updating learning rate to 5.441004761490205e-06
Epoch: 64 cost time: 4.666652679443359
Epoch: 64, Steps: 31 | Train Loss: 0.0427539 Vali Loss: 0.0753787 Test Loss: 0.0381886
Validation loss decreased (0.076040 --> 0.075379).  Saving model ...
Updating learning rate to 5.217111646954626e-06
Epoch: 65 cost time: 4.473401308059692
Epoch: 65, Steps: 31 | Train Loss: 0.0423614 Vali Loss: 0.0749332 Test Loss: 0.0378289
Validation loss decreased (0.075379 --> 0.074933).  Saving model ...
Updating learning rate to 4.992781338733208e-06
Epoch: 66 cost time: 4.513010025024414
Epoch: 66, Steps: 31 | Train Loss: 0.0419653 Vali Loss: 0.0740841 Test Loss: 0.0375455
Validation loss decreased (0.074933 --> 0.074084).  Saving model ...
Updating learning rate to 4.768465608212241e-06
Epoch: 67 cost time: 4.4966490268707275
Epoch: 67, Steps: 31 | Train Loss: 0.0415551 Vali Loss: 0.0734435 Test Loss: 0.0372056
Validation loss decreased (0.074084 --> 0.073444).  Saving model ...
Updating learning rate to 4.544616197420465e-06
Epoch: 68 cost time: 4.557456016540527
Epoch: 68, Steps: 31 | Train Loss: 0.0411744 Vali Loss: 0.0727663 Test Loss: 0.0368483
Validation loss decreased (0.073444 --> 0.072766).  Saving model ...
Updating learning rate to 4.321683909280753e-06
Epoch: 69 cost time: 4.592409133911133
Epoch: 69, Steps: 31 | Train Loss: 0.0407867 Vali Loss: 0.0720914 Test Loss: 0.0365731
Validation loss decreased (0.072766 --> 0.072091).  Saving model ...
Updating learning rate to 4.100117699752996e-06
Epoch: 70 cost time: 4.472956895828247
Epoch: 70, Steps: 31 | Train Loss: 0.0404558 Vali Loss: 0.0715636 Test Loss: 0.0364356
Validation loss decreased (0.072091 --> 0.071564).  Saving model ...
Updating learning rate to 3.8803637736965736e-06
Epoch: 71 cost time: 4.552432537078857
Epoch: 71, Steps: 31 | Train Loss: 0.0403927 Vali Loss: 0.0717250 Test Loss: 0.0364723
EarlyStopping counter: 1 out of 10
Updating learning rate to 3.66286468627313e-06
Epoch: 72 cost time: 4.695271730422974
Epoch: 72, Steps: 31 | Train Loss: 0.0404097 Vali Loss: 0.0718242 Test Loss: 0.0364606
EarlyStopping counter: 2 out of 10
Updating learning rate to 3.4480584516993903e-06
Epoch: 73 cost time: 4.588901996612549
Epoch: 73, Steps: 31 | Train Loss: 0.0403875 Vali Loss: 0.0715178 Test Loss: 0.0364439
Validation loss decreased (0.071564 --> 0.071518).  Saving model ...
Updating learning rate to 3.2363776611448018e-06
Epoch: 74 cost time: 4.577521562576294
Epoch: 74, Steps: 31 | Train Loss: 0.0403479 Vali Loss: 0.0717542 Test Loss: 0.0364740
EarlyStopping counter: 1 out of 10
Updating learning rate to 3.0282486115505108e-06
Epoch: 75 cost time: 4.573792219161987
Epoch: 75, Steps: 31 | Train Loss: 0.0403416 Vali Loss: 0.0718620 Test Loss: 0.0364361
EarlyStopping counter: 2 out of 10
Updating learning rate to 2.8240904471240344e-06
Epoch: 76 cost time: 4.5627992153167725
Epoch: 76, Steps: 31 | Train Loss: 0.0403121 Vali Loss: 0.0714820 Test Loss: 0.0364472
Validation loss decreased (0.071518 --> 0.071482).  Saving model ...
Updating learning rate to 2.624314315238625e-06
Epoch: 77 cost time: 4.497915983200073
Epoch: 77, Steps: 31 | Train Loss: 0.0403212 Vali Loss: 0.0718050 Test Loss: 0.0364677
EarlyStopping counter: 1 out of 10
Updating learning rate to 2.429322538437165e-06
Epoch: 78 cost time: 4.453173398971558
Epoch: 78, Steps: 31 | Train Loss: 0.0402990 Vali Loss: 0.0717226 Test Loss: 0.0364931
EarlyStopping counter: 2 out of 10
Updating learning rate to 2.2395078042081163e-06
Epoch: 79 cost time: 4.595836639404297
Epoch: 79, Steps: 31 | Train Loss: 0.0403042 Vali Loss: 0.0718065 Test Loss: 0.0364478
EarlyStopping counter: 3 out of 10
Updating learning rate to 2.055252374165171e-06
Epoch: 80 cost time: 4.622440576553345
Epoch: 80, Steps: 31 | Train Loss: 0.0402704 Vali Loss: 0.0718456 Test Loss: 0.0364406
EarlyStopping counter: 4 out of 10
Updating learning rate to 1.8769273142232387e-06
Epoch: 81 cost time: 4.5372865200042725
Epoch: 81, Steps: 31 | Train Loss: 0.0402487 Vali Loss: 0.0719803 Test Loss: 0.0364840
EarlyStopping counter: 5 out of 10
Updating learning rate to 1.7048917473210744e-06
Epoch: 82 cost time: 4.431170701980591
Epoch: 82, Steps: 31 | Train Loss: 0.0402391 Vali Loss: 0.0716142 Test Loss: 0.0364426
EarlyStopping counter: 6 out of 10
Updating learning rate to 1.5394921301954737e-06
Epoch: 83 cost time: 4.64847993850708
Epoch: 83, Steps: 31 | Train Loss: 0.0402428 Vali Loss: 0.0720993 Test Loss: 0.0364594
EarlyStopping counter: 7 out of 10
Updating learning rate to 1.3810615556635116e-06
Epoch: 84 cost time: 4.677133321762085
Epoch: 84, Steps: 31 | Train Loss: 0.0402476 Vali Loss: 0.0716409 Test Loss: 0.0364995
EarlyStopping counter: 8 out of 10
Updating learning rate to 1.2299190818179384e-06
Epoch: 85 cost time: 4.4497997760772705
Epoch: 85, Steps: 31 | Train Loss: 0.0402485 Vali Loss: 0.0718895 Test Loss: 0.0364879
EarlyStopping counter: 9 out of 10
Updating learning rate to 1.086369089486641e-06
Epoch: 86 cost time: 4.42585015296936
Epoch: 86, Steps: 31 | Train Loss: 0.0402100 Vali Loss: 0.0717674 Test Loss: 0.0364748
EarlyStopping counter: 10 out of 10
Early stopping
>>>>>>>testing : ETTh1_336_336_DTFNet_ETTh1_ftM_sl336_ll0_pl336_dm128_nh16_el2_br2_dl1_df256_fc1_ebtimeF_dtTrue_'Exp'_0_'rel_sin'_16_8_16,24_8,12_3_1_256<<<<<<<<<<<<<<<<<<<<<<<<<<<<<<<<<
test 2545
mse:0.38364848494529724, mae:0.41090986132621765, rse:0.5967519283294678
