Args in experiment:
Namespace(is_training=1, model_id='ETTh1_336_192', model='DTFNet', data='ETTh1', root_path='./dataset/', data_path='ETTh1.csv', features='M', target='OT', freq='h', checkpoints='./checkpoints/', seq_len=336, label_len=0, pred_len=192, n_branches=2, patch_len_ls='16,24', stride_ls='8,12', d_model_ls='128', n_heads_ls='16', rel_pe="'rel_sin'", res_attn=False, head_type='flatten', fc_dropout=0.3, head_dropout=0.1, patch_len=16, stride=8, padding_patch="'end'", revin=1, affine=0, subtract_last=0, decomposition=0, kernel_size=25, individual=0, store_attn=False, pre_norm=False, pe='zeros', no_learn_pe=True, embed_type=0, enc_in=7, dec_in=7, c_out=7, d_model=128, n_heads=16, e_layers=2, d_layers=1, d_ff=256, moving_avg=25, factor=1, distil=True, dropout=0.3, embed='timeF', activation='gelu', output_attention=False, do_predict=False, num_workers=0, itr=1, train_epochs=100, batch_size=256, patience=10, learning_rate=1e-05, des="'Exp'", loss='mse', lradj='TST', pct_start=0.3, use_amp=False, l2=0.0, warmup_steps=0, use_gpu=True, gpu=0, use_multi_gpu=False, devices='0', test_flop=False, use_mlflow=False, mlflow_project='exp', loss_flag=2, sub_patch_len=16, sub_stride=8, stride_ls_list='16', model_type='linear', tfactor=3, dilation_rates='1', wavelet_layers=2, wavelet_type='db5', wavelet_mode='periodization', wavelet_dim=64, initTLV=0.2)
Use GPU: cuda:0
>>>>>>>start training : ETTh1_336_192_DTFNet_ETTh1_ftM_sl336_ll0_pl192_dm128_nh16_el2_br2_dl1_df256_fc1_ebtimeF_dtTrue_'Exp'_0_'rel_sin'_16_8_16,24_8,12_3_1_256>>>>>>>>>>>>>>>>>>>>>>>>>>
train 8113
val 2689
test 2689
Epoch: 1 cost time: 6.641241073608398
Epoch: 1, Steps: 31 | Train Loss: 0.0949109 Vali Loss: 0.1565040 Test Loss: 0.0953269
Validation loss decreased (inf --> 0.156504).  Saving model ...
Updating learning rate to 4.2635148986572395e-07
Epoch: 2 cost time: 3.235119342803955
Epoch: 2, Steps: 31 | Train Loss: 0.0940013 Vali Loss: 0.1546103 Test Loss: 0.0943724
Validation loss decreased (0.156504 --> 0.154610).  Saving model ...
Updating learning rate to 5.051166257053371e-07
Epoch: 3 cost time: 3.286841869354248
Epoch: 3, Steps: 31 | Train Loss: 0.0930498 Vali Loss: 0.1530245 Test Loss: 0.0933541
Validation loss decreased (0.154610 --> 0.153024).  Saving model ...
Updating learning rate to 6.354305830693182e-07
Epoch: 4 cost time: 3.7815608978271484
Epoch: 4, Steps: 31 | Train Loss: 0.0921876 Vali Loss: 0.1516642 Test Loss: 0.0922762
Validation loss decreased (0.153024 --> 0.151664).  Saving model ...
Updating learning rate to 8.158625424048165e-07
Epoch: 5 cost time: 3.907215118408203
Epoch: 5, Steps: 31 | Train Loss: 0.0910690 Vali Loss: 0.1492745 Test Loss: 0.0911086
Validation loss decreased (0.151664 --> 0.149274).  Saving model ...
Updating learning rate to 1.0444313991502185e-06
Epoch: 6 cost time: 4.009963512420654
Epoch: 6, Steps: 31 | Train Loss: 0.0899730 Vali Loss: 0.1471674 Test Loss: 0.0898421
Validation loss decreased (0.149274 --> 0.147167).  Saving model ...
Updating learning rate to 1.3186275158421247e-06
Epoch: 7 cost time: 4.0190749168396
Epoch: 7, Steps: 31 | Train Loss: 0.0888395 Vali Loss: 0.1453873 Test Loss: 0.0884264
Validation loss decreased (0.147167 --> 0.145387).  Saving model ...
Updating learning rate to 1.6354402774012767e-06
Epoch: 8 cost time: 4.02630615234375
Epoch: 8, Steps: 31 | Train Loss: 0.0876255 Vali Loss: 0.1427681 Test Loss: 0.0868049
Validation loss decreased (0.145387 --> 0.142768).  Saving model ...
Updating learning rate to 1.99139114704619e-06
Epoch: 9 cost time: 3.9553847312927246
Epoch: 9, Steps: 31 | Train Loss: 0.0860697 Vali Loss: 0.1401576 Test Loss: 0.0848734
Validation loss decreased (0.142768 --> 0.140158).  Saving model ...
Updating learning rate to 2.3825718598876392e-06
Epoch: 10 cost time: 3.647406578063965
Epoch: 10, Steps: 31 | Train Loss: 0.0843481 Vali Loss: 0.1363640 Test Loss: 0.0824320
Validation loss decreased (0.140158 --> 0.136364).  Saving model ...
Updating learning rate to 2.8046873348464134e-06
Epoch: 11 cost time: 3.241440534591675
Epoch: 11, Steps: 31 | Train Loss: 0.0822267 Vali Loss: 0.1315773 Test Loss: 0.0792951
Validation loss decreased (0.136364 --> 0.131577).  Saving model ...
Updating learning rate to 3.2531028337306174e-06
Epoch: 12 cost time: 3.582213878631592
Epoch: 12, Steps: 31 | Train Loss: 0.0796442 Vali Loss: 0.1265702 Test Loss: 0.0754314
Validation loss decreased (0.131577 --> 0.126570).  Saving model ...
Updating learning rate to 3.7228948496758864e-06
Epoch: 13 cost time: 4.106550931930542
Epoch: 13, Steps: 31 | Train Loss: 0.0767959 Vali Loss: 0.1206177 Test Loss: 0.0715170
Validation loss decreased (0.126570 --> 0.120618).  Saving model ...
Updating learning rate to 4.20890516620423e-06
Epoch: 14 cost time: 4.530053377151489
Epoch: 14, Steps: 31 | Train Loss: 0.0739373 Vali Loss: 0.1153933 Test Loss: 0.0684532
Validation loss decreased (0.120618 --> 0.115393).  Saving model ...
Updating learning rate to 4.705797493344547e-06
Epoch: 15 cost time: 4.111896753311157
Epoch: 15, Steps: 31 | Train Loss: 0.0714633 Vali Loss: 0.1103573 Test Loss: 0.0661249
Validation loss decreased (0.115393 --> 0.110357).  Saving model ...
Updating learning rate to 5.208116058962259e-06
Epoch: 16 cost time: 3.983269214630127
Epoch: 16, Steps: 31 | Train Loss: 0.0694022 Vali Loss: 0.1063480 Test Loss: 0.0641654
Validation loss decreased (0.110357 --> 0.106348).  Saving model ...
Updating learning rate to 5.710345511977682e-06
Epoch: 17 cost time: 4.074442625045776
Epoch: 17, Steps: 31 | Train Loss: 0.0676350 Vali Loss: 0.1028849 Test Loss: 0.0623414
Validation loss decreased (0.106348 --> 0.102885).  Saving model ...
Updating learning rate to 6.206971479748566e-06
Epoch: 18 cost time: 4.191232681274414
Epoch: 18, Steps: 31 | Train Loss: 0.0661311 Vali Loss: 0.1009503 Test Loss: 0.0605630
Validation loss decreased (0.102885 --> 0.100950).  Saving model ...
Updating learning rate to 6.6925411147095855e-06
Epoch: 19 cost time: 4.067878007888794
Epoch: 19, Steps: 31 | Train Loss: 0.0646731 Vali Loss: 0.0986551 Test Loss: 0.0591173
Validation loss decreased (0.100950 --> 0.098655).  Saving model ...
Updating learning rate to 7.161722965479587e-06
Epoch: 20 cost time: 4.2248289585113525
Epoch: 20, Steps: 31 | Train Loss: 0.0634770 Vali Loss: 0.0970267 Test Loss: 0.0579042
Validation loss decreased (0.098655 --> 0.097027).  Saving model ...
Updating learning rate to 7.609365515064509e-06
Epoch: 21 cost time: 4.102928400039673
Epoch: 21, Steps: 31 | Train Loss: 0.0624101 Vali Loss: 0.0950698 Test Loss: 0.0567617
Validation loss decreased (0.097027 --> 0.095070).  Saving model ...
Updating learning rate to 8.030553743418992e-06
Epoch: 22 cost time: 4.226766109466553
Epoch: 22, Steps: 31 | Train Loss: 0.0615428 Vali Loss: 0.0937206 Test Loss: 0.0558487
Validation loss decreased (0.095070 --> 0.093721).  Saving model ...
Updating learning rate to 8.420663093321771e-06
Epoch: 23 cost time: 4.326992034912109
Epoch: 23, Steps: 31 | Train Loss: 0.0606641 Vali Loss: 0.0926677 Test Loss: 0.0549311
Validation loss decreased (0.093721 --> 0.092668).  Saving model ...
Updating learning rate to 8.775410247030974e-06
Epoch: 24 cost time: 4.332958459854126
Epoch: 24, Steps: 31 | Train Loss: 0.0598733 Vali Loss: 0.0913193 Test Loss: 0.0541985
Validation loss decreased (0.092668 --> 0.091319).  Saving model ...
Updating learning rate to 9.09090015620249e-06
Epoch: 25 cost time: 4.048245191574097
Epoch: 25, Steps: 31 | Train Loss: 0.0589879 Vali Loss: 0.0904396 Test Loss: 0.0534590
Validation loss decreased (0.091319 --> 0.090440).  Saving model ...
Updating learning rate to 9.363668808692879e-06
Epoch: 26 cost time: 4.093206167221069
Epoch: 26, Steps: 31 | Train Loss: 0.0582844 Vali Loss: 0.0892773 Test Loss: 0.0527692
Validation loss decreased (0.090440 --> 0.089277).  Saving model ...
Updating learning rate to 9.59072126267639e-06
Epoch: 27 cost time: 4.007156610488892
Epoch: 27, Steps: 31 | Train Loss: 0.0575964 Vali Loss: 0.0882453 Test Loss: 0.0520968
Validation loss decreased (0.089277 --> 0.088245).  Saving model ...
Updating learning rate to 9.769564530469635e-06
Epoch: 28 cost time: 4.0109031200408936
Epoch: 28, Steps: 31 | Train Loss: 0.0568861 Vali Loss: 0.0875587 Test Loss: 0.0514285
Validation loss decreased (0.088245 --> 0.087559).  Saving model ...
Updating learning rate to 9.898234951006446e-06
Epoch: 29 cost time: 4.031795024871826
Epoch: 29, Steps: 31 | Train Loss: 0.0561838 Vali Loss: 0.0862315 Test Loss: 0.0508171
Validation loss decreased (0.087559 --> 0.086232).  Saving model ...
Updating learning rate to 9.97531975041899e-06
Epoch: 30 cost time: 4.034418821334839
Epoch: 30, Steps: 31 | Train Loss: 0.0555423 Vali Loss: 0.0854577 Test Loss: 0.0503043
Validation loss decreased (0.086232 --> 0.085458).  Saving model ...
Updating learning rate to 9.999994760154602e-06
Epoch: 31 cost time: 4.15631365776062
Epoch: 31, Steps: 31 | Train Loss: 0.0548558 Vali Loss: 0.0845127 Test Loss: 0.0496735
Validation loss decreased (0.085458 --> 0.084513).  Saving model ...
Updating learning rate to 9.994635356966321e-06
Epoch: 32 cost time: 4.292062520980835
Epoch: 32, Steps: 31 | Train Loss: 0.0542374 Vali Loss: 0.0836163 Test Loss: 0.0491460
Validation loss decreased (0.084513 --> 0.083616).  Saving model ...
Updating learning rate to 9.979217463145653e-06
Epoch: 33 cost time: 4.063605546951294
Epoch: 33, Steps: 31 | Train Loss: 0.0536502 Vali Loss: 0.0826771 Test Loss: 0.0486294
Validation loss decreased (0.083616 --> 0.082677).  Saving model ...
Updating learning rate to 9.953772128278901e-06
Epoch: 34 cost time: 3.3497633934020996
Epoch: 34, Steps: 31 | Train Loss: 0.0530308 Vali Loss: 0.0816838 Test Loss: 0.0481256
Validation loss decreased (0.082677 --> 0.081684).  Saving model ...
Updating learning rate to 9.918350595884151e-06
Epoch: 35 cost time: 3.8703577518463135
Epoch: 35, Steps: 31 | Train Loss: 0.0524068 Vali Loss: 0.0811996 Test Loss: 0.0476043
Validation loss decreased (0.081684 --> 0.081200).  Saving model ...
Updating learning rate to 9.873024200213661e-06
Epoch: 36 cost time: 4.093022108078003
Epoch: 36, Steps: 31 | Train Loss: 0.0518009 Vali Loss: 0.0805534 Test Loss: 0.0471414
Validation loss decreased (0.081200 --> 0.080553).  Saving model ...
Updating learning rate to 9.817884222596151e-06
Epoch: 37 cost time: 3.422650098800659
Epoch: 37, Steps: 31 | Train Loss: 0.0512668 Vali Loss: 0.0794671 Test Loss: 0.0466551
Validation loss decreased (0.080553 --> 0.079467).  Saving model ...
Updating learning rate to 9.75304170760837e-06
Epoch: 38 cost time: 3.423818826675415
Epoch: 38, Steps: 31 | Train Loss: 0.0506686 Vali Loss: 0.0788065 Test Loss: 0.0461948
Validation loss decreased (0.079467 --> 0.078807).  Saving model ...
Updating learning rate to 9.678627239446092e-06
Epoch: 39 cost time: 3.422696113586426
Epoch: 39, Steps: 31 | Train Loss: 0.0500656 Vali Loss: 0.0777934 Test Loss: 0.0456979
Validation loss decreased (0.078807 --> 0.077793).  Saving model ...
Updating learning rate to 9.594790678944921e-06
Epoch: 40 cost time: 3.301191568374634
Epoch: 40, Steps: 31 | Train Loss: 0.0495760 Vali Loss: 0.0771712 Test Loss: 0.0452899
Validation loss decreased (0.077793 --> 0.077171).  Saving model ...
Updating learning rate to 9.50170086178052e-06
Epoch: 41 cost time: 3.2981176376342773
Epoch: 41, Steps: 31 | Train Loss: 0.0490286 Vali Loss: 0.0765534 Test Loss: 0.0448346
Validation loss decreased (0.077171 --> 0.076553).  Saving model ...
Updating learning rate to 9.399545258456017e-06
Epoch: 42 cost time: 3.3483264446258545
Epoch: 42, Steps: 31 | Train Loss: 0.0484609 Vali Loss: 0.0757796 Test Loss: 0.0443910
Validation loss decreased (0.076553 --> 0.075780).  Saving model ...
Updating learning rate to 9.288529596761373e-06
Epoch: 43 cost time: 3.2891931533813477
Epoch: 43, Steps: 31 | Train Loss: 0.0479167 Vali Loss: 0.0747776 Test Loss: 0.0439783
Validation loss decreased (0.075780 --> 0.074778).  Saving model ...
Updating learning rate to 9.168877447464985e-06
Epoch: 44 cost time: 3.29017972946167
Epoch: 44, Steps: 31 | Train Loss: 0.0474721 Vali Loss: 0.0746503 Test Loss: 0.0435331
Validation loss decreased (0.074778 --> 0.074650).  Saving model ...
Updating learning rate to 9.040829774071914e-06
Epoch: 45 cost time: 3.2901101112365723
Epoch: 45, Steps: 31 | Train Loss: 0.0469128 Vali Loss: 0.0737821 Test Loss: 0.0431370
Validation loss decreased (0.074650 --> 0.073782).  Saving model ...
Updating learning rate to 8.904644447555448e-06
Epoch: 46 cost time: 4.030634880065918
Epoch: 46, Steps: 31 | Train Loss: 0.0463586 Vali Loss: 0.0729558 Test Loss: 0.0427330
Validation loss decreased (0.073782 --> 0.072956).  Saving model ...
Updating learning rate to 8.760595727039295e-06
Epoch: 47 cost time: 3.806042432785034
Epoch: 47, Steps: 31 | Train Loss: 0.0458965 Vali Loss: 0.0724481 Test Loss: 0.0422843
Validation loss decreased (0.072956 --> 0.072448).  Saving model ...
Updating learning rate to 8.608973707476191e-06
Epoch: 48 cost time: 3.487314462661743
Epoch: 48, Steps: 31 | Train Loss: 0.0454426 Vali Loss: 0.0714825 Test Loss: 0.0419030
Validation loss decreased (0.072448 --> 0.071482).  Saving model ...
Updating learning rate to 8.450083735435278e-06
Epoch: 49 cost time: 4.1559789180755615
Epoch: 49, Steps: 31 | Train Loss: 0.0449395 Vali Loss: 0.0710145 Test Loss: 0.0414859
Validation loss decreased (0.071482 --> 0.071014).  Saving model ...
Updating learning rate to 8.284245794174751e-06
Epoch: 50 cost time: 3.4117305278778076
Epoch: 50, Steps: 31 | Train Loss: 0.0444003 Vali Loss: 0.0701776 Test Loss: 0.0411461
Validation loss decreased (0.071014 --> 0.070178).  Saving model ...
Updating learning rate to 8.111793859238162e-06
Epoch: 51 cost time: 3.4346017837524414
Epoch: 51, Steps: 31 | Train Loss: 0.0439511 Vali Loss: 0.0696385 Test Loss: 0.0407375
Validation loss decreased (0.070178 --> 0.069638).  Saving model ...
Updating learning rate to 7.93307522587211e-06
Epoch: 52 cost time: 3.3577420711517334
Epoch: 52, Steps: 31 | Train Loss: 0.0435148 Vali Loss: 0.0688715 Test Loss: 0.0403711
Validation loss decreased (0.069638 --> 0.068872).  Saving model ...
Updating learning rate to 7.748449809619857e-06
Epoch: 53 cost time: 3.3430545330047607
Epoch: 53, Steps: 31 | Train Loss: 0.0430431 Vali Loss: 0.0683561 Test Loss: 0.0399939
Validation loss decreased (0.068872 --> 0.068356).  Saving model ...
Updating learning rate to 7.558289421499295e-06
Epoch: 54 cost time: 3.375197172164917
Epoch: 54, Steps: 31 | Train Loss: 0.0425918 Vali Loss: 0.0677526 Test Loss: 0.0396292
Validation loss decreased (0.068356 --> 0.067753).  Saving model ...
Updating learning rate to 7.362977019225052e-06
Epoch: 55 cost time: 3.347355365753174
Epoch: 55, Steps: 31 | Train Loss: 0.0421422 Vali Loss: 0.0672446 Test Loss: 0.0392305
Validation loss decreased (0.067753 --> 0.067245).  Saving model ...
Updating learning rate to 7.162905935982624e-06
Epoch: 56 cost time: 3.308551073074341
Epoch: 56, Steps: 31 | Train Loss: 0.0417056 Vali Loss: 0.0663252 Test Loss: 0.0389122
Validation loss decreased (0.067245 --> 0.066325).  Saving model ...
Updating learning rate to 6.958479088307673e-06
Epoch: 57 cost time: 3.347386121749878
Epoch: 57, Steps: 31 | Train Loss: 0.0412665 Vali Loss: 0.0659214 Test Loss: 0.0385807
Validation loss decreased (0.066325 --> 0.065921).  Saving model ...
Updating learning rate to 6.7501081646657556e-06
Epoch: 58 cost time: 3.3487322330474854
Epoch: 58, Steps: 31 | Train Loss: 0.0408316 Vali Loss: 0.0652104 Test Loss: 0.0381885
Validation loss decreased (0.065921 --> 0.065210).  Saving model ...
Updating learning rate to 6.538212796366537e-06
Epoch: 59 cost time: 3.426152467727661
Epoch: 59, Steps: 31 | Train Loss: 0.0404117 Vali Loss: 0.0645850 Test Loss: 0.0378501
Validation loss decreased (0.065210 --> 0.064585).  Saving model ...
Updating learning rate to 6.323219712482178e-06
Epoch: 60 cost time: 3.329319477081299
Epoch: 60, Steps: 31 | Train Loss: 0.0399523 Vali Loss: 0.0641176 Test Loss: 0.0374809
Validation loss decreased (0.064585 --> 0.064118).  Saving model ...
Updating learning rate to 6.1055618804717764e-06
Epoch: 61 cost time: 3.343576192855835
Epoch: 61, Steps: 31 | Train Loss: 0.0395942 Vali Loss: 0.0632944 Test Loss: 0.0371409
Validation loss decreased (0.064118 --> 0.063294).  Saving model ...
Updating learning rate to 5.8856776342425235e-06
Epoch: 62 cost time: 3.3572821617126465
Epoch: 62, Steps: 31 | Train Loss: 0.0392047 Vali Loss: 0.0629420 Test Loss: 0.0367625
Validation loss decreased (0.063294 --> 0.062942).  Saving model ...
Updating learning rate to 5.664009791403554e-06
Epoch: 63 cost time: 3.380338430404663
Epoch: 63, Steps: 31 | Train Loss: 0.0387840 Vali Loss: 0.0622150 Test Loss: 0.0364639
Validation loss decreased (0.062942 --> 0.062215).  Saving model ...
Updating learning rate to 5.441004761490205e-06
Epoch: 64 cost time: 3.340603828430176
Epoch: 64, Steps: 31 | Train Loss: 0.0383872 Vali Loss: 0.0616991 Test Loss: 0.0361043
Validation loss decreased (0.062215 --> 0.061699).  Saving model ...
Updating learning rate to 5.217111646954626e-06
Epoch: 65 cost time: 3.3825156688690186
Epoch: 65, Steps: 31 | Train Loss: 0.0379956 Vali Loss: 0.0611968 Test Loss: 0.0359464
Validation loss decreased (0.061699 --> 0.061197).  Saving model ...
Updating learning rate to 4.992781338733208e-06
Epoch: 66 cost time: 3.3759734630584717
Epoch: 66, Steps: 31 | Train Loss: 0.0379163 Vali Loss: 0.0611167 Test Loss: 0.0359002
Validation loss decreased (0.061197 --> 0.061117).  Saving model ...
Updating learning rate to 4.768465608212241e-06
Epoch: 67 cost time: 3.5218594074249268
Epoch: 67, Steps: 31 | Train Loss: 0.0378677 Vali Loss: 0.0610271 Test Loss: 0.0359075
Validation loss decreased (0.061117 --> 0.061027).  Saving model ...
Updating learning rate to 4.544616197420465e-06
Epoch: 68 cost time: 3.4168694019317627
Epoch: 68, Steps: 31 | Train Loss: 0.0378539 Vali Loss: 0.0611529 Test Loss: 0.0359357
EarlyStopping counter: 1 out of 10
Updating learning rate to 4.321683909280753e-06
Epoch: 69 cost time: 3.4815256595611572
Epoch: 69, Steps: 31 | Train Loss: 0.0378215 Vali Loss: 0.0611938 Test Loss: 0.0359252
EarlyStopping counter: 2 out of 10
Updating learning rate to 4.100117699752996e-06
Epoch: 70 cost time: 3.4728808403015137
Epoch: 70, Steps: 31 | Train Loss: 0.0378192 Vali Loss: 0.0613973 Test Loss: 0.0359166
EarlyStopping counter: 3 out of 10
Updating learning rate to 3.8803637736965736e-06
Epoch: 71 cost time: 3.464998483657837
Epoch: 71, Steps: 31 | Train Loss: 0.0378130 Vali Loss: 0.0613032 Test Loss: 0.0359284
EarlyStopping counter: 4 out of 10
Updating learning rate to 3.66286468627313e-06
Epoch: 72 cost time: 3.462035655975342
Epoch: 72, Steps: 31 | Train Loss: 0.0377794 Vali Loss: 0.0612183 Test Loss: 0.0359593
EarlyStopping counter: 5 out of 10
Updating learning rate to 3.4480584516993903e-06
Epoch: 73 cost time: 3.4920639991760254
Epoch: 73, Steps: 31 | Train Loss: 0.0377592 Vali Loss: 0.0612646 Test Loss: 0.0359382
EarlyStopping counter: 6 out of 10
Updating learning rate to 3.2363776611448018e-06
Epoch: 74 cost time: 3.4799375534057617
Epoch: 74, Steps: 31 | Train Loss: 0.0377685 Vali Loss: 0.0613283 Test Loss: 0.0359567
EarlyStopping counter: 7 out of 10
Updating learning rate to 3.0282486115505108e-06
Epoch: 75 cost time: 3.552246570587158
Epoch: 75, Steps: 31 | Train Loss: 0.0377187 Vali Loss: 0.0612001 Test Loss: 0.0359433
EarlyStopping counter: 8 out of 10
Updating learning rate to 2.8240904471240344e-06
Epoch: 76 cost time: 3.374023675918579
Epoch: 76, Steps: 31 | Train Loss: 0.0376938 Vali Loss: 0.0613554 Test Loss: 0.0359395
EarlyStopping counter: 9 out of 10
Updating learning rate to 2.624314315238625e-06
Epoch: 77 cost time: 3.5615010261535645
Epoch: 77, Steps: 31 | Train Loss: 0.0376991 Vali Loss: 0.0611490 Test Loss: 0.0359562
EarlyStopping counter: 10 out of 10
Early stopping
>>>>>>>testing : ETTh1_336_192_DTFNet_ETTh1_ftM_sl336_ll0_pl192_dm128_nh16_el2_br2_dl1_df256_fc1_ebtimeF_dtTrue_'Exp'_0_'rel_sin'_16_8_16,24_8,12_3_1_256<<<<<<<<<<<<<<<<<<<<<<<<<<<<<<<<<
test 2689
mse:0.3879900872707367, mae:0.4053785502910614, rse:0.5924668908119202
