Args in experiment:
Namespace(random_seed=2024, is_training=1, model_id='ETTh1_336_720', model='DTFNet', data='ETTh1', root_path='./dataset/', data_path='ETTh1.csv', features='M', target='OT', freq='h', checkpoints='./checkpoints/', seq_len=336, label_len=0, pred_len=720, n_branches=2, patch_len_ls='16,24', stride_ls='8,12', d_model_ls='128', n_heads_ls='16', rel_pe="'rel_sin'", res_attn=False, head_type='flatten', fc_dropout=0.3, head_dropout=0.1, patch_len=16, stride=8, padding_patch="'end'", revin=1, affine=0, subtract_last=0, decomposition=0, kernel_size=25, individual=0, store_attn=False, pre_norm=False, pe='zeros', no_learn_pe=True, embed_type=0, enc_in=7, dec_in=7, c_out=7, d_model=128, n_heads=16, e_layers=2, d_layers=1, d_ff=256, moving_avg=25, factor=1, distil=True, dropout=0.3, embed='timeF', activation='gelu', output_attention=False, do_predict=False, num_workers=0, itr=1, train_epochs=100, batch_size=256, patience=10, learning_rate=1e-05, des="'Exp'", loss='mse', lradj='TST', pct_start=0.3, use_amp=False, l2=0.0, warmup_steps=0, use_gpu=True, gpu=0, use_multi_gpu=False, devices='0', test_flop=False, use_mlflow=False, mlflow_project='exp', loss_flag=2, sub_patch_len=16, sub_stride=8, stride_ls_list='16', model_type='linear', tfactor=3, dilation_rates='1', wavelet_layers=2, wavelet_type='db5', wavelet_mode='periodization', wavelet_dim=64, initTLV=0.2)
Use GPU: cuda:0
>>>>>>>start training : ETTh1_336_720_DTFNet_ETTh1_ftM_sl336_ll0_pl720_dm128_nh16_el2_br2_dl1_df256_fc1_ebtimeF_dtTrue_'Exp'_0_'rel_sin'_16_8_16,24_8,12_3_1_256>>>>>>>>>>>>>>>>>>>>>>>>>>
train 7585
val 2161
test 2161
Epoch: 1 cost time: 7.083545446395874
Epoch: 1, Steps: 29 | Train Loss: 0.1075681 Vali Loss: 0.1789400 Test Loss: 0.0997761
Validation loss decreased (inf --> 0.178940).  Saving model ...
Updating learning rate to 4.2635539919063106e-07
Epoch: 2 cost time: 3.5393950939178467
Epoch: 2, Steps: 29 | Train Loss: 0.1066841 Vali Loss: 0.1771210 Test Loss: 0.0989497
Validation loss decreased (0.178940 --> 0.177121).  Saving model ...
Updating learning rate to 5.051321771514831e-07
Epoch: 3 cost time: 3.521296262741089
Epoch: 3, Steps: 29 | Train Loss: 0.1058470 Vali Loss: 0.1758810 Test Loss: 0.0980501
Validation loss decreased (0.177121 --> 0.175881).  Saving model ...
Updating learning rate to 6.354652532866785e-07
Epoch: 4 cost time: 3.522045612335205
Epoch: 4, Steps: 29 | Train Loss: 0.1049101 Vali Loss: 0.1743554 Test Loss: 0.0970926
Validation loss decreased (0.175881 --> 0.174355).  Saving model ...
Updating learning rate to 8.159233858256806e-07
Epoch: 5 cost time: 3.519007682800293
Epoch: 5, Steps: 29 | Train Loss: 0.1040348 Vali Loss: 0.1723768 Test Loss: 0.0960491
Validation loss decreased (0.174355 --> 0.172377).  Saving model ...
Updating learning rate to 1.0445248888850473e-06
Epoch: 6 cost time: 3.541693687438965
Epoch: 6, Steps: 29 | Train Loss: 0.1029034 Vali Loss: 0.1701370 Test Loss: 0.0948907
Validation loss decreased (0.172377 --> 0.170137).  Saving model ...
Updating learning rate to 1.3187593941861497e-06
Epoch: 7 cost time: 3.5244803428649902
Epoch: 7, Steps: 29 | Train Loss: 0.1018963 Vali Loss: 0.1684729 Test Loss: 0.0935572
Validation loss decreased (0.170137 --> 0.168473).  Saving model ...
Updating learning rate to 1.6356154184543822e-06
Epoch: 8 cost time: 3.530836343765259
Epoch: 8, Steps: 29 | Train Loss: 0.1007062 Vali Loss: 0.1656873 Test Loss: 0.0919563
Validation loss decreased (0.168473 --> 0.165687).  Saving model ...
Updating learning rate to 1.9916134337707666e-06
Epoch: 9 cost time: 3.535609483718872
Epoch: 9, Steps: 29 | Train Loss: 0.0992799 Vali Loss: 0.1626545 Test Loss: 0.0898824
Validation loss decreased (0.165687 --> 0.162655).  Saving model ...
Updating learning rate to 2.3828440777166636e-06
Epoch: 10 cost time: 3.5276386737823486
Epoch: 10, Steps: 29 | Train Loss: 0.0975628 Vali Loss: 0.1587435 Test Loss: 0.0870970
Validation loss decreased (0.162655 --> 0.158743).  Saving model ...
Updating learning rate to 2.805011083710071e-06
Epoch: 11 cost time: 3.5256593227386475
Epoch: 11, Steps: 29 | Train Loss: 0.0953441 Vali Loss: 0.1533576 Test Loss: 0.0831451
Validation loss decreased (0.158743 --> 0.153358).  Saving model ...
Updating learning rate to 3.2534784600976295e-06
Epoch: 12 cost time: 3.532982110977173
Epoch: 12, Steps: 29 | Train Loss: 0.0927389 Vali Loss: 0.1475962 Test Loss: 0.0785114
Validation loss decreased (0.153358 --> 0.147596).  Saving model ...
Updating learning rate to 3.723321399909056e-06
Epoch: 13 cost time: 3.522251605987549
Epoch: 13, Steps: 29 | Train Loss: 0.0901735 Vali Loss: 0.1425448 Test Loss: 0.0750987
Validation loss decreased (0.147596 --> 0.142545).  Saving model ...
Updating learning rate to 4.209380362212844e-06
Epoch: 14 cost time: 3.5463037490844727
Epoch: 14, Steps: 29 | Train Loss: 0.0881075 Vali Loss: 0.1388754 Test Loss: 0.0731691
Validation loss decreased (0.142545 --> 0.138875).  Saving model ...
Updating learning rate to 4.706317731183279e-06
Epoch: 15 cost time: 3.550081968307495
Epoch: 15, Steps: 29 | Train Loss: 0.0863498 Vali Loss: 0.1358112 Test Loss: 0.0710806
Validation loss decreased (0.138875 --> 0.135811).  Saving model ...
Updating learning rate to 5.208676430682048e-06
Epoch: 16 cost time: 3.542543649673462
Epoch: 16, Steps: 29 | Train Loss: 0.0845583 Vali Loss: 0.1330482 Test Loss: 0.0690101
Validation loss decreased (0.135811 --> 0.133048).  Saving model ...
Updating learning rate to 5.710939850683244e-06
Epoch: 17 cost time: 3.5615572929382324
Epoch: 17, Steps: 29 | Train Loss: 0.0830374 Vali Loss: 0.1317143 Test Loss: 0.0671167
Validation loss decreased (0.133048 --> 0.131714).  Saving model ...
Updating learning rate to 6.207592427464792e-06
Epoch: 18 cost time: 3.565019130706787
Epoch: 18, Steps: 29 | Train Loss: 0.0816440 Vali Loss: 0.1295538 Test Loss: 0.0661452
Validation loss decreased (0.131714 --> 0.129554).  Saving model ...
Updating learning rate to 6.693180212309968e-06
Epoch: 19 cost time: 3.5578410625457764
Epoch: 19, Steps: 29 | Train Loss: 0.0805994 Vali Loss: 0.1282134 Test Loss: 0.0648470
Validation loss decreased (0.129554 --> 0.128213).  Saving model ...
Updating learning rate to 7.1623707635889015e-06
Epoch: 20 cost time: 3.552610397338867
Epoch: 20, Steps: 29 | Train Loss: 0.0796960 Vali Loss: 0.1271559 Test Loss: 0.0641527
Validation loss decreased (0.128213 --> 0.127156).  Saving model ...
Updating learning rate to 7.610011704520164e-06
Epoch: 21 cost time: 3.5657296180725098
Epoch: 21, Steps: 29 | Train Loss: 0.0787435 Vali Loss: 0.1262964 Test Loss: 0.0633314
Validation loss decreased (0.127156 --> 0.126296).  Saving model ...
Updating learning rate to 8.031187303565295e-06
Epoch: 22 cost time: 3.569617509841919
Epoch: 22, Steps: 29 | Train Loss: 0.0779063 Vali Loss: 0.1252988 Test Loss: 0.0624302
Validation loss decreased (0.126296 --> 0.125299).  Saving model ...
Updating learning rate to 8.421272456123378e-06
Epoch: 23 cost time: 3.5594115257263184
Epoch: 23, Steps: 29 | Train Loss: 0.0771451 Vali Loss: 0.1238260 Test Loss: 0.0619242
Validation loss decreased (0.125299 --> 0.123826).  Saving model ...
Updating learning rate to 8.775983474730246e-06
Epoch: 24 cost time: 3.5728416442871094
Epoch: 24, Steps: 29 | Train Loss: 0.0762266 Vali Loss: 0.1234101 Test Loss: 0.0611678
Validation loss decreased (0.123826 --> 0.123410).  Saving model ...
Updating learning rate to 9.091425130013939e-06
Epoch: 25 cost time: 3.572927474975586
Epoch: 25, Steps: 29 | Train Loss: 0.0755173 Vali Loss: 0.1223816 Test Loss: 0.0601760
Validation loss decreased (0.123410 --> 0.122382).  Saving model ...
Updating learning rate to 9.364133425830145e-06
Epoch: 26 cost time: 3.580267906188965
Epoch: 26, Steps: 29 | Train Loss: 0.0747186 Vali Loss: 0.1214212 Test Loss: 0.0595496
Validation loss decreased (0.122382 --> 0.121421).  Saving model ...
Updating learning rate to 9.591113638846019e-06
Epoch: 27 cost time: 3.5751705169677734
Epoch: 27, Steps: 29 | Train Loss: 0.0739424 Vali Loss: 0.1205884 Test Loss: 0.0590783
Validation loss decreased (0.121421 --> 0.120588).  Saving model ...
Updating learning rate to 9.769873204843885e-06
Epoch: 28 cost time: 3.576528310775757
Epoch: 28, Steps: 29 | Train Loss: 0.0732428 Vali Loss: 0.1195996 Test Loss: 0.0584261
Validation loss decreased (0.120588 --> 0.119600).  Saving model ...
Updating learning rate to 9.898449090606656e-06
Epoch: 29 cost time: 3.573261260986328
Epoch: 29, Steps: 29 | Train Loss: 0.0725137 Vali Loss: 0.1190565 Test Loss: 0.0577709
Validation loss decreased (0.119600 --> 0.119057).  Saving model ...
Updating learning rate to 9.975429350802846e-06
Epoch: 30 cost time: 3.5813510417938232
Epoch: 30, Steps: 29 | Train Loss: 0.0717365 Vali Loss: 0.1177489 Test Loss: 0.0574165
Validation loss decreased (0.119057 --> 0.117749).  Saving model ...
Updating learning rate to 9.99999401249548e-06
Epoch: 31 cost time: 3.5945661067962646
Epoch: 31, Steps: 29 | Train Loss: 0.0710091 Vali Loss: 0.1171795 Test Loss: 0.0566182
Validation loss decreased (0.117749 --> 0.117179).  Saving model ...
Updating learning rate to 9.994612212745642e-06
Epoch: 32 cost time: 3.5739970207214355
Epoch: 32, Steps: 29 | Train Loss: 0.0703687 Vali Loss: 0.1167068 Test Loss: 0.0560024
Validation loss decreased (0.117179 --> 0.116707).  Saving model ...
Updating learning rate to 9.979171968972798e-06
Epoch: 33 cost time: 3.569871664047241
Epoch: 33, Steps: 29 | Train Loss: 0.0696715 Vali Loss: 0.1161588 Test Loss: 0.0555470
Validation loss decreased (0.116707 --> 0.116159).  Saving model ...
Updating learning rate to 9.953704375773079e-06
Epoch: 34 cost time: 3.5884740352630615
Epoch: 34, Steps: 29 | Train Loss: 0.0689890 Vali Loss: 0.1152743 Test Loss: 0.0549592
Validation loss decreased (0.116159 --> 0.115274).  Saving model ...
Updating learning rate to 9.918260721489893e-06
Epoch: 35 cost time: 3.578544855117798
Epoch: 35, Steps: 29 | Train Loss: 0.0682619 Vali Loss: 0.1139618 Test Loss: 0.0547569
Validation loss decreased (0.115274 --> 0.113962).  Saving model ...
Updating learning rate to 9.872912384926035e-06
Epoch: 36 cost time: 3.5800960063934326
Epoch: 36, Steps: 29 | Train Loss: 0.0676648 Vali Loss: 0.1128977 Test Loss: 0.0543101
Validation loss decreased (0.113962 --> 0.112898).  Saving model ...
Updating learning rate to 9.817750691596265e-06
Epoch: 37 cost time: 3.5825765132904053
Epoch: 37, Steps: 29 | Train Loss: 0.0669115 Vali Loss: 0.1126147 Test Loss: 0.0537545
Validation loss decreased (0.112898 --> 0.112615).  Saving model ...
Updating learning rate to 9.752886729809889e-06
Epoch: 38 cost time: 3.5930705070495605
Epoch: 38, Steps: 29 | Train Loss: 0.0662826 Vali Loss: 0.1120794 Test Loss: 0.0531990
Validation loss decreased (0.112615 --> 0.112079).  Saving model ...
Updating learning rate to 9.678451126953676e-06
Epoch: 39 cost time: 3.5940544605255127
Epoch: 39, Steps: 29 | Train Loss: 0.0655827 Vali Loss: 0.1109294 Test Loss: 0.0530433
Validation loss decreased (0.112079 --> 0.110929).  Saving model ...
Updating learning rate to 9.594593786425696e-06
Epoch: 40 cost time: 3.522561550140381
Epoch: 40, Steps: 29 | Train Loss: 0.0650230 Vali Loss: 0.1099794 Test Loss: 0.0528979
Validation loss decreased (0.110929 --> 0.109979).  Saving model ...
Updating learning rate to 9.501483585749811e-06
Epoch: 41 cost time: 3.589128017425537
Epoch: 41, Steps: 29 | Train Loss: 0.0643487 Vali Loss: 0.1101001 Test Loss: 0.0520657
EarlyStopping counter: 1 out of 10
Updating learning rate to 9.399308036478838e-06
Epoch: 42 cost time: 3.5348472595214844
Epoch: 42, Steps: 29 | Train Loss: 0.0636753 Vali Loss: 0.1095536 Test Loss: 0.0518029
Validation loss decreased (0.109979 --> 0.109554).  Saving model ...
Updating learning rate to 9.288272906571216e-06
Epoch: 43 cost time: 3.5792689323425293
Epoch: 43, Steps: 29 | Train Loss: 0.0631151 Vali Loss: 0.1087757 Test Loss: 0.0512394
Validation loss decreased (0.109554 --> 0.108776).  Saving model ...
Updating learning rate to 9.16860180600173e-06
Epoch: 44 cost time: 3.577444076538086
Epoch: 44, Steps: 29 | Train Loss: 0.0624924 Vali Loss: 0.1075249 Test Loss: 0.0513360
Validation loss decreased (0.108776 --> 0.107525).  Saving model ...
Updating learning rate to 9.040535736440785e-06
Epoch: 45 cost time: 3.5296895503997803
Epoch: 45, Steps: 29 | Train Loss: 0.0618509 Vali Loss: 0.1064138 Test Loss: 0.0509094
Validation loss decreased (0.107525 --> 0.106414).  Saving model ...
Updating learning rate to 8.904332605909106e-06
Epoch: 46 cost time: 3.589345693588257
Epoch: 46, Steps: 29 | Train Loss: 0.0612643 Vali Loss: 0.1060986 Test Loss: 0.0503739
Validation loss decreased (0.106414 --> 0.106099).  Saving model ...
Updating learning rate to 8.760266709385311e-06
Epoch: 47 cost time: 3.5288896560668945
Epoch: 47, Steps: 29 | Train Loss: 0.0606702 Vali Loss: 0.1046178 Test Loss: 0.0502582
Validation loss decreased (0.106099 --> 0.104618).  Saving model ...
Updating learning rate to 8.608628176412335e-06
Epoch: 48 cost time: 3.5918188095092773
Epoch: 48, Steps: 29 | Train Loss: 0.0600906 Vali Loss: 0.1044011 Test Loss: 0.0499022
Validation loss decreased (0.104618 --> 0.104401).  Saving model ...
Updating learning rate to 8.449722386815127e-06
Epoch: 49 cost time: 3.573503017425537
Epoch: 49, Steps: 29 | Train Loss: 0.0594663 Vali Loss: 0.1032635 Test Loss: 0.0494944
Validation loss decreased (0.104401 --> 0.103263).  Saving model ...
Updating learning rate to 8.28386935570634e-06
Epoch: 50 cost time: 3.5335209369659424
Epoch: 50, Steps: 29 | Train Loss: 0.0590188 Vali Loss: 0.1034954 Test Loss: 0.0491434
EarlyStopping counter: 1 out of 10
Updating learning rate to 8.111403089018465e-06
Epoch: 51 cost time: 3.7664682865142822
Epoch: 51, Steps: 29 | Train Loss: 0.0584330 Vali Loss: 0.1023943 Test Loss: 0.0487282
Validation loss decreased (0.103263 --> 0.102394).  Saving model ...
Updating learning rate to 7.93267091086035e-06
Epoch: 52 cost time: 3.8225269317626953
Epoch: 52, Steps: 29 | Train Loss: 0.0579254 Vali Loss: 0.1011490 Test Loss: 0.0489018
Validation loss decreased (0.102394 --> 0.101149).  Saving model ...
Updating learning rate to 7.748032764052655e-06
Epoch: 53 cost time: 3.8544137477874756
Epoch: 53, Steps: 29 | Train Loss: 0.0573452 Vali Loss: 0.1017871 Test Loss: 0.0479668
EarlyStopping counter: 1 out of 10
Updating learning rate to 7.557860485250925e-06
Epoch: 54 cost time: 3.6834447383880615
Epoch: 54, Steps: 29 | Train Loss: 0.0568444 Vali Loss: 0.1001816 Test Loss: 0.0480503
Validation loss decreased (0.101149 --> 0.100182).  Saving model ...
Updating learning rate to 7.362537056116034e-06
Epoch: 55 cost time: 3.8221025466918945
Epoch: 55, Steps: 29 | Train Loss: 0.0563927 Vali Loss: 0.0995037 Test Loss: 0.0475136
Validation loss decreased (0.100182 --> 0.099504).  Saving model ...
Updating learning rate to 7.162455832040107e-06
Epoch: 56 cost time: 3.812899589538574
Epoch: 56, Steps: 29 | Train Loss: 0.0558183 Vali Loss: 0.0985717 Test Loss: 0.0473984
Validation loss decreased (0.099504 --> 0.098572).  Saving model ...
Updating learning rate to 6.9580197499810984e-06
Epoch: 57 cost time: 3.825007438659668
Epoch: 57, Steps: 29 | Train Loss: 0.0553204 Vali Loss: 0.0973358 Test Loss: 0.0473781
Validation loss decreased (0.098572 --> 0.097336).  Saving model ...
Updating learning rate to 6.7496405170013816e-06
Epoch: 58 cost time: 3.933804512023926
Epoch: 58, Steps: 29 | Train Loss: 0.0548138 Vali Loss: 0.0968565 Test Loss: 0.0470837
Validation loss decreased (0.097336 --> 0.096857).  Saving model ...
Updating learning rate to 6.537737781144523e-06
Epoch: 59 cost time: 3.842430830001831
Epoch: 59, Steps: 29 | Train Loss: 0.0543353 Vali Loss: 0.0970466 Test Loss: 0.0461665
EarlyStopping counter: 1 out of 10
Updating learning rate to 6.322738286319964e-06
Epoch: 60 cost time: 3.660454511642456
Epoch: 60, Steps: 29 | Train Loss: 0.0538308 Vali Loss: 0.0954017 Test Loss: 0.0463524
Validation loss decreased (0.096857 --> 0.095402).  Saving model ...
Updating learning rate to 6.105075012897585e-06
Epoch: 61 cost time: 3.9132049083709717
Epoch: 61, Steps: 29 | Train Loss: 0.0534264 Vali Loss: 0.0949946 Test Loss: 0.0458350
Validation loss decreased (0.095402 --> 0.094995).  Saving model ...
Updating learning rate to 5.885186305742857e-06
Epoch: 62 cost time: 3.8798511028289795
Epoch: 62, Steps: 29 | Train Loss: 0.0529215 Vali Loss: 0.0944339 Test Loss: 0.0455321
Validation loss decreased (0.094995 --> 0.094434).  Saving model ...
Updating learning rate to 5.6635149914486225e-06
Epoch: 63 cost time: 3.8360965251922607
Epoch: 63, Steps: 29 | Train Loss: 0.0524657 Vali Loss: 0.0937750 Test Loss: 0.0451156
Validation loss decreased (0.094434 --> 0.093775).  Saving model ...
Updating learning rate to 5.440507486541268e-06
Epoch: 64 cost time: 3.83345627784729
Epoch: 64, Steps: 29 | Train Loss: 0.0519961 Vali Loss: 0.0927831 Test Loss: 0.0450212
Validation loss decreased (0.093775 --> 0.092783).  Saving model ...
Updating learning rate to 5.216612898457253e-06
Epoch: 65 cost time: 3.8788976669311523
Epoch: 65, Steps: 29 | Train Loss: 0.0515921 Vali Loss: 0.0921391 Test Loss: 0.0446594
Validation loss decreased (0.092783 --> 0.092139).  Saving model ...
Updating learning rate to 4.992282121100496e-06
Epoch: 66 cost time: 3.926530361175537
Epoch: 66, Steps: 29 | Train Loss: 0.0511067 Vali Loss: 0.0912186 Test Loss: 0.0446631
Validation loss decreased (0.092139 --> 0.091219).  Saving model ...
Updating learning rate to 4.767966926802067e-06
Epoch: 67 cost time: 3.815168857574463
Epoch: 67, Steps: 29 | Train Loss: 0.0507489 Vali Loss: 0.0908238 Test Loss: 0.0441103
Validation loss decreased (0.091219 --> 0.090824).  Saving model ...
Updating learning rate to 4.5441190565108235e-06
Epoch: 68 cost time: 3.880143404006958
Epoch: 68, Steps: 29 | Train Loss: 0.0502586 Vali Loss: 0.0902278 Test Loss: 0.0436994
Validation loss decreased (0.090824 --> 0.090228).  Saving model ...
Updating learning rate to 4.3211893100472735e-06
Epoch: 69 cost time: 3.873091459274292
Epoch: 69, Steps: 29 | Train Loss: 0.0498889 Vali Loss: 0.0888012 Test Loss: 0.0436701
Validation loss decreased (0.090228 --> 0.088801).  Saving model ...
Updating learning rate to 4.099626638252712e-06
Epoch: 70 cost time: 3.830947160720825
Epoch: 70, Steps: 29 | Train Loss: 0.0494135 Vali Loss: 0.0886446 Test Loss: 0.0432717
Validation loss decreased (0.088801 --> 0.088645).  Saving model ...
Updating learning rate to 3.879877238861997e-06
Epoch: 71 cost time: 3.80476713180542
Epoch: 71, Steps: 29 | Train Loss: 0.0490131 Vali Loss: 0.0873787 Test Loss: 0.0430005
Validation loss decreased (0.088645 --> 0.087379).  Saving model ...
Updating learning rate to 3.662383657920668e-06
Epoch: 72 cost time: 3.830998659133911
Epoch: 72, Steps: 29 | Train Loss: 0.0486108 Vali Loss: 0.0871803 Test Loss: 0.0426230
Validation loss decreased (0.087379 --> 0.087180).  Saving model ...
Updating learning rate to 3.447583898556124e-06
Epoch: 73 cost time: 3.860828399658203
Epoch: 73, Steps: 29 | Train Loss: 0.0482514 Vali Loss: 0.0870200 Test Loss: 0.0419711
Validation loss decreased (0.087180 --> 0.087020).  Saving model ...
Updating learning rate to 3.2359105388976132e-06
Epoch: 74 cost time: 3.8418099880218506
Epoch: 74, Steps: 29 | Train Loss: 0.0478232 Vali Loss: 0.0858302 Test Loss: 0.0419701
Validation loss decreased (0.087020 --> 0.085830).  Saving model ...
Updating learning rate to 3.027789860921434e-06
Epoch: 75 cost time: 3.8781473636627197
Epoch: 75, Steps: 29 | Train Loss: 0.0474396 Vali Loss: 0.0848611 Test Loss: 0.0418236
Validation loss decreased (0.085830 --> 0.084861).  Saving model ...
Updating learning rate to 2.8236409919757893e-06
Epoch: 76 cost time: 3.875518321990967
Epoch: 76, Steps: 29 | Train Loss: 0.0470584 Vali Loss: 0.0847309 Test Loss: 0.0412449
Validation loss decreased (0.084861 --> 0.084731).  Saving model ...
Updating learning rate to 2.6238750607140637e-06
Epoch: 77 cost time: 3.7998318672180176
Epoch: 77, Steps: 29 | Train Loss: 0.0467480 Vali Loss: 0.0837519 Test Loss: 0.0411698
Validation loss decreased (0.084731 --> 0.083752).  Saving model ...
Updating learning rate to 2.4288943691364434e-06
Epoch: 78 cost time: 3.9486377239227295
Epoch: 78, Steps: 29 | Train Loss: 0.0463573 Vali Loss: 0.0830274 Test Loss: 0.0408633
Validation loss decreased (0.083752 --> 0.083027).  Saving model ...
Updating learning rate to 2.2390915824072217e-06
Epoch: 79 cost time: 3.9341225624084473
Epoch: 79, Steps: 29 | Train Loss: 0.0459781 Vali Loss: 0.0825980 Test Loss: 0.0404813
Validation loss decreased (0.083027 --> 0.082598).  Saving model ...
Updating learning rate to 2.0548489380794217e-06
Epoch: 80 cost time: 3.858008861541748
Epoch: 80, Steps: 29 | Train Loss: 0.0456211 Vali Loss: 0.0818040 Test Loss: 0.0402634
Validation loss decreased (0.082598 --> 0.081804).  Saving model ...
Updating learning rate to 1.876537476319218e-06
Epoch: 81 cost time: 3.8271117210388184
Epoch: 81, Steps: 29 | Train Loss: 0.0453277 Vali Loss: 0.0816594 Test Loss: 0.0403349
Validation loss decreased (0.081804 --> 0.081659).  Saving model ...
Updating learning rate to 1.7045162926804444e-06
Epoch: 82 cost time: 3.791637897491455
Epoch: 82, Steps: 29 | Train Loss: 0.0453039 Vali Loss: 0.0814765 Test Loss: 0.0403093
Validation loss decreased (0.081659 --> 0.081477).  Saving model ...
Updating learning rate to 1.5391318149339123e-06
Epoch: 83 cost time: 3.890164613723755
Epoch: 83, Steps: 29 | Train Loss: 0.0453619 Vali Loss: 0.0818604 Test Loss: 0.0400702
EarlyStopping counter: 1 out of 10
Updating learning rate to 1.3807171054080036e-06
Epoch: 84 cost time: 3.6455273628234863
Epoch: 84, Steps: 29 | Train Loss: 0.0452853 Vali Loss: 0.0815557 Test Loss: 0.0401940
EarlyStopping counter: 2 out of 10
Updating learning rate to 1.2295911902454577e-06
Epoch: 85 cost time: 3.699683427810669
Epoch: 85, Steps: 29 | Train Loss: 0.0453181 Vali Loss: 0.0817808 Test Loss: 0.0402112
EarlyStopping counter: 3 out of 10
Updating learning rate to 1.0860584169271784e-06
Epoch: 86 cost time: 3.727637767791748
Epoch: 86, Steps: 29 | Train Loss: 0.0453082 Vali Loss: 0.0816495 Test Loss: 0.0402121
EarlyStopping counter: 4 out of 10
Updating learning rate to 9.504078413569088e-07
Epoch: 87 cost time: 3.680954694747925
Epoch: 87, Steps: 29 | Train Loss: 0.0453185 Vali Loss: 0.0818788 Test Loss: 0.0401783
EarlyStopping counter: 5 out of 10
Updating learning rate to 8.229126457411124e-07
Epoch: 88 cost time: 3.714114189147949
Epoch: 88, Steps: 29 | Train Loss: 0.0452380 Vali Loss: 0.0817667 Test Loss: 0.0401841
EarlyStopping counter: 6 out of 10
Updating learning rate to 7.038295884363647e-07
Epoch: 89 cost time: 3.7056679725646973
Epoch: 89, Steps: 29 | Train Loss: 0.0452448 Vali Loss: 0.0819233 Test Loss: 0.0401935
EarlyStopping counter: 7 out of 10
Updating learning rate to 5.933984868721898e-07
Epoch: 90 cost time: 3.778684377670288
Epoch: 90, Steps: 29 | Train Loss: 0.0452714 Vali Loss: 0.0820894 Test Loss: 0.0402068
EarlyStopping counter: 8 out of 10
Updating learning rate to 4.918417345906772e-07
Epoch: 91 cost time: 3.7176616191864014
Epoch: 91, Steps: 29 | Train Loss: 0.0452432 Vali Loss: 0.0818981 Test Loss: 0.0401985
EarlyStopping counter: 9 out of 10
Updating learning rate to 3.9936385337548097e-07
Epoch: 92 cost time: 3.7208425998687744
Epoch: 92, Steps: 29 | Train Loss: 0.0452333 Vali Loss: 0.0818724 Test Loss: 0.0402112
EarlyStopping counter: 10 out of 10
Early stopping
>>>>>>>testing : ETTh1_336_720_DTFNet_ETTh1_ftM_sl336_ll0_pl720_dm128_nh16_el2_br2_dl1_df256_fc1_ebtimeF_dtTrue_'Exp'_0_'rel_sin'_16_8_16,24_8,12_3_1_256<<<<<<<<<<<<<<<<<<<<<<<<<<<<<<<<<
test 2161
mse:0.4310554563999176, mae:0.4500252902507782, rse:0.6305966377258301
