Args in experiment:
Namespace(is_training=1, model_id='ETTh1_336_96', model='DTFNet', data='ETTh1', root_path='./dataset/', data_path='ETTh1.csv', features='M', target='OT', freq='h', checkpoints='./checkpoints/', seq_len=336, label_len=0, pred_len=96, n_branches=2, patch_len_ls='16,24', stride_ls='8,12', d_model_ls='128', n_heads_ls='16', rel_pe="'rel_sin'", res_attn=False, head_type='flatten', fc_dropout=0.3, head_dropout=0.1, patch_len=16, stride=8, padding_patch="'end'", revin=1, affine=0, subtract_last=0, decomposition=0, kernel_size=25, individual=0, store_attn=False, pre_norm=False, pe='zeros', no_learn_pe=True, embed_type=0, enc_in=7, dec_in=7, c_out=7, d_model=128, n_heads=16, e_layers=2, d_layers=1, d_ff=256, moving_avg=25, factor=1, distil=True, dropout=0.3, embed='timeF', activation='gelu', output_attention=False, do_predict=False, num_workers=0, itr=1, train_epochs=100, batch_size=256, patience=10, learning_rate=1e-05, des="'Exp'", loss='mse', lradj='TST', pct_start=0.3, use_amp=False, l2=0.0, warmup_steps=0, use_gpu=True, gpu=0, use_multi_gpu=False, devices='0', test_flop=False, use_mlflow=False, mlflow_project='exp', loss_flag=2, sub_patch_len=16, sub_stride=8, stride_ls_list='16', model_type='linear', tfactor=3, dilation_rates='1', wavelet_layers=2, wavelet_type='db5', wavelet_mode='periodization', wavelet_dim=64, initTLV=0.2)
Use GPU: cuda:0
>>>>>>>start training : ETTh1_336_96_DTFNet_ETTh1_ftM_sl336_ll0_pl96_dm128_nh16_el2_br2_dl1_df256_fc1_ebtimeF_dtTrue_'Exp'_0_'rel_sin'_16_8_16,24_8,12_3_1_256>>>>>>>>>>>>>>>>>>>>>>>>>>
train 8209
val 2785
test 2785
Epoch: 1 cost time: 12.79569935798645
Epoch: 1, Steps: 32 | Train Loss: 0.0916117 Vali Loss: 0.1470994 Test Loss: 0.0936659
Validation loss decreased (inf --> 0.147099).  Saving model ...
Updating learning rate to 4.263497187391453e-07
Epoch: 2 cost time: 4.053347587585449
Epoch: 2, Steps: 32 | Train Loss: 0.0906680 Vali Loss: 0.1459568 Test Loss: 0.0926573
Validation loss decreased (0.147099 --> 0.145957).  Saving model ...
Updating learning rate to 5.051095800908994e-07
Epoch: 3 cost time: 4.004065275192261
Epoch: 3, Steps: 32 | Train Loss: 0.0896935 Vali Loss: 0.1438217 Test Loss: 0.0915772
Validation loss decreased (0.145957 --> 0.143822).  Saving model ...
Updating learning rate to 6.354148756408674e-07
Epoch: 4 cost time: 4.010332822799683
Epoch: 4, Steps: 32 | Train Loss: 0.0887027 Vali Loss: 0.1419973 Test Loss: 0.0904302
Validation loss decreased (0.143822 --> 0.141997).  Saving model ...
Updating learning rate to 8.158349771023961e-07
Epoch: 5 cost time: 3.9486258029937744
Epoch: 5, Steps: 32 | Train Loss: 0.0876534 Vali Loss: 0.1402528 Test Loss: 0.0891896
Validation loss decreased (0.141997 --> 0.140253).  Saving model ...
Updating learning rate to 1.0443890432553227e-06
Epoch: 6 cost time: 3.9899418354034424
Epoch: 6, Steps: 32 | Train Loss: 0.0865242 Vali Loss: 0.1383217 Test Loss: 0.0878301
Validation loss decreased (0.140253 --> 0.138322).  Saving model ...
Updating learning rate to 1.3185677676997187e-06
Epoch: 7 cost time: 3.9466989040374756
Epoch: 7, Steps: 32 | Train Loss: 0.0853040 Vali Loss: 0.1363935 Test Loss: 0.0863076
Validation loss decreased (0.138322 --> 0.136393).  Saving model ...
Updating learning rate to 1.6353609286550175e-06
Epoch: 8 cost time: 3.9836626052856445
Epoch: 8, Steps: 32 | Train Loss: 0.0839480 Vali Loss: 0.1332467 Test Loss: 0.0845602
Validation loss decreased (0.136393 --> 0.133247).  Saving model ...
Updating learning rate to 1.9912904383338616e-06
Epoch: 9 cost time: 3.99281907081604
Epoch: 9, Steps: 32 | Train Loss: 0.0824194 Vali Loss: 0.1304514 Test Loss: 0.0824874
Validation loss decreased (0.133247 --> 0.130451).  Saving model ...
Updating learning rate to 2.382448529039998e-06
Epoch: 10 cost time: 3.9215035438537598
Epoch: 10, Steps: 32 | Train Loss: 0.0805833 Vali Loss: 0.1265772 Test Loss: 0.0799245
Validation loss decreased (0.130451 --> 0.126577).  Saving model ...
Updating learning rate to 2.8045406567431614e-06
Epoch: 11 cost time: 3.996483564376831
Epoch: 11, Steps: 32 | Train Loss: 0.0783876 Vali Loss: 0.1225917 Test Loss: 0.0767343
Validation loss decreased (0.126577 --> 0.122592).  Saving model ...
Updating learning rate to 3.2529326510904383e-06
Epoch: 12 cost time: 4.024583578109741
Epoch: 12, Steps: 32 | Train Loss: 0.0758004 Vali Loss: 0.1163435 Test Loss: 0.0729947
Validation loss decreased (0.122592 --> 0.116344).  Saving model ...
Updating learning rate to 3.7227015941918576e-06
Epoch: 13 cost time: 4.102990627288818
Epoch: 13, Steps: 32 | Train Loss: 0.0730129 Vali Loss: 0.1116825 Test Loss: 0.0693812
Validation loss decreased (0.116344 --> 0.111683).  Saving model ...
Updating learning rate to 4.208689869579457e-06
Epoch: 14 cost time: 4.006629467010498
Epoch: 14, Steps: 32 | Train Loss: 0.0703342 Vali Loss: 0.1066898 Test Loss: 0.0664469
Validation loss decreased (0.111683 --> 0.106690).  Saving model ...
Updating learning rate to 4.705561787933659e-06
Epoch: 15 cost time: 4.040896654129028
Epoch: 15, Steps: 32 | Train Loss: 0.0678968 Vali Loss: 0.1019038 Test Loss: 0.0640407
Validation loss decreased (0.106690 --> 0.101904).  Saving model ...
Updating learning rate to 5.207862167880292e-06
Epoch: 16 cost time: 4.002525091171265
Epoch: 16, Steps: 32 | Train Loss: 0.0655681 Vali Loss: 0.0962175 Test Loss: 0.0618511
Validation loss decreased (0.101904 --> 0.096217).  Saving model ...
Updating learning rate to 5.710076228696788e-06
Epoch: 17 cost time: 4.002578496932983
Epoch: 17, Steps: 32 | Train Loss: 0.0634889 Vali Loss: 0.0924502 Test Loss: 0.0598826
Validation loss decreased (0.096217 --> 0.092450).  Saving model ...
Updating learning rate to 6.206690137362583e-06
Epoch: 18 cost time: 3.994265079498291
Epoch: 18, Steps: 32 | Train Loss: 0.0616137 Vali Loss: 0.0889014 Test Loss: 0.0580778
Validation loss decreased (0.092450 --> 0.088901).  Saving model ...
Updating learning rate to 6.692251545204639e-06
Epoch: 19 cost time: 4.017588138580322
Epoch: 19, Steps: 32 | Train Loss: 0.0600476 Vali Loss: 0.0860883 Test Loss: 0.0563695
Validation loss decreased (0.088901 --> 0.086088).  Saving model ...
Updating learning rate to 7.161429449503278e-06
Epoch: 20 cost time: 3.949044942855835
Epoch: 20, Steps: 32 | Train Loss: 0.0586894 Vali Loss: 0.0840178 Test Loss: 0.0549753
Validation loss decreased (0.086088 --> 0.084018).  Saving model ...
Updating learning rate to 7.6090727228348e-06
Epoch: 21 cost time: 4.036645174026489
Epoch: 21, Steps: 32 | Train Loss: 0.0575495 Vali Loss: 0.0819682 Test Loss: 0.0537897
Validation loss decreased (0.084018 --> 0.081968).  Saving model ...
Updating learning rate to 8.030266667554303e-06
Epoch: 22 cost time: 4.012990236282349
Epoch: 22, Steps: 32 | Train Loss: 0.0565468 Vali Loss: 0.0806553 Test Loss: 0.0527038
Validation loss decreased (0.081968 --> 0.080655).  Saving model ...
Updating learning rate to 8.420386974504289e-06
Epoch: 23 cost time: 4.04971981048584
Epoch: 23, Steps: 32 | Train Loss: 0.0556599 Vali Loss: 0.0792185 Test Loss: 0.0518179
Validation loss decreased (0.080655 --> 0.079218).  Saving model ...
Updating learning rate to 8.775150493533698e-06
Epoch: 24 cost time: 4.051127672195435
Epoch: 24, Steps: 32 | Train Loss: 0.0548108 Vali Loss: 0.0775350 Test Loss: 0.0510011
Validation loss decreased (0.079218 --> 0.077535).  Saving model ...
Updating learning rate to 9.090662258415302e-06
Epoch: 25 cost time: 4.133913040161133
Epoch: 25, Steps: 32 | Train Loss: 0.0540508 Vali Loss: 0.0763995 Test Loss: 0.0501994
Validation loss decreased (0.077535 --> 0.076399).  Saving model ...
Updating learning rate to 9.363458249872634e-06
Epoch: 26 cost time: 4.057446479797363
Epoch: 26, Steps: 32 | Train Loss: 0.0532701 Vali Loss: 0.0753717 Test Loss: 0.0493923
Validation loss decreased (0.076399 --> 0.075372).  Saving model ...
Updating learning rate to 9.590543427219004e-06
Epoch: 27 cost time: 4.067872762680054
Epoch: 27, Steps: 32 | Train Loss: 0.0525620 Vali Loss: 0.0740115 Test Loss: 0.0487503
Validation loss decreased (0.075372 --> 0.074012).  Saving model ...
Updating learning rate to 9.769424611057362e-06
Epoch: 28 cost time: 4.030097723007202
Epoch: 28, Steps: 32 | Train Loss: 0.0518526 Vali Loss: 0.0730711 Test Loss: 0.0480919
Validation loss decreased (0.074012 --> 0.073071).  Saving model ...
Updating learning rate to 9.898137856020267e-06
Epoch: 29 cost time: 3.9861018657684326
Epoch: 29, Steps: 32 | Train Loss: 0.0511438 Vali Loss: 0.0718551 Test Loss: 0.0475204
Validation loss decreased (0.073071 --> 0.071855).  Saving model ...
Updating learning rate to 9.97527001302323e-06
Epoch: 30 cost time: 4.026244640350342
Epoch: 30, Steps: 32 | Train Loss: 0.0505007 Vali Loss: 0.0712847 Test Loss: 0.0468761
Validation loss decreased (0.071855 --> 0.071285).  Saving model ...
Updating learning rate to 9.99999508252785e-06
Epoch: 31 cost time: 4.0245513916015625
Epoch: 31, Steps: 32 | Train Loss: 0.0498590 Vali Loss: 0.0702029 Test Loss: 0.0462892
Validation loss decreased (0.071285 --> 0.070203).  Saving model ...
Updating learning rate to 9.994645827799127e-06
Epoch: 32 cost time: 4.0301713943481445
Epoch: 32, Steps: 32 | Train Loss: 0.0492429 Vali Loss: 0.0695116 Test Loss: 0.0457541
Validation loss decreased (0.070203 --> 0.069512).  Saving model ...
Updating learning rate to 9.979238061351154e-06
Epoch: 33 cost time: 3.9641222953796387
Epoch: 33, Steps: 32 | Train Loss: 0.0486274 Vali Loss: 0.0685856 Test Loss: 0.0451737
Validation loss decreased (0.069512 --> 0.068586).  Saving model ...
Updating learning rate to 9.953802812375051e-06
Epoch: 34 cost time: 4.030311107635498
Epoch: 34, Steps: 32 | Train Loss: 0.0480510 Vali Loss: 0.0680631 Test Loss: 0.0447068
Validation loss decreased (0.068586 --> 0.068063).  Saving model ...
Updating learning rate to 9.918391304077266e-06
Epoch: 35 cost time: 4.005558252334595
Epoch: 35, Steps: 32 | Train Loss: 0.0474278 Vali Loss: 0.0668558 Test Loss: 0.0441270
Validation loss decreased (0.068063 --> 0.066856).  Saving model ...
Updating learning rate to 9.873074850522854e-06
Epoch: 36 cost time: 4.0500569343566895
Epoch: 36, Steps: 32 | Train Loss: 0.0468792 Vali Loss: 0.0661298 Test Loss: 0.0436599
Validation loss decreased (0.066856 --> 0.066130).  Saving model ...
Updating learning rate to 9.817944713018442e-06
Epoch: 37 cost time: 3.959526777267456
Epoch: 37, Steps: 32 | Train Loss: 0.0462794 Vali Loss: 0.0654903 Test Loss: 0.0432083
Validation loss decreased (0.066130 --> 0.065490).  Saving model ...
Updating learning rate to 9.7531119163241e-06
Epoch: 38 cost time: 3.9963221549987793
Epoch: 38, Steps: 32 | Train Loss: 0.0457561 Vali Loss: 0.0647440 Test Loss: 0.0427111
Validation loss decreased (0.065490 --> 0.064744).  Saving model ...
Updating learning rate to 9.678707025064249e-06
Epoch: 39 cost time: 3.9317328929901123
Epoch: 39, Steps: 32 | Train Loss: 0.0452140 Vali Loss: 0.0638034 Test Loss: 0.0422265
Validation loss decreased (0.064744 --> 0.063803).  Saving model ...
Updating learning rate to 9.59487988078789e-06
Epoch: 40 cost time: 3.9244704246520996
Epoch: 40, Steps: 32 | Train Loss: 0.0446842 Vali Loss: 0.0630575 Test Loss: 0.0417826
Validation loss decreased (0.063803 --> 0.063058).  Saving model ...
Updating learning rate to 9.50179930020766e-06
Epoch: 41 cost time: 3.972994804382324
Epoch: 41, Steps: 32 | Train Loss: 0.0441699 Vali Loss: 0.0627366 Test Loss: 0.0413049
Validation loss decreased (0.063058 --> 0.062737).  Saving model ...
Updating learning rate to 9.399652735225436e-06
Epoch: 42 cost time: 3.9342539310455322
Epoch: 42, Steps: 32 | Train Loss: 0.0436670 Vali Loss: 0.0616587 Test Loss: 0.0408498
Validation loss decreased (0.062737 --> 0.061659).  Saving model ...
Updating learning rate to 9.288645895429162e-06
Epoch: 43 cost time: 4.09961462020874
Epoch: 43, Steps: 32 | Train Loss: 0.0431471 Vali Loss: 0.0612276 Test Loss: 0.0404486
Validation loss decreased (0.061659 --> 0.061228).  Saving model ...
Updating learning rate to 9.169002333821102e-06
Epoch: 44 cost time: 4.046762466430664
Epoch: 44, Steps: 32 | Train Loss: 0.0426502 Vali Loss: 0.0604774 Test Loss: 0.0399774
Validation loss decreased (0.061228 --> 0.060477).  Saving model ...
Updating learning rate to 9.040962996611857e-06
Epoch: 45 cost time: 4.019843578338623
Epoch: 45, Steps: 32 | Train Loss: 0.0421811 Vali Loss: 0.0596303 Test Loss: 0.0395837
Validation loss decreased (0.060477 --> 0.059630).  Saving model ...
Updating learning rate to 8.904785737986756e-06
Epoch: 46 cost time: 3.9560115337371826
Epoch: 46, Steps: 32 | Train Loss: 0.0416967 Vali Loss: 0.0590662 Test Loss: 0.0391910
Validation loss decreased (0.059630 --> 0.059066).  Saving model ...
Updating learning rate to 8.76074480082184e-06
Epoch: 47 cost time: 4.036826133728027
Epoch: 47, Steps: 32 | Train Loss: 0.0412214 Vali Loss: 0.0584688 Test Loss: 0.0388126
Validation loss decreased (0.059066 --> 0.058469).  Saving model ...
Updating learning rate to 8.609130264395213e-06
Epoch: 48 cost time: 3.929910659790039
Epoch: 48, Steps: 32 | Train Loss: 0.0407524 Vali Loss: 0.0578689 Test Loss: 0.0383831
Validation loss decreased (0.058469 --> 0.057869).  Saving model ...
Updating learning rate to 8.450247460205976e-06
Epoch: 49 cost time: 3.960249900817871
Epoch: 49, Steps: 32 | Train Loss: 0.0402895 Vali Loss: 0.0573576 Test Loss: 0.0379768
Validation loss decreased (0.057869 --> 0.057358).  Saving model ...
Updating learning rate to 8.284416357077229e-06
Epoch: 50 cost time: 4.009304046630859
Epoch: 50, Steps: 32 | Train Loss: 0.0398475 Vali Loss: 0.0566147 Test Loss: 0.0376282
Validation loss decreased (0.057358 --> 0.056615).  Saving model ...
Updating learning rate to 8.111970916781429e-06
Epoch: 51 cost time: 3.990684986114502
Epoch: 51, Steps: 32 | Train Loss: 0.0393826 Vali Loss: 0.0558123 Test Loss: 0.0372438
Validation loss decreased (0.056615 --> 0.055812).  Saving model ...
Updating learning rate to 7.933258421485843e-06
Epoch: 52 cost time: 3.9789841175079346
Epoch: 52, Steps: 32 | Train Loss: 0.0389665 Vali Loss: 0.0555200 Test Loss: 0.0368708
Validation loss decreased (0.055812 --> 0.055520).  Saving model ...
Updating learning rate to 7.748638774372467e-06
Epoch: 53 cost time: 3.988166093826294
Epoch: 53, Steps: 32 | Train Loss: 0.0385193 Vali Loss: 0.0552109 Test Loss: 0.0364299
Validation loss decreased (0.055520 --> 0.055211).  Saving model ...
Updating learning rate to 7.558483774840917e-06
Epoch: 54 cost time: 3.946959972381592
Epoch: 54, Steps: 32 | Train Loss: 0.0380850 Vali Loss: 0.0540904 Test Loss: 0.0360822
Validation loss decreased (0.055211 --> 0.054090).  Saving model ...
Updating learning rate to 7.363176369753923e-06
Epoch: 55 cost time: 4.070008277893066
Epoch: 55, Steps: 32 | Train Loss: 0.0376726 Vali Loss: 0.0535264 Test Loss: 0.0357044
Validation loss decreased (0.054090 --> 0.053526).  Saving model ...
Updating learning rate to 7.163109882233309e-06
Epoch: 56 cost time: 4.021968603134155
Epoch: 56, Steps: 32 | Train Loss: 0.0372577 Vali Loss: 0.0530394 Test Loss: 0.0353525
Validation loss decreased (0.053526 --> 0.053039).  Saving model ...
Updating learning rate to 6.958687219559564e-06
Epoch: 57 cost time: 4.10461688041687
Epoch: 57, Steps: 32 | Train Loss: 0.0368507 Vali Loss: 0.0527359 Test Loss: 0.0349930
Validation loss decreased (0.053039 --> 0.052736).  Saving model ...
Updating learning rate to 6.750320061770211e-06
Epoch: 58 cost time: 3.9901692867279053
Epoch: 58, Steps: 32 | Train Loss: 0.0364307 Vali Loss: 0.0520759 Test Loss: 0.0346431
Validation loss decreased (0.052736 --> 0.052076).  Saving model ...
Updating learning rate to 6.538428032590986e-06
Epoch: 59 cost time: 3.930741786956787
Epoch: 59, Steps: 32 | Train Loss: 0.0360624 Vali Loss: 0.0513632 Test Loss: 0.0343045
Validation loss decreased (0.052076 --> 0.051363).  Saving model ...
Updating learning rate to 6.323437854369509e-06
Epoch: 60 cost time: 3.9433038234710693
Epoch: 60, Steps: 32 | Train Loss: 0.0356456 Vali Loss: 0.0509480 Test Loss: 0.0339628
Validation loss decreased (0.051363 --> 0.050948).  Saving model ...
Updating learning rate to 6.105782488713262e-06
Epoch: 61 cost time: 3.9126505851745605
Epoch: 61, Steps: 32 | Train Loss: 0.0352572 Vali Loss: 0.0501987 Test Loss: 0.0336456
Validation loss decreased (0.050948 --> 0.050199).  Saving model ...
Updating learning rate to 5.885900264562524e-06
Epoch: 62 cost time: 3.9957070350646973
Epoch: 62, Steps: 32 | Train Loss: 0.0350627 Vali Loss: 0.0502118 Test Loss: 0.0336184
EarlyStopping counter: 1 out of 10
Updating learning rate to 5.664233995454231e-06
Epoch: 63 cost time: 3.938255548477173
Epoch: 63, Steps: 32 | Train Loss: 0.0350325 Vali Loss: 0.0503171 Test Loss: 0.0336208
EarlyStopping counter: 2 out of 10
Updating learning rate to 5.441230087754439e-06
Epoch: 64 cost time: 3.974853754043579
Epoch: 64, Steps: 32 | Train Loss: 0.0349773 Vali Loss: 0.0502839 Test Loss: 0.0336461
EarlyStopping counter: 3 out of 10
Updating learning rate to 5.217337641655308e-06
Epoch: 65 cost time: 3.9405486583709717
Epoch: 65, Steps: 32 | Train Loss: 0.0349641 Vali Loss: 0.0500518 Test Loss: 0.0336210
Validation loss decreased (0.050199 --> 0.050052).  Saving model ...
Updating learning rate to 4.993007546747085e-06
Epoch: 66 cost time: 4.017520904541016
Epoch: 66, Steps: 32 | Train Loss: 0.0349455 Vali Loss: 0.0504430 Test Loss: 0.0336324
EarlyStopping counter: 1 out of 10
Updating learning rate to 4.76869157398648e-06
Epoch: 67 cost time: 3.459901809692383
Epoch: 67, Steps: 32 | Train Loss: 0.0349179 Vali Loss: 0.0503440 Test Loss: 0.0336216
EarlyStopping counter: 2 out of 10
Updating learning rate to 4.54484146589007e-06
Epoch: 68 cost time: 4.097910404205322
Epoch: 68, Steps: 32 | Train Loss: 0.0348953 Vali Loss: 0.0502785 Test Loss: 0.0336130
EarlyStopping counter: 3 out of 10
Updating learning rate to 4.3219080267850015e-06
Epoch: 69 cost time: 4.096011638641357
Epoch: 69, Steps: 32 | Train Loss: 0.0348780 Vali Loss: 0.0501049 Test Loss: 0.0335926
EarlyStopping counter: 4 out of 10
Updating learning rate to 4.100340214949063e-06
Epoch: 70 cost time: 4.098962783813477
Epoch: 70, Steps: 32 | Train Loss: 0.0348625 Vali Loss: 0.0504905 Test Loss: 0.0336057
EarlyStopping counter: 5 out of 10
Updating learning rate to 3.8805842384684655e-06
Epoch: 71 cost time: 4.187758684158325
Epoch: 71, Steps: 32 | Train Loss: 0.0348239 Vali Loss: 0.0502459 Test Loss: 0.0336402
EarlyStopping counter: 6 out of 10
Updating learning rate to 3.663082656634139e-06
Epoch: 72 cost time: 4.115342617034912
Epoch: 72, Steps: 32 | Train Loss: 0.0348148 Vali Loss: 0.0504571 Test Loss: 0.0336110
EarlyStopping counter: 7 out of 10
Updating learning rate to 3.4482734886862136e-06
Epoch: 73 cost time: 4.108204126358032
Epoch: 73, Steps: 32 | Train Loss: 0.0348206 Vali Loss: 0.0503691 Test Loss: 0.0336054
EarlyStopping counter: 8 out of 10
Updating learning rate to 3.2365893317015703e-06
Epoch: 74 cost time: 4.1132848262786865
Epoch: 74, Steps: 32 | Train Loss: 0.0348030 Vali Loss: 0.0502306 Test Loss: 0.0336150
EarlyStopping counter: 9 out of 10
Updating learning rate to 3.028456489400888e-06
Epoch: 75 cost time: 4.0988545417785645
Epoch: 75, Steps: 32 | Train Loss: 0.0347717 Vali Loss: 0.0504108 Test Loss: 0.0336053
EarlyStopping counter: 10 out of 10
Early stopping
>>>>>>>testing : ETTh1_336_96_DTFNet_ETTh1_ftM_sl336_ll0_pl96_dm128_nh16_el2_br2_dl1_df256_fc1_ebtimeF_dtTrue_'Exp'_0_'rel_sin'_16_8_16,24_8,12_3_1_256<<<<<<<<<<<<<<<<<<<<<<<<<<<<<<<<<
test 2785
mse:0.34885886311531067, mae:0.38225847482681274, rse:0.5624440908432007
