Args in experiment:
Namespace(activation='gelu', affine=0, batch_size=256, c_out=7, checkpoints='./checkpoints/', d_ff=256, d_layers=1, d_model=128, d_model_ls='128', data='ETTh1', data_path='ETTh1.csv', dec_in=7, decomposition=0, des="'Exp'", devices='0', dilation_rates='1', distil=True, do_predict=False, dropout=0.3, e_layers=2, embed='timeF', embed_type=0, enc_in=7, factor=1, fc_dropout=0.3, features='M', freq='h', gpu=0, head_dropout=0.1, head_type='flatten', individual=0, initTLV=0.2, is_training=1, itr=1, kernel_size=25, l2=0.0, label_len=0, learning_rate=1e-05, loss='mse', loss_flag=2, lradj='TST', mlflow_project='exp', model='DTFNet', model_id='ETTh1_336_192', model_type='linear', moving_avg=25, n_branches=2, n_heads=16, n_heads_ls='16', no_learn_pe=True, num_workers=0, output_attention=False, padding_patch="'end'", patch_len=16, patch_len_ls='16,24', patience=10, pct_start=0.3, pe='zeros', pre_norm=False, pred_len=192, rel_pe="'rel_sin'", res_attn=False, revin=1, root_path='./dataset/', seq_len=336, store_attn=False, stride=8, stride_ls='8,12', stride_ls_list='16', sub_patch_len=16, sub_stride=8, subtract_last=0, target='OT', test_flop=False, tfactor=3, train_epochs=100, use_amp=False, use_gpu=True, use_mlflow=False, use_multi_gpu=False, warmup_steps=0, wavelet_dim=64, wavelet_layers=2, wavelet_mode='periodization', wavelet_type='db5')
Use GPU: cuda:0
>>>>>>>start training : ETTh1_336_192_DTFNet_ETTh1_ftM_sl336_ll0_pl192_dm128_nh16_el2_br2_dl1_df256_fc1_ebtimeF_dtTrue_'Exp'_0_'rel_sin'_16_8_16,24_8,12_3_1_256>>>>>>>>>>>>>>>>>>>>>>>>>>
train 8113
val 2689
test 2689
Epoch: 1 cost time: 5.255929470062256
Epoch: 1, Steps: 31 | Train Loss: 0.0948018 Vali Loss: 0.1560931 Test Loss: 0.0951318
Validation loss decreased (inf --> 0.156093).  Saving model ...
Updating learning rate to 4.2635148986572395e-07
Epoch: 2 cost time: 4.092610120773315
Epoch: 2, Steps: 31 | Train Loss: 0.0938616 Vali Loss: 0.1545913 Test Loss: 0.0941679
Validation loss decreased (0.156093 --> 0.154591).  Saving model ...
Updating learning rate to 5.051166257053371e-07
Epoch: 3 cost time: 4.224004030227661
Epoch: 3, Steps: 31 | Train Loss: 0.0929603 Vali Loss: 0.1529007 Test Loss: 0.0931355
Validation loss decreased (0.154591 --> 0.152901).  Saving model ...
Updating learning rate to 6.354305830693182e-07
Epoch: 4 cost time: 4.221220016479492
Epoch: 4, Steps: 31 | Train Loss: 0.0918971 Vali Loss: 0.1509389 Test Loss: 0.0920407
Validation loss decreased (0.152901 --> 0.150939).  Saving model ...
Updating learning rate to 8.158625424048165e-07
Epoch: 5 cost time: 4.2489752769470215
Epoch: 5, Steps: 31 | Train Loss: 0.0908733 Vali Loss: 0.1495133 Test Loss: 0.0908595
Validation loss decreased (0.150939 --> 0.149513).  Saving model ...
Updating learning rate to 1.0444313991502185e-06
Epoch: 6 cost time: 4.1948161125183105
Epoch: 6, Steps: 31 | Train Loss: 0.0897582 Vali Loss: 0.1472485 Test Loss: 0.0895599
Validation loss decreased (0.149513 --> 0.147249).  Saving model ...
Updating learning rate to 1.3186275158421247e-06
Epoch: 7 cost time: 4.606235504150391
Epoch: 7, Steps: 31 | Train Loss: 0.0885731 Vali Loss: 0.1450833 Test Loss: 0.0881057
Validation loss decreased (0.147249 --> 0.145083).  Saving model ...
Updating learning rate to 1.6354402774012767e-06
Epoch: 8 cost time: 4.790849685668945
Epoch: 8, Steps: 31 | Train Loss: 0.0873008 Vali Loss: 0.1424673 Test Loss: 0.0864244
Validation loss decreased (0.145083 --> 0.142467).  Saving model ...
Updating learning rate to 1.99139114704619e-06
Epoch: 9 cost time: 6.270126581192017
Epoch: 9, Steps: 31 | Train Loss: 0.0857798 Vali Loss: 0.1392455 Test Loss: 0.0844105
Validation loss decreased (0.142467 --> 0.139245).  Saving model ...
Updating learning rate to 2.3825718598876392e-06
Epoch: 10 cost time: 6.033846855163574
Epoch: 10, Steps: 31 | Train Loss: 0.0840454 Vali Loss: 0.1358498 Test Loss: 0.0818872
Validation loss decreased (0.139245 --> 0.135850).  Saving model ...
Updating learning rate to 2.8046873348464134e-06
Epoch: 11 cost time: 6.050769090652466
Epoch: 11, Steps: 31 | Train Loss: 0.0818742 Vali Loss: 0.1310876 Test Loss: 0.0786740
Validation loss decreased (0.135850 --> 0.131088).  Saving model ...
Updating learning rate to 3.2531028337306174e-06
Epoch: 12 cost time: 6.061704874038696
Epoch: 12, Steps: 31 | Train Loss: 0.0792127 Vali Loss: 0.1257239 Test Loss: 0.0747691
Validation loss decreased (0.131088 --> 0.125724).  Saving model ...
Updating learning rate to 3.7228948496758864e-06
Epoch: 13 cost time: 6.004653453826904
Epoch: 13, Steps: 31 | Train Loss: 0.0763501 Vali Loss: 0.1197708 Test Loss: 0.0710494
Validation loss decreased (0.125724 --> 0.119771).  Saving model ...
Updating learning rate to 4.20890516620423e-06
Epoch: 14 cost time: 5.901763200759888
Epoch: 14, Steps: 31 | Train Loss: 0.0736683 Vali Loss: 0.1153205 Test Loss: 0.0682701
Validation loss decreased (0.119771 --> 0.115320).  Saving model ...
Updating learning rate to 4.705797493344547e-06
Epoch: 15 cost time: 6.279078483581543
Epoch: 15, Steps: 31 | Train Loss: 0.0713743 Vali Loss: 0.1108584 Test Loss: 0.0660689
Validation loss decreased (0.115320 --> 0.110858).  Saving model ...
Updating learning rate to 5.208116058962259e-06
Epoch: 16 cost time: 5.989755153656006
Epoch: 16, Steps: 31 | Train Loss: 0.0694580 Vali Loss: 0.1071917 Test Loss: 0.0641549
Validation loss decreased (0.110858 --> 0.107192).  Saving model ...
Updating learning rate to 5.710345511977682e-06
Epoch: 17 cost time: 6.30205512046814
Epoch: 17, Steps: 31 | Train Loss: 0.0677382 Vali Loss: 0.1038307 Test Loss: 0.0621953
Validation loss decreased (0.107192 --> 0.103831).  Saving model ...
Updating learning rate to 6.206971479748566e-06
Epoch: 18 cost time: 6.1579811573028564
Epoch: 18, Steps: 31 | Train Loss: 0.0661758 Vali Loss: 0.1011902 Test Loss: 0.0605170
Validation loss decreased (0.103831 --> 0.101190).  Saving model ...
Updating learning rate to 6.6925411147095855e-06
Epoch: 19 cost time: 6.248823881149292
Epoch: 19, Steps: 31 | Train Loss: 0.0647451 Vali Loss: 0.0986780 Test Loss: 0.0589727
Validation loss decreased (0.101190 --> 0.098678).  Saving model ...
Updating learning rate to 7.161722965479587e-06
Epoch: 20 cost time: 6.306450128555298
Epoch: 20, Steps: 31 | Train Loss: 0.0635603 Vali Loss: 0.0968888 Test Loss: 0.0577396
Validation loss decreased (0.098678 --> 0.096889).  Saving model ...
Updating learning rate to 7.609365515064509e-06
Epoch: 21 cost time: 6.25191068649292
Epoch: 21, Steps: 31 | Train Loss: 0.0624961 Vali Loss: 0.0952809 Test Loss: 0.0566178
Validation loss decreased (0.096889 --> 0.095281).  Saving model ...
Updating learning rate to 8.030553743418992e-06
Epoch: 22 cost time: 6.442030429840088
Epoch: 22, Steps: 31 | Train Loss: 0.0615508 Vali Loss: 0.0940556 Test Loss: 0.0557403
Validation loss decreased (0.095281 --> 0.094056).  Saving model ...
Updating learning rate to 8.420663093321771e-06
Epoch: 23 cost time: 6.226018190383911
Epoch: 23, Steps: 31 | Train Loss: 0.0606558 Vali Loss: 0.0925171 Test Loss: 0.0548918
Validation loss decreased (0.094056 --> 0.092517).  Saving model ...
Updating learning rate to 8.775410247030974e-06
Epoch: 24 cost time: 6.359307289123535
Epoch: 24, Steps: 31 | Train Loss: 0.0598811 Vali Loss: 0.0915582 Test Loss: 0.0540673
Validation loss decreased (0.092517 --> 0.091558).  Saving model ...
Updating learning rate to 9.09090015620249e-06
Epoch: 25 cost time: 6.439584970474243
Epoch: 25, Steps: 31 | Train Loss: 0.0590728 Vali Loss: 0.0903038 Test Loss: 0.0534336
Validation loss decreased (0.091558 --> 0.090304).  Saving model ...
Updating learning rate to 9.363668808692879e-06
Epoch: 26 cost time: 6.492699146270752
Epoch: 26, Steps: 31 | Train Loss: 0.0583466 Vali Loss: 0.0892151 Test Loss: 0.0526879
Validation loss decreased (0.090304 --> 0.089215).  Saving model ...
Updating learning rate to 9.59072126267639e-06
Epoch: 27 cost time: 6.348821401596069
Epoch: 27, Steps: 31 | Train Loss: 0.0576381 Vali Loss: 0.0882691 Test Loss: 0.0520010
Validation loss decreased (0.089215 --> 0.088269).  Saving model ...
Updating learning rate to 9.769564530469635e-06
Epoch: 28 cost time: 6.388121604919434
Epoch: 28, Steps: 31 | Train Loss: 0.0569228 Vali Loss: 0.0871254 Test Loss: 0.0513715
Validation loss decreased (0.088269 --> 0.087125).  Saving model ...
Updating learning rate to 9.898234951006446e-06
Epoch: 29 cost time: 6.6176817417144775
Epoch: 29, Steps: 31 | Train Loss: 0.0562192 Vali Loss: 0.0861177 Test Loss: 0.0508473
Validation loss decreased (0.087125 --> 0.086118).  Saving model ...
Updating learning rate to 9.97531975041899e-06
Epoch: 30 cost time: 6.9487624168396
Epoch: 30, Steps: 31 | Train Loss: 0.0555381 Vali Loss: 0.0852155 Test Loss: 0.0501628
Validation loss decreased (0.086118 --> 0.085215).  Saving model ...
Updating learning rate to 9.999994760154602e-06
Epoch: 31 cost time: 6.986833333969116
Epoch: 31, Steps: 31 | Train Loss: 0.0549186 Vali Loss: 0.0841698 Test Loss: 0.0496613
Validation loss decreased (0.085215 --> 0.084170).  Saving model ...
Updating learning rate to 9.994635356966321e-06
Epoch: 32 cost time: 6.9719061851501465
Epoch: 32, Steps: 31 | Train Loss: 0.0543136 Vali Loss: 0.0832663 Test Loss: 0.0491079
Validation loss decreased (0.084170 --> 0.083266).  Saving model ...
Updating learning rate to 9.979217463145653e-06
Epoch: 33 cost time: 6.756054401397705
Epoch: 33, Steps: 31 | Train Loss: 0.0537032 Vali Loss: 0.0825144 Test Loss: 0.0485990
Validation loss decreased (0.083266 --> 0.082514).  Saving model ...
Updating learning rate to 9.953772128278901e-06
Epoch: 34 cost time: 6.743018865585327
Epoch: 34, Steps: 31 | Train Loss: 0.0530793 Vali Loss: 0.0814135 Test Loss: 0.0480781
Validation loss decreased (0.082514 --> 0.081414).  Saving model ...
Updating learning rate to 9.918350595884151e-06
Epoch: 35 cost time: 6.732509613037109
Epoch: 35, Steps: 31 | Train Loss: 0.0524655 Vali Loss: 0.0809529 Test Loss: 0.0476326
Validation loss decreased (0.081414 --> 0.080953).  Saving model ...
Updating learning rate to 9.873024200213661e-06
Epoch: 36 cost time: 6.559208631515503
Epoch: 36, Steps: 31 | Train Loss: 0.0518999 Vali Loss: 0.0802101 Test Loss: 0.0471120
Validation loss decreased (0.080953 --> 0.080210).  Saving model ...
Updating learning rate to 9.817884222596151e-06
Epoch: 37 cost time: 6.47412371635437
Epoch: 37, Steps: 31 | Train Loss: 0.0512999 Vali Loss: 0.0792488 Test Loss: 0.0466474
Validation loss decreased (0.080210 --> 0.079249).  Saving model ...
Updating learning rate to 9.75304170760837e-06
Epoch: 38 cost time: 6.758490324020386
Epoch: 38, Steps: 31 | Train Loss: 0.0507192 Vali Loss: 0.0787084 Test Loss: 0.0461733
Validation loss decreased (0.079249 --> 0.078708).  Saving model ...
Updating learning rate to 9.678627239446092e-06
Epoch: 39 cost time: 6.690272092819214
Epoch: 39, Steps: 31 | Train Loss: 0.0501794 Vali Loss: 0.0776403 Test Loss: 0.0456936
Validation loss decreased (0.078708 --> 0.077640).  Saving model ...
Updating learning rate to 9.594790678944921e-06
Epoch: 40 cost time: 6.6219635009765625
Epoch: 40, Steps: 31 | Train Loss: 0.0496192 Vali Loss: 0.0766120 Test Loss: 0.0452416
Validation loss decreased (0.077640 --> 0.076612).  Saving model ...
Updating learning rate to 9.50170086178052e-06
Epoch: 41 cost time: 6.455545425415039
Epoch: 41, Steps: 31 | Train Loss: 0.0491375 Vali Loss: 0.0762898 Test Loss: 0.0447986
Validation loss decreased (0.076612 --> 0.076290).  Saving model ...
Updating learning rate to 9.399545258456017e-06
Epoch: 42 cost time: 6.448406219482422
Epoch: 42, Steps: 31 | Train Loss: 0.0485297 Vali Loss: 0.0753464 Test Loss: 0.0443590
Validation loss decreased (0.076290 --> 0.075346).  Saving model ...
Updating learning rate to 9.288529596761373e-06
Epoch: 43 cost time: 6.624463081359863
Epoch: 43, Steps: 31 | Train Loss: 0.0480007 Vali Loss: 0.0747468 Test Loss: 0.0439304
Validation loss decreased (0.075346 --> 0.074747).  Saving model ...
Updating learning rate to 9.168877447464985e-06
Epoch: 44 cost time: 6.542146444320679
Epoch: 44, Steps: 31 | Train Loss: 0.0475173 Vali Loss: 0.0742104 Test Loss: 0.0435184
Validation loss decreased (0.074747 --> 0.074210).  Saving model ...
Updating learning rate to 9.040829774071914e-06
Epoch: 45 cost time: 6.4367265701293945
Epoch: 45, Steps: 31 | Train Loss: 0.0470051 Vali Loss: 0.0734060 Test Loss: 0.0430829
Validation loss decreased (0.074210 --> 0.073406).  Saving model ...
Updating learning rate to 8.904644447555448e-06
Epoch: 46 cost time: 6.452654600143433
Epoch: 46, Steps: 31 | Train Loss: 0.0465212 Vali Loss: 0.0724782 Test Loss: 0.0427022
Validation loss decreased (0.073406 --> 0.072478).  Saving model ...
Updating learning rate to 8.760595727039295e-06
Epoch: 47 cost time: 6.419043064117432
Epoch: 47, Steps: 31 | Train Loss: 0.0460084 Vali Loss: 0.0719060 Test Loss: 0.0422607
Validation loss decreased (0.072478 --> 0.071906).  Saving model ...
Updating learning rate to 8.608973707476191e-06
Epoch: 48 cost time: 6.515793085098267
Epoch: 48, Steps: 31 | Train Loss: 0.0455216 Vali Loss: 0.0711589 Test Loss: 0.0418704
Validation loss decreased (0.071906 --> 0.071159).  Saving model ...
Updating learning rate to 8.450083735435278e-06
Epoch: 49 cost time: 6.40600323677063
Epoch: 49, Steps: 31 | Train Loss: 0.0449929 Vali Loss: 0.0706642 Test Loss: 0.0414633
Validation loss decreased (0.071159 --> 0.070664).  Saving model ...
Updating learning rate to 8.284245794174751e-06
Epoch: 50 cost time: 6.672869682312012
Epoch: 50, Steps: 31 | Train Loss: 0.0445390 Vali Loss: 0.0698930 Test Loss: 0.0410578
Validation loss decreased (0.070664 --> 0.069893).  Saving model ...
Updating learning rate to 8.111793859238162e-06
Epoch: 51 cost time: 6.635343313217163
Epoch: 51, Steps: 31 | Train Loss: 0.0440503 Vali Loss: 0.0690268 Test Loss: 0.0406753
Validation loss decreased (0.069893 --> 0.069027).  Saving model ...
Updating learning rate to 7.93307522587211e-06
Epoch: 52 cost time: 6.371361494064331
Epoch: 52, Steps: 31 | Train Loss: 0.0436081 Vali Loss: 0.0684050 Test Loss: 0.0402967
Validation loss decreased (0.069027 --> 0.068405).  Saving model ...
Updating learning rate to 7.748449809619857e-06
Epoch: 53 cost time: 6.438028812408447
Epoch: 53, Steps: 31 | Train Loss: 0.0431655 Vali Loss: 0.0679331 Test Loss: 0.0399315
Validation loss decreased (0.068405 --> 0.067933).  Saving model ...
Updating learning rate to 7.558289421499295e-06
Epoch: 54 cost time: 6.442594289779663
Epoch: 54, Steps: 31 | Train Loss: 0.0427233 Vali Loss: 0.0670350 Test Loss: 0.0395367
Validation loss decreased (0.067933 --> 0.067035).  Saving model ...
Updating learning rate to 7.362977019225052e-06
Epoch: 55 cost time: 6.631731271743774
Epoch: 55, Steps: 31 | Train Loss: 0.0422585 Vali Loss: 0.0665239 Test Loss: 0.0391735
Validation loss decreased (0.067035 --> 0.066524).  Saving model ...
Updating learning rate to 7.162905935982624e-06
Epoch: 56 cost time: 6.552109003067017
Epoch: 56, Steps: 31 | Train Loss: 0.0418315 Vali Loss: 0.0660426 Test Loss: 0.0388105
Validation loss decreased (0.066524 --> 0.066043).  Saving model ...
Updating learning rate to 6.958479088307673e-06
Epoch: 57 cost time: 6.53192925453186
Epoch: 57, Steps: 31 | Train Loss: 0.0413909 Vali Loss: 0.0654423 Test Loss: 0.0384602
Validation loss decreased (0.066043 --> 0.065442).  Saving model ...
Updating learning rate to 6.7501081646657556e-06
Epoch: 58 cost time: 6.349655628204346
Epoch: 58, Steps: 31 | Train Loss: 0.0409342 Vali Loss: 0.0646327 Test Loss: 0.0380928
Validation loss decreased (0.065442 --> 0.064633).  Saving model ...
Updating learning rate to 6.538212796366537e-06
Epoch: 59 cost time: 4.480475187301636
Epoch: 59, Steps: 31 | Train Loss: 0.0405262 Vali Loss: 0.0642573 Test Loss: 0.0377364
Validation loss decreased (0.064633 --> 0.064257).  Saving model ...
Updating learning rate to 6.323219712482178e-06
Epoch: 60 cost time: 5.592974424362183
Epoch: 60, Steps: 31 | Train Loss: 0.0401371 Vali Loss: 0.0633118 Test Loss: 0.0373970
Validation loss decreased (0.064257 --> 0.063312).  Saving model ...
Updating learning rate to 6.1055618804717764e-06
Epoch: 61 cost time: 6.608365535736084
Epoch: 61, Steps: 31 | Train Loss: 0.0397032 Vali Loss: 0.0627658 Test Loss: 0.0370274
Validation loss decreased (0.063312 --> 0.062766).  Saving model ...
Updating learning rate to 5.8856776342425235e-06
Epoch: 62 cost time: 6.378111362457275
Epoch: 62, Steps: 31 | Train Loss: 0.0393126 Vali Loss: 0.0620888 Test Loss: 0.0366916
Validation loss decreased (0.062766 --> 0.062089).  Saving model ...
Updating learning rate to 5.664009791403554e-06
Epoch: 63 cost time: 6.34903883934021
Epoch: 63, Steps: 31 | Train Loss: 0.0388665 Vali Loss: 0.0617292 Test Loss: 0.0363594
Validation loss decreased (0.062089 --> 0.061729).  Saving model ...
Updating learning rate to 5.441004761490205e-06
Epoch: 64 cost time: 6.2737157344818115
Epoch: 64, Steps: 31 | Train Loss: 0.0385134 Vali Loss: 0.0611838 Test Loss: 0.0360129
Validation loss decreased (0.061729 --> 0.061184).  Saving model ...
Updating learning rate to 5.217111646954626e-06
Epoch: 65 cost time: 6.142722129821777
Epoch: 65, Steps: 31 | Train Loss: 0.0381576 Vali Loss: 0.0607482 Test Loss: 0.0358297
Validation loss decreased (0.061184 --> 0.060748).  Saving model ...
Updating learning rate to 4.992781338733208e-06
Epoch: 66 cost time: 5.933988809585571
Epoch: 66, Steps: 31 | Train Loss: 0.0380310 Vali Loss: 0.0608207 Test Loss: 0.0358416
EarlyStopping counter: 1 out of 10
Updating learning rate to 4.768465608212241e-06
Epoch: 67 cost time: 6.551699161529541
Epoch: 67, Steps: 31 | Train Loss: 0.0380065 Vali Loss: 0.0606992 Test Loss: 0.0358528
Validation loss decreased (0.060748 --> 0.060699).  Saving model ...
Updating learning rate to 4.544616197420465e-06
Epoch: 68 cost time: 5.833979606628418
Epoch: 68, Steps: 31 | Train Loss: 0.0379645 Vali Loss: 0.0606413 Test Loss: 0.0358483
Validation loss decreased (0.060699 --> 0.060641).  Saving model ...
Updating learning rate to 4.321683909280753e-06
Epoch: 69 cost time: 5.8711652755737305
Epoch: 69, Steps: 31 | Train Loss: 0.0379425 Vali Loss: 0.0605960 Test Loss: 0.0358517
Validation loss decreased (0.060641 --> 0.060596).  Saving model ...
Updating learning rate to 4.100117699752996e-06
Epoch: 70 cost time: 5.956798791885376
Epoch: 70, Steps: 31 | Train Loss: 0.0379887 Vali Loss: 0.0605551 Test Loss: 0.0358516
Validation loss decreased (0.060596 --> 0.060555).  Saving model ...
Updating learning rate to 3.8803637736965736e-06
Epoch: 71 cost time: 6.142699718475342
Epoch: 71, Steps: 31 | Train Loss: 0.0379175 Vali Loss: 0.0608183 Test Loss: 0.0358575
EarlyStopping counter: 1 out of 10
Updating learning rate to 3.66286468627313e-06
Epoch: 72 cost time: 5.966357707977295
Epoch: 72, Steps: 31 | Train Loss: 0.0379006 Vali Loss: 0.0608351 Test Loss: 0.0358557
EarlyStopping counter: 2 out of 10
Updating learning rate to 3.4480584516993903e-06
Epoch: 73 cost time: 6.205708980560303
Epoch: 73, Steps: 31 | Train Loss: 0.0378641 Vali Loss: 0.0607236 Test Loss: 0.0358589
EarlyStopping counter: 3 out of 10
Updating learning rate to 3.2363776611448018e-06
Epoch: 74 cost time: 6.098687171936035
Epoch: 74, Steps: 31 | Train Loss: 0.0378833 Vali Loss: 0.0607083 Test Loss: 0.0358586
EarlyStopping counter: 4 out of 10
Updating learning rate to 3.0282486115505108e-06
Epoch: 75 cost time: 6.141806125640869
Epoch: 75, Steps: 31 | Train Loss: 0.0378885 Vali Loss: 0.0607702 Test Loss: 0.0358581
EarlyStopping counter: 5 out of 10
Updating learning rate to 2.8240904471240344e-06
Epoch: 76 cost time: 6.011414051055908
Epoch: 76, Steps: 31 | Train Loss: 0.0378064 Vali Loss: 0.0606172 Test Loss: 0.0358683
EarlyStopping counter: 6 out of 10
Updating learning rate to 2.624314315238625e-06
Epoch: 77 cost time: 5.9715797901153564
Epoch: 77, Steps: 31 | Train Loss: 0.0378145 Vali Loss: 0.0608736 Test Loss: 0.0358674
EarlyStopping counter: 7 out of 10
Updating learning rate to 2.429322538437165e-06
Epoch: 78 cost time: 6.058199167251587
Epoch: 78, Steps: 31 | Train Loss: 0.0377671 Vali Loss: 0.0607064 Test Loss: 0.0358630
EarlyStopping counter: 8 out of 10
Updating learning rate to 2.2395078042081163e-06
Epoch: 79 cost time: 6.0457763671875
Epoch: 79, Steps: 31 | Train Loss: 0.0377843 Vali Loss: 0.0607680 Test Loss: 0.0358640
EarlyStopping counter: 9 out of 10
Updating learning rate to 2.055252374165171e-06
Epoch: 80 cost time: 6.113310098648071
Epoch: 80, Steps: 31 | Train Loss: 0.0377971 Vali Loss: 0.0605301 Test Loss: 0.0358705
Validation loss decreased (0.060555 --> 0.060530).  Saving model ...
Updating learning rate to 1.8769273142232387e-06
Epoch: 81 cost time: 6.194560289382935
Epoch: 81, Steps: 31 | Train Loss: 0.0377611 Vali Loss: 0.0608377 Test Loss: 0.0358753
EarlyStopping counter: 1 out of 10
Updating learning rate to 1.7048917473210744e-06
Epoch: 82 cost time: 6.443824768066406
Epoch: 82, Steps: 31 | Train Loss: 0.0377612 Vali Loss: 0.0608061 Test Loss: 0.0358723
EarlyStopping counter: 2 out of 10
Updating learning rate to 1.5394921301954737e-06
Epoch: 83 cost time: 6.150529861450195
Epoch: 83, Steps: 31 | Train Loss: 0.0377221 Vali Loss: 0.0606460 Test Loss: 0.0358743
EarlyStopping counter: 3 out of 10
Updating learning rate to 1.3810615556635116e-06
Epoch: 84 cost time: 6.160541534423828
Epoch: 84, Steps: 31 | Train Loss: 0.0377151 Vali Loss: 0.0607940 Test Loss: 0.0358738
EarlyStopping counter: 4 out of 10
Updating learning rate to 1.2299190818179384e-06
Epoch: 85 cost time: 6.061493873596191
Epoch: 85, Steps: 31 | Train Loss: 0.0377444 Vali Loss: 0.0608403 Test Loss: 0.0358751
EarlyStopping counter: 5 out of 10
Updating learning rate to 1.086369089486641e-06
Epoch: 86 cost time: 6.1492760181427
Epoch: 86, Steps: 31 | Train Loss: 0.0377705 Vali Loss: 0.0607933 Test Loss: 0.0358797
EarlyStopping counter: 6 out of 10
Updating learning rate to 9.507006692501629e-07
Epoch: 87 cost time: 6.128551006317139
Epoch: 87, Steps: 31 | Train Loss: 0.0377509 Vali Loss: 0.0607038 Test Loss: 0.0358766
EarlyStopping counter: 7 out of 10
Updating learning rate to 8.231870392517542e-07
Epoch: 88 cost time: 6.147048711776733
Epoch: 88, Steps: 31 | Train Loss: 0.0376728 Vali Loss: 0.0609844 Test Loss: 0.0358820
EarlyStopping counter: 8 out of 10
Updating learning rate to 7.040849949723783e-07
Epoch: 89 cost time: 6.221249580383301
Epoch: 89, Steps: 31 | Train Loss: 0.0376933 Vali Loss: 0.0607756 Test Loss: 0.0358800
EarlyStopping counter: 9 out of 10
Updating learning rate to 5.936343920788024e-07
Epoch: 90 cost time: 6.084015607833862
Epoch: 90, Steps: 31 | Train Loss: 0.0377080 Vali Loss: 0.0608993 Test Loss: 0.0358851
EarlyStopping counter: 10 out of 10
Early stopping
>>>>>>>testing : ETTh1_336_192_DTFNet_ETTh1_ftM_sl336_ll0_pl192_dm128_nh16_el2_br2_dl1_df256_fc1_ebtimeF_dtTrue_'Exp'_0_'rel_sin'_16_8_16,24_8,12_3_1_256<<<<<<<<<<<<<<<<<<<<<<<<<<<<<<<<<
test 2689
mse:0.38926681876182556, mae:0.4049815535545349, rse:0.59344083070755
