Args in experiment:
Namespace(activation='gelu', affine=0, batch_size=256, c_out=7, checkpoints='./checkpoints/', d_ff=256, d_layers=1, d_model=128, d_model_ls='128', data='ETTh1', data_path='ETTh1.csv', dec_in=7, decomposition=0, des="'Exp'", devices='0', dilation_rates='1', distil=True, do_predict=False, dropout=0.3, e_layers=2, embed='timeF', embed_type=0, enc_in=7, factor=1, fc_dropout=0.3, features='M', freq='h', gpu=0, head_dropout=0.1, head_type='flatten', individual=0, initTLV=0.2, is_training=1, itr=1, kernel_size=25, l2=0.0, label_len=0, learning_rate=1e-05, loss='mse', loss_flag=2, lradj='TST', mlflow_project='exp', model='DTFNet', model_id='ETTh1_336_192', model_type='linear', moving_avg=25, n_branches=2, n_heads=16, n_heads_ls='16', no_learn_pe=True, num_workers=0, output_attention=False, padding_patch="'end'", patch_len=16, patch_len_ls='16,24', patience=10, pct_start=0.3, pe='zeros', pre_norm=False, pred_len=192, rel_pe="'rel_sin'", res_attn=False, revin=1, root_path='./dataset/', seq_len=336, store_attn=False, stride=8, stride_ls='8,12', stride_ls_list='16', sub_patch_len=16, sub_stride=8, subtract_last=0, target='OT', test_flop=False, tfactor=3, train_epochs=100, use_amp=False, use_gpu=True, use_mlflow=False, use_multi_gpu=False, warmup_steps=0, wavelet_dim=64, wavelet_layers=2, wavelet_mode='periodization', wavelet_type='db5')
Use GPU: cuda:0
>>>>>>>start training : ETTh1_336_192_DTFNet_ETTh1_ftM_sl336_ll0_pl192_dm128_nh16_el2_br2_dl1_df256_fc1_ebtimeF_dtTrue_'Exp'_0_'rel_sin'_16_8_16,24_8,12_3_1_256>>>>>>>>>>>>>>>>>>>>>>>>>>
train 8113
val 2689
test 2689
Epoch: 1 cost time: 5.097442626953125
Epoch: 1, Steps: 31 | Train Loss: 0.0948868 Vali Loss: 0.1563289 Test Loss: 0.0952773
Validation loss decreased (inf --> 0.156329).  Saving model ...
Updating learning rate to 4.2635148986572395e-07
Epoch: 2 cost time: 4.180442810058594
Epoch: 2, Steps: 31 | Train Loss: 0.0939521 Vali Loss: 0.1542948 Test Loss: 0.0943390
Validation loss decreased (0.156329 --> 0.154295).  Saving model ...
Updating learning rate to 5.051166257053371e-07
Epoch: 3 cost time: 4.276197195053101
Epoch: 3, Steps: 31 | Train Loss: 0.0929943 Vali Loss: 0.1528230 Test Loss: 0.0933273
Validation loss decreased (0.154295 --> 0.152823).  Saving model ...
Updating learning rate to 6.354305830693182e-07
Epoch: 4 cost time: 4.255148649215698
Epoch: 4, Steps: 31 | Train Loss: 0.0920382 Vali Loss: 0.1514507 Test Loss: 0.0922546
Validation loss decreased (0.152823 --> 0.151451).  Saving model ...
Updating learning rate to 8.158625424048165e-07
Epoch: 5 cost time: 4.228254556655884
Epoch: 5, Steps: 31 | Train Loss: 0.0910607 Vali Loss: 0.1494682 Test Loss: 0.0911042
Validation loss decreased (0.151451 --> 0.149468).  Saving model ...
Updating learning rate to 1.0444313991502185e-06
Epoch: 6 cost time: 4.186046600341797
Epoch: 6, Steps: 31 | Train Loss: 0.0900177 Vali Loss: 0.1473975 Test Loss: 0.0898476
Validation loss decreased (0.149468 --> 0.147398).  Saving model ...
Updating learning rate to 1.3186275158421247e-06
Epoch: 7 cost time: 4.103137493133545
Epoch: 7, Steps: 31 | Train Loss: 0.0887380 Vali Loss: 0.1456636 Test Loss: 0.0884456
Validation loss decreased (0.147398 --> 0.145664).  Saving model ...
Updating learning rate to 1.6354402774012767e-06
Epoch: 8 cost time: 4.099264621734619
Epoch: 8, Steps: 31 | Train Loss: 0.0875415 Vali Loss: 0.1430096 Test Loss: 0.0868558
Validation loss decreased (0.145664 --> 0.143010).  Saving model ...
Updating learning rate to 1.99139114704619e-06
Epoch: 9 cost time: 4.147442579269409
Epoch: 9, Steps: 31 | Train Loss: 0.0861459 Vali Loss: 0.1405602 Test Loss: 0.0849445
Validation loss decreased (0.143010 --> 0.140560).  Saving model ...
Updating learning rate to 2.3825718598876392e-06
Epoch: 10 cost time: 4.222377777099609
Epoch: 10, Steps: 31 | Train Loss: 0.0844334 Vali Loss: 0.1367609 Test Loss: 0.0825321
Validation loss decreased (0.140560 --> 0.136761).  Saving model ...
Updating learning rate to 2.8046873348464134e-06
Epoch: 11 cost time: 4.299214601516724
Epoch: 11, Steps: 31 | Train Loss: 0.0822929 Vali Loss: 0.1323025 Test Loss: 0.0794679
Validation loss decreased (0.136761 --> 0.132303).  Saving model ...
Updating learning rate to 3.2531028337306174e-06
Epoch: 12 cost time: 4.233818292617798
Epoch: 12, Steps: 31 | Train Loss: 0.0797963 Vali Loss: 0.1272767 Test Loss: 0.0756863
Validation loss decreased (0.132303 --> 0.127277).  Saving model ...
Updating learning rate to 3.7228948496758864e-06
Epoch: 13 cost time: 4.199965238571167
Epoch: 13, Steps: 31 | Train Loss: 0.0769387 Vali Loss: 0.1216807 Test Loss: 0.0718723
Validation loss decreased (0.127277 --> 0.121681).  Saving model ...
Updating learning rate to 4.20890516620423e-06
Epoch: 14 cost time: 4.321075677871704
Epoch: 14, Steps: 31 | Train Loss: 0.0743853 Vali Loss: 0.1170607 Test Loss: 0.0689613
Validation loss decreased (0.121681 --> 0.117061).  Saving model ...
Updating learning rate to 4.705797493344547e-06
Epoch: 15 cost time: 4.25956130027771
Epoch: 15, Steps: 31 | Train Loss: 0.0721658 Vali Loss: 0.1129631 Test Loss: 0.0667604
Validation loss decreased (0.117061 --> 0.112963).  Saving model ...
Updating learning rate to 5.208116058962259e-06
Epoch: 16 cost time: 4.3055055141448975
Epoch: 16, Steps: 31 | Train Loss: 0.0701058 Vali Loss: 0.1091039 Test Loss: 0.0647403
Validation loss decreased (0.112963 --> 0.109104).  Saving model ...
Updating learning rate to 5.710345511977682e-06
Epoch: 17 cost time: 4.270019292831421
Epoch: 17, Steps: 31 | Train Loss: 0.0681475 Vali Loss: 0.1050680 Test Loss: 0.0628042
Validation loss decreased (0.109104 --> 0.105068).  Saving model ...
Updating learning rate to 6.206971479748566e-06
Epoch: 18 cost time: 4.300481796264648
Epoch: 18, Steps: 31 | Train Loss: 0.0664157 Vali Loss: 0.1021609 Test Loss: 0.0609358
Validation loss decreased (0.105068 --> 0.102161).  Saving model ...
Updating learning rate to 6.6925411147095855e-06
Epoch: 19 cost time: 4.2266459465026855
Epoch: 19, Steps: 31 | Train Loss: 0.0648281 Vali Loss: 0.0994842 Test Loss: 0.0593622
Validation loss decreased (0.102161 --> 0.099484).  Saving model ...
Updating learning rate to 7.161722965479587e-06
Epoch: 20 cost time: 4.247287750244141
Epoch: 20, Steps: 31 | Train Loss: 0.0636496 Vali Loss: 0.0976356 Test Loss: 0.0581551
Validation loss decreased (0.099484 --> 0.097636).  Saving model ...
Updating learning rate to 7.609365515064509e-06
Epoch: 21 cost time: 4.312161207199097
Epoch: 21, Steps: 31 | Train Loss: 0.0625187 Vali Loss: 0.0958979 Test Loss: 0.0571137
Validation loss decreased (0.097636 --> 0.095898).  Saving model ...
Updating learning rate to 8.030553743418992e-06
Epoch: 22 cost time: 4.223787307739258
Epoch: 22, Steps: 31 | Train Loss: 0.0615981 Vali Loss: 0.0945910 Test Loss: 0.0561808
Validation loss decreased (0.095898 --> 0.094591).  Saving model ...
Updating learning rate to 8.420663093321771e-06
Epoch: 23 cost time: 4.227428674697876
Epoch: 23, Steps: 31 | Train Loss: 0.0607918 Vali Loss: 0.0931500 Test Loss: 0.0553213
Validation loss decreased (0.094591 --> 0.093150).  Saving model ...
Updating learning rate to 8.775410247030974e-06
Epoch: 24 cost time: 4.364727020263672
Epoch: 24, Steps: 31 | Train Loss: 0.0599281 Vali Loss: 0.0920726 Test Loss: 0.0545500
Validation loss decreased (0.093150 --> 0.092073).  Saving model ...
Updating learning rate to 9.09090015620249e-06
Epoch: 25 cost time: 4.291712284088135
Epoch: 25, Steps: 31 | Train Loss: 0.0591631 Vali Loss: 0.0908234 Test Loss: 0.0537945
Validation loss decreased (0.092073 --> 0.090823).  Saving model ...
Updating learning rate to 9.363668808692879e-06
Epoch: 26 cost time: 4.35338830947876
Epoch: 26, Steps: 31 | Train Loss: 0.0584335 Vali Loss: 0.0900269 Test Loss: 0.0531462
Validation loss decreased (0.090823 --> 0.090027).  Saving model ...
Updating learning rate to 9.59072126267639e-06
Epoch: 27 cost time: 4.247297525405884
Epoch: 27, Steps: 31 | Train Loss: 0.0576943 Vali Loss: 0.0886348 Test Loss: 0.0524019
Validation loss decreased (0.090027 --> 0.088635).  Saving model ...
Updating learning rate to 9.769564530469635e-06
Epoch: 28 cost time: 4.297955513000488
Epoch: 28, Steps: 31 | Train Loss: 0.0570253 Vali Loss: 0.0878695 Test Loss: 0.0517345
Validation loss decreased (0.088635 --> 0.087870).  Saving model ...
Updating learning rate to 9.898234951006446e-06
Epoch: 29 cost time: 4.288722515106201
Epoch: 29, Steps: 31 | Train Loss: 0.0563287 Vali Loss: 0.0869441 Test Loss: 0.0510999
Validation loss decreased (0.087870 --> 0.086944).  Saving model ...
Updating learning rate to 9.97531975041899e-06
Epoch: 30 cost time: 4.34262228012085
Epoch: 30, Steps: 31 | Train Loss: 0.0556186 Vali Loss: 0.0859385 Test Loss: 0.0504961
Validation loss decreased (0.086944 --> 0.085938).  Saving model ...
Updating learning rate to 9.999994760154602e-06
Epoch: 31 cost time: 4.292935132980347
Epoch: 31, Steps: 31 | Train Loss: 0.0549883 Vali Loss: 0.0853892 Test Loss: 0.0499273
Validation loss decreased (0.085938 --> 0.085389).  Saving model ...
Updating learning rate to 9.994635356966321e-06
Epoch: 32 cost time: 4.177871942520142
Epoch: 32, Steps: 31 | Train Loss: 0.0543636 Vali Loss: 0.0838591 Test Loss: 0.0493927
Validation loss decreased (0.085389 --> 0.083859).  Saving model ...
Updating learning rate to 9.979217463145653e-06
Epoch: 33 cost time: 4.439896106719971
Epoch: 33, Steps: 31 | Train Loss: 0.0537628 Vali Loss: 0.0832396 Test Loss: 0.0488750
Validation loss decreased (0.083859 --> 0.083240).  Saving model ...
Updating learning rate to 9.953772128278901e-06
Epoch: 34 cost time: 4.311914443969727
Epoch: 34, Steps: 31 | Train Loss: 0.0531313 Vali Loss: 0.0825800 Test Loss: 0.0482935
Validation loss decreased (0.083240 --> 0.082580).  Saving model ...
Updating learning rate to 9.918350595884151e-06
Epoch: 35 cost time: 4.30615496635437
Epoch: 35, Steps: 31 | Train Loss: 0.0524899 Vali Loss: 0.0814213 Test Loss: 0.0477965
Validation loss decreased (0.082580 --> 0.081421).  Saving model ...
Updating learning rate to 9.873024200213661e-06
Epoch: 36 cost time: 4.255818843841553
Epoch: 36, Steps: 31 | Train Loss: 0.0519745 Vali Loss: 0.0807442 Test Loss: 0.0472776
Validation loss decreased (0.081421 --> 0.080744).  Saving model ...
Updating learning rate to 9.817884222596151e-06
Epoch: 37 cost time: 4.231622934341431
Epoch: 37, Steps: 31 | Train Loss: 0.0513688 Vali Loss: 0.0801375 Test Loss: 0.0468211
Validation loss decreased (0.080744 --> 0.080137).  Saving model ...
Updating learning rate to 9.75304170760837e-06
Epoch: 38 cost time: 4.2107038497924805
Epoch: 38, Steps: 31 | Train Loss: 0.0507543 Vali Loss: 0.0790691 Test Loss: 0.0463078
Validation loss decreased (0.080137 --> 0.079069).  Saving model ...
Updating learning rate to 9.678627239446092e-06
Epoch: 39 cost time: 4.288527250289917
Epoch: 39, Steps: 31 | Train Loss: 0.0502216 Vali Loss: 0.0783954 Test Loss: 0.0458909
Validation loss decreased (0.079069 --> 0.078395).  Saving model ...
Updating learning rate to 9.594790678944921e-06
Epoch: 40 cost time: 4.272482395172119
Epoch: 40, Steps: 31 | Train Loss: 0.0496982 Vali Loss: 0.0775534 Test Loss: 0.0454135
Validation loss decreased (0.078395 --> 0.077553).  Saving model ...
Updating learning rate to 9.50170086178052e-06
Epoch: 41 cost time: 4.230149507522583
Epoch: 41, Steps: 31 | Train Loss: 0.0490906 Vali Loss: 0.0767036 Test Loss: 0.0449552
Validation loss decreased (0.077553 --> 0.076704).  Saving model ...
Updating learning rate to 9.399545258456017e-06
Epoch: 42 cost time: 4.234499454498291
Epoch: 42, Steps: 31 | Train Loss: 0.0485538 Vali Loss: 0.0761166 Test Loss: 0.0444999
Validation loss decreased (0.076704 --> 0.076117).  Saving model ...
Updating learning rate to 9.288529596761373e-06
Epoch: 43 cost time: 4.697566747665405
Epoch: 43, Steps: 31 | Train Loss: 0.0480679 Vali Loss: 0.0753074 Test Loss: 0.0440634
Validation loss decreased (0.076117 --> 0.075307).  Saving model ...
Updating learning rate to 9.168877447464985e-06
Epoch: 44 cost time: 5.315893173217773
Epoch: 44, Steps: 31 | Train Loss: 0.0475306 Vali Loss: 0.0746725 Test Loss: 0.0436239
Validation loss decreased (0.075307 --> 0.074672).  Saving model ...
Updating learning rate to 9.040829774071914e-06
Epoch: 45 cost time: 4.266343593597412
Epoch: 45, Steps: 31 | Train Loss: 0.0470504 Vali Loss: 0.0740520 Test Loss: 0.0432272
Validation loss decreased (0.074672 --> 0.074052).  Saving model ...
Updating learning rate to 8.904644447555448e-06
Epoch: 46 cost time: 5.908449411392212
Epoch: 46, Steps: 31 | Train Loss: 0.0465210 Vali Loss: 0.0731340 Test Loss: 0.0428042
Validation loss decreased (0.074052 --> 0.073134).  Saving model ...
Updating learning rate to 8.760595727039295e-06
Epoch: 47 cost time: 6.146303176879883
Epoch: 47, Steps: 31 | Train Loss: 0.0460380 Vali Loss: 0.0725551 Test Loss: 0.0423919
Validation loss decreased (0.073134 --> 0.072555).  Saving model ...
Updating learning rate to 8.608973707476191e-06
Epoch: 48 cost time: 6.050263166427612
Epoch: 48, Steps: 31 | Train Loss: 0.0455096 Vali Loss: 0.0718710 Test Loss: 0.0419641
Validation loss decreased (0.072555 --> 0.071871).  Saving model ...
Updating learning rate to 8.450083735435278e-06
Epoch: 49 cost time: 5.992248773574829
Epoch: 49, Steps: 31 | Train Loss: 0.0450513 Vali Loss: 0.0712499 Test Loss: 0.0416076
Validation loss decreased (0.071871 --> 0.071250).  Saving model ...
Updating learning rate to 8.284245794174751e-06
Epoch: 50 cost time: 6.0095884799957275
Epoch: 50, Steps: 31 | Train Loss: 0.0445211 Vali Loss: 0.0705136 Test Loss: 0.0411740
Validation loss decreased (0.071250 --> 0.070514).  Saving model ...
Updating learning rate to 8.111793859238162e-06
Epoch: 51 cost time: 6.058014869689941
Epoch: 51, Steps: 31 | Train Loss: 0.0440600 Vali Loss: 0.0698828 Test Loss: 0.0408043
Validation loss decreased (0.070514 --> 0.069883).  Saving model ...
Updating learning rate to 7.93307522587211e-06
Epoch: 52 cost time: 6.037782907485962
Epoch: 52, Steps: 31 | Train Loss: 0.0435682 Vali Loss: 0.0692293 Test Loss: 0.0404138
Validation loss decreased (0.069883 --> 0.069229).  Saving model ...
Updating learning rate to 7.748449809619857e-06
Epoch: 53 cost time: 6.2960333824157715
Epoch: 53, Steps: 31 | Train Loss: 0.0431598 Vali Loss: 0.0684695 Test Loss: 0.0400444
Validation loss decreased (0.069229 --> 0.068470).  Saving model ...
Updating learning rate to 7.558289421499295e-06
Epoch: 54 cost time: 6.1204094886779785
Epoch: 54, Steps: 31 | Train Loss: 0.0427030 Vali Loss: 0.0679407 Test Loss: 0.0396453
Validation loss decreased (0.068470 --> 0.067941).  Saving model ...
Updating learning rate to 7.362977019225052e-06
Epoch: 55 cost time: 6.119638919830322
Epoch: 55, Steps: 31 | Train Loss: 0.0422465 Vali Loss: 0.0672328 Test Loss: 0.0392658
Validation loss decreased (0.067941 --> 0.067233).  Saving model ...
Updating learning rate to 7.162905935982624e-06
Epoch: 56 cost time: 6.20199728012085
Epoch: 56, Steps: 31 | Train Loss: 0.0418242 Vali Loss: 0.0663818 Test Loss: 0.0389010
Validation loss decreased (0.067233 --> 0.066382).  Saving model ...
Updating learning rate to 6.958479088307673e-06
Epoch: 57 cost time: 6.172342538833618
Epoch: 57, Steps: 31 | Train Loss: 0.0414296 Vali Loss: 0.0658338 Test Loss: 0.0385686
Validation loss decreased (0.066382 --> 0.065834).  Saving model ...
Updating learning rate to 6.7501081646657556e-06
Epoch: 58 cost time: 6.28058123588562
Epoch: 58, Steps: 31 | Train Loss: 0.0409661 Vali Loss: 0.0651290 Test Loss: 0.0382076
Validation loss decreased (0.065834 --> 0.065129).  Saving model ...
Updating learning rate to 6.538212796366537e-06
Epoch: 59 cost time: 6.205921649932861
Epoch: 59, Steps: 31 | Train Loss: 0.0405119 Vali Loss: 0.0643662 Test Loss: 0.0378418
Validation loss decreased (0.065129 --> 0.064366).  Saving model ...
Updating learning rate to 6.323219712482178e-06
Epoch: 60 cost time: 6.305099725723267
Epoch: 60, Steps: 31 | Train Loss: 0.0401204 Vali Loss: 0.0638643 Test Loss: 0.0374756
Validation loss decreased (0.064366 --> 0.063864).  Saving model ...
Updating learning rate to 6.1055618804717764e-06
Epoch: 61 cost time: 6.28332781791687
Epoch: 61, Steps: 31 | Train Loss: 0.0397406 Vali Loss: 0.0631246 Test Loss: 0.0371572
Validation loss decreased (0.063864 --> 0.063125).  Saving model ...
Updating learning rate to 5.8856776342425235e-06
Epoch: 62 cost time: 6.521895885467529
Epoch: 62, Steps: 31 | Train Loss: 0.0392853 Vali Loss: 0.0626977 Test Loss: 0.0367715
Validation loss decreased (0.063125 --> 0.062698).  Saving model ...
Updating learning rate to 5.664009791403554e-06
Epoch: 63 cost time: 6.3584370613098145
Epoch: 63, Steps: 31 | Train Loss: 0.0389101 Vali Loss: 0.0619136 Test Loss: 0.0364445
Validation loss decreased (0.062698 --> 0.061914).  Saving model ...
Updating learning rate to 5.441004761490205e-06
Epoch: 64 cost time: 6.297476768493652
Epoch: 64, Steps: 31 | Train Loss: 0.0385146 Vali Loss: 0.0614490 Test Loss: 0.0360965
Validation loss decreased (0.061914 --> 0.061449).  Saving model ...
Updating learning rate to 5.217111646954626e-06
Epoch: 65 cost time: 6.496147871017456
Epoch: 65, Steps: 31 | Train Loss: 0.0381168 Vali Loss: 0.0610987 Test Loss: 0.0358686
Validation loss decreased (0.061449 --> 0.061099).  Saving model ...
Updating learning rate to 4.992781338733208e-06
Epoch: 66 cost time: 6.38075590133667
Epoch: 66, Steps: 31 | Train Loss: 0.0380300 Vali Loss: 0.0607932 Test Loss: 0.0358742
Validation loss decreased (0.061099 --> 0.060793).  Saving model ...
Updating learning rate to 4.768465608212241e-06
Epoch: 67 cost time: 6.4694740772247314
Epoch: 67, Steps: 31 | Train Loss: 0.0379891 Vali Loss: 0.0611274 Test Loss: 0.0358888
EarlyStopping counter: 1 out of 10
Updating learning rate to 4.544616197420465e-06
Epoch: 68 cost time: 6.467994689941406
Epoch: 68, Steps: 31 | Train Loss: 0.0379869 Vali Loss: 0.0608946 Test Loss: 0.0359014
EarlyStopping counter: 2 out of 10
Updating learning rate to 4.321683909280753e-06
Epoch: 69 cost time: 6.429229497909546
Epoch: 69, Steps: 31 | Train Loss: 0.0379337 Vali Loss: 0.0610453 Test Loss: 0.0358758
EarlyStopping counter: 3 out of 10
Updating learning rate to 4.100117699752996e-06
Epoch: 70 cost time: 6.633804798126221
Epoch: 70, Steps: 31 | Train Loss: 0.0379374 Vali Loss: 0.0610497 Test Loss: 0.0359089
EarlyStopping counter: 4 out of 10
Updating learning rate to 3.8803637736965736e-06
Epoch: 71 cost time: 6.4501965045928955
Epoch: 71, Steps: 31 | Train Loss: 0.0379051 Vali Loss: 0.0608607 Test Loss: 0.0358890
EarlyStopping counter: 5 out of 10
Updating learning rate to 3.66286468627313e-06
Epoch: 72 cost time: 6.478642702102661
Epoch: 72, Steps: 31 | Train Loss: 0.0378435 Vali Loss: 0.0609291 Test Loss: 0.0359006
EarlyStopping counter: 6 out of 10
Updating learning rate to 3.4480584516993903e-06
Epoch: 73 cost time: 6.416426420211792
Epoch: 73, Steps: 31 | Train Loss: 0.0378731 Vali Loss: 0.0610447 Test Loss: 0.0359018
EarlyStopping counter: 7 out of 10
Updating learning rate to 3.2363776611448018e-06
Epoch: 74 cost time: 6.354464054107666
Epoch: 74, Steps: 31 | Train Loss: 0.0378501 Vali Loss: 0.0610206 Test Loss: 0.0359040
EarlyStopping counter: 8 out of 10
Updating learning rate to 3.0282486115505108e-06
Epoch: 75 cost time: 6.401739835739136
Epoch: 75, Steps: 31 | Train Loss: 0.0378167 Vali Loss: 0.0608875 Test Loss: 0.0359052
EarlyStopping counter: 9 out of 10
Updating learning rate to 2.8240904471240344e-06
Epoch: 76 cost time: 6.34082818031311
Epoch: 76, Steps: 31 | Train Loss: 0.0377917 Vali Loss: 0.0611484 Test Loss: 0.0359009
EarlyStopping counter: 10 out of 10
Early stopping
>>>>>>>testing : ETTh1_336_192_DTFNet_ETTh1_ftM_sl336_ll0_pl192_dm128_nh16_el2_br2_dl1_df256_fc1_ebtimeF_dtTrue_'Exp'_0_'rel_sin'_16_8_16,24_8,12_3_1_256<<<<<<<<<<<<<<<<<<<<<<<<<<<<<<<<<
test 2689
mse:0.38862839341163635, mae:0.405046671628952, rse:0.5929539799690247
