Args in experiment:
Namespace(activation='gelu', affine=0, batch_size=256, c_out=7, checkpoints='./checkpoints/', d_ff=256, d_layers=1, d_model=128, d_model_ls='128', data='ETTh1', data_path='ETTh1.csv', dec_in=7, decomposition=0, des="'Exp'", devices='0', dilation_rates='1', distil=True, do_predict=False, dropout=0.3, e_layers=2, embed='timeF', embed_type=0, enc_in=7, factor=1, fc_dropout=0.3, features='M', freq='h', gpu=0, head_dropout=0.1, head_type='flatten', individual=0, initTLV=0.2, is_training=1, itr=1, kernel_size=25, l2=0.0, label_len=0, learning_rate=1e-05, loss='mse', loss_flag=2, lradj='TST', mlflow_project='exp', model='DTFNet', model_id='ETTh1_336_192', model_type='linear', moving_avg=25, n_branches=2, n_heads=16, n_heads_ls='16', no_learn_pe=True, num_workers=0, output_attention=False, padding_patch="'end'", patch_len=16, patch_len_ls='16,24', patience=10, pct_start=0.3, pe='zeros', pre_norm=False, pred_len=192, rel_pe="'rel_sin'", res_attn=False, revin=1, root_path='./dataset/', seq_len=336, store_attn=False, stride=8, stride_ls='8,12', stride_ls_list='16', sub_patch_len=16, sub_stride=8, subtract_last=0, target='OT', test_flop=False, tfactor=3, train_epochs=100, use_amp=False, use_gpu=True, use_mlflow=False, use_multi_gpu=False, warmup_steps=0, wavelet_dim=64, wavelet_layers=2, wavelet_mode='periodization', wavelet_type='db5')
Use GPU: cuda:0
>>>>>>>start training : ETTh1_336_192_DTFNet_ETTh1_ftM_sl336_ll0_pl192_dm128_nh16_el2_br2_dl1_df256_fc1_ebtimeF_dtTrue_'Exp'_0_'rel_sin'_16_8_16,24_8,12_3_1_256>>>>>>>>>>>>>>>>>>>>>>>>>>
train 8113
val 2689
test 2689
Epoch: 1 cost time: 4.836090326309204
Epoch: 1, Steps: 31 | Train Loss: 0.0949959 Vali Loss: 0.1572069 Test Loss: 0.0955561
Validation loss decreased (inf --> 0.157207).  Saving model ...
Updating learning rate to 4.2635148986572395e-07
Epoch: 2 cost time: 4.094245672225952
Epoch: 2, Steps: 31 | Train Loss: 0.0940305 Vali Loss: 0.1546417 Test Loss: 0.0946013
Validation loss decreased (0.157207 --> 0.154642).  Saving model ...
Updating learning rate to 5.051166257053371e-07
Epoch: 3 cost time: 4.0797178745269775
Epoch: 3, Steps: 31 | Train Loss: 0.0931049 Vali Loss: 0.1533354 Test Loss: 0.0935636
Validation loss decreased (0.154642 --> 0.153335).  Saving model ...
Updating learning rate to 6.354305830693182e-07
Epoch: 4 cost time: 4.175006628036499
Epoch: 4, Steps: 31 | Train Loss: 0.0922210 Vali Loss: 0.1515636 Test Loss: 0.0924641
Validation loss decreased (0.153335 --> 0.151564).  Saving model ...
Updating learning rate to 8.158625424048165e-07
Epoch: 5 cost time: 4.175086736679077
Epoch: 5, Steps: 31 | Train Loss: 0.0911221 Vali Loss: 0.1495205 Test Loss: 0.0912755
Validation loss decreased (0.151564 --> 0.149521).  Saving model ...
Updating learning rate to 1.0444313991502185e-06
Epoch: 6 cost time: 4.191589593887329
Epoch: 6, Steps: 31 | Train Loss: 0.0899373 Vali Loss: 0.1475177 Test Loss: 0.0899769
Validation loss decreased (0.149521 --> 0.147518).  Saving model ...
Updating learning rate to 1.3186275158421247e-06
Epoch: 7 cost time: 4.251046657562256
Epoch: 7, Steps: 31 | Train Loss: 0.0887706 Vali Loss: 0.1456036 Test Loss: 0.0885177
Validation loss decreased (0.147518 --> 0.145604).  Saving model ...
Updating learning rate to 1.6354402774012767e-06
Epoch: 8 cost time: 4.2355265617370605
Epoch: 8, Steps: 31 | Train Loss: 0.0875236 Vali Loss: 0.1426493 Test Loss: 0.0868481
Validation loss decreased (0.145604 --> 0.142649).  Saving model ...
Updating learning rate to 1.99139114704619e-06
Epoch: 9 cost time: 4.17140007019043
Epoch: 9, Steps: 31 | Train Loss: 0.0860061 Vali Loss: 0.1399028 Test Loss: 0.0848346
Validation loss decreased (0.142649 --> 0.139903).  Saving model ...
Updating learning rate to 2.3825718598876392e-06
Epoch: 10 cost time: 4.173530578613281
Epoch: 10, Steps: 31 | Train Loss: 0.0842673 Vali Loss: 0.1361147 Test Loss: 0.0823005
Validation loss decreased (0.139903 --> 0.136115).  Saving model ...
Updating learning rate to 2.8046873348464134e-06
Epoch: 11 cost time: 4.05774450302124
Epoch: 11, Steps: 31 | Train Loss: 0.0821489 Vali Loss: 0.1318807 Test Loss: 0.0790665
Validation loss decreased (0.136115 --> 0.131881).  Saving model ...
Updating learning rate to 3.2531028337306174e-06
Epoch: 12 cost time: 4.2039947509765625
Epoch: 12, Steps: 31 | Train Loss: 0.0794982 Vali Loss: 0.1266947 Test Loss: 0.0751821
Validation loss decreased (0.131881 --> 0.126695).  Saving model ...
Updating learning rate to 3.7228948496758864e-06
Epoch: 13 cost time: 4.319748163223267
Epoch: 13, Steps: 31 | Train Loss: 0.0768223 Vali Loss: 0.1210976 Test Loss: 0.0714329
Validation loss decreased (0.126695 --> 0.121098).  Saving model ...
Updating learning rate to 4.20890516620423e-06
Epoch: 14 cost time: 4.261109113693237
Epoch: 14, Steps: 31 | Train Loss: 0.0741037 Vali Loss: 0.1162647 Test Loss: 0.0684950
Validation loss decreased (0.121098 --> 0.116265).  Saving model ...
Updating learning rate to 4.705797493344547e-06
Epoch: 15 cost time: 4.1783201694488525
Epoch: 15, Steps: 31 | Train Loss: 0.0718666 Vali Loss: 0.1120200 Test Loss: 0.0662204
Validation loss decreased (0.116265 --> 0.112020).  Saving model ...
Updating learning rate to 5.208116058962259e-06
Epoch: 16 cost time: 4.195554256439209
Epoch: 16, Steps: 31 | Train Loss: 0.0697829 Vali Loss: 0.1081358 Test Loss: 0.0642281
Validation loss decreased (0.112020 --> 0.108136).  Saving model ...
Updating learning rate to 5.710345511977682e-06
Epoch: 17 cost time: 4.241328716278076
Epoch: 17, Steps: 31 | Train Loss: 0.0679042 Vali Loss: 0.1046706 Test Loss: 0.0621804
Validation loss decreased (0.108136 --> 0.104671).  Saving model ...
Updating learning rate to 6.206971479748566e-06
Epoch: 18 cost time: 4.261878252029419
Epoch: 18, Steps: 31 | Train Loss: 0.0661726 Vali Loss: 0.1012461 Test Loss: 0.0603131
Validation loss decreased (0.104671 --> 0.101246).  Saving model ...
Updating learning rate to 6.6925411147095855e-06
Epoch: 19 cost time: 4.216017961502075
Epoch: 19, Steps: 31 | Train Loss: 0.0647465 Vali Loss: 0.0987191 Test Loss: 0.0588990
Validation loss decreased (0.101246 --> 0.098719).  Saving model ...
Updating learning rate to 7.161722965479587e-06
Epoch: 20 cost time: 4.131896257400513
Epoch: 20, Steps: 31 | Train Loss: 0.0634801 Vali Loss: 0.0969782 Test Loss: 0.0576477
Validation loss decreased (0.098719 --> 0.096978).  Saving model ...
Updating learning rate to 7.609365515064509e-06
Epoch: 21 cost time: 4.241885185241699
Epoch: 21, Steps: 31 | Train Loss: 0.0624672 Vali Loss: 0.0957068 Test Loss: 0.0567331
Validation loss decreased (0.096978 --> 0.095707).  Saving model ...
Updating learning rate to 8.030553743418992e-06
Epoch: 22 cost time: 4.278882026672363
Epoch: 22, Steps: 31 | Train Loss: 0.0615387 Vali Loss: 0.0939520 Test Loss: 0.0558230
Validation loss decreased (0.095707 --> 0.093952).  Saving model ...
Updating learning rate to 8.420663093321771e-06
Epoch: 23 cost time: 4.198218584060669
Epoch: 23, Steps: 31 | Train Loss: 0.0607350 Vali Loss: 0.0927255 Test Loss: 0.0549591
Validation loss decreased (0.093952 --> 0.092725).  Saving model ...
Updating learning rate to 8.775410247030974e-06
Epoch: 24 cost time: 4.203192234039307
Epoch: 24, Steps: 31 | Train Loss: 0.0598903 Vali Loss: 0.0915864 Test Loss: 0.0542636
Validation loss decreased (0.092725 --> 0.091586).  Saving model ...
Updating learning rate to 9.09090015620249e-06
Epoch: 25 cost time: 4.234080076217651
Epoch: 25, Steps: 31 | Train Loss: 0.0591683 Vali Loss: 0.0906343 Test Loss: 0.0535109
Validation loss decreased (0.091586 --> 0.090634).  Saving model ...
Updating learning rate to 9.363668808692879e-06
Epoch: 26 cost time: 4.298320770263672
Epoch: 26, Steps: 31 | Train Loss: 0.0583728 Vali Loss: 0.0890369 Test Loss: 0.0529037
Validation loss decreased (0.090634 --> 0.089037).  Saving model ...
Updating learning rate to 9.59072126267639e-06
Epoch: 27 cost time: 4.253401279449463
Epoch: 27, Steps: 31 | Train Loss: 0.0577071 Vali Loss: 0.0884950 Test Loss: 0.0522142
Validation loss decreased (0.089037 --> 0.088495).  Saving model ...
Updating learning rate to 9.769564530469635e-06
Epoch: 28 cost time: 4.1915283203125
Epoch: 28, Steps: 31 | Train Loss: 0.0569433 Vali Loss: 0.0875239 Test Loss: 0.0515358
Validation loss decreased (0.088495 --> 0.087524).  Saving model ...
Updating learning rate to 9.898234951006446e-06
Epoch: 29 cost time: 4.230721473693848
Epoch: 29, Steps: 31 | Train Loss: 0.0563357 Vali Loss: 0.0864706 Test Loss: 0.0509314
Validation loss decreased (0.087524 --> 0.086471).  Saving model ...
Updating learning rate to 9.97531975041899e-06
Epoch: 30 cost time: 4.208413362503052
Epoch: 30, Steps: 31 | Train Loss: 0.0556292 Vali Loss: 0.0854639 Test Loss: 0.0503546
Validation loss decreased (0.086471 --> 0.085464).  Saving model ...
Updating learning rate to 9.999994760154602e-06
Epoch: 31 cost time: 4.323667287826538
Epoch: 31, Steps: 31 | Train Loss: 0.0549913 Vali Loss: 0.0845745 Test Loss: 0.0497851
Validation loss decreased (0.085464 --> 0.084574).  Saving model ...
Updating learning rate to 9.994635356966321e-06
Epoch: 32 cost time: 4.231104373931885
Epoch: 32, Steps: 31 | Train Loss: 0.0543400 Vali Loss: 0.0838760 Test Loss: 0.0491898
Validation loss decreased (0.084574 --> 0.083876).  Saving model ...
Updating learning rate to 9.979217463145653e-06
Epoch: 33 cost time: 4.2376697063446045
Epoch: 33, Steps: 31 | Train Loss: 0.0537114 Vali Loss: 0.0826997 Test Loss: 0.0487239
Validation loss decreased (0.083876 --> 0.082700).  Saving model ...
Updating learning rate to 9.953772128278901e-06
Epoch: 34 cost time: 4.218847751617432
Epoch: 34, Steps: 31 | Train Loss: 0.0531551 Vali Loss: 0.0818543 Test Loss: 0.0482014
Validation loss decreased (0.082700 --> 0.081854).  Saving model ...
Updating learning rate to 9.918350595884151e-06
Epoch: 35 cost time: 4.32241153717041
Epoch: 35, Steps: 31 | Train Loss: 0.0524890 Vali Loss: 0.0808571 Test Loss: 0.0477207
Validation loss decreased (0.081854 --> 0.080857).  Saving model ...
Updating learning rate to 9.873024200213661e-06
Epoch: 36 cost time: 4.3228981494903564
Epoch: 36, Steps: 31 | Train Loss: 0.0519604 Vali Loss: 0.0802971 Test Loss: 0.0471869
Validation loss decreased (0.080857 --> 0.080297).  Saving model ...
Updating learning rate to 9.817884222596151e-06
Epoch: 37 cost time: 4.205464124679565
Epoch: 37, Steps: 31 | Train Loss: 0.0513548 Vali Loss: 0.0795638 Test Loss: 0.0466674
Validation loss decreased (0.080297 --> 0.079564).  Saving model ...
Updating learning rate to 9.75304170760837e-06
Epoch: 38 cost time: 4.235992193222046
Epoch: 38, Steps: 31 | Train Loss: 0.0507877 Vali Loss: 0.0787108 Test Loss: 0.0462894
Validation loss decreased (0.079564 --> 0.078711).  Saving model ...
Updating learning rate to 9.678627239446092e-06
Epoch: 39 cost time: 4.313821315765381
Epoch: 39, Steps: 31 | Train Loss: 0.0502089 Vali Loss: 0.0777476 Test Loss: 0.0457191
Validation loss decreased (0.078711 --> 0.077748).  Saving model ...
Updating learning rate to 9.594790678944921e-06
Epoch: 40 cost time: 4.281274795532227
Epoch: 40, Steps: 31 | Train Loss: 0.0497193 Vali Loss: 0.0767670 Test Loss: 0.0453047
Validation loss decreased (0.077748 --> 0.076767).  Saving model ...
Updating learning rate to 9.50170086178052e-06
Epoch: 41 cost time: 4.250410079956055
Epoch: 41, Steps: 31 | Train Loss: 0.0491654 Vali Loss: 0.0762868 Test Loss: 0.0448616
Validation loss decreased (0.076767 --> 0.076287).  Saving model ...
Updating learning rate to 9.399545258456017e-06
Epoch: 42 cost time: 4.225566625595093
Epoch: 42, Steps: 31 | Train Loss: 0.0485865 Vali Loss: 0.0755830 Test Loss: 0.0444100
Validation loss decreased (0.076287 --> 0.075583).  Saving model ...
Updating learning rate to 9.288529596761373e-06
Epoch: 43 cost time: 4.261123418807983
Epoch: 43, Steps: 31 | Train Loss: 0.0480786 Vali Loss: 0.0747461 Test Loss: 0.0439687
Validation loss decreased (0.075583 --> 0.074746).  Saving model ...
Updating learning rate to 9.168877447464985e-06
Epoch: 44 cost time: 4.1397716999053955
Epoch: 44, Steps: 31 | Train Loss: 0.0475389 Vali Loss: 0.0739919 Test Loss: 0.0435813
Validation loss decreased (0.074746 --> 0.073992).  Saving model ...
Updating learning rate to 9.040829774071914e-06
Epoch: 45 cost time: 4.297194719314575
Epoch: 45, Steps: 31 | Train Loss: 0.0470353 Vali Loss: 0.0732382 Test Loss: 0.0431612
Validation loss decreased (0.073992 --> 0.073238).  Saving model ...
Updating learning rate to 8.904644447555448e-06
Epoch: 46 cost time: 4.284687757492065
Epoch: 46, Steps: 31 | Train Loss: 0.0465456 Vali Loss: 0.0725452 Test Loss: 0.0427537
Validation loss decreased (0.073238 --> 0.072545).  Saving model ...
Updating learning rate to 8.760595727039295e-06
Epoch: 47 cost time: 4.169410228729248
Epoch: 47, Steps: 31 | Train Loss: 0.0460237 Vali Loss: 0.0717507 Test Loss: 0.0423181
Validation loss decreased (0.072545 --> 0.071751).  Saving model ...
Updating learning rate to 8.608973707476191e-06
Epoch: 48 cost time: 4.2493157386779785
Epoch: 48, Steps: 31 | Train Loss: 0.0455716 Vali Loss: 0.0712423 Test Loss: 0.0419166
Validation loss decreased (0.071751 --> 0.071242).  Saving model ...
Updating learning rate to 8.450083735435278e-06
Epoch: 49 cost time: 4.23502254486084
Epoch: 49, Steps: 31 | Train Loss: 0.0450426 Vali Loss: 0.0703949 Test Loss: 0.0415590
Validation loss decreased (0.071242 --> 0.070395).  Saving model ...
Updating learning rate to 8.284245794174751e-06
Epoch: 50 cost time: 4.198462963104248
Epoch: 50, Steps: 31 | Train Loss: 0.0446065 Vali Loss: 0.0697294 Test Loss: 0.0411537
Validation loss decreased (0.070395 --> 0.069729).  Saving model ...
Updating learning rate to 8.111793859238162e-06
Epoch: 51 cost time: 4.328758716583252
Epoch: 51, Steps: 31 | Train Loss: 0.0441381 Vali Loss: 0.0691750 Test Loss: 0.0407340
Validation loss decreased (0.069729 --> 0.069175).  Saving model ...
Updating learning rate to 7.93307522587211e-06
Epoch: 52 cost time: 4.232152462005615
Epoch: 52, Steps: 31 | Train Loss: 0.0436345 Vali Loss: 0.0683361 Test Loss: 0.0403413
Validation loss decreased (0.069175 --> 0.068336).  Saving model ...
Updating learning rate to 7.748449809619857e-06
Epoch: 53 cost time: 4.20067286491394
Epoch: 53, Steps: 31 | Train Loss: 0.0432139 Vali Loss: 0.0676974 Test Loss: 0.0400056
Validation loss decreased (0.068336 --> 0.067697).  Saving model ...
Updating learning rate to 7.558289421499295e-06
Epoch: 54 cost time: 4.324282646179199
Epoch: 54, Steps: 31 | Train Loss: 0.0427463 Vali Loss: 0.0669737 Test Loss: 0.0396392
Validation loss decreased (0.067697 --> 0.066974).  Saving model ...
Updating learning rate to 7.362977019225052e-06
Epoch: 55 cost time: 4.201930522918701
Epoch: 55, Steps: 31 | Train Loss: 0.0422816 Vali Loss: 0.0664095 Test Loss: 0.0392202
Validation loss decreased (0.066974 --> 0.066409).  Saving model ...
Updating learning rate to 7.162905935982624e-06
Epoch: 56 cost time: 4.175682067871094
Epoch: 56, Steps: 31 | Train Loss: 0.0418875 Vali Loss: 0.0658441 Test Loss: 0.0388392
Validation loss decreased (0.066409 --> 0.065844).  Saving model ...
Updating learning rate to 6.958479088307673e-06
Epoch: 57 cost time: 4.257475852966309
Epoch: 57, Steps: 31 | Train Loss: 0.0414139 Vali Loss: 0.0652303 Test Loss: 0.0385072
Validation loss decreased (0.065844 --> 0.065230).  Saving model ...
Updating learning rate to 6.7501081646657556e-06
Epoch: 58 cost time: 4.1749725341796875
Epoch: 58, Steps: 31 | Train Loss: 0.0410351 Vali Loss: 0.0643829 Test Loss: 0.0381387
Validation loss decreased (0.065230 --> 0.064383).  Saving model ...
Updating learning rate to 6.538212796366537e-06
Epoch: 59 cost time: 4.175921201705933
Epoch: 59, Steps: 31 | Train Loss: 0.0405322 Vali Loss: 0.0638846 Test Loss: 0.0377825
Validation loss decreased (0.064383 --> 0.063885).  Saving model ...
Updating learning rate to 6.323219712482178e-06
Epoch: 60 cost time: 4.292696475982666
Epoch: 60, Steps: 31 | Train Loss: 0.0401279 Vali Loss: 0.0631391 Test Loss: 0.0374660
Validation loss decreased (0.063885 --> 0.063139).  Saving model ...
Updating learning rate to 6.1055618804717764e-06
Epoch: 61 cost time: 4.192197561264038
Epoch: 61, Steps: 31 | Train Loss: 0.0397322 Vali Loss: 0.0626107 Test Loss: 0.0370752
Validation loss decreased (0.063139 --> 0.062611).  Saving model ...
Updating learning rate to 5.8856776342425235e-06
Epoch: 62 cost time: 4.242503881454468
Epoch: 62, Steps: 31 | Train Loss: 0.0393421 Vali Loss: 0.0619950 Test Loss: 0.0367460
Validation loss decreased (0.062611 --> 0.061995).  Saving model ...
Updating learning rate to 5.664009791403554e-06
Epoch: 63 cost time: 4.278651475906372
Epoch: 63, Steps: 31 | Train Loss: 0.0389468 Vali Loss: 0.0614856 Test Loss: 0.0364407
Validation loss decreased (0.061995 --> 0.061486).  Saving model ...
Updating learning rate to 5.441004761490205e-06
Epoch: 64 cost time: 4.143541097640991
Epoch: 64, Steps: 31 | Train Loss: 0.0385463 Vali Loss: 0.0606405 Test Loss: 0.0360881
Validation loss decreased (0.061486 --> 0.060641).  Saving model ...
Updating learning rate to 5.217111646954626e-06
Epoch: 65 cost time: 4.266361474990845
Epoch: 65, Steps: 31 | Train Loss: 0.0381604 Vali Loss: 0.0604360 Test Loss: 0.0358599
Validation loss decreased (0.060641 --> 0.060436).  Saving model ...
Updating learning rate to 4.992781338733208e-06
Epoch: 66 cost time: 4.31292462348938
Epoch: 66, Steps: 31 | Train Loss: 0.0380803 Vali Loss: 0.0602250 Test Loss: 0.0358570
Validation loss decreased (0.060436 --> 0.060225).  Saving model ...
Updating learning rate to 4.768465608212241e-06
Epoch: 67 cost time: 4.205888986587524
Epoch: 67, Steps: 31 | Train Loss: 0.0380233 Vali Loss: 0.0603330 Test Loss: 0.0359238
EarlyStopping counter: 1 out of 10
Updating learning rate to 4.544616197420465e-06
Epoch: 68 cost time: 4.2667951583862305
Epoch: 68, Steps: 31 | Train Loss: 0.0380098 Vali Loss: 0.0604572 Test Loss: 0.0358479
EarlyStopping counter: 2 out of 10
Updating learning rate to 4.321683909280753e-06
Epoch: 69 cost time: 4.205376625061035
Epoch: 69, Steps: 31 | Train Loss: 0.0379759 Vali Loss: 0.0603814 Test Loss: 0.0358852
EarlyStopping counter: 3 out of 10
Updating learning rate to 4.100117699752996e-06
Epoch: 70 cost time: 4.220732927322388
Epoch: 70, Steps: 31 | Train Loss: 0.0379471 Vali Loss: 0.0602614 Test Loss: 0.0358965
EarlyStopping counter: 4 out of 10
Updating learning rate to 3.8803637736965736e-06
Epoch: 71 cost time: 4.3202900886535645
Epoch: 71, Steps: 31 | Train Loss: 0.0379580 Vali Loss: 0.0603891 Test Loss: 0.0358432
EarlyStopping counter: 5 out of 10
Updating learning rate to 3.66286468627313e-06
Epoch: 72 cost time: 4.292170763015747
Epoch: 72, Steps: 31 | Train Loss: 0.0379604 Vali Loss: 0.0603719 Test Loss: 0.0358864
EarlyStopping counter: 6 out of 10
Updating learning rate to 3.4480584516993903e-06
Epoch: 73 cost time: 4.335622549057007
Epoch: 73, Steps: 31 | Train Loss: 0.0379146 Vali Loss: 0.0602764 Test Loss: 0.0358760
EarlyStopping counter: 7 out of 10
Updating learning rate to 3.2363776611448018e-06
Epoch: 74 cost time: 4.345728874206543
Epoch: 74, Steps: 31 | Train Loss: 0.0379297 Vali Loss: 0.0603305 Test Loss: 0.0359035
EarlyStopping counter: 8 out of 10
Updating learning rate to 3.0282486115505108e-06
Epoch: 75 cost time: 4.310893535614014
Epoch: 75, Steps: 31 | Train Loss: 0.0378752 Vali Loss: 0.0605100 Test Loss: 0.0358899
EarlyStopping counter: 9 out of 10
Updating learning rate to 2.8240904471240344e-06
Epoch: 76 cost time: 4.336533069610596
Epoch: 76, Steps: 31 | Train Loss: 0.0378758 Vali Loss: 0.0604737 Test Loss: 0.0358830
EarlyStopping counter: 10 out of 10
Early stopping
>>>>>>>testing : ETTh1_336_192_DTFNet_ETTh1_ftM_sl336_ll0_pl192_dm128_nh16_el2_br2_dl1_df256_fc1_ebtimeF_dtTrue_'Exp'_0_'rel_sin'_16_8_16,24_8,12_3_1_256<<<<<<<<<<<<<<<<<<<<<<<<<<<<<<<<<
test 2689
mse:0.3882793188095093, mae:0.4048457145690918, rse:0.5926876664161682
