Args in experiment:
Namespace(activation='gelu', affine=0, batch_size=256, c_out=7, checkpoints='./checkpoints/', d_ff=256, d_layers=1, d_model=128, d_model_ls='128', data='ETTh1', data_path='ETTh1.csv', dec_in=7, decomposition=0, des="'Exp'", devices='0', dilation_rates='1', distil=True, do_predict=False, dropout=0.3, e_layers=2, embed='timeF', embed_type=0, enc_in=7, factor=1, fc_dropout=0.3, features='M', freq='h', gpu=0, head_dropout=0.1, head_type='flatten', individual=0, initTLV=0.2, is_training=1, itr=1, kernel_size=25, l2=0.0, label_len=0, learning_rate=1e-05, loss='mse', loss_flag=2, lradj='TST', mlflow_project='exp', model='DTFNet', model_id='ETTh1_336_720', model_type='linear', moving_avg=25, n_branches=2, n_heads=16, n_heads_ls='16', no_learn_pe=True, num_workers=0, output_attention=False, padding_patch="'end'", patch_len=16, patch_len_ls='16,24', patience=10, pct_start=0.3, pe='zeros', pre_norm=False, pred_len=720, rel_pe="'rel_sin'", res_attn=False, revin=1, root_path='./dataset/', seq_len=336, store_attn=False, stride=8, stride_ls='8,12', stride_ls_list='16', sub_patch_len=16, sub_stride=8, subtract_last=0, target='OT', test_flop=False, tfactor=3, train_epochs=100, use_amp=False, use_gpu=True, use_mlflow=False, use_multi_gpu=False, warmup_steps=0, wavelet_dim=64, wavelet_layers=2, wavelet_mode='periodization', wavelet_type='db5')
Use GPU: cuda:0
>>>>>>>start training : ETTh1_336_720_DTFNet_ETTh1_ftM_sl336_ll0_pl720_dm128_nh16_el2_br2_dl1_df256_fc1_ebtimeF_dtTrue_'Exp'_0_'rel_sin'_16_8_16,24_8,12_3_1_256>>>>>>>>>>>>>>>>>>>>>>>>>>
train 7585
val 2161
test 2161
Epoch: 1 cost time: 4.886247873306274
Epoch: 1, Steps: 29 | Train Loss: 0.1075474 Vali Loss: 0.1787130 Test Loss: 0.0997280
Validation loss decreased (inf --> 0.178713).  Saving model ...
Updating learning rate to 4.2635539919063106e-07
Epoch: 2 cost time: 4.3346335887908936
Epoch: 2, Steps: 29 | Train Loss: 0.1066794 Vali Loss: 0.1772622 Test Loss: 0.0988811
Validation loss decreased (0.178713 --> 0.177262).  Saving model ...
Updating learning rate to 5.051321771514831e-07
Epoch: 3 cost time: 4.327715873718262
Epoch: 3, Steps: 29 | Train Loss: 0.1057983 Vali Loss: 0.1756952 Test Loss: 0.0979519
Validation loss decreased (0.177262 --> 0.175695).  Saving model ...
Updating learning rate to 6.354652532866785e-07
Epoch: 4 cost time: 4.337584018707275
Epoch: 4, Steps: 29 | Train Loss: 0.1048454 Vali Loss: 0.1739472 Test Loss: 0.0969624
Validation loss decreased (0.175695 --> 0.173947).  Saving model ...
Updating learning rate to 8.159233858256806e-07
Epoch: 5 cost time: 4.33694314956665
Epoch: 5, Steps: 29 | Train Loss: 0.1039028 Vali Loss: 0.1720815 Test Loss: 0.0958756
Validation loss decreased (0.173947 --> 0.172081).  Saving model ...
Updating learning rate to 1.0445248888850473e-06
Epoch: 6 cost time: 4.3147008419036865
Epoch: 6, Steps: 29 | Train Loss: 0.1029524 Vali Loss: 0.1700869 Test Loss: 0.0946508
Validation loss decreased (0.172081 --> 0.170087).  Saving model ...
Updating learning rate to 1.3187593941861497e-06
Epoch: 7 cost time: 4.318790435791016
Epoch: 7, Steps: 29 | Train Loss: 0.1017513 Vali Loss: 0.1679509 Test Loss: 0.0932397
Validation loss decreased (0.170087 --> 0.167951).  Saving model ...
Updating learning rate to 1.6356154184543822e-06
Epoch: 8 cost time: 4.326590538024902
Epoch: 8, Steps: 29 | Train Loss: 0.1004857 Vali Loss: 0.1650973 Test Loss: 0.0915100
Validation loss decreased (0.167951 --> 0.165097).  Saving model ...
Updating learning rate to 1.9916134337707666e-06
Epoch: 9 cost time: 4.311662673950195
Epoch: 9, Steps: 29 | Train Loss: 0.0989546 Vali Loss: 0.1619718 Test Loss: 0.0892516
Validation loss decreased (0.165097 --> 0.161972).  Saving model ...
Updating learning rate to 2.3828440777166636e-06
Epoch: 10 cost time: 4.327244997024536
Epoch: 10, Steps: 29 | Train Loss: 0.0970970 Vali Loss: 0.1576508 Test Loss: 0.0862184
Validation loss decreased (0.161972 --> 0.157651).  Saving model ...
Updating learning rate to 2.805011083710071e-06
Epoch: 11 cost time: 4.347362279891968
Epoch: 11, Steps: 29 | Train Loss: 0.0948479 Vali Loss: 0.1523905 Test Loss: 0.0820762
Validation loss decreased (0.157651 --> 0.152390).  Saving model ...
Updating learning rate to 3.2534784600976295e-06
Epoch: 12 cost time: 4.35715389251709
Epoch: 12, Steps: 29 | Train Loss: 0.0923014 Vali Loss: 0.1468661 Test Loss: 0.0777940
Validation loss decreased (0.152390 --> 0.146866).  Saving model ...
Updating learning rate to 3.723321399909056e-06
Epoch: 13 cost time: 4.341694355010986
Epoch: 13, Steps: 29 | Train Loss: 0.0900696 Vali Loss: 0.1426378 Test Loss: 0.0751187
Validation loss decreased (0.146866 --> 0.142638).  Saving model ...
Updating learning rate to 4.209380362212844e-06
Epoch: 14 cost time: 4.351246356964111
Epoch: 14, Steps: 29 | Train Loss: 0.0882672 Vali Loss: 0.1391784 Test Loss: 0.0734150
Validation loss decreased (0.142638 --> 0.139178).  Saving model ...
Updating learning rate to 4.706317731183279e-06
Epoch: 15 cost time: 4.341725587844849
Epoch: 15, Steps: 29 | Train Loss: 0.0865738 Vali Loss: 0.1361130 Test Loss: 0.0715149
Validation loss decreased (0.139178 --> 0.136113).  Saving model ...
Updating learning rate to 5.208676430682048e-06
Epoch: 16 cost time: 4.352499723434448
Epoch: 16, Steps: 29 | Train Loss: 0.0847787 Vali Loss: 0.1333092 Test Loss: 0.0694625
Validation loss decreased (0.136113 --> 0.133309).  Saving model ...
Updating learning rate to 5.710939850683244e-06
Epoch: 17 cost time: 4.331604719161987
Epoch: 17, Steps: 29 | Train Loss: 0.0831351 Vali Loss: 0.1313826 Test Loss: 0.0674739
Validation loss decreased (0.133309 --> 0.131383).  Saving model ...
Updating learning rate to 6.207592427464792e-06
Epoch: 18 cost time: 4.335371255874634
Epoch: 18, Steps: 29 | Train Loss: 0.0816489 Vali Loss: 0.1294870 Test Loss: 0.0661141
Validation loss decreased (0.131383 --> 0.129487).  Saving model ...
Updating learning rate to 6.693180212309968e-06
Epoch: 19 cost time: 4.329432725906372
Epoch: 19, Steps: 29 | Train Loss: 0.0806117 Vali Loss: 0.1282896 Test Loss: 0.0650081
Validation loss decreased (0.129487 --> 0.128290).  Saving model ...
Updating learning rate to 7.1623707635889015e-06
Epoch: 20 cost time: 4.3317201137542725
Epoch: 20, Steps: 29 | Train Loss: 0.0795660 Vali Loss: 0.1272991 Test Loss: 0.0638138
Validation loss decreased (0.128290 --> 0.127299).  Saving model ...
Updating learning rate to 7.610011704520164e-06
Epoch: 21 cost time: 4.331681489944458
Epoch: 21, Steps: 29 | Train Loss: 0.0786128 Vali Loss: 0.1264741 Test Loss: 0.0631864
Validation loss decreased (0.127299 --> 0.126474).  Saving model ...
Updating learning rate to 8.031187303565295e-06
Epoch: 22 cost time: 4.357254266738892
Epoch: 22, Steps: 29 | Train Loss: 0.0777593 Vali Loss: 0.1253879 Test Loss: 0.0623246
Validation loss decreased (0.126474 --> 0.125388).  Saving model ...
Updating learning rate to 8.421272456123378e-06
Epoch: 23 cost time: 4.371123313903809
Epoch: 23, Steps: 29 | Train Loss: 0.0769525 Vali Loss: 0.1244934 Test Loss: 0.0612602
Validation loss decreased (0.125388 --> 0.124493).  Saving model ...
Updating learning rate to 8.775983474730246e-06
Epoch: 24 cost time: 4.350498199462891
Epoch: 24, Steps: 29 | Train Loss: 0.0760988 Vali Loss: 0.1237855 Test Loss: 0.0607690
Validation loss decreased (0.124493 --> 0.123786).  Saving model ...
Updating learning rate to 9.091425130013939e-06
Epoch: 25 cost time: 4.350797653198242
Epoch: 25, Steps: 29 | Train Loss: 0.0752822 Vali Loss: 0.1229421 Test Loss: 0.0602371
Validation loss decreased (0.123786 --> 0.122942).  Saving model ...
Updating learning rate to 9.364133425830145e-06
Epoch: 26 cost time: 4.366408824920654
Epoch: 26, Steps: 29 | Train Loss: 0.0746065 Vali Loss: 0.1216711 Test Loss: 0.0594699
Validation loss decreased (0.122942 --> 0.121671).  Saving model ...
Updating learning rate to 9.591113638846019e-06
Epoch: 27 cost time: 4.342114686965942
Epoch: 27, Steps: 29 | Train Loss: 0.0737421 Vali Loss: 0.1210126 Test Loss: 0.0587942
Validation loss decreased (0.121671 --> 0.121013).  Saving model ...
Updating learning rate to 9.769873204843885e-06
Epoch: 28 cost time: 4.3370137214660645
Epoch: 28, Steps: 29 | Train Loss: 0.0730363 Vali Loss: 0.1202366 Test Loss: 0.0581511
Validation loss decreased (0.121013 --> 0.120237).  Saving model ...
Updating learning rate to 9.898449090606656e-06
Epoch: 29 cost time: 4.340848207473755
Epoch: 29, Steps: 29 | Train Loss: 0.0723323 Vali Loss: 0.1198418 Test Loss: 0.0573122
Validation loss decreased (0.120237 --> 0.119842).  Saving model ...
Updating learning rate to 9.975429350802846e-06
Epoch: 30 cost time: 4.329533576965332
Epoch: 30, Steps: 29 | Train Loss: 0.0715356 Vali Loss: 0.1184907 Test Loss: 0.0575137
Validation loss decreased (0.119842 --> 0.118491).  Saving model ...
Updating learning rate to 9.99999401249548e-06
Epoch: 31 cost time: 4.332677125930786
Epoch: 31, Steps: 29 | Train Loss: 0.0708062 Vali Loss: 0.1181047 Test Loss: 0.0563854
Validation loss decreased (0.118491 --> 0.118105).  Saving model ...
Updating learning rate to 9.994612212745642e-06
Epoch: 32 cost time: 4.345825433731079
Epoch: 32, Steps: 29 | Train Loss: 0.0701318 Vali Loss: 0.1167997 Test Loss: 0.0560918
Validation loss decreased (0.118105 --> 0.116800).  Saving model ...
Updating learning rate to 9.979171968972798e-06
Epoch: 33 cost time: 4.3529744148254395
Epoch: 33, Steps: 29 | Train Loss: 0.0694165 Vali Loss: 0.1160580 Test Loss: 0.0553899
Validation loss decreased (0.116800 --> 0.116058).  Saving model ...
Updating learning rate to 9.953704375773079e-06
Epoch: 34 cost time: 4.344054460525513
Epoch: 34, Steps: 29 | Train Loss: 0.0686969 Vali Loss: 0.1158981 Test Loss: 0.0546221
Validation loss decreased (0.116058 --> 0.115898).  Saving model ...
Updating learning rate to 9.918260721489893e-06
Epoch: 35 cost time: 4.3433191776275635
Epoch: 35, Steps: 29 | Train Loss: 0.0680316 Vali Loss: 0.1151129 Test Loss: 0.0541907
Validation loss decreased (0.115898 --> 0.115113).  Saving model ...
Updating learning rate to 9.872912384926035e-06
Epoch: 36 cost time: 4.336224317550659
Epoch: 36, Steps: 29 | Train Loss: 0.0673859 Vali Loss: 0.1141287 Test Loss: 0.0539890
Validation loss decreased (0.115113 --> 0.114129).  Saving model ...
Updating learning rate to 9.817750691596265e-06
Epoch: 37 cost time: 4.345855474472046
Epoch: 37, Steps: 29 | Train Loss: 0.0667515 Vali Loss: 0.1134554 Test Loss: 0.0538145
Validation loss decreased (0.114129 --> 0.113455).  Saving model ...
Updating learning rate to 9.752886729809889e-06
Epoch: 38 cost time: 4.33372688293457
Epoch: 38, Steps: 29 | Train Loss: 0.0660285 Vali Loss: 0.1125739 Test Loss: 0.0532505
Validation loss decreased (0.113455 --> 0.112574).  Saving model ...
Updating learning rate to 9.678451126953676e-06
Epoch: 39 cost time: 4.339704513549805
Epoch: 39, Steps: 29 | Train Loss: 0.0653835 Vali Loss: 0.1124027 Test Loss: 0.0527213
Validation loss decreased (0.112574 --> 0.112403).  Saving model ...
Updating learning rate to 9.594593786425696e-06
Epoch: 40 cost time: 4.338285446166992
Epoch: 40, Steps: 29 | Train Loss: 0.0647243 Vali Loss: 0.1120089 Test Loss: 0.0522841
Validation loss decreased (0.112403 --> 0.112009).  Saving model ...
Updating learning rate to 9.501483585749811e-06
Epoch: 41 cost time: 4.348241567611694
Epoch: 41, Steps: 29 | Train Loss: 0.0641043 Vali Loss: 0.1114223 Test Loss: 0.0516718
Validation loss decreased (0.112009 --> 0.111422).  Saving model ...
Updating learning rate to 9.399308036478838e-06
Epoch: 42 cost time: 4.349689245223999
Epoch: 42, Steps: 29 | Train Loss: 0.0634668 Vali Loss: 0.1108264 Test Loss: 0.0514206
Validation loss decreased (0.111422 --> 0.110826).  Saving model ...
Updating learning rate to 9.288272906571216e-06
Epoch: 43 cost time: 4.351078033447266
Epoch: 43, Steps: 29 | Train Loss: 0.0628269 Vali Loss: 0.1096355 Test Loss: 0.0512771
Validation loss decreased (0.110826 --> 0.109636).  Saving model ...
Updating learning rate to 9.16860180600173e-06
Epoch: 44 cost time: 4.3225414752960205
Epoch: 44, Steps: 29 | Train Loss: 0.0622240 Vali Loss: 0.1090358 Test Loss: 0.0507500
Validation loss decreased (0.109636 --> 0.109036).  Saving model ...
Updating learning rate to 9.040535736440785e-06
Epoch: 45 cost time: 4.357290744781494
Epoch: 45, Steps: 29 | Train Loss: 0.0616243 Vali Loss: 0.1084021 Test Loss: 0.0502683
Validation loss decreased (0.109036 --> 0.108402).  Saving model ...
Updating learning rate to 8.904332605909106e-06
Epoch: 46 cost time: 4.3507983684539795
Epoch: 46, Steps: 29 | Train Loss: 0.0609894 Vali Loss: 0.1081260 Test Loss: 0.0499900
Validation loss decreased (0.108402 --> 0.108126).  Saving model ...
Updating learning rate to 8.760266709385311e-06
Epoch: 47 cost time: 4.358848571777344
Epoch: 47, Steps: 29 | Train Loss: 0.0604494 Vali Loss: 0.1073398 Test Loss: 0.0496325
Validation loss decreased (0.108126 --> 0.107340).  Saving model ...
Updating learning rate to 8.608628176412335e-06
Epoch: 48 cost time: 4.3526060581207275
Epoch: 48, Steps: 29 | Train Loss: 0.0598005 Vali Loss: 0.1075505 Test Loss: 0.0490307
EarlyStopping counter: 1 out of 10
Updating learning rate to 8.449722386815127e-06
Epoch: 49 cost time: 4.334680557250977
Epoch: 49, Steps: 29 | Train Loss: 0.0591910 Vali Loss: 0.1060731 Test Loss: 0.0489550
Validation loss decreased (0.107340 --> 0.106073).  Saving model ...
Updating learning rate to 8.28386935570634e-06
Epoch: 50 cost time: 4.335985898971558
Epoch: 50, Steps: 29 | Train Loss: 0.0586647 Vali Loss: 0.1055326 Test Loss: 0.0486334
Validation loss decreased (0.106073 --> 0.105533).  Saving model ...
Updating learning rate to 8.111403089018465e-06
Epoch: 51 cost time: 4.336244344711304
Epoch: 51, Steps: 29 | Train Loss: 0.0581511 Vali Loss: 0.1050576 Test Loss: 0.0482112
Validation loss decreased (0.105533 --> 0.105058).  Saving model ...
Updating learning rate to 7.93267091086035e-06
Epoch: 52 cost time: 4.33629584312439
Epoch: 52, Steps: 29 | Train Loss: 0.0576182 Vali Loss: 0.1040536 Test Loss: 0.0480069
Validation loss decreased (0.105058 --> 0.104054).  Saving model ...
Updating learning rate to 7.748032764052655e-06
Epoch: 53 cost time: 4.346471548080444
Epoch: 53, Steps: 29 | Train Loss: 0.0571030 Vali Loss: 0.1034569 Test Loss: 0.0477273
Validation loss decreased (0.104054 --> 0.103457).  Saving model ...
Updating learning rate to 7.557860485250925e-06
Epoch: 54 cost time: 4.3348565101623535
Epoch: 54, Steps: 29 | Train Loss: 0.0566120 Vali Loss: 0.1029748 Test Loss: 0.0473127
Validation loss decreased (0.103457 --> 0.102975).  Saving model ...
Updating learning rate to 7.362537056116034e-06
Epoch: 55 cost time: 4.342132568359375
Epoch: 55, Steps: 29 | Train Loss: 0.0560378 Vali Loss: 0.1016050 Test Loss: 0.0470903
Validation loss decreased (0.102975 --> 0.101605).  Saving model ...
Updating learning rate to 7.162455832040107e-06
Epoch: 56 cost time: 4.3419718742370605
Epoch: 56, Steps: 29 | Train Loss: 0.0555353 Vali Loss: 0.1015591 Test Loss: 0.0466514
Validation loss decreased (0.101605 --> 0.101559).  Saving model ...
Updating learning rate to 6.9580197499810984e-06
Epoch: 57 cost time: 4.337658405303955
Epoch: 57, Steps: 29 | Train Loss: 0.0550121 Vali Loss: 0.1012793 Test Loss: 0.0463350
Validation loss decreased (0.101559 --> 0.101279).  Saving model ...
Updating learning rate to 6.7496405170013816e-06
Epoch: 58 cost time: 4.32423734664917
Epoch: 58, Steps: 29 | Train Loss: 0.0545658 Vali Loss: 0.0998155 Test Loss: 0.0461264
Validation loss decreased (0.101279 --> 0.099816).  Saving model ...
Updating learning rate to 6.537737781144523e-06
Epoch: 59 cost time: 4.335938453674316
Epoch: 59, Steps: 29 | Train Loss: 0.0540196 Vali Loss: 0.0997267 Test Loss: 0.0457933
Validation loss decreased (0.099816 --> 0.099727).  Saving model ...
Updating learning rate to 6.322738286319964e-06
Epoch: 60 cost time: 4.341355323791504
Epoch: 60, Steps: 29 | Train Loss: 0.0535385 Vali Loss: 0.0988453 Test Loss: 0.0455006
Validation loss decreased (0.099727 --> 0.098845).  Saving model ...
Updating learning rate to 6.105075012897585e-06
Epoch: 61 cost time: 4.347651720046997
Epoch: 61, Steps: 29 | Train Loss: 0.0531099 Vali Loss: 0.0978640 Test Loss: 0.0453550
Validation loss decreased (0.098845 --> 0.097864).  Saving model ...
Updating learning rate to 5.885186305742857e-06
Epoch: 62 cost time: 4.353148460388184
Epoch: 62, Steps: 29 | Train Loss: 0.0526239 Vali Loss: 0.0973105 Test Loss: 0.0449955
Validation loss decreased (0.097864 --> 0.097310).  Saving model ...
Updating learning rate to 5.6635149914486225e-06
Epoch: 63 cost time: 4.345557928085327
Epoch: 63, Steps: 29 | Train Loss: 0.0521735 Vali Loss: 0.0967386 Test Loss: 0.0445436
Validation loss decreased (0.097310 --> 0.096739).  Saving model ...
Updating learning rate to 5.440507486541268e-06
Epoch: 64 cost time: 4.34773325920105
Epoch: 64, Steps: 29 | Train Loss: 0.0517427 Vali Loss: 0.0962308 Test Loss: 0.0443032
Validation loss decreased (0.096739 --> 0.096231).  Saving model ...
Updating learning rate to 5.216612898457253e-06
Epoch: 65 cost time: 4.354846239089966
Epoch: 65, Steps: 29 | Train Loss: 0.0512503 Vali Loss: 0.0951214 Test Loss: 0.0440046
Validation loss decreased (0.096231 --> 0.095121).  Saving model ...
Updating learning rate to 4.992282121100496e-06
Epoch: 66 cost time: 4.352788686752319
Epoch: 66, Steps: 29 | Train Loss: 0.0508784 Vali Loss: 0.0947512 Test Loss: 0.0436493
Validation loss decreased (0.095121 --> 0.094751).  Saving model ...
Updating learning rate to 4.767966926802067e-06
Epoch: 67 cost time: 4.352889776229858
Epoch: 67, Steps: 29 | Train Loss: 0.0504553 Vali Loss: 0.0939251 Test Loss: 0.0433594
Validation loss decreased (0.094751 --> 0.093925).  Saving model ...
Updating learning rate to 4.5441190565108235e-06
Epoch: 68 cost time: 4.3666815757751465
Epoch: 68, Steps: 29 | Train Loss: 0.0500365 Vali Loss: 0.0933272 Test Loss: 0.0431006
Validation loss decreased (0.093925 --> 0.093327).  Saving model ...
Updating learning rate to 4.3211893100472735e-06
Epoch: 69 cost time: 4.340345144271851
Epoch: 69, Steps: 29 | Train Loss: 0.0495832 Vali Loss: 0.0922620 Test Loss: 0.0427689
Validation loss decreased (0.093327 --> 0.092262).  Saving model ...
Updating learning rate to 4.099626638252712e-06
Epoch: 70 cost time: 4.334787845611572
Epoch: 70, Steps: 29 | Train Loss: 0.0491658 Vali Loss: 0.0915173 Test Loss: 0.0425835
Validation loss decreased (0.092262 --> 0.091517).  Saving model ...
Updating learning rate to 3.879877238861997e-06
Epoch: 71 cost time: 4.339390516281128
Epoch: 71, Steps: 29 | Train Loss: 0.0488070 Vali Loss: 0.0913484 Test Loss: 0.0421507
Validation loss decreased (0.091517 --> 0.091348).  Saving model ...
Updating learning rate to 3.662383657920668e-06
Epoch: 72 cost time: 4.337362051010132
Epoch: 72, Steps: 29 | Train Loss: 0.0483847 Vali Loss: 0.0902955 Test Loss: 0.0418330
Validation loss decreased (0.091348 --> 0.090296).  Saving model ...
Updating learning rate to 3.447583898556124e-06
Epoch: 73 cost time: 4.347590446472168
Epoch: 73, Steps: 29 | Train Loss: 0.0480263 Vali Loss: 0.0894956 Test Loss: 0.0415434
Validation loss decreased (0.090296 --> 0.089496).  Saving model ...
Updating learning rate to 3.2359105388976132e-06
Epoch: 74 cost time: 4.3350207805633545
Epoch: 74, Steps: 29 | Train Loss: 0.0475869 Vali Loss: 0.0893736 Test Loss: 0.0412084
Validation loss decreased (0.089496 --> 0.089374).  Saving model ...
Updating learning rate to 3.027789860921434e-06
Epoch: 75 cost time: 4.346753835678101
Epoch: 75, Steps: 29 | Train Loss: 0.0472327 Vali Loss: 0.0884069 Test Loss: 0.0409482
Validation loss decreased (0.089374 --> 0.088407).  Saving model ...
Updating learning rate to 2.8236409919757893e-06
Epoch: 76 cost time: 4.3488609790802
Epoch: 76, Steps: 29 | Train Loss: 0.0467975 Vali Loss: 0.0876573 Test Loss: 0.0406434
Validation loss decreased (0.088407 --> 0.087657).  Saving model ...
Updating learning rate to 2.6238750607140637e-06
Epoch: 77 cost time: 4.353474855422974
Epoch: 77, Steps: 29 | Train Loss: 0.0464585 Vali Loss: 0.0869720 Test Loss: 0.0403614
Validation loss decreased (0.087657 --> 0.086972).  Saving model ...
Updating learning rate to 2.4288943691364434e-06
Epoch: 78 cost time: 4.347008228302002
Epoch: 78, Steps: 29 | Train Loss: 0.0460662 Vali Loss: 0.0867887 Test Loss: 0.0400098
Validation loss decreased (0.086972 --> 0.086789).  Saving model ...
Updating learning rate to 2.2390915824072217e-06
Epoch: 79 cost time: 4.351257801055908
Epoch: 79, Steps: 29 | Train Loss: 0.0457596 Vali Loss: 0.0859122 Test Loss: 0.0397573
Validation loss decreased (0.086789 --> 0.085912).  Saving model ...
Updating learning rate to 2.0548489380794217e-06
Epoch: 80 cost time: 4.348153114318848
Epoch: 80, Steps: 29 | Train Loss: 0.0453677 Vali Loss: 0.0852439 Test Loss: 0.0395412
Validation loss decreased (0.085912 --> 0.085244).  Saving model ...
Updating learning rate to 1.876537476319218e-06
Epoch: 81 cost time: 4.349527597427368
Epoch: 81, Steps: 29 | Train Loss: 0.0450691 Vali Loss: 0.0845761 Test Loss: 0.0394919
Validation loss decreased (0.085244 --> 0.084576).  Saving model ...
Updating learning rate to 1.7045162926804444e-06
Epoch: 82 cost time: 4.343440771102905
Epoch: 82, Steps: 29 | Train Loss: 0.0450657 Vali Loss: 0.0847869 Test Loss: 0.0394531
EarlyStopping counter: 1 out of 10
Updating learning rate to 1.5391318149339123e-06
Epoch: 83 cost time: 4.344009637832642
Epoch: 83, Steps: 29 | Train Loss: 0.0450378 Vali Loss: 0.0846158 Test Loss: 0.0394701
EarlyStopping counter: 2 out of 10
Updating learning rate to 1.3807171054080036e-06
Epoch: 84 cost time: 4.345908164978027
Epoch: 84, Steps: 29 | Train Loss: 0.0450641 Vali Loss: 0.0845387 Test Loss: 0.0395122
Validation loss decreased (0.084576 --> 0.084539).  Saving model ...
Updating learning rate to 1.2295911902454577e-06
Epoch: 85 cost time: 4.338395357131958
Epoch: 85, Steps: 29 | Train Loss: 0.0450194 Vali Loss: 0.0850008 Test Loss: 0.0394557
EarlyStopping counter: 1 out of 10
Updating learning rate to 1.0860584169271784e-06
Epoch: 86 cost time: 4.344992637634277
Epoch: 86, Steps: 29 | Train Loss: 0.0450448 Vali Loss: 0.0848983 Test Loss: 0.0394646
EarlyStopping counter: 2 out of 10
Updating learning rate to 9.504078413569088e-07
Epoch: 87 cost time: 4.3530051708221436
Epoch: 87, Steps: 29 | Train Loss: 0.0450425 Vali Loss: 0.0849650 Test Loss: 0.0394787
EarlyStopping counter: 3 out of 10
Updating learning rate to 8.229126457411124e-07
Epoch: 88 cost time: 4.348485708236694
Epoch: 88, Steps: 29 | Train Loss: 0.0450380 Vali Loss: 0.0850244 Test Loss: 0.0394623
EarlyStopping counter: 4 out of 10
Updating learning rate to 7.038295884363647e-07
Epoch: 89 cost time: 4.358280420303345
Epoch: 89, Steps: 29 | Train Loss: 0.0449751 Vali Loss: 0.0849285 Test Loss: 0.0394596
EarlyStopping counter: 5 out of 10
Updating learning rate to 5.933984868721898e-07
Epoch: 90 cost time: 4.3443498611450195
Epoch: 90, Steps: 29 | Train Loss: 0.0449821 Vali Loss: 0.0848433 Test Loss: 0.0394496
EarlyStopping counter: 6 out of 10
Updating learning rate to 4.918417345906772e-07
Epoch: 91 cost time: 4.339654207229614
Epoch: 91, Steps: 29 | Train Loss: 0.0450008 Vali Loss: 0.0850597 Test Loss: 0.0394488
EarlyStopping counter: 7 out of 10
Updating learning rate to 3.9936385337548097e-07
Epoch: 92 cost time: 4.333941459655762
Epoch: 92, Steps: 29 | Train Loss: 0.0450022 Vali Loss: 0.0846694 Test Loss: 0.0394780
EarlyStopping counter: 8 out of 10
Updating learning rate to 3.161510813721721e-07
Epoch: 93 cost time: 4.3328611850738525
Epoch: 93, Steps: 29 | Train Loss: 0.0449863 Vali Loss: 0.0850063 Test Loss: 0.0394384
EarlyStopping counter: 9 out of 10
Updating learning rate to 2.4237099802938663e-07
Epoch: 94 cost time: 4.339354753494263
Epoch: 94, Steps: 29 | Train Loss: 0.0449801 Vali Loss: 0.0849247 Test Loss: 0.0394822
EarlyStopping counter: 10 out of 10
Early stopping
>>>>>>>testing : ETTh1_336_720_DTFNet_ETTh1_ftM_sl336_ll0_pl720_dm128_nh16_el2_br2_dl1_df256_fc1_ebtimeF_dtTrue_'Exp'_0_'rel_sin'_16_8_16,24_8,12_3_1_256<<<<<<<<<<<<<<<<<<<<<<<<<<<<<<<<<
test 2161
mse:0.4128309488296509, mae:0.44196414947509766, rse:0.617122232913971
