Args in experiment:
Namespace(activation='gelu', affine=0, batch_size=256, c_out=7, checkpoints='./checkpoints/', d_ff=256, d_layers=1, d_model=128, d_model_ls='128', data='ETTh1', data_path='ETTh1.csv', dec_in=7, decomposition=0, des="'Exp'", devices='0', dilation_rates='1', distil=True, do_predict=False, dropout=0.3, e_layers=2, embed='timeF', embed_type=0, enc_in=7, factor=1, fc_dropout=0.3, features='M', freq='h', gpu=0, head_dropout=0.1, head_type='flatten', individual=0, initTLV=0.2, is_training=1, itr=1, kernel_size=25, l2=0.0, label_len=0, learning_rate=1e-05, loss='mse', loss_flag=2, lradj='TST', mlflow_project='exp', model='DTFNet', model_id='ETTh1_336_720', model_type='linear', moving_avg=25, n_branches=2, n_heads=16, n_heads_ls='16', no_learn_pe=True, num_workers=0, output_attention=False, padding_patch="'end'", patch_len=16, patch_len_ls='16,24', patience=10, pct_start=0.3, pe='zeros', pre_norm=False, pred_len=720, rel_pe="'rel_sin'", res_attn=False, revin=1, root_path='./dataset/', seq_len=336, store_attn=False, stride=8, stride_ls='8,12', stride_ls_list='16', sub_patch_len=16, sub_stride=8, subtract_last=0, target='OT', test_flop=False, tfactor=3, train_epochs=100, use_amp=False, use_gpu=True, use_mlflow=False, use_multi_gpu=False, warmup_steps=0, wavelet_dim=64, wavelet_layers=2, wavelet_mode='periodization', wavelet_type='db5')
Use GPU: cuda:0
>>>>>>>start training : ETTh1_336_720_DTFNet_ETTh1_ftM_sl336_ll0_pl720_dm128_nh16_el2_br2_dl1_df256_fc1_ebtimeF_dtTrue_'Exp'_0_'rel_sin'_16_8_16,24_8,12_3_1_256>>>>>>>>>>>>>>>>>>>>>>>>>>
train 7585
val 2161
test 2161
Epoch: 1 cost time: 4.716632843017578
Epoch: 1, Steps: 29 | Train Loss: 0.1076508 Vali Loss: 0.1786963 Test Loss: 0.0999226
Validation loss decreased (inf --> 0.178696).  Saving model ...
Updating learning rate to 4.2635539919063106e-07
Epoch: 2 cost time: 4.315234899520874
Epoch: 2, Steps: 29 | Train Loss: 0.1067495 Vali Loss: 0.1777132 Test Loss: 0.0990800
Validation loss decreased (0.178696 --> 0.177713).  Saving model ...
Updating learning rate to 5.051321771514831e-07
Epoch: 3 cost time: 4.324172496795654
Epoch: 3, Steps: 29 | Train Loss: 0.1059060 Vali Loss: 0.1756910 Test Loss: 0.0981610
Validation loss decreased (0.177713 --> 0.175691).  Saving model ...
Updating learning rate to 6.354652532866785e-07
Epoch: 4 cost time: 4.324886798858643
Epoch: 4, Steps: 29 | Train Loss: 0.1049553 Vali Loss: 0.1742449 Test Loss: 0.0971839
Validation loss decreased (0.175691 --> 0.174245).  Saving model ...
Updating learning rate to 8.159233858256806e-07
Epoch: 5 cost time: 4.3438332080841064
Epoch: 5, Steps: 29 | Train Loss: 0.1039800 Vali Loss: 0.1723184 Test Loss: 0.0961147
Validation loss decreased (0.174245 --> 0.172318).  Saving model ...
Updating learning rate to 1.0445248888850473e-06
Epoch: 6 cost time: 4.347176790237427
Epoch: 6, Steps: 29 | Train Loss: 0.1029614 Vali Loss: 0.1706124 Test Loss: 0.0949272
Validation loss decreased (0.172318 --> 0.170612).  Saving model ...
Updating learning rate to 1.3187593941861497e-06
Epoch: 7 cost time: 4.3420515060424805
Epoch: 7, Steps: 29 | Train Loss: 0.1018369 Vali Loss: 0.1680772 Test Loss: 0.0935580
Validation loss decreased (0.170612 --> 0.168077).  Saving model ...
Updating learning rate to 1.6356154184543822e-06
Epoch: 8 cost time: 4.343204975128174
Epoch: 8, Steps: 29 | Train Loss: 0.1005687 Vali Loss: 0.1657161 Test Loss: 0.0918922
Validation loss decreased (0.168077 --> 0.165716).  Saving model ...
Updating learning rate to 1.9916134337707666e-06
Epoch: 9 cost time: 4.396729946136475
Epoch: 9, Steps: 29 | Train Loss: 0.0991751 Vali Loss: 0.1626352 Test Loss: 0.0897670
Validation loss decreased (0.165716 --> 0.162635).  Saving model ...
Updating learning rate to 2.3828440777166636e-06
Epoch: 10 cost time: 4.352936506271362
Epoch: 10, Steps: 29 | Train Loss: 0.0974213 Vali Loss: 0.1585373 Test Loss: 0.0868516
Validation loss decreased (0.162635 --> 0.158537).  Saving model ...
Updating learning rate to 2.805011083710071e-06
Epoch: 11 cost time: 4.364115238189697
Epoch: 11, Steps: 29 | Train Loss: 0.0950875 Vali Loss: 0.1529653 Test Loss: 0.0828363
Validation loss decreased (0.158537 --> 0.152965).  Saving model ...
Updating learning rate to 3.2534784600976295e-06
Epoch: 12 cost time: 4.362154006958008
Epoch: 12, Steps: 29 | Train Loss: 0.0924016 Vali Loss: 0.1469957 Test Loss: 0.0781962
Validation loss decreased (0.152965 --> 0.146996).  Saving model ...
Updating learning rate to 3.723321399909056e-06
Epoch: 13 cost time: 4.360578775405884
Epoch: 13, Steps: 29 | Train Loss: 0.0899068 Vali Loss: 0.1423821 Test Loss: 0.0751240
Validation loss decreased (0.146996 --> 0.142382).  Saving model ...
Updating learning rate to 4.209380362212844e-06
Epoch: 14 cost time: 4.3418660163879395
Epoch: 14, Steps: 29 | Train Loss: 0.0878928 Vali Loss: 0.1387274 Test Loss: 0.0732185
Validation loss decreased (0.142382 --> 0.138727).  Saving model ...
Updating learning rate to 4.706317731183279e-06
Epoch: 15 cost time: 4.349052667617798
Epoch: 15, Steps: 29 | Train Loss: 0.0861600 Vali Loss: 0.1356632 Test Loss: 0.0712037
Validation loss decreased (0.138727 --> 0.135663).  Saving model ...
Updating learning rate to 5.208676430682048e-06
Epoch: 16 cost time: 4.345890522003174
Epoch: 16, Steps: 29 | Train Loss: 0.0844687 Vali Loss: 0.1329922 Test Loss: 0.0691479
Validation loss decreased (0.135663 --> 0.132992).  Saving model ...
Updating learning rate to 5.710939850683244e-06
Epoch: 17 cost time: 4.346228361129761
Epoch: 17, Steps: 29 | Train Loss: 0.0829383 Vali Loss: 0.1310952 Test Loss: 0.0675174
Validation loss decreased (0.132992 --> 0.131095).  Saving model ...
Updating learning rate to 6.207592427464792e-06
Epoch: 18 cost time: 4.338502883911133
Epoch: 18, Steps: 29 | Train Loss: 0.0816018 Vali Loss: 0.1293402 Test Loss: 0.0661020
Validation loss decreased (0.131095 --> 0.129340).  Saving model ...
Updating learning rate to 6.693180212309968e-06
Epoch: 19 cost time: 4.348774433135986
Epoch: 19, Steps: 29 | Train Loss: 0.0805238 Vali Loss: 0.1283761 Test Loss: 0.0647703
Validation loss decreased (0.129340 --> 0.128376).  Saving model ...
Updating learning rate to 7.1623707635889015e-06
Epoch: 20 cost time: 4.39143705368042
Epoch: 20, Steps: 29 | Train Loss: 0.0795448 Vali Loss: 0.1270887 Test Loss: 0.0639271
Validation loss decreased (0.128376 --> 0.127089).  Saving model ...
Updating learning rate to 7.610011704520164e-06
Epoch: 21 cost time: 4.349196434020996
Epoch: 21, Steps: 29 | Train Loss: 0.0786808 Vali Loss: 0.1264113 Test Loss: 0.0630675
Validation loss decreased (0.127089 --> 0.126411).  Saving model ...
Updating learning rate to 8.031187303565295e-06
Epoch: 22 cost time: 4.342367649078369
Epoch: 22, Steps: 29 | Train Loss: 0.0778368 Vali Loss: 0.1259834 Test Loss: 0.0621736
Validation loss decreased (0.126411 --> 0.125983).  Saving model ...
Updating learning rate to 8.421272456123378e-06
Epoch: 23 cost time: 4.3543524742126465
Epoch: 23, Steps: 29 | Train Loss: 0.0769654 Vali Loss: 0.1246909 Test Loss: 0.0615844
Validation loss decreased (0.125983 --> 0.124691).  Saving model ...
Updating learning rate to 8.775983474730246e-06
Epoch: 24 cost time: 4.404758930206299
Epoch: 24, Steps: 29 | Train Loss: 0.0761413 Vali Loss: 0.1239341 Test Loss: 0.0608562
Validation loss decreased (0.124691 --> 0.123934).  Saving model ...
Updating learning rate to 9.091425130013939e-06
Epoch: 25 cost time: 4.6941094398498535
Epoch: 25, Steps: 29 | Train Loss: 0.0753761 Vali Loss: 0.1232986 Test Loss: 0.0600206
Validation loss decreased (0.123934 --> 0.123299).  Saving model ...
Updating learning rate to 9.364133425830145e-06
Epoch: 26 cost time: 5.269076347351074
Epoch: 26, Steps: 29 | Train Loss: 0.0746267 Vali Loss: 0.1219388 Test Loss: 0.0594797
Validation loss decreased (0.123299 --> 0.121939).  Saving model ...
Updating learning rate to 9.591113638846019e-06
Epoch: 27 cost time: 5.204165458679199
Epoch: 27, Steps: 29 | Train Loss: 0.0738017 Vali Loss: 0.1214956 Test Loss: 0.0587365
Validation loss decreased (0.121939 --> 0.121496).  Saving model ...
Updating learning rate to 9.769873204843885e-06
Epoch: 28 cost time: 5.210172891616821
Epoch: 28, Steps: 29 | Train Loss: 0.0730738 Vali Loss: 0.1213345 Test Loss: 0.0580549
Validation loss decreased (0.121496 --> 0.121335).  Saving model ...
Updating learning rate to 9.898449090606656e-06
Epoch: 29 cost time: 5.236451625823975
Epoch: 29, Steps: 29 | Train Loss: 0.0723037 Vali Loss: 0.1199669 Test Loss: 0.0574183
Validation loss decreased (0.121335 --> 0.119967).  Saving model ...
Updating learning rate to 9.975429350802846e-06
Epoch: 30 cost time: 5.287121772766113
Epoch: 30, Steps: 29 | Train Loss: 0.0716232 Vali Loss: 0.1191195 Test Loss: 0.0567634
Validation loss decreased (0.119967 --> 0.119120).  Saving model ...
Updating learning rate to 9.99999401249548e-06
Epoch: 31 cost time: 5.287827968597412
Epoch: 31, Steps: 29 | Train Loss: 0.0709074 Vali Loss: 0.1184532 Test Loss: 0.0563905
Validation loss decreased (0.119120 --> 0.118453).  Saving model ...
Updating learning rate to 9.994612212745642e-06
Epoch: 32 cost time: 5.14253830909729
Epoch: 32, Steps: 29 | Train Loss: 0.0701714 Vali Loss: 0.1180131 Test Loss: 0.0559708
Validation loss decreased (0.118453 --> 0.118013).  Saving model ...
Updating learning rate to 9.979171968972798e-06
Epoch: 33 cost time: 5.384111166000366
Epoch: 33, Steps: 29 | Train Loss: 0.0695031 Vali Loss: 0.1176150 Test Loss: 0.0553525
Validation loss decreased (0.118013 --> 0.117615).  Saving model ...
Updating learning rate to 9.953704375773079e-06
Epoch: 34 cost time: 5.123560190200806
Epoch: 34, Steps: 29 | Train Loss: 0.0688031 Vali Loss: 0.1168018 Test Loss: 0.0551967
Validation loss decreased (0.117615 --> 0.116802).  Saving model ...
Updating learning rate to 9.918260721489893e-06
Epoch: 35 cost time: 5.181299448013306
Epoch: 35, Steps: 29 | Train Loss: 0.0681169 Vali Loss: 0.1162524 Test Loss: 0.0544842
Validation loss decreased (0.116802 --> 0.116252).  Saving model ...
Updating learning rate to 9.872912384926035e-06
Epoch: 36 cost time: 5.114822864532471
Epoch: 36, Steps: 29 | Train Loss: 0.0673626 Vali Loss: 0.1159916 Test Loss: 0.0541381
Validation loss decreased (0.116252 --> 0.115992).  Saving model ...
Updating learning rate to 9.817750691596265e-06
Epoch: 37 cost time: 5.134127616882324
Epoch: 37, Steps: 29 | Train Loss: 0.0667393 Vali Loss: 0.1149812 Test Loss: 0.0538139
Validation loss decreased (0.115992 --> 0.114981).  Saving model ...
Updating learning rate to 9.752886729809889e-06
Epoch: 38 cost time: 5.217778444290161
Epoch: 38, Steps: 29 | Train Loss: 0.0660879 Vali Loss: 0.1140896 Test Loss: 0.0533723
Validation loss decreased (0.114981 --> 0.114090).  Saving model ...
Updating learning rate to 9.678451126953676e-06
Epoch: 39 cost time: 5.086328983306885
Epoch: 39, Steps: 29 | Train Loss: 0.0655005 Vali Loss: 0.1125768 Test Loss: 0.0534464
Validation loss decreased (0.114090 --> 0.112577).  Saving model ...
Updating learning rate to 9.594593786425696e-06
Epoch: 40 cost time: 5.191619396209717
Epoch: 40, Steps: 29 | Train Loss: 0.0648014 Vali Loss: 0.1118346 Test Loss: 0.0527281
Validation loss decreased (0.112577 --> 0.111835).  Saving model ...
Updating learning rate to 9.501483585749811e-06
Epoch: 41 cost time: 5.121862888336182
Epoch: 41, Steps: 29 | Train Loss: 0.0642368 Vali Loss: 0.1118432 Test Loss: 0.0523715
EarlyStopping counter: 1 out of 10
Updating learning rate to 9.399308036478838e-06
Epoch: 42 cost time: 5.045978307723999
Epoch: 42, Steps: 29 | Train Loss: 0.0635863 Vali Loss: 0.1103730 Test Loss: 0.0523318
Validation loss decreased (0.111835 --> 0.110373).  Saving model ...
Updating learning rate to 9.288272906571216e-06
Epoch: 43 cost time: 5.168186902999878
Epoch: 43, Steps: 29 | Train Loss: 0.0630246 Vali Loss: 0.1098504 Test Loss: 0.0517269
Validation loss decreased (0.110373 --> 0.109850).  Saving model ...
Updating learning rate to 9.16860180600173e-06
Epoch: 44 cost time: 5.163873672485352
Epoch: 44, Steps: 29 | Train Loss: 0.0624033 Vali Loss: 0.1094199 Test Loss: 0.0512958
Validation loss decreased (0.109850 --> 0.109420).  Saving model ...
Updating learning rate to 9.040535736440785e-06
Epoch: 45 cost time: 5.079073429107666
Epoch: 45, Steps: 29 | Train Loss: 0.0617876 Vali Loss: 0.1077421 Test Loss: 0.0513470
Validation loss decreased (0.109420 --> 0.107742).  Saving model ...
Updating learning rate to 8.904332605909106e-06
Epoch: 46 cost time: 5.2218992710113525
Epoch: 46, Steps: 29 | Train Loss: 0.0612778 Vali Loss: 0.1079370 Test Loss: 0.0507723
EarlyStopping counter: 1 out of 10
Updating learning rate to 8.760266709385311e-06
Epoch: 47 cost time: 5.3250017166137695
Epoch: 47, Steps: 29 | Train Loss: 0.0606417 Vali Loss: 0.1063047 Test Loss: 0.0507075
Validation loss decreased (0.107742 --> 0.106305).  Saving model ...
Updating learning rate to 8.608628176412335e-06
Epoch: 48 cost time: 5.331456422805786
Epoch: 48, Steps: 29 | Train Loss: 0.0600779 Vali Loss: 0.1067041 Test Loss: 0.0497105
EarlyStopping counter: 1 out of 10
Updating learning rate to 8.449722386815127e-06
Epoch: 49 cost time: 5.210340261459351
Epoch: 49, Steps: 29 | Train Loss: 0.0595557 Vali Loss: 0.1051325 Test Loss: 0.0500614
Validation loss decreased (0.106305 --> 0.105133).  Saving model ...
Updating learning rate to 8.28386935570634e-06
Epoch: 50 cost time: 5.3159403800964355
Epoch: 50, Steps: 29 | Train Loss: 0.0589279 Vali Loss: 0.1048640 Test Loss: 0.0492444
Validation loss decreased (0.105133 --> 0.104864).  Saving model ...
Updating learning rate to 8.111403089018465e-06
Epoch: 51 cost time: 5.270598649978638
Epoch: 51, Steps: 29 | Train Loss: 0.0584461 Vali Loss: 0.1037531 Test Loss: 0.0492219
Validation loss decreased (0.104864 --> 0.103753).  Saving model ...
Updating learning rate to 7.93267091086035e-06
Epoch: 52 cost time: 5.126049995422363
Epoch: 52, Steps: 29 | Train Loss: 0.0578991 Vali Loss: 0.1030975 Test Loss: 0.0490660
Validation loss decreased (0.103753 --> 0.103097).  Saving model ...
Updating learning rate to 7.748032764052655e-06
Epoch: 53 cost time: 5.164317846298218
Epoch: 53, Steps: 29 | Train Loss: 0.0574156 Vali Loss: 0.1013956 Test Loss: 0.0486910
Validation loss decreased (0.103097 --> 0.101396).  Saving model ...
Updating learning rate to 7.557860485250925e-06
Epoch: 54 cost time: 5.4148783683776855
Epoch: 54, Steps: 29 | Train Loss: 0.0568590 Vali Loss: 0.1022801 Test Loss: 0.0479050
EarlyStopping counter: 1 out of 10
Updating learning rate to 7.362537056116034e-06
Epoch: 55 cost time: 5.11013388633728
Epoch: 55, Steps: 29 | Train Loss: 0.0563506 Vali Loss: 0.1013110 Test Loss: 0.0476378
Validation loss decreased (0.101396 --> 0.101311).  Saving model ...
Updating learning rate to 7.162455832040107e-06
Epoch: 56 cost time: 5.205336332321167
Epoch: 56, Steps: 29 | Train Loss: 0.0559209 Vali Loss: 0.0996547 Test Loss: 0.0475833
Validation loss decreased (0.101311 --> 0.099655).  Saving model ...
Updating learning rate to 6.9580197499810984e-06
Epoch: 57 cost time: 5.234385967254639
Epoch: 57, Steps: 29 | Train Loss: 0.0553970 Vali Loss: 0.0993460 Test Loss: 0.0472694
Validation loss decreased (0.099655 --> 0.099346).  Saving model ...
Updating learning rate to 6.7496405170013816e-06
Epoch: 58 cost time: 5.256863355636597
Epoch: 58, Steps: 29 | Train Loss: 0.0549147 Vali Loss: 0.0987493 Test Loss: 0.0467287
Validation loss decreased (0.099346 --> 0.098749).  Saving model ...
Updating learning rate to 6.537737781144523e-06
Epoch: 59 cost time: 5.2025182247161865
Epoch: 59, Steps: 29 | Train Loss: 0.0544106 Vali Loss: 0.0982616 Test Loss: 0.0464944
Validation loss decreased (0.098749 --> 0.098262).  Saving model ...
Updating learning rate to 6.322738286319964e-06
Epoch: 60 cost time: 5.127138376235962
Epoch: 60, Steps: 29 | Train Loss: 0.0539337 Vali Loss: 0.0973495 Test Loss: 0.0463039
Validation loss decreased (0.098262 --> 0.097350).  Saving model ...
Updating learning rate to 6.105075012897585e-06
Epoch: 61 cost time: 5.2017107009887695
Epoch: 61, Steps: 29 | Train Loss: 0.0534780 Vali Loss: 0.0969772 Test Loss: 0.0456612
Validation loss decreased (0.097350 --> 0.096977).  Saving model ...
Updating learning rate to 5.885186305742857e-06
Epoch: 62 cost time: 5.212466716766357
Epoch: 62, Steps: 29 | Train Loss: 0.0530496 Vali Loss: 0.0956205 Test Loss: 0.0457751
Validation loss decreased (0.096977 --> 0.095621).  Saving model ...
Updating learning rate to 5.6635149914486225e-06
Epoch: 63 cost time: 5.203737497329712
Epoch: 63, Steps: 29 | Train Loss: 0.0526137 Vali Loss: 0.0947555 Test Loss: 0.0453582
Validation loss decreased (0.095621 --> 0.094755).  Saving model ...
Updating learning rate to 5.440507486541268e-06
Epoch: 64 cost time: 5.232993841171265
Epoch: 64, Steps: 29 | Train Loss: 0.0520953 Vali Loss: 0.0939028 Test Loss: 0.0452083
Validation loss decreased (0.094755 --> 0.093903).  Saving model ...
Updating learning rate to 5.216612898457253e-06
Epoch: 65 cost time: 5.21358060836792
Epoch: 65, Steps: 29 | Train Loss: 0.0517127 Vali Loss: 0.0934267 Test Loss: 0.0447529
Validation loss decreased (0.093903 --> 0.093427).  Saving model ...
Updating learning rate to 4.992282121100496e-06
Epoch: 66 cost time: 5.264988899230957
Epoch: 66, Steps: 29 | Train Loss: 0.0512602 Vali Loss: 0.0924757 Test Loss: 0.0445158
Validation loss decreased (0.093427 --> 0.092476).  Saving model ...
Updating learning rate to 4.767966926802067e-06
Epoch: 67 cost time: 5.798461437225342
Epoch: 67, Steps: 29 | Train Loss: 0.0507957 Vali Loss: 0.0920119 Test Loss: 0.0442388
Validation loss decreased (0.092476 --> 0.092012).  Saving model ...
Updating learning rate to 4.5441190565108235e-06
Epoch: 68 cost time: 5.3060479164123535
Epoch: 68, Steps: 29 | Train Loss: 0.0503693 Vali Loss: 0.0908510 Test Loss: 0.0439292
Validation loss decreased (0.092012 --> 0.090851).  Saving model ...
Updating learning rate to 4.3211893100472735e-06
Epoch: 69 cost time: 5.114454984664917
Epoch: 69, Steps: 29 | Train Loss: 0.0499689 Vali Loss: 0.0907945 Test Loss: 0.0434185
Validation loss decreased (0.090851 --> 0.090794).  Saving model ...
Updating learning rate to 4.099626638252712e-06
Epoch: 70 cost time: 5.12551474571228
Epoch: 70, Steps: 29 | Train Loss: 0.0495789 Vali Loss: 0.0899066 Test Loss: 0.0431986
Validation loss decreased (0.090794 --> 0.089907).  Saving model ...
Updating learning rate to 3.879877238861997e-06
Epoch: 71 cost time: 5.291751384735107
Epoch: 71, Steps: 29 | Train Loss: 0.0491432 Vali Loss: 0.0893549 Test Loss: 0.0428195
Validation loss decreased (0.089907 --> 0.089355).  Saving model ...
Updating learning rate to 3.662383657920668e-06
Epoch: 72 cost time: 5.189252853393555
Epoch: 72, Steps: 29 | Train Loss: 0.0487632 Vali Loss: 0.0887646 Test Loss: 0.0424846
Validation loss decreased (0.089355 --> 0.088765).  Saving model ...
Updating learning rate to 3.447583898556124e-06
Epoch: 73 cost time: 5.077607870101929
Epoch: 73, Steps: 29 | Train Loss: 0.0483825 Vali Loss: 0.0879115 Test Loss: 0.0423613
Validation loss decreased (0.088765 --> 0.087911).  Saving model ...
Updating learning rate to 3.2359105388976132e-06
Epoch: 74 cost time: 5.2567760944366455
Epoch: 74, Steps: 29 | Train Loss: 0.0479553 Vali Loss: 0.0872095 Test Loss: 0.0420149
Validation loss decreased (0.087911 --> 0.087210).  Saving model ...
Updating learning rate to 3.027789860921434e-06
Epoch: 75 cost time: 5.135768175125122
Epoch: 75, Steps: 29 | Train Loss: 0.0476154 Vali Loss: 0.0868142 Test Loss: 0.0416191
Validation loss decreased (0.087210 --> 0.086814).  Saving model ...
Updating learning rate to 2.8236409919757893e-06
Epoch: 76 cost time: 5.401999473571777
Epoch: 76, Steps: 29 | Train Loss: 0.0472084 Vali Loss: 0.0864656 Test Loss: 0.0412588
Validation loss decreased (0.086814 --> 0.086466).  Saving model ...
Updating learning rate to 2.6238750607140637e-06
Epoch: 77 cost time: 5.142510414123535
Epoch: 77, Steps: 29 | Train Loss: 0.0468500 Vali Loss: 0.0850765 Test Loss: 0.0410935
Validation loss decreased (0.086466 --> 0.085077).  Saving model ...
Updating learning rate to 2.4288943691364434e-06
Epoch: 78 cost time: 5.268455982208252
Epoch: 78, Steps: 29 | Train Loss: 0.0464329 Vali Loss: 0.0848252 Test Loss: 0.0408040
Validation loss decreased (0.085077 --> 0.084825).  Saving model ...
Updating learning rate to 2.2390915824072217e-06
Epoch: 79 cost time: 5.147202014923096
Epoch: 79, Steps: 29 | Train Loss: 0.0461365 Vali Loss: 0.0839484 Test Loss: 0.0404356
Validation loss decreased (0.084825 --> 0.083948).  Saving model ...
Updating learning rate to 2.0548489380794217e-06
Epoch: 80 cost time: 5.080698490142822
Epoch: 80, Steps: 29 | Train Loss: 0.0457717 Vali Loss: 0.0832961 Test Loss: 0.0401256
Validation loss decreased (0.083948 --> 0.083296).  Saving model ...
Updating learning rate to 1.876537476319218e-06
Epoch: 81 cost time: 5.156364917755127
Epoch: 81, Steps: 29 | Train Loss: 0.0454449 Vali Loss: 0.0832517 Test Loss: 0.0400532
Validation loss decreased (0.083296 --> 0.083252).  Saving model ...
Updating learning rate to 1.7045162926804444e-06
Epoch: 82 cost time: 5.096466779708862
Epoch: 82, Steps: 29 | Train Loss: 0.0453571 Vali Loss: 0.0830586 Test Loss: 0.0401124
Validation loss decreased (0.083252 --> 0.083059).  Saving model ...
Updating learning rate to 1.5391318149339123e-06
Epoch: 83 cost time: 5.0922815799713135
Epoch: 83, Steps: 29 | Train Loss: 0.0453888 Vali Loss: 0.0830131 Test Loss: 0.0401019
Validation loss decreased (0.083059 --> 0.083013).  Saving model ...
Updating learning rate to 1.3807171054080036e-06
Epoch: 84 cost time: 5.098878383636475
Epoch: 84, Steps: 29 | Train Loss: 0.0453758 Vali Loss: 0.0830773 Test Loss: 0.0400991
EarlyStopping counter: 1 out of 10
Updating learning rate to 1.2295911902454577e-06
Epoch: 85 cost time: 5.115734815597534
Epoch: 85, Steps: 29 | Train Loss: 0.0453543 Vali Loss: 0.0830393 Test Loss: 0.0400881
EarlyStopping counter: 2 out of 10
Updating learning rate to 1.0860584169271784e-06
Epoch: 86 cost time: 5.122234582901001
Epoch: 86, Steps: 29 | Train Loss: 0.0454138 Vali Loss: 0.0831787 Test Loss: 0.0400722
EarlyStopping counter: 3 out of 10
Updating learning rate to 9.504078413569088e-07
Epoch: 87 cost time: 5.0778820514678955
Epoch: 87, Steps: 29 | Train Loss: 0.0453634 Vali Loss: 0.0832599 Test Loss: 0.0400798
EarlyStopping counter: 4 out of 10
Updating learning rate to 8.229126457411124e-07
Epoch: 88 cost time: 5.132349014282227
Epoch: 88, Steps: 29 | Train Loss: 0.0453612 Vali Loss: 0.0831457 Test Loss: 0.0401494
EarlyStopping counter: 5 out of 10
Updating learning rate to 7.038295884363647e-07
Epoch: 89 cost time: 5.365327835083008
Epoch: 89, Steps: 29 | Train Loss: 0.0453515 Vali Loss: 0.0830270 Test Loss: 0.0401396
EarlyStopping counter: 6 out of 10
Updating learning rate to 5.933984868721898e-07
Epoch: 90 cost time: 5.350342750549316
Epoch: 90, Steps: 29 | Train Loss: 0.0453579 Vali Loss: 0.0832539 Test Loss: 0.0400879
EarlyStopping counter: 7 out of 10
Updating learning rate to 4.918417345906772e-07
Epoch: 91 cost time: 5.480342626571655
Epoch: 91, Steps: 29 | Train Loss: 0.0453711 Vali Loss: 0.0829532 Test Loss: 0.0401443
Validation loss decreased (0.083013 --> 0.082953).  Saving model ...
Updating learning rate to 3.9936385337548097e-07
Epoch: 92 cost time: 5.377849340438843
Epoch: 92, Steps: 29 | Train Loss: 0.0453541 Vali Loss: 0.0832368 Test Loss: 0.0401113
EarlyStopping counter: 1 out of 10
Updating learning rate to 3.161510813721721e-07
Epoch: 93 cost time: 5.4943177700042725
Epoch: 93, Steps: 29 | Train Loss: 0.0453425 Vali Loss: 0.0830998 Test Loss: 0.0401477
EarlyStopping counter: 2 out of 10
Updating learning rate to 2.4237099802938663e-07
Epoch: 94 cost time: 5.373779773712158
Epoch: 94, Steps: 29 | Train Loss: 0.0453333 Vali Loss: 0.0830492 Test Loss: 0.0401173
EarlyStopping counter: 3 out of 10
Updating learning rate to 1.7817218661613333e-07
Epoch: 95 cost time: 5.448303699493408
Epoch: 95, Steps: 29 | Train Loss: 0.0453290 Vali Loss: 0.0830710 Test Loss: 0.0401141
EarlyStopping counter: 4 out of 10
Updating learning rate to 1.236839349948492e-07
Epoch: 96 cost time: 5.415213108062744
Epoch: 96, Steps: 29 | Train Loss: 0.0453550 Vali Loss: 0.0831843 Test Loss: 0.0401257
EarlyStopping counter: 5 out of 10
Updating learning rate to 7.90159752528609e-08
Epoch: 97 cost time: 5.400167226791382
Epoch: 97, Steps: 29 | Train Loss: 0.0453344 Vali Loss: 0.0833192 Test Loss: 0.0401282
EarlyStopping counter: 6 out of 10
Updating learning rate to 4.425826271655888e-08
Epoch: 98 cost time: 5.439667224884033
Epoch: 98, Steps: 29 | Train Loss: 0.0453342 Vali Loss: 0.0831827 Test Loss: 0.0401387
EarlyStopping counter: 7 out of 10
Updating learning rate to 1.948079479334324e-08
Epoch: 99 cost time: 5.592682123184204
Epoch: 99, Steps: 29 | Train Loss: 0.0453378 Vali Loss: 0.0832261 Test Loss: 0.0401283
EarlyStopping counter: 8 out of 10
Updating learning rate to 4.7334700061613195e-09
Epoch: 100 cost time: 5.47864031791687
Epoch: 100, Steps: 29 | Train Loss: 0.0453546 Vali Loss: 0.0833848 Test Loss: 0.0401288
EarlyStopping counter: 9 out of 10
Updating learning rate to 4.5987504521248976e-11
>>>>>>>testing : ETTh1_336_720_DTFNet_ETTh1_ftM_sl336_ll0_pl720_dm128_nh16_el2_br2_dl1_df256_fc1_ebtimeF_dtTrue_'Exp'_0_'rel_sin'_16_8_16,24_8,12_3_1_256<<<<<<<<<<<<<<<<<<<<<<<<<<<<<<<<<
test 2161
mse:0.42388108372688293, mae:0.4483749270439148, rse:0.6253268718719482
