Args in experiment:
Namespace(activation='gelu', affine=0, batch_size=256, c_out=7, checkpoints='./checkpoints/', d_ff=256, d_layers=1, d_model=128, d_model_ls='128', data='ETTh1', data_path='ETTh1.csv', dec_in=7, decomposition=0, des="'Exp'", devices='0', dilation_rates='1', distil=True, do_predict=False, dropout=0.3, e_layers=2, embed='timeF', embed_type=0, enc_in=7, factor=1, fc_dropout=0.3, features='M', freq='h', gpu=0, head_dropout=0.1, head_type='flatten', individual=0, initTLV=0.2, is_training=1, itr=1, kernel_size=25, l2=0.0, label_len=0, learning_rate=1e-05, loss='mse', loss_flag=2, lradj='TST', mlflow_project='exp', model='DTFNet', model_id='ETTh1_336_720', model_type='linear', moving_avg=25, n_branches=2, n_heads=16, n_heads_ls='16', no_learn_pe=True, num_workers=0, output_attention=False, padding_patch="'end'", patch_len=16, patch_len_ls='16,24', patience=10, pct_start=0.3, pe='zeros', pre_norm=False, pred_len=720, rel_pe="'rel_sin'", res_attn=False, revin=1, root_path='./dataset/', seq_len=336, store_attn=False, stride=8, stride_ls='8,12', stride_ls_list='16', sub_patch_len=16, sub_stride=8, subtract_last=0, target='OT', test_flop=False, tfactor=3, train_epochs=100, use_amp=False, use_gpu=True, use_mlflow=False, use_multi_gpu=False, warmup_steps=0, wavelet_dim=64, wavelet_layers=2, wavelet_mode='periodization', wavelet_type='db5')
Use GPU: cuda:0
>>>>>>>start training : ETTh1_336_720_DTFNet_ETTh1_ftM_sl336_ll0_pl720_dm128_nh16_el2_br2_dl1_df256_fc1_ebtimeF_dtTrue_'Exp'_0_'rel_sin'_16_8_16,24_8,12_3_1_256>>>>>>>>>>>>>>>>>>>>>>>>>>
train 7585
val 2161
test 2161
Epoch: 1 cost time: 6.742771625518799
Epoch: 1, Steps: 29 | Train Loss: 0.1075964 Vali Loss: 0.1785429 Test Loss: 0.0997313
Validation loss decreased (inf --> 0.178543).  Saving model ...
Updating learning rate to 4.2635539919063106e-07
Epoch: 2 cost time: 5.672639608383179
Epoch: 2, Steps: 29 | Train Loss: 0.1067231 Vali Loss: 0.1773678 Test Loss: 0.0988921
Validation loss decreased (0.178543 --> 0.177368).  Saving model ...
Updating learning rate to 5.051321771514831e-07
Epoch: 3 cost time: 5.294365882873535
Epoch: 3, Steps: 29 | Train Loss: 0.1057917 Vali Loss: 0.1756658 Test Loss: 0.0979866
Validation loss decreased (0.177368 --> 0.175666).  Saving model ...
Updating learning rate to 6.354652532866785e-07
Epoch: 4 cost time: 5.490132093429565
Epoch: 4, Steps: 29 | Train Loss: 0.1049473 Vali Loss: 0.1742443 Test Loss: 0.0970274
Validation loss decreased (0.175666 --> 0.174244).  Saving model ...
Updating learning rate to 8.159233858256806e-07
Epoch: 5 cost time: 5.306843519210815
Epoch: 5, Steps: 29 | Train Loss: 0.1039775 Vali Loss: 0.1723955 Test Loss: 0.0959712
Validation loss decreased (0.174244 --> 0.172395).  Saving model ...
Updating learning rate to 1.0445248888850473e-06
Epoch: 6 cost time: 5.455836296081543
Epoch: 6, Steps: 29 | Train Loss: 0.1029981 Vali Loss: 0.1700401 Test Loss: 0.0948070
Validation loss decreased (0.172395 --> 0.170040).  Saving model ...
Updating learning rate to 1.3187593941861497e-06
Epoch: 7 cost time: 5.620970726013184
Epoch: 7, Steps: 29 | Train Loss: 0.1019556 Vali Loss: 0.1683098 Test Loss: 0.0934598
Validation loss decreased (0.170040 --> 0.168310).  Saving model ...
Updating learning rate to 1.6356154184543822e-06
Epoch: 8 cost time: 6.3172385692596436
Epoch: 8, Steps: 29 | Train Loss: 0.1006473 Vali Loss: 0.1656865 Test Loss: 0.0918543
Validation loss decreased (0.168310 --> 0.165686).  Saving model ...
Updating learning rate to 1.9916134337707666e-06
Epoch: 9 cost time: 5.615514516830444
Epoch: 9, Steps: 29 | Train Loss: 0.0992058 Vali Loss: 0.1624632 Test Loss: 0.0897755
Validation loss decreased (0.165686 --> 0.162463).  Saving model ...
Updating learning rate to 2.3828440777166636e-06
Epoch: 10 cost time: 5.306441783905029
Epoch: 10, Steps: 29 | Train Loss: 0.0974818 Vali Loss: 0.1586995 Test Loss: 0.0869445
Validation loss decreased (0.162463 --> 0.158700).  Saving model ...
Updating learning rate to 2.805011083710071e-06
Epoch: 11 cost time: 5.290128469467163
Epoch: 11, Steps: 29 | Train Loss: 0.0952144 Vali Loss: 0.1531986 Test Loss: 0.0830472
Validation loss decreased (0.158700 --> 0.153199).  Saving model ...
Updating learning rate to 3.2534784600976295e-06
Epoch: 12 cost time: 5.35903787612915
Epoch: 12, Steps: 29 | Train Loss: 0.0924948 Vali Loss: 0.1473422 Test Loss: 0.0785411
Validation loss decreased (0.153199 --> 0.147342).  Saving model ...
Updating learning rate to 3.723321399909056e-06
Epoch: 13 cost time: 5.368546009063721
Epoch: 13, Steps: 29 | Train Loss: 0.0900534 Vali Loss: 0.1422335 Test Loss: 0.0752415
Validation loss decreased (0.147342 --> 0.142233).  Saving model ...
Updating learning rate to 4.209380362212844e-06
Epoch: 14 cost time: 5.304383993148804
Epoch: 14, Steps: 29 | Train Loss: 0.0880177 Vali Loss: 0.1389606 Test Loss: 0.0734933
Validation loss decreased (0.142233 --> 0.138961).  Saving model ...
Updating learning rate to 4.706317731183279e-06
Epoch: 15 cost time: 5.347338914871216
Epoch: 15, Steps: 29 | Train Loss: 0.0863082 Vali Loss: 0.1360313 Test Loss: 0.0715572
Validation loss decreased (0.138961 --> 0.136031).  Saving model ...
Updating learning rate to 5.208676430682048e-06
Epoch: 16 cost time: 5.297708988189697
Epoch: 16, Steps: 29 | Train Loss: 0.0847160 Vali Loss: 0.1337059 Test Loss: 0.0696632
Validation loss decreased (0.136031 --> 0.133706).  Saving model ...
Updating learning rate to 5.710939850683244e-06
Epoch: 17 cost time: 5.296400785446167
Epoch: 17, Steps: 29 | Train Loss: 0.0831052 Vali Loss: 0.1316386 Test Loss: 0.0676459
Validation loss decreased (0.133706 --> 0.131639).  Saving model ...
Updating learning rate to 6.207592427464792e-06
Epoch: 18 cost time: 5.2916789054870605
Epoch: 18, Steps: 29 | Train Loss: 0.0817328 Vali Loss: 0.1300574 Test Loss: 0.0659555
Validation loss decreased (0.131639 --> 0.130057).  Saving model ...
Updating learning rate to 6.693180212309968e-06
Epoch: 19 cost time: 5.317913055419922
Epoch: 19, Steps: 29 | Train Loss: 0.0805021 Vali Loss: 0.1287484 Test Loss: 0.0649505
Validation loss decreased (0.130057 --> 0.128748).  Saving model ...
Updating learning rate to 7.1623707635889015e-06
Epoch: 20 cost time: 5.3200507164001465
Epoch: 20, Steps: 29 | Train Loss: 0.0795130 Vali Loss: 0.1277485 Test Loss: 0.0644092
Validation loss decreased (0.128748 --> 0.127748).  Saving model ...
Updating learning rate to 7.610011704520164e-06
Epoch: 21 cost time: 5.289539575576782
Epoch: 21, Steps: 29 | Train Loss: 0.0786770 Vali Loss: 0.1269817 Test Loss: 0.0630942
Validation loss decreased (0.127748 --> 0.126982).  Saving model ...
Updating learning rate to 8.031187303565295e-06
Epoch: 22 cost time: 5.281836271286011
Epoch: 22, Steps: 29 | Train Loss: 0.0778391 Vali Loss: 0.1257749 Test Loss: 0.0625446
Validation loss decreased (0.126982 --> 0.125775).  Saving model ...
Updating learning rate to 8.421272456123378e-06
Epoch: 23 cost time: 5.214632749557495
Epoch: 23, Steps: 29 | Train Loss: 0.0769479 Vali Loss: 0.1249287 Test Loss: 0.0618719
Validation loss decreased (0.125775 --> 0.124929).  Saving model ...
Updating learning rate to 8.775983474730246e-06
Epoch: 24 cost time: 5.208217620849609
Epoch: 24, Steps: 29 | Train Loss: 0.0761348 Vali Loss: 0.1239233 Test Loss: 0.0610470
Validation loss decreased (0.124929 --> 0.123923).  Saving model ...
Updating learning rate to 9.091425130013939e-06
Epoch: 25 cost time: 5.20358419418335
Epoch: 25, Steps: 29 | Train Loss: 0.0753230 Vali Loss: 0.1231214 Test Loss: 0.0606016
Validation loss decreased (0.123923 --> 0.123121).  Saving model ...
Updating learning rate to 9.364133425830145e-06
Epoch: 26 cost time: 5.166094064712524
Epoch: 26, Steps: 29 | Train Loss: 0.0745442 Vali Loss: 0.1222358 Test Loss: 0.0595072
Validation loss decreased (0.123121 --> 0.122236).  Saving model ...
Updating learning rate to 9.591113638846019e-06
Epoch: 27 cost time: 5.286238431930542
Epoch: 27, Steps: 29 | Train Loss: 0.0738395 Vali Loss: 0.1212350 Test Loss: 0.0591199
Validation loss decreased (0.122236 --> 0.121235).  Saving model ...
Updating learning rate to 9.769873204843885e-06
Epoch: 28 cost time: 5.383610248565674
Epoch: 28, Steps: 29 | Train Loss: 0.0730706 Vali Loss: 0.1206304 Test Loss: 0.0585919
Validation loss decreased (0.121235 --> 0.120630).  Saving model ...
Updating learning rate to 9.898449090606656e-06
Epoch: 29 cost time: 5.233381032943726
Epoch: 29, Steps: 29 | Train Loss: 0.0723270 Vali Loss: 0.1194915 Test Loss: 0.0582811
Validation loss decreased (0.120630 --> 0.119491).  Saving model ...
Updating learning rate to 9.975429350802846e-06
Epoch: 30 cost time: 5.488325834274292
Epoch: 30, Steps: 29 | Train Loss: 0.0716434 Vali Loss: 0.1187563 Test Loss: 0.0573409
Validation loss decreased (0.119491 --> 0.118756).  Saving model ...
Updating learning rate to 9.99999401249548e-06
Epoch: 31 cost time: 5.459404230117798
Epoch: 31, Steps: 29 | Train Loss: 0.0708914 Vali Loss: 0.1173840 Test Loss: 0.0573710
Validation loss decreased (0.118756 --> 0.117384).  Saving model ...
Updating learning rate to 9.994612212745642e-06
Epoch: 32 cost time: 5.419520854949951
Epoch: 32, Steps: 29 | Train Loss: 0.0701562 Vali Loss: 0.1174147 Test Loss: 0.0563986
EarlyStopping counter: 1 out of 10
Updating learning rate to 9.979171968972798e-06
Epoch: 33 cost time: 5.456913232803345
Epoch: 33, Steps: 29 | Train Loss: 0.0694544 Vali Loss: 0.1166118 Test Loss: 0.0560341
Validation loss decreased (0.117384 --> 0.116612).  Saving model ...
Updating learning rate to 9.953704375773079e-06
Epoch: 34 cost time: 5.516654968261719
Epoch: 34, Steps: 29 | Train Loss: 0.0687681 Vali Loss: 0.1162873 Test Loss: 0.0552019
Validation loss decreased (0.116612 --> 0.116287).  Saving model ...
Updating learning rate to 9.918260721489893e-06
Epoch: 35 cost time: 5.5576324462890625
Epoch: 35, Steps: 29 | Train Loss: 0.0680964 Vali Loss: 0.1152057 Test Loss: 0.0550147
Validation loss decreased (0.116287 --> 0.115206).  Saving model ...
Updating learning rate to 9.872912384926035e-06
Epoch: 36 cost time: 5.5083324909210205
Epoch: 36, Steps: 29 | Train Loss: 0.0674688 Vali Loss: 0.1142576 Test Loss: 0.0543986
Validation loss decreased (0.115206 --> 0.114258).  Saving model ...
Updating learning rate to 9.817750691596265e-06
Epoch: 37 cost time: 5.411540985107422
Epoch: 37, Steps: 29 | Train Loss: 0.0667409 Vali Loss: 0.1129806 Test Loss: 0.0544994
Validation loss decreased (0.114258 --> 0.112981).  Saving model ...
Updating learning rate to 9.752886729809889e-06
Epoch: 38 cost time: 5.514009952545166
Epoch: 38, Steps: 29 | Train Loss: 0.0661548 Vali Loss: 0.1129024 Test Loss: 0.0536321
Validation loss decreased (0.112981 --> 0.112902).  Saving model ...
Updating learning rate to 9.678451126953676e-06
Epoch: 39 cost time: 5.727698802947998
Epoch: 39, Steps: 29 | Train Loss: 0.0654584 Vali Loss: 0.1118815 Test Loss: 0.0537216
Validation loss decreased (0.112902 --> 0.111882).  Saving model ...
Updating learning rate to 9.594593786425696e-06
Epoch: 40 cost time: 5.640065670013428
Epoch: 40, Steps: 29 | Train Loss: 0.0648166 Vali Loss: 0.1116091 Test Loss: 0.0526930
Validation loss decreased (0.111882 --> 0.111609).  Saving model ...
Updating learning rate to 9.501483585749811e-06
Epoch: 41 cost time: 5.691004991531372
Epoch: 41, Steps: 29 | Train Loss: 0.0642115 Vali Loss: 0.1106317 Test Loss: 0.0526399
Validation loss decreased (0.111609 --> 0.110632).  Saving model ...
Updating learning rate to 9.399308036478838e-06
Epoch: 42 cost time: 5.620467185974121
Epoch: 42, Steps: 29 | Train Loss: 0.0636084 Vali Loss: 0.1094231 Test Loss: 0.0524332
Validation loss decreased (0.110632 --> 0.109423).  Saving model ...
Updating learning rate to 9.288272906571216e-06
Epoch: 43 cost time: 5.670238494873047
Epoch: 43, Steps: 29 | Train Loss: 0.0629630 Vali Loss: 0.1091259 Test Loss: 0.0518047
Validation loss decreased (0.109423 --> 0.109126).  Saving model ...
Updating learning rate to 9.16860180600173e-06
Epoch: 44 cost time: 5.613500118255615
Epoch: 44, Steps: 29 | Train Loss: 0.0623452 Vali Loss: 0.1085778 Test Loss: 0.0513276
Validation loss decreased (0.109126 --> 0.108578).  Saving model ...
Updating learning rate to 9.040535736440785e-06
Epoch: 45 cost time: 5.526637077331543
Epoch: 45, Steps: 29 | Train Loss: 0.0617593 Vali Loss: 0.1078770 Test Loss: 0.0509913
Validation loss decreased (0.108578 --> 0.107877).  Saving model ...
Updating learning rate to 8.904332605909106e-06
Epoch: 46 cost time: 5.652534246444702
Epoch: 46, Steps: 29 | Train Loss: 0.0611220 Vali Loss: 0.1068983 Test Loss: 0.0507727
Validation loss decreased (0.107877 --> 0.106898).  Saving model ...
Updating learning rate to 8.760266709385311e-06
Epoch: 47 cost time: 5.58241868019104
Epoch: 47, Steps: 29 | Train Loss: 0.0605737 Vali Loss: 0.1054399 Test Loss: 0.0508991
Validation loss decreased (0.106898 --> 0.105440).  Saving model ...
Updating learning rate to 8.608628176412335e-06
Epoch: 48 cost time: 5.563138246536255
Epoch: 48, Steps: 29 | Train Loss: 0.0600423 Vali Loss: 0.1050283 Test Loss: 0.0502434
Validation loss decreased (0.105440 --> 0.105028).  Saving model ...
Updating learning rate to 8.449722386815127e-06
Epoch: 49 cost time: 5.547586679458618
Epoch: 49, Steps: 29 | Train Loss: 0.0594704 Vali Loss: 0.1047766 Test Loss: 0.0498053
Validation loss decreased (0.105028 --> 0.104777).  Saving model ...
Updating learning rate to 8.28386935570634e-06
Epoch: 50 cost time: 5.547518253326416
Epoch: 50, Steps: 29 | Train Loss: 0.0588888 Vali Loss: 0.1032944 Test Loss: 0.0499272
Validation loss decreased (0.104777 --> 0.103294).  Saving model ...
Updating learning rate to 8.111403089018465e-06
Epoch: 51 cost time: 5.447632789611816
Epoch: 51, Steps: 29 | Train Loss: 0.0583080 Vali Loss: 0.1020405 Test Loss: 0.0495037
Validation loss decreased (0.103294 --> 0.102040).  Saving model ...
Updating learning rate to 7.93267091086035e-06
Epoch: 52 cost time: 5.634748697280884
Epoch: 52, Steps: 29 | Train Loss: 0.0577746 Vali Loss: 0.1018448 Test Loss: 0.0490143
Validation loss decreased (0.102040 --> 0.101845).  Saving model ...
Updating learning rate to 7.748032764052655e-06
Epoch: 53 cost time: 5.353799343109131
Epoch: 53, Steps: 29 | Train Loss: 0.0572602 Vali Loss: 0.1018748 Test Loss: 0.0484485
EarlyStopping counter: 1 out of 10
Updating learning rate to 7.557860485250925e-06
Epoch: 54 cost time: 5.528315782546997
Epoch: 54, Steps: 29 | Train Loss: 0.0567557 Vali Loss: 0.1005149 Test Loss: 0.0483068
Validation loss decreased (0.101845 --> 0.100515).  Saving model ...
Updating learning rate to 7.362537056116034e-06
Epoch: 55 cost time: 5.3228843212127686
Epoch: 55, Steps: 29 | Train Loss: 0.0562033 Vali Loss: 0.0996438 Test Loss: 0.0480851
Validation loss decreased (0.100515 --> 0.099644).  Saving model ...
Updating learning rate to 7.162455832040107e-06
Epoch: 56 cost time: 5.362140655517578
Epoch: 56, Steps: 29 | Train Loss: 0.0557625 Vali Loss: 0.0992322 Test Loss: 0.0475131
Validation loss decreased (0.099644 --> 0.099232).  Saving model ...
Updating learning rate to 6.9580197499810984e-06
Epoch: 57 cost time: 5.423141956329346
Epoch: 57, Steps: 29 | Train Loss: 0.0552063 Vali Loss: 0.0982347 Test Loss: 0.0472755
Validation loss decreased (0.099232 --> 0.098235).  Saving model ...
Updating learning rate to 6.7496405170013816e-06
Epoch: 58 cost time: 5.35712456703186
Epoch: 58, Steps: 29 | Train Loss: 0.0547500 Vali Loss: 0.0977785 Test Loss: 0.0469023
Validation loss decreased (0.098235 --> 0.097778).  Saving model ...
Updating learning rate to 6.537737781144523e-06
Epoch: 59 cost time: 5.38385796546936
Epoch: 59, Steps: 29 | Train Loss: 0.0543064 Vali Loss: 0.0977734 Test Loss: 0.0464107
Validation loss decreased (0.097778 --> 0.097773).  Saving model ...
Updating learning rate to 6.322738286319964e-06
Epoch: 60 cost time: 5.344642877578735
Epoch: 60, Steps: 29 | Train Loss: 0.0537770 Vali Loss: 0.0966445 Test Loss: 0.0461721
Validation loss decreased (0.097773 --> 0.096644).  Saving model ...
Updating learning rate to 6.105075012897585e-06
Epoch: 61 cost time: 5.35280704498291
Epoch: 61, Steps: 29 | Train Loss: 0.0532678 Vali Loss: 0.0956513 Test Loss: 0.0459361
Validation loss decreased (0.096644 --> 0.095651).  Saving model ...
Updating learning rate to 5.885186305742857e-06
Epoch: 62 cost time: 5.477782487869263
Epoch: 62, Steps: 29 | Train Loss: 0.0528610 Vali Loss: 0.0950189 Test Loss: 0.0456349
Validation loss decreased (0.095651 --> 0.095019).  Saving model ...
Updating learning rate to 5.6635149914486225e-06
Epoch: 63 cost time: 5.38734245300293
Epoch: 63, Steps: 29 | Train Loss: 0.0524010 Vali Loss: 0.0937964 Test Loss: 0.0454717
Validation loss decreased (0.095019 --> 0.093796).  Saving model ...
Updating learning rate to 5.440507486541268e-06
Epoch: 64 cost time: 5.472132444381714
Epoch: 64, Steps: 29 | Train Loss: 0.0519585 Vali Loss: 0.0931795 Test Loss: 0.0451444
Validation loss decreased (0.093796 --> 0.093180).  Saving model ...
Updating learning rate to 5.216612898457253e-06
Epoch: 65 cost time: 5.529912233352661
Epoch: 65, Steps: 29 | Train Loss: 0.0515130 Vali Loss: 0.0924531 Test Loss: 0.0450046
Validation loss decreased (0.093180 --> 0.092453).  Saving model ...
Updating learning rate to 4.992282121100496e-06
Epoch: 66 cost time: 5.538408994674683
Epoch: 66, Steps: 29 | Train Loss: 0.0510843 Vali Loss: 0.0924365 Test Loss: 0.0443653
Validation loss decreased (0.092453 --> 0.092437).  Saving model ...
Updating learning rate to 4.767966926802067e-06
Epoch: 67 cost time: 5.437262296676636
Epoch: 67, Steps: 29 | Train Loss: 0.0506758 Vali Loss: 0.0914264 Test Loss: 0.0441151
Validation loss decreased (0.092437 --> 0.091426).  Saving model ...
Updating learning rate to 4.5441190565108235e-06
Epoch: 68 cost time: 5.645980596542358
Epoch: 68, Steps: 29 | Train Loss: 0.0502589 Vali Loss: 0.0909054 Test Loss: 0.0436944
Validation loss decreased (0.091426 --> 0.090905).  Saving model ...
Updating learning rate to 4.3211893100472735e-06
Epoch: 69 cost time: 5.448051452636719
Epoch: 69, Steps: 29 | Train Loss: 0.0497763 Vali Loss: 0.0896375 Test Loss: 0.0436690
Validation loss decreased (0.090905 --> 0.089638).  Saving model ...
Updating learning rate to 4.099626638252712e-06
Epoch: 70 cost time: 5.635760307312012
Epoch: 70, Steps: 29 | Train Loss: 0.0493708 Vali Loss: 0.0895666 Test Loss: 0.0431037
Validation loss decreased (0.089638 --> 0.089567).  Saving model ...
Updating learning rate to 3.879877238861997e-06
Epoch: 71 cost time: 5.35228705406189
Epoch: 71, Steps: 29 | Train Loss: 0.0489859 Vali Loss: 0.0886910 Test Loss: 0.0429183
Validation loss decreased (0.089567 --> 0.088691).  Saving model ...
Updating learning rate to 3.662383657920668e-06
Epoch: 72 cost time: 5.594008684158325
Epoch: 72, Steps: 29 | Train Loss: 0.0485412 Vali Loss: 0.0882500 Test Loss: 0.0425478
Validation loss decreased (0.088691 --> 0.088250).  Saving model ...
Updating learning rate to 3.447583898556124e-06
Epoch: 73 cost time: 5.3572094440460205
Epoch: 73, Steps: 29 | Train Loss: 0.0481564 Vali Loss: 0.0871220 Test Loss: 0.0422867
Validation loss decreased (0.088250 --> 0.087122).  Saving model ...
Updating learning rate to 3.2359105388976132e-06
Epoch: 74 cost time: 5.67353630065918
Epoch: 74, Steps: 29 | Train Loss: 0.0477953 Vali Loss: 0.0866212 Test Loss: 0.0419603
Validation loss decreased (0.087122 --> 0.086621).  Saving model ...
Updating learning rate to 3.027789860921434e-06
Epoch: 75 cost time: 5.499085426330566
Epoch: 75, Steps: 29 | Train Loss: 0.0473961 Vali Loss: 0.0861894 Test Loss: 0.0415254
Validation loss decreased (0.086621 --> 0.086189).  Saving model ...
Updating learning rate to 2.8236409919757893e-06
Epoch: 76 cost time: 5.437814712524414
Epoch: 76, Steps: 29 | Train Loss: 0.0470480 Vali Loss: 0.0853402 Test Loss: 0.0413189
Validation loss decreased (0.086189 --> 0.085340).  Saving model ...
Updating learning rate to 2.6238750607140637e-06
Epoch: 77 cost time: 5.761422395706177
Epoch: 77, Steps: 29 | Train Loss: 0.0466811 Vali Loss: 0.0842135 Test Loss: 0.0412680
Validation loss decreased (0.085340 --> 0.084213).  Saving model ...
Updating learning rate to 2.4288943691364434e-06
Epoch: 78 cost time: 5.626711368560791
Epoch: 78, Steps: 29 | Train Loss: 0.0462987 Vali Loss: 0.0838415 Test Loss: 0.0408177
Validation loss decreased (0.084213 --> 0.083841).  Saving model ...
Updating learning rate to 2.2390915824072217e-06
Epoch: 79 cost time: 5.591854810714722
Epoch: 79, Steps: 29 | Train Loss: 0.0459515 Vali Loss: 0.0833987 Test Loss: 0.0404470
Validation loss decreased (0.083841 --> 0.083399).  Saving model ...
Updating learning rate to 2.0548489380794217e-06
Epoch: 80 cost time: 5.5501885414123535
Epoch: 80, Steps: 29 | Train Loss: 0.0455515 Vali Loss: 0.0826539 Test Loss: 0.0401246
Validation loss decreased (0.083399 --> 0.082654).  Saving model ...
Updating learning rate to 1.876537476319218e-06
Epoch: 81 cost time: 5.409902811050415
Epoch: 81, Steps: 29 | Train Loss: 0.0452870 Vali Loss: 0.0824001 Test Loss: 0.0400753
Validation loss decreased (0.082654 --> 0.082400).  Saving model ...
Updating learning rate to 1.7045162926804444e-06
Epoch: 82 cost time: 5.602781295776367
Epoch: 82, Steps: 29 | Train Loss: 0.0452399 Vali Loss: 0.0823498 Test Loss: 0.0401738
Validation loss decreased (0.082400 --> 0.082350).  Saving model ...
Updating learning rate to 1.5391318149339123e-06
Epoch: 83 cost time: 5.491457462310791
Epoch: 83, Steps: 29 | Train Loss: 0.0452382 Vali Loss: 0.0822929 Test Loss: 0.0401518
Validation loss decreased (0.082350 --> 0.082293).  Saving model ...
Updating learning rate to 1.3807171054080036e-06
Epoch: 84 cost time: 5.280566215515137
Epoch: 84, Steps: 29 | Train Loss: 0.0452072 Vali Loss: 0.0825691 Test Loss: 0.0400783
EarlyStopping counter: 1 out of 10
Updating learning rate to 1.2295911902454577e-06
Epoch: 85 cost time: 5.3781256675720215
Epoch: 85, Steps: 29 | Train Loss: 0.0452169 Vali Loss: 0.0823156 Test Loss: 0.0401764
EarlyStopping counter: 2 out of 10
Updating learning rate to 1.0860584169271784e-06
Epoch: 86 cost time: 5.4022393226623535
Epoch: 86, Steps: 29 | Train Loss: 0.0452157 Vali Loss: 0.0823282 Test Loss: 0.0401332
EarlyStopping counter: 3 out of 10
Updating learning rate to 9.504078413569088e-07
Epoch: 87 cost time: 5.441532373428345
Epoch: 87, Steps: 29 | Train Loss: 0.0452124 Vali Loss: 0.0823533 Test Loss: 0.0401529
EarlyStopping counter: 4 out of 10
Updating learning rate to 8.229126457411124e-07
Epoch: 88 cost time: 5.5528199672698975
Epoch: 88, Steps: 29 | Train Loss: 0.0451846 Vali Loss: 0.0824654 Test Loss: 0.0401195
EarlyStopping counter: 5 out of 10
Updating learning rate to 7.038295884363647e-07
Epoch: 89 cost time: 5.454234838485718
Epoch: 89, Steps: 29 | Train Loss: 0.0451975 Vali Loss: 0.0822771 Test Loss: 0.0401543
Validation loss decreased (0.082293 --> 0.082277).  Saving model ...
Updating learning rate to 5.933984868721898e-07
Epoch: 90 cost time: 5.385018825531006
Epoch: 90, Steps: 29 | Train Loss: 0.0452064 Vali Loss: 0.0823596 Test Loss: 0.0401665
EarlyStopping counter: 1 out of 10
Updating learning rate to 4.918417345906772e-07
Epoch: 91 cost time: 5.414051532745361
Epoch: 91, Steps: 29 | Train Loss: 0.0452321 Vali Loss: 0.0823734 Test Loss: 0.0401339
EarlyStopping counter: 2 out of 10
Updating learning rate to 3.9936385337548097e-07
Epoch: 92 cost time: 5.38881254196167
Epoch: 92, Steps: 29 | Train Loss: 0.0451924 Vali Loss: 0.0825681 Test Loss: 0.0401277
EarlyStopping counter: 3 out of 10
Updating learning rate to 3.161510813721721e-07
Epoch: 93 cost time: 5.5095460414886475
Epoch: 93, Steps: 29 | Train Loss: 0.0451958 Vali Loss: 0.0825356 Test Loss: 0.0401333
EarlyStopping counter: 4 out of 10
Updating learning rate to 2.4237099802938663e-07
Epoch: 94 cost time: 5.64218544960022
Epoch: 94, Steps: 29 | Train Loss: 0.0451808 Vali Loss: 0.0824033 Test Loss: 0.0401074
EarlyStopping counter: 5 out of 10
Updating learning rate to 1.7817218661613333e-07
Epoch: 95 cost time: 5.646957635879517
Epoch: 95, Steps: 29 | Train Loss: 0.0451943 Vali Loss: 0.0825437 Test Loss: 0.0401191
EarlyStopping counter: 6 out of 10
Updating learning rate to 1.236839349948492e-07
Epoch: 96 cost time: 5.596476793289185
Epoch: 96, Steps: 29 | Train Loss: 0.0452007 Vali Loss: 0.0824332 Test Loss: 0.0401529
EarlyStopping counter: 7 out of 10
Updating learning rate to 7.90159752528609e-08
Epoch: 97 cost time: 5.725984811782837
Epoch: 97, Steps: 29 | Train Loss: 0.0451590 Vali Loss: 0.0822788 Test Loss: 0.0401274
EarlyStopping counter: 8 out of 10
Updating learning rate to 4.425826271655888e-08
Epoch: 98 cost time: 5.3953537940979
Epoch: 98, Steps: 29 | Train Loss: 0.0451807 Vali Loss: 0.0825089 Test Loss: 0.0401452
EarlyStopping counter: 9 out of 10
Updating learning rate to 1.948079479334324e-08
Epoch: 99 cost time: 5.322635650634766
Epoch: 99, Steps: 29 | Train Loss: 0.0451658 Vali Loss: 0.0825073 Test Loss: 0.0401481
EarlyStopping counter: 10 out of 10
Early stopping
>>>>>>>testing : ETTh1_336_720_DTFNet_ETTh1_ftM_sl336_ll0_pl720_dm128_nh16_el2_br2_dl1_df256_fc1_ebtimeF_dtTrue_'Exp'_0_'rel_sin'_16_8_16,24_8,12_3_1_256<<<<<<<<<<<<<<<<<<<<<<<<<<<<<<<<<
test 2161
mse:0.4266420900821686, mae:0.4484574496746063, rse:0.6273601651191711
