Args in experiment:
Namespace(activation='gelu', affine=0, batch_size=256, c_out=7, checkpoints='./checkpoints/', d_ff=256, d_layers=1, d_model=128, d_model_ls='128', data='ETTh1', data_path='ETTh1.csv', dec_in=7, decomposition=0, des="'Exp'", devices='0', dilation_rates='1', distil=True, do_predict=False, dropout=0.3, e_layers=2, embed='timeF', embed_type=0, enc_in=7, factor=1, fc_dropout=0.3, features='M', freq='h', gpu=0, head_dropout=0.1, head_type='flatten', individual=0, initTLV=0.2, is_training=1, itr=1, kernel_size=25, l2=0.0, label_len=0, learning_rate=1e-05, loss='mse', loss_flag=2, lradj='TST', mlflow_project='exp', model='DTFNet', model_id='ETTh1_336_720', model_type='linear', moving_avg=25, n_branches=2, n_heads=16, n_heads_ls='16', no_learn_pe=True, num_workers=0, output_attention=False, padding_patch="'end'", patch_len=16, patch_len_ls='16,24', patience=10, pct_start=0.3, pe='zeros', pre_norm=False, pred_len=720, rel_pe="'rel_sin'", res_attn=False, revin=1, root_path='./dataset/', seq_len=336, store_attn=False, stride=8, stride_ls='8,12', stride_ls_list='16', sub_patch_len=16, sub_stride=8, subtract_last=0, target='OT', test_flop=False, tfactor=3, train_epochs=100, use_amp=False, use_gpu=True, use_mlflow=False, use_multi_gpu=False, warmup_steps=0, wavelet_dim=64, wavelet_layers=2, wavelet_mode='periodization', wavelet_type='db5')
Use GPU: cuda:0
>>>>>>>start training : ETTh1_336_720_DTFNet_ETTh1_ftM_sl336_ll0_pl720_dm128_nh16_el2_br2_dl1_df256_fc1_ebtimeF_dtTrue_'Exp'_0_'rel_sin'_16_8_16,24_8,12_3_1_256>>>>>>>>>>>>>>>>>>>>>>>>>>
train 7585
val 2161
test 2161
Epoch: 1 cost time: 5.710827589035034
Epoch: 1, Steps: 29 | Train Loss: 0.1075482 Vali Loss: 0.1790254 Test Loss: 0.0998667
Validation loss decreased (inf --> 0.179025).  Saving model ...
Updating learning rate to 4.2635539919063106e-07
Epoch: 2 cost time: 5.110945463180542
Epoch: 2, Steps: 29 | Train Loss: 0.1067230 Vali Loss: 0.1774511 Test Loss: 0.0990274
Validation loss decreased (0.179025 --> 0.177451).  Saving model ...
Updating learning rate to 5.051321771514831e-07
Epoch: 3 cost time: 4.975186586380005
Epoch: 3, Steps: 29 | Train Loss: 0.1058077 Vali Loss: 0.1758387 Test Loss: 0.0981116
Validation loss decreased (0.177451 --> 0.175839).  Saving model ...
Updating learning rate to 6.354652532866785e-07
Epoch: 4 cost time: 5.093594074249268
Epoch: 4, Steps: 29 | Train Loss: 0.1049352 Vali Loss: 0.1739140 Test Loss: 0.0971249
Validation loss decreased (0.175839 --> 0.173914).  Saving model ...
Updating learning rate to 8.159233858256806e-07
Epoch: 5 cost time: 5.180867433547974
Epoch: 5, Steps: 29 | Train Loss: 0.1040191 Vali Loss: 0.1722585 Test Loss: 0.0960474
Validation loss decreased (0.173914 --> 0.172258).  Saving model ...
Updating learning rate to 1.0445248888850473e-06
Epoch: 6 cost time: 5.0488996505737305
Epoch: 6, Steps: 29 | Train Loss: 0.1029591 Vali Loss: 0.1700715 Test Loss: 0.0948398
Validation loss decreased (0.172258 --> 0.170071).  Saving model ...
Updating learning rate to 1.3187593941861497e-06
Epoch: 7 cost time: 5.125502824783325
Epoch: 7, Steps: 29 | Train Loss: 0.1018722 Vali Loss: 0.1680352 Test Loss: 0.0934391
Validation loss decreased (0.170071 --> 0.168035).  Saving model ...
Updating learning rate to 1.6356154184543822e-06
Epoch: 8 cost time: 4.985820293426514
Epoch: 8, Steps: 29 | Train Loss: 0.1006758 Vali Loss: 0.1654447 Test Loss: 0.0917241
Validation loss decreased (0.168035 --> 0.165445).  Saving model ...
Updating learning rate to 1.9916134337707666e-06
Epoch: 9 cost time: 5.07846474647522
Epoch: 9, Steps: 29 | Train Loss: 0.0991427 Vali Loss: 0.1622965 Test Loss: 0.0895463
Validation loss decreased (0.165445 --> 0.162297).  Saving model ...
Updating learning rate to 2.3828440777166636e-06
Epoch: 10 cost time: 5.035530090332031
Epoch: 10, Steps: 29 | Train Loss: 0.0973524 Vali Loss: 0.1583481 Test Loss: 0.0864973
Validation loss decreased (0.162297 --> 0.158348).  Saving model ...
Updating learning rate to 2.805011083710071e-06
Epoch: 11 cost time: 5.051005840301514
Epoch: 11, Steps: 29 | Train Loss: 0.0950790 Vali Loss: 0.1530581 Test Loss: 0.0824290
Validation loss decreased (0.158348 --> 0.153058).  Saving model ...
Updating learning rate to 3.2534784600976295e-06
Epoch: 12 cost time: 5.131507873535156
Epoch: 12, Steps: 29 | Train Loss: 0.0925550 Vali Loss: 0.1469672 Test Loss: 0.0779159
Validation loss decreased (0.153058 --> 0.146967).  Saving model ...
Updating learning rate to 3.723321399909056e-06
Epoch: 13 cost time: 5.116744756698608
Epoch: 13, Steps: 29 | Train Loss: 0.0901912 Vali Loss: 0.1429137 Test Loss: 0.0749518
Validation loss decreased (0.146967 --> 0.142914).  Saving model ...
Updating learning rate to 4.209380362212844e-06
Epoch: 14 cost time: 5.123789072036743
Epoch: 14, Steps: 29 | Train Loss: 0.0884019 Vali Loss: 0.1399338 Test Loss: 0.0734391
Validation loss decreased (0.142914 --> 0.139934).  Saving model ...
Updating learning rate to 4.706317731183279e-06
Epoch: 15 cost time: 5.110486030578613
Epoch: 15, Steps: 29 | Train Loss: 0.0868072 Vali Loss: 0.1370548 Test Loss: 0.0714930
Validation loss decreased (0.139934 --> 0.137055).  Saving model ...
Updating learning rate to 5.208676430682048e-06
Epoch: 16 cost time: 5.134112358093262
Epoch: 16, Steps: 29 | Train Loss: 0.0850200 Vali Loss: 0.1338850 Test Loss: 0.0693667
Validation loss decreased (0.137055 --> 0.133885).  Saving model ...
Updating learning rate to 5.710939850683244e-06
Epoch: 17 cost time: 5.020045280456543
Epoch: 17, Steps: 29 | Train Loss: 0.0831927 Vali Loss: 0.1315753 Test Loss: 0.0677720
Validation loss decreased (0.133885 --> 0.131575).  Saving model ...
Updating learning rate to 6.207592427464792e-06
Epoch: 18 cost time: 5.00260066986084
Epoch: 18, Steps: 29 | Train Loss: 0.0817168 Vali Loss: 0.1298044 Test Loss: 0.0658400
Validation loss decreased (0.131575 --> 0.129804).  Saving model ...
Updating learning rate to 6.693180212309968e-06
Epoch: 19 cost time: 5.0408759117126465
Epoch: 19, Steps: 29 | Train Loss: 0.0805278 Vali Loss: 0.1286474 Test Loss: 0.0648037
Validation loss decreased (0.129804 --> 0.128647).  Saving model ...
Updating learning rate to 7.1623707635889015e-06
Epoch: 20 cost time: 5.0260329246521
Epoch: 20, Steps: 29 | Train Loss: 0.0795786 Vali Loss: 0.1274288 Test Loss: 0.0641348
Validation loss decreased (0.128647 --> 0.127429).  Saving model ...
Updating learning rate to 7.610011704520164e-06
Epoch: 21 cost time: 5.076318740844727
Epoch: 21, Steps: 29 | Train Loss: 0.0786623 Vali Loss: 0.1264842 Test Loss: 0.0630985
Validation loss decreased (0.127429 --> 0.126484).  Saving model ...
Updating learning rate to 8.031187303565295e-06
Epoch: 22 cost time: 5.091994762420654
Epoch: 22, Steps: 29 | Train Loss: 0.0778376 Vali Loss: 0.1253539 Test Loss: 0.0622531
Validation loss decreased (0.126484 --> 0.125354).  Saving model ...
Updating learning rate to 8.421272456123378e-06
Epoch: 23 cost time: 5.119630336761475
Epoch: 23, Steps: 29 | Train Loss: 0.0770000 Vali Loss: 0.1243147 Test Loss: 0.0616630
Validation loss decreased (0.125354 --> 0.124315).  Saving model ...
Updating learning rate to 8.775983474730246e-06
Epoch: 24 cost time: 5.153390884399414
Epoch: 24, Steps: 29 | Train Loss: 0.0761249 Vali Loss: 0.1232666 Test Loss: 0.0608926
Validation loss decreased (0.124315 --> 0.123267).  Saving model ...
Updating learning rate to 9.091425130013939e-06
Epoch: 25 cost time: 5.058677673339844
Epoch: 25, Steps: 29 | Train Loss: 0.0753299 Vali Loss: 0.1225253 Test Loss: 0.0600909
Validation loss decreased (0.123267 --> 0.122525).  Saving model ...
Updating learning rate to 9.364133425830145e-06
Epoch: 26 cost time: 5.149333477020264
Epoch: 26, Steps: 29 | Train Loss: 0.0746106 Vali Loss: 0.1216882 Test Loss: 0.0595713
Validation loss decreased (0.122525 --> 0.121688).  Saving model ...
Updating learning rate to 9.591113638846019e-06
Epoch: 27 cost time: 5.064251899719238
Epoch: 27, Steps: 29 | Train Loss: 0.0738360 Vali Loss: 0.1206325 Test Loss: 0.0587835
Validation loss decreased (0.121688 --> 0.120633).  Saving model ...
Updating learning rate to 9.769873204843885e-06
Epoch: 28 cost time: 4.990435838699341
Epoch: 28, Steps: 29 | Train Loss: 0.0730938 Vali Loss: 0.1198387 Test Loss: 0.0582135
Validation loss decreased (0.120633 --> 0.119839).  Saving model ...
Updating learning rate to 9.898449090606656e-06
Epoch: 29 cost time: 5.122789621353149
Epoch: 29, Steps: 29 | Train Loss: 0.0723816 Vali Loss: 0.1187483 Test Loss: 0.0580934
Validation loss decreased (0.119839 --> 0.118748).  Saving model ...
Updating learning rate to 9.975429350802846e-06
Epoch: 30 cost time: 5.018241882324219
Epoch: 30, Steps: 29 | Train Loss: 0.0715724 Vali Loss: 0.1182751 Test Loss: 0.0575290
Validation loss decreased (0.118748 --> 0.118275).  Saving model ...
Updating learning rate to 9.99999401249548e-06
Epoch: 31 cost time: 5.06718373298645
Epoch: 31, Steps: 29 | Train Loss: 0.0708614 Vali Loss: 0.1171574 Test Loss: 0.0571358
Validation loss decreased (0.118275 --> 0.117157).  Saving model ...
Updating learning rate to 9.994612212745642e-06
Epoch: 32 cost time: 5.08159327507019
Epoch: 32, Steps: 29 | Train Loss: 0.0701974 Vali Loss: 0.1166947 Test Loss: 0.0566080
Validation loss decreased (0.117157 --> 0.116695).  Saving model ...
Updating learning rate to 9.979171968972798e-06
Epoch: 33 cost time: 5.067952394485474
Epoch: 33, Steps: 29 | Train Loss: 0.0694806 Vali Loss: 0.1156888 Test Loss: 0.0560192
Validation loss decreased (0.116695 --> 0.115689).  Saving model ...
Updating learning rate to 9.953704375773079e-06
Epoch: 34 cost time: 5.081570625305176
Epoch: 34, Steps: 29 | Train Loss: 0.0688103 Vali Loss: 0.1144441 Test Loss: 0.0559670
Validation loss decreased (0.115689 --> 0.114444).  Saving model ...
Updating learning rate to 9.918260721489893e-06
Epoch: 35 cost time: 5.18854022026062
Epoch: 35, Steps: 29 | Train Loss: 0.0681046 Vali Loss: 0.1145291 Test Loss: 0.0551440
EarlyStopping counter: 1 out of 10
Updating learning rate to 9.872912384926035e-06
Epoch: 36 cost time: 5.17573618888855
Epoch: 36, Steps: 29 | Train Loss: 0.0675220 Vali Loss: 0.1131083 Test Loss: 0.0548890
Validation loss decreased (0.114444 --> 0.113108).  Saving model ...
Updating learning rate to 9.817750691596265e-06
Epoch: 37 cost time: 5.077247381210327
Epoch: 37, Steps: 29 | Train Loss: 0.0668362 Vali Loss: 0.1127828 Test Loss: 0.0547784
Validation loss decreased (0.113108 --> 0.112783).  Saving model ...
Updating learning rate to 9.752886729809889e-06
Epoch: 38 cost time: 5.114837646484375
Epoch: 38, Steps: 29 | Train Loss: 0.0661964 Vali Loss: 0.1115122 Test Loss: 0.0541096
Validation loss decreased (0.112783 --> 0.111512).  Saving model ...
Updating learning rate to 9.678451126953676e-06
Epoch: 39 cost time: 5.066241264343262
Epoch: 39, Steps: 29 | Train Loss: 0.0655582 Vali Loss: 0.1108593 Test Loss: 0.0542893
Validation loss decreased (0.111512 --> 0.110859).  Saving model ...
Updating learning rate to 9.594593786425696e-06
Epoch: 40 cost time: 5.148262977600098
Epoch: 40, Steps: 29 | Train Loss: 0.0648731 Vali Loss: 0.1101176 Test Loss: 0.0540724
Validation loss decreased (0.110859 --> 0.110118).  Saving model ...
Updating learning rate to 9.501483585749811e-06
Epoch: 41 cost time: 5.0309975147247314
Epoch: 41, Steps: 29 | Train Loss: 0.0643052 Vali Loss: 0.1102752 Test Loss: 0.0531024
EarlyStopping counter: 1 out of 10
Updating learning rate to 9.399308036478838e-06
Epoch: 42 cost time: 5.024232864379883
Epoch: 42, Steps: 29 | Train Loss: 0.0636912 Vali Loss: 0.1092914 Test Loss: 0.0530727
Validation loss decreased (0.110118 --> 0.109291).  Saving model ...
Updating learning rate to 9.288272906571216e-06
Epoch: 43 cost time: 4.996481657028198
Epoch: 43, Steps: 29 | Train Loss: 0.0630731 Vali Loss: 0.1074988 Test Loss: 0.0528558
Validation loss decreased (0.109291 --> 0.107499).  Saving model ...
Updating learning rate to 9.16860180600173e-06
Epoch: 44 cost time: 5.031692266464233
Epoch: 44, Steps: 29 | Train Loss: 0.0625201 Vali Loss: 0.1076124 Test Loss: 0.0523346
EarlyStopping counter: 1 out of 10
Updating learning rate to 9.040535736440785e-06
Epoch: 45 cost time: 5.0264317989349365
Epoch: 45, Steps: 29 | Train Loss: 0.0618589 Vali Loss: 0.1067809 Test Loss: 0.0518428
Validation loss decreased (0.107499 --> 0.106781).  Saving model ...
Updating learning rate to 8.904332605909106e-06
Epoch: 46 cost time: 5.024410247802734
Epoch: 46, Steps: 29 | Train Loss: 0.0614135 Vali Loss: 0.1058367 Test Loss: 0.0517694
Validation loss decreased (0.106781 --> 0.105837).  Saving model ...
Updating learning rate to 8.760266709385311e-06
Epoch: 47 cost time: 5.024450302124023
Epoch: 47, Steps: 29 | Train Loss: 0.0607765 Vali Loss: 0.1045635 Test Loss: 0.0513775
Validation loss decreased (0.105837 --> 0.104563).  Saving model ...
Updating learning rate to 8.608628176412335e-06
Epoch: 48 cost time: 4.972514629364014
Epoch: 48, Steps: 29 | Train Loss: 0.0601955 Vali Loss: 0.1039831 Test Loss: 0.0512983
Validation loss decreased (0.104563 --> 0.103983).  Saving model ...
Updating learning rate to 8.449722386815127e-06
Epoch: 49 cost time: 5.00621771812439
Epoch: 49, Steps: 29 | Train Loss: 0.0596248 Vali Loss: 0.1029760 Test Loss: 0.0507585
Validation loss decreased (0.103983 --> 0.102976).  Saving model ...
Updating learning rate to 8.28386935570634e-06
Epoch: 50 cost time: 4.989054918289185
Epoch: 50, Steps: 29 | Train Loss: 0.0590773 Vali Loss: 0.1026072 Test Loss: 0.0503548
Validation loss decreased (0.102976 --> 0.102607).  Saving model ...
Updating learning rate to 8.111403089018465e-06
Epoch: 51 cost time: 5.0070061683654785
Epoch: 51, Steps: 29 | Train Loss: 0.0585980 Vali Loss: 0.1019842 Test Loss: 0.0504180
Validation loss decreased (0.102607 --> 0.101984).  Saving model ...
Updating learning rate to 7.93267091086035e-06
Epoch: 52 cost time: 5.013811111450195
Epoch: 52, Steps: 29 | Train Loss: 0.0580360 Vali Loss: 0.1001695 Test Loss: 0.0504200
Validation loss decreased (0.101984 --> 0.100169).  Saving model ...
Updating learning rate to 7.748032764052655e-06
Epoch: 53 cost time: 4.994683504104614
Epoch: 53, Steps: 29 | Train Loss: 0.0575321 Vali Loss: 0.1007442 Test Loss: 0.0495416
EarlyStopping counter: 1 out of 10
Updating learning rate to 7.557860485250925e-06
Epoch: 54 cost time: 4.995920419692993
Epoch: 54, Steps: 29 | Train Loss: 0.0569949 Vali Loss: 0.0989589 Test Loss: 0.0495166
Validation loss decreased (0.100169 --> 0.098959).  Saving model ...
Updating learning rate to 7.362537056116034e-06
Epoch: 55 cost time: 5.073617458343506
Epoch: 55, Steps: 29 | Train Loss: 0.0564949 Vali Loss: 0.0982955 Test Loss: 0.0491057
Validation loss decreased (0.098959 --> 0.098295).  Saving model ...
Updating learning rate to 7.162455832040107e-06
Epoch: 56 cost time: 5.0381245613098145
Epoch: 56, Steps: 29 | Train Loss: 0.0560539 Vali Loss: 0.0978629 Test Loss: 0.0485519
Validation loss decreased (0.098295 --> 0.097863).  Saving model ...
Updating learning rate to 6.9580197499810984e-06
Epoch: 57 cost time: 5.063551425933838
Epoch: 57, Steps: 29 | Train Loss: 0.0555454 Vali Loss: 0.0970483 Test Loss: 0.0487963
Validation loss decreased (0.097863 --> 0.097048).  Saving model ...
Updating learning rate to 6.7496405170013816e-06
Epoch: 58 cost time: 5.048213958740234
Epoch: 58, Steps: 29 | Train Loss: 0.0550494 Vali Loss: 0.0965052 Test Loss: 0.0480808
Validation loss decreased (0.097048 --> 0.096505).  Saving model ...
Updating learning rate to 6.537737781144523e-06
Epoch: 59 cost time: 4.956116676330566
Epoch: 59, Steps: 29 | Train Loss: 0.0545252 Vali Loss: 0.0957970 Test Loss: 0.0477045
Validation loss decreased (0.096505 --> 0.095797).  Saving model ...
Updating learning rate to 6.322738286319964e-06
Epoch: 60 cost time: 5.003663778305054
Epoch: 60, Steps: 29 | Train Loss: 0.0540712 Vali Loss: 0.0952757 Test Loss: 0.0475526
Validation loss decreased (0.095797 --> 0.095276).  Saving model ...
Updating learning rate to 6.105075012897585e-06
Epoch: 61 cost time: 5.020750284194946
Epoch: 61, Steps: 29 | Train Loss: 0.0535591 Vali Loss: 0.0944606 Test Loss: 0.0471423
Validation loss decreased (0.095276 --> 0.094461).  Saving model ...
Updating learning rate to 5.885186305742857e-06
Epoch: 62 cost time: 4.97907829284668
Epoch: 62, Steps: 29 | Train Loss: 0.0531342 Vali Loss: 0.0937904 Test Loss: 0.0464756
Validation loss decreased (0.094461 --> 0.093790).  Saving model ...
Updating learning rate to 5.6635149914486225e-06
Epoch: 63 cost time: 4.915152549743652
Epoch: 63, Steps: 29 | Train Loss: 0.0527206 Vali Loss: 0.0931208 Test Loss: 0.0464205
Validation loss decreased (0.093790 --> 0.093121).  Saving model ...
Updating learning rate to 5.440507486541268e-06
Epoch: 64 cost time: 4.991339206695557
Epoch: 64, Steps: 29 | Train Loss: 0.0522747 Vali Loss: 0.0923488 Test Loss: 0.0461238
Validation loss decreased (0.093121 --> 0.092349).  Saving model ...
Updating learning rate to 5.216612898457253e-06
Epoch: 65 cost time: 5.008644342422485
Epoch: 65, Steps: 29 | Train Loss: 0.0517936 Vali Loss: 0.0918553 Test Loss: 0.0457857
Validation loss decreased (0.092349 --> 0.091855).  Saving model ...
Updating learning rate to 4.992282121100496e-06
Epoch: 66 cost time: 5.015366315841675
Epoch: 66, Steps: 29 | Train Loss: 0.0513702 Vali Loss: 0.0909458 Test Loss: 0.0457199
Validation loss decreased (0.091855 --> 0.090946).  Saving model ...
Updating learning rate to 4.767966926802067e-06
Epoch: 67 cost time: 4.954693078994751
Epoch: 67, Steps: 29 | Train Loss: 0.0509446 Vali Loss: 0.0901163 Test Loss: 0.0452637
Validation loss decreased (0.090946 --> 0.090116).  Saving model ...
Updating learning rate to 4.5441190565108235e-06
Epoch: 68 cost time: 4.985469102859497
Epoch: 68, Steps: 29 | Train Loss: 0.0504652 Vali Loss: 0.0896551 Test Loss: 0.0448057
Validation loss decreased (0.090116 --> 0.089655).  Saving model ...
Updating learning rate to 4.3211893100472735e-06
Epoch: 69 cost time: 4.980074882507324
Epoch: 69, Steps: 29 | Train Loss: 0.0500898 Vali Loss: 0.0887862 Test Loss: 0.0445631
Validation loss decreased (0.089655 --> 0.088786).  Saving model ...
Updating learning rate to 4.099626638252712e-06
Epoch: 70 cost time: 5.048295259475708
Epoch: 70, Steps: 29 | Train Loss: 0.0497121 Vali Loss: 0.0878439 Test Loss: 0.0445585
Validation loss decreased (0.088786 --> 0.087844).  Saving model ...
Updating learning rate to 3.879877238861997e-06
Epoch: 71 cost time: 5.00889253616333
Epoch: 71, Steps: 29 | Train Loss: 0.0492924 Vali Loss: 0.0875407 Test Loss: 0.0438715
Validation loss decreased (0.087844 --> 0.087541).  Saving model ...
Updating learning rate to 3.662383657920668e-06
Epoch: 72 cost time: 4.9647369384765625
Epoch: 72, Steps: 29 | Train Loss: 0.0488733 Vali Loss: 0.0867912 Test Loss: 0.0436098
Validation loss decreased (0.087541 --> 0.086791).  Saving model ...
Updating learning rate to 3.447583898556124e-06
Epoch: 73 cost time: 5.00550651550293
Epoch: 73, Steps: 29 | Train Loss: 0.0484787 Vali Loss: 0.0862212 Test Loss: 0.0432302
Validation loss decreased (0.086791 --> 0.086221).  Saving model ...
Updating learning rate to 3.2359105388976132e-06
Epoch: 74 cost time: 5.092439889907837
Epoch: 74, Steps: 29 | Train Loss: 0.0481168 Vali Loss: 0.0855331 Test Loss: 0.0430152
Validation loss decreased (0.086221 --> 0.085533).  Saving model ...
Updating learning rate to 3.027789860921434e-06
Epoch: 75 cost time: 5.037247657775879
Epoch: 75, Steps: 29 | Train Loss: 0.0477143 Vali Loss: 0.0848390 Test Loss: 0.0426795
Validation loss decreased (0.085533 --> 0.084839).  Saving model ...
Updating learning rate to 2.8236409919757893e-06
Epoch: 76 cost time: 5.0194642543792725
Epoch: 76, Steps: 29 | Train Loss: 0.0473197 Vali Loss: 0.0841846 Test Loss: 0.0423304
Validation loss decreased (0.084839 --> 0.084185).  Saving model ...
Updating learning rate to 2.6238750607140637e-06
Epoch: 77 cost time: 4.919269800186157
Epoch: 77, Steps: 29 | Train Loss: 0.0468462 Vali Loss: 0.0838003 Test Loss: 0.0420004
Validation loss decreased (0.084185 --> 0.083800).  Saving model ...
Updating learning rate to 2.4288943691364434e-06
Epoch: 78 cost time: 4.996933460235596
Epoch: 78, Steps: 29 | Train Loss: 0.0465465 Vali Loss: 0.0829658 Test Loss: 0.0416802
Validation loss decreased (0.083800 --> 0.082966).  Saving model ...
Updating learning rate to 2.2390915824072217e-06
Epoch: 79 cost time: 4.987619638442993
Epoch: 79, Steps: 29 | Train Loss: 0.0461907 Vali Loss: 0.0822166 Test Loss: 0.0413577
Validation loss decreased (0.082966 --> 0.082217).  Saving model ...
Updating learning rate to 2.0548489380794217e-06
Epoch: 80 cost time: 4.928014278411865
Epoch: 80, Steps: 29 | Train Loss: 0.0458309 Vali Loss: 0.0817349 Test Loss: 0.0410102
Validation loss decreased (0.082217 --> 0.081735).  Saving model ...
Updating learning rate to 1.876537476319218e-06
Epoch: 81 cost time: 5.0012781620025635
Epoch: 81, Steps: 29 | Train Loss: 0.0455449 Vali Loss: 0.0813335 Test Loss: 0.0409799
Validation loss decreased (0.081735 --> 0.081334).  Saving model ...
Updating learning rate to 1.7045162926804444e-06
Epoch: 82 cost time: 5.0315775871276855
Epoch: 82, Steps: 29 | Train Loss: 0.0455280 Vali Loss: 0.0814452 Test Loss: 0.0410180
EarlyStopping counter: 1 out of 10
Updating learning rate to 1.5391318149339123e-06
Epoch: 83 cost time: 5.069063663482666
Epoch: 83, Steps: 29 | Train Loss: 0.0455074 Vali Loss: 0.0815843 Test Loss: 0.0409623
EarlyStopping counter: 2 out of 10
Updating learning rate to 1.3807171054080036e-06
Epoch: 84 cost time: 5.032350540161133
Epoch: 84, Steps: 29 | Train Loss: 0.0454806 Vali Loss: 0.0814370 Test Loss: 0.0409946
EarlyStopping counter: 3 out of 10
Updating learning rate to 1.2295911902454577e-06
Epoch: 85 cost time: 5.094470262527466
Epoch: 85, Steps: 29 | Train Loss: 0.0454845 Vali Loss: 0.0814001 Test Loss: 0.0410112
EarlyStopping counter: 4 out of 10
Updating learning rate to 1.0860584169271784e-06
Epoch: 86 cost time: 5.106340408325195
Epoch: 86, Steps: 29 | Train Loss: 0.0454583 Vali Loss: 0.0813008 Test Loss: 0.0410562
Validation loss decreased (0.081334 --> 0.081301).  Saving model ...
Updating learning rate to 9.504078413569088e-07
Epoch: 87 cost time: 5.112085580825806
Epoch: 87, Steps: 29 | Train Loss: 0.0454484 Vali Loss: 0.0816663 Test Loss: 0.0410607
EarlyStopping counter: 1 out of 10
Updating learning rate to 8.229126457411124e-07
Epoch: 88 cost time: 5.115791082382202
Epoch: 88, Steps: 29 | Train Loss: 0.0454660 Vali Loss: 0.0815905 Test Loss: 0.0410462
EarlyStopping counter: 2 out of 10
Updating learning rate to 7.038295884363647e-07
Epoch: 89 cost time: 5.174211263656616
Epoch: 89, Steps: 29 | Train Loss: 0.0454136 Vali Loss: 0.0815755 Test Loss: 0.0410542
EarlyStopping counter: 3 out of 10
Updating learning rate to 5.933984868721898e-07
Epoch: 90 cost time: 5.223245143890381
Epoch: 90, Steps: 29 | Train Loss: 0.0454280 Vali Loss: 0.0814480 Test Loss: 0.0410607
EarlyStopping counter: 4 out of 10
Updating learning rate to 4.918417345906772e-07
Epoch: 91 cost time: 5.226616144180298
Epoch: 91, Steps: 29 | Train Loss: 0.0454937 Vali Loss: 0.0814359 Test Loss: 0.0410935
EarlyStopping counter: 5 out of 10
Updating learning rate to 3.9936385337548097e-07
Epoch: 92 cost time: 5.144063472747803
Epoch: 92, Steps: 29 | Train Loss: 0.0454616 Vali Loss: 0.0816128 Test Loss: 0.0410723
EarlyStopping counter: 6 out of 10
Updating learning rate to 3.161510813721721e-07
Epoch: 93 cost time: 5.169171094894409
Epoch: 93, Steps: 29 | Train Loss: 0.0454596 Vali Loss: 0.0813752 Test Loss: 0.0411022
EarlyStopping counter: 7 out of 10
Updating learning rate to 2.4237099802938663e-07
Epoch: 94 cost time: 5.096960783004761
Epoch: 94, Steps: 29 | Train Loss: 0.0454497 Vali Loss: 0.0813866 Test Loss: 0.0410916
EarlyStopping counter: 8 out of 10
Updating learning rate to 1.7817218661613333e-07
Epoch: 95 cost time: 5.151719570159912
Epoch: 95, Steps: 29 | Train Loss: 0.0454004 Vali Loss: 0.0813474 Test Loss: 0.0411241
EarlyStopping counter: 9 out of 10
Updating learning rate to 1.236839349948492e-07
Epoch: 96 cost time: 5.1323325634002686
Epoch: 96, Steps: 29 | Train Loss: 0.0454218 Vali Loss: 0.0813440 Test Loss: 0.0410784
EarlyStopping counter: 10 out of 10
Early stopping
>>>>>>>testing : ETTh1_336_720_DTFNet_ETTh1_ftM_sl336_ll0_pl720_dm128_nh16_el2_br2_dl1_df256_fc1_ebtimeF_dtTrue_'Exp'_0_'rel_sin'_16_8_16,24_8,12_3_1_256<<<<<<<<<<<<<<<<<<<<<<<<<<<<<<<<<
test 2161
mse:0.4409579336643219, mae:0.4575507640838623, rse:0.6377987265586853
