Args in experiment:
Namespace(activation='gelu', affine=0, batch_size=256, c_out=7, checkpoints='./checkpoints/', d_ff=256, d_layers=1, d_model=128, d_model_ls='128', data='ETTh1', data_path='ETTh1.csv', dec_in=7, decomposition=0, des="'Exp'", devices='0', dilation_rates='1', distil=True, do_predict=False, dropout=0.3, e_layers=2, embed='timeF', embed_type=0, enc_in=7, factor=1, fc_dropout=0.3, features='M', freq='h', gpu=0, head_dropout=0.1, head_type='flatten', individual=0, initTLV=0.2, is_training=1, itr=1, kernel_size=25, l2=0.0, label_len=0, learning_rate=1e-05, loss='mse', loss_flag=2, lradj='TST', mlflow_project='exp', model='DTFNet', model_id='ETTh1_336_720', model_type='linear', moving_avg=25, n_branches=2, n_heads=16, n_heads_ls='16', no_learn_pe=True, num_workers=0, output_attention=False, padding_patch="'end'", patch_len=16, patch_len_ls='16,24', patience=10, pct_start=0.3, pe='zeros', pre_norm=False, pred_len=720, rel_pe="'rel_sin'", res_attn=False, revin=1, root_path='./dataset/', seq_len=336, store_attn=False, stride=8, stride_ls='8,12', stride_ls_list='16', sub_patch_len=16, sub_stride=8, subtract_last=0, target='OT', test_flop=False, tfactor=3, train_epochs=100, use_amp=False, use_gpu=True, use_mlflow=False, use_multi_gpu=False, warmup_steps=0, wavelet_dim=64, wavelet_layers=2, wavelet_mode='periodization', wavelet_type='db5')
Use GPU: cuda:0
>>>>>>>start training : ETTh1_336_720_DTFNet_ETTh1_ftM_sl336_ll0_pl720_dm128_nh16_el2_br2_dl1_df256_fc1_ebtimeF_dtTrue_'Exp'_0_'rel_sin'_16_8_16,24_8,12_3_1_256>>>>>>>>>>>>>>>>>>>>>>>>>>
train 7585
val 2161
test 2161
Epoch: 1 cost time: 5.816756725311279
Epoch: 1, Steps: 29 | Train Loss: 0.1076544 Vali Loss: 0.1790317 Test Loss: 0.0998381
Validation loss decreased (inf --> 0.179032).  Saving model ...
Updating learning rate to 4.2635539919063106e-07
Epoch: 2 cost time: 5.036273956298828
Epoch: 2, Steps: 29 | Train Loss: 0.1067211 Vali Loss: 0.1772352 Test Loss: 0.0989996
Validation loss decreased (0.179032 --> 0.177235).  Saving model ...
Updating learning rate to 5.051321771514831e-07
Epoch: 3 cost time: 5.095713138580322
Epoch: 3, Steps: 29 | Train Loss: 0.1058532 Vali Loss: 0.1758113 Test Loss: 0.0980926
Validation loss decreased (0.177235 --> 0.175811).  Saving model ...
Updating learning rate to 6.354652532866785e-07
Epoch: 4 cost time: 5.159857511520386
Epoch: 4, Steps: 29 | Train Loss: 0.1049796 Vali Loss: 0.1741838 Test Loss: 0.0971227
Validation loss decreased (0.175811 --> 0.174184).  Saving model ...
Updating learning rate to 8.159233858256806e-07
Epoch: 5 cost time: 5.060814142227173
Epoch: 5, Steps: 29 | Train Loss: 0.1039952 Vali Loss: 0.1724327 Test Loss: 0.0960640
Validation loss decreased (0.174184 --> 0.172433).  Saving model ...
Updating learning rate to 1.0445248888850473e-06
Epoch: 6 cost time: 5.018981695175171
Epoch: 6, Steps: 29 | Train Loss: 0.1029674 Vali Loss: 0.1705670 Test Loss: 0.0948799
Validation loss decreased (0.172433 --> 0.170567).  Saving model ...
Updating learning rate to 1.3187593941861497e-06
Epoch: 7 cost time: 5.034150838851929
Epoch: 7, Steps: 29 | Train Loss: 0.1018243 Vali Loss: 0.1682777 Test Loss: 0.0935189
Validation loss decreased (0.170567 --> 0.168278).  Saving model ...
Updating learning rate to 1.6356154184543822e-06
Epoch: 8 cost time: 5.064275026321411
Epoch: 8, Steps: 29 | Train Loss: 0.1006002 Vali Loss: 0.1657810 Test Loss: 0.0918815
Validation loss decreased (0.168278 --> 0.165781).  Saving model ...
Updating learning rate to 1.9916134337707666e-06
Epoch: 9 cost time: 5.054157733917236
Epoch: 9, Steps: 29 | Train Loss: 0.0992262 Vali Loss: 0.1623850 Test Loss: 0.0897620
Validation loss decreased (0.165781 --> 0.162385).  Saving model ...
Updating learning rate to 2.3828440777166636e-06
Epoch: 10 cost time: 5.090448379516602
Epoch: 10, Steps: 29 | Train Loss: 0.0974592 Vali Loss: 0.1583198 Test Loss: 0.0868803
Validation loss decreased (0.162385 --> 0.158320).  Saving model ...
Updating learning rate to 2.805011083710071e-06
Epoch: 11 cost time: 5.072506666183472
Epoch: 11, Steps: 29 | Train Loss: 0.0952474 Vali Loss: 0.1532721 Test Loss: 0.0829151
Validation loss decreased (0.158320 --> 0.153272).  Saving model ...
Updating learning rate to 3.2534784600976295e-06
Epoch: 12 cost time: 5.0350353717803955
Epoch: 12, Steps: 29 | Train Loss: 0.0925858 Vali Loss: 0.1476109 Test Loss: 0.0783408
Validation loss decreased (0.153272 --> 0.147611).  Saving model ...
Updating learning rate to 3.723321399909056e-06
Epoch: 13 cost time: 5.0796403884887695
Epoch: 13, Steps: 29 | Train Loss: 0.0901466 Vali Loss: 0.1426081 Test Loss: 0.0751617
Validation loss decreased (0.147611 --> 0.142608).  Saving model ...
Updating learning rate to 4.209380362212844e-06
Epoch: 14 cost time: 5.142752170562744
Epoch: 14, Steps: 29 | Train Loss: 0.0882521 Vali Loss: 0.1393302 Test Loss: 0.0734826
Validation loss decreased (0.142608 --> 0.139330).  Saving model ...
Updating learning rate to 4.706317731183279e-06
Epoch: 15 cost time: 5.065608024597168
Epoch: 15, Steps: 29 | Train Loss: 0.0864401 Vali Loss: 0.1362010 Test Loss: 0.0714237
Validation loss decreased (0.139330 --> 0.136201).  Saving model ...
Updating learning rate to 5.208676430682048e-06
Epoch: 16 cost time: 5.063047647476196
Epoch: 16, Steps: 29 | Train Loss: 0.0846981 Vali Loss: 0.1341465 Test Loss: 0.0693844
Validation loss decreased (0.136201 --> 0.134147).  Saving model ...
Updating learning rate to 5.710939850683244e-06
Epoch: 17 cost time: 5.007073402404785
Epoch: 17, Steps: 29 | Train Loss: 0.0831713 Vali Loss: 0.1315251 Test Loss: 0.0675210
Validation loss decreased (0.134147 --> 0.131525).  Saving model ...
Updating learning rate to 6.207592427464792e-06
Epoch: 18 cost time: 5.0747668743133545
Epoch: 18, Steps: 29 | Train Loss: 0.0817373 Vali Loss: 0.1300961 Test Loss: 0.0658617
Validation loss decreased (0.131525 --> 0.130096).  Saving model ...
Updating learning rate to 6.693180212309968e-06
Epoch: 19 cost time: 4.999390602111816
Epoch: 19, Steps: 29 | Train Loss: 0.0805946 Vali Loss: 0.1283446 Test Loss: 0.0648456
Validation loss decreased (0.130096 --> 0.128345).  Saving model ...
Updating learning rate to 7.1623707635889015e-06
Epoch: 20 cost time: 5.09677267074585
Epoch: 20, Steps: 29 | Train Loss: 0.0796350 Vali Loss: 0.1277296 Test Loss: 0.0639745
Validation loss decreased (0.128345 --> 0.127730).  Saving model ...
Updating learning rate to 7.610011704520164e-06
Epoch: 21 cost time: 5.13827919960022
Epoch: 21, Steps: 29 | Train Loss: 0.0786323 Vali Loss: 0.1264207 Test Loss: 0.0633015
Validation loss decreased (0.127730 --> 0.126421).  Saving model ...
Updating learning rate to 8.031187303565295e-06
Epoch: 22 cost time: 5.07931923866272
Epoch: 22, Steps: 29 | Train Loss: 0.0777629 Vali Loss: 0.1249935 Test Loss: 0.0627540
Validation loss decreased (0.126421 --> 0.124993).  Saving model ...
Updating learning rate to 8.421272456123378e-06
Epoch: 23 cost time: 5.055246353149414
Epoch: 23, Steps: 29 | Train Loss: 0.0769818 Vali Loss: 0.1243925 Test Loss: 0.0616786
Validation loss decreased (0.124993 --> 0.124392).  Saving model ...
Updating learning rate to 8.775983474730246e-06
Epoch: 24 cost time: 5.1401777267456055
Epoch: 24, Steps: 29 | Train Loss: 0.0761897 Vali Loss: 0.1233222 Test Loss: 0.0608615
Validation loss decreased (0.124392 --> 0.123322).  Saving model ...
Updating learning rate to 9.091425130013939e-06
Epoch: 25 cost time: 5.177703142166138
Epoch: 25, Steps: 29 | Train Loss: 0.0753131 Vali Loss: 0.1227788 Test Loss: 0.0600448
Validation loss decreased (0.123322 --> 0.122779).  Saving model ...
Updating learning rate to 9.364133425830145e-06
Epoch: 26 cost time: 5.13554310798645
Epoch: 26, Steps: 29 | Train Loss: 0.0745822 Vali Loss: 0.1215238 Test Loss: 0.0596236
Validation loss decreased (0.122779 --> 0.121524).  Saving model ...
Updating learning rate to 9.591113638846019e-06
Epoch: 27 cost time: 5.030981779098511
Epoch: 27, Steps: 29 | Train Loss: 0.0738673 Vali Loss: 0.1211743 Test Loss: 0.0587817
Validation loss decreased (0.121524 --> 0.121174).  Saving model ...
Updating learning rate to 9.769873204843885e-06
Epoch: 28 cost time: 5.025376796722412
Epoch: 28, Steps: 29 | Train Loss: 0.0731237 Vali Loss: 0.1200060 Test Loss: 0.0584394
Validation loss decreased (0.121174 --> 0.120006).  Saving model ...
Updating learning rate to 9.898449090606656e-06
Epoch: 29 cost time: 5.027623653411865
Epoch: 29, Steps: 29 | Train Loss: 0.0722787 Vali Loss: 0.1191990 Test Loss: 0.0578037
Validation loss decreased (0.120006 --> 0.119199).  Saving model ...
Updating learning rate to 9.975429350802846e-06
Epoch: 30 cost time: 5.13081169128418
Epoch: 30, Steps: 29 | Train Loss: 0.0716163 Vali Loss: 0.1182739 Test Loss: 0.0569582
Validation loss decreased (0.119199 --> 0.118274).  Saving model ...
Updating learning rate to 9.99999401249548e-06
Epoch: 31 cost time: 5.0295796394348145
Epoch: 31, Steps: 29 | Train Loss: 0.0709008 Vali Loss: 0.1175322 Test Loss: 0.0567555
Validation loss decreased (0.118274 --> 0.117532).  Saving model ...
Updating learning rate to 9.994612212745642e-06
Epoch: 32 cost time: 5.108256816864014
Epoch: 32, Steps: 29 | Train Loss: 0.0701920 Vali Loss: 0.1164546 Test Loss: 0.0560949
Validation loss decreased (0.117532 --> 0.116455).  Saving model ...
Updating learning rate to 9.979171968972798e-06
Epoch: 33 cost time: 5.064932823181152
Epoch: 33, Steps: 29 | Train Loss: 0.0694989 Vali Loss: 0.1153257 Test Loss: 0.0559313
Validation loss decreased (0.116455 --> 0.115326).  Saving model ...
Updating learning rate to 9.953704375773079e-06
Epoch: 34 cost time: 5.096361875534058
Epoch: 34, Steps: 29 | Train Loss: 0.0687812 Vali Loss: 0.1149840 Test Loss: 0.0552536
Validation loss decreased (0.115326 --> 0.114984).  Saving model ...
Updating learning rate to 9.918260721489893e-06
Epoch: 35 cost time: 5.062264919281006
Epoch: 35, Steps: 29 | Train Loss: 0.0680735 Vali Loss: 0.1142142 Test Loss: 0.0551751
Validation loss decreased (0.114984 --> 0.114214).  Saving model ...
Updating learning rate to 9.872912384926035e-06
Epoch: 36 cost time: 5.0761637687683105
Epoch: 36, Steps: 29 | Train Loss: 0.0674241 Vali Loss: 0.1133896 Test Loss: 0.0548467
Validation loss decreased (0.114214 --> 0.113390).  Saving model ...
Updating learning rate to 9.817750691596265e-06
Epoch: 37 cost time: 5.014383554458618
Epoch: 37, Steps: 29 | Train Loss: 0.0667441 Vali Loss: 0.1131261 Test Loss: 0.0541910
Validation loss decreased (0.113390 --> 0.113126).  Saving model ...
Updating learning rate to 9.752886729809889e-06
Epoch: 38 cost time: 5.0939741134643555
Epoch: 38, Steps: 29 | Train Loss: 0.0661252 Vali Loss: 0.1125618 Test Loss: 0.0534497
Validation loss decreased (0.113126 --> 0.112562).  Saving model ...
Updating learning rate to 9.678451126953676e-06
Epoch: 39 cost time: 5.008800983428955
Epoch: 39, Steps: 29 | Train Loss: 0.0654261 Vali Loss: 0.1109974 Test Loss: 0.0533170
Validation loss decreased (0.112562 --> 0.110997).  Saving model ...
Updating learning rate to 9.594593786425696e-06
Epoch: 40 cost time: 5.006025552749634
Epoch: 40, Steps: 29 | Train Loss: 0.0647810 Vali Loss: 0.1101752 Test Loss: 0.0530667
Validation loss decreased (0.110997 --> 0.110175).  Saving model ...
Updating learning rate to 9.501483585749811e-06
Epoch: 41 cost time: 4.996057987213135
Epoch: 41, Steps: 29 | Train Loss: 0.0641954 Vali Loss: 0.1103492 Test Loss: 0.0523469
EarlyStopping counter: 1 out of 10
Updating learning rate to 9.399308036478838e-06
Epoch: 42 cost time: 5.014731407165527
Epoch: 42, Steps: 29 | Train Loss: 0.0635969 Vali Loss: 0.1097138 Test Loss: 0.0519438
Validation loss decreased (0.110175 --> 0.109714).  Saving model ...
Updating learning rate to 9.288272906571216e-06
Epoch: 43 cost time: 5.095341682434082
Epoch: 43, Steps: 29 | Train Loss: 0.0629150 Vali Loss: 0.1081376 Test Loss: 0.0519124
Validation loss decreased (0.109714 --> 0.108138).  Saving model ...
Updating learning rate to 9.16860180600173e-06
Epoch: 44 cost time: 4.961773872375488
Epoch: 44, Steps: 29 | Train Loss: 0.0623518 Vali Loss: 0.1078487 Test Loss: 0.0513422
Validation loss decreased (0.108138 --> 0.107849).  Saving model ...
Updating learning rate to 9.040535736440785e-06
Epoch: 45 cost time: 5.050650358200073
Epoch: 45, Steps: 29 | Train Loss: 0.0617380 Vali Loss: 0.1067255 Test Loss: 0.0513645
Validation loss decreased (0.107849 --> 0.106726).  Saving model ...
Updating learning rate to 8.904332605909106e-06
Epoch: 46 cost time: 5.050318479537964
Epoch: 46, Steps: 29 | Train Loss: 0.0611251 Vali Loss: 0.1063256 Test Loss: 0.0510222
Validation loss decreased (0.106726 --> 0.106326).  Saving model ...
Updating learning rate to 8.760266709385311e-06
Epoch: 47 cost time: 4.987252473831177
Epoch: 47, Steps: 29 | Train Loss: 0.0606063 Vali Loss: 0.1055754 Test Loss: 0.0505367
Validation loss decreased (0.106326 --> 0.105575).  Saving model ...
Updating learning rate to 8.608628176412335e-06
Epoch: 48 cost time: 4.973302841186523
Epoch: 48, Steps: 29 | Train Loss: 0.0600148 Vali Loss: 0.1042217 Test Loss: 0.0505262
Validation loss decreased (0.105575 --> 0.104222).  Saving model ...
Updating learning rate to 8.449722386815127e-06
Epoch: 49 cost time: 5.010653018951416
Epoch: 49, Steps: 29 | Train Loss: 0.0594052 Vali Loss: 0.1038988 Test Loss: 0.0500370
Validation loss decreased (0.104222 --> 0.103899).  Saving model ...
Updating learning rate to 8.28386935570634e-06
Epoch: 50 cost time: 5.074965476989746
Epoch: 50, Steps: 29 | Train Loss: 0.0589027 Vali Loss: 0.1028400 Test Loss: 0.0497819
Validation loss decreased (0.103899 --> 0.102840).  Saving model ...
Updating learning rate to 8.111403089018465e-06
Epoch: 51 cost time: 4.977273941040039
Epoch: 51, Steps: 29 | Train Loss: 0.0583512 Vali Loss: 0.1022238 Test Loss: 0.0494723
Validation loss decreased (0.102840 --> 0.102224).  Saving model ...
Updating learning rate to 7.93267091086035e-06
Epoch: 52 cost time: 4.9515087604522705
Epoch: 52, Steps: 29 | Train Loss: 0.0577731 Vali Loss: 0.1016779 Test Loss: 0.0490761
Validation loss decreased (0.102224 --> 0.101678).  Saving model ...
Updating learning rate to 7.748032764052655e-06
Epoch: 53 cost time: 4.985273599624634
Epoch: 53, Steps: 29 | Train Loss: 0.0573148 Vali Loss: 0.1010546 Test Loss: 0.0486571
Validation loss decreased (0.101678 --> 0.101055).  Saving model ...
Updating learning rate to 7.557860485250925e-06
Epoch: 54 cost time: 4.956727504730225
Epoch: 54, Steps: 29 | Train Loss: 0.0567458 Vali Loss: 0.0998474 Test Loss: 0.0485120
Validation loss decreased (0.101055 --> 0.099847).  Saving model ...
Updating learning rate to 7.362537056116034e-06
Epoch: 55 cost time: 4.957782983779907
Epoch: 55, Steps: 29 | Train Loss: 0.0562623 Vali Loss: 0.0991392 Test Loss: 0.0482565
Validation loss decreased (0.099847 --> 0.099139).  Saving model ...
Updating learning rate to 7.162455832040107e-06
Epoch: 56 cost time: 4.967588663101196
Epoch: 56, Steps: 29 | Train Loss: 0.0557627 Vali Loss: 0.0985829 Test Loss: 0.0478657
Validation loss decreased (0.099139 --> 0.098583).  Saving model ...
Updating learning rate to 6.9580197499810984e-06
Epoch: 57 cost time: 4.973071098327637
Epoch: 57, Steps: 29 | Train Loss: 0.0552294 Vali Loss: 0.0978712 Test Loss: 0.0474789
Validation loss decreased (0.098583 --> 0.097871).  Saving model ...
Updating learning rate to 6.7496405170013816e-06
Epoch: 58 cost time: 4.9861741065979
Epoch: 58, Steps: 29 | Train Loss: 0.0547522 Vali Loss: 0.0968512 Test Loss: 0.0472364
Validation loss decreased (0.097871 --> 0.096851).  Saving model ...
Updating learning rate to 6.537737781144523e-06
Epoch: 59 cost time: 4.972366571426392
Epoch: 59, Steps: 29 | Train Loss: 0.0542791 Vali Loss: 0.0970267 Test Loss: 0.0465944
EarlyStopping counter: 1 out of 10
Updating learning rate to 6.322738286319964e-06
Epoch: 60 cost time: 5.037953853607178
Epoch: 60, Steps: 29 | Train Loss: 0.0538323 Vali Loss: 0.0952871 Test Loss: 0.0467923
Validation loss decreased (0.096851 --> 0.095287).  Saving model ...
Updating learning rate to 6.105075012897585e-06
Epoch: 61 cost time: 4.966481685638428
Epoch: 61, Steps: 29 | Train Loss: 0.0534272 Vali Loss: 0.0946475 Test Loss: 0.0463860
Validation loss decreased (0.095287 --> 0.094648).  Saving model ...
Updating learning rate to 5.885186305742857e-06
Epoch: 62 cost time: 4.997291803359985
Epoch: 62, Steps: 29 | Train Loss: 0.0529232 Vali Loss: 0.0937927 Test Loss: 0.0462124
Validation loss decreased (0.094648 --> 0.093793).  Saving model ...
Updating learning rate to 5.6635149914486225e-06
Epoch: 63 cost time: 4.930051565170288
Epoch: 63, Steps: 29 | Train Loss: 0.0524685 Vali Loss: 0.0932262 Test Loss: 0.0457423
Validation loss decreased (0.093793 --> 0.093226).  Saving model ...
Updating learning rate to 5.440507486541268e-06
Epoch: 64 cost time: 5.008542776107788
Epoch: 64, Steps: 29 | Train Loss: 0.0519805 Vali Loss: 0.0924180 Test Loss: 0.0454841
Validation loss decreased (0.093226 --> 0.092418).  Saving model ...
Updating learning rate to 5.216612898457253e-06
Epoch: 65 cost time: 5.036003112792969
Epoch: 65, Steps: 29 | Train Loss: 0.0516085 Vali Loss: 0.0916314 Test Loss: 0.0450743
Validation loss decreased (0.092418 --> 0.091631).  Saving model ...
Updating learning rate to 4.992282121100496e-06
Epoch: 66 cost time: 4.99654221534729
Epoch: 66, Steps: 29 | Train Loss: 0.0511121 Vali Loss: 0.0909609 Test Loss: 0.0447951
Validation loss decreased (0.091631 --> 0.090961).  Saving model ...
Updating learning rate to 4.767966926802067e-06
Epoch: 67 cost time: 4.928695917129517
Epoch: 67, Steps: 29 | Train Loss: 0.0507177 Vali Loss: 0.0902062 Test Loss: 0.0445120
Validation loss decreased (0.090961 --> 0.090206).  Saving model ...
Updating learning rate to 4.5441190565108235e-06
Epoch: 68 cost time: 5.004779577255249
Epoch: 68, Steps: 29 | Train Loss: 0.0503342 Vali Loss: 0.0903236 Test Loss: 0.0440236
EarlyStopping counter: 1 out of 10
Updating learning rate to 4.3211893100472735e-06
Epoch: 69 cost time: 4.969415187835693
Epoch: 69, Steps: 29 | Train Loss: 0.0498635 Vali Loss: 0.0895289 Test Loss: 0.0436113
Validation loss decreased (0.090206 --> 0.089529).  Saving model ...
Updating learning rate to 4.099626638252712e-06
Epoch: 70 cost time: 5.039175033569336
Epoch: 70, Steps: 29 | Train Loss: 0.0494838 Vali Loss: 0.0884287 Test Loss: 0.0435980
Validation loss decreased (0.089529 --> 0.088429).  Saving model ...
Updating learning rate to 3.879877238861997e-06
Epoch: 71 cost time: 4.970136404037476
Epoch: 71, Steps: 29 | Train Loss: 0.0490618 Vali Loss: 0.0879128 Test Loss: 0.0431194
Validation loss decreased (0.088429 --> 0.087913).  Saving model ...
Updating learning rate to 3.662383657920668e-06
Epoch: 72 cost time: 4.942129850387573
Epoch: 72, Steps: 29 | Train Loss: 0.0487037 Vali Loss: 0.0871458 Test Loss: 0.0428075
Validation loss decreased (0.087913 --> 0.087146).  Saving model ...
Updating learning rate to 3.447583898556124e-06
Epoch: 73 cost time: 5.064653158187866
Epoch: 73, Steps: 29 | Train Loss: 0.0482515 Vali Loss: 0.0868656 Test Loss: 0.0423952
Validation loss decreased (0.087146 --> 0.086866).  Saving model ...
Updating learning rate to 3.2359105388976132e-06
Epoch: 74 cost time: 4.8938820362091064
Epoch: 74, Steps: 29 | Train Loss: 0.0479024 Vali Loss: 0.0858879 Test Loss: 0.0420730
Validation loss decreased (0.086866 --> 0.085888).  Saving model ...
Updating learning rate to 3.027789860921434e-06
Epoch: 75 cost time: 5.007959365844727
Epoch: 75, Steps: 29 | Train Loss: 0.0475109 Vali Loss: 0.0853823 Test Loss: 0.0419438
Validation loss decreased (0.085888 --> 0.085382).  Saving model ...
Updating learning rate to 2.8236409919757893e-06
Epoch: 76 cost time: 4.932433366775513
Epoch: 76, Steps: 29 | Train Loss: 0.0471002 Vali Loss: 0.0845743 Test Loss: 0.0416355
Validation loss decreased (0.085382 --> 0.084574).  Saving model ...
Updating learning rate to 2.6238750607140637e-06
Epoch: 77 cost time: 4.923299551010132
Epoch: 77, Steps: 29 | Train Loss: 0.0467627 Vali Loss: 0.0842663 Test Loss: 0.0411759
Validation loss decreased (0.084574 --> 0.084266).  Saving model ...
Updating learning rate to 2.4288943691364434e-06
Epoch: 78 cost time: 5.000370979309082
Epoch: 78, Steps: 29 | Train Loss: 0.0463461 Vali Loss: 0.0832346 Test Loss: 0.0409987
Validation loss decreased (0.084266 --> 0.083235).  Saving model ...
Updating learning rate to 2.2390915824072217e-06
Epoch: 79 cost time: 5.070112228393555
Epoch: 79, Steps: 29 | Train Loss: 0.0460359 Vali Loss: 0.0827699 Test Loss: 0.0406964
Validation loss decreased (0.083235 --> 0.082770).  Saving model ...
Updating learning rate to 2.0548489380794217e-06
Epoch: 80 cost time: 5.027262449264526
Epoch: 80, Steps: 29 | Train Loss: 0.0456424 Vali Loss: 0.0820671 Test Loss: 0.0403409
Validation loss decreased (0.082770 --> 0.082067).  Saving model ...
Updating learning rate to 1.876537476319218e-06
Epoch: 81 cost time: 4.964462995529175
Epoch: 81, Steps: 29 | Train Loss: 0.0454019 Vali Loss: 0.0817964 Test Loss: 0.0403445
Validation loss decreased (0.082067 --> 0.081796).  Saving model ...
Updating learning rate to 1.7045162926804444e-06
Epoch: 82 cost time: 4.945977687835693
Epoch: 82, Steps: 29 | Train Loss: 0.0453697 Vali Loss: 0.0818567 Test Loss: 0.0403858
EarlyStopping counter: 1 out of 10
Updating learning rate to 1.5391318149339123e-06
Epoch: 83 cost time: 4.993236780166626
Epoch: 83, Steps: 29 | Train Loss: 0.0453341 Vali Loss: 0.0817014 Test Loss: 0.0403887
Validation loss decreased (0.081796 --> 0.081701).  Saving model ...
Updating learning rate to 1.3807171054080036e-06
Epoch: 84 cost time: 4.983582019805908
Epoch: 84, Steps: 29 | Train Loss: 0.0453273 Vali Loss: 0.0821309 Test Loss: 0.0403013
EarlyStopping counter: 1 out of 10
Updating learning rate to 1.2295911902454577e-06
Epoch: 85 cost time: 5.055192470550537
Epoch: 85, Steps: 29 | Train Loss: 0.0453382 Vali Loss: 0.0819178 Test Loss: 0.0404298
EarlyStopping counter: 2 out of 10
Updating learning rate to 1.0860584169271784e-06
Epoch: 86 cost time: 5.069384336471558
Epoch: 86, Steps: 29 | Train Loss: 0.0453378 Vali Loss: 0.0821596 Test Loss: 0.0403301
EarlyStopping counter: 3 out of 10
Updating learning rate to 9.504078413569088e-07
Epoch: 87 cost time: 5.027459621429443
Epoch: 87, Steps: 29 | Train Loss: 0.0453005 Vali Loss: 0.0819124 Test Loss: 0.0403977
EarlyStopping counter: 4 out of 10
Updating learning rate to 8.229126457411124e-07
Epoch: 88 cost time: 5.109121799468994
Epoch: 88, Steps: 29 | Train Loss: 0.0453122 Vali Loss: 0.0818123 Test Loss: 0.0403118
EarlyStopping counter: 5 out of 10
Updating learning rate to 7.038295884363647e-07
Epoch: 89 cost time: 4.999297380447388
Epoch: 89, Steps: 29 | Train Loss: 0.0453073 Vali Loss: 0.0817706 Test Loss: 0.0403965
EarlyStopping counter: 6 out of 10
Updating learning rate to 5.933984868721898e-07
Epoch: 90 cost time: 5.064709901809692
Epoch: 90, Steps: 29 | Train Loss: 0.0453090 Vali Loss: 0.0819405 Test Loss: 0.0403633
EarlyStopping counter: 7 out of 10
Updating learning rate to 4.918417345906772e-07
Epoch: 91 cost time: 4.966423273086548
Epoch: 91, Steps: 29 | Train Loss: 0.0452847 Vali Loss: 0.0818497 Test Loss: 0.0403756
EarlyStopping counter: 8 out of 10
Updating learning rate to 3.9936385337548097e-07
Epoch: 92 cost time: 5.001287937164307
Epoch: 92, Steps: 29 | Train Loss: 0.0453267 Vali Loss: 0.0817463 Test Loss: 0.0403993
EarlyStopping counter: 9 out of 10
Updating learning rate to 3.161510813721721e-07
Epoch: 93 cost time: 4.978704929351807
Epoch: 93, Steps: 29 | Train Loss: 0.0452776 Vali Loss: 0.0820734 Test Loss: 0.0403735
EarlyStopping counter: 10 out of 10
Early stopping
>>>>>>>testing : ETTh1_336_720_DTFNet_ETTh1_ftM_sl336_ll0_pl720_dm128_nh16_el2_br2_dl1_df256_fc1_ebtimeF_dtTrue_'Exp'_0_'rel_sin'_16_8_16,24_8,12_3_1_256<<<<<<<<<<<<<<<<<<<<<<<<<<<<<<<<<
test 2161
mse:0.4291612505912781, mae:0.45083069801330566, rse:0.629209578037262
