Args in experiment:
Namespace(activation='gelu', affine=0, batch_size=256, c_out=7, checkpoints='./checkpoints/', d_ff=256, d_layers=1, d_model=128, d_model_ls='128', data='ETTh1', data_path='ETTh1.csv', dec_in=7, decomposition=0, des="'Exp'", devices='0', dilation_rates='1', distil=True, do_predict=False, dropout=0.3, e_layers=2, embed='timeF', embed_type=0, enc_in=7, factor=1, fc_dropout=0.3, features='M', freq='h', gpu=0, head_dropout=0.1, head_type='flatten', individual=0, initTLV=0.2, is_training=1, itr=1, kernel_size=25, l2=0.0, label_len=0, learning_rate=1e-05, loss='mse', loss_flag=2, lradj='TST', mlflow_project='exp', model='DTFNet', model_id='ETTh1_336_720', model_type='linear', moving_avg=25, n_branches=2, n_heads=16, n_heads_ls='16', no_learn_pe=True, num_workers=0, output_attention=False, padding_patch="'end'", patch_len=16, patch_len_ls='16,24', patience=10, pct_start=0.3, pe='zeros', pre_norm=False, pred_len=720, rel_pe="'rel_sin'", res_attn=False, revin=1, root_path='./dataset/', seq_len=336, store_attn=False, stride=8, stride_ls='8,12', stride_ls_list='16', sub_patch_len=16, sub_stride=8, subtract_last=0, target='OT', test_flop=False, tfactor=3, train_epochs=100, use_amp=False, use_gpu=True, use_mlflow=False, use_multi_gpu=False, warmup_steps=0, wavelet_dim=64, wavelet_layers=2, wavelet_mode='periodization', wavelet_type='db5')
Use GPU: cuda:0
>>>>>>>start training : ETTh1_336_720_DTFNet_ETTh1_ftM_sl336_ll0_pl720_dm128_nh16_el2_br2_dl1_df256_fc1_ebtimeF_dtTrue_'Exp'_0_'rel_sin'_16_8_16,24_8,12_3_1_256>>>>>>>>>>>>>>>>>>>>>>>>>>
train 7585
val 2161
test 2161
Epoch: 1 cost time: 5.946523427963257
Epoch: 1, Steps: 29 | Train Loss: 0.1076403 Vali Loss: 0.1788222 Test Loss: 0.0998065
Validation loss decreased (inf --> 0.178822).  Saving model ...
Updating learning rate to 4.2635539919063106e-07
Epoch: 2 cost time: 5.088207244873047
Epoch: 2, Steps: 29 | Train Loss: 0.1066828 Vali Loss: 0.1773740 Test Loss: 0.0989858
Validation loss decreased (0.178822 --> 0.177374).  Saving model ...
Updating learning rate to 5.051321771514831e-07
Epoch: 3 cost time: 5.188895225524902
Epoch: 3, Steps: 29 | Train Loss: 0.1058704 Vali Loss: 0.1759466 Test Loss: 0.0980903
Validation loss decreased (0.177374 --> 0.175947).  Saving model ...
Updating learning rate to 6.354652532866785e-07
Epoch: 4 cost time: 5.131848335266113
Epoch: 4, Steps: 29 | Train Loss: 0.1049576 Vali Loss: 0.1743564 Test Loss: 0.0971397
Validation loss decreased (0.175947 --> 0.174356).  Saving model ...
Updating learning rate to 8.159233858256806e-07
Epoch: 5 cost time: 5.049890041351318
Epoch: 5, Steps: 29 | Train Loss: 0.1040397 Vali Loss: 0.1723774 Test Loss: 0.0961129
Validation loss decreased (0.174356 --> 0.172377).  Saving model ...
Updating learning rate to 1.0445248888850473e-06
Epoch: 6 cost time: 4.971207618713379
Epoch: 6, Steps: 29 | Train Loss: 0.1030122 Vali Loss: 0.1705465 Test Loss: 0.0949667
Validation loss decreased (0.172377 --> 0.170547).  Saving model ...
Updating learning rate to 1.3187593941861497e-06
Epoch: 7 cost time: 5.027188301086426
Epoch: 7, Steps: 29 | Train Loss: 0.1019397 Vali Loss: 0.1682427 Test Loss: 0.0936414
Validation loss decreased (0.170547 --> 0.168243).  Saving model ...
Updating learning rate to 1.6356154184543822e-06
Epoch: 8 cost time: 5.049302816390991
Epoch: 8, Steps: 29 | Train Loss: 0.1006435 Vali Loss: 0.1660265 Test Loss: 0.0920495
Validation loss decreased (0.168243 --> 0.166027).  Saving model ...
Updating learning rate to 1.9916134337707666e-06
Epoch: 9 cost time: 5.034956932067871
Epoch: 9, Steps: 29 | Train Loss: 0.0992563 Vali Loss: 0.1626985 Test Loss: 0.0900298
Validation loss decreased (0.166027 --> 0.162699).  Saving model ...
Updating learning rate to 2.3828440777166636e-06
Epoch: 10 cost time: 5.073183298110962
Epoch: 10, Steps: 29 | Train Loss: 0.0975720 Vali Loss: 0.1586194 Test Loss: 0.0873174
Validation loss decreased (0.162699 --> 0.158619).  Saving model ...
Updating learning rate to 2.805011083710071e-06
Epoch: 11 cost time: 5.211321115493774
Epoch: 11, Steps: 29 | Train Loss: 0.0953440 Vali Loss: 0.1538062 Test Loss: 0.0834903
Validation loss decreased (0.158619 --> 0.153806).  Saving model ...
Updating learning rate to 3.2534784600976295e-06
Epoch: 12 cost time: 5.192164897918701
Epoch: 12, Steps: 29 | Train Loss: 0.0925802 Vali Loss: 0.1472359 Test Loss: 0.0787179
Validation loss decreased (0.153806 --> 0.147236).  Saving model ...
Updating learning rate to 3.723321399909056e-06
Epoch: 13 cost time: 5.1860127449035645
Epoch: 13, Steps: 29 | Train Loss: 0.0899187 Vali Loss: 0.1421281 Test Loss: 0.0753077
Validation loss decreased (0.147236 --> 0.142128).  Saving model ...
Updating learning rate to 4.209380362212844e-06
Epoch: 14 cost time: 5.1118528842926025
Epoch: 14, Steps: 29 | Train Loss: 0.0878449 Vali Loss: 0.1383194 Test Loss: 0.0733063
Validation loss decreased (0.142128 --> 0.138319).  Saving model ...
Updating learning rate to 4.706317731183279e-06
Epoch: 15 cost time: 5.034810543060303
Epoch: 15, Steps: 29 | Train Loss: 0.0861706 Vali Loss: 0.1355702 Test Loss: 0.0714866
Validation loss decreased (0.138319 --> 0.135570).  Saving model ...
Updating learning rate to 5.208676430682048e-06
Epoch: 16 cost time: 4.988905191421509
Epoch: 16, Steps: 29 | Train Loss: 0.0845730 Vali Loss: 0.1335546 Test Loss: 0.0699093
Validation loss decreased (0.135570 --> 0.133555).  Saving model ...
Updating learning rate to 5.710939850683244e-06
Epoch: 17 cost time: 5.0567286014556885
Epoch: 17, Steps: 29 | Train Loss: 0.0830779 Vali Loss: 0.1319667 Test Loss: 0.0676820
Validation loss decreased (0.133555 --> 0.131967).  Saving model ...
Updating learning rate to 6.207592427464792e-06
Epoch: 18 cost time: 4.969019889831543
Epoch: 18, Steps: 29 | Train Loss: 0.0816815 Vali Loss: 0.1301763 Test Loss: 0.0663723
Validation loss decreased (0.131967 --> 0.130176).  Saving model ...
Updating learning rate to 6.693180212309968e-06
Epoch: 19 cost time: 5.106078624725342
Epoch: 19, Steps: 29 | Train Loss: 0.0804506 Vali Loss: 0.1287269 Test Loss: 0.0649800
Validation loss decreased (0.130176 --> 0.128727).  Saving model ...
Updating learning rate to 7.1623707635889015e-06
Epoch: 20 cost time: 5.124020576477051
Epoch: 20, Steps: 29 | Train Loss: 0.0794887 Vali Loss: 0.1277966 Test Loss: 0.0638111
Validation loss decreased (0.128727 --> 0.127797).  Saving model ...
Updating learning rate to 7.610011704520164e-06
Epoch: 21 cost time: 5.172021150588989
Epoch: 21, Steps: 29 | Train Loss: 0.0785180 Vali Loss: 0.1268026 Test Loss: 0.0631504
Validation loss decreased (0.127797 --> 0.126803).  Saving model ...
Updating learning rate to 8.031187303565295e-06
Epoch: 22 cost time: 5.120177268981934
Epoch: 22, Steps: 29 | Train Loss: 0.0776695 Vali Loss: 0.1257445 Test Loss: 0.0625620
Validation loss decreased (0.126803 --> 0.125744).  Saving model ...
Updating learning rate to 8.421272456123378e-06
Epoch: 23 cost time: 5.092192649841309
Epoch: 23, Steps: 29 | Train Loss: 0.0767981 Vali Loss: 0.1247413 Test Loss: 0.0613911
Validation loss decreased (0.125744 --> 0.124741).  Saving model ...
Updating learning rate to 8.775983474730246e-06
Epoch: 24 cost time: 5.068166494369507
Epoch: 24, Steps: 29 | Train Loss: 0.0759818 Vali Loss: 0.1237196 Test Loss: 0.0609401
Validation loss decreased (0.124741 --> 0.123720).  Saving model ...
Updating learning rate to 9.091425130013939e-06
Epoch: 25 cost time: 5.137430429458618
Epoch: 25, Steps: 29 | Train Loss: 0.0751583 Vali Loss: 0.1231267 Test Loss: 0.0604161
Validation loss decreased (0.123720 --> 0.123127).  Saving model ...
Updating learning rate to 9.364133425830145e-06
Epoch: 26 cost time: 5.024360179901123
Epoch: 26, Steps: 29 | Train Loss: 0.0743754 Vali Loss: 0.1218427 Test Loss: 0.0598707
Validation loss decreased (0.123127 --> 0.121843).  Saving model ...
Updating learning rate to 9.591113638846019e-06
Epoch: 27 cost time: 4.985066652297974
Epoch: 27, Steps: 29 | Train Loss: 0.0736919 Vali Loss: 0.1210644 Test Loss: 0.0591343
Validation loss decreased (0.121843 --> 0.121064).  Saving model ...
Updating learning rate to 9.769873204843885e-06
Epoch: 28 cost time: 5.048064231872559
Epoch: 28, Steps: 29 | Train Loss: 0.0729027 Vali Loss: 0.1211343 Test Loss: 0.0581792
EarlyStopping counter: 1 out of 10
Updating learning rate to 9.898449090606656e-06
Epoch: 29 cost time: 5.032617568969727
Epoch: 29, Steps: 29 | Train Loss: 0.0721491 Vali Loss: 0.1191342 Test Loss: 0.0585276
Validation loss decreased (0.121064 --> 0.119134).  Saving model ...
Updating learning rate to 9.975429350802846e-06
Epoch: 30 cost time: 5.064845323562622
Epoch: 30, Steps: 29 | Train Loss: 0.0714207 Vali Loss: 0.1192931 Test Loss: 0.0574958
EarlyStopping counter: 1 out of 10
Updating learning rate to 9.99999401249548e-06
Epoch: 31 cost time: 5.0401246547698975
Epoch: 31, Steps: 29 | Train Loss: 0.0707007 Vali Loss: 0.1184024 Test Loss: 0.0569416
Validation loss decreased (0.119134 --> 0.118402).  Saving model ...
Updating learning rate to 9.994612212745642e-06
Epoch: 32 cost time: 5.102475643157959
Epoch: 32, Steps: 29 | Train Loss: 0.0699820 Vali Loss: 0.1173333 Test Loss: 0.0565401
Validation loss decreased (0.118402 --> 0.117333).  Saving model ...
Updating learning rate to 9.979171968972798e-06
Epoch: 33 cost time: 5.069491624832153
Epoch: 33, Steps: 29 | Train Loss: 0.0692531 Vali Loss: 0.1170597 Test Loss: 0.0560251
Validation loss decreased (0.117333 --> 0.117060).  Saving model ...
Updating learning rate to 9.953704375773079e-06
Epoch: 34 cost time: 5.167300462722778
Epoch: 34, Steps: 29 | Train Loss: 0.0685823 Vali Loss: 0.1161031 Test Loss: 0.0559734
Validation loss decreased (0.117060 --> 0.116103).  Saving model ...
Updating learning rate to 9.918260721489893e-06
Epoch: 35 cost time: 5.166061639785767
Epoch: 35, Steps: 29 | Train Loss: 0.0679180 Vali Loss: 0.1153500 Test Loss: 0.0556541
Validation loss decreased (0.116103 --> 0.115350).  Saving model ...
Updating learning rate to 9.872912384926035e-06
Epoch: 36 cost time: 5.10192084312439
Epoch: 36, Steps: 29 | Train Loss: 0.0672071 Vali Loss: 0.1139965 Test Loss: 0.0554954
Validation loss decreased (0.115350 --> 0.113997).  Saving model ...
Updating learning rate to 9.817750691596265e-06
Epoch: 37 cost time: 5.153921604156494
Epoch: 37, Steps: 29 | Train Loss: 0.0665556 Vali Loss: 0.1134096 Test Loss: 0.0549258
Validation loss decreased (0.113997 --> 0.113410).  Saving model ...
Updating learning rate to 9.752886729809889e-06
Epoch: 38 cost time: 5.117742538452148
Epoch: 38, Steps: 29 | Train Loss: 0.0659189 Vali Loss: 0.1126451 Test Loss: 0.0543088
Validation loss decreased (0.113410 --> 0.112645).  Saving model ...
Updating learning rate to 9.678451126953676e-06
Epoch: 39 cost time: 5.019692897796631
Epoch: 39, Steps: 29 | Train Loss: 0.0652401 Vali Loss: 0.1118552 Test Loss: 0.0541888
Validation loss decreased (0.112645 --> 0.111855).  Saving model ...
Updating learning rate to 9.594593786425696e-06
Epoch: 40 cost time: 5.114603281021118
Epoch: 40, Steps: 29 | Train Loss: 0.0645546 Vali Loss: 0.1113693 Test Loss: 0.0539012
Validation loss decreased (0.111855 --> 0.111369).  Saving model ...
Updating learning rate to 9.501483585749811e-06
Epoch: 41 cost time: 5.143097400665283
Epoch: 41, Steps: 29 | Train Loss: 0.0640314 Vali Loss: 0.1104213 Test Loss: 0.0535935
Validation loss decreased (0.111369 --> 0.110421).  Saving model ...
Updating learning rate to 9.399308036478838e-06
Epoch: 42 cost time: 5.1111838817596436
Epoch: 42, Steps: 29 | Train Loss: 0.0633336 Vali Loss: 0.1098676 Test Loss: 0.0536174
Validation loss decreased (0.110421 --> 0.109868).  Saving model ...
Updating learning rate to 9.288272906571216e-06
Epoch: 43 cost time: 5.027397632598877
Epoch: 43, Steps: 29 | Train Loss: 0.0627256 Vali Loss: 0.1092353 Test Loss: 0.0527929
Validation loss decreased (0.109868 --> 0.109235).  Saving model ...
Updating learning rate to 9.16860180600173e-06
Epoch: 44 cost time: 5.002309083938599
Epoch: 44, Steps: 29 | Train Loss: 0.0620684 Vali Loss: 0.1082441 Test Loss: 0.0529239
Validation loss decreased (0.109235 --> 0.108244).  Saving model ...
Updating learning rate to 9.040535736440785e-06
Epoch: 45 cost time: 4.9499192237854
Epoch: 45, Steps: 29 | Train Loss: 0.0614971 Vali Loss: 0.1078541 Test Loss: 0.0521308
Validation loss decreased (0.108244 --> 0.107854).  Saving model ...
Updating learning rate to 8.904332605909106e-06
Epoch: 46 cost time: 4.994717597961426
Epoch: 46, Steps: 29 | Train Loss: 0.0609107 Vali Loss: 0.1066790 Test Loss: 0.0518446
Validation loss decreased (0.107854 --> 0.106679).  Saving model ...
Updating learning rate to 8.760266709385311e-06
Epoch: 47 cost time: 5.045830011367798
Epoch: 47, Steps: 29 | Train Loss: 0.0603210 Vali Loss: 0.1058642 Test Loss: 0.0517680
Validation loss decreased (0.106679 --> 0.105864).  Saving model ...
Updating learning rate to 8.608628176412335e-06
Epoch: 48 cost time: 5.0157387256622314
Epoch: 48, Steps: 29 | Train Loss: 0.0597850 Vali Loss: 0.1065361 Test Loss: 0.0508840
EarlyStopping counter: 1 out of 10
Updating learning rate to 8.449722386815127e-06
Epoch: 49 cost time: 4.991360187530518
Epoch: 49, Steps: 29 | Train Loss: 0.0592177 Vali Loss: 0.1053998 Test Loss: 0.0504448
Validation loss decreased (0.105864 --> 0.105400).  Saving model ...
Updating learning rate to 8.28386935570634e-06
Epoch: 50 cost time: 5.062117576599121
Epoch: 50, Steps: 29 | Train Loss: 0.0586369 Vali Loss: 0.1047278 Test Loss: 0.0503772
Validation loss decreased (0.105400 --> 0.104728).  Saving model ...
Updating learning rate to 8.111403089018465e-06
Epoch: 51 cost time: 5.0455780029296875
Epoch: 51, Steps: 29 | Train Loss: 0.0580971 Vali Loss: 0.1031835 Test Loss: 0.0503481
Validation loss decreased (0.104728 --> 0.103183).  Saving model ...
Updating learning rate to 7.93267091086035e-06
Epoch: 52 cost time: 4.978500127792358
Epoch: 52, Steps: 29 | Train Loss: 0.0575976 Vali Loss: 0.1028240 Test Loss: 0.0498495
Validation loss decreased (0.103183 --> 0.102824).  Saving model ...
Updating learning rate to 7.748032764052655e-06
Epoch: 53 cost time: 4.947649717330933
Epoch: 53, Steps: 29 | Train Loss: 0.0570344 Vali Loss: 0.1029492 Test Loss: 0.0491486
EarlyStopping counter: 1 out of 10
Updating learning rate to 7.557860485250925e-06
Epoch: 54 cost time: 4.99922251701355
Epoch: 54, Steps: 29 | Train Loss: 0.0564738 Vali Loss: 0.1013245 Test Loss: 0.0490935
Validation loss decreased (0.102824 --> 0.101325).  Saving model ...
Updating learning rate to 7.362537056116034e-06
Epoch: 55 cost time: 5.02864670753479
Epoch: 55, Steps: 29 | Train Loss: 0.0559983 Vali Loss: 0.1009450 Test Loss: 0.0487270
Validation loss decreased (0.101325 --> 0.100945).  Saving model ...
Updating learning rate to 7.162455832040107e-06
Epoch: 56 cost time: 5.083199501037598
Epoch: 56, Steps: 29 | Train Loss: 0.0554764 Vali Loss: 0.1005586 Test Loss: 0.0482428
Validation loss decreased (0.100945 --> 0.100559).  Saving model ...
Updating learning rate to 6.9580197499810984e-06
Epoch: 57 cost time: 5.066755771636963
Epoch: 57, Steps: 29 | Train Loss: 0.0551077 Vali Loss: 0.0996286 Test Loss: 0.0480472
Validation loss decreased (0.100559 --> 0.099629).  Saving model ...
Updating learning rate to 6.7496405170013816e-06
Epoch: 58 cost time: 5.037688732147217
Epoch: 58, Steps: 29 | Train Loss: 0.0545632 Vali Loss: 0.0992286 Test Loss: 0.0475389
Validation loss decreased (0.099629 --> 0.099229).  Saving model ...
Updating learning rate to 6.537737781144523e-06
Epoch: 59 cost time: 5.145398855209351
Epoch: 59, Steps: 29 | Train Loss: 0.0540111 Vali Loss: 0.0979966 Test Loss: 0.0473287
Validation loss decreased (0.099229 --> 0.097997).  Saving model ...
Updating learning rate to 6.322738286319964e-06
Epoch: 60 cost time: 5.048695802688599
Epoch: 60, Steps: 29 | Train Loss: 0.0535831 Vali Loss: 0.0970195 Test Loss: 0.0470494
Validation loss decreased (0.097997 --> 0.097020).  Saving model ...
Updating learning rate to 6.105075012897585e-06
Epoch: 61 cost time: 5.133910179138184
Epoch: 61, Steps: 29 | Train Loss: 0.0531060 Vali Loss: 0.0967545 Test Loss: 0.0468107
Validation loss decreased (0.097020 --> 0.096754).  Saving model ...
Updating learning rate to 5.885186305742857e-06
Epoch: 62 cost time: 5.049190044403076
Epoch: 62, Steps: 29 | Train Loss: 0.0526189 Vali Loss: 0.0958832 Test Loss: 0.0464001
Validation loss decreased (0.096754 --> 0.095883).  Saving model ...
Updating learning rate to 5.6635149914486225e-06
Epoch: 63 cost time: 5.051471710205078
Epoch: 63, Steps: 29 | Train Loss: 0.0522261 Vali Loss: 0.0962324 Test Loss: 0.0456667
EarlyStopping counter: 1 out of 10
Updating learning rate to 5.440507486541268e-06
Epoch: 64 cost time: 5.16221022605896
Epoch: 64, Steps: 29 | Train Loss: 0.0517308 Vali Loss: 0.0942822 Test Loss: 0.0458181
Validation loss decreased (0.095883 --> 0.094282).  Saving model ...
Updating learning rate to 5.216612898457253e-06
Epoch: 65 cost time: 5.178570985794067
Epoch: 65, Steps: 29 | Train Loss: 0.0513305 Vali Loss: 0.0934816 Test Loss: 0.0453356
Validation loss decreased (0.094282 --> 0.093482).  Saving model ...
Updating learning rate to 4.992282121100496e-06
Epoch: 66 cost time: 5.115367889404297
Epoch: 66, Steps: 29 | Train Loss: 0.0509249 Vali Loss: 0.0933044 Test Loss: 0.0451106
Validation loss decreased (0.093482 --> 0.093304).  Saving model ...
Updating learning rate to 4.767966926802067e-06
Epoch: 67 cost time: 5.070140361785889
Epoch: 67, Steps: 29 | Train Loss: 0.0504737 Vali Loss: 0.0924183 Test Loss: 0.0447769
Validation loss decreased (0.093304 --> 0.092418).  Saving model ...
Updating learning rate to 4.5441190565108235e-06
Epoch: 68 cost time: 5.090972185134888
Epoch: 68, Steps: 29 | Train Loss: 0.0499819 Vali Loss: 0.0915648 Test Loss: 0.0444366
Validation loss decreased (0.092418 --> 0.091565).  Saving model ...
Updating learning rate to 4.3211893100472735e-06
Epoch: 69 cost time: 5.0281805992126465
Epoch: 69, Steps: 29 | Train Loss: 0.0496053 Vali Loss: 0.0909247 Test Loss: 0.0441535
Validation loss decreased (0.091565 --> 0.090925).  Saving model ...
Updating learning rate to 4.099626638252712e-06
Epoch: 70 cost time: 5.041532039642334
Epoch: 70, Steps: 29 | Train Loss: 0.0492170 Vali Loss: 0.0895455 Test Loss: 0.0440025
Validation loss decreased (0.090925 --> 0.089545).  Saving model ...
Updating learning rate to 3.879877238861997e-06
Epoch: 71 cost time: 5.057865381240845
Epoch: 71, Steps: 29 | Train Loss: 0.0488464 Vali Loss: 0.0896259 Test Loss: 0.0433768
EarlyStopping counter: 1 out of 10
Updating learning rate to 3.662383657920668e-06
Epoch: 72 cost time: 5.015636682510376
Epoch: 72, Steps: 29 | Train Loss: 0.0484372 Vali Loss: 0.0887016 Test Loss: 0.0432084
Validation loss decreased (0.089545 --> 0.088702).  Saving model ...
Updating learning rate to 3.447583898556124e-06
Epoch: 73 cost time: 5.049426555633545
Epoch: 73, Steps: 29 | Train Loss: 0.0480050 Vali Loss: 0.0884816 Test Loss: 0.0427922
Validation loss decreased (0.088702 --> 0.088482).  Saving model ...
Updating learning rate to 3.2359105388976132e-06
Epoch: 74 cost time: 4.99858832359314
Epoch: 74, Steps: 29 | Train Loss: 0.0476207 Vali Loss: 0.0877527 Test Loss: 0.0424315
Validation loss decreased (0.088482 --> 0.087753).  Saving model ...
Updating learning rate to 3.027789860921434e-06
Epoch: 75 cost time: 5.042496204376221
Epoch: 75, Steps: 29 | Train Loss: 0.0472493 Vali Loss: 0.0867583 Test Loss: 0.0422564
Validation loss decreased (0.087753 --> 0.086758).  Saving model ...
Updating learning rate to 2.8236409919757893e-06
Epoch: 76 cost time: 5.033096075057983
Epoch: 76, Steps: 29 | Train Loss: 0.0468893 Vali Loss: 0.0861714 Test Loss: 0.0418559
Validation loss decreased (0.086758 --> 0.086171).  Saving model ...
Updating learning rate to 2.6238750607140637e-06
Epoch: 77 cost time: 5.03975248336792
Epoch: 77, Steps: 29 | Train Loss: 0.0464965 Vali Loss: 0.0851219 Test Loss: 0.0417055
Validation loss decreased (0.086171 --> 0.085122).  Saving model ...
Updating learning rate to 2.4288943691364434e-06
Epoch: 78 cost time: 5.032510995864868
Epoch: 78, Steps: 29 | Train Loss: 0.0460984 Vali Loss: 0.0848784 Test Loss: 0.0413654
Validation loss decreased (0.085122 --> 0.084878).  Saving model ...
Updating learning rate to 2.2390915824072217e-06
Epoch: 79 cost time: 4.939575672149658
Epoch: 79, Steps: 29 | Train Loss: 0.0457328 Vali Loss: 0.0843204 Test Loss: 0.0410001
Validation loss decreased (0.084878 --> 0.084320).  Saving model ...
Updating learning rate to 2.0548489380794217e-06
Epoch: 80 cost time: 5.012239694595337
Epoch: 80, Steps: 29 | Train Loss: 0.0454235 Vali Loss: 0.0833539 Test Loss: 0.0407104
Validation loss decreased (0.084320 --> 0.083354).  Saving model ...
Updating learning rate to 1.876537476319218e-06
Epoch: 81 cost time: 5.028554677963257
Epoch: 81, Steps: 29 | Train Loss: 0.0451261 Vali Loss: 0.0832449 Test Loss: 0.0405630
Validation loss decreased (0.083354 --> 0.083245).  Saving model ...
Updating learning rate to 1.7045162926804444e-06
Epoch: 82 cost time: 5.04004430770874
Epoch: 82, Steps: 29 | Train Loss: 0.0451157 Vali Loss: 0.0834442 Test Loss: 0.0405520
EarlyStopping counter: 1 out of 10
Updating learning rate to 1.5391318149339123e-06
Epoch: 83 cost time: 5.024611473083496
Epoch: 83, Steps: 29 | Train Loss: 0.0450663 Vali Loss: 0.0833406 Test Loss: 0.0406089
EarlyStopping counter: 2 out of 10
Updating learning rate to 1.3807171054080036e-06
Epoch: 84 cost time: 5.028533220291138
Epoch: 84, Steps: 29 | Train Loss: 0.0450320 Vali Loss: 0.0832397 Test Loss: 0.0407090
Validation loss decreased (0.083245 --> 0.083240).  Saving model ...
Updating learning rate to 1.2295911902454577e-06
Epoch: 85 cost time: 5.106966972351074
Epoch: 85, Steps: 29 | Train Loss: 0.0450528 Vali Loss: 0.0832733 Test Loss: 0.0406306
EarlyStopping counter: 1 out of 10
Updating learning rate to 1.0860584169271784e-06
Epoch: 86 cost time: 5.0475146770477295
Epoch: 86, Steps: 29 | Train Loss: 0.0450465 Vali Loss: 0.0834059 Test Loss: 0.0405834
EarlyStopping counter: 2 out of 10
Updating learning rate to 9.504078413569088e-07
Epoch: 87 cost time: 5.118027925491333
Epoch: 87, Steps: 29 | Train Loss: 0.0450497 Vali Loss: 0.0834749 Test Loss: 0.0406004
EarlyStopping counter: 3 out of 10
Updating learning rate to 8.229126457411124e-07
Epoch: 88 cost time: 5.05156135559082
Epoch: 88, Steps: 29 | Train Loss: 0.0450098 Vali Loss: 0.0833200 Test Loss: 0.0406226
EarlyStopping counter: 4 out of 10
Updating learning rate to 7.038295884363647e-07
Epoch: 89 cost time: 5.003219842910767
Epoch: 89, Steps: 29 | Train Loss: 0.0450172 Vali Loss: 0.0834634 Test Loss: 0.0405768
EarlyStopping counter: 5 out of 10
Updating learning rate to 5.933984868721898e-07
Epoch: 90 cost time: 5.122823476791382
Epoch: 90, Steps: 29 | Train Loss: 0.0450504 Vali Loss: 0.0831884 Test Loss: 0.0406383
Validation loss decreased (0.083240 --> 0.083188).  Saving model ...
Updating learning rate to 4.918417345906772e-07
Epoch: 91 cost time: 5.14961314201355
Epoch: 91, Steps: 29 | Train Loss: 0.0450173 Vali Loss: 0.0834267 Test Loss: 0.0405882
EarlyStopping counter: 1 out of 10
Updating learning rate to 3.9936385337548097e-07
Epoch: 92 cost time: 5.10225772857666
Epoch: 92, Steps: 29 | Train Loss: 0.0450382 Vali Loss: 0.0832820 Test Loss: 0.0406179
EarlyStopping counter: 2 out of 10
Updating learning rate to 3.161510813721721e-07
Epoch: 93 cost time: 5.1437904834747314
Epoch: 93, Steps: 29 | Train Loss: 0.0450029 Vali Loss: 0.0833506 Test Loss: 0.0406037
EarlyStopping counter: 3 out of 10
Updating learning rate to 2.4237099802938663e-07
Epoch: 94 cost time: 5.065713167190552
Epoch: 94, Steps: 29 | Train Loss: 0.0450266 Vali Loss: 0.0834128 Test Loss: 0.0405817
EarlyStopping counter: 4 out of 10
Updating learning rate to 1.7817218661613333e-07
Epoch: 95 cost time: 5.0763678550720215
Epoch: 95, Steps: 29 | Train Loss: 0.0450378 Vali Loss: 0.0833830 Test Loss: 0.0406264
EarlyStopping counter: 5 out of 10
Updating learning rate to 1.236839349948492e-07
Epoch: 96 cost time: 5.028132915496826
Epoch: 96, Steps: 29 | Train Loss: 0.0450105 Vali Loss: 0.0832735 Test Loss: 0.0406131
EarlyStopping counter: 6 out of 10
Updating learning rate to 7.90159752528609e-08
Epoch: 97 cost time: 5.020646095275879
Epoch: 97, Steps: 29 | Train Loss: 0.0449904 Vali Loss: 0.0833526 Test Loss: 0.0406157
EarlyStopping counter: 7 out of 10
Updating learning rate to 4.425826271655888e-08
Epoch: 98 cost time: 4.963060617446899
Epoch: 98, Steps: 29 | Train Loss: 0.0450213 Vali Loss: 0.0833916 Test Loss: 0.0406136
EarlyStopping counter: 8 out of 10
Updating learning rate to 1.948079479334324e-08
Epoch: 99 cost time: 5.059314489364624
Epoch: 99, Steps: 29 | Train Loss: 0.0449741 Vali Loss: 0.0833048 Test Loss: 0.0406174
EarlyStopping counter: 9 out of 10
Updating learning rate to 4.7334700061613195e-09
Epoch: 100 cost time: 4.991891622543335
Epoch: 100, Steps: 29 | Train Loss: 0.0449947 Vali Loss: 0.0832898 Test Loss: 0.0406243
EarlyStopping counter: 10 out of 10
Early stopping
>>>>>>>testing : ETTh1_336_720_DTFNet_ETTh1_ftM_sl336_ll0_pl720_dm128_nh16_el2_br2_dl1_df256_fc1_ebtimeF_dtTrue_'Exp'_0_'rel_sin'_16_8_16,24_8,12_3_1_256<<<<<<<<<<<<<<<<<<<<<<<<<<<<<<<<<
test 2161
mse:0.43424513936042786, mae:0.45333924889564514, rse:0.6329253911972046
