Args in experiment:
Namespace(activation='gelu', affine=0, batch_size=256, c_out=7, checkpoints='./checkpoints/', d_ff=256, d_layers=1, d_model=128, d_model_ls='128', data='ETTh1', data_path='ETTh1.csv', dec_in=7, decomposition=0, des="'Exp'", devices='0', dilation_rates='1', distil=True, do_predict=False, dropout=0.3, e_layers=2, embed='timeF', embed_type=0, enc_in=7, factor=1, fc_dropout=0.3, features='M', freq='h', gpu=0, head_dropout=0.1, head_type='flatten', individual=0, initTLV=0.2, is_training=1, itr=1, kernel_size=25, l2=0.0, label_len=0, learning_rate=1e-05, loss='mse', loss_flag=2, lradj='TST', mlflow_project='exp', model='DTFNet', model_id='ETTh1_336_720', model_type='linear', moving_avg=25, n_branches=2, n_heads=16, n_heads_ls='16', no_learn_pe=True, num_workers=0, output_attention=False, padding_patch="'end'", patch_len=16, patch_len_ls='16,24', patience=10, pct_start=0.3, pe='zeros', pre_norm=False, pred_len=720, rel_pe="'rel_sin'", res_attn=False, revin=1, root_path='./dataset/', seq_len=336, store_attn=False, stride=8, stride_ls='8,12', stride_ls_list='16', sub_patch_len=16, sub_stride=8, subtract_last=0, target='OT', test_flop=False, tfactor=3, train_epochs=100, use_amp=False, use_gpu=True, use_mlflow=False, use_multi_gpu=False, warmup_steps=0, wavelet_dim=64, wavelet_layers=2, wavelet_mode='periodization', wavelet_type='db5')
Use GPU: cuda:0
>>>>>>>start training : ETTh1_336_720_DTFNet_ETTh1_ftM_sl336_ll0_pl720_dm128_nh16_el2_br2_dl1_df256_fc1_ebtimeF_dtTrue_'Exp'_0_'rel_sin'_16_8_16,24_8,12_3_1_256>>>>>>>>>>>>>>>>>>>>>>>>>>
train 7585
val 2161
test 2161
Epoch: 1 cost time: 5.943742275238037
Epoch: 1, Steps: 29 | Train Loss: 0.1076060 Vali Loss: 0.1786649 Test Loss: 0.0997789
Validation loss decreased (inf --> 0.178665).  Saving model ...
Updating learning rate to 4.2635539919063106e-07
Epoch: 2 cost time: 5.034067153930664
Epoch: 2, Steps: 29 | Train Loss: 0.1067763 Vali Loss: 0.1775714 Test Loss: 0.0989537
Validation loss decreased (0.178665 --> 0.177571).  Saving model ...
Updating learning rate to 5.051321771514831e-07
Epoch: 3 cost time: 5.104679822921753
Epoch: 3, Steps: 29 | Train Loss: 0.1058859 Vali Loss: 0.1757992 Test Loss: 0.0980517
Validation loss decreased (0.177571 --> 0.175799).  Saving model ...
Updating learning rate to 6.354652532866785e-07
Epoch: 4 cost time: 5.091337203979492
Epoch: 4, Steps: 29 | Train Loss: 0.1049184 Vali Loss: 0.1741538 Test Loss: 0.0970879
Validation loss decreased (0.175799 --> 0.174154).  Saving model ...
Updating learning rate to 8.159233858256806e-07
Epoch: 5 cost time: 5.0806005001068115
Epoch: 5, Steps: 29 | Train Loss: 0.1040515 Vali Loss: 0.1723020 Test Loss: 0.0960402
Validation loss decreased (0.174154 --> 0.172302).  Saving model ...
Updating learning rate to 1.0445248888850473e-06
Epoch: 6 cost time: 5.201242923736572
Epoch: 6, Steps: 29 | Train Loss: 0.1030398 Vali Loss: 0.1703082 Test Loss: 0.0948698
Validation loss decreased (0.172302 --> 0.170308).  Saving model ...
Updating learning rate to 1.3187593941861497e-06
Epoch: 7 cost time: 4.993147373199463
Epoch: 7, Steps: 29 | Train Loss: 0.1018915 Vali Loss: 0.1685204 Test Loss: 0.0935374
Validation loss decreased (0.170308 --> 0.168520).  Saving model ...
Updating learning rate to 1.6356154184543822e-06
Epoch: 8 cost time: 5.076546669006348
Epoch: 8, Steps: 29 | Train Loss: 0.1006638 Vali Loss: 0.1653762 Test Loss: 0.0919200
Validation loss decreased (0.168520 --> 0.165376).  Saving model ...
Updating learning rate to 1.9916134337707666e-06
Epoch: 9 cost time: 5.063470363616943
Epoch: 9, Steps: 29 | Train Loss: 0.0992775 Vali Loss: 0.1626728 Test Loss: 0.0898489
Validation loss decreased (0.165376 --> 0.162673).  Saving model ...
Updating learning rate to 2.3828440777166636e-06
Epoch: 10 cost time: 5.1326024532318115
Epoch: 10, Steps: 29 | Train Loss: 0.0975409 Vali Loss: 0.1587317 Test Loss: 0.0870169
Validation loss decreased (0.162673 --> 0.158732).  Saving model ...
Updating learning rate to 2.805011083710071e-06
Epoch: 11 cost time: 5.180192232131958
Epoch: 11, Steps: 29 | Train Loss: 0.0953691 Vali Loss: 0.1533920 Test Loss: 0.0830304
Validation loss decreased (0.158732 --> 0.153392).  Saving model ...
Updating learning rate to 3.2534784600976295e-06
Epoch: 12 cost time: 5.136878967285156
Epoch: 12, Steps: 29 | Train Loss: 0.0926202 Vali Loss: 0.1471677 Test Loss: 0.0782441
Validation loss decreased (0.153392 --> 0.147168).  Saving model ...
Updating learning rate to 3.723321399909056e-06
Epoch: 13 cost time: 5.122780799865723
Epoch: 13, Steps: 29 | Train Loss: 0.0899614 Vali Loss: 0.1420678 Test Loss: 0.0747694
Validation loss decreased (0.147168 --> 0.142068).  Saving model ...
Updating learning rate to 4.209380362212844e-06
Epoch: 14 cost time: 5.109895944595337
Epoch: 14, Steps: 29 | Train Loss: 0.0878850 Vali Loss: 0.1384780 Test Loss: 0.0729220
Validation loss decreased (0.142068 --> 0.138478).  Saving model ...
Updating learning rate to 4.706317731183279e-06
Epoch: 15 cost time: 5.033816814422607
Epoch: 15, Steps: 29 | Train Loss: 0.0860913 Vali Loss: 0.1357661 Test Loss: 0.0710438
Validation loss decreased (0.138478 --> 0.135766).  Saving model ...
Updating learning rate to 5.208676430682048e-06
Epoch: 16 cost time: 4.982191562652588
Epoch: 16, Steps: 29 | Train Loss: 0.0844774 Vali Loss: 0.1337247 Test Loss: 0.0690017
Validation loss decreased (0.135766 --> 0.133725).  Saving model ...
Updating learning rate to 5.710939850683244e-06
Epoch: 17 cost time: 5.034433841705322
Epoch: 17, Steps: 29 | Train Loss: 0.0829181 Vali Loss: 0.1312909 Test Loss: 0.0671307
Validation loss decreased (0.133725 --> 0.131291).  Saving model ...
Updating learning rate to 6.207592427464792e-06
Epoch: 18 cost time: 5.051387310028076
Epoch: 18, Steps: 29 | Train Loss: 0.0814967 Vali Loss: 0.1297690 Test Loss: 0.0659034
Validation loss decreased (0.131291 --> 0.129769).  Saving model ...
Updating learning rate to 6.693180212309968e-06
Epoch: 19 cost time: 5.073769569396973
Epoch: 19, Steps: 29 | Train Loss: 0.0803563 Vali Loss: 0.1286831 Test Loss: 0.0647849
Validation loss decreased (0.129769 --> 0.128683).  Saving model ...
Updating learning rate to 7.1623707635889015e-06
Epoch: 20 cost time: 5.107873201370239
Epoch: 20, Steps: 29 | Train Loss: 0.0794945 Vali Loss: 0.1274319 Test Loss: 0.0638917
Validation loss decreased (0.128683 --> 0.127432).  Saving model ...
Updating learning rate to 7.610011704520164e-06
Epoch: 21 cost time: 5.118039131164551
Epoch: 21, Steps: 29 | Train Loss: 0.0785312 Vali Loss: 0.1264583 Test Loss: 0.0634077
Validation loss decreased (0.127432 --> 0.126458).  Saving model ...
Updating learning rate to 8.031187303565295e-06
Epoch: 22 cost time: 5.1037726402282715
Epoch: 22, Steps: 29 | Train Loss: 0.0776800 Vali Loss: 0.1256718 Test Loss: 0.0619498
Validation loss decreased (0.126458 --> 0.125672).  Saving model ...
Updating learning rate to 8.421272456123378e-06
Epoch: 23 cost time: 5.189248085021973
Epoch: 23, Steps: 29 | Train Loss: 0.0768830 Vali Loss: 0.1247673 Test Loss: 0.0616259
Validation loss decreased (0.125672 --> 0.124767).  Saving model ...
Updating learning rate to 8.775983474730246e-06
Epoch: 24 cost time: 5.008723974227905
Epoch: 24, Steps: 29 | Train Loss: 0.0760492 Vali Loss: 0.1235693 Test Loss: 0.0612563
Validation loss decreased (0.124767 --> 0.123569).  Saving model ...
Updating learning rate to 9.091425130013939e-06
Epoch: 25 cost time: 5.018541574478149
Epoch: 25, Steps: 29 | Train Loss: 0.0752640 Vali Loss: 0.1232226 Test Loss: 0.0602460
Validation loss decreased (0.123569 --> 0.123223).  Saving model ...
Updating learning rate to 9.364133425830145e-06
Epoch: 26 cost time: 4.98835015296936
Epoch: 26, Steps: 29 | Train Loss: 0.0744983 Vali Loss: 0.1223349 Test Loss: 0.0596788
Validation loss decreased (0.123223 --> 0.122335).  Saving model ...
Updating learning rate to 9.591113638846019e-06
Epoch: 27 cost time: 5.099004507064819
Epoch: 27, Steps: 29 | Train Loss: 0.0736995 Vali Loss: 0.1211588 Test Loss: 0.0590896
Validation loss decreased (0.122335 --> 0.121159).  Saving model ...
Updating learning rate to 9.769873204843885e-06
Epoch: 28 cost time: 5.055726528167725
Epoch: 28, Steps: 29 | Train Loss: 0.0729958 Vali Loss: 0.1200539 Test Loss: 0.0585247
Validation loss decreased (0.121159 --> 0.120054).  Saving model ...
Updating learning rate to 9.898449090606656e-06
Epoch: 29 cost time: 5.093622207641602
Epoch: 29, Steps: 29 | Train Loss: 0.0722469 Vali Loss: 0.1197623 Test Loss: 0.0577743
Validation loss decreased (0.120054 --> 0.119762).  Saving model ...
Updating learning rate to 9.975429350802846e-06
Epoch: 30 cost time: 5.18403697013855
Epoch: 30, Steps: 29 | Train Loss: 0.0714934 Vali Loss: 0.1187664 Test Loss: 0.0576545
Validation loss decreased (0.119762 --> 0.118766).  Saving model ...
Updating learning rate to 9.99999401249548e-06
Epoch: 31 cost time: 5.1829609870910645
Epoch: 31, Steps: 29 | Train Loss: 0.0707729 Vali Loss: 0.1181954 Test Loss: 0.0567843
Validation loss decreased (0.118766 --> 0.118195).  Saving model ...
Updating learning rate to 9.994612212745642e-06
Epoch: 32 cost time: 5.081810474395752
Epoch: 32, Steps: 29 | Train Loss: 0.0700952 Vali Loss: 0.1166842 Test Loss: 0.0570103
Validation loss decreased (0.118195 --> 0.116684).  Saving model ...
Updating learning rate to 9.979171968972798e-06
Epoch: 33 cost time: 5.099247455596924
Epoch: 33, Steps: 29 | Train Loss: 0.0694518 Vali Loss: 0.1165536 Test Loss: 0.0559610
Validation loss decreased (0.116684 --> 0.116554).  Saving model ...
Updating learning rate to 9.953704375773079e-06
Epoch: 34 cost time: 5.0410401821136475
Epoch: 34, Steps: 29 | Train Loss: 0.0686707 Vali Loss: 0.1154682 Test Loss: 0.0557992
Validation loss decreased (0.116554 --> 0.115468).  Saving model ...
Updating learning rate to 9.918260721489893e-06
Epoch: 35 cost time: 5.062995433807373
Epoch: 35, Steps: 29 | Train Loss: 0.0680571 Vali Loss: 0.1149865 Test Loss: 0.0552443
Validation loss decreased (0.115468 --> 0.114986).  Saving model ...
Updating learning rate to 9.872912384926035e-06
Epoch: 36 cost time: 5.070546865463257
Epoch: 36, Steps: 29 | Train Loss: 0.0673449 Vali Loss: 0.1140109 Test Loss: 0.0553379
Validation loss decreased (0.114986 --> 0.114011).  Saving model ...
Updating learning rate to 9.817750691596265e-06
Epoch: 37 cost time: 5.051991701126099
Epoch: 37, Steps: 29 | Train Loss: 0.0667282 Vali Loss: 0.1135797 Test Loss: 0.0542279
Validation loss decreased (0.114011 --> 0.113580).  Saving model ...
Updating learning rate to 9.752886729809889e-06
Epoch: 38 cost time: 5.0775110721588135
Epoch: 38, Steps: 29 | Train Loss: 0.0659997 Vali Loss: 0.1119851 Test Loss: 0.0545764
Validation loss decreased (0.113580 --> 0.111985).  Saving model ...
Updating learning rate to 9.678451126953676e-06
Epoch: 39 cost time: 5.116105794906616
Epoch: 39, Steps: 29 | Train Loss: 0.0653888 Vali Loss: 0.1112188 Test Loss: 0.0545837
Validation loss decreased (0.111985 --> 0.111219).  Saving model ...
Updating learning rate to 9.594593786425696e-06
Epoch: 40 cost time: 5.205550909042358
Epoch: 40, Steps: 29 | Train Loss: 0.0647340 Vali Loss: 0.1105726 Test Loss: 0.0538249
Validation loss decreased (0.111219 --> 0.110573).  Saving model ...
Updating learning rate to 9.501483585749811e-06
Epoch: 41 cost time: 5.113924264907837
Epoch: 41, Steps: 29 | Train Loss: 0.0640864 Vali Loss: 0.1105333 Test Loss: 0.0531393
Validation loss decreased (0.110573 --> 0.110533).  Saving model ...
Updating learning rate to 9.399308036478838e-06
Epoch: 42 cost time: 5.075328826904297
Epoch: 42, Steps: 29 | Train Loss: 0.0635230 Vali Loss: 0.1092608 Test Loss: 0.0529213
Validation loss decreased (0.110533 --> 0.109261).  Saving model ...
Updating learning rate to 9.288272906571216e-06
Epoch: 43 cost time: 5.114108085632324
Epoch: 43, Steps: 29 | Train Loss: 0.0628267 Vali Loss: 0.1086755 Test Loss: 0.0523206
Validation loss decreased (0.109261 --> 0.108675).  Saving model ...
Updating learning rate to 9.16860180600173e-06
Epoch: 44 cost time: 5.190690040588379
Epoch: 44, Steps: 29 | Train Loss: 0.0622694 Vali Loss: 0.1087638 Test Loss: 0.0518056
EarlyStopping counter: 1 out of 10
Updating learning rate to 9.040535736440785e-06
Epoch: 45 cost time: 5.1414830684661865
Epoch: 45, Steps: 29 | Train Loss: 0.0616567 Vali Loss: 0.1075741 Test Loss: 0.0516545
Validation loss decreased (0.108675 --> 0.107574).  Saving model ...
Updating learning rate to 8.904332605909106e-06
Epoch: 46 cost time: 5.0419182777404785
Epoch: 46, Steps: 29 | Train Loss: 0.0610709 Vali Loss: 0.1058859 Test Loss: 0.0514410
Validation loss decreased (0.107574 --> 0.105886).  Saving model ...
Updating learning rate to 8.760266709385311e-06
Epoch: 47 cost time: 4.991387128829956
Epoch: 47, Steps: 29 | Train Loss: 0.0605263 Vali Loss: 0.1058856 Test Loss: 0.0510042
Validation loss decreased (0.105886 --> 0.105886).  Saving model ...
Updating learning rate to 8.608628176412335e-06
Epoch: 48 cost time: 5.0395238399505615
Epoch: 48, Steps: 29 | Train Loss: 0.0599263 Vali Loss: 0.1041865 Test Loss: 0.0513524
Validation loss decreased (0.105886 --> 0.104187).  Saving model ...
Updating learning rate to 8.449722386815127e-06
Epoch: 49 cost time: 5.108464241027832
Epoch: 49, Steps: 29 | Train Loss: 0.0593766 Vali Loss: 0.1033400 Test Loss: 0.0511622
Validation loss decreased (0.104187 --> 0.103340).  Saving model ...
Updating learning rate to 8.28386935570634e-06
Epoch: 50 cost time: 5.109005451202393
Epoch: 50, Steps: 29 | Train Loss: 0.0588296 Vali Loss: 0.1037313 Test Loss: 0.0502263
EarlyStopping counter: 1 out of 10
Updating learning rate to 8.111403089018465e-06
Epoch: 51 cost time: 4.99687385559082
Epoch: 51, Steps: 29 | Train Loss: 0.0582257 Vali Loss: 0.1023712 Test Loss: 0.0498185
Validation loss decreased (0.103340 --> 0.102371).  Saving model ...
Updating learning rate to 7.93267091086035e-06
Epoch: 52 cost time: 4.97656512260437
Epoch: 52, Steps: 29 | Train Loss: 0.0577456 Vali Loss: 0.1016051 Test Loss: 0.0498564
Validation loss decreased (0.102371 --> 0.101605).  Saving model ...
Updating learning rate to 7.748032764052655e-06
Epoch: 53 cost time: 5.017219543457031
Epoch: 53, Steps: 29 | Train Loss: 0.0572080 Vali Loss: 0.1012128 Test Loss: 0.0494414
Validation loss decreased (0.101605 --> 0.101213).  Saving model ...
Updating learning rate to 7.557860485250925e-06
Epoch: 54 cost time: 4.985267400741577
Epoch: 54, Steps: 29 | Train Loss: 0.0567224 Vali Loss: 0.1005580 Test Loss: 0.0490034
Validation loss decreased (0.101213 --> 0.100558).  Saving model ...
Updating learning rate to 7.362537056116034e-06
Epoch: 55 cost time: 5.053228855133057
Epoch: 55, Steps: 29 | Train Loss: 0.0561529 Vali Loss: 0.0997725 Test Loss: 0.0487755
Validation loss decreased (0.100558 --> 0.099773).  Saving model ...
Updating learning rate to 7.162455832040107e-06
Epoch: 56 cost time: 4.984468698501587
Epoch: 56, Steps: 29 | Train Loss: 0.0556595 Vali Loss: 0.0992464 Test Loss: 0.0480749
Validation loss decreased (0.099773 --> 0.099246).  Saving model ...
Updating learning rate to 6.9580197499810984e-06
Epoch: 57 cost time: 4.948333501815796
Epoch: 57, Steps: 29 | Train Loss: 0.0551866 Vali Loss: 0.0994721 Test Loss: 0.0476162
EarlyStopping counter: 1 out of 10
Updating learning rate to 6.7496405170013816e-06
Epoch: 58 cost time: 5.065291166305542
Epoch: 58, Steps: 29 | Train Loss: 0.0546712 Vali Loss: 0.0969780 Test Loss: 0.0481529
Validation loss decreased (0.099246 --> 0.096978).  Saving model ...
Updating learning rate to 6.537737781144523e-06
Epoch: 59 cost time: 5.017013311386108
Epoch: 59, Steps: 29 | Train Loss: 0.0542204 Vali Loss: 0.0966441 Test Loss: 0.0476478
Validation loss decreased (0.096978 --> 0.096644).  Saving model ...
Updating learning rate to 6.322738286319964e-06
Epoch: 60 cost time: 4.9859538078308105
Epoch: 60, Steps: 29 | Train Loss: 0.0537914 Vali Loss: 0.0965711 Test Loss: 0.0469129
Validation loss decreased (0.096644 --> 0.096571).  Saving model ...
Updating learning rate to 6.105075012897585e-06
Epoch: 61 cost time: 5.045937776565552
Epoch: 61, Steps: 29 | Train Loss: 0.0532680 Vali Loss: 0.0953209 Test Loss: 0.0469261
Validation loss decreased (0.096571 --> 0.095321).  Saving model ...
Updating learning rate to 5.885186305742857e-06
Epoch: 62 cost time: 5.038600444793701
Epoch: 62, Steps: 29 | Train Loss: 0.0528150 Vali Loss: 0.0940591 Test Loss: 0.0468842
Validation loss decreased (0.095321 --> 0.094059).  Saving model ...
Updating learning rate to 5.6635149914486225e-06
Epoch: 63 cost time: 5.00039267539978
Epoch: 63, Steps: 29 | Train Loss: 0.0523738 Vali Loss: 0.0936943 Test Loss: 0.0466458
Validation loss decreased (0.094059 --> 0.093694).  Saving model ...
Updating learning rate to 5.440507486541268e-06
Epoch: 64 cost time: 4.979003667831421
Epoch: 64, Steps: 29 | Train Loss: 0.0519082 Vali Loss: 0.0931578 Test Loss: 0.0461179
Validation loss decreased (0.093694 --> 0.093158).  Saving model ...
Updating learning rate to 5.216612898457253e-06
Epoch: 65 cost time: 5.11106276512146
Epoch: 65, Steps: 29 | Train Loss: 0.0514694 Vali Loss: 0.0921874 Test Loss: 0.0459471
Validation loss decreased (0.093158 --> 0.092187).  Saving model ...
Updating learning rate to 4.992282121100496e-06
Epoch: 66 cost time: 4.948236703872681
Epoch: 66, Steps: 29 | Train Loss: 0.0510891 Vali Loss: 0.0918458 Test Loss: 0.0451965
Validation loss decreased (0.092187 --> 0.091846).  Saving model ...
Updating learning rate to 4.767966926802067e-06
Epoch: 67 cost time: 4.926389694213867
Epoch: 67, Steps: 29 | Train Loss: 0.0506003 Vali Loss: 0.0909775 Test Loss: 0.0450857
Validation loss decreased (0.091846 --> 0.090977).  Saving model ...
Updating learning rate to 4.5441190565108235e-06
Epoch: 68 cost time: 4.996140241622925
Epoch: 68, Steps: 29 | Train Loss: 0.0501708 Vali Loss: 0.0903498 Test Loss: 0.0448165
Validation loss decreased (0.090977 --> 0.090350).  Saving model ...
Updating learning rate to 4.3211893100472735e-06
Epoch: 69 cost time: 5.024488687515259
Epoch: 69, Steps: 29 | Train Loss: 0.0497529 Vali Loss: 0.0894220 Test Loss: 0.0444975
Validation loss decreased (0.090350 --> 0.089422).  Saving model ...
Updating learning rate to 4.099626638252712e-06
Epoch: 70 cost time: 5.08870792388916
Epoch: 70, Steps: 29 | Train Loss: 0.0494045 Vali Loss: 0.0887106 Test Loss: 0.0443879
Validation loss decreased (0.089422 --> 0.088711).  Saving model ...
Updating learning rate to 3.879877238861997e-06
Epoch: 71 cost time: 5.094084739685059
Epoch: 71, Steps: 29 | Train Loss: 0.0489226 Vali Loss: 0.0881920 Test Loss: 0.0438038
Validation loss decreased (0.088711 --> 0.088192).  Saving model ...
Updating learning rate to 3.662383657920668e-06
Epoch: 72 cost time: 5.095914125442505
Epoch: 72, Steps: 29 | Train Loss: 0.0485064 Vali Loss: 0.0874804 Test Loss: 0.0435153
Validation loss decreased (0.088192 --> 0.087480).  Saving model ...
Updating learning rate to 3.447583898556124e-06
Epoch: 73 cost time: 5.0601067543029785
Epoch: 73, Steps: 29 | Train Loss: 0.0481649 Vali Loss: 0.0868315 Test Loss: 0.0432499
Validation loss decreased (0.087480 --> 0.086832).  Saving model ...
Updating learning rate to 3.2359105388976132e-06
Epoch: 74 cost time: 5.1003992557525635
Epoch: 74, Steps: 29 | Train Loss: 0.0478197 Vali Loss: 0.0863792 Test Loss: 0.0427478
Validation loss decreased (0.086832 --> 0.086379).  Saving model ...
Updating learning rate to 3.027789860921434e-06
Epoch: 75 cost time: 4.995622396469116
Epoch: 75, Steps: 29 | Train Loss: 0.0473542 Vali Loss: 0.0854815 Test Loss: 0.0425498
Validation loss decreased (0.086379 --> 0.085481).  Saving model ...
Updating learning rate to 2.8236409919757893e-06
Epoch: 76 cost time: 5.108677625656128
Epoch: 76, Steps: 29 | Train Loss: 0.0470356 Vali Loss: 0.0849699 Test Loss: 0.0421453
Validation loss decreased (0.085481 --> 0.084970).  Saving model ...
Updating learning rate to 2.6238750607140637e-06
Epoch: 77 cost time: 5.250361204147339
Epoch: 77, Steps: 29 | Train Loss: 0.0466134 Vali Loss: 0.0843185 Test Loss: 0.0419754
Validation loss decreased (0.084970 --> 0.084318).  Saving model ...
Updating learning rate to 2.4288943691364434e-06
Epoch: 78 cost time: 5.106761932373047
Epoch: 78, Steps: 29 | Train Loss: 0.0462893 Vali Loss: 0.0837255 Test Loss: 0.0416169
Validation loss decreased (0.084318 --> 0.083726).  Saving model ...
Updating learning rate to 2.2390915824072217e-06
Epoch: 79 cost time: 5.116472482681274
Epoch: 79, Steps: 29 | Train Loss: 0.0458960 Vali Loss: 0.0830376 Test Loss: 0.0413534
Validation loss decreased (0.083726 --> 0.083038).  Saving model ...
Updating learning rate to 2.0548489380794217e-06
Epoch: 80 cost time: 5.058887481689453
Epoch: 80, Steps: 29 | Train Loss: 0.0455467 Vali Loss: 0.0823355 Test Loss: 0.0409969
Validation loss decreased (0.083038 --> 0.082335).  Saving model ...
Updating learning rate to 1.876537476319218e-06
Epoch: 81 cost time: 5.155325889587402
Epoch: 81, Steps: 29 | Train Loss: 0.0452627 Vali Loss: 0.0825187 Test Loss: 0.0407566
EarlyStopping counter: 1 out of 10
Updating learning rate to 1.7045162926804444e-06
Epoch: 82 cost time: 5.216325283050537
Epoch: 82, Steps: 29 | Train Loss: 0.0452042 Vali Loss: 0.0817943 Test Loss: 0.0411098
Validation loss decreased (0.082335 --> 0.081794).  Saving model ...
Updating learning rate to 1.5391318149339123e-06
Epoch: 83 cost time: 5.128884553909302
Epoch: 83, Steps: 29 | Train Loss: 0.0452119 Vali Loss: 0.0819664 Test Loss: 0.0410674
EarlyStopping counter: 1 out of 10
Updating learning rate to 1.3807171054080036e-06
Epoch: 84 cost time: 5.051402568817139
Epoch: 84, Steps: 29 | Train Loss: 0.0452069 Vali Loss: 0.0820505 Test Loss: 0.0410541
EarlyStopping counter: 2 out of 10
Updating learning rate to 1.2295911902454577e-06
Epoch: 85 cost time: 5.1315295696258545
Epoch: 85, Steps: 29 | Train Loss: 0.0452240 Vali Loss: 0.0820203 Test Loss: 0.0410595
EarlyStopping counter: 3 out of 10
Updating learning rate to 1.0860584169271784e-06
Epoch: 86 cost time: 5.097773551940918
Epoch: 86, Steps: 29 | Train Loss: 0.0452020 Vali Loss: 0.0822091 Test Loss: 0.0410252
EarlyStopping counter: 4 out of 10
Updating learning rate to 9.504078413569088e-07
Epoch: 87 cost time: 5.051671981811523
Epoch: 87, Steps: 29 | Train Loss: 0.0451867 Vali Loss: 0.0819089 Test Loss: 0.0410503
EarlyStopping counter: 5 out of 10
Updating learning rate to 8.229126457411124e-07
Epoch: 88 cost time: 5.036120414733887
Epoch: 88, Steps: 29 | Train Loss: 0.0451952 Vali Loss: 0.0821458 Test Loss: 0.0410671
EarlyStopping counter: 6 out of 10
Updating learning rate to 7.038295884363647e-07
Epoch: 89 cost time: 4.998074293136597
Epoch: 89, Steps: 29 | Train Loss: 0.0452133 Vali Loss: 0.0821057 Test Loss: 0.0410727
EarlyStopping counter: 7 out of 10
Updating learning rate to 5.933984868721898e-07
Epoch: 90 cost time: 5.047213792800903
Epoch: 90, Steps: 29 | Train Loss: 0.0451692 Vali Loss: 0.0820180 Test Loss: 0.0410360
EarlyStopping counter: 8 out of 10
Updating learning rate to 4.918417345906772e-07
Epoch: 91 cost time: 5.055285453796387
Epoch: 91, Steps: 29 | Train Loss: 0.0451621 Vali Loss: 0.0819172 Test Loss: 0.0411093
EarlyStopping counter: 9 out of 10
Updating learning rate to 3.9936385337548097e-07
Epoch: 92 cost time: 5.063414096832275
Epoch: 92, Steps: 29 | Train Loss: 0.0451772 Vali Loss: 0.0821942 Test Loss: 0.0410208
EarlyStopping counter: 10 out of 10
Early stopping
>>>>>>>testing : ETTh1_336_720_DTFNet_ETTh1_ftM_sl336_ll0_pl720_dm128_nh16_el2_br2_dl1_df256_fc1_ebtimeF_dtTrue_'Exp'_0_'rel_sin'_16_8_16,24_8,12_3_1_256<<<<<<<<<<<<<<<<<<<<<<<<<<<<<<<<<
test 2161
mse:0.4448230564594269, mae:0.458096444606781, rse:0.6405878663063049
