Args in experiment:
Namespace(activation='gelu', affine=0, batch_size=256, c_out=7, checkpoints='./checkpoints/', d_ff=256, d_layers=1, d_model=128, d_model_ls='128', data='ETTh1', data_path='ETTh1.csv', dec_in=7, decomposition=0, des="'Exp'", devices='0', dilation_rates='1', distil=True, do_predict=False, dropout=0.3, e_layers=2, embed='timeF', embed_type=0, enc_in=7, factor=1, fc_dropout=0.3, features='M', freq='h', gpu=0, head_dropout=0.1, head_type='flatten', individual=0, initTLV=0.2, is_training=1, itr=1, kernel_size=25, l2=0.0, label_len=0, learning_rate=1e-05, loss='mse', loss_flag=2, lradj='TST', mlflow_project='exp', model='DTFNet', model_id='ETTh1_336_720', model_type='linear', moving_avg=25, n_branches=2, n_heads=16, n_heads_ls='16', no_learn_pe=True, num_workers=0, output_attention=False, padding_patch="'end'", patch_len=16, patch_len_ls='16,24', patience=10, pct_start=0.3, pe='zeros', pre_norm=False, pred_len=720, rel_pe="'rel_sin'", res_attn=False, revin=1, root_path='./dataset/', seq_len=336, store_attn=False, stride=8, stride_ls='8,12', stride_ls_list='16', sub_patch_len=16, sub_stride=8, subtract_last=0, target='OT', test_flop=False, tfactor=3, train_epochs=100, use_amp=False, use_gpu=True, use_mlflow=False, use_multi_gpu=False, warmup_steps=0, wavelet_dim=64, wavelet_layers=2, wavelet_mode='periodization', wavelet_type='db5')
Use GPU: cuda:0
>>>>>>>start training : ETTh1_336_720_DTFNet_ETTh1_ftM_sl336_ll0_pl720_dm128_nh16_el2_br2_dl1_df256_fc1_ebtimeF_dtTrue_'Exp'_0_'rel_sin'_16_8_16,24_8,12_3_1_256>>>>>>>>>>>>>>>>>>>>>>>>>>
train 7585
val 2161
test 2161
Epoch: 1 cost time: 4.757648468017578
Epoch: 1, Steps: 29 | Train Loss: 0.1076428 Vali Loss: 0.1789387 Test Loss: 0.0998754
Validation loss decreased (inf --> 0.178939).  Saving model ...
Updating learning rate to 4.2635539919063106e-07
Epoch: 2 cost time: 4.335870981216431
Epoch: 2, Steps: 29 | Train Loss: 0.1067623 Vali Loss: 0.1773360 Test Loss: 0.0990301
Validation loss decreased (0.178939 --> 0.177336).  Saving model ...
Updating learning rate to 5.051321771514831e-07
Epoch: 3 cost time: 4.341856479644775
Epoch: 3, Steps: 29 | Train Loss: 0.1058357 Vali Loss: 0.1759279 Test Loss: 0.0981158
Validation loss decreased (0.177336 --> 0.175928).  Saving model ...
Updating learning rate to 6.354652532866785e-07
Epoch: 4 cost time: 4.349187612533569
Epoch: 4, Steps: 29 | Train Loss: 0.1049722 Vali Loss: 0.1742790 Test Loss: 0.0971447
Validation loss decreased (0.175928 --> 0.174279).  Saving model ...
Updating learning rate to 8.159233858256806e-07
Epoch: 5 cost time: 4.335894823074341
Epoch: 5, Steps: 29 | Train Loss: 0.1039847 Vali Loss: 0.1723145 Test Loss: 0.0960739
Validation loss decreased (0.174279 --> 0.172314).  Saving model ...
Updating learning rate to 1.0445248888850473e-06
Epoch: 6 cost time: 4.334933042526245
Epoch: 6, Steps: 29 | Train Loss: 0.1029803 Vali Loss: 0.1703984 Test Loss: 0.0948924
Validation loss decreased (0.172314 --> 0.170398).  Saving model ...
Updating learning rate to 1.3187593941861497e-06
Epoch: 7 cost time: 4.334104061126709
Epoch: 7, Steps: 29 | Train Loss: 0.1018440 Vali Loss: 0.1681141 Test Loss: 0.0935180
Validation loss decreased (0.170398 --> 0.168114).  Saving model ...
Updating learning rate to 1.6356154184543822e-06
Epoch: 8 cost time: 4.340295791625977
Epoch: 8, Steps: 29 | Train Loss: 0.1006928 Vali Loss: 0.1657029 Test Loss: 0.0918407
Validation loss decreased (0.168114 --> 0.165703).  Saving model ...
Updating learning rate to 1.9916134337707666e-06
Epoch: 9 cost time: 4.3337178230285645
Epoch: 9, Steps: 29 | Train Loss: 0.0992374 Vali Loss: 0.1624283 Test Loss: 0.0896778
Validation loss decreased (0.165703 --> 0.162428).  Saving model ...
Updating learning rate to 2.3828440777166636e-06
Epoch: 10 cost time: 4.345123767852783
Epoch: 10, Steps: 29 | Train Loss: 0.0974007 Vali Loss: 0.1585586 Test Loss: 0.0867374
Validation loss decreased (0.162428 --> 0.158559).  Saving model ...
Updating learning rate to 2.805011083710071e-06
Epoch: 11 cost time: 4.341278076171875
Epoch: 11, Steps: 29 | Train Loss: 0.0951871 Vali Loss: 0.1531784 Test Loss: 0.0827131
Validation loss decreased (0.158559 --> 0.153178).  Saving model ...
Updating learning rate to 3.2534784600976295e-06
Epoch: 12 cost time: 4.35013747215271
Epoch: 12, Steps: 29 | Train Loss: 0.0925441 Vali Loss: 0.1471872 Test Loss: 0.0782077
Validation loss decreased (0.153178 --> 0.147187).  Saving model ...
Updating learning rate to 3.723321399909056e-06
Epoch: 13 cost time: 4.357429504394531
Epoch: 13, Steps: 29 | Train Loss: 0.0900770 Vali Loss: 0.1425861 Test Loss: 0.0752564
Validation loss decreased (0.147187 --> 0.142586).  Saving model ...
Updating learning rate to 4.209380362212844e-06
Epoch: 14 cost time: 4.3681957721710205
Epoch: 14, Steps: 29 | Train Loss: 0.0881687 Vali Loss: 0.1389315 Test Loss: 0.0734721
Validation loss decreased (0.142586 --> 0.138932).  Saving model ...
Updating learning rate to 4.706317731183279e-06
Epoch: 15 cost time: 4.345481872558594
Epoch: 15, Steps: 29 | Train Loss: 0.0864461 Vali Loss: 0.1361269 Test Loss: 0.0714942
Validation loss decreased (0.138932 --> 0.136127).  Saving model ...
Updating learning rate to 5.208676430682048e-06
Epoch: 16 cost time: 4.344982147216797
Epoch: 16, Steps: 29 | Train Loss: 0.0846214 Vali Loss: 0.1340321 Test Loss: 0.0692525
Validation loss decreased (0.136127 --> 0.134032).  Saving model ...
Updating learning rate to 5.710939850683244e-06
Epoch: 17 cost time: 4.35368275642395
Epoch: 17, Steps: 29 | Train Loss: 0.0830860 Vali Loss: 0.1319667 Test Loss: 0.0673372
Validation loss decreased (0.134032 --> 0.131967).  Saving model ...
Updating learning rate to 6.207592427464792e-06
Epoch: 18 cost time: 4.356480121612549
Epoch: 18, Steps: 29 | Train Loss: 0.0815812 Vali Loss: 0.1306049 Test Loss: 0.0656822
Validation loss decreased (0.131967 --> 0.130605).  Saving model ...
Updating learning rate to 6.693180212309968e-06
Epoch: 19 cost time: 4.36113429069519
Epoch: 19, Steps: 29 | Train Loss: 0.0805021 Vali Loss: 0.1287459 Test Loss: 0.0648003
Validation loss decreased (0.130605 --> 0.128746).  Saving model ...
Updating learning rate to 7.1623707635889015e-06
Epoch: 20 cost time: 4.3558030128479
Epoch: 20, Steps: 29 | Train Loss: 0.0795466 Vali Loss: 0.1277680 Test Loss: 0.0637352
Validation loss decreased (0.128746 --> 0.127768).  Saving model ...
Updating learning rate to 7.610011704520164e-06
Epoch: 21 cost time: 4.37777853012085
Epoch: 21, Steps: 29 | Train Loss: 0.0786786 Vali Loss: 0.1263271 Test Loss: 0.0632759
Validation loss decreased (0.127768 --> 0.126327).  Saving model ...
Updating learning rate to 8.031187303565295e-06
Epoch: 22 cost time: 4.3682541847229
Epoch: 22, Steps: 29 | Train Loss: 0.0778158 Vali Loss: 0.1258482 Test Loss: 0.0623136
Validation loss decreased (0.126327 --> 0.125848).  Saving model ...
Updating learning rate to 8.421272456123378e-06
Epoch: 23 cost time: 4.360419034957886
Epoch: 23, Steps: 29 | Train Loss: 0.0770091 Vali Loss: 0.1249670 Test Loss: 0.0616051
Validation loss decreased (0.125848 --> 0.124967).  Saving model ...
Updating learning rate to 8.775983474730246e-06
Epoch: 24 cost time: 4.35370397567749
Epoch: 24, Steps: 29 | Train Loss: 0.0761217 Vali Loss: 0.1240116 Test Loss: 0.0605242
Validation loss decreased (0.124967 --> 0.124012).  Saving model ...
Updating learning rate to 9.091425130013939e-06
Epoch: 25 cost time: 4.359957218170166
Epoch: 25, Steps: 29 | Train Loss: 0.0754126 Vali Loss: 0.1232153 Test Loss: 0.0599698
Validation loss decreased (0.124012 --> 0.123215).  Saving model ...
Updating learning rate to 9.364133425830145e-06
Epoch: 26 cost time: 4.3423967361450195
Epoch: 26, Steps: 29 | Train Loss: 0.0745846 Vali Loss: 0.1221372 Test Loss: 0.0593715
Validation loss decreased (0.123215 --> 0.122137).  Saving model ...
Updating learning rate to 9.591113638846019e-06
Epoch: 27 cost time: 4.347134828567505
Epoch: 27, Steps: 29 | Train Loss: 0.0738470 Vali Loss: 0.1213920 Test Loss: 0.0586776
Validation loss decreased (0.122137 --> 0.121392).  Saving model ...
Updating learning rate to 9.769873204843885e-06
Epoch: 28 cost time: 4.33991551399231
Epoch: 28, Steps: 29 | Train Loss: 0.0729766 Vali Loss: 0.1208789 Test Loss: 0.0581254
Validation loss decreased (0.121392 --> 0.120879).  Saving model ...
Updating learning rate to 9.898449090606656e-06
Epoch: 29 cost time: 4.349936246871948
Epoch: 29, Steps: 29 | Train Loss: 0.0723138 Vali Loss: 0.1197602 Test Loss: 0.0576037
Validation loss decreased (0.120879 --> 0.119760).  Saving model ...
Updating learning rate to 9.975429350802846e-06
Epoch: 30 cost time: 4.344017505645752
Epoch: 30, Steps: 29 | Train Loss: 0.0715509 Vali Loss: 0.1189706 Test Loss: 0.0572029
Validation loss decreased (0.119760 --> 0.118971).  Saving model ...
Updating learning rate to 9.99999401249548e-06
Epoch: 31 cost time: 4.345361709594727
Epoch: 31, Steps: 29 | Train Loss: 0.0709375 Vali Loss: 0.1184144 Test Loss: 0.0564891
Validation loss decreased (0.118971 --> 0.118414).  Saving model ...
Updating learning rate to 9.994612212745642e-06
Epoch: 32 cost time: 4.344439744949341
Epoch: 32, Steps: 29 | Train Loss: 0.0702370 Vali Loss: 0.1176793 Test Loss: 0.0559861
Validation loss decreased (0.118414 --> 0.117679).  Saving model ...
Updating learning rate to 9.979171968972798e-06
Epoch: 33 cost time: 4.335925340652466
Epoch: 33, Steps: 29 | Train Loss: 0.0695230 Vali Loss: 0.1169925 Test Loss: 0.0555721
Validation loss decreased (0.117679 --> 0.116993).  Saving model ...
Updating learning rate to 9.953704375773079e-06
Epoch: 34 cost time: 4.340270757675171
Epoch: 34, Steps: 29 | Train Loss: 0.0688269 Vali Loss: 0.1157187 Test Loss: 0.0548940
Validation loss decreased (0.116993 --> 0.115719).  Saving model ...
Updating learning rate to 9.918260721489893e-06
Epoch: 35 cost time: 4.344582557678223
Epoch: 35, Steps: 29 | Train Loss: 0.0681334 Vali Loss: 0.1151985 Test Loss: 0.0545196
Validation loss decreased (0.115719 --> 0.115199).  Saving model ...
Updating learning rate to 9.872912384926035e-06
Epoch: 36 cost time: 4.344791889190674
Epoch: 36, Steps: 29 | Train Loss: 0.0674508 Vali Loss: 0.1141044 Test Loss: 0.0543487
Validation loss decreased (0.115199 --> 0.114104).  Saving model ...
Updating learning rate to 9.817750691596265e-06
Epoch: 37 cost time: 4.355062007904053
Epoch: 37, Steps: 29 | Train Loss: 0.0668407 Vali Loss: 0.1145421 Test Loss: 0.0536275
EarlyStopping counter: 1 out of 10
Updating learning rate to 9.752886729809889e-06
Epoch: 38 cost time: 4.35714864730835
Epoch: 38, Steps: 29 | Train Loss: 0.0661655 Vali Loss: 0.1132205 Test Loss: 0.0534867
Validation loss decreased (0.114104 --> 0.113220).  Saving model ...
Updating learning rate to 9.678451126953676e-06
Epoch: 39 cost time: 4.3619139194488525
Epoch: 39, Steps: 29 | Train Loss: 0.0655488 Vali Loss: 0.1138979 Test Loss: 0.0525536
EarlyStopping counter: 1 out of 10
Updating learning rate to 9.594593786425696e-06
Epoch: 40 cost time: 4.361863613128662
Epoch: 40, Steps: 29 | Train Loss: 0.0648966 Vali Loss: 0.1119120 Test Loss: 0.0525742
Validation loss decreased (0.113220 --> 0.111912).  Saving model ...
Updating learning rate to 9.501483585749811e-06
Epoch: 41 cost time: 4.356181383132935
Epoch: 41, Steps: 29 | Train Loss: 0.0642145 Vali Loss: 0.1114406 Test Loss: 0.0521111
Validation loss decreased (0.111912 --> 0.111441).  Saving model ...
Updating learning rate to 9.399308036478838e-06
Epoch: 42 cost time: 4.357495546340942
Epoch: 42, Steps: 29 | Train Loss: 0.0636656 Vali Loss: 0.1105988 Test Loss: 0.0518041
Validation loss decreased (0.111441 --> 0.110599).  Saving model ...
Updating learning rate to 9.288272906571216e-06
Epoch: 43 cost time: 4.357350826263428
Epoch: 43, Steps: 29 | Train Loss: 0.0630289 Vali Loss: 0.1091046 Test Loss: 0.0519860
Validation loss decreased (0.110599 --> 0.109105).  Saving model ...
Updating learning rate to 9.16860180600173e-06
Epoch: 44 cost time: 4.358248233795166
Epoch: 44, Steps: 29 | Train Loss: 0.0624338 Vali Loss: 0.1080160 Test Loss: 0.0515104
Validation loss decreased (0.109105 --> 0.108016).  Saving model ...
Updating learning rate to 9.040535736440785e-06
Epoch: 45 cost time: 4.356014728546143
Epoch: 45, Steps: 29 | Train Loss: 0.0618356 Vali Loss: 0.1083875 Test Loss: 0.0508932
EarlyStopping counter: 1 out of 10
Updating learning rate to 8.904332605909106e-06
Epoch: 46 cost time: 4.352174758911133
Epoch: 46, Steps: 29 | Train Loss: 0.0612545 Vali Loss: 0.1071116 Test Loss: 0.0505983
Validation loss decreased (0.108016 --> 0.107112).  Saving model ...
Updating learning rate to 8.760266709385311e-06
Epoch: 47 cost time: 4.357110977172852
Epoch: 47, Steps: 29 | Train Loss: 0.0606427 Vali Loss: 0.1066801 Test Loss: 0.0503475
Validation loss decreased (0.107112 --> 0.106680).  Saving model ...
Updating learning rate to 8.608628176412335e-06
Epoch: 48 cost time: 4.350727558135986
Epoch: 48, Steps: 29 | Train Loss: 0.0600904 Vali Loss: 0.1059047 Test Loss: 0.0499902
Validation loss decreased (0.106680 --> 0.105905).  Saving model ...
Updating learning rate to 8.449722386815127e-06
Epoch: 49 cost time: 4.345333099365234
Epoch: 49, Steps: 29 | Train Loss: 0.0595345 Vali Loss: 0.1047823 Test Loss: 0.0497843
Validation loss decreased (0.105905 --> 0.104782).  Saving model ...
Updating learning rate to 8.28386935570634e-06
Epoch: 50 cost time: 4.345641851425171
Epoch: 50, Steps: 29 | Train Loss: 0.0589889 Vali Loss: 0.1039128 Test Loss: 0.0492369
Validation loss decreased (0.104782 --> 0.103913).  Saving model ...
Updating learning rate to 8.111403089018465e-06
Epoch: 51 cost time: 4.345772743225098
Epoch: 51, Steps: 29 | Train Loss: 0.0584111 Vali Loss: 0.1037739 Test Loss: 0.0488817
Validation loss decreased (0.103913 --> 0.103774).  Saving model ...
Updating learning rate to 7.93267091086035e-06
Epoch: 52 cost time: 4.347936391830444
Epoch: 52, Steps: 29 | Train Loss: 0.0578934 Vali Loss: 0.1026257 Test Loss: 0.0486176
Validation loss decreased (0.103774 --> 0.102626).  Saving model ...
Updating learning rate to 7.748032764052655e-06
Epoch: 53 cost time: 4.363646745681763
Epoch: 53, Steps: 29 | Train Loss: 0.0573728 Vali Loss: 0.1023749 Test Loss: 0.0482842
Validation loss decreased (0.102626 --> 0.102375).  Saving model ...
Updating learning rate to 7.557860485250925e-06
Epoch: 54 cost time: 4.344153642654419
Epoch: 54, Steps: 29 | Train Loss: 0.0568453 Vali Loss: 0.1015659 Test Loss: 0.0480268
Validation loss decreased (0.102375 --> 0.101566).  Saving model ...
Updating learning rate to 7.362537056116034e-06
Epoch: 55 cost time: 4.340386152267456
Epoch: 55, Steps: 29 | Train Loss: 0.0563353 Vali Loss: 0.1005109 Test Loss: 0.0478729
Validation loss decreased (0.101566 --> 0.100511).  Saving model ...
Updating learning rate to 7.162455832040107e-06
Epoch: 56 cost time: 4.343172788619995
Epoch: 56, Steps: 29 | Train Loss: 0.0557985 Vali Loss: 0.0998085 Test Loss: 0.0475701
Validation loss decreased (0.100511 --> 0.099808).  Saving model ...
Updating learning rate to 6.9580197499810984e-06
Epoch: 57 cost time: 4.354040145874023
Epoch: 57, Steps: 29 | Train Loss: 0.0553503 Vali Loss: 0.0992621 Test Loss: 0.0471840
Validation loss decreased (0.099808 --> 0.099262).  Saving model ...
Updating learning rate to 6.7496405170013816e-06
Epoch: 58 cost time: 4.374497413635254
Epoch: 58, Steps: 29 | Train Loss: 0.0548280 Vali Loss: 0.0988320 Test Loss: 0.0467463
Validation loss decreased (0.099262 --> 0.098832).  Saving model ...
Updating learning rate to 6.537737781144523e-06
Epoch: 59 cost time: 4.363757133483887
Epoch: 59, Steps: 29 | Train Loss: 0.0543194 Vali Loss: 0.0973423 Test Loss: 0.0466390
Validation loss decreased (0.098832 --> 0.097342).  Saving model ...
Updating learning rate to 6.322738286319964e-06
Epoch: 60 cost time: 4.353268146514893
Epoch: 60, Steps: 29 | Train Loss: 0.0539027 Vali Loss: 0.0967775 Test Loss: 0.0463658
Validation loss decreased (0.097342 --> 0.096777).  Saving model ...
Updating learning rate to 6.105075012897585e-06
Epoch: 61 cost time: 4.356405973434448
Epoch: 61, Steps: 29 | Train Loss: 0.0534403 Vali Loss: 0.0959180 Test Loss: 0.0461256
Validation loss decreased (0.096777 --> 0.095918).  Saving model ...
Updating learning rate to 5.885186305742857e-06
Epoch: 62 cost time: 4.353302478790283
Epoch: 62, Steps: 29 | Train Loss: 0.0528975 Vali Loss: 0.0950362 Test Loss: 0.0456701
Validation loss decreased (0.095918 --> 0.095036).  Saving model ...
Updating learning rate to 5.6635149914486225e-06
Epoch: 63 cost time: 4.363325357437134
Epoch: 63, Steps: 29 | Train Loss: 0.0525078 Vali Loss: 0.0951439 Test Loss: 0.0453164
EarlyStopping counter: 1 out of 10
Updating learning rate to 5.440507486541268e-06
Epoch: 64 cost time: 4.370565414428711
Epoch: 64, Steps: 29 | Train Loss: 0.0520661 Vali Loss: 0.0942831 Test Loss: 0.0448734
Validation loss decreased (0.095036 --> 0.094283).  Saving model ...
Updating learning rate to 5.216612898457253e-06
Epoch: 65 cost time: 4.36267876625061
Epoch: 65, Steps: 29 | Train Loss: 0.0515983 Vali Loss: 0.0932766 Test Loss: 0.0448162
Validation loss decreased (0.094283 --> 0.093277).  Saving model ...
Updating learning rate to 4.992282121100496e-06
Epoch: 66 cost time: 4.3726646900177
Epoch: 66, Steps: 29 | Train Loss: 0.0511820 Vali Loss: 0.0926943 Test Loss: 0.0443174
Validation loss decreased (0.093277 --> 0.092694).  Saving model ...
Updating learning rate to 4.767966926802067e-06
Epoch: 67 cost time: 4.365270614624023
Epoch: 67, Steps: 29 | Train Loss: 0.0507301 Vali Loss: 0.0921763 Test Loss: 0.0439749
Validation loss decreased (0.092694 --> 0.092176).  Saving model ...
Updating learning rate to 4.5441190565108235e-06
Epoch: 68 cost time: 4.365912914276123
Epoch: 68, Steps: 29 | Train Loss: 0.0503491 Vali Loss: 0.0913630 Test Loss: 0.0437304
Validation loss decreased (0.092176 --> 0.091363).  Saving model ...
Updating learning rate to 4.3211893100472735e-06
Epoch: 69 cost time: 4.355259895324707
Epoch: 69, Steps: 29 | Train Loss: 0.0499047 Vali Loss: 0.0903889 Test Loss: 0.0435590
Validation loss decreased (0.091363 --> 0.090389).  Saving model ...
Updating learning rate to 4.099626638252712e-06
Epoch: 70 cost time: 4.352302551269531
Epoch: 70, Steps: 29 | Train Loss: 0.0495126 Vali Loss: 0.0901233 Test Loss: 0.0429865
Validation loss decreased (0.090389 --> 0.090123).  Saving model ...
Updating learning rate to 3.879877238861997e-06
Epoch: 71 cost time: 4.354433298110962
Epoch: 71, Steps: 29 | Train Loss: 0.0490584 Vali Loss: 0.0890949 Test Loss: 0.0429603
Validation loss decreased (0.090123 --> 0.089095).  Saving model ...
Updating learning rate to 3.662383657920668e-06
Epoch: 72 cost time: 4.371393203735352
Epoch: 72, Steps: 29 | Train Loss: 0.0486660 Vali Loss: 0.0886225 Test Loss: 0.0425396
Validation loss decreased (0.089095 --> 0.088622).  Saving model ...
Updating learning rate to 3.447583898556124e-06
Epoch: 73 cost time: 4.355432033538818
Epoch: 73, Steps: 29 | Train Loss: 0.0482825 Vali Loss: 0.0878070 Test Loss: 0.0423059
Validation loss decreased (0.088622 --> 0.087807).  Saving model ...
Updating learning rate to 3.2359105388976132e-06
Epoch: 74 cost time: 4.362157583236694
Epoch: 74, Steps: 29 | Train Loss: 0.0479018 Vali Loss: 0.0869167 Test Loss: 0.0419776
Validation loss decreased (0.087807 --> 0.086917).  Saving model ...
Updating learning rate to 3.027789860921434e-06
Epoch: 75 cost time: 4.361913442611694
Epoch: 75, Steps: 29 | Train Loss: 0.0475160 Vali Loss: 0.0866153 Test Loss: 0.0416351
Validation loss decreased (0.086917 --> 0.086615).  Saving model ...
Updating learning rate to 2.8236409919757893e-06
Epoch: 76 cost time: 4.364869117736816
Epoch: 76, Steps: 29 | Train Loss: 0.0471416 Vali Loss: 0.0855228 Test Loss: 0.0414755
Validation loss decreased (0.086615 --> 0.085523).  Saving model ...
Updating learning rate to 2.6238750607140637e-06
Epoch: 77 cost time: 4.35512113571167
Epoch: 77, Steps: 29 | Train Loss: 0.0467622 Vali Loss: 0.0847924 Test Loss: 0.0411304
Validation loss decreased (0.085523 --> 0.084792).  Saving model ...
Updating learning rate to 2.4288943691364434e-06
Epoch: 78 cost time: 4.357976198196411
Epoch: 78, Steps: 29 | Train Loss: 0.0463270 Vali Loss: 0.0839991 Test Loss: 0.0409262
Validation loss decreased (0.084792 --> 0.083999).  Saving model ...
Updating learning rate to 2.2390915824072217e-06
Epoch: 79 cost time: 4.3774847984313965
Epoch: 79, Steps: 29 | Train Loss: 0.0459974 Vali Loss: 0.0835558 Test Loss: 0.0405414
Validation loss decreased (0.083999 --> 0.083556).  Saving model ...
Updating learning rate to 2.0548489380794217e-06
Epoch: 80 cost time: 4.355058670043945
Epoch: 80, Steps: 29 | Train Loss: 0.0456080 Vali Loss: 0.0828894 Test Loss: 0.0402509
Validation loss decreased (0.083556 --> 0.082889).  Saving model ...
Updating learning rate to 1.876537476319218e-06
Epoch: 81 cost time: 4.399792671203613
Epoch: 81, Steps: 29 | Train Loss: 0.0453168 Vali Loss: 0.0831654 Test Loss: 0.0400315
EarlyStopping counter: 1 out of 10
Updating learning rate to 1.7045162926804444e-06
Epoch: 82 cost time: 4.370978355407715
Epoch: 82, Steps: 29 | Train Loss: 0.0452988 Vali Loss: 0.0827069 Test Loss: 0.0401068
Validation loss decreased (0.082889 --> 0.082707).  Saving model ...
Updating learning rate to 1.5391318149339123e-06
Epoch: 83 cost time: 4.39162540435791
Epoch: 83, Steps: 29 | Train Loss: 0.0453305 Vali Loss: 0.0828876 Test Loss: 0.0401664
EarlyStopping counter: 1 out of 10
Updating learning rate to 1.3807171054080036e-06
Epoch: 84 cost time: 4.382670640945435
Epoch: 84, Steps: 29 | Train Loss: 0.0452553 Vali Loss: 0.0827411 Test Loss: 0.0401824
EarlyStopping counter: 2 out of 10
Updating learning rate to 1.2295911902454577e-06
Epoch: 85 cost time: 4.356612205505371
Epoch: 85, Steps: 29 | Train Loss: 0.0452520 Vali Loss: 0.0829501 Test Loss: 0.0401448
EarlyStopping counter: 3 out of 10
Updating learning rate to 1.0860584169271784e-06
Epoch: 86 cost time: 4.38148045539856
Epoch: 86, Steps: 29 | Train Loss: 0.0452955 Vali Loss: 0.0830797 Test Loss: 0.0400945
EarlyStopping counter: 4 out of 10
Updating learning rate to 9.504078413569088e-07
Epoch: 87 cost time: 4.383066177368164
Epoch: 87, Steps: 29 | Train Loss: 0.0452438 Vali Loss: 0.0827754 Test Loss: 0.0401965
EarlyStopping counter: 5 out of 10
Updating learning rate to 8.229126457411124e-07
Epoch: 88 cost time: 4.359257221221924
Epoch: 88, Steps: 29 | Train Loss: 0.0452968 Vali Loss: 0.0827686 Test Loss: 0.0401482
EarlyStopping counter: 6 out of 10
Updating learning rate to 7.038295884363647e-07
Epoch: 89 cost time: 4.351440191268921
Epoch: 89, Steps: 29 | Train Loss: 0.0452464 Vali Loss: 0.0826670 Test Loss: 0.0401975
Validation loss decreased (0.082707 --> 0.082667).  Saving model ...
Updating learning rate to 5.933984868721898e-07
Epoch: 90 cost time: 4.349802255630493
Epoch: 90, Steps: 29 | Train Loss: 0.0452784 Vali Loss: 0.0829017 Test Loss: 0.0401680
EarlyStopping counter: 1 out of 10
Updating learning rate to 4.918417345906772e-07
Epoch: 91 cost time: 4.363052606582642
Epoch: 91, Steps: 29 | Train Loss: 0.0452164 Vali Loss: 0.0827380 Test Loss: 0.0401748
EarlyStopping counter: 2 out of 10
Updating learning rate to 3.9936385337548097e-07
Epoch: 92 cost time: 4.361104726791382
Epoch: 92, Steps: 29 | Train Loss: 0.0452587 Vali Loss: 0.0828530 Test Loss: 0.0401811
EarlyStopping counter: 3 out of 10
Updating learning rate to 3.161510813721721e-07
Epoch: 93 cost time: 4.357184171676636
Epoch: 93, Steps: 29 | Train Loss: 0.0452662 Vali Loss: 0.0827346 Test Loss: 0.0401835
EarlyStopping counter: 4 out of 10
Updating learning rate to 2.4237099802938663e-07
Epoch: 94 cost time: 4.347332715988159
Epoch: 94, Steps: 29 | Train Loss: 0.0452629 Vali Loss: 0.0827788 Test Loss: 0.0401732
EarlyStopping counter: 5 out of 10
Updating learning rate to 1.7817218661613333e-07
Epoch: 95 cost time: 4.351216554641724
Epoch: 95, Steps: 29 | Train Loss: 0.0452500 Vali Loss: 0.0831751 Test Loss: 0.0401671
EarlyStopping counter: 6 out of 10
Updating learning rate to 1.236839349948492e-07
Epoch: 96 cost time: 4.3506200313568115
Epoch: 96, Steps: 29 | Train Loss: 0.0452398 Vali Loss: 0.0829777 Test Loss: 0.0401462
EarlyStopping counter: 7 out of 10
Updating learning rate to 7.90159752528609e-08
Epoch: 97 cost time: 4.35505747795105
Epoch: 97, Steps: 29 | Train Loss: 0.0452738 Vali Loss: 0.0829714 Test Loss: 0.0401619
EarlyStopping counter: 8 out of 10
Updating learning rate to 4.425826271655888e-08
Epoch: 98 cost time: 4.357249736785889
Epoch: 98, Steps: 29 | Train Loss: 0.0452427 Vali Loss: 0.0829501 Test Loss: 0.0401731
EarlyStopping counter: 9 out of 10
Updating learning rate to 1.948079479334324e-08
Epoch: 99 cost time: 4.359280824661255
Epoch: 99, Steps: 29 | Train Loss: 0.0452278 Vali Loss: 0.0829225 Test Loss: 0.0401857
EarlyStopping counter: 10 out of 10
Early stopping
>>>>>>>testing : ETTh1_336_720_DTFNet_ETTh1_ftM_sl336_ll0_pl720_dm128_nh16_el2_br2_dl1_df256_fc1_ebtimeF_dtTrue_'Exp'_0_'rel_sin'_16_8_16,24_8,12_3_1_256<<<<<<<<<<<<<<<<<<<<<<<<<<<<<<<<<
test 2161
mse:0.42541807889938354, mae:0.44889235496520996, rse:0.6264595985412598
