Args in experiment:
Namespace(activation='gelu', affine=0, batch_size=256, c_out=7, checkpoints='./checkpoints/', d_ff=256, d_layers=1, d_model=128, d_model_ls='128', data='ETTh1', data_path='ETTh1.csv', dec_in=7, decomposition=0, des="'Exp'", devices='0', dilation_rates='1', distil=True, do_predict=False, dropout=0.3, e_layers=2, embed='timeF', embed_type=0, enc_in=7, factor=1, fc_dropout=0.3, features='M', freq='h', gpu=0, head_dropout=0.1, head_type='flatten', individual=0, initTLV=0.2, is_training=1, itr=1, kernel_size=25, l2=0.0, label_len=0, learning_rate=1e-05, loss='mse', loss_flag=2, lradj='TST', mlflow_project='exp', model='DTFNet', model_id='ETTh1_336_720', model_type='linear', moving_avg=25, n_branches=2, n_heads=16, n_heads_ls='16', no_learn_pe=True, num_workers=0, output_attention=False, padding_patch="'end'", patch_len=16, patch_len_ls='16,24', patience=10, pct_start=0.3, pe='zeros', pre_norm=False, pred_len=720, rel_pe="'rel_sin'", res_attn=False, revin=1, root_path='./dataset/', seq_len=336, store_attn=False, stride=8, stride_ls='8,12', stride_ls_list='16', sub_patch_len=16, sub_stride=8, subtract_last=0, target='OT', test_flop=False, tfactor=3, train_epochs=100, use_amp=False, use_gpu=True, use_mlflow=False, use_multi_gpu=False, warmup_steps=0, wavelet_dim=64, wavelet_layers=2, wavelet_mode='periodization', wavelet_type='db5')
Use GPU: cuda:0
>>>>>>>start training : ETTh1_336_720_DTFNet_ETTh1_ftM_sl336_ll0_pl720_dm128_nh16_el2_br2_dl1_df256_fc1_ebtimeF_dtTrue_'Exp'_0_'rel_sin'_16_8_16,24_8,12_3_1_256>>>>>>>>>>>>>>>>>>>>>>>>>>
train 7585
val 2161
test 2161
Epoch: 1 cost time: 4.79459547996521
Epoch: 1, Steps: 29 | Train Loss: 0.1076658 Vali Loss: 0.1789950 Test Loss: 0.0997353
Validation loss decreased (inf --> 0.178995).  Saving model ...
Updating learning rate to 4.2635539919063106e-07
Epoch: 2 cost time: 4.446933746337891
Epoch: 2, Steps: 29 | Train Loss: 0.1067931 Vali Loss: 0.1776267 Test Loss: 0.0989131
Validation loss decreased (0.178995 --> 0.177627).  Saving model ...
Updating learning rate to 5.051321771514831e-07
Epoch: 3 cost time: 4.386377573013306
Epoch: 3, Steps: 29 | Train Loss: 0.1058999 Vali Loss: 0.1758688 Test Loss: 0.0980211
Validation loss decreased (0.177627 --> 0.175869).  Saving model ...
Updating learning rate to 6.354652532866785e-07
Epoch: 4 cost time: 4.43660306930542
Epoch: 4, Steps: 29 | Train Loss: 0.1049210 Vali Loss: 0.1743756 Test Loss: 0.0970668
Validation loss decreased (0.175869 --> 0.174376).  Saving model ...
Updating learning rate to 8.159233858256806e-07
Epoch: 5 cost time: 4.371530532836914
Epoch: 5, Steps: 29 | Train Loss: 0.1040133 Vali Loss: 0.1719976 Test Loss: 0.0960334
Validation loss decreased (0.174376 --> 0.171998).  Saving model ...
Updating learning rate to 1.0445248888850473e-06
Epoch: 6 cost time: 4.355156183242798
Epoch: 6, Steps: 29 | Train Loss: 0.1030087 Vali Loss: 0.1703093 Test Loss: 0.0948817
Validation loss decreased (0.171998 --> 0.170309).  Saving model ...
Updating learning rate to 1.3187593941861497e-06
Epoch: 7 cost time: 4.471609592437744
Epoch: 7, Steps: 29 | Train Loss: 0.1019266 Vali Loss: 0.1683803 Test Loss: 0.0935627
Validation loss decreased (0.170309 --> 0.168380).  Saving model ...
Updating learning rate to 1.6356154184543822e-06
Epoch: 8 cost time: 4.405446767807007
Epoch: 8, Steps: 29 | Train Loss: 0.1006470 Vali Loss: 0.1657550 Test Loss: 0.0919736
Validation loss decreased (0.168380 --> 0.165755).  Saving model ...
Updating learning rate to 1.9916134337707666e-06
Epoch: 9 cost time: 4.386148691177368
Epoch: 9, Steps: 29 | Train Loss: 0.0993242 Vali Loss: 0.1629698 Test Loss: 0.0899264
Validation loss decreased (0.165755 --> 0.162970).  Saving model ...
Updating learning rate to 2.3828440777166636e-06
Epoch: 10 cost time: 4.423694610595703
Epoch: 10, Steps: 29 | Train Loss: 0.0975891 Vali Loss: 0.1590638 Test Loss: 0.0871852
Validation loss decreased (0.162970 --> 0.159064).  Saving model ...
Updating learning rate to 2.805011083710071e-06
Epoch: 11 cost time: 4.398661375045776
Epoch: 11, Steps: 29 | Train Loss: 0.0953179 Vali Loss: 0.1536153 Test Loss: 0.0832841
Validation loss decreased (0.159064 --> 0.153615).  Saving model ...
Updating learning rate to 3.2534784600976295e-06
Epoch: 12 cost time: 4.424575567245483
Epoch: 12, Steps: 29 | Train Loss: 0.0926560 Vali Loss: 0.1477706 Test Loss: 0.0786711
Validation loss decreased (0.153615 --> 0.147771).  Saving model ...
Updating learning rate to 3.723321399909056e-06
Epoch: 13 cost time: 4.518749952316284
Epoch: 13, Steps: 29 | Train Loss: 0.0899923 Vali Loss: 0.1425326 Test Loss: 0.0753410
Validation loss decreased (0.147771 --> 0.142533).  Saving model ...
Updating learning rate to 4.209380362212844e-06
Epoch: 14 cost time: 4.394317388534546
Epoch: 14, Steps: 29 | Train Loss: 0.0879680 Vali Loss: 0.1388156 Test Loss: 0.0732511
Validation loss decreased (0.142533 --> 0.138816).  Saving model ...
Updating learning rate to 4.706317731183279e-06
Epoch: 15 cost time: 4.4170732498168945
Epoch: 15, Steps: 29 | Train Loss: 0.0861140 Vali Loss: 0.1357445 Test Loss: 0.0712005
Validation loss decreased (0.138816 --> 0.135745).  Saving model ...
Updating learning rate to 5.208676430682048e-06
Epoch: 16 cost time: 4.357682228088379
Epoch: 16, Steps: 29 | Train Loss: 0.0844200 Vali Loss: 0.1334264 Test Loss: 0.0690024
Validation loss decreased (0.135745 --> 0.133426).  Saving model ...
Updating learning rate to 5.710939850683244e-06
Epoch: 17 cost time: 4.4641807079315186
Epoch: 17, Steps: 29 | Train Loss: 0.0829272 Vali Loss: 0.1313386 Test Loss: 0.0671805
Validation loss decreased (0.133426 --> 0.131339).  Saving model ...
Updating learning rate to 6.207592427464792e-06
Epoch: 18 cost time: 4.409951210021973
Epoch: 18, Steps: 29 | Train Loss: 0.0816411 Vali Loss: 0.1301720 Test Loss: 0.0655051
Validation loss decreased (0.131339 --> 0.130172).  Saving model ...
Updating learning rate to 6.693180212309968e-06
Epoch: 19 cost time: 4.368671178817749
Epoch: 19, Steps: 29 | Train Loss: 0.0805603 Vali Loss: 0.1289812 Test Loss: 0.0646710
Validation loss decreased (0.130172 --> 0.128981).  Saving model ...
Updating learning rate to 7.1623707635889015e-06
Epoch: 20 cost time: 4.491632699966431
Epoch: 20, Steps: 29 | Train Loss: 0.0795726 Vali Loss: 0.1275317 Test Loss: 0.0635667
Validation loss decreased (0.128981 --> 0.127532).  Saving model ...
Updating learning rate to 7.610011704520164e-06
Epoch: 21 cost time: 4.35451078414917
Epoch: 21, Steps: 29 | Train Loss: 0.0786731 Vali Loss: 0.1264399 Test Loss: 0.0629969
Validation loss decreased (0.127532 --> 0.126440).  Saving model ...
Updating learning rate to 8.031187303565295e-06
Epoch: 22 cost time: 4.3641581535339355
Epoch: 22, Steps: 29 | Train Loss: 0.0778174 Vali Loss: 0.1261102 Test Loss: 0.0619388
Validation loss decreased (0.126440 --> 0.126110).  Saving model ...
Updating learning rate to 8.421272456123378e-06
Epoch: 23 cost time: 4.367119789123535
Epoch: 23, Steps: 29 | Train Loss: 0.0769496 Vali Loss: 0.1250811 Test Loss: 0.0610843
Validation loss decreased (0.126110 --> 0.125081).  Saving model ...
Updating learning rate to 8.775983474730246e-06
Epoch: 24 cost time: 4.370506763458252
Epoch: 24, Steps: 29 | Train Loss: 0.0761447 Vali Loss: 0.1236853 Test Loss: 0.0605540
Validation loss decreased (0.125081 --> 0.123685).  Saving model ...
Updating learning rate to 9.091425130013939e-06
Epoch: 25 cost time: 4.380237102508545
Epoch: 25, Steps: 29 | Train Loss: 0.0753608 Vali Loss: 0.1228589 Test Loss: 0.0601232
Validation loss decreased (0.123685 --> 0.122859).  Saving model ...
Updating learning rate to 9.364133425830145e-06
Epoch: 26 cost time: 4.372167348861694
Epoch: 26, Steps: 29 | Train Loss: 0.0746031 Vali Loss: 0.1225315 Test Loss: 0.0589772
Validation loss decreased (0.122859 --> 0.122531).  Saving model ...
Updating learning rate to 9.591113638846019e-06
Epoch: 27 cost time: 4.373214483261108
Epoch: 27, Steps: 29 | Train Loss: 0.0738389 Vali Loss: 0.1209043 Test Loss: 0.0582936
Validation loss decreased (0.122531 --> 0.120904).  Saving model ...
Updating learning rate to 9.769873204843885e-06
Epoch: 28 cost time: 4.347608327865601
Epoch: 28, Steps: 29 | Train Loss: 0.0730678 Vali Loss: 0.1203014 Test Loss: 0.0577841
Validation loss decreased (0.120904 --> 0.120301).  Saving model ...
Updating learning rate to 9.898449090606656e-06
Epoch: 29 cost time: 4.34488582611084
Epoch: 29, Steps: 29 | Train Loss: 0.0723287 Vali Loss: 0.1194552 Test Loss: 0.0573109
Validation loss decreased (0.120301 --> 0.119455).  Saving model ...
Updating learning rate to 9.975429350802846e-06
Epoch: 30 cost time: 4.3452370166778564
Epoch: 30, Steps: 29 | Train Loss: 0.0716292 Vali Loss: 0.1187272 Test Loss: 0.0568841
Validation loss decreased (0.119455 --> 0.118727).  Saving model ...
Updating learning rate to 9.99999401249548e-06
Epoch: 31 cost time: 4.340868711471558
Epoch: 31, Steps: 29 | Train Loss: 0.0709342 Vali Loss: 0.1180101 Test Loss: 0.0562295
Validation loss decreased (0.118727 --> 0.118010).  Saving model ...
Updating learning rate to 9.994612212745642e-06
Epoch: 32 cost time: 4.3336851596832275
Epoch: 32, Steps: 29 | Train Loss: 0.0701795 Vali Loss: 0.1172130 Test Loss: 0.0557475
Validation loss decreased (0.118010 --> 0.117213).  Saving model ...
Updating learning rate to 9.979171968972798e-06
Epoch: 33 cost time: 4.352297306060791
Epoch: 33, Steps: 29 | Train Loss: 0.0694917 Vali Loss: 0.1163522 Test Loss: 0.0551334
Validation loss decreased (0.117213 --> 0.116352).  Saving model ...
Updating learning rate to 9.953704375773079e-06
Epoch: 34 cost time: 4.3374834060668945
Epoch: 34, Steps: 29 | Train Loss: 0.0687654 Vali Loss: 0.1160117 Test Loss: 0.0546765
Validation loss decreased (0.116352 --> 0.116012).  Saving model ...
Updating learning rate to 9.918260721489893e-06
Epoch: 35 cost time: 4.3403143882751465
Epoch: 35, Steps: 29 | Train Loss: 0.0681423 Vali Loss: 0.1162775 Test Loss: 0.0540527
EarlyStopping counter: 1 out of 10
Updating learning rate to 9.872912384926035e-06
Epoch: 36 cost time: 4.336364507675171
Epoch: 36, Steps: 29 | Train Loss: 0.0675240 Vali Loss: 0.1143177 Test Loss: 0.0539739
Validation loss decreased (0.116012 --> 0.114318).  Saving model ...
Updating learning rate to 9.817750691596265e-06
Epoch: 37 cost time: 4.3316309452056885
Epoch: 37, Steps: 29 | Train Loss: 0.0667856 Vali Loss: 0.1136476 Test Loss: 0.0533766
Validation loss decreased (0.114318 --> 0.113648).  Saving model ...
Updating learning rate to 9.752886729809889e-06
Epoch: 38 cost time: 4.337266206741333
Epoch: 38, Steps: 29 | Train Loss: 0.0661742 Vali Loss: 0.1135516 Test Loss: 0.0527184
Validation loss decreased (0.113648 --> 0.113552).  Saving model ...
Updating learning rate to 9.678451126953676e-06
Epoch: 39 cost time: 4.34452486038208
Epoch: 39, Steps: 29 | Train Loss: 0.0655495 Vali Loss: 0.1130998 Test Loss: 0.0523478
Validation loss decreased (0.113552 --> 0.113100).  Saving model ...
Updating learning rate to 9.594593786425696e-06
Epoch: 40 cost time: 4.344682216644287
Epoch: 40, Steps: 29 | Train Loss: 0.0649537 Vali Loss: 0.1124354 Test Loss: 0.0521920
Validation loss decreased (0.113100 --> 0.112435).  Saving model ...
Updating learning rate to 9.501483585749811e-06
Epoch: 41 cost time: 4.350043535232544
Epoch: 41, Steps: 29 | Train Loss: 0.0642978 Vali Loss: 0.1113238 Test Loss: 0.0516670
Validation loss decreased (0.112435 --> 0.111324).  Saving model ...
Updating learning rate to 9.399308036478838e-06
Epoch: 42 cost time: 4.365360498428345
Epoch: 42, Steps: 29 | Train Loss: 0.0636251 Vali Loss: 0.1098645 Test Loss: 0.0514353
Validation loss decreased (0.111324 --> 0.109864).  Saving model ...
Updating learning rate to 9.288272906571216e-06
Epoch: 43 cost time: 4.349736213684082
Epoch: 43, Steps: 29 | Train Loss: 0.0630177 Vali Loss: 0.1091324 Test Loss: 0.0512234
Validation loss decreased (0.109864 --> 0.109132).  Saving model ...
Updating learning rate to 9.16860180600173e-06
Epoch: 44 cost time: 4.363335609436035
Epoch: 44, Steps: 29 | Train Loss: 0.0624124 Vali Loss: 0.1086143 Test Loss: 0.0507579
Validation loss decreased (0.109132 --> 0.108614).  Saving model ...
Updating learning rate to 9.040535736440785e-06
Epoch: 45 cost time: 4.381062269210815
Epoch: 45, Steps: 29 | Train Loss: 0.0618287 Vali Loss: 0.1081207 Test Loss: 0.0503116
Validation loss decreased (0.108614 --> 0.108121).  Saving model ...
Updating learning rate to 8.904332605909106e-06
Epoch: 46 cost time: 4.374803066253662
Epoch: 46, Steps: 29 | Train Loss: 0.0612752 Vali Loss: 0.1073737 Test Loss: 0.0499175
Validation loss decreased (0.108121 --> 0.107374).  Saving model ...
Updating learning rate to 8.760266709385311e-06
Epoch: 47 cost time: 4.366462469100952
Epoch: 47, Steps: 29 | Train Loss: 0.0607069 Vali Loss: 0.1063090 Test Loss: 0.0496635
Validation loss decreased (0.107374 --> 0.106309).  Saving model ...
Updating learning rate to 8.608628176412335e-06
Epoch: 48 cost time: 4.375208139419556
Epoch: 48, Steps: 29 | Train Loss: 0.0601719 Vali Loss: 0.1064051 Test Loss: 0.0492663
EarlyStopping counter: 1 out of 10
Updating learning rate to 8.449722386815127e-06
Epoch: 49 cost time: 4.374598264694214
Epoch: 49, Steps: 29 | Train Loss: 0.0595666 Vali Loss: 0.1053301 Test Loss: 0.0490183
Validation loss decreased (0.106309 --> 0.105330).  Saving model ...
Updating learning rate to 8.28386935570634e-06
Epoch: 50 cost time: 4.35719108581543
Epoch: 50, Steps: 29 | Train Loss: 0.0590526 Vali Loss: 0.1043133 Test Loss: 0.0486985
Validation loss decreased (0.105330 --> 0.104313).  Saving model ...
Updating learning rate to 8.111403089018465e-06
Epoch: 51 cost time: 4.3662192821502686
Epoch: 51, Steps: 29 | Train Loss: 0.0585059 Vali Loss: 0.1036289 Test Loss: 0.0485171
Validation loss decreased (0.104313 --> 0.103629).  Saving model ...
Updating learning rate to 7.93267091086035e-06
Epoch: 52 cost time: 4.355184078216553
Epoch: 52, Steps: 29 | Train Loss: 0.0579598 Vali Loss: 0.1030970 Test Loss: 0.0481093
Validation loss decreased (0.103629 --> 0.103097).  Saving model ...
Updating learning rate to 7.748032764052655e-06
Epoch: 53 cost time: 4.362324476242065
Epoch: 53, Steps: 29 | Train Loss: 0.0574203 Vali Loss: 0.1026747 Test Loss: 0.0476713
Validation loss decreased (0.103097 --> 0.102675).  Saving model ...
Updating learning rate to 7.557860485250925e-06
Epoch: 54 cost time: 4.364947080612183
Epoch: 54, Steps: 29 | Train Loss: 0.0569387 Vali Loss: 0.1017262 Test Loss: 0.0473099
Validation loss decreased (0.102675 --> 0.101726).  Saving model ...
Updating learning rate to 7.362537056116034e-06
Epoch: 55 cost time: 4.3662450313568115
Epoch: 55, Steps: 29 | Train Loss: 0.0564469 Vali Loss: 0.1010365 Test Loss: 0.0470491
Validation loss decreased (0.101726 --> 0.101036).  Saving model ...
Updating learning rate to 7.162455832040107e-06
Epoch: 56 cost time: 4.352869749069214
Epoch: 56, Steps: 29 | Train Loss: 0.0559191 Vali Loss: 0.1001889 Test Loss: 0.0466816
Validation loss decreased (0.101036 --> 0.100189).  Saving model ...
Updating learning rate to 6.9580197499810984e-06
Epoch: 57 cost time: 4.368856906890869
Epoch: 57, Steps: 29 | Train Loss: 0.0553660 Vali Loss: 0.0993852 Test Loss: 0.0464461
Validation loss decreased (0.100189 --> 0.099385).  Saving model ...
Updating learning rate to 6.7496405170013816e-06
Epoch: 58 cost time: 4.369170665740967
Epoch: 58, Steps: 29 | Train Loss: 0.0548774 Vali Loss: 0.0987989 Test Loss: 0.0461284
Validation loss decreased (0.099385 --> 0.098799).  Saving model ...
Updating learning rate to 6.537737781144523e-06
Epoch: 59 cost time: 4.369054317474365
Epoch: 59, Steps: 29 | Train Loss: 0.0544115 Vali Loss: 0.0980673 Test Loss: 0.0457573
Validation loss decreased (0.098799 --> 0.098067).  Saving model ...
Updating learning rate to 6.322738286319964e-06
Epoch: 60 cost time: 4.369144439697266
Epoch: 60, Steps: 29 | Train Loss: 0.0539394 Vali Loss: 0.0977598 Test Loss: 0.0454633
Validation loss decreased (0.098067 --> 0.097760).  Saving model ...
Updating learning rate to 6.105075012897585e-06
Epoch: 61 cost time: 4.3717360496521
Epoch: 61, Steps: 29 | Train Loss: 0.0535402 Vali Loss: 0.0968414 Test Loss: 0.0451486
Validation loss decreased (0.097760 --> 0.096841).  Saving model ...
Updating learning rate to 5.885186305742857e-06
Epoch: 62 cost time: 4.354930400848389
Epoch: 62, Steps: 29 | Train Loss: 0.0530234 Vali Loss: 0.0959525 Test Loss: 0.0448371
Validation loss decreased (0.096841 --> 0.095953).  Saving model ...
Updating learning rate to 5.6635149914486225e-06
Epoch: 63 cost time: 4.364802360534668
Epoch: 63, Steps: 29 | Train Loss: 0.0525414 Vali Loss: 0.0956213 Test Loss: 0.0444743
Validation loss decreased (0.095953 --> 0.095621).  Saving model ...
Updating learning rate to 5.440507486541268e-06
Epoch: 64 cost time: 4.361164331436157
Epoch: 64, Steps: 29 | Train Loss: 0.0521059 Vali Loss: 0.0945982 Test Loss: 0.0442742
Validation loss decreased (0.095621 --> 0.094598).  Saving model ...
Updating learning rate to 5.216612898457253e-06
Epoch: 65 cost time: 4.369304656982422
Epoch: 65, Steps: 29 | Train Loss: 0.0517398 Vali Loss: 0.0942250 Test Loss: 0.0438766
Validation loss decreased (0.094598 --> 0.094225).  Saving model ...
Updating learning rate to 4.992282121100496e-06
Epoch: 66 cost time: 4.355085134506226
Epoch: 66, Steps: 29 | Train Loss: 0.0512333 Vali Loss: 0.0928076 Test Loss: 0.0436988
Validation loss decreased (0.094225 --> 0.092808).  Saving model ...
Updating learning rate to 4.767966926802067e-06
Epoch: 67 cost time: 4.371870517730713
Epoch: 67, Steps: 29 | Train Loss: 0.0508230 Vali Loss: 0.0928934 Test Loss: 0.0432926
EarlyStopping counter: 1 out of 10
Updating learning rate to 4.5441190565108235e-06
Epoch: 68 cost time: 4.3854217529296875
Epoch: 68, Steps: 29 | Train Loss: 0.0504112 Vali Loss: 0.0923944 Test Loss: 0.0428892
Validation loss decreased (0.092808 --> 0.092394).  Saving model ...
Updating learning rate to 4.3211893100472735e-06
Epoch: 69 cost time: 4.359358072280884
Epoch: 69, Steps: 29 | Train Loss: 0.0500166 Vali Loss: 0.0909383 Test Loss: 0.0428016
Validation loss decreased (0.092394 --> 0.090938).  Saving model ...
Updating learning rate to 4.099626638252712e-06
Epoch: 70 cost time: 4.409939765930176
Epoch: 70, Steps: 29 | Train Loss: 0.0495436 Vali Loss: 0.0905639 Test Loss: 0.0424517
Validation loss decreased (0.090938 --> 0.090564).  Saving model ...
Updating learning rate to 3.879877238861997e-06
Epoch: 71 cost time: 4.360785484313965
Epoch: 71, Steps: 29 | Train Loss: 0.0492014 Vali Loss: 0.0898361 Test Loss: 0.0420707
Validation loss decreased (0.090564 --> 0.089836).  Saving model ...
Updating learning rate to 3.662383657920668e-06
Epoch: 72 cost time: 4.362028121948242
Epoch: 72, Steps: 29 | Train Loss: 0.0487964 Vali Loss: 0.0891623 Test Loss: 0.0417418
Validation loss decreased (0.089836 --> 0.089162).  Saving model ...
Updating learning rate to 3.447583898556124e-06
Epoch: 73 cost time: 4.352859735488892
Epoch: 73, Steps: 29 | Train Loss: 0.0484182 Vali Loss: 0.0888052 Test Loss: 0.0414481
Validation loss decreased (0.089162 --> 0.088805).  Saving model ...
Updating learning rate to 3.2359105388976132e-06
Epoch: 74 cost time: 4.359016180038452
Epoch: 74, Steps: 29 | Train Loss: 0.0479784 Vali Loss: 0.0877501 Test Loss: 0.0412045
Validation loss decreased (0.088805 --> 0.087750).  Saving model ...
Updating learning rate to 3.027789860921434e-06
Epoch: 75 cost time: 4.3576531410217285
Epoch: 75, Steps: 29 | Train Loss: 0.0475969 Vali Loss: 0.0869689 Test Loss: 0.0409291
Validation loss decreased (0.087750 --> 0.086969).  Saving model ...
Updating learning rate to 2.8236409919757893e-06
Epoch: 76 cost time: 4.354341983795166
Epoch: 76, Steps: 29 | Train Loss: 0.0472045 Vali Loss: 0.0864764 Test Loss: 0.0405838
Validation loss decreased (0.086969 --> 0.086476).  Saving model ...
Updating learning rate to 2.6238750607140637e-06
Epoch: 77 cost time: 4.361875057220459
Epoch: 77, Steps: 29 | Train Loss: 0.0468364 Vali Loss: 0.0855983 Test Loss: 0.0403170
Validation loss decreased (0.086476 --> 0.085598).  Saving model ...
Updating learning rate to 2.4288943691364434e-06
Epoch: 78 cost time: 4.348581790924072
Epoch: 78, Steps: 29 | Train Loss: 0.0464629 Vali Loss: 0.0851128 Test Loss: 0.0400288
Validation loss decreased (0.085598 --> 0.085113).  Saving model ...
Updating learning rate to 2.2390915824072217e-06
Epoch: 79 cost time: 4.353355646133423
Epoch: 79, Steps: 29 | Train Loss: 0.0461040 Vali Loss: 0.0846001 Test Loss: 0.0397167
Validation loss decreased (0.085113 --> 0.084600).  Saving model ...
Updating learning rate to 2.0548489380794217e-06
Epoch: 80 cost time: 4.3533923625946045
Epoch: 80, Steps: 29 | Train Loss: 0.0457294 Vali Loss: 0.0839839 Test Loss: 0.0394174
Validation loss decreased (0.084600 --> 0.083984).  Saving model ...
Updating learning rate to 1.876537476319218e-06
Epoch: 81 cost time: 4.358746528625488
Epoch: 81, Steps: 29 | Train Loss: 0.0454719 Vali Loss: 0.0834911 Test Loss: 0.0393815
Validation loss decreased (0.083984 --> 0.083491).  Saving model ...
Updating learning rate to 1.7045162926804444e-06
Epoch: 82 cost time: 4.364321708679199
Epoch: 82, Steps: 29 | Train Loss: 0.0453908 Vali Loss: 0.0836323 Test Loss: 0.0394176
EarlyStopping counter: 1 out of 10
Updating learning rate to 1.5391318149339123e-06
Epoch: 83 cost time: 4.357574224472046
Epoch: 83, Steps: 29 | Train Loss: 0.0454464 Vali Loss: 0.0837317 Test Loss: 0.0393843
EarlyStopping counter: 2 out of 10
Updating learning rate to 1.3807171054080036e-06
Epoch: 84 cost time: 4.355600833892822
Epoch: 84, Steps: 29 | Train Loss: 0.0453788 Vali Loss: 0.0836284 Test Loss: 0.0393841
EarlyStopping counter: 3 out of 10
Updating learning rate to 1.2295911902454577e-06
Epoch: 85 cost time: 4.3667261600494385
Epoch: 85, Steps: 29 | Train Loss: 0.0453891 Vali Loss: 0.0836885 Test Loss: 0.0393862
EarlyStopping counter: 4 out of 10
Updating learning rate to 1.0860584169271784e-06
Epoch: 86 cost time: 4.36479926109314
Epoch: 86, Steps: 29 | Train Loss: 0.0453736 Vali Loss: 0.0837271 Test Loss: 0.0393886
EarlyStopping counter: 5 out of 10
Updating learning rate to 9.504078413569088e-07
Epoch: 87 cost time: 4.361332893371582
Epoch: 87, Steps: 29 | Train Loss: 0.0453889 Vali Loss: 0.0836806 Test Loss: 0.0393759
EarlyStopping counter: 6 out of 10
Updating learning rate to 8.229126457411124e-07
Epoch: 88 cost time: 4.369382619857788
Epoch: 88, Steps: 29 | Train Loss: 0.0453072 Vali Loss: 0.0837737 Test Loss: 0.0393971
EarlyStopping counter: 7 out of 10
Updating learning rate to 7.038295884363647e-07
Epoch: 89 cost time: 4.373502731323242
Epoch: 89, Steps: 29 | Train Loss: 0.0453691 Vali Loss: 0.0838109 Test Loss: 0.0393906
EarlyStopping counter: 8 out of 10
Updating learning rate to 5.933984868721898e-07
Epoch: 90 cost time: 4.370846748352051
Epoch: 90, Steps: 29 | Train Loss: 0.0454013 Vali Loss: 0.0840105 Test Loss: 0.0394007
EarlyStopping counter: 9 out of 10
Updating learning rate to 4.918417345906772e-07
Epoch: 91 cost time: 4.365084886550903
Epoch: 91, Steps: 29 | Train Loss: 0.0453759 Vali Loss: 0.0837723 Test Loss: 0.0394014
EarlyStopping counter: 10 out of 10
Early stopping
>>>>>>>testing : ETTh1_336_720_DTFNet_ETTh1_ftM_sl336_ll0_pl720_dm128_nh16_el2_br2_dl1_df256_fc1_ebtimeF_dtTrue_'Exp'_0_'rel_sin'_16_8_16,24_8,12_3_1_256<<<<<<<<<<<<<<<<<<<<<<<<<<<<<<<<<
test 2161
mse:0.4141903221607208, mae:0.44063740968704224, rse:0.6181374788284302
