Args in experiment:
Namespace(activation='gelu', affine=0, batch_size=256, c_out=7, checkpoints='./checkpoints/', d_ff=256, d_layers=1, d_model=128, d_model_ls='128', data='ETTh1', data_path='ETTh1.csv', dec_in=7, decomposition=0, des="'Exp'", devices='0', dilation_rates='1', distil=True, do_predict=False, dropout=0.3, e_layers=2, embed='timeF', embed_type=0, enc_in=7, factor=1, fc_dropout=0.3, features='M', freq='h', gpu=0, head_dropout=0.1, head_type='flatten', individual=0, initTLV=0.2, is_training=1, itr=1, kernel_size=25, l2=0.0, label_len=0, learning_rate=1e-05, loss='mse', loss_flag=2, lradj='TST', mlflow_project='exp', model='DTFNet', model_id='ETTh1_336_720', model_type='linear', moving_avg=25, n_branches=2, n_heads=16, n_heads_ls='16', no_learn_pe=True, num_workers=0, output_attention=False, padding_patch="'end'", patch_len=16, patch_len_ls='16,24', patience=10, pct_start=0.3, pe='zeros', pre_norm=False, pred_len=720, rel_pe="'rel_sin'", res_attn=False, revin=1, root_path='./dataset/', seq_len=336, store_attn=False, stride=8, stride_ls='8,12', stride_ls_list='16', sub_patch_len=16, sub_stride=8, subtract_last=0, target='OT', test_flop=False, tfactor=3, train_epochs=100, use_amp=False, use_gpu=True, use_mlflow=False, use_multi_gpu=False, warmup_steps=0, wavelet_dim=64, wavelet_layers=2, wavelet_mode='periodization', wavelet_type='db5')
Use GPU: cuda:0
>>>>>>>start training : ETTh1_336_720_DTFNet_ETTh1_ftM_sl336_ll0_pl720_dm128_nh16_el2_br2_dl1_df256_fc1_ebtimeF_dtTrue_'Exp'_0_'rel_sin'_16_8_16,24_8,12_3_1_256>>>>>>>>>>>>>>>>>>>>>>>>>>
train 7585
val 2161
test 2161
Epoch: 1 cost time: 5.518409013748169
Epoch: 1, Steps: 29 | Train Loss: 0.1077098 Vali Loss: 0.1789083 Test Loss: 0.0998958
Validation loss decreased (inf --> 0.178908).  Saving model ...
Updating learning rate to 4.2635539919063106e-07
Epoch: 2 cost time: 5.1139209270477295
Epoch: 2, Steps: 29 | Train Loss: 0.1067910 Vali Loss: 0.1774237 Test Loss: 0.0990544
Validation loss decreased (0.178908 --> 0.177424).  Saving model ...
Updating learning rate to 5.051321771514831e-07
Epoch: 3 cost time: 5.195716142654419
Epoch: 3, Steps: 29 | Train Loss: 0.1058955 Vali Loss: 0.1758445 Test Loss: 0.0981433
Validation loss decreased (0.177424 --> 0.175845).  Saving model ...
Updating learning rate to 6.354652532866785e-07
Epoch: 4 cost time: 5.154756307601929
Epoch: 4, Steps: 29 | Train Loss: 0.1049754 Vali Loss: 0.1741024 Test Loss: 0.0971651
Validation loss decreased (0.175845 --> 0.174102).  Saving model ...
Updating learning rate to 8.159233858256806e-07
Epoch: 5 cost time: 5.144629716873169
Epoch: 5, Steps: 29 | Train Loss: 0.1039807 Vali Loss: 0.1726480 Test Loss: 0.0960969
Validation loss decreased (0.174102 --> 0.172648).  Saving model ...
Updating learning rate to 1.0445248888850473e-06
Epoch: 6 cost time: 5.086227178573608
Epoch: 6, Steps: 29 | Train Loss: 0.1029332 Vali Loss: 0.1705763 Test Loss: 0.0949052
Validation loss decreased (0.172648 --> 0.170576).  Saving model ...
Updating learning rate to 1.3187593941861497e-06
Epoch: 7 cost time: 5.207764625549316
Epoch: 7, Steps: 29 | Train Loss: 0.1019956 Vali Loss: 0.1683531 Test Loss: 0.0935293
Validation loss decreased (0.170576 --> 0.168353).  Saving model ...
Updating learning rate to 1.6356154184543822e-06
Epoch: 8 cost time: 5.115377902984619
Epoch: 8, Steps: 29 | Train Loss: 0.1006630 Vali Loss: 0.1657606 Test Loss: 0.0918669
Validation loss decreased (0.168353 --> 0.165761).  Saving model ...
Updating learning rate to 1.9916134337707666e-06
Epoch: 9 cost time: 5.464766025543213
Epoch: 9, Steps: 29 | Train Loss: 0.0992953 Vali Loss: 0.1626386 Test Loss: 0.0897275
Validation loss decreased (0.165761 --> 0.162639).  Saving model ...
Updating learning rate to 2.3828440777166636e-06
Epoch: 10 cost time: 5.127589225769043
Epoch: 10, Steps: 29 | Train Loss: 0.0974846 Vali Loss: 0.1585777 Test Loss: 0.0867583
Validation loss decreased (0.162639 --> 0.158578).  Saving model ...
Updating learning rate to 2.805011083710071e-06
Epoch: 11 cost time: 5.228094577789307
Epoch: 11, Steps: 29 | Train Loss: 0.0952304 Vali Loss: 0.1530796 Test Loss: 0.0827101
Validation loss decreased (0.158578 --> 0.153080).  Saving model ...
Updating learning rate to 3.2534784600976295e-06
Epoch: 12 cost time: 5.115871906280518
Epoch: 12, Steps: 29 | Train Loss: 0.0925411 Vali Loss: 0.1471585 Test Loss: 0.0781713
Validation loss decreased (0.153080 --> 0.147159).  Saving model ...
Updating learning rate to 3.723321399909056e-06
Epoch: 13 cost time: 5.2329020500183105
Epoch: 13, Steps: 29 | Train Loss: 0.0901852 Vali Loss: 0.1428927 Test Loss: 0.0751477
Validation loss decreased (0.147159 --> 0.142893).  Saving model ...
Updating learning rate to 4.209380362212844e-06
Epoch: 14 cost time: 5.088543653488159
Epoch: 14, Steps: 29 | Train Loss: 0.0883162 Vali Loss: 0.1393636 Test Loss: 0.0734865
Validation loss decreased (0.142893 --> 0.139364).  Saving model ...
Updating learning rate to 4.706317731183279e-06
Epoch: 15 cost time: 5.282409429550171
Epoch: 15, Steps: 29 | Train Loss: 0.0866073 Vali Loss: 0.1363455 Test Loss: 0.0715205
Validation loss decreased (0.139364 --> 0.136345).  Saving model ...
Updating learning rate to 5.208676430682048e-06
Epoch: 16 cost time: 5.066272497177124
Epoch: 16, Steps: 29 | Train Loss: 0.0848251 Vali Loss: 0.1336153 Test Loss: 0.0695501
Validation loss decreased (0.136345 --> 0.133615).  Saving model ...
Updating learning rate to 5.710939850683244e-06
Epoch: 17 cost time: 5.141290187835693
Epoch: 17, Steps: 29 | Train Loss: 0.0833007 Vali Loss: 0.1314383 Test Loss: 0.0675075
Validation loss decreased (0.133615 --> 0.131438).  Saving model ...
Updating learning rate to 6.207592427464792e-06
Epoch: 18 cost time: 5.083441734313965
Epoch: 18, Steps: 29 | Train Loss: 0.0818884 Vali Loss: 0.1296493 Test Loss: 0.0659470
Validation loss decreased (0.131438 --> 0.129649).  Saving model ...
Updating learning rate to 6.693180212309968e-06
Epoch: 19 cost time: 5.161922931671143
Epoch: 19, Steps: 29 | Train Loss: 0.0806499 Vali Loss: 0.1283239 Test Loss: 0.0650961
Validation loss decreased (0.129649 --> 0.128324).  Saving model ...
Updating learning rate to 7.1623707635889015e-06
Epoch: 20 cost time: 5.146917343139648
Epoch: 20, Steps: 29 | Train Loss: 0.0796771 Vali Loss: 0.1271481 Test Loss: 0.0638367
Validation loss decreased (0.128324 --> 0.127148).  Saving model ...
Updating learning rate to 7.610011704520164e-06
Epoch: 21 cost time: 5.134878158569336
Epoch: 21, Steps: 29 | Train Loss: 0.0787296 Vali Loss: 0.1260841 Test Loss: 0.0633777
Validation loss decreased (0.127148 --> 0.126084).  Saving model ...
Updating learning rate to 8.031187303565295e-06
Epoch: 22 cost time: 5.217847108840942
Epoch: 22, Steps: 29 | Train Loss: 0.0779007 Vali Loss: 0.1252178 Test Loss: 0.0624354
Validation loss decreased (0.126084 --> 0.125218).  Saving model ...
Updating learning rate to 8.421272456123378e-06
Epoch: 23 cost time: 5.209174633026123
Epoch: 23, Steps: 29 | Train Loss: 0.0770712 Vali Loss: 0.1244671 Test Loss: 0.0617491
Validation loss decreased (0.125218 --> 0.124467).  Saving model ...
Updating learning rate to 8.775983474730246e-06
Epoch: 24 cost time: 5.074799299240112
Epoch: 24, Steps: 29 | Train Loss: 0.0762157 Vali Loss: 0.1237625 Test Loss: 0.0608451
Validation loss decreased (0.124467 --> 0.123763).  Saving model ...
Updating learning rate to 9.091425130013939e-06
Epoch: 25 cost time: 5.168958902359009
Epoch: 25, Steps: 29 | Train Loss: 0.0754050 Vali Loss: 0.1225142 Test Loss: 0.0604059
Validation loss decreased (0.123763 --> 0.122514).  Saving model ...
Updating learning rate to 9.364133425830145e-06
Epoch: 26 cost time: 5.057601451873779
Epoch: 26, Steps: 29 | Train Loss: 0.0746697 Vali Loss: 0.1213799 Test Loss: 0.0594677
Validation loss decreased (0.122514 --> 0.121380).  Saving model ...
Updating learning rate to 9.591113638846019e-06
Epoch: 27 cost time: 5.068793535232544
Epoch: 27, Steps: 29 | Train Loss: 0.0739064 Vali Loss: 0.1208024 Test Loss: 0.0587802
Validation loss decreased (0.121380 --> 0.120802).  Saving model ...
Updating learning rate to 9.769873204843885e-06
Epoch: 28 cost time: 5.109613418579102
Epoch: 28, Steps: 29 | Train Loss: 0.0730909 Vali Loss: 0.1197503 Test Loss: 0.0588085
Validation loss decreased (0.120802 --> 0.119750).  Saving model ...
Updating learning rate to 9.898449090606656e-06
Epoch: 29 cost time: 5.189364194869995
Epoch: 29, Steps: 29 | Train Loss: 0.0723572 Vali Loss: 0.1195340 Test Loss: 0.0577529
Validation loss decreased (0.119750 --> 0.119534).  Saving model ...
Updating learning rate to 9.975429350802846e-06
Epoch: 30 cost time: 5.233518838882446
Epoch: 30, Steps: 29 | Train Loss: 0.0716241 Vali Loss: 0.1182315 Test Loss: 0.0575911
Validation loss decreased (0.119534 --> 0.118232).  Saving model ...
Updating learning rate to 9.99999401249548e-06
Epoch: 31 cost time: 5.1789772510528564
Epoch: 31, Steps: 29 | Train Loss: 0.0709457 Vali Loss: 0.1177974 Test Loss: 0.0566549
Validation loss decreased (0.118232 --> 0.117797).  Saving model ...
Updating learning rate to 9.994612212745642e-06
Epoch: 32 cost time: 5.193209886550903
Epoch: 32, Steps: 29 | Train Loss: 0.0702297 Vali Loss: 0.1171807 Test Loss: 0.0559909
Validation loss decreased (0.117797 --> 0.117181).  Saving model ...
Updating learning rate to 9.979171968972798e-06
Epoch: 33 cost time: 5.120106220245361
Epoch: 33, Steps: 29 | Train Loss: 0.0695596 Vali Loss: 0.1159610 Test Loss: 0.0558446
Validation loss decreased (0.117181 --> 0.115961).  Saving model ...
Updating learning rate to 9.953704375773079e-06
Epoch: 34 cost time: 5.195436239242554
Epoch: 34, Steps: 29 | Train Loss: 0.0688339 Vali Loss: 0.1155887 Test Loss: 0.0552817
Validation loss decreased (0.115961 --> 0.115589).  Saving model ...
Updating learning rate to 9.918260721489893e-06
Epoch: 35 cost time: 5.062239170074463
Epoch: 35, Steps: 29 | Train Loss: 0.0681766 Vali Loss: 0.1144717 Test Loss: 0.0551989
Validation loss decreased (0.115589 --> 0.114472).  Saving model ...
Updating learning rate to 9.872912384926035e-06
Epoch: 36 cost time: 5.146368741989136
Epoch: 36, Steps: 29 | Train Loss: 0.0675249 Vali Loss: 0.1141898 Test Loss: 0.0543471
Validation loss decreased (0.114472 --> 0.114190).  Saving model ...
Updating learning rate to 9.817750691596265e-06
Epoch: 37 cost time: 5.103579759597778
Epoch: 37, Steps: 29 | Train Loss: 0.0668490 Vali Loss: 0.1138280 Test Loss: 0.0538513
Validation loss decreased (0.114190 --> 0.113828).  Saving model ...
Updating learning rate to 9.752886729809889e-06
Epoch: 38 cost time: 5.089964151382446
Epoch: 38, Steps: 29 | Train Loss: 0.0661656 Vali Loss: 0.1120215 Test Loss: 0.0536654
Validation loss decreased (0.113828 --> 0.112022).  Saving model ...
Updating learning rate to 9.678451126953676e-06
Epoch: 39 cost time: 4.992751359939575
Epoch: 39, Steps: 29 | Train Loss: 0.0654844 Vali Loss: 0.1113734 Test Loss: 0.0530491
Validation loss decreased (0.112022 --> 0.111373).  Saving model ...
Updating learning rate to 9.594593786425696e-06
Epoch: 40 cost time: 5.2408127784729
Epoch: 40, Steps: 29 | Train Loss: 0.0648557 Vali Loss: 0.1114897 Test Loss: 0.0524418
EarlyStopping counter: 1 out of 10
Updating learning rate to 9.501483585749811e-06
Epoch: 41 cost time: 5.082058429718018
Epoch: 41, Steps: 29 | Train Loss: 0.0642215 Vali Loss: 0.1100067 Test Loss: 0.0522225
Validation loss decreased (0.111373 --> 0.110007).  Saving model ...
Updating learning rate to 9.399308036478838e-06
Epoch: 42 cost time: 5.196721792221069
Epoch: 42, Steps: 29 | Train Loss: 0.0636071 Vali Loss: 0.1097354 Test Loss: 0.0518633
Validation loss decreased (0.110007 --> 0.109735).  Saving model ...
Updating learning rate to 9.288272906571216e-06
Epoch: 43 cost time: 5.176520824432373
Epoch: 43, Steps: 29 | Train Loss: 0.0629869 Vali Loss: 0.1085962 Test Loss: 0.0515562
Validation loss decreased (0.109735 --> 0.108596).  Saving model ...
Updating learning rate to 9.16860180600173e-06
Epoch: 44 cost time: 5.135795831680298
Epoch: 44, Steps: 29 | Train Loss: 0.0624204 Vali Loss: 0.1084192 Test Loss: 0.0513558
Validation loss decreased (0.108596 --> 0.108419).  Saving model ...
Updating learning rate to 9.040535736440785e-06
Epoch: 45 cost time: 5.057225704193115
Epoch: 45, Steps: 29 | Train Loss: 0.0618226 Vali Loss: 0.1080270 Test Loss: 0.0504327
Validation loss decreased (0.108419 --> 0.108027).  Saving model ...
Updating learning rate to 8.904332605909106e-06
Epoch: 46 cost time: 5.219808578491211
Epoch: 46, Steps: 29 | Train Loss: 0.0612127 Vali Loss: 0.1068970 Test Loss: 0.0502967
Validation loss decreased (0.108027 --> 0.106897).  Saving model ...
Updating learning rate to 8.760266709385311e-06
Epoch: 47 cost time: 5.063884019851685
Epoch: 47, Steps: 29 | Train Loss: 0.0606602 Vali Loss: 0.1066480 Test Loss: 0.0497204
Validation loss decreased (0.106897 --> 0.106648).  Saving model ...
Updating learning rate to 8.608628176412335e-06
Epoch: 48 cost time: 5.148777484893799
Epoch: 48, Steps: 29 | Train Loss: 0.0601199 Vali Loss: 0.1055593 Test Loss: 0.0494592
Validation loss decreased (0.106648 --> 0.105559).  Saving model ...
Updating learning rate to 8.449722386815127e-06
Epoch: 49 cost time: 5.154936075210571
Epoch: 49, Steps: 29 | Train Loss: 0.0595193 Vali Loss: 0.1045485 Test Loss: 0.0494497
Validation loss decreased (0.105559 --> 0.104548).  Saving model ...
Updating learning rate to 8.28386935570634e-06
Epoch: 50 cost time: 5.224404811859131
Epoch: 50, Steps: 29 | Train Loss: 0.0589874 Vali Loss: 0.1035989 Test Loss: 0.0490749
Validation loss decreased (0.104548 --> 0.103599).  Saving model ...
Updating learning rate to 8.111403089018465e-06
Epoch: 51 cost time: 5.120701789855957
Epoch: 51, Steps: 29 | Train Loss: 0.0584327 Vali Loss: 0.1039931 Test Loss: 0.0483002
EarlyStopping counter: 1 out of 10
Updating learning rate to 7.93267091086035e-06
Epoch: 52 cost time: 5.0949530601501465
Epoch: 52, Steps: 29 | Train Loss: 0.0579523 Vali Loss: 0.1024820 Test Loss: 0.0482980
Validation loss decreased (0.103599 --> 0.102482).  Saving model ...
Updating learning rate to 7.748032764052655e-06
Epoch: 53 cost time: 5.092861175537109
Epoch: 53, Steps: 29 | Train Loss: 0.0573630 Vali Loss: 0.1016649 Test Loss: 0.0479483
Validation loss decreased (0.102482 --> 0.101665).  Saving model ...
Updating learning rate to 7.557860485250925e-06
Epoch: 54 cost time: 5.128031253814697
Epoch: 54, Steps: 29 | Train Loss: 0.0568617 Vali Loss: 0.1009559 Test Loss: 0.0474675
Validation loss decreased (0.101665 --> 0.100956).  Saving model ...
Updating learning rate to 7.362537056116034e-06
Epoch: 55 cost time: 5.101855039596558
Epoch: 55, Steps: 29 | Train Loss: 0.0563736 Vali Loss: 0.0997728 Test Loss: 0.0475029
Validation loss decreased (0.100956 --> 0.099773).  Saving model ...
Updating learning rate to 7.162455832040107e-06
Epoch: 56 cost time: 5.150747537612915
Epoch: 56, Steps: 29 | Train Loss: 0.0558379 Vali Loss: 0.0994838 Test Loss: 0.0467043
Validation loss decreased (0.099773 --> 0.099484).  Saving model ...
Updating learning rate to 6.9580197499810984e-06
Epoch: 57 cost time: 5.116460084915161
Epoch: 57, Steps: 29 | Train Loss: 0.0553223 Vali Loss: 0.0984496 Test Loss: 0.0466136
Validation loss decreased (0.099484 --> 0.098450).  Saving model ...
Updating learning rate to 6.7496405170013816e-06
Epoch: 58 cost time: 5.250090599060059
Epoch: 58, Steps: 29 | Train Loss: 0.0548456 Vali Loss: 0.0980313 Test Loss: 0.0464213
Validation loss decreased (0.098450 --> 0.098031).  Saving model ...
Updating learning rate to 6.537737781144523e-06
Epoch: 59 cost time: 5.257573366165161
Epoch: 59, Steps: 29 | Train Loss: 0.0543753 Vali Loss: 0.0969683 Test Loss: 0.0461090
Validation loss decreased (0.098031 --> 0.096968).  Saving model ...
Updating learning rate to 6.322738286319964e-06
Epoch: 60 cost time: 5.053620338439941
Epoch: 60, Steps: 29 | Train Loss: 0.0539200 Vali Loss: 0.0971329 Test Loss: 0.0455289
EarlyStopping counter: 1 out of 10
Updating learning rate to 6.105075012897585e-06
Epoch: 61 cost time: 5.323877811431885
Epoch: 61, Steps: 29 | Train Loss: 0.0534410 Vali Loss: 0.0960677 Test Loss: 0.0452432
Validation loss decreased (0.096968 --> 0.096068).  Saving model ...
Updating learning rate to 5.885186305742857e-06
Epoch: 62 cost time: 5.168238878250122
Epoch: 62, Steps: 29 | Train Loss: 0.0529622 Vali Loss: 0.0951926 Test Loss: 0.0449029
Validation loss decreased (0.096068 --> 0.095193).  Saving model ...
Updating learning rate to 5.6635149914486225e-06
Epoch: 63 cost time: 5.294090270996094
Epoch: 63, Steps: 29 | Train Loss: 0.0525327 Vali Loss: 0.0947035 Test Loss: 0.0446819
Validation loss decreased (0.095193 --> 0.094703).  Saving model ...
Updating learning rate to 5.440507486541268e-06
Epoch: 64 cost time: 5.1622161865234375
Epoch: 64, Steps: 29 | Train Loss: 0.0520809 Vali Loss: 0.0933729 Test Loss: 0.0444708
Validation loss decreased (0.094703 --> 0.093373).  Saving model ...
Updating learning rate to 5.216612898457253e-06
Epoch: 65 cost time: 5.1677610874176025
Epoch: 65, Steps: 29 | Train Loss: 0.0516152 Vali Loss: 0.0930262 Test Loss: 0.0440096
Validation loss decreased (0.093373 --> 0.093026).  Saving model ...
Updating learning rate to 4.992282121100496e-06
Epoch: 66 cost time: 5.112181901931763
Epoch: 66, Steps: 29 | Train Loss: 0.0511477 Vali Loss: 0.0920454 Test Loss: 0.0438827
Validation loss decreased (0.093026 --> 0.092045).  Saving model ...
Updating learning rate to 4.767966926802067e-06
Epoch: 67 cost time: 5.294090270996094
Epoch: 67, Steps: 29 | Train Loss: 0.0507645 Vali Loss: 0.0921043 Test Loss: 0.0432847
EarlyStopping counter: 1 out of 10
Updating learning rate to 4.5441190565108235e-06
Epoch: 68 cost time: 5.2473695278167725
Epoch: 68, Steps: 29 | Train Loss: 0.0503596 Vali Loss: 0.0909766 Test Loss: 0.0431183
Validation loss decreased (0.092045 --> 0.090977).  Saving model ...
Updating learning rate to 4.3211893100472735e-06
Epoch: 69 cost time: 5.27396297454834
Epoch: 69, Steps: 29 | Train Loss: 0.0499264 Vali Loss: 0.0903719 Test Loss: 0.0428351
Validation loss decreased (0.090977 --> 0.090372).  Saving model ...
Updating learning rate to 4.099626638252712e-06
Epoch: 70 cost time: 5.1341776847839355
Epoch: 70, Steps: 29 | Train Loss: 0.0495140 Vali Loss: 0.0895834 Test Loss: 0.0424629
Validation loss decreased (0.090372 --> 0.089583).  Saving model ...
Updating learning rate to 3.879877238861997e-06
Epoch: 71 cost time: 5.271186828613281
Epoch: 71, Steps: 29 | Train Loss: 0.0491118 Vali Loss: 0.0894227 Test Loss: 0.0421506
Validation loss decreased (0.089583 --> 0.089423).  Saving model ...
Updating learning rate to 3.662383657920668e-06
Epoch: 72 cost time: 5.281184911727905
Epoch: 72, Steps: 29 | Train Loss: 0.0487266 Vali Loss: 0.0882811 Test Loss: 0.0419238
Validation loss decreased (0.089423 --> 0.088281).  Saving model ...
Updating learning rate to 3.447583898556124e-06
Epoch: 73 cost time: 5.318855285644531
Epoch: 73, Steps: 29 | Train Loss: 0.0482961 Vali Loss: 0.0876016 Test Loss: 0.0415582
Validation loss decreased (0.088281 --> 0.087602).  Saving model ...
Updating learning rate to 3.2359105388976132e-06
Epoch: 74 cost time: 5.265992879867554
Epoch: 74, Steps: 29 | Train Loss: 0.0479242 Vali Loss: 0.0869848 Test Loss: 0.0412823
Validation loss decreased (0.087602 --> 0.086985).  Saving model ...
Updating learning rate to 3.027789860921434e-06
Epoch: 75 cost time: 5.16944694519043
Epoch: 75, Steps: 29 | Train Loss: 0.0474818 Vali Loss: 0.0858124 Test Loss: 0.0411754
Validation loss decreased (0.086985 --> 0.085812).  Saving model ...
Updating learning rate to 2.8236409919757893e-06
Epoch: 76 cost time: 5.1514880657196045
Epoch: 76, Steps: 29 | Train Loss: 0.0471609 Vali Loss: 0.0851985 Test Loss: 0.0409171
Validation loss decreased (0.085812 --> 0.085198).  Saving model ...
Updating learning rate to 2.6238750607140637e-06
Epoch: 77 cost time: 5.202618598937988
Epoch: 77, Steps: 29 | Train Loss: 0.0468053 Vali Loss: 0.0845553 Test Loss: 0.0404810
Validation loss decreased (0.085198 --> 0.084555).  Saving model ...
Updating learning rate to 2.4288943691364434e-06
Epoch: 78 cost time: 5.206582546234131
Epoch: 78, Steps: 29 | Train Loss: 0.0463807 Vali Loss: 0.0843540 Test Loss: 0.0401808
Validation loss decreased (0.084555 --> 0.084354).  Saving model ...
Updating learning rate to 2.2390915824072217e-06
Epoch: 79 cost time: 5.200849294662476
Epoch: 79, Steps: 29 | Train Loss: 0.0460353 Vali Loss: 0.0834928 Test Loss: 0.0398350
Validation loss decreased (0.084354 --> 0.083493).  Saving model ...
Updating learning rate to 2.0548489380794217e-06
Epoch: 80 cost time: 5.246315240859985
Epoch: 80, Steps: 29 | Train Loss: 0.0456793 Vali Loss: 0.0830959 Test Loss: 0.0394614
Validation loss decreased (0.083493 --> 0.083096).  Saving model ...
Updating learning rate to 1.876537476319218e-06
Epoch: 81 cost time: 5.297236442565918
Epoch: 81, Steps: 29 | Train Loss: 0.0453690 Vali Loss: 0.0827950 Test Loss: 0.0394660
Validation loss decreased (0.083096 --> 0.082795).  Saving model ...
Updating learning rate to 1.7045162926804444e-06
Epoch: 82 cost time: 5.2524261474609375
Epoch: 82, Steps: 29 | Train Loss: 0.0453455 Vali Loss: 0.0829393 Test Loss: 0.0394704
EarlyStopping counter: 1 out of 10
Updating learning rate to 1.5391318149339123e-06
Epoch: 83 cost time: 5.272336721420288
Epoch: 83, Steps: 29 | Train Loss: 0.0453234 Vali Loss: 0.0828591 Test Loss: 0.0394887
EarlyStopping counter: 2 out of 10
Updating learning rate to 1.3807171054080036e-06
Epoch: 84 cost time: 5.265855550765991
Epoch: 84, Steps: 29 | Train Loss: 0.0453165 Vali Loss: 0.0828036 Test Loss: 0.0395180
EarlyStopping counter: 3 out of 10
Updating learning rate to 1.2295911902454577e-06
Epoch: 85 cost time: 5.2583818435668945
Epoch: 85, Steps: 29 | Train Loss: 0.0453142 Vali Loss: 0.0831096 Test Loss: 0.0394791
EarlyStopping counter: 4 out of 10
Updating learning rate to 1.0860584169271784e-06
Epoch: 86 cost time: 5.130758047103882
Epoch: 86, Steps: 29 | Train Loss: 0.0452549 Vali Loss: 0.0827538 Test Loss: 0.0394880
Validation loss decreased (0.082795 --> 0.082754).  Saving model ...
Updating learning rate to 9.504078413569088e-07
Epoch: 87 cost time: 5.234172344207764
Epoch: 87, Steps: 29 | Train Loss: 0.0453302 Vali Loss: 0.0827309 Test Loss: 0.0395253
Validation loss decreased (0.082754 --> 0.082731).  Saving model ...
Updating learning rate to 8.229126457411124e-07
Epoch: 88 cost time: 5.046546459197998
Epoch: 88, Steps: 29 | Train Loss: 0.0452762 Vali Loss: 0.0829368 Test Loss: 0.0395162
EarlyStopping counter: 1 out of 10
Updating learning rate to 7.038295884363647e-07
Epoch: 89 cost time: 5.0329811573028564
Epoch: 89, Steps: 29 | Train Loss: 0.0452915 Vali Loss: 0.0827470 Test Loss: 0.0395036
EarlyStopping counter: 2 out of 10
Updating learning rate to 5.933984868721898e-07
Epoch: 90 cost time: 5.108444929122925
Epoch: 90, Steps: 29 | Train Loss: 0.0452648 Vali Loss: 0.0826509 Test Loss: 0.0395266
Validation loss decreased (0.082731 --> 0.082651).  Saving model ...
Updating learning rate to 4.918417345906772e-07
Epoch: 91 cost time: 5.325100898742676
Epoch: 91, Steps: 29 | Train Loss: 0.0452707 Vali Loss: 0.0829514 Test Loss: 0.0395041
EarlyStopping counter: 1 out of 10
Updating learning rate to 3.9936385337548097e-07
Epoch: 92 cost time: 5.3073413372039795
Epoch: 92, Steps: 29 | Train Loss: 0.0452514 Vali Loss: 0.0828373 Test Loss: 0.0395024
EarlyStopping counter: 2 out of 10
Updating learning rate to 3.161510813721721e-07
Epoch: 93 cost time: 5.16600775718689
Epoch: 93, Steps: 29 | Train Loss: 0.0452648 Vali Loss: 0.0828613 Test Loss: 0.0395177
EarlyStopping counter: 3 out of 10
Updating learning rate to 2.4237099802938663e-07
Epoch: 94 cost time: 5.162571907043457
Epoch: 94, Steps: 29 | Train Loss: 0.0452859 Vali Loss: 0.0829284 Test Loss: 0.0395228
EarlyStopping counter: 4 out of 10
Updating learning rate to 1.7817218661613333e-07
Epoch: 95 cost time: 5.180923938751221
Epoch: 95, Steps: 29 | Train Loss: 0.0453098 Vali Loss: 0.0827789 Test Loss: 0.0395106
EarlyStopping counter: 5 out of 10
Updating learning rate to 1.236839349948492e-07
Epoch: 96 cost time: 5.199035882949829
Epoch: 96, Steps: 29 | Train Loss: 0.0452690 Vali Loss: 0.0828306 Test Loss: 0.0395194
EarlyStopping counter: 6 out of 10
Updating learning rate to 7.90159752528609e-08
Epoch: 97 cost time: 5.260989427566528
Epoch: 97, Steps: 29 | Train Loss: 0.0452572 Vali Loss: 0.0827460 Test Loss: 0.0395250
EarlyStopping counter: 7 out of 10
Updating learning rate to 4.425826271655888e-08
Epoch: 98 cost time: 5.212138891220093
Epoch: 98, Steps: 29 | Train Loss: 0.0452892 Vali Loss: 0.0830223 Test Loss: 0.0395071
EarlyStopping counter: 8 out of 10
Updating learning rate to 1.948079479334324e-08
Epoch: 99 cost time: 5.257731676101685
Epoch: 99, Steps: 29 | Train Loss: 0.0452396 Vali Loss: 0.0828659 Test Loss: 0.0395274
EarlyStopping counter: 9 out of 10
Updating learning rate to 4.7334700061613195e-09
Epoch: 100 cost time: 5.313490390777588
Epoch: 100, Steps: 29 | Train Loss: 0.0452927 Vali Loss: 0.0829663 Test Loss: 0.0395215
EarlyStopping counter: 10 out of 10
Early stopping
>>>>>>>testing : ETTh1_336_720_DTFNet_ETTh1_ftM_sl336_ll0_pl720_dm128_nh16_el2_br2_dl1_df256_fc1_ebtimeF_dtTrue_'Exp'_0_'rel_sin'_16_8_16,24_8,12_3_1_256<<<<<<<<<<<<<<<<<<<<<<<<<<<<<<<<<
test 2161
mse:0.4174673855304718, mae:0.44212132692337036, rse:0.6205779910087585
