Args in experiment:
Namespace(random_seed=2021, is_training=1, model_id='ETTh1_336_96', model='DTFNet', data='ETTh1', root_path='./dataset/', data_path='ETTh1.csv', features='M', target='OT', freq='h', checkpoints='./checkpoints/', seq_len=336, label_len=0, pred_len=96, n_branches=2, patch_len_ls='16,24', stride_ls='8,12', d_model_ls='128', n_heads_ls='16', rel_pe="'rel_sin'", res_attn=False, head_type='flatten', fc_dropout=0.3, head_dropout=0.1, patch_len=16, stride=8, padding_patch="'end'", revin=1, affine=0, subtract_last=0, decomposition=0, kernel_size=25, individual=0, store_attn=False, pre_norm=False, pe='zeros', no_learn_pe=True, embed_type=0, enc_in=7, dec_in=7, c_out=7, d_model=128, n_heads=16, e_layers=2, d_layers=1, d_ff=256, moving_avg=25, factor=1, distil=True, dropout=0.3, embed='timeF', activation='gelu', output_attention=False, do_predict=False, num_workers=0, itr=1, train_epochs=100, batch_size=256, patience=10, learning_rate=1e-05, des="'Exp'", loss='mse', lradj='TST', pct_start=0.3, use_amp=False, l2=0.0, warmup_steps=0, use_gpu=True, gpu=0, use_multi_gpu=False, devices='0', test_flop=False, use_mlflow=False, mlflow_project='exp', loss_flag=2, sub_patch_len=16, sub_stride=8, stride_ls_list='16', model_type='linear', tfactor=3, dilation_rates='1', wavelet_layers=2, wavelet_type='db5', wavelet_mode='periodization', wavelet_dim=64, initTLV=0.2)
Use GPU: cuda:0
>>>>>>>start training : ETTh1_336_96_DTFNet_ETTh1_ftM_sl336_ll0_pl96_dm128_nh16_el2_br2_dl1_df256_fc1_ebtimeF_dtTrue_'Exp'_0_'rel_sin'_16_8_16,24_8,12_3_1_256>>>>>>>>>>>>>>>>>>>>>>>>>>
train 8209
val 2785
test 2785
Epoch: 1 cost time: 1.3711979389190674
Epoch: 1, Steps: 32 | Train Loss: 0.0918152 Vali Loss: 0.1479343 Test Loss: 0.0940304
Validation loss decreased (inf --> 0.147934).  Saving model ...
Updating learning rate to 4.263497187391453e-07
Epoch: 2 cost time: 1.0135722160339355
Epoch: 2, Steps: 32 | Train Loss: 0.0908521 Vali Loss: 0.1459869 Test Loss: 0.0930453
Validation loss decreased (0.147934 --> 0.145987).  Saving model ...
Updating learning rate to 5.051095800908994e-07
Epoch: 3 cost time: 1.0023391246795654
Epoch: 3, Steps: 32 | Train Loss: 0.0899205 Vali Loss: 0.1444841 Test Loss: 0.0919858
Validation loss decreased (0.145987 --> 0.144484).  Saving model ...
Updating learning rate to 6.354148756408674e-07
Epoch: 4 cost time: 1.0033178329467773
Epoch: 4, Steps: 32 | Train Loss: 0.0889057 Vali Loss: 0.1427176 Test Loss: 0.0908631
Validation loss decreased (0.144484 --> 0.142718).  Saving model ...
Updating learning rate to 8.158349771023961e-07
Epoch: 5 cost time: 1.0032858848571777
Epoch: 5, Steps: 32 | Train Loss: 0.0879106 Vali Loss: 0.1411635 Test Loss: 0.0896689
Validation loss decreased (0.142718 --> 0.141163).  Saving model ...
Updating learning rate to 1.0443890432553227e-06
Epoch: 6 cost time: 0.9955930709838867
Epoch: 6, Steps: 32 | Train Loss: 0.0867900 Vali Loss: 0.1384809 Test Loss: 0.0883630
Validation loss decreased (0.141163 --> 0.138481).  Saving model ...
Updating learning rate to 1.3185677676997187e-06
Epoch: 7 cost time: 1.0050315856933594
Epoch: 7, Steps: 32 | Train Loss: 0.0856207 Vali Loss: 0.1360201 Test Loss: 0.0869071
Validation loss decreased (0.138481 --> 0.136020).  Saving model ...
Updating learning rate to 1.6353609286550175e-06
Epoch: 8 cost time: 1.0100009441375732
Epoch: 8, Steps: 32 | Train Loss: 0.0842913 Vali Loss: 0.1341251 Test Loss: 0.0852656
Validation loss decreased (0.136020 --> 0.134125).  Saving model ...
Updating learning rate to 1.9912904383338616e-06
Epoch: 9 cost time: 1.0145370960235596
Epoch: 9, Steps: 32 | Train Loss: 0.0828352 Vali Loss: 0.1314302 Test Loss: 0.0833225
Validation loss decreased (0.134125 --> 0.131430).  Saving model ...
Updating learning rate to 2.382448529039998e-06
Epoch: 10 cost time: 1.008643627166748
Epoch: 10, Steps: 32 | Train Loss: 0.0811292 Vali Loss: 0.1277013 Test Loss: 0.0809151
Validation loss decreased (0.131430 --> 0.127701).  Saving model ...
Updating learning rate to 2.8045406567431614e-06
Epoch: 11 cost time: 1.006232500076294
Epoch: 11, Steps: 32 | Train Loss: 0.0790082 Vali Loss: 0.1229484 Test Loss: 0.0779002
Validation loss decreased (0.127701 --> 0.122948).  Saving model ...
Updating learning rate to 3.2529326510904383e-06
Epoch: 12 cost time: 0.9988667964935303
Epoch: 12, Steps: 32 | Train Loss: 0.0764339 Vali Loss: 0.1175874 Test Loss: 0.0742660
Validation loss decreased (0.122948 --> 0.117587).  Saving model ...
Updating learning rate to 3.7227015941918576e-06
Epoch: 13 cost time: 1.0098512172698975
Epoch: 13, Steps: 32 | Train Loss: 0.0734485 Vali Loss: 0.1119070 Test Loss: 0.0704398
Validation loss decreased (0.117587 --> 0.111907).  Saving model ...
Updating learning rate to 4.208689869579457e-06
Epoch: 14 cost time: 1.0009050369262695
Epoch: 14, Steps: 32 | Train Loss: 0.0704056 Vali Loss: 0.1056213 Test Loss: 0.0670817
Validation loss decreased (0.111907 --> 0.105621).  Saving model ...
Updating learning rate to 4.705561787933659e-06
Epoch: 15 cost time: 1.004563808441162
Epoch: 15, Steps: 32 | Train Loss: 0.0675871 Vali Loss: 0.0997456 Test Loss: 0.0642565
Validation loss decreased (0.105621 --> 0.099746).  Saving model ...
Updating learning rate to 5.207862167880292e-06
Epoch: 16 cost time: 1.0085139274597168
Epoch: 16, Steps: 32 | Train Loss: 0.0652537 Vali Loss: 0.0951471 Test Loss: 0.0619090
Validation loss decreased (0.099746 --> 0.095147).  Saving model ...
Updating learning rate to 5.710076228696788e-06
Epoch: 17 cost time: 0.997962236404419
Epoch: 17, Steps: 32 | Train Loss: 0.0632344 Vali Loss: 0.0912752 Test Loss: 0.0598474
Validation loss decreased (0.095147 --> 0.091275).  Saving model ...
Updating learning rate to 6.206690137362583e-06
Epoch: 18 cost time: 1.0070436000823975
Epoch: 18, Steps: 32 | Train Loss: 0.0615496 Vali Loss: 0.0882385 Test Loss: 0.0579726
Validation loss decreased (0.091275 --> 0.088238).  Saving model ...
Updating learning rate to 6.692251545204639e-06
Epoch: 19 cost time: 1.0015785694122314
Epoch: 19, Steps: 32 | Train Loss: 0.0600751 Vali Loss: 0.0860723 Test Loss: 0.0563884
Validation loss decreased (0.088238 --> 0.086072).  Saving model ...
Updating learning rate to 7.161429449503278e-06
Epoch: 20 cost time: 0.9950106143951416
Epoch: 20, Steps: 32 | Train Loss: 0.0587782 Vali Loss: 0.0836424 Test Loss: 0.0549793
Validation loss decreased (0.086072 --> 0.083642).  Saving model ...
Updating learning rate to 7.6090727228348e-06
Epoch: 21 cost time: 0.9979658126831055
Epoch: 21, Steps: 32 | Train Loss: 0.0576525 Vali Loss: 0.0818085 Test Loss: 0.0537756
Validation loss decreased (0.083642 --> 0.081808).  Saving model ...
Updating learning rate to 8.030266667554303e-06
Epoch: 22 cost time: 1.003343105316162
Epoch: 22, Steps: 32 | Train Loss: 0.0566806 Vali Loss: 0.0805274 Test Loss: 0.0527609
Validation loss decreased (0.081808 --> 0.080527).  Saving model ...
Updating learning rate to 8.420386974504289e-06
Epoch: 23 cost time: 1.0063862800598145
Epoch: 23, Steps: 32 | Train Loss: 0.0557801 Vali Loss: 0.0788981 Test Loss: 0.0518934
Validation loss decreased (0.080527 --> 0.078898).  Saving model ...
Updating learning rate to 8.775150493533698e-06
Epoch: 24 cost time: 0.995546817779541
Epoch: 24, Steps: 32 | Train Loss: 0.0549306 Vali Loss: 0.0777192 Test Loss: 0.0511374
Validation loss decreased (0.078898 --> 0.077719).  Saving model ...
Updating learning rate to 9.090662258415302e-06
Epoch: 25 cost time: 0.9911201000213623
Epoch: 25, Steps: 32 | Train Loss: 0.0541616 Vali Loss: 0.0764257 Test Loss: 0.0502331
Validation loss decreased (0.077719 --> 0.076426).  Saving model ...
Updating learning rate to 9.363458249872634e-06
Epoch: 26 cost time: 0.9919435977935791
Epoch: 26, Steps: 32 | Train Loss: 0.0534310 Vali Loss: 0.0751153 Test Loss: 0.0495628
Validation loss decreased (0.076426 --> 0.075115).  Saving model ...
Updating learning rate to 9.590543427219004e-06
Epoch: 27 cost time: 0.9990251064300537
Epoch: 27, Steps: 32 | Train Loss: 0.0526917 Vali Loss: 0.0738048 Test Loss: 0.0488794
Validation loss decreased (0.075115 --> 0.073805).  Saving model ...
Updating learning rate to 9.769424611057362e-06
Epoch: 28 cost time: 0.9993598461151123
Epoch: 28, Steps: 32 | Train Loss: 0.0519998 Vali Loss: 0.0731612 Test Loss: 0.0481842
Validation loss decreased (0.073805 --> 0.073161).  Saving model ...
Updating learning rate to 9.898137856020267e-06
Epoch: 29 cost time: 1.000403642654419
Epoch: 29, Steps: 32 | Train Loss: 0.0513352 Vali Loss: 0.0724022 Test Loss: 0.0475623
Validation loss decreased (0.073161 --> 0.072402).  Saving model ...
Updating learning rate to 9.97527001302323e-06
Epoch: 30 cost time: 1.0030066967010498
Epoch: 30, Steps: 32 | Train Loss: 0.0506595 Vali Loss: 0.0712172 Test Loss: 0.0469903
Validation loss decreased (0.072402 --> 0.071217).  Saving model ...
Updating learning rate to 9.99999508252785e-06
Epoch: 31 cost time: 1.0010087490081787
Epoch: 31, Steps: 32 | Train Loss: 0.0500292 Vali Loss: 0.0699545 Test Loss: 0.0463684
Validation loss decreased (0.071217 --> 0.069954).  Saving model ...
Updating learning rate to 9.994645827799127e-06
Epoch: 32 cost time: 0.9928271770477295
Epoch: 32, Steps: 32 | Train Loss: 0.0493843 Vali Loss: 0.0691238 Test Loss: 0.0458736
Validation loss decreased (0.069954 --> 0.069124).  Saving model ...
Updating learning rate to 9.979238061351154e-06
Epoch: 33 cost time: 1.0049552917480469
Epoch: 33, Steps: 32 | Train Loss: 0.0488014 Vali Loss: 0.0684214 Test Loss: 0.0452300
Validation loss decreased (0.069124 --> 0.068421).  Saving model ...
Updating learning rate to 9.953802812375051e-06
Epoch: 34 cost time: 0.9953994750976562
Epoch: 34, Steps: 32 | Train Loss: 0.0482090 Vali Loss: 0.0675193 Test Loss: 0.0447525
Validation loss decreased (0.068421 --> 0.067519).  Saving model ...
Updating learning rate to 9.918391304077266e-06
Epoch: 35 cost time: 0.9972269535064697
Epoch: 35, Steps: 32 | Train Loss: 0.0476173 Vali Loss: 0.0665733 Test Loss: 0.0442732
Validation loss decreased (0.067519 --> 0.066573).  Saving model ...
Updating learning rate to 9.873074850522854e-06
Epoch: 36 cost time: 1.0026729106903076
Epoch: 36, Steps: 32 | Train Loss: 0.0470539 Vali Loss: 0.0660654 Test Loss: 0.0437204
Validation loss decreased (0.066573 --> 0.066065).  Saving model ...
Updating learning rate to 9.817944713018442e-06
Epoch: 37 cost time: 0.9984970092773438
Epoch: 37, Steps: 32 | Train Loss: 0.0464540 Vali Loss: 0.0650700 Test Loss: 0.0432070
Validation loss decreased (0.066065 --> 0.065070).  Saving model ...
Updating learning rate to 9.7531119163241e-06
Epoch: 38 cost time: 1.0081040859222412
Epoch: 38, Steps: 32 | Train Loss: 0.0459234 Vali Loss: 0.0645283 Test Loss: 0.0426989
Validation loss decreased (0.065070 --> 0.064528).  Saving model ...
Updating learning rate to 9.678707025064249e-06
Epoch: 39 cost time: 1.0109822750091553
Epoch: 39, Steps: 32 | Train Loss: 0.0453743 Vali Loss: 0.0635005 Test Loss: 0.0422880
Validation loss decreased (0.064528 --> 0.063501).  Saving model ...
Updating learning rate to 9.59487988078789e-06
Epoch: 40 cost time: 1.0096278190612793
Epoch: 40, Steps: 32 | Train Loss: 0.0448297 Vali Loss: 0.0628764 Test Loss: 0.0417767
Validation loss decreased (0.063501 --> 0.062876).  Saving model ...
Updating learning rate to 9.50179930020766e-06
Epoch: 41 cost time: 1.0023272037506104
Epoch: 41, Steps: 32 | Train Loss: 0.0443336 Vali Loss: 0.0621963 Test Loss: 0.0413991
Validation loss decreased (0.062876 --> 0.062196).  Saving model ...
Updating learning rate to 9.399652735225436e-06
Epoch: 42 cost time: 0.9974963665008545
Epoch: 42, Steps: 32 | Train Loss: 0.0437701 Vali Loss: 0.0613643 Test Loss: 0.0408970
Validation loss decreased (0.062196 --> 0.061364).  Saving model ...
Updating learning rate to 9.288645895429162e-06
Epoch: 43 cost time: 1.0000853538513184
Epoch: 43, Steps: 32 | Train Loss: 0.0432948 Vali Loss: 0.0609011 Test Loss: 0.0404631
Validation loss decreased (0.061364 --> 0.060901).  Saving model ...
Updating learning rate to 9.169002333821102e-06
Epoch: 44 cost time: 0.9989736080169678
Epoch: 44, Steps: 32 | Train Loss: 0.0427897 Vali Loss: 0.0599672 Test Loss: 0.0400451
Validation loss decreased (0.060901 --> 0.059967).  Saving model ...
Updating learning rate to 9.040962996611857e-06
Epoch: 45 cost time: 0.9934790134429932
Epoch: 45, Steps: 32 | Train Loss: 0.0422848 Vali Loss: 0.0595983 Test Loss: 0.0396050
Validation loss decreased (0.059967 --> 0.059598).  Saving model ...
Updating learning rate to 8.904785737986756e-06
Epoch: 46 cost time: 0.9984996318817139
Epoch: 46, Steps: 32 | Train Loss: 0.0418077 Vali Loss: 0.0586344 Test Loss: 0.0392025
Validation loss decreased (0.059598 --> 0.058634).  Saving model ...
Updating learning rate to 8.76074480082184e-06
Epoch: 47 cost time: 1.0019280910491943
Epoch: 47, Steps: 32 | Train Loss: 0.0413548 Vali Loss: 0.0584192 Test Loss: 0.0387936
Validation loss decreased (0.058634 --> 0.058419).  Saving model ...
Updating learning rate to 8.609130264395213e-06
Epoch: 48 cost time: 0.9978337287902832
Epoch: 48, Steps: 32 | Train Loss: 0.0408621 Vali Loss: 0.0576327 Test Loss: 0.0384139
Validation loss decreased (0.058419 --> 0.057633).  Saving model ...
Updating learning rate to 8.450247460205976e-06
Epoch: 49 cost time: 1.0044591426849365
Epoch: 49, Steps: 32 | Train Loss: 0.0404341 Vali Loss: 0.0569997 Test Loss: 0.0380375
Validation loss decreased (0.057633 --> 0.057000).  Saving model ...
Updating learning rate to 8.284416357077229e-06
Epoch: 50 cost time: 1.0074408054351807
Epoch: 50, Steps: 32 | Train Loss: 0.0399508 Vali Loss: 0.0564905 Test Loss: 0.0376144
Validation loss decreased (0.057000 --> 0.056490).  Saving model ...
Updating learning rate to 8.111970916781429e-06
Epoch: 51 cost time: 0.9992020130157471
Epoch: 51, Steps: 32 | Train Loss: 0.0395106 Vali Loss: 0.0557624 Test Loss: 0.0371757
Validation loss decreased (0.056490 --> 0.055762).  Saving model ...
Updating learning rate to 7.933258421485843e-06
Epoch: 52 cost time: 0.9976825714111328
Epoch: 52, Steps: 32 | Train Loss: 0.0390644 Vali Loss: 0.0549992 Test Loss: 0.0368607
Validation loss decreased (0.055762 --> 0.054999).  Saving model ...
Updating learning rate to 7.748638774372467e-06
Epoch: 53 cost time: 0.9944901466369629
Epoch: 53, Steps: 32 | Train Loss: 0.0386364 Vali Loss: 0.0544229 Test Loss: 0.0365116
Validation loss decreased (0.054999 --> 0.054423).  Saving model ...
Updating learning rate to 7.558483774840917e-06
Epoch: 54 cost time: 0.9884357452392578
Epoch: 54, Steps: 32 | Train Loss: 0.0382064 Vali Loss: 0.0541180 Test Loss: 0.0360893
Validation loss decreased (0.054423 --> 0.054118).  Saving model ...
Updating learning rate to 7.363176369753923e-06
Epoch: 55 cost time: 0.9932942390441895
Epoch: 55, Steps: 32 | Train Loss: 0.0377865 Vali Loss: 0.0533518 Test Loss: 0.0357119
Validation loss decreased (0.054118 --> 0.053352).  Saving model ...
Updating learning rate to 7.163109882233309e-06
Epoch: 56 cost time: 0.9917991161346436
Epoch: 56, Steps: 32 | Train Loss: 0.0373469 Vali Loss: 0.0528321 Test Loss: 0.0353199
Validation loss decreased (0.053352 --> 0.052832).  Saving model ...
Updating learning rate to 6.958687219559564e-06
Epoch: 57 cost time: 0.9938623905181885
Epoch: 57, Steps: 32 | Train Loss: 0.0369550 Vali Loss: 0.0522108 Test Loss: 0.0349643
Validation loss decreased (0.052832 --> 0.052211).  Saving model ...
Updating learning rate to 6.750320061770211e-06
Epoch: 58 cost time: 0.9952630996704102
Epoch: 58, Steps: 32 | Train Loss: 0.0365536 Vali Loss: 0.0519502 Test Loss: 0.0346232
Validation loss decreased (0.052211 --> 0.051950).  Saving model ...
Updating learning rate to 6.538428032590986e-06
Epoch: 59 cost time: 0.9974017143249512
Epoch: 59, Steps: 32 | Train Loss: 0.0361364 Vali Loss: 0.0509423 Test Loss: 0.0342877
Validation loss decreased (0.051950 --> 0.050942).  Saving model ...
Updating learning rate to 6.323437854369509e-06
Epoch: 60 cost time: 0.9972333908081055
Epoch: 60, Steps: 32 | Train Loss: 0.0357465 Vali Loss: 0.0505750 Test Loss: 0.0339259
Validation loss decreased (0.050942 --> 0.050575).  Saving model ...
Updating learning rate to 6.105782488713262e-06
Epoch: 61 cost time: 0.9936926364898682
Epoch: 61, Steps: 32 | Train Loss: 0.0353823 Vali Loss: 0.0500268 Test Loss: 0.0336064
Validation loss decreased (0.050575 --> 0.050027).  Saving model ...
Updating learning rate to 5.885900264562524e-06
Epoch: 62 cost time: 1.004906177520752
Epoch: 62, Steps: 32 | Train Loss: 0.0351207 Vali Loss: 0.0501203 Test Loss: 0.0336144
EarlyStopping counter: 1 out of 10
Updating learning rate to 5.664233995454231e-06
Epoch: 63 cost time: 0.9943113327026367
Epoch: 63, Steps: 32 | Train Loss: 0.0350936 Vali Loss: 0.0500149 Test Loss: 0.0335908
Validation loss decreased (0.050027 --> 0.050015).  Saving model ...
Updating learning rate to 5.441230087754439e-06
Epoch: 64 cost time: 1.0027661323547363
Epoch: 64, Steps: 32 | Train Loss: 0.0350898 Vali Loss: 0.0500308 Test Loss: 0.0336013
EarlyStopping counter: 1 out of 10
Updating learning rate to 5.217337641655308e-06
Epoch: 65 cost time: 0.9935216903686523
Epoch: 65, Steps: 32 | Train Loss: 0.0350456 Vali Loss: 0.0499629 Test Loss: 0.0335772
Validation loss decreased (0.050015 --> 0.049963).  Saving model ...
Updating learning rate to 4.993007546747085e-06
Epoch: 66 cost time: 1.0014605522155762
Epoch: 66, Steps: 32 | Train Loss: 0.0350200 Vali Loss: 0.0499998 Test Loss: 0.0336103
EarlyStopping counter: 1 out of 10
Updating learning rate to 4.76869157398648e-06
Epoch: 67 cost time: 0.9948015213012695
Epoch: 67, Steps: 32 | Train Loss: 0.0350018 Vali Loss: 0.0501182 Test Loss: 0.0335755
EarlyStopping counter: 2 out of 10
Updating learning rate to 4.54484146589007e-06
Epoch: 68 cost time: 0.9966468811035156
Epoch: 68, Steps: 32 | Train Loss: 0.0349834 Vali Loss: 0.0500241 Test Loss: 0.0335740
EarlyStopping counter: 3 out of 10
Updating learning rate to 4.3219080267850015e-06
Epoch: 69 cost time: 0.995943546295166
Epoch: 69, Steps: 32 | Train Loss: 0.0349628 Vali Loss: 0.0501893 Test Loss: 0.0335943
EarlyStopping counter: 4 out of 10
Updating learning rate to 4.100340214949063e-06
Epoch: 70 cost time: 0.9958813190460205
Epoch: 70, Steps: 32 | Train Loss: 0.0349295 Vali Loss: 0.0500108 Test Loss: 0.0335731
EarlyStopping counter: 5 out of 10
Updating learning rate to 3.8805842384684655e-06
Epoch: 71 cost time: 0.9933836460113525
Epoch: 71, Steps: 32 | Train Loss: 0.0349138 Vali Loss: 0.0497726 Test Loss: 0.0335817
Validation loss decreased (0.049963 --> 0.049773).  Saving model ...
Updating learning rate to 3.663082656634139e-06
Epoch: 72 cost time: 0.9922046661376953
Epoch: 72, Steps: 32 | Train Loss: 0.0348773 Vali Loss: 0.0500495 Test Loss: 0.0335647
EarlyStopping counter: 1 out of 10
Updating learning rate to 3.4482734886862136e-06
Epoch: 73 cost time: 1.0034284591674805
Epoch: 73, Steps: 32 | Train Loss: 0.0348723 Vali Loss: 0.0498199 Test Loss: 0.0335851
EarlyStopping counter: 2 out of 10
Updating learning rate to 3.2365893317015703e-06
Epoch: 74 cost time: 0.9992728233337402
Epoch: 74, Steps: 32 | Train Loss: 0.0348487 Vali Loss: 0.0501098 Test Loss: 0.0335856
EarlyStopping counter: 3 out of 10
Updating learning rate to 3.028456489400888e-06
Epoch: 75 cost time: 0.9908552169799805
Epoch: 75, Steps: 32 | Train Loss: 0.0348393 Vali Loss: 0.0500858 Test Loss: 0.0335815
EarlyStopping counter: 4 out of 10
Updating learning rate to 2.8242941136296986e-06
Epoch: 76 cost time: 0.9926965236663818
Epoch: 76, Steps: 32 | Train Loss: 0.0348310 Vali Loss: 0.0498288 Test Loss: 0.0335743
EarlyStopping counter: 5 out of 10
Updating learning rate to 2.624513360242336e-06
Epoch: 77 cost time: 1.0081324577331543
Epoch: 77, Steps: 32 | Train Loss: 0.0348216 Vali Loss: 0.0497596 Test Loss: 0.0335763
Validation loss decreased (0.049773 --> 0.049760).  Saving model ...
Updating learning rate to 2.4295165610887763e-06
Epoch: 78 cost time: 1.0082871913909912
Epoch: 78, Steps: 32 | Train Loss: 0.0348170 Vali Loss: 0.0498484 Test Loss: 0.0335689
EarlyStopping counter: 1 out of 10
Updating learning rate to 2.239696413771827e-06
Epoch: 79 cost time: 0.9979660511016846
Epoch: 79, Steps: 32 | Train Loss: 0.0347900 Vali Loss: 0.0501790 Test Loss: 0.0335665
EarlyStopping counter: 2 out of 10
Updating learning rate to 2.055435190806421e-06
Epoch: 80 cost time: 1.006056547164917
Epoch: 80, Steps: 32 | Train Loss: 0.0347877 Vali Loss: 0.0499666 Test Loss: 0.0335713
EarlyStopping counter: 3 out of 10
Updating learning rate to 1.8771039697736423e-06
Epoch: 81 cost time: 0.9971303939819336
Epoch: 81, Steps: 32 | Train Loss: 0.0347402 Vali Loss: 0.0500281 Test Loss: 0.0335703
EarlyStopping counter: 4 out of 10
Updating learning rate to 1.7050618860198631e-06
Epoch: 82 cost time: 0.9916510581970215
Epoch: 82, Steps: 32 | Train Loss: 0.0347513 Vali Loss: 0.0497753 Test Loss: 0.0335696
EarlyStopping counter: 5 out of 10
Updating learning rate to 1.5396554094059507e-06
Epoch: 83 cost time: 0.9983055591583252
Epoch: 83, Steps: 32 | Train Loss: 0.0347327 Vali Loss: 0.0498226 Test Loss: 0.0335696
EarlyStopping counter: 6 out of 10
Updating learning rate to 1.3812176465630769e-06
Epoch: 84 cost time: 0.9983687400817871
Epoch: 84, Steps: 32 | Train Loss: 0.0347366 Vali Loss: 0.0499594 Test Loss: 0.0335665
EarlyStopping counter: 7 out of 10
Updating learning rate to 1.2300676700602924e-06
Epoch: 85 cost time: 0.9854063987731934
Epoch: 85, Steps: 32 | Train Loss: 0.0347213 Vali Loss: 0.0499106 Test Loss: 0.0335691
EarlyStopping counter: 8 out of 10
Updating learning rate to 1.0865098758348385e-06
Epoch: 86 cost time: 0.9958302974700928
Epoch: 86, Steps: 32 | Train Loss: 0.0347433 Vali Loss: 0.0499409 Test Loss: 0.0335676
EarlyStopping counter: 9 out of 10
Updating learning rate to 9.508333701792361e-07
Epoch: 87 cost time: 0.9905059337615967
Epoch: 87, Steps: 32 | Train Loss: 0.0347129 Vali Loss: 0.0499389 Test Loss: 0.0335728
EarlyStopping counter: 10 out of 10
Early stopping
>>>>>>>testing : ETTh1_336_96_DTFNet_ETTh1_ftM_sl336_ll0_pl96_dm128_nh16_el2_br2_dl1_df256_fc1_ebtimeF_dtTrue_'Exp'_0_'rel_sin'_16_8_16,24_8,12_3_1_256<<<<<<<<<<<<<<<<<<<<<<<<<<<<<<<<<
test 2785
mse:0.34948036074638367, mae:0.38179811835289, rse:0.5629448890686035
