Args in experiment:
Namespace(random_seed=2021, is_training=1, model_id='ETTh1_336_192', model='DTFNet', data='ETTh1', root_path='./dataset/', data_path='ETTh1.csv', features='M', target='OT', freq='h', checkpoints='./checkpoints/', seq_len=336, label_len=0, pred_len=192, n_branches=2, patch_len_ls='16,24', stride_ls='8,12', d_model_ls='128', n_heads_ls='16', rel_pe="'rel_sin'", res_attn=False, head_type='flatten', fc_dropout=0.3, head_dropout=0.1, patch_len=16, stride=8, padding_patch="'end'", revin=1, affine=0, subtract_last=0, decomposition=0, kernel_size=25, individual=0, store_attn=False, pre_norm=False, pe='zeros', no_learn_pe=True, embed_type=0, enc_in=7, dec_in=7, c_out=7, d_model=128, n_heads=16, e_layers=2, d_layers=1, d_ff=256, moving_avg=25, factor=1, distil=True, dropout=0.3, embed='timeF', activation='gelu', output_attention=False, do_predict=False, num_workers=0, itr=1, train_epochs=100, batch_size=256, patience=10, learning_rate=1e-05, des="'Exp'", loss='mse', lradj='TST', pct_start=0.3, use_amp=False, l2=0.0, warmup_steps=0, use_gpu=True, gpu=0, use_multi_gpu=False, devices='0', test_flop=False, use_mlflow=False, mlflow_project='exp', loss_flag=2, sub_patch_len=16, sub_stride=8, stride_ls_list='16', model_type='linear', tfactor=3, dilation_rates='1', wavelet_layers=2, wavelet_type='db5', wavelet_mode='periodization', wavelet_dim=64, initTLV=0.2)
Use GPU: cuda:0
>>>>>>>start training : ETTh1_336_192_DTFNet_ETTh1_ftM_sl336_ll0_pl192_dm128_nh16_el2_br2_dl1_df256_fc1_ebtimeF_dtTrue_'Exp'_0_'rel_sin'_16_8_16,24_8,12_3_1_256>>>>>>>>>>>>>>>>>>>>>>>>>>
train 8113
val 2689
test 2689
Epoch: 1 cost time: 1.4399666786193848
Epoch: 1, Steps: 31 | Train Loss: 0.0948310 Vali Loss: 0.1566465 Test Loss: 0.0951255
Validation loss decreased (inf --> 0.156647).  Saving model ...
Updating learning rate to 4.2635148986572395e-07
Epoch: 2 cost time: 1.0898268222808838
Epoch: 2, Steps: 31 | Train Loss: 0.0939332 Vali Loss: 0.1547951 Test Loss: 0.0941764
Validation loss decreased (0.156647 --> 0.154795).  Saving model ...
Updating learning rate to 5.051166257053371e-07
Epoch: 3 cost time: 1.0500922203063965
Epoch: 3, Steps: 31 | Train Loss: 0.0929972 Vali Loss: 0.1528027 Test Loss: 0.0931624
Validation loss decreased (0.154795 --> 0.152803).  Saving model ...
Updating learning rate to 6.354305830693182e-07
Epoch: 4 cost time: 1.032945156097412
Epoch: 4, Steps: 31 | Train Loss: 0.0920276 Vali Loss: 0.1512130 Test Loss: 0.0920914
Validation loss decreased (0.152803 --> 0.151213).  Saving model ...
Updating learning rate to 8.158625424048165e-07
Epoch: 5 cost time: 1.0408687591552734
Epoch: 5, Steps: 31 | Train Loss: 0.0910199 Vali Loss: 0.1491138 Test Loss: 0.0909432
Validation loss decreased (0.151213 --> 0.149114).  Saving model ...
Updating learning rate to 1.0444313991502185e-06
Epoch: 6 cost time: 1.0274052619934082
Epoch: 6, Steps: 31 | Train Loss: 0.0899951 Vali Loss: 0.1475768 Test Loss: 0.0896885
Validation loss decreased (0.149114 --> 0.147577).  Saving model ...
Updating learning rate to 1.3186275158421247e-06
Epoch: 7 cost time: 1.0339903831481934
Epoch: 7, Steps: 31 | Train Loss: 0.0887895 Vali Loss: 0.1452645 Test Loss: 0.0882844
Validation loss decreased (0.147577 --> 0.145265).  Saving model ...
Updating learning rate to 1.6354402774012767e-06
Epoch: 8 cost time: 1.0262815952301025
Epoch: 8, Steps: 31 | Train Loss: 0.0874969 Vali Loss: 0.1428937 Test Loss: 0.0866791
Validation loss decreased (0.145265 --> 0.142894).  Saving model ...
Updating learning rate to 1.99139114704619e-06
Epoch: 9 cost time: 1.0241730213165283
Epoch: 9, Steps: 31 | Train Loss: 0.0860519 Vali Loss: 0.1398227 Test Loss: 0.0847476
Validation loss decreased (0.142894 --> 0.139823).  Saving model ...
Updating learning rate to 2.3825718598876392e-06
Epoch: 10 cost time: 1.0233376026153564
Epoch: 10, Steps: 31 | Train Loss: 0.0843002 Vali Loss: 0.1363857 Test Loss: 0.0823292
Validation loss decreased (0.139823 --> 0.136386).  Saving model ...
Updating learning rate to 2.8046873348464134e-06
Epoch: 11 cost time: 1.020432949066162
Epoch: 11, Steps: 31 | Train Loss: 0.0822548 Vali Loss: 0.1319042 Test Loss: 0.0792067
Validation loss decreased (0.136386 --> 0.131904).  Saving model ...
Updating learning rate to 3.2531028337306174e-06
Epoch: 12 cost time: 1.029259443283081
Epoch: 12, Steps: 31 | Train Loss: 0.0796088 Vali Loss: 0.1267813 Test Loss: 0.0754395
Validation loss decreased (0.131904 --> 0.126781).  Saving model ...
Updating learning rate to 3.7228948496758864e-06
Epoch: 13 cost time: 1.0263807773590088
Epoch: 13, Steps: 31 | Train Loss: 0.0768521 Vali Loss: 0.1207249 Test Loss: 0.0717298
Validation loss decreased (0.126781 --> 0.120725).  Saving model ...
Updating learning rate to 4.20890516620423e-06
Epoch: 14 cost time: 1.0157115459442139
Epoch: 14, Steps: 31 | Train Loss: 0.0741066 Vali Loss: 0.1160940 Test Loss: 0.0688039
Validation loss decreased (0.120725 --> 0.116094).  Saving model ...
Updating learning rate to 4.705797493344547e-06
Epoch: 15 cost time: 1.0193326473236084
Epoch: 15, Steps: 31 | Train Loss: 0.0717183 Vali Loss: 0.1113775 Test Loss: 0.0664530
Validation loss decreased (0.116094 --> 0.111377).  Saving model ...
Updating learning rate to 5.208116058962259e-06
Epoch: 16 cost time: 1.0182154178619385
Epoch: 16, Steps: 31 | Train Loss: 0.0696043 Vali Loss: 0.1067396 Test Loss: 0.0644146
Validation loss decreased (0.111377 --> 0.106740).  Saving model ...
Updating learning rate to 5.710345511977682e-06
Epoch: 17 cost time: 1.0186669826507568
Epoch: 17, Steps: 31 | Train Loss: 0.0677539 Vali Loss: 0.1034854 Test Loss: 0.0624277
Validation loss decreased (0.106740 --> 0.103485).  Saving model ...
Updating learning rate to 6.206971479748566e-06
Epoch: 18 cost time: 1.0190362930297852
Epoch: 18, Steps: 31 | Train Loss: 0.0661031 Vali Loss: 0.1010581 Test Loss: 0.0607085
Validation loss decreased (0.103485 --> 0.101058).  Saving model ...
Updating learning rate to 6.6925411147095855e-06
Epoch: 19 cost time: 1.0138740539550781
Epoch: 19, Steps: 31 | Train Loss: 0.0647130 Vali Loss: 0.0984612 Test Loss: 0.0591011
Validation loss decreased (0.101058 --> 0.098461).  Saving model ...
Updating learning rate to 7.161722965479587e-06
Epoch: 20 cost time: 1.0175905227661133
Epoch: 20, Steps: 31 | Train Loss: 0.0634537 Vali Loss: 0.0966143 Test Loss: 0.0579028
Validation loss decreased (0.098461 --> 0.096614).  Saving model ...
Updating learning rate to 7.609365515064509e-06
Epoch: 21 cost time: 1.0218677520751953
Epoch: 21, Steps: 31 | Train Loss: 0.0623884 Vali Loss: 0.0950555 Test Loss: 0.0568319
Validation loss decreased (0.096614 --> 0.095055).  Saving model ...
Updating learning rate to 8.030553743418992e-06
Epoch: 22 cost time: 1.0138347148895264
Epoch: 22, Steps: 31 | Train Loss: 0.0615917 Vali Loss: 0.0939067 Test Loss: 0.0559295
Validation loss decreased (0.095055 --> 0.093907).  Saving model ...
Updating learning rate to 8.420663093321771e-06
Epoch: 23 cost time: 1.0156474113464355
Epoch: 23, Steps: 31 | Train Loss: 0.0607013 Vali Loss: 0.0924655 Test Loss: 0.0550730
Validation loss decreased (0.093907 --> 0.092466).  Saving model ...
Updating learning rate to 8.775410247030974e-06
Epoch: 24 cost time: 1.016517162322998
Epoch: 24, Steps: 31 | Train Loss: 0.0598622 Vali Loss: 0.0913019 Test Loss: 0.0543205
Validation loss decreased (0.092466 --> 0.091302).  Saving model ...
Updating learning rate to 9.09090015620249e-06
Epoch: 25 cost time: 1.0129094123840332
Epoch: 25, Steps: 31 | Train Loss: 0.0590970 Vali Loss: 0.0903191 Test Loss: 0.0535820
Validation loss decreased (0.091302 --> 0.090319).  Saving model ...
Updating learning rate to 9.363668808692879e-06
Epoch: 26 cost time: 1.0118138790130615
Epoch: 26, Steps: 31 | Train Loss: 0.0584039 Vali Loss: 0.0894957 Test Loss: 0.0529276
Validation loss decreased (0.090319 --> 0.089496).  Saving model ...
Updating learning rate to 9.59072126267639e-06
Epoch: 27 cost time: 1.0102853775024414
Epoch: 27, Steps: 31 | Train Loss: 0.0576515 Vali Loss: 0.0878090 Test Loss: 0.0521987
Validation loss decreased (0.089496 --> 0.087809).  Saving model ...
Updating learning rate to 9.769564530469635e-06
Epoch: 28 cost time: 1.0191144943237305
Epoch: 28, Steps: 31 | Train Loss: 0.0569375 Vali Loss: 0.0871980 Test Loss: 0.0515766
Validation loss decreased (0.087809 --> 0.087198).  Saving model ...
Updating learning rate to 9.898234951006446e-06
Epoch: 29 cost time: 1.0135204792022705
Epoch: 29, Steps: 31 | Train Loss: 0.0563126 Vali Loss: 0.0866310 Test Loss: 0.0509199
Validation loss decreased (0.087198 --> 0.086631).  Saving model ...
Updating learning rate to 9.97531975041899e-06
Epoch: 30 cost time: 1.010786533355713
Epoch: 30, Steps: 31 | Train Loss: 0.0556310 Vali Loss: 0.0853609 Test Loss: 0.0503924
Validation loss decreased (0.086631 --> 0.085361).  Saving model ...
Updating learning rate to 9.999994760154602e-06
Epoch: 31 cost time: 1.0188965797424316
Epoch: 31, Steps: 31 | Train Loss: 0.0549121 Vali Loss: 0.0842323 Test Loss: 0.0498208
Validation loss decreased (0.085361 --> 0.084232).  Saving model ...
Updating learning rate to 9.994635356966321e-06
Epoch: 32 cost time: 1.0095288753509521
Epoch: 32, Steps: 31 | Train Loss: 0.0543252 Vali Loss: 0.0833490 Test Loss: 0.0492640
Validation loss decreased (0.084232 --> 0.083349).  Saving model ...
Updating learning rate to 9.979217463145653e-06
Epoch: 33 cost time: 1.020141363143921
Epoch: 33, Steps: 31 | Train Loss: 0.0536935 Vali Loss: 0.0825624 Test Loss: 0.0487457
Validation loss decreased (0.083349 --> 0.082562).  Saving model ...
Updating learning rate to 9.953772128278901e-06
Epoch: 34 cost time: 1.0227105617523193
Epoch: 34, Steps: 31 | Train Loss: 0.0530724 Vali Loss: 0.0816632 Test Loss: 0.0481923
Validation loss decreased (0.082562 --> 0.081663).  Saving model ...
Updating learning rate to 9.918350595884151e-06
Epoch: 35 cost time: 1.0156676769256592
Epoch: 35, Steps: 31 | Train Loss: 0.0525222 Vali Loss: 0.0810531 Test Loss: 0.0477051
Validation loss decreased (0.081663 --> 0.081053).  Saving model ...
Updating learning rate to 9.873024200213661e-06
Epoch: 36 cost time: 1.0179343223571777
Epoch: 36, Steps: 31 | Train Loss: 0.0519307 Vali Loss: 0.0803795 Test Loss: 0.0471412
Validation loss decreased (0.081053 --> 0.080380).  Saving model ...
Updating learning rate to 9.817884222596151e-06
Epoch: 37 cost time: 1.0118839740753174
Epoch: 37, Steps: 31 | Train Loss: 0.0513367 Vali Loss: 0.0793670 Test Loss: 0.0467233
Validation loss decreased (0.080380 --> 0.079367).  Saving model ...
Updating learning rate to 9.75304170760837e-06
Epoch: 38 cost time: 1.0190742015838623
Epoch: 38, Steps: 31 | Train Loss: 0.0507611 Vali Loss: 0.0786780 Test Loss: 0.0462144
Validation loss decreased (0.079367 --> 0.078678).  Saving model ...
Updating learning rate to 9.678627239446092e-06
Epoch: 39 cost time: 1.0152363777160645
Epoch: 39, Steps: 31 | Train Loss: 0.0502012 Vali Loss: 0.0779396 Test Loss: 0.0457225
Validation loss decreased (0.078678 --> 0.077940).  Saving model ...
Updating learning rate to 9.594790678944921e-06
Epoch: 40 cost time: 1.0090749263763428
Epoch: 40, Steps: 31 | Train Loss: 0.0495999 Vali Loss: 0.0769636 Test Loss: 0.0452930
Validation loss decreased (0.077940 --> 0.076964).  Saving model ...
Updating learning rate to 9.50170086178052e-06
Epoch: 41 cost time: 1.0176477432250977
Epoch: 41, Steps: 31 | Train Loss: 0.0490902 Vali Loss: 0.0764301 Test Loss: 0.0448875
Validation loss decreased (0.076964 --> 0.076430).  Saving model ...
Updating learning rate to 9.399545258456017e-06
Epoch: 42 cost time: 1.0102694034576416
Epoch: 42, Steps: 31 | Train Loss: 0.0485569 Vali Loss: 0.0754667 Test Loss: 0.0444116
Validation loss decreased (0.076430 --> 0.075467).  Saving model ...
Updating learning rate to 9.288529596761373e-06
Epoch: 43 cost time: 1.0158987045288086
Epoch: 43, Steps: 31 | Train Loss: 0.0480490 Vali Loss: 0.0745194 Test Loss: 0.0439540
Validation loss decreased (0.075467 --> 0.074519).  Saving model ...
Updating learning rate to 9.168877447464985e-06
Epoch: 44 cost time: 1.0141639709472656
Epoch: 44, Steps: 31 | Train Loss: 0.0474858 Vali Loss: 0.0738588 Test Loss: 0.0435318
Validation loss decreased (0.074519 --> 0.073859).  Saving model ...
Updating learning rate to 9.040829774071914e-06
Epoch: 45 cost time: 1.018275499343872
Epoch: 45, Steps: 31 | Train Loss: 0.0469544 Vali Loss: 0.0734353 Test Loss: 0.0431048
Validation loss decreased (0.073859 --> 0.073435).  Saving model ...
Updating learning rate to 8.904644447555448e-06
Epoch: 46 cost time: 1.0152356624603271
Epoch: 46, Steps: 31 | Train Loss: 0.0464815 Vali Loss: 0.0729726 Test Loss: 0.0426575
Validation loss decreased (0.073435 --> 0.072973).  Saving model ...
Updating learning rate to 8.760595727039295e-06
Epoch: 47 cost time: 1.014909029006958
Epoch: 47, Steps: 31 | Train Loss: 0.0459760 Vali Loss: 0.0718529 Test Loss: 0.0422715
Validation loss decreased (0.072973 --> 0.071853).  Saving model ...
Updating learning rate to 8.608973707476191e-06
Epoch: 48 cost time: 1.0220863819122314
Epoch: 48, Steps: 31 | Train Loss: 0.0454496 Vali Loss: 0.0715213 Test Loss: 0.0418808
Validation loss decreased (0.071853 --> 0.071521).  Saving model ...
Updating learning rate to 8.450083735435278e-06
Epoch: 49 cost time: 1.0167272090911865
Epoch: 49, Steps: 31 | Train Loss: 0.0449992 Vali Loss: 0.0708113 Test Loss: 0.0414533
Validation loss decreased (0.071521 --> 0.070811).  Saving model ...
Updating learning rate to 8.284245794174751e-06
Epoch: 50 cost time: 1.0177772045135498
Epoch: 50, Steps: 31 | Train Loss: 0.0444938 Vali Loss: 0.0701860 Test Loss: 0.0410789
Validation loss decreased (0.070811 --> 0.070186).  Saving model ...
Updating learning rate to 8.111793859238162e-06
Epoch: 51 cost time: 1.0108799934387207
Epoch: 51, Steps: 31 | Train Loss: 0.0440172 Vali Loss: 0.0693194 Test Loss: 0.0406930
Validation loss decreased (0.070186 --> 0.069319).  Saving model ...
Updating learning rate to 7.93307522587211e-06
Epoch: 52 cost time: 1.0120868682861328
Epoch: 52, Steps: 31 | Train Loss: 0.0435642 Vali Loss: 0.0687760 Test Loss: 0.0402879
Validation loss decreased (0.069319 --> 0.068776).  Saving model ...
Updating learning rate to 7.748449809619857e-06
Epoch: 53 cost time: 1.0144100189208984
Epoch: 53, Steps: 31 | Train Loss: 0.0431095 Vali Loss: 0.0677862 Test Loss: 0.0399294
Validation loss decreased (0.068776 --> 0.067786).  Saving model ...
Updating learning rate to 7.558289421499295e-06
Epoch: 54 cost time: 1.0131878852844238
Epoch: 54, Steps: 31 | Train Loss: 0.0426726 Vali Loss: 0.0672532 Test Loss: 0.0395461
Validation loss decreased (0.067786 --> 0.067253).  Saving model ...
Updating learning rate to 7.362977019225052e-06
Epoch: 55 cost time: 1.017284870147705
Epoch: 55, Steps: 31 | Train Loss: 0.0421788 Vali Loss: 0.0665569 Test Loss: 0.0391703
Validation loss decreased (0.067253 --> 0.066557).  Saving model ...
Updating learning rate to 7.162905935982624e-06
Epoch: 56 cost time: 1.01741623878479
Epoch: 56, Steps: 31 | Train Loss: 0.0417634 Vali Loss: 0.0662455 Test Loss: 0.0387981
Validation loss decreased (0.066557 --> 0.066245).  Saving model ...
Updating learning rate to 6.958479088307673e-06
Epoch: 57 cost time: 1.0101211071014404
Epoch: 57, Steps: 31 | Train Loss: 0.0413299 Vali Loss: 0.0655895 Test Loss: 0.0384615
Validation loss decreased (0.066245 --> 0.065589).  Saving model ...
Updating learning rate to 6.7501081646657556e-06
Epoch: 58 cost time: 1.012298583984375
Epoch: 58, Steps: 31 | Train Loss: 0.0408752 Vali Loss: 0.0645769 Test Loss: 0.0380911
Validation loss decreased (0.065589 --> 0.064577).  Saving model ...
Updating learning rate to 6.538212796366537e-06
Epoch: 59 cost time: 1.0157630443572998
Epoch: 59, Steps: 31 | Train Loss: 0.0404802 Vali Loss: 0.0641462 Test Loss: 0.0377067
Validation loss decreased (0.064577 --> 0.064146).  Saving model ...
Updating learning rate to 6.323219712482178e-06
Epoch: 60 cost time: 1.023247480392456
Epoch: 60, Steps: 31 | Train Loss: 0.0400867 Vali Loss: 0.0636087 Test Loss: 0.0373728
Validation loss decreased (0.064146 --> 0.063609).  Saving model ...
Updating learning rate to 6.1055618804717764e-06
Epoch: 61 cost time: 1.0126919746398926
Epoch: 61, Steps: 31 | Train Loss: 0.0396009 Vali Loss: 0.0629253 Test Loss: 0.0370182
Validation loss decreased (0.063609 --> 0.062925).  Saving model ...
Updating learning rate to 5.8856776342425235e-06
Epoch: 62 cost time: 1.0125813484191895
Epoch: 62, Steps: 31 | Train Loss: 0.0392438 Vali Loss: 0.0624480 Test Loss: 0.0366696
Validation loss decreased (0.062925 --> 0.062448).  Saving model ...
Updating learning rate to 5.664009791403554e-06
Epoch: 63 cost time: 1.016951084136963
Epoch: 63, Steps: 31 | Train Loss: 0.0388692 Vali Loss: 0.0614806 Test Loss: 0.0363336
Validation loss decreased (0.062448 --> 0.061481).  Saving model ...
Updating learning rate to 5.441004761490205e-06
Epoch: 64 cost time: 1.015347957611084
Epoch: 64, Steps: 31 | Train Loss: 0.0384221 Vali Loss: 0.0611522 Test Loss: 0.0359966
Validation loss decreased (0.061481 --> 0.061152).  Saving model ...
Updating learning rate to 5.217111646954626e-06
Epoch: 65 cost time: 1.0171070098876953
Epoch: 65, Steps: 31 | Train Loss: 0.0380551 Vali Loss: 0.0607770 Test Loss: 0.0358027
Validation loss decreased (0.061152 --> 0.060777).  Saving model ...
Updating learning rate to 4.992781338733208e-06
Epoch: 66 cost time: 1.0121269226074219
Epoch: 66, Steps: 31 | Train Loss: 0.0379413 Vali Loss: 0.0608467 Test Loss: 0.0358113
EarlyStopping counter: 1 out of 10
Updating learning rate to 4.768465608212241e-06
Epoch: 67 cost time: 1.0122544765472412
Epoch: 67, Steps: 31 | Train Loss: 0.0379703 Vali Loss: 0.0607567 Test Loss: 0.0357997
Validation loss decreased (0.060777 --> 0.060757).  Saving model ...
Updating learning rate to 4.544616197420465e-06
Epoch: 68 cost time: 0.9987337589263916
Epoch: 68, Steps: 31 | Train Loss: 0.0378912 Vali Loss: 0.0608494 Test Loss: 0.0358063
EarlyStopping counter: 1 out of 10
Updating learning rate to 4.321683909280753e-06
Epoch: 69 cost time: 1.0195863246917725
Epoch: 69, Steps: 31 | Train Loss: 0.0378681 Vali Loss: 0.0607043 Test Loss: 0.0358117
Validation loss decreased (0.060757 --> 0.060704).  Saving model ...
Updating learning rate to 4.100117699752996e-06
Epoch: 70 cost time: 1.0136661529541016
Epoch: 70, Steps: 31 | Train Loss: 0.0378302 Vali Loss: 0.0608267 Test Loss: 0.0358157
EarlyStopping counter: 1 out of 10
Updating learning rate to 3.8803637736965736e-06
Epoch: 71 cost time: 1.0032885074615479
Epoch: 71, Steps: 31 | Train Loss: 0.0378490 Vali Loss: 0.0607444 Test Loss: 0.0358113
EarlyStopping counter: 2 out of 10
Updating learning rate to 3.66286468627313e-06
Epoch: 72 cost time: 1.010176181793213
Epoch: 72, Steps: 31 | Train Loss: 0.0378131 Vali Loss: 0.0606507 Test Loss: 0.0358231
Validation loss decreased (0.060704 --> 0.060651).  Saving model ...
Updating learning rate to 3.4480584516993903e-06
Epoch: 73 cost time: 1.0142841339111328
Epoch: 73, Steps: 31 | Train Loss: 0.0377883 Vali Loss: 0.0606958 Test Loss: 0.0358246
EarlyStopping counter: 1 out of 10
Updating learning rate to 3.2363776611448018e-06
Epoch: 74 cost time: 1.0119967460632324
Epoch: 74, Steps: 31 | Train Loss: 0.0378233 Vali Loss: 0.0608375 Test Loss: 0.0358232
EarlyStopping counter: 2 out of 10
Updating learning rate to 3.0282486115505108e-06
Epoch: 75 cost time: 1.0157907009124756
Epoch: 75, Steps: 31 | Train Loss: 0.0377617 Vali Loss: 0.0608906 Test Loss: 0.0358258
EarlyStopping counter: 3 out of 10
Updating learning rate to 2.8240904471240344e-06
Epoch: 76 cost time: 1.015366554260254
Epoch: 76, Steps: 31 | Train Loss: 0.0377681 Vali Loss: 0.0608804 Test Loss: 0.0358281
EarlyStopping counter: 4 out of 10
Updating learning rate to 2.624314315238625e-06
Epoch: 77 cost time: 1.0192182064056396
Epoch: 77, Steps: 31 | Train Loss: 0.0377150 Vali Loss: 0.0608816 Test Loss: 0.0358343
EarlyStopping counter: 5 out of 10
Updating learning rate to 2.429322538437165e-06
Epoch: 78 cost time: 1.0157315731048584
Epoch: 78, Steps: 31 | Train Loss: 0.0377640 Vali Loss: 0.0608507 Test Loss: 0.0358339
EarlyStopping counter: 6 out of 10
Updating learning rate to 2.2395078042081163e-06
Epoch: 79 cost time: 1.0158758163452148
Epoch: 79, Steps: 31 | Train Loss: 0.0376854 Vali Loss: 0.0607188 Test Loss: 0.0358342
EarlyStopping counter: 7 out of 10
Updating learning rate to 2.055252374165171e-06
Epoch: 80 cost time: 1.0168306827545166
Epoch: 80, Steps: 31 | Train Loss: 0.0376776 Vali Loss: 0.0608549 Test Loss: 0.0358362
EarlyStopping counter: 8 out of 10
Updating learning rate to 1.8769273142232387e-06
Epoch: 81 cost time: 1.0189275741577148
Epoch: 81, Steps: 31 | Train Loss: 0.0376810 Vali Loss: 0.0608313 Test Loss: 0.0358439
EarlyStopping counter: 9 out of 10
Updating learning rate to 1.7048917473210744e-06
Epoch: 82 cost time: 1.0158636569976807
Epoch: 82, Steps: 31 | Train Loss: 0.0376804 Vali Loss: 0.0608824 Test Loss: 0.0358344
EarlyStopping counter: 10 out of 10
Early stopping
>>>>>>>testing : ETTh1_336_192_DTFNet_ETTh1_ftM_sl336_ll0_pl192_dm128_nh16_el2_br2_dl1_df256_fc1_ebtimeF_dtTrue_'Exp'_0_'rel_sin'_16_8_16,24_8,12_3_1_256<<<<<<<<<<<<<<<<<<<<<<<<<<<<<<<<<
test 2689
mse:0.38818249106407166, mae:0.40451133251190186, rse:0.5926137566566467
