Args in experiment:
Namespace(is_training=1, model_id='ETTh1_336_96', model='DTFNet', data='ETTh1', root_path='./dataset/', data_path='ETTh1.csv', features='M', target='OT', freq='h', checkpoints='./checkpoints/', seq_len=336, label_len=0, pred_len=96, n_branches=2, patch_len_ls='16,24', stride_ls='8,12', d_model_ls='128', n_heads_ls='16', rel_pe="'rel_sin'", res_attn=False, head_type='flatten', fc_dropout=0.3, head_dropout=0.1, patch_len=16, stride=8, padding_patch="'end'", revin=1, affine=0, subtract_last=0, decomposition=0, kernel_size=25, individual=0, store_attn=False, pre_norm=False, pe='zeros', no_learn_pe=True, embed_type=0, enc_in=7, dec_in=7, c_out=7, d_model=128, n_heads=16, e_layers=2, d_layers=1, d_ff=256, moving_avg=25, factor=1, distil=True, dropout=0.3, embed='timeF', activation='gelu', output_attention=False, do_predict=False, num_workers=0, itr=1, train_epochs=100, batch_size=256, patience=10, learning_rate=1e-05, des="'Exp'", loss='mse', lradj='TST', pct_start=0.3, use_amp=False, l2=0.0, warmup_steps=0, use_gpu=True, gpu=0, use_multi_gpu=False, devices='0', test_flop=False, use_mlflow=False, mlflow_project='exp', loss_flag=2, sub_patch_len=16, sub_stride=8, stride_ls_list='16', model_type='linear', tfactor=3, dilation_rates='1', wavelet_layers=2, wavelet_type='db5', wavelet_mode='periodization', wavelet_dim=64, initTLV=0.2)
Use GPU: cuda:0
>>>>>>>start training : ETTh1_336_96_DTFNet_ETTh1_ftM_sl336_ll0_pl96_dm128_nh16_el2_br2_dl1_df256_fc1_ebtimeF_dtTrue_'Exp'_0_'rel_sin'_16_8_16,24_8,12_3_1_256>>>>>>>>>>>>>>>>>>>>>>>>>>
train 8209
val 2785
test 2785
Epoch: 1 cost time: 3.144543170928955
Epoch: 1, Steps: 32 | Train Loss: 0.0918569 Vali Loss: 0.1474071 Test Loss: 0.0938559
Validation loss decreased (inf --> 0.147407).  Saving model ...
Updating learning rate to 4.263497187391453e-07
Epoch: 2 cost time: 2.688340187072754
Epoch: 2, Steps: 32 | Train Loss: 0.0908556 Vali Loss: 0.1456521 Test Loss: 0.0928477
Validation loss decreased (0.147407 --> 0.145652).  Saving model ...
Updating learning rate to 5.051095800908994e-07
Epoch: 3 cost time: 2.662278652191162
Epoch: 3, Steps: 32 | Train Loss: 0.0899161 Vali Loss: 0.1438845 Test Loss: 0.0917653
Validation loss decreased (0.145652 --> 0.143884).  Saving model ...
Updating learning rate to 6.354148756408674e-07
Epoch: 4 cost time: 2.6546876430511475
Epoch: 4, Steps: 32 | Train Loss: 0.0889067 Vali Loss: 0.1431191 Test Loss: 0.0906244
Validation loss decreased (0.143884 --> 0.143119).  Saving model ...
Updating learning rate to 8.158349771023961e-07
Epoch: 5 cost time: 2.685257911682129
Epoch: 5, Steps: 32 | Train Loss: 0.0878724 Vali Loss: 0.1408798 Test Loss: 0.0893908
Validation loss decreased (0.143119 --> 0.140880).  Saving model ...
Updating learning rate to 1.0443890432553227e-06
Epoch: 6 cost time: 2.767500877380371
Epoch: 6, Steps: 32 | Train Loss: 0.0867163 Vali Loss: 0.1386268 Test Loss: 0.0880346
Validation loss decreased (0.140880 --> 0.138627).  Saving model ...
Updating learning rate to 1.3185677676997187e-06
Epoch: 7 cost time: 2.653895854949951
Epoch: 7, Steps: 32 | Train Loss: 0.0854995 Vali Loss: 0.1363376 Test Loss: 0.0865149
Validation loss decreased (0.138627 --> 0.136338).  Saving model ...
Updating learning rate to 1.6353609286550175e-06
Epoch: 8 cost time: 2.6559255123138428
Epoch: 8, Steps: 32 | Train Loss: 0.0841291 Vali Loss: 0.1336617 Test Loss: 0.0847908
Validation loss decreased (0.136338 --> 0.133662).  Saving model ...
Updating learning rate to 1.9912904383338616e-06
Epoch: 9 cost time: 2.6617162227630615
Epoch: 9, Steps: 32 | Train Loss: 0.0825926 Vali Loss: 0.1306845 Test Loss: 0.0827326
Validation loss decreased (0.133662 --> 0.130684).  Saving model ...
Updating learning rate to 2.382448529039998e-06
Epoch: 10 cost time: 2.669733762741089
Epoch: 10, Steps: 32 | Train Loss: 0.0807859 Vali Loss: 0.1277013 Test Loss: 0.0802010
Validation loss decreased (0.130684 --> 0.127701).  Saving model ...
Updating learning rate to 2.8045406567431614e-06
Epoch: 11 cost time: 2.6871674060821533
Epoch: 11, Steps: 32 | Train Loss: 0.0786150 Vali Loss: 0.1223884 Test Loss: 0.0769875
Validation loss decreased (0.127701 --> 0.122388).  Saving model ...
Updating learning rate to 3.2529326510904383e-06
Epoch: 12 cost time: 2.6807918548583984
Epoch: 12, Steps: 32 | Train Loss: 0.0759325 Vali Loss: 0.1168502 Test Loss: 0.0731775
Validation loss decreased (0.122388 --> 0.116850).  Saving model ...
Updating learning rate to 3.7227015941918576e-06
Epoch: 13 cost time: 2.675283908843994
Epoch: 13, Steps: 32 | Train Loss: 0.0730809 Vali Loss: 0.1119075 Test Loss: 0.0695287
Validation loss decreased (0.116850 --> 0.111907).  Saving model ...
Updating learning rate to 4.208689869579457e-06
Epoch: 14 cost time: 2.6711363792419434
Epoch: 14, Steps: 32 | Train Loss: 0.0704118 Vali Loss: 0.1068041 Test Loss: 0.0666563
Validation loss decreased (0.111907 --> 0.106804).  Saving model ...
Updating learning rate to 4.705561787933659e-06
Epoch: 15 cost time: 2.6903789043426514
Epoch: 15, Steps: 32 | Train Loss: 0.0680175 Vali Loss: 0.1019974 Test Loss: 0.0643657
Validation loss decreased (0.106804 --> 0.101997).  Saving model ...
Updating learning rate to 5.207862167880292e-06
Epoch: 16 cost time: 2.6929852962493896
Epoch: 16, Steps: 32 | Train Loss: 0.0657940 Vali Loss: 0.0975002 Test Loss: 0.0623898
Validation loss decreased (0.101997 --> 0.097500).  Saving model ...
Updating learning rate to 5.710076228696788e-06
Epoch: 17 cost time: 2.688167095184326
Epoch: 17, Steps: 32 | Train Loss: 0.0637924 Vali Loss: 0.0939799 Test Loss: 0.0605187
Validation loss decreased (0.097500 --> 0.093980).  Saving model ...
Updating learning rate to 6.206690137362583e-06
Epoch: 18 cost time: 2.6888222694396973
Epoch: 18, Steps: 32 | Train Loss: 0.0619924 Vali Loss: 0.0904638 Test Loss: 0.0585868
Validation loss decreased (0.093980 --> 0.090464).  Saving model ...
Updating learning rate to 6.692251545204639e-06
Epoch: 19 cost time: 2.6993587017059326
Epoch: 19, Steps: 32 | Train Loss: 0.0603783 Vali Loss: 0.0878337 Test Loss: 0.0569137
Validation loss decreased (0.090464 --> 0.087834).  Saving model ...
Updating learning rate to 7.161429449503278e-06
Epoch: 20 cost time: 2.6910459995269775
Epoch: 20, Steps: 32 | Train Loss: 0.0589831 Vali Loss: 0.0850997 Test Loss: 0.0553879
Validation loss decreased (0.087834 --> 0.085100).  Saving model ...
Updating learning rate to 7.6090727228348e-06
Epoch: 21 cost time: 2.8827922344207764
Epoch: 21, Steps: 32 | Train Loss: 0.0577884 Vali Loss: 0.0832817 Test Loss: 0.0540758
Validation loss decreased (0.085100 --> 0.083282).  Saving model ...
Updating learning rate to 8.030266667554303e-06
Epoch: 22 cost time: 2.733032703399658
Epoch: 22, Steps: 32 | Train Loss: 0.0567622 Vali Loss: 0.0818858 Test Loss: 0.0529821
Validation loss decreased (0.083282 --> 0.081886).  Saving model ...
Updating learning rate to 8.420386974504289e-06
Epoch: 23 cost time: 2.7344443798065186
Epoch: 23, Steps: 32 | Train Loss: 0.0558169 Vali Loss: 0.0802335 Test Loss: 0.0520277
Validation loss decreased (0.081886 --> 0.080233).  Saving model ...
Updating learning rate to 8.775150493533698e-06
Epoch: 24 cost time: 2.7114524841308594
Epoch: 24, Steps: 32 | Train Loss: 0.0549640 Vali Loss: 0.0789377 Test Loss: 0.0511788
Validation loss decreased (0.080233 --> 0.078938).  Saving model ...
Updating learning rate to 9.090662258415302e-06
Epoch: 25 cost time: 2.721668004989624
Epoch: 25, Steps: 32 | Train Loss: 0.0541943 Vali Loss: 0.0772849 Test Loss: 0.0502577
Validation loss decreased (0.078938 --> 0.077285).  Saving model ...
Updating learning rate to 9.363458249872634e-06
Epoch: 26 cost time: 2.700644016265869
Epoch: 26, Steps: 32 | Train Loss: 0.0534105 Vali Loss: 0.0766425 Test Loss: 0.0496104
Validation loss decreased (0.077285 --> 0.076643).  Saving model ...
Updating learning rate to 9.590543427219004e-06
Epoch: 27 cost time: 2.674513816833496
Epoch: 27, Steps: 32 | Train Loss: 0.0526843 Vali Loss: 0.0754993 Test Loss: 0.0488679
Validation loss decreased (0.076643 --> 0.075499).  Saving model ...
Updating learning rate to 9.769424611057362e-06
Epoch: 28 cost time: 2.6856257915496826
Epoch: 28, Steps: 32 | Train Loss: 0.0519918 Vali Loss: 0.0744684 Test Loss: 0.0482669
Validation loss decreased (0.075499 --> 0.074468).  Saving model ...
Updating learning rate to 9.898137856020267e-06
Epoch: 29 cost time: 2.681429862976074
Epoch: 29, Steps: 32 | Train Loss: 0.0513300 Vali Loss: 0.0731726 Test Loss: 0.0475524
Validation loss decreased (0.074468 --> 0.073173).  Saving model ...
Updating learning rate to 9.97527001302323e-06
Epoch: 30 cost time: 2.6672701835632324
Epoch: 30, Steps: 32 | Train Loss: 0.0506523 Vali Loss: 0.0721801 Test Loss: 0.0469741
Validation loss decreased (0.073173 --> 0.072180).  Saving model ...
Updating learning rate to 9.99999508252785e-06
Epoch: 31 cost time: 2.6738245487213135
Epoch: 31, Steps: 32 | Train Loss: 0.0500047 Vali Loss: 0.0716291 Test Loss: 0.0464166
Validation loss decreased (0.072180 --> 0.071629).  Saving model ...
Updating learning rate to 9.994645827799127e-06
Epoch: 32 cost time: 2.664813280105591
Epoch: 32, Steps: 32 | Train Loss: 0.0493717 Vali Loss: 0.0706239 Test Loss: 0.0458197
Validation loss decreased (0.071629 --> 0.070624).  Saving model ...
Updating learning rate to 9.979238061351154e-06
Epoch: 33 cost time: 2.6740047931671143
Epoch: 33, Steps: 32 | Train Loss: 0.0487798 Vali Loss: 0.0698429 Test Loss: 0.0452796
Validation loss decreased (0.070624 --> 0.069843).  Saving model ...
Updating learning rate to 9.953802812375051e-06
Epoch: 34 cost time: 2.675820827484131
Epoch: 34, Steps: 32 | Train Loss: 0.0481993 Vali Loss: 0.0688590 Test Loss: 0.0447379
Validation loss decreased (0.069843 --> 0.068859).  Saving model ...
Updating learning rate to 9.918391304077266e-06
Epoch: 35 cost time: 2.660849094390869
Epoch: 35, Steps: 32 | Train Loss: 0.0476321 Vali Loss: 0.0681689 Test Loss: 0.0442448
Validation loss decreased (0.068859 --> 0.068169).  Saving model ...
Updating learning rate to 9.873074850522854e-06
Epoch: 36 cost time: 2.659929037094116
Epoch: 36, Steps: 32 | Train Loss: 0.0470334 Vali Loss: 0.0674384 Test Loss: 0.0437587
Validation loss decreased (0.068169 --> 0.067438).  Saving model ...
Updating learning rate to 9.817944713018442e-06
Epoch: 37 cost time: 2.6690263748168945
Epoch: 37, Steps: 32 | Train Loss: 0.0464746 Vali Loss: 0.0663754 Test Loss: 0.0432216
Validation loss decreased (0.067438 --> 0.066375).  Saving model ...
Updating learning rate to 9.7531119163241e-06
Epoch: 38 cost time: 2.662733554840088
Epoch: 38, Steps: 32 | Train Loss: 0.0459450 Vali Loss: 0.0658760 Test Loss: 0.0427922
Validation loss decreased (0.066375 --> 0.065876).  Saving model ...
Updating learning rate to 9.678707025064249e-06
Epoch: 39 cost time: 2.6907758712768555
Epoch: 39, Steps: 32 | Train Loss: 0.0454056 Vali Loss: 0.0648004 Test Loss: 0.0422833
Validation loss decreased (0.065876 --> 0.064800).  Saving model ...
Updating learning rate to 9.59487988078789e-06
Epoch: 40 cost time: 2.668396472930908
Epoch: 40, Steps: 32 | Train Loss: 0.0448753 Vali Loss: 0.0643078 Test Loss: 0.0418470
Validation loss decreased (0.064800 --> 0.064308).  Saving model ...
Updating learning rate to 9.50179930020766e-06
Epoch: 41 cost time: 2.6708483695983887
Epoch: 41, Steps: 32 | Train Loss: 0.0443496 Vali Loss: 0.0636753 Test Loss: 0.0413840
Validation loss decreased (0.064308 --> 0.063675).  Saving model ...
Updating learning rate to 9.399652735225436e-06
Epoch: 42 cost time: 2.6710684299468994
Epoch: 42, Steps: 32 | Train Loss: 0.0438185 Vali Loss: 0.0626737 Test Loss: 0.0409630
Validation loss decreased (0.063675 --> 0.062674).  Saving model ...
Updating learning rate to 9.288645895429162e-06
Epoch: 43 cost time: 2.674185276031494
Epoch: 43, Steps: 32 | Train Loss: 0.0433523 Vali Loss: 0.0622157 Test Loss: 0.0404863
Validation loss decreased (0.062674 --> 0.062216).  Saving model ...
Updating learning rate to 9.169002333821102e-06
Epoch: 44 cost time: 2.668440341949463
Epoch: 44, Steps: 32 | Train Loss: 0.0428404 Vali Loss: 0.0612735 Test Loss: 0.0400678
Validation loss decreased (0.062216 --> 0.061273).  Saving model ...
Updating learning rate to 9.040962996611857e-06
Epoch: 45 cost time: 2.671184778213501
Epoch: 45, Steps: 32 | Train Loss: 0.0423362 Vali Loss: 0.0606625 Test Loss: 0.0396856
Validation loss decreased (0.061273 --> 0.060663).  Saving model ...
Updating learning rate to 8.904785737986756e-06
Epoch: 46 cost time: 2.676058530807495
Epoch: 46, Steps: 32 | Train Loss: 0.0418609 Vali Loss: 0.0599835 Test Loss: 0.0392680
Validation loss decreased (0.060663 --> 0.059984).  Saving model ...
Updating learning rate to 8.76074480082184e-06
Epoch: 47 cost time: 2.6752216815948486
Epoch: 47, Steps: 32 | Train Loss: 0.0413928 Vali Loss: 0.0592381 Test Loss: 0.0388818
Validation loss decreased (0.059984 --> 0.059238).  Saving model ...
Updating learning rate to 8.609130264395213e-06
Epoch: 48 cost time: 2.6906182765960693
Epoch: 48, Steps: 32 | Train Loss: 0.0409221 Vali Loss: 0.0588410 Test Loss: 0.0384744
Validation loss decreased (0.059238 --> 0.058841).  Saving model ...
Updating learning rate to 8.450247460205976e-06
Epoch: 49 cost time: 2.6733386516571045
Epoch: 49, Steps: 32 | Train Loss: 0.0404612 Vali Loss: 0.0581111 Test Loss: 0.0380611
Validation loss decreased (0.058841 --> 0.058111).  Saving model ...
Updating learning rate to 8.284416357077229e-06
Epoch: 50 cost time: 2.6837706565856934
Epoch: 50, Steps: 32 | Train Loss: 0.0400036 Vali Loss: 0.0574172 Test Loss: 0.0376902
Validation loss decreased (0.058111 --> 0.057417).  Saving model ...
Updating learning rate to 8.111970916781429e-06
Epoch: 51 cost time: 2.6850528717041016
Epoch: 51, Steps: 32 | Train Loss: 0.0395640 Vali Loss: 0.0567888 Test Loss: 0.0373063
Validation loss decreased (0.057417 --> 0.056789).  Saving model ...
Updating learning rate to 7.933258421485843e-06
Epoch: 52 cost time: 2.674417734146118
Epoch: 52, Steps: 32 | Train Loss: 0.0391116 Vali Loss: 0.0560208 Test Loss: 0.0369267
Validation loss decreased (0.056789 --> 0.056021).  Saving model ...
Updating learning rate to 7.748638774372467e-06
Epoch: 53 cost time: 2.671963930130005
Epoch: 53, Steps: 32 | Train Loss: 0.0386885 Vali Loss: 0.0557947 Test Loss: 0.0365269
Validation loss decreased (0.056021 --> 0.055795).  Saving model ...
Updating learning rate to 7.558483774840917e-06
Epoch: 54 cost time: 2.6770317554473877
Epoch: 54, Steps: 32 | Train Loss: 0.0382417 Vali Loss: 0.0551070 Test Loss: 0.0361745
Validation loss decreased (0.055795 --> 0.055107).  Saving model ...
Updating learning rate to 7.363176369753923e-06
Epoch: 55 cost time: 2.8504650592803955
Epoch: 55, Steps: 32 | Train Loss: 0.0378202 Vali Loss: 0.0544493 Test Loss: 0.0357990
Validation loss decreased (0.055107 --> 0.054449).  Saving model ...
Updating learning rate to 7.163109882233309e-06
Epoch: 56 cost time: 2.700469493865967
Epoch: 56, Steps: 32 | Train Loss: 0.0374106 Vali Loss: 0.0538793 Test Loss: 0.0354241
Validation loss decreased (0.054449 --> 0.053879).  Saving model ...
Updating learning rate to 6.958687219559564e-06
Epoch: 57 cost time: 2.747781753540039
Epoch: 57, Steps: 32 | Train Loss: 0.0369812 Vali Loss: 0.0532996 Test Loss: 0.0350945
Validation loss decreased (0.053879 --> 0.053300).  Saving model ...
Updating learning rate to 6.750320061770211e-06
Epoch: 58 cost time: 2.721339702606201
Epoch: 58, Steps: 32 | Train Loss: 0.0365939 Vali Loss: 0.0529503 Test Loss: 0.0347177
Validation loss decreased (0.053300 --> 0.052950).  Saving model ...
Updating learning rate to 6.538428032590986e-06
Epoch: 59 cost time: 3.3898050785064697
Epoch: 59, Steps: 32 | Train Loss: 0.0362010 Vali Loss: 0.0522563 Test Loss: 0.0343755
Validation loss decreased (0.052950 --> 0.052256).  Saving model ...
Updating learning rate to 6.323437854369509e-06
Epoch: 60 cost time: 3.4018759727478027
Epoch: 60, Steps: 32 | Train Loss: 0.0358118 Vali Loss: 0.0515582 Test Loss: 0.0340424
Validation loss decreased (0.052256 --> 0.051558).  Saving model ...
Updating learning rate to 6.105782488713262e-06
Epoch: 61 cost time: 3.6374146938323975
Epoch: 61, Steps: 32 | Train Loss: 0.0354248 Vali Loss: 0.0511134 Test Loss: 0.0336991
Validation loss decreased (0.051558 --> 0.051113).  Saving model ...
Updating learning rate to 5.885900264562524e-06
Epoch: 62 cost time: 3.5105538368225098
Epoch: 62, Steps: 32 | Train Loss: 0.0351506 Vali Loss: 0.0510066 Test Loss: 0.0336668
Validation loss decreased (0.051113 --> 0.051007).  Saving model ...
Updating learning rate to 5.664233995454231e-06
Epoch: 63 cost time: 3.4724011421203613
Epoch: 63, Steps: 32 | Train Loss: 0.0351287 Vali Loss: 0.0510037 Test Loss: 0.0336611
Validation loss decreased (0.051007 --> 0.051004).  Saving model ...
Updating learning rate to 5.441230087754439e-06
Epoch: 64 cost time: 3.483154058456421
Epoch: 64, Steps: 32 | Train Loss: 0.0351049 Vali Loss: 0.0513036 Test Loss: 0.0336488
EarlyStopping counter: 1 out of 10
Updating learning rate to 5.217337641655308e-06
Epoch: 65 cost time: 3.63662052154541
Epoch: 65, Steps: 32 | Train Loss: 0.0350682 Vali Loss: 0.0511328 Test Loss: 0.0336510
EarlyStopping counter: 2 out of 10
Updating learning rate to 4.993007546747085e-06
Epoch: 66 cost time: 3.5085604190826416
Epoch: 66, Steps: 32 | Train Loss: 0.0350576 Vali Loss: 0.0508164 Test Loss: 0.0336519
Validation loss decreased (0.051004 --> 0.050816).  Saving model ...
Updating learning rate to 4.76869157398648e-06
Epoch: 67 cost time: 3.6251275539398193
Epoch: 67, Steps: 32 | Train Loss: 0.0350258 Vali Loss: 0.0511305 Test Loss: 0.0336508
EarlyStopping counter: 1 out of 10
Updating learning rate to 4.54484146589007e-06
Epoch: 68 cost time: 3.434457778930664
Epoch: 68, Steps: 32 | Train Loss: 0.0350015 Vali Loss: 0.0512897 Test Loss: 0.0336648
EarlyStopping counter: 2 out of 10
Updating learning rate to 4.3219080267850015e-06
Epoch: 69 cost time: 3.4364218711853027
Epoch: 69, Steps: 32 | Train Loss: 0.0349520 Vali Loss: 0.0510553 Test Loss: 0.0336509
EarlyStopping counter: 3 out of 10
Updating learning rate to 4.100340214949063e-06
Epoch: 70 cost time: 3.462585687637329
Epoch: 70, Steps: 32 | Train Loss: 0.0349558 Vali Loss: 0.0510905 Test Loss: 0.0336770
EarlyStopping counter: 4 out of 10
Updating learning rate to 3.8805842384684655e-06
Epoch: 71 cost time: 3.4002115726470947
Epoch: 71, Steps: 32 | Train Loss: 0.0349222 Vali Loss: 0.0510457 Test Loss: 0.0336423
EarlyStopping counter: 5 out of 10
Updating learning rate to 3.663082656634139e-06
Epoch: 72 cost time: 3.555147647857666
Epoch: 72, Steps: 32 | Train Loss: 0.0349220 Vali Loss: 0.0512835 Test Loss: 0.0336286
EarlyStopping counter: 6 out of 10
Updating learning rate to 3.4482734886862136e-06
Epoch: 73 cost time: 3.417330503463745
Epoch: 73, Steps: 32 | Train Loss: 0.0348830 Vali Loss: 0.0512677 Test Loss: 0.0336389
EarlyStopping counter: 7 out of 10
Updating learning rate to 3.2365893317015703e-06
Epoch: 74 cost time: 3.514852523803711
Epoch: 74, Steps: 32 | Train Loss: 0.0348451 Vali Loss: 0.0511625 Test Loss: 0.0336515
EarlyStopping counter: 8 out of 10
Updating learning rate to 3.028456489400888e-06
Epoch: 75 cost time: 3.4791533946990967
Epoch: 75, Steps: 32 | Train Loss: 0.0348395 Vali Loss: 0.0510751 Test Loss: 0.0336462
EarlyStopping counter: 9 out of 10
Updating learning rate to 2.8242941136296986e-06
Epoch: 76 cost time: 3.7360920906066895
Epoch: 76, Steps: 32 | Train Loss: 0.0348297 Vali Loss: 0.0510327 Test Loss: 0.0336387
EarlyStopping counter: 10 out of 10
Early stopping
>>>>>>>testing : ETTh1_336_96_DTFNet_ETTh1_ftM_sl336_ll0_pl96_dm128_nh16_el2_br2_dl1_df256_fc1_ebtimeF_dtTrue_'Exp'_0_'rel_sin'_16_8_16,24_8,12_3_1_256<<<<<<<<<<<<<<<<<<<<<<<<<<<<<<<<<
test 2785
mse:0.35047128796577454, mae:0.38258588314056396, rse:0.563742458820343
