Args in experiment:
Namespace(is_training=1, model_id='ETTh1_336_96', model='DTFNet', data='ETTh1', root_path='./dataset/', data_path='ETTh1.csv', features='M', target='OT', freq='h', checkpoints='./checkpoints/', seq_len=336, label_len=0, pred_len=96, n_branches=2, patch_len_ls='16,24', stride_ls='8,12', d_model_ls='128', n_heads_ls='16', rel_pe="'rel_sin'", res_attn=False, head_type='flatten', fc_dropout=0.3, head_dropout=0.1, patch_len=16, stride=8, padding_patch="'end'", revin=1, affine=0, subtract_last=0, decomposition=0, kernel_size=25, individual=0, store_attn=False, pre_norm=False, pe='zeros', no_learn_pe=True, embed_type=0, enc_in=7, dec_in=7, c_out=7, d_model=128, n_heads=16, e_layers=2, d_layers=1, d_ff=256, moving_avg=25, factor=1, distil=True, dropout=0.3, embed='timeF', activation='gelu', output_attention=False, do_predict=False, num_workers=0, itr=1, train_epochs=100, batch_size=256, patience=10, learning_rate=1e-05, des="'Exp'", loss='mse', lradj='TST', pct_start=0.3, use_amp=False, l2=0.0, warmup_steps=0, use_gpu=True, gpu=0, use_multi_gpu=False, devices='0', test_flop=False, use_mlflow=False, mlflow_project='exp', loss_flag=2, sub_patch_len=16, sub_stride=8, stride_ls_list='16', model_type='linear', tfactor=3, dilation_rates='1', wavelet_layers=2, wavelet_type='db5', wavelet_mode='periodization', wavelet_dim=64, initTLV=0.2)
Use GPU: cuda:0
>>>>>>>start training : ETTh1_336_96_DTFNet_ETTh1_ftM_sl336_ll0_pl96_dm128_nh16_el2_br2_dl1_df256_fc1_ebtimeF_dtTrue_'Exp'_0_'rel_sin'_16_8_16,24_8,12_3_1_256>>>>>>>>>>>>>>>>>>>>>>>>>>
train 8209
val 2785
test 2785
Epoch: 1 cost time: 4.735065460205078
Epoch: 1, Steps: 32 | Train Loss: 0.0919013 Vali Loss: 0.1479413 Test Loss: 0.0940541
Validation loss decreased (inf --> 0.147941).  Saving model ...
Updating learning rate to 4.263497187391453e-07
Epoch: 2 cost time: 3.6546430587768555
Epoch: 2, Steps: 32 | Train Loss: 0.0909202 Vali Loss: 0.1460092 Test Loss: 0.0930539
Validation loss decreased (0.147941 --> 0.146009).  Saving model ...
Updating learning rate to 5.051095800908994e-07
Epoch: 3 cost time: 3.4540138244628906
Epoch: 3, Steps: 32 | Train Loss: 0.0899599 Vali Loss: 0.1446873 Test Loss: 0.0919745
Validation loss decreased (0.146009 --> 0.144687).  Saving model ...
Updating learning rate to 6.354148756408674e-07
Epoch: 4 cost time: 3.64406681060791
Epoch: 4, Steps: 32 | Train Loss: 0.0889546 Vali Loss: 0.1426649 Test Loss: 0.0908264
Validation loss decreased (0.144687 --> 0.142665).  Saving model ...
Updating learning rate to 8.158349771023961e-07
Epoch: 5 cost time: 3.6913721561431885
Epoch: 5, Steps: 32 | Train Loss: 0.0879007 Vali Loss: 0.1405981 Test Loss: 0.0895826
Validation loss decreased (0.142665 --> 0.140598).  Saving model ...
Updating learning rate to 1.0443890432553227e-06
Epoch: 6 cost time: 3.5828986167907715
Epoch: 6, Steps: 32 | Train Loss: 0.0867609 Vali Loss: 0.1383538 Test Loss: 0.0882120
Validation loss decreased (0.140598 --> 0.138354).  Saving model ...
Updating learning rate to 1.3185677676997187e-06
Epoch: 7 cost time: 3.7125704288482666
Epoch: 7, Steps: 32 | Train Loss: 0.0855324 Vali Loss: 0.1362123 Test Loss: 0.0867008
Validation loss decreased (0.138354 --> 0.136212).  Saving model ...
Updating learning rate to 1.6353609286550175e-06
Epoch: 8 cost time: 3.654184341430664
Epoch: 8, Steps: 32 | Train Loss: 0.0841632 Vali Loss: 0.1335036 Test Loss: 0.0849455
Validation loss decreased (0.136212 --> 0.133504).  Saving model ...
Updating learning rate to 1.9912904383338616e-06
Epoch: 9 cost time: 3.6417393684387207
Epoch: 9, Steps: 32 | Train Loss: 0.0826036 Vali Loss: 0.1306519 Test Loss: 0.0828576
Validation loss decreased (0.133504 --> 0.130652).  Saving model ...
Updating learning rate to 2.382448529039998e-06
Epoch: 10 cost time: 3.8385260105133057
Epoch: 10, Steps: 32 | Train Loss: 0.0807883 Vali Loss: 0.1267933 Test Loss: 0.0802914
Validation loss decreased (0.130652 --> 0.126793).  Saving model ...
Updating learning rate to 2.8045406567431614e-06
Epoch: 11 cost time: 3.7884604930877686
Epoch: 11, Steps: 32 | Train Loss: 0.0785588 Vali Loss: 0.1221169 Test Loss: 0.0770534
Validation loss decreased (0.126793 --> 0.122117).  Saving model ...
Updating learning rate to 3.2529326510904383e-06
Epoch: 12 cost time: 3.517500877380371
Epoch: 12, Steps: 32 | Train Loss: 0.0758489 Vali Loss: 0.1165092 Test Loss: 0.0731922
Validation loss decreased (0.122117 --> 0.116509).  Saving model ...
Updating learning rate to 3.7227015941918576e-06
Epoch: 13 cost time: 3.692492723464966
Epoch: 13, Steps: 32 | Train Loss: 0.0728328 Vali Loss: 0.1099361 Test Loss: 0.0693482
Validation loss decreased (0.116509 --> 0.109936).  Saving model ...
Updating learning rate to 4.208689869579457e-06
Epoch: 14 cost time: 3.5775341987609863
Epoch: 14, Steps: 32 | Train Loss: 0.0698381 Vali Loss: 0.1038200 Test Loss: 0.0661689
Validation loss decreased (0.109936 --> 0.103820).  Saving model ...
Updating learning rate to 4.705561787933659e-06
Epoch: 15 cost time: 3.717519998550415
Epoch: 15, Steps: 32 | Train Loss: 0.0671584 Vali Loss: 0.0985985 Test Loss: 0.0637561
Validation loss decreased (0.103820 --> 0.098598).  Saving model ...
Updating learning rate to 5.207862167880292e-06
Epoch: 16 cost time: 3.691692352294922
Epoch: 16, Steps: 32 | Train Loss: 0.0648425 Vali Loss: 0.0946386 Test Loss: 0.0616676
Validation loss decreased (0.098598 --> 0.094639).  Saving model ...
Updating learning rate to 5.710076228696788e-06
Epoch: 17 cost time: 3.7806410789489746
Epoch: 17, Steps: 32 | Train Loss: 0.0629000 Vali Loss: 0.0907571 Test Loss: 0.0596971
Validation loss decreased (0.094639 --> 0.090757).  Saving model ...
Updating learning rate to 6.206690137362583e-06
Epoch: 18 cost time: 3.7000174522399902
Epoch: 18, Steps: 32 | Train Loss: 0.0612612 Vali Loss: 0.0880111 Test Loss: 0.0579774
Validation loss decreased (0.090757 --> 0.088011).  Saving model ...
Updating learning rate to 6.692251545204639e-06
Epoch: 19 cost time: 3.7048826217651367
Epoch: 19, Steps: 32 | Train Loss: 0.0598013 Vali Loss: 0.0853260 Test Loss: 0.0563318
Validation loss decreased (0.088011 --> 0.085326).  Saving model ...
Updating learning rate to 7.161429449503278e-06
Epoch: 20 cost time: 3.7058489322662354
Epoch: 20, Steps: 32 | Train Loss: 0.0585613 Vali Loss: 0.0832512 Test Loss: 0.0550505
Validation loss decreased (0.085326 --> 0.083251).  Saving model ...
Updating learning rate to 7.6090727228348e-06
Epoch: 21 cost time: 3.6436572074890137
Epoch: 21, Steps: 32 | Train Loss: 0.0575133 Vali Loss: 0.0819712 Test Loss: 0.0538205
Validation loss decreased (0.083251 --> 0.081971).  Saving model ...
Updating learning rate to 8.030266667554303e-06
Epoch: 22 cost time: 3.7542572021484375
Epoch: 22, Steps: 32 | Train Loss: 0.0565359 Vali Loss: 0.0803050 Test Loss: 0.0528285
Validation loss decreased (0.081971 --> 0.080305).  Saving model ...
Updating learning rate to 8.420386974504289e-06
Epoch: 23 cost time: 3.7845163345336914
Epoch: 23, Steps: 32 | Train Loss: 0.0556465 Vali Loss: 0.0788767 Test Loss: 0.0519146
Validation loss decreased (0.080305 --> 0.078877).  Saving model ...
Updating learning rate to 8.775150493533698e-06
Epoch: 24 cost time: 3.720289945602417
Epoch: 24, Steps: 32 | Train Loss: 0.0548339 Vali Loss: 0.0775463 Test Loss: 0.0510489
Validation loss decreased (0.078877 --> 0.077546).  Saving model ...
Updating learning rate to 9.090662258415302e-06
Epoch: 25 cost time: 3.432539701461792
Epoch: 25, Steps: 32 | Train Loss: 0.0540215 Vali Loss: 0.0761826 Test Loss: 0.0503160
Validation loss decreased (0.077546 --> 0.076183).  Saving model ...
Updating learning rate to 9.363458249872634e-06
Epoch: 26 cost time: 3.7097108364105225
Epoch: 26, Steps: 32 | Train Loss: 0.0533190 Vali Loss: 0.0753970 Test Loss: 0.0495812
Validation loss decreased (0.076183 --> 0.075397).  Saving model ...
Updating learning rate to 9.590543427219004e-06
Epoch: 27 cost time: 3.4419736862182617
Epoch: 27, Steps: 32 | Train Loss: 0.0525754 Vali Loss: 0.0738783 Test Loss: 0.0488246
Validation loss decreased (0.075397 --> 0.073878).  Saving model ...
Updating learning rate to 9.769424611057362e-06
Epoch: 28 cost time: 3.6120524406433105
Epoch: 28, Steps: 32 | Train Loss: 0.0518863 Vali Loss: 0.0730565 Test Loss: 0.0481596
Validation loss decreased (0.073878 --> 0.073057).  Saving model ...
Updating learning rate to 9.898137856020267e-06
Epoch: 29 cost time: 3.3913350105285645
Epoch: 29, Steps: 32 | Train Loss: 0.0512374 Vali Loss: 0.0723348 Test Loss: 0.0475876
Validation loss decreased (0.073057 --> 0.072335).  Saving model ...
Updating learning rate to 9.97527001302323e-06
Epoch: 30 cost time: 3.413985013961792
Epoch: 30, Steps: 32 | Train Loss: 0.0505628 Vali Loss: 0.0713070 Test Loss: 0.0469014
Validation loss decreased (0.072335 --> 0.071307).  Saving model ...
Updating learning rate to 9.99999508252785e-06
Epoch: 31 cost time: 3.6384212970733643
Epoch: 31, Steps: 32 | Train Loss: 0.0499150 Vali Loss: 0.0702976 Test Loss: 0.0463622
Validation loss decreased (0.071307 --> 0.070298).  Saving model ...
Updating learning rate to 9.994645827799127e-06
Epoch: 32 cost time: 3.3291687965393066
Epoch: 32, Steps: 32 | Train Loss: 0.0492970 Vali Loss: 0.0692269 Test Loss: 0.0457548
Validation loss decreased (0.070298 --> 0.069227).  Saving model ...
Updating learning rate to 9.979238061351154e-06
Epoch: 33 cost time: 3.406439781188965
Epoch: 33, Steps: 32 | Train Loss: 0.0486806 Vali Loss: 0.0683116 Test Loss: 0.0452184
Validation loss decreased (0.069227 --> 0.068312).  Saving model ...
Updating learning rate to 9.953802812375051e-06
Epoch: 34 cost time: 3.404055595397949
Epoch: 34, Steps: 32 | Train Loss: 0.0480883 Vali Loss: 0.0672701 Test Loss: 0.0447069
Validation loss decreased (0.068312 --> 0.067270).  Saving model ...
Updating learning rate to 9.918391304077266e-06
Epoch: 35 cost time: 3.4118282794952393
Epoch: 35, Steps: 32 | Train Loss: 0.0474902 Vali Loss: 0.0669862 Test Loss: 0.0441726
Validation loss decreased (0.067270 --> 0.066986).  Saving model ...
Updating learning rate to 9.873074850522854e-06
Epoch: 36 cost time: 3.367821216583252
Epoch: 36, Steps: 32 | Train Loss: 0.0469197 Vali Loss: 0.0659430 Test Loss: 0.0436638
Validation loss decreased (0.066986 --> 0.065943).  Saving model ...
Updating learning rate to 9.817944713018442e-06
Epoch: 37 cost time: 3.474487543106079
Epoch: 37, Steps: 32 | Train Loss: 0.0463462 Vali Loss: 0.0651185 Test Loss: 0.0431480
Validation loss decreased (0.065943 --> 0.065119).  Saving model ...
Updating learning rate to 9.7531119163241e-06
Epoch: 38 cost time: 3.344170093536377
Epoch: 38, Steps: 32 | Train Loss: 0.0457965 Vali Loss: 0.0645482 Test Loss: 0.0427431
Validation loss decreased (0.065119 --> 0.064548).  Saving model ...
Updating learning rate to 9.678707025064249e-06
Epoch: 39 cost time: 3.424229860305786
Epoch: 39, Steps: 32 | Train Loss: 0.0452713 Vali Loss: 0.0638096 Test Loss: 0.0421880
Validation loss decreased (0.064548 --> 0.063810).  Saving model ...
Updating learning rate to 9.59487988078789e-06
Epoch: 40 cost time: 3.571847915649414
Epoch: 40, Steps: 32 | Train Loss: 0.0447291 Vali Loss: 0.0627673 Test Loss: 0.0418108
Validation loss decreased (0.063810 --> 0.062767).  Saving model ...
Updating learning rate to 9.50179930020766e-06
Epoch: 41 cost time: 3.425626516342163
Epoch: 41, Steps: 32 | Train Loss: 0.0442090 Vali Loss: 0.0619788 Test Loss: 0.0412959
Validation loss decreased (0.062767 --> 0.061979).  Saving model ...
Updating learning rate to 9.399652735225436e-06
Epoch: 42 cost time: 3.5466537475585938
Epoch: 42, Steps: 32 | Train Loss: 0.0437040 Vali Loss: 0.0615003 Test Loss: 0.0408277
Validation loss decreased (0.061979 --> 0.061500).  Saving model ...
Updating learning rate to 9.288645895429162e-06
Epoch: 43 cost time: 3.4243223667144775
Epoch: 43, Steps: 32 | Train Loss: 0.0431804 Vali Loss: 0.0607921 Test Loss: 0.0404799
Validation loss decreased (0.061500 --> 0.060792).  Saving model ...
Updating learning rate to 9.169002333821102e-06
Epoch: 44 cost time: 3.5033581256866455
Epoch: 44, Steps: 32 | Train Loss: 0.0427048 Vali Loss: 0.0600898 Test Loss: 0.0400661
Validation loss decreased (0.060792 --> 0.060090).  Saving model ...
Updating learning rate to 9.040962996611857e-06
Epoch: 45 cost time: 3.5583255290985107
Epoch: 45, Steps: 32 | Train Loss: 0.0422086 Vali Loss: 0.0594295 Test Loss: 0.0395736
Validation loss decreased (0.060090 --> 0.059429).  Saving model ...
Updating learning rate to 8.904785737986756e-06
Epoch: 46 cost time: 3.487379789352417
Epoch: 46, Steps: 32 | Train Loss: 0.0417391 Vali Loss: 0.0589897 Test Loss: 0.0392188
Validation loss decreased (0.059429 --> 0.058990).  Saving model ...
Updating learning rate to 8.76074480082184e-06
Epoch: 47 cost time: 3.5433661937713623
Epoch: 47, Steps: 32 | Train Loss: 0.0412566 Vali Loss: 0.0579903 Test Loss: 0.0387850
Validation loss decreased (0.058990 --> 0.057990).  Saving model ...
Updating learning rate to 8.609130264395213e-06
Epoch: 48 cost time: 3.604618549346924
Epoch: 48, Steps: 32 | Train Loss: 0.0407823 Vali Loss: 0.0572716 Test Loss: 0.0383974
Validation loss decreased (0.057990 --> 0.057272).  Saving model ...
Updating learning rate to 8.450247460205976e-06
Epoch: 49 cost time: 3.6738533973693848
Epoch: 49, Steps: 32 | Train Loss: 0.0403303 Vali Loss: 0.0568470 Test Loss: 0.0379959
Validation loss decreased (0.057272 --> 0.056847).  Saving model ...
Updating learning rate to 8.284416357077229e-06
Epoch: 50 cost time: 3.554389715194702
Epoch: 50, Steps: 32 | Train Loss: 0.0399013 Vali Loss: 0.0562988 Test Loss: 0.0376124
Validation loss decreased (0.056847 --> 0.056299).  Saving model ...
Updating learning rate to 8.111970916781429e-06
Epoch: 51 cost time: 3.3913629055023193
Epoch: 51, Steps: 32 | Train Loss: 0.0394498 Vali Loss: 0.0555005 Test Loss: 0.0372067
Validation loss decreased (0.056299 --> 0.055501).  Saving model ...
Updating learning rate to 7.933258421485843e-06
Epoch: 52 cost time: 3.320876359939575
Epoch: 52, Steps: 32 | Train Loss: 0.0389949 Vali Loss: 0.0551329 Test Loss: 0.0368418
Validation loss decreased (0.055501 --> 0.055133).  Saving model ...
Updating learning rate to 7.748638774372467e-06
Epoch: 53 cost time: 3.5390608310699463
Epoch: 53, Steps: 32 | Train Loss: 0.0385598 Vali Loss: 0.0546457 Test Loss: 0.0364487
Validation loss decreased (0.055133 --> 0.054646).  Saving model ...
Updating learning rate to 7.558483774840917e-06
Epoch: 54 cost time: 3.5471932888031006
Epoch: 54, Steps: 32 | Train Loss: 0.0381366 Vali Loss: 0.0539477 Test Loss: 0.0360846
Validation loss decreased (0.054646 --> 0.053948).  Saving model ...
Updating learning rate to 7.363176369753923e-06
Epoch: 55 cost time: 3.3672051429748535
Epoch: 55, Steps: 32 | Train Loss: 0.0377273 Vali Loss: 0.0533640 Test Loss: 0.0357296
Validation loss decreased (0.053948 --> 0.053364).  Saving model ...
Updating learning rate to 7.163109882233309e-06
Epoch: 56 cost time: 3.4810140132904053
Epoch: 56, Steps: 32 | Train Loss: 0.0373197 Vali Loss: 0.0527747 Test Loss: 0.0353429
Validation loss decreased (0.053364 --> 0.052775).  Saving model ...
Updating learning rate to 6.958687219559564e-06
Epoch: 57 cost time: 3.5094103813171387
Epoch: 57, Steps: 32 | Train Loss: 0.0368902 Vali Loss: 0.0522526 Test Loss: 0.0349817
Validation loss decreased (0.052775 --> 0.052253).  Saving model ...
Updating learning rate to 6.750320061770211e-06
Epoch: 58 cost time: 3.4821691513061523
Epoch: 58, Steps: 32 | Train Loss: 0.0364835 Vali Loss: 0.0515557 Test Loss: 0.0346249
Validation loss decreased (0.052253 --> 0.051556).  Saving model ...
Updating learning rate to 6.538428032590986e-06
Epoch: 59 cost time: 3.5357298851013184
Epoch: 59, Steps: 32 | Train Loss: 0.0361030 Vali Loss: 0.0511428 Test Loss: 0.0342999
Validation loss decreased (0.051556 --> 0.051143).  Saving model ...
Updating learning rate to 6.323437854369509e-06
Epoch: 60 cost time: 3.5041234493255615
Epoch: 60, Steps: 32 | Train Loss: 0.0357206 Vali Loss: 0.0505776 Test Loss: 0.0339450
Validation loss decreased (0.051143 --> 0.050578).  Saving model ...
Updating learning rate to 6.105782488713262e-06
Epoch: 61 cost time: 3.600773334503174
Epoch: 61, Steps: 32 | Train Loss: 0.0353182 Vali Loss: 0.0498081 Test Loss: 0.0336346
Validation loss decreased (0.050578 --> 0.049808).  Saving model ...
Updating learning rate to 5.885900264562524e-06
Epoch: 62 cost time: 3.5262534618377686
Epoch: 62, Steps: 32 | Train Loss: 0.0351105 Vali Loss: 0.0500200 Test Loss: 0.0336424
EarlyStopping counter: 1 out of 10
Updating learning rate to 5.664233995454231e-06
Epoch: 63 cost time: 3.4869213104248047
Epoch: 63, Steps: 32 | Train Loss: 0.0350641 Vali Loss: 0.0499114 Test Loss: 0.0336508
EarlyStopping counter: 2 out of 10
Updating learning rate to 5.441230087754439e-06
Epoch: 64 cost time: 3.4271697998046875
Epoch: 64, Steps: 32 | Train Loss: 0.0350449 Vali Loss: 0.0501335 Test Loss: 0.0336166
EarlyStopping counter: 3 out of 10
Updating learning rate to 5.217337641655308e-06
Epoch: 65 cost time: 3.4970834255218506
Epoch: 65, Steps: 32 | Train Loss: 0.0350359 Vali Loss: 0.0499417 Test Loss: 0.0336386
EarlyStopping counter: 4 out of 10
Updating learning rate to 4.993007546747085e-06
Epoch: 66 cost time: 3.49867582321167
Epoch: 66, Steps: 32 | Train Loss: 0.0350224 Vali Loss: 0.0499255 Test Loss: 0.0336419
EarlyStopping counter: 5 out of 10
Updating learning rate to 4.76869157398648e-06
Epoch: 67 cost time: 3.4953885078430176
Epoch: 67, Steps: 32 | Train Loss: 0.0349931 Vali Loss: 0.0499009 Test Loss: 0.0336370
EarlyStopping counter: 6 out of 10
Updating learning rate to 4.54484146589007e-06
Epoch: 68 cost time: 3.5786185264587402
Epoch: 68, Steps: 32 | Train Loss: 0.0349523 Vali Loss: 0.0500351 Test Loss: 0.0336437
EarlyStopping counter: 7 out of 10
Updating learning rate to 4.3219080267850015e-06
Epoch: 69 cost time: 3.6230931282043457
Epoch: 69, Steps: 32 | Train Loss: 0.0349496 Vali Loss: 0.0498957 Test Loss: 0.0336101
EarlyStopping counter: 8 out of 10
Updating learning rate to 4.100340214949063e-06
Epoch: 70 cost time: 3.4328742027282715
Epoch: 70, Steps: 32 | Train Loss: 0.0349113 Vali Loss: 0.0498498 Test Loss: 0.0336324
EarlyStopping counter: 9 out of 10
Updating learning rate to 3.8805842384684655e-06
Epoch: 71 cost time: 3.401759624481201
Epoch: 71, Steps: 32 | Train Loss: 0.0349088 Vali Loss: 0.0499780 Test Loss: 0.0336185
EarlyStopping counter: 10 out of 10
Early stopping
>>>>>>>testing : ETTh1_336_96_DTFNet_ETTh1_ftM_sl336_ll0_pl96_dm128_nh16_el2_br2_dl1_df256_fc1_ebtimeF_dtTrue_'Exp'_0_'rel_sin'_16_8_16,24_8,12_3_1_256<<<<<<<<<<<<<<<<<<<<<<<<<<<<<<<<<
test 2785
mse:0.34933024644851685, mae:0.3823853135108948, rse:0.562824010848999
