Args in experiment:
Namespace(is_training=1, model_id='ETTh1_336_96', model='DTFNet', data='ETTh1', root_path='./dataset/', data_path='ETTh1.csv', features='M', target='OT', freq='h', checkpoints='./checkpoints/', seq_len=336, label_len=0, pred_len=96, n_branches=2, patch_len_ls='16,24', stride_ls='8,12', d_model_ls='128', n_heads_ls='16', rel_pe="'rel_sin'", res_attn=False, head_type='flatten', fc_dropout=0.3, head_dropout=0.1, patch_len=16, stride=8, padding_patch="'end'", revin=1, affine=0, subtract_last=0, decomposition=0, kernel_size=25, individual=0, store_attn=False, pre_norm=False, pe='zeros', no_learn_pe=True, embed_type=0, enc_in=7, dec_in=7, c_out=7, d_model=128, n_heads=16, e_layers=2, d_layers=1, d_ff=256, moving_avg=25, factor=1, distil=True, dropout=0.3, embed='timeF', activation='gelu', output_attention=False, do_predict=False, num_workers=0, itr=1, train_epochs=100, batch_size=256, patience=10, learning_rate=1e-05, des="'Exp'", loss='mse', lradj='TST', pct_start=0.3, use_amp=False, l2=0.0, warmup_steps=0, use_gpu=True, gpu=0, use_multi_gpu=False, devices='0', test_flop=False, use_mlflow=False, mlflow_project='exp', loss_flag=2, sub_patch_len=16, sub_stride=8, stride_ls_list='16', model_type='linear', tfactor=3, dilation_rates='1', wavelet_layers=2, wavelet_type='db5', wavelet_mode='periodization', wavelet_dim=64, initTLV=0.2)
Use GPU: cuda:0
>>>>>>>start training : ETTh1_336_96_DTFNet_ETTh1_ftM_sl336_ll0_pl96_dm128_nh16_el2_br2_dl1_df256_fc1_ebtimeF_dtTrue_'Exp'_0_'rel_sin'_16_8_16,24_8,12_3_1_256>>>>>>>>>>>>>>>>>>>>>>>>>>
train 8209
val 2785
test 2785
Epoch: 1 cost time: 4.586108446121216
Epoch: 1, Steps: 32 | Train Loss: 0.0919441 Vali Loss: 0.1476388 Test Loss: 0.0939128
Validation loss decreased (inf --> 0.147639).  Saving model ...
Updating learning rate to 4.263497187391453e-07
Epoch: 2 cost time: 3.5941219329833984
Epoch: 2, Steps: 32 | Train Loss: 0.0909790 Vali Loss: 0.1462298 Test Loss: 0.0929238
Validation loss decreased (0.147639 --> 0.146230).  Saving model ...
Updating learning rate to 5.051095800908994e-07
Epoch: 3 cost time: 3.5430052280426025
Epoch: 3, Steps: 32 | Train Loss: 0.0900042 Vali Loss: 0.1442096 Test Loss: 0.0918708
Validation loss decreased (0.146230 --> 0.144210).  Saving model ...
Updating learning rate to 6.354148756408674e-07
Epoch: 4 cost time: 3.521179676055908
Epoch: 4, Steps: 32 | Train Loss: 0.0890343 Vali Loss: 0.1423593 Test Loss: 0.0907692
Validation loss decreased (0.144210 --> 0.142359).  Saving model ...
Updating learning rate to 8.158349771023961e-07
Epoch: 5 cost time: 3.423377752304077
Epoch: 5, Steps: 32 | Train Loss: 0.0879890 Vali Loss: 0.1411560 Test Loss: 0.0895877
Validation loss decreased (0.142359 --> 0.141156).  Saving model ...
Updating learning rate to 1.0443890432553227e-06
Epoch: 6 cost time: 3.4242310523986816
Epoch: 6, Steps: 32 | Train Loss: 0.0869250 Vali Loss: 0.1390256 Test Loss: 0.0883091
Validation loss decreased (0.141156 --> 0.139026).  Saving model ...
Updating learning rate to 1.3185677676997187e-06
Epoch: 7 cost time: 3.60927152633667
Epoch: 7, Steps: 32 | Train Loss: 0.0857286 Vali Loss: 0.1369114 Test Loss: 0.0868934
Validation loss decreased (0.139026 --> 0.136911).  Saving model ...
Updating learning rate to 1.6353609286550175e-06
Epoch: 8 cost time: 3.6108295917510986
Epoch: 8, Steps: 32 | Train Loss: 0.0844554 Vali Loss: 0.1346789 Test Loss: 0.0852998
Validation loss decreased (0.136911 --> 0.134679).  Saving model ...
Updating learning rate to 1.9912904383338616e-06
Epoch: 9 cost time: 3.5632760524749756
Epoch: 9, Steps: 32 | Train Loss: 0.0830099 Vali Loss: 0.1310775 Test Loss: 0.0834528
Validation loss decreased (0.134679 --> 0.131078).  Saving model ...
Updating learning rate to 2.382448529039998e-06
Epoch: 10 cost time: 3.542135000228882
Epoch: 10, Steps: 32 | Train Loss: 0.0813195 Vali Loss: 0.1283565 Test Loss: 0.0812138
Validation loss decreased (0.131078 --> 0.128357).  Saving model ...
Updating learning rate to 2.8045406567431614e-06
Epoch: 11 cost time: 3.3242509365081787
Epoch: 11, Steps: 32 | Train Loss: 0.0792826 Vali Loss: 0.1245614 Test Loss: 0.0783888
Validation loss decreased (0.128357 --> 0.124561).  Saving model ...
Updating learning rate to 3.2529326510904383e-06
Epoch: 12 cost time: 3.3443851470947266
Epoch: 12, Steps: 32 | Train Loss: 0.0768119 Vali Loss: 0.1195837 Test Loss: 0.0749103
Validation loss decreased (0.124561 --> 0.119584).  Saving model ...
Updating learning rate to 3.7227015941918576e-06
Epoch: 13 cost time: 3.4157519340515137
Epoch: 13, Steps: 32 | Train Loss: 0.0739113 Vali Loss: 0.1127043 Test Loss: 0.0710963
Validation loss decreased (0.119584 --> 0.112704).  Saving model ...
Updating learning rate to 4.208689869579457e-06
Epoch: 14 cost time: 3.559642791748047
Epoch: 14, Steps: 32 | Train Loss: 0.0709691 Vali Loss: 0.1076804 Test Loss: 0.0677261
Validation loss decreased (0.112704 --> 0.107680).  Saving model ...
Updating learning rate to 4.705561787933659e-06
Epoch: 15 cost time: 3.557677984237671
Epoch: 15, Steps: 32 | Train Loss: 0.0683851 Vali Loss: 0.1022091 Test Loss: 0.0649650
Validation loss decreased (0.107680 --> 0.102209).  Saving model ...
Updating learning rate to 5.207862167880292e-06
Epoch: 16 cost time: 3.510739326477051
Epoch: 16, Steps: 32 | Train Loss: 0.0660346 Vali Loss: 0.0973468 Test Loss: 0.0625709
Validation loss decreased (0.102209 --> 0.097347).  Saving model ...
Updating learning rate to 5.710076228696788e-06
Epoch: 17 cost time: 3.516794204711914
Epoch: 17, Steps: 32 | Train Loss: 0.0639981 Vali Loss: 0.0935063 Test Loss: 0.0604935
Validation loss decreased (0.097347 --> 0.093506).  Saving model ...
Updating learning rate to 6.206690137362583e-06
Epoch: 18 cost time: 3.461158037185669
Epoch: 18, Steps: 32 | Train Loss: 0.0621556 Vali Loss: 0.0898959 Test Loss: 0.0586203
Validation loss decreased (0.093506 --> 0.089896).  Saving model ...
Updating learning rate to 6.692251545204639e-06
Epoch: 19 cost time: 3.468379259109497
Epoch: 19, Steps: 32 | Train Loss: 0.0605107 Vali Loss: 0.0870391 Test Loss: 0.0569301
Validation loss decreased (0.089896 --> 0.087039).  Saving model ...
Updating learning rate to 7.161429449503278e-06
Epoch: 20 cost time: 3.796189308166504
Epoch: 20, Steps: 32 | Train Loss: 0.0591129 Vali Loss: 0.0850701 Test Loss: 0.0554191
Validation loss decreased (0.087039 --> 0.085070).  Saving model ...
Updating learning rate to 7.6090727228348e-06
Epoch: 21 cost time: 3.6726155281066895
Epoch: 21, Steps: 32 | Train Loss: 0.0579288 Vali Loss: 0.0829662 Test Loss: 0.0542927
Validation loss decreased (0.085070 --> 0.082966).  Saving model ...
Updating learning rate to 8.030266667554303e-06
Epoch: 22 cost time: 3.7699406147003174
Epoch: 22, Steps: 32 | Train Loss: 0.0569224 Vali Loss: 0.0811006 Test Loss: 0.0532304
Validation loss decreased (0.082966 --> 0.081101).  Saving model ...
Updating learning rate to 8.420386974504289e-06
Epoch: 23 cost time: 3.6272623538970947
Epoch: 23, Steps: 32 | Train Loss: 0.0560071 Vali Loss: 0.0797235 Test Loss: 0.0522067
Validation loss decreased (0.081101 --> 0.079723).  Saving model ...
Updating learning rate to 8.775150493533698e-06
Epoch: 24 cost time: 3.694704532623291
Epoch: 24, Steps: 32 | Train Loss: 0.0551503 Vali Loss: 0.0790899 Test Loss: 0.0513239
Validation loss decreased (0.079723 --> 0.079090).  Saving model ...
Updating learning rate to 9.090662258415302e-06
Epoch: 25 cost time: 3.5460638999938965
Epoch: 25, Steps: 32 | Train Loss: 0.0543156 Vali Loss: 0.0776831 Test Loss: 0.0505292
Validation loss decreased (0.079090 --> 0.077683).  Saving model ...
Updating learning rate to 9.363458249872634e-06
Epoch: 26 cost time: 3.5768942832946777
Epoch: 26, Steps: 32 | Train Loss: 0.0535658 Vali Loss: 0.0763080 Test Loss: 0.0497932
Validation loss decreased (0.077683 --> 0.076308).  Saving model ...
Updating learning rate to 9.590543427219004e-06
Epoch: 27 cost time: 3.779966115951538
Epoch: 27, Steps: 32 | Train Loss: 0.0528207 Vali Loss: 0.0751841 Test Loss: 0.0490677
Validation loss decreased (0.076308 --> 0.075184).  Saving model ...
Updating learning rate to 9.769424611057362e-06
Epoch: 28 cost time: 3.6441543102264404
Epoch: 28, Steps: 32 | Train Loss: 0.0521118 Vali Loss: 0.0743239 Test Loss: 0.0483147
Validation loss decreased (0.075184 --> 0.074324).  Saving model ...
Updating learning rate to 9.898137856020267e-06
Epoch: 29 cost time: 3.7793614864349365
Epoch: 29, Steps: 32 | Train Loss: 0.0514230 Vali Loss: 0.0733662 Test Loss: 0.0477056
Validation loss decreased (0.074324 --> 0.073366).  Saving model ...
Updating learning rate to 9.97527001302323e-06
Epoch: 30 cost time: 3.6768922805786133
Epoch: 30, Steps: 32 | Train Loss: 0.0507682 Vali Loss: 0.0720808 Test Loss: 0.0471274
Validation loss decreased (0.073366 --> 0.072081).  Saving model ...
Updating learning rate to 9.99999508252785e-06
Epoch: 31 cost time: 3.71614146232605
Epoch: 31, Steps: 32 | Train Loss: 0.0501177 Vali Loss: 0.0713480 Test Loss: 0.0464686
Validation loss decreased (0.072081 --> 0.071348).  Saving model ...
Updating learning rate to 9.994645827799127e-06
Epoch: 32 cost time: 3.4131429195404053
Epoch: 32, Steps: 32 | Train Loss: 0.0494764 Vali Loss: 0.0706092 Test Loss: 0.0459071
Validation loss decreased (0.071348 --> 0.070609).  Saving model ...
Updating learning rate to 9.979238061351154e-06
Epoch: 33 cost time: 3.9294931888580322
Epoch: 33, Steps: 32 | Train Loss: 0.0488785 Vali Loss: 0.0695756 Test Loss: 0.0453479
Validation loss decreased (0.070609 --> 0.069576).  Saving model ...
Updating learning rate to 9.953802812375051e-06
Epoch: 34 cost time: 3.664764404296875
Epoch: 34, Steps: 32 | Train Loss: 0.0482785 Vali Loss: 0.0686076 Test Loss: 0.0447861
Validation loss decreased (0.069576 --> 0.068608).  Saving model ...
Updating learning rate to 9.918391304077266e-06
Epoch: 35 cost time: 3.5991809368133545
Epoch: 35, Steps: 32 | Train Loss: 0.0476641 Vali Loss: 0.0677354 Test Loss: 0.0442907
Validation loss decreased (0.068608 --> 0.067735).  Saving model ...
Updating learning rate to 9.873074850522854e-06
Epoch: 36 cost time: 3.741609811782837
Epoch: 36, Steps: 32 | Train Loss: 0.0471075 Vali Loss: 0.0671262 Test Loss: 0.0437923
Validation loss decreased (0.067735 --> 0.067126).  Saving model ...
Updating learning rate to 9.817944713018442e-06
Epoch: 37 cost time: 3.628014087677002
Epoch: 37, Steps: 32 | Train Loss: 0.0465255 Vali Loss: 0.0663029 Test Loss: 0.0433043
Validation loss decreased (0.067126 --> 0.066303).  Saving model ...
Updating learning rate to 9.7531119163241e-06
Epoch: 38 cost time: 3.7243528366088867
Epoch: 38, Steps: 32 | Train Loss: 0.0459848 Vali Loss: 0.0656545 Test Loss: 0.0428061
Validation loss decreased (0.066303 --> 0.065655).  Saving model ...
Updating learning rate to 9.678707025064249e-06
Epoch: 39 cost time: 3.6714584827423096
Epoch: 39, Steps: 32 | Train Loss: 0.0454384 Vali Loss: 0.0649384 Test Loss: 0.0423407
Validation loss decreased (0.065655 --> 0.064938).  Saving model ...
Updating learning rate to 9.59487988078789e-06
Epoch: 40 cost time: 3.9366989135742188
Epoch: 40, Steps: 32 | Train Loss: 0.0449088 Vali Loss: 0.0639756 Test Loss: 0.0418919
Validation loss decreased (0.064938 --> 0.063976).  Saving model ...
Updating learning rate to 9.50179930020766e-06
Epoch: 41 cost time: 3.560567617416382
Epoch: 41, Steps: 32 | Train Loss: 0.0443988 Vali Loss: 0.0633262 Test Loss: 0.0414261
Validation loss decreased (0.063976 --> 0.063326).  Saving model ...
Updating learning rate to 9.399652735225436e-06
Epoch: 42 cost time: 3.798715114593506
Epoch: 42, Steps: 32 | Train Loss: 0.0438713 Vali Loss: 0.0627688 Test Loss: 0.0409895
Validation loss decreased (0.063326 --> 0.062769).  Saving model ...
Updating learning rate to 9.288645895429162e-06
Epoch: 43 cost time: 3.377124071121216
Epoch: 43, Steps: 32 | Train Loss: 0.0433778 Vali Loss: 0.0621661 Test Loss: 0.0405601
Validation loss decreased (0.062769 --> 0.062166).  Saving model ...
Updating learning rate to 9.169002333821102e-06
Epoch: 44 cost time: 3.4127557277679443
Epoch: 44, Steps: 32 | Train Loss: 0.0428740 Vali Loss: 0.0612986 Test Loss: 0.0401119
Validation loss decreased (0.062166 --> 0.061299).  Saving model ...
Updating learning rate to 9.040962996611857e-06
Epoch: 45 cost time: 3.570281744003296
Epoch: 45, Steps: 32 | Train Loss: 0.0423792 Vali Loss: 0.0605624 Test Loss: 0.0396926
Validation loss decreased (0.061299 --> 0.060562).  Saving model ...
Updating learning rate to 8.904785737986756e-06
Epoch: 46 cost time: 3.7820987701416016
Epoch: 46, Steps: 32 | Train Loss: 0.0419016 Vali Loss: 0.0598821 Test Loss: 0.0392917
Validation loss decreased (0.060562 --> 0.059882).  Saving model ...
Updating learning rate to 8.76074480082184e-06
Epoch: 47 cost time: 3.5921378135681152
Epoch: 47, Steps: 32 | Train Loss: 0.0414222 Vali Loss: 0.0590362 Test Loss: 0.0388709
Validation loss decreased (0.059882 --> 0.059036).  Saving model ...
Updating learning rate to 8.609130264395213e-06
Epoch: 48 cost time: 3.8333442211151123
Epoch: 48, Steps: 32 | Train Loss: 0.0409614 Vali Loss: 0.0588913 Test Loss: 0.0384604
Validation loss decreased (0.059036 --> 0.058891).  Saving model ...
Updating learning rate to 8.450247460205976e-06
Epoch: 49 cost time: 3.4395358562469482
Epoch: 49, Steps: 32 | Train Loss: 0.0405018 Vali Loss: 0.0582438 Test Loss: 0.0380714
Validation loss decreased (0.058891 --> 0.058244).  Saving model ...
Updating learning rate to 8.284416357077229e-06
Epoch: 50 cost time: 3.6327407360076904
Epoch: 50, Steps: 32 | Train Loss: 0.0400402 Vali Loss: 0.0573814 Test Loss: 0.0376779
Validation loss decreased (0.058244 --> 0.057381).  Saving model ...
Updating learning rate to 8.111970916781429e-06
Epoch: 51 cost time: 3.5494236946105957
Epoch: 51, Steps: 32 | Train Loss: 0.0395908 Vali Loss: 0.0570397 Test Loss: 0.0372715
Validation loss decreased (0.057381 --> 0.057040).  Saving model ...
Updating learning rate to 7.933258421485843e-06
Epoch: 52 cost time: 3.3729841709136963
Epoch: 52, Steps: 32 | Train Loss: 0.0391682 Vali Loss: 0.0562142 Test Loss: 0.0368915
Validation loss decreased (0.057040 --> 0.056214).  Saving model ...
Updating learning rate to 7.748638774372467e-06
Epoch: 53 cost time: 2.921294689178467
Epoch: 53, Steps: 32 | Train Loss: 0.0387368 Vali Loss: 0.0556507 Test Loss: 0.0365167
Validation loss decreased (0.056214 --> 0.055651).  Saving model ...
Updating learning rate to 7.558483774840917e-06
Epoch: 54 cost time: 3.742734909057617
Epoch: 54, Steps: 32 | Train Loss: 0.0382987 Vali Loss: 0.0549545 Test Loss: 0.0361496
Validation loss decreased (0.055651 --> 0.054954).  Saving model ...
Updating learning rate to 7.363176369753923e-06
Epoch: 55 cost time: 3.862635612487793
Epoch: 55, Steps: 32 | Train Loss: 0.0378545 Vali Loss: 0.0546944 Test Loss: 0.0357847
Validation loss decreased (0.054954 --> 0.054694).  Saving model ...
Updating learning rate to 7.163109882233309e-06
Epoch: 56 cost time: 3.674849271774292
Epoch: 56, Steps: 32 | Train Loss: 0.0374483 Vali Loss: 0.0540061 Test Loss: 0.0354249
Validation loss decreased (0.054694 --> 0.054006).  Saving model ...
Updating learning rate to 6.958687219559564e-06
Epoch: 57 cost time: 3.6729393005371094
Epoch: 57, Steps: 32 | Train Loss: 0.0370142 Vali Loss: 0.0533757 Test Loss: 0.0350548
Validation loss decreased (0.054006 --> 0.053376).  Saving model ...
Updating learning rate to 6.750320061770211e-06
Epoch: 58 cost time: 3.637169361114502
Epoch: 58, Steps: 32 | Train Loss: 0.0366382 Vali Loss: 0.0525879 Test Loss: 0.0347025
Validation loss decreased (0.053376 --> 0.052588).  Saving model ...
Updating learning rate to 6.538428032590986e-06
Epoch: 59 cost time: 3.698899984359741
Epoch: 59, Steps: 32 | Train Loss: 0.0362529 Vali Loss: 0.0520051 Test Loss: 0.0343518
Validation loss decreased (0.052588 --> 0.052005).  Saving model ...
Updating learning rate to 6.323437854369509e-06
Epoch: 60 cost time: 3.7168941497802734
Epoch: 60, Steps: 32 | Train Loss: 0.0358378 Vali Loss: 0.0516749 Test Loss: 0.0340068
Validation loss decreased (0.052005 --> 0.051675).  Saving model ...
Updating learning rate to 6.105782488713262e-06
Epoch: 61 cost time: 3.7748355865478516
Epoch: 61, Steps: 32 | Train Loss: 0.0354652 Vali Loss: 0.0512607 Test Loss: 0.0336641
Validation loss decreased (0.051675 --> 0.051261).  Saving model ...
Updating learning rate to 5.885900264562524e-06
Epoch: 62 cost time: 3.716766357421875
Epoch: 62, Steps: 32 | Train Loss: 0.0351761 Vali Loss: 0.0509807 Test Loss: 0.0336262
Validation loss decreased (0.051261 --> 0.050981).  Saving model ...
Updating learning rate to 5.664233995454231e-06
Epoch: 63 cost time: 3.697073221206665
Epoch: 63, Steps: 32 | Train Loss: 0.0351539 Vali Loss: 0.0507878 Test Loss: 0.0336139
Validation loss decreased (0.050981 --> 0.050788).  Saving model ...
Updating learning rate to 5.441230087754439e-06
Epoch: 64 cost time: 3.6710214614868164
Epoch: 64, Steps: 32 | Train Loss: 0.0351201 Vali Loss: 0.0510659 Test Loss: 0.0336244
EarlyStopping counter: 1 out of 10
Updating learning rate to 5.217337641655308e-06
Epoch: 65 cost time: 3.623358964920044
Epoch: 65, Steps: 32 | Train Loss: 0.0351035 Vali Loss: 0.0508934 Test Loss: 0.0336155
EarlyStopping counter: 2 out of 10
Updating learning rate to 4.993007546747085e-06
Epoch: 66 cost time: 3.733788013458252
Epoch: 66, Steps: 32 | Train Loss: 0.0350655 Vali Loss: 0.0508422 Test Loss: 0.0336129
EarlyStopping counter: 3 out of 10
Updating learning rate to 4.76869157398648e-06
Epoch: 67 cost time: 3.7056751251220703
Epoch: 67, Steps: 32 | Train Loss: 0.0350502 Vali Loss: 0.0510765 Test Loss: 0.0336057
EarlyStopping counter: 4 out of 10
Updating learning rate to 4.54484146589007e-06
Epoch: 68 cost time: 3.6612472534179688
Epoch: 68, Steps: 32 | Train Loss: 0.0350222 Vali Loss: 0.0510880 Test Loss: 0.0336058
EarlyStopping counter: 5 out of 10
Updating learning rate to 4.3219080267850015e-06
Epoch: 69 cost time: 3.594804525375366
Epoch: 69, Steps: 32 | Train Loss: 0.0349959 Vali Loss: 0.0508154 Test Loss: 0.0336085
EarlyStopping counter: 6 out of 10
Updating learning rate to 4.100340214949063e-06
Epoch: 70 cost time: 3.5101208686828613
Epoch: 70, Steps: 32 | Train Loss: 0.0349800 Vali Loss: 0.0512181 Test Loss: 0.0335953
EarlyStopping counter: 7 out of 10
Updating learning rate to 3.8805842384684655e-06
Epoch: 71 cost time: 3.577788829803467
Epoch: 71, Steps: 32 | Train Loss: 0.0349593 Vali Loss: 0.0511351 Test Loss: 0.0335993
EarlyStopping counter: 8 out of 10
Updating learning rate to 3.663082656634139e-06
Epoch: 72 cost time: 3.5612728595733643
Epoch: 72, Steps: 32 | Train Loss: 0.0349463 Vali Loss: 0.0509946 Test Loss: 0.0336021
EarlyStopping counter: 9 out of 10
Updating learning rate to 3.4482734886862136e-06
Epoch: 73 cost time: 3.641713857650757
Epoch: 73, Steps: 32 | Train Loss: 0.0349052 Vali Loss: 0.0508540 Test Loss: 0.0336021
EarlyStopping counter: 10 out of 10
Early stopping
>>>>>>>testing : ETTh1_336_96_DTFNet_ETTh1_ftM_sl336_ll0_pl96_dm128_nh16_el2_br2_dl1_df256_fc1_ebtimeF_dtTrue_'Exp'_0_'rel_sin'_16_8_16,24_8,12_3_1_256<<<<<<<<<<<<<<<<<<<<<<<<<<<<<<<<<
test 2785
mse:0.3498300015926361, mae:0.3821690082550049, rse:0.5632264614105225
