Args in experiment:
Namespace(is_training=1, model_id='ETTh1_336_336', model='DTFNet', data='ETTh1', root_path='./dataset/', data_path='ETTh1.csv', features='M', target='OT', freq='h', checkpoints='./checkpoints/', seq_len=336, label_len=0, pred_len=336, n_branches=2, patch_len_ls='16,24', stride_ls='8,12', d_model_ls='128', n_heads_ls='16', rel_pe="'rel_sin'", res_attn=False, head_type='flatten', fc_dropout=0.3, head_dropout=0.1, patch_len=16, stride=8, padding_patch="'end'", revin=1, affine=0, subtract_last=0, decomposition=0, kernel_size=25, individual=0, store_attn=False, pre_norm=False, pe='zeros', no_learn_pe=True, embed_type=0, enc_in=7, dec_in=7, c_out=7, d_model=128, n_heads=16, e_layers=2, d_layers=1, d_ff=256, moving_avg=25, factor=1, distil=True, dropout=0.3, embed='timeF', activation='gelu', output_attention=False, do_predict=False, num_workers=0, itr=1, train_epochs=100, batch_size=256, patience=10, learning_rate=1e-05, des="'Exp'", loss='mse', lradj='TST', pct_start=0.3, use_amp=False, l2=0.0, warmup_steps=0, use_gpu=True, gpu=0, use_multi_gpu=False, devices='0', test_flop=False, use_mlflow=False, mlflow_project='exp', loss_flag=2, sub_patch_len=16, sub_stride=8, stride_ls_list='16', model_type='linear', tfactor=3, dilation_rates='1', wavelet_layers=2, wavelet_type='db5', wavelet_mode='periodization', wavelet_dim=64, initTLV=0.2)
Use GPU: cuda:0
>>>>>>>start training : ETTh1_336_336_DTFNet_ETTh1_ftM_sl336_ll0_pl336_dm128_nh16_el2_br2_dl1_df256_fc1_ebtimeF_dtTrue_'Exp'_0_'rel_sin'_16_8_16,24_8,12_3_1_256>>>>>>>>>>>>>>>>>>>>>>>>>>
train 7969
val 2545
test 2545
Epoch: 1 cost time: 3.3080790042877197
Epoch: 1, Steps: 31 | Train Loss: 0.0988533 Vali Loss: 0.1649516 Test Loss: 0.0956490
Validation loss decreased (inf --> 0.164952).  Saving model ...
Updating learning rate to 4.2635148986572395e-07
Epoch: 2 cost time: 2.913093090057373
Epoch: 2, Steps: 31 | Train Loss: 0.0978900 Vali Loss: 0.1635238 Test Loss: 0.0947262
Validation loss decreased (0.164952 --> 0.163524).  Saving model ...
Updating learning rate to 5.051166257053371e-07
Epoch: 3 cost time: 2.901409387588501
Epoch: 3, Steps: 31 | Train Loss: 0.0969512 Vali Loss: 0.1616571 Test Loss: 0.0937226
Validation loss decreased (0.163524 --> 0.161657).  Saving model ...
Updating learning rate to 6.354305830693182e-07
Epoch: 4 cost time: 2.905735492706299
Epoch: 4, Steps: 31 | Train Loss: 0.0959690 Vali Loss: 0.1596716 Test Loss: 0.0926544
Validation loss decreased (0.161657 --> 0.159672).  Saving model ...
Updating learning rate to 8.158625424048165e-07
Epoch: 5 cost time: 2.9059643745422363
Epoch: 5, Steps: 31 | Train Loss: 0.0949810 Vali Loss: 0.1574634 Test Loss: 0.0914925
Validation loss decreased (0.159672 --> 0.157463).  Saving model ...
Updating learning rate to 1.0444313991502185e-06
Epoch: 6 cost time: 2.9181666374206543
Epoch: 6, Steps: 31 | Train Loss: 0.0938875 Vali Loss: 0.1562307 Test Loss: 0.0902058
Validation loss decreased (0.157463 --> 0.156231).  Saving model ...
Updating learning rate to 1.3186275158421247e-06
Epoch: 7 cost time: 2.922333240509033
Epoch: 7, Steps: 31 | Train Loss: 0.0927129 Vali Loss: 0.1541163 Test Loss: 0.0887233
Validation loss decreased (0.156231 --> 0.154116).  Saving model ...
Updating learning rate to 1.6354402774012767e-06
Epoch: 8 cost time: 3.6511378288269043
Epoch: 8, Steps: 31 | Train Loss: 0.0913810 Vali Loss: 0.1509966 Test Loss: 0.0869648
Validation loss decreased (0.154116 --> 0.150997).  Saving model ...
Updating learning rate to 1.99139114704619e-06
Epoch: 9 cost time: 3.663069486618042
Epoch: 9, Steps: 31 | Train Loss: 0.0898335 Vali Loss: 0.1479151 Test Loss: 0.0847643
Validation loss decreased (0.150997 --> 0.147915).  Saving model ...
Updating learning rate to 2.3825718598876392e-06
Epoch: 10 cost time: 3.1879515647888184
Epoch: 10, Steps: 31 | Train Loss: 0.0879455 Vali Loss: 0.1442059 Test Loss: 0.0818618
Validation loss decreased (0.147915 --> 0.144206).  Saving model ...
Updating learning rate to 2.8046873348464134e-06
Epoch: 11 cost time: 3.087475299835205
Epoch: 11, Steps: 31 | Train Loss: 0.0856511 Vali Loss: 0.1392658 Test Loss: 0.0780987
Validation loss decreased (0.144206 --> 0.139266).  Saving model ...
Updating learning rate to 3.2531028337306174e-06
Epoch: 12 cost time: 2.9487879276275635
Epoch: 12, Steps: 31 | Train Loss: 0.0829108 Vali Loss: 0.1337389 Test Loss: 0.0739196
Validation loss decreased (0.139266 --> 0.133739).  Saving model ...
Updating learning rate to 3.7228948496758864e-06
Epoch: 13 cost time: 2.979299545288086
Epoch: 13, Steps: 31 | Train Loss: 0.0803372 Vali Loss: 0.1294251 Test Loss: 0.0706655
Validation loss decreased (0.133739 --> 0.129425).  Saving model ...
Updating learning rate to 4.20890516620423e-06
Epoch: 14 cost time: 3.482454299926758
Epoch: 14, Steps: 31 | Train Loss: 0.0782950 Vali Loss: 0.1262333 Test Loss: 0.0685296
Validation loss decreased (0.129425 --> 0.126233).  Saving model ...
Updating learning rate to 4.705797493344547e-06
Epoch: 15 cost time: 3.321552276611328
Epoch: 15, Steps: 31 | Train Loss: 0.0764550 Vali Loss: 0.1228449 Test Loss: 0.0666486
Validation loss decreased (0.126233 --> 0.122845).  Saving model ...
Updating learning rate to 5.208116058962259e-06
Epoch: 16 cost time: 3.231367588043213
Epoch: 16, Steps: 31 | Train Loss: 0.0746342 Vali Loss: 0.1198940 Test Loss: 0.0646253
Validation loss decreased (0.122845 --> 0.119894).  Saving model ...
Updating learning rate to 5.710345511977682e-06
Epoch: 17 cost time: 3.026002883911133
Epoch: 17, Steps: 31 | Train Loss: 0.0727523 Vali Loss: 0.1167704 Test Loss: 0.0626825
Validation loss decreased (0.119894 --> 0.116770).  Saving model ...
Updating learning rate to 6.206971479748566e-06
Epoch: 18 cost time: 3.002573251724243
Epoch: 18, Steps: 31 | Train Loss: 0.0710791 Vali Loss: 0.1145366 Test Loss: 0.0609513
Validation loss decreased (0.116770 --> 0.114537).  Saving model ...
Updating learning rate to 6.6925411147095855e-06
Epoch: 19 cost time: 3.05971097946167
Epoch: 19, Steps: 31 | Train Loss: 0.0696625 Vali Loss: 0.1125375 Test Loss: 0.0596344
Validation loss decreased (0.114537 --> 0.112537).  Saving model ...
Updating learning rate to 7.161722965479587e-06
Epoch: 20 cost time: 3.2628164291381836
Epoch: 20, Steps: 31 | Train Loss: 0.0685056 Vali Loss: 0.1110747 Test Loss: 0.0585481
Validation loss decreased (0.112537 --> 0.111075).  Saving model ...
Updating learning rate to 7.609365515064509e-06
Epoch: 21 cost time: 3.195704460144043
Epoch: 21, Steps: 31 | Train Loss: 0.0675569 Vali Loss: 0.1096932 Test Loss: 0.0577713
Validation loss decreased (0.111075 --> 0.109693).  Saving model ...
Updating learning rate to 8.030553743418992e-06
Epoch: 22 cost time: 3.106472969055176
Epoch: 22, Steps: 31 | Train Loss: 0.0666608 Vali Loss: 0.1082738 Test Loss: 0.0568719
Validation loss decreased (0.109693 --> 0.108274).  Saving model ...
Updating learning rate to 8.420663093321771e-06
Epoch: 23 cost time: 3.0538506507873535
Epoch: 23, Steps: 31 | Train Loss: 0.0658619 Vali Loss: 0.1075332 Test Loss: 0.0559881
Validation loss decreased (0.108274 --> 0.107533).  Saving model ...
Updating learning rate to 8.775410247030974e-06
Epoch: 24 cost time: 2.9805243015289307
Epoch: 24, Steps: 31 | Train Loss: 0.0650357 Vali Loss: 0.1063282 Test Loss: 0.0555045
Validation loss decreased (0.107533 --> 0.106328).  Saving model ...
Updating learning rate to 9.09090015620249e-06
Epoch: 25 cost time: 2.977998971939087
Epoch: 25, Steps: 31 | Train Loss: 0.0642780 Vali Loss: 0.1055399 Test Loss: 0.0546349
Validation loss decreased (0.106328 --> 0.105540).  Saving model ...
Updating learning rate to 9.363668808692879e-06
Epoch: 26 cost time: 3.0296013355255127
Epoch: 26, Steps: 31 | Train Loss: 0.0635256 Vali Loss: 0.1042205 Test Loss: 0.0539029
Validation loss decreased (0.105540 --> 0.104220).  Saving model ...
Updating learning rate to 9.59072126267639e-06
Epoch: 27 cost time: 3.295621156692505
Epoch: 27, Steps: 31 | Train Loss: 0.0627652 Vali Loss: 0.1035270 Test Loss: 0.0534281
Validation loss decreased (0.104220 --> 0.103527).  Saving model ...
Updating learning rate to 9.769564530469635e-06
Epoch: 28 cost time: 3.25421142578125
Epoch: 28, Steps: 31 | Train Loss: 0.0620527 Vali Loss: 0.1024361 Test Loss: 0.0528417
Validation loss decreased (0.103527 --> 0.102436).  Saving model ...
Updating learning rate to 9.898234951006446e-06
Epoch: 29 cost time: 3.009190082550049
Epoch: 29, Steps: 31 | Train Loss: 0.0613771 Vali Loss: 0.1015924 Test Loss: 0.0521635
Validation loss decreased (0.102436 --> 0.101592).  Saving model ...
Updating learning rate to 9.97531975041899e-06
Epoch: 30 cost time: 2.9495699405670166
Epoch: 30, Steps: 31 | Train Loss: 0.0607035 Vali Loss: 0.1005120 Test Loss: 0.0516364
Validation loss decreased (0.101592 --> 0.100512).  Saving model ...
Updating learning rate to 9.999994760154602e-06
Epoch: 31 cost time: 3.0309908390045166
Epoch: 31, Steps: 31 | Train Loss: 0.0600254 Vali Loss: 0.0997599 Test Loss: 0.0511344
Validation loss decreased (0.100512 --> 0.099760).  Saving model ...
Updating learning rate to 9.994635356966321e-06
Epoch: 32 cost time: 3.092230796813965
Epoch: 32, Steps: 31 | Train Loss: 0.0593816 Vali Loss: 0.0989783 Test Loss: 0.0506283
Validation loss decreased (0.099760 --> 0.098978).  Saving model ...
Updating learning rate to 9.979217463145653e-06
Epoch: 33 cost time: 3.89064884185791
Epoch: 33, Steps: 31 | Train Loss: 0.0587323 Vali Loss: 0.0979123 Test Loss: 0.0501452
Validation loss decreased (0.098978 --> 0.097912).  Saving model ...
Updating learning rate to 9.953772128278901e-06
Epoch: 34 cost time: 3.688502788543701
Epoch: 34, Steps: 31 | Train Loss: 0.0581174 Vali Loss: 0.0968246 Test Loss: 0.0496219
Validation loss decreased (0.097912 --> 0.096825).  Saving model ...
Updating learning rate to 9.918350595884151e-06
Epoch: 35 cost time: 3.810624361038208
Epoch: 35, Steps: 31 | Train Loss: 0.0574571 Vali Loss: 0.0963975 Test Loss: 0.0491985
Validation loss decreased (0.096825 --> 0.096397).  Saving model ...
Updating learning rate to 9.873024200213661e-06
Epoch: 36 cost time: 3.7723822593688965
Epoch: 36, Steps: 31 | Train Loss: 0.0569024 Vali Loss: 0.0957255 Test Loss: 0.0487054
Validation loss decreased (0.096397 --> 0.095726).  Saving model ...
Updating learning rate to 9.817884222596151e-06
Epoch: 37 cost time: 3.839761257171631
Epoch: 37, Steps: 31 | Train Loss: 0.0562845 Vali Loss: 0.0947517 Test Loss: 0.0482769
Validation loss decreased (0.095726 --> 0.094752).  Saving model ...
Updating learning rate to 9.75304170760837e-06
Epoch: 38 cost time: 3.9359307289123535
Epoch: 38, Steps: 31 | Train Loss: 0.0556707 Vali Loss: 0.0943001 Test Loss: 0.0477425
Validation loss decreased (0.094752 --> 0.094300).  Saving model ...
Updating learning rate to 9.678627239446092e-06
Epoch: 39 cost time: 3.896109104156494
Epoch: 39, Steps: 31 | Train Loss: 0.0550762 Vali Loss: 0.0934361 Test Loss: 0.0472865
Validation loss decreased (0.094300 --> 0.093436).  Saving model ...
Updating learning rate to 9.594790678944921e-06
Epoch: 40 cost time: 3.853623628616333
Epoch: 40, Steps: 31 | Train Loss: 0.0545042 Vali Loss: 0.0924528 Test Loss: 0.0469011
Validation loss decreased (0.093436 --> 0.092453).  Saving model ...
Updating learning rate to 9.50170086178052e-06
Epoch: 41 cost time: 3.8277270793914795
Epoch: 41, Steps: 31 | Train Loss: 0.0539538 Vali Loss: 0.0915728 Test Loss: 0.0465126
Validation loss decreased (0.092453 --> 0.091573).  Saving model ...
Updating learning rate to 9.399545258456017e-06
Epoch: 42 cost time: 3.7178540229797363
Epoch: 42, Steps: 31 | Train Loss: 0.0534154 Vali Loss: 0.0906369 Test Loss: 0.0460916
Validation loss decreased (0.091573 --> 0.090637).  Saving model ...
Updating learning rate to 9.288529596761373e-06
Epoch: 43 cost time: 3.7028753757476807
Epoch: 43, Steps: 31 | Train Loss: 0.0528415 Vali Loss: 0.0902813 Test Loss: 0.0457713
Validation loss decreased (0.090637 --> 0.090281).  Saving model ...
Updating learning rate to 9.168877447464985e-06
Epoch: 44 cost time: 3.854901075363159
Epoch: 44, Steps: 31 | Train Loss: 0.0523265 Vali Loss: 0.0893146 Test Loss: 0.0453021
Validation loss decreased (0.090281 --> 0.089315).  Saving model ...
Updating learning rate to 9.040829774071914e-06
Epoch: 45 cost time: 3.6798529624938965
Epoch: 45, Steps: 31 | Train Loss: 0.0517647 Vali Loss: 0.0885622 Test Loss: 0.0448544
Validation loss decreased (0.089315 --> 0.088562).  Saving model ...
Updating learning rate to 8.904644447555448e-06
Epoch: 46 cost time: 3.867699146270752
Epoch: 46, Steps: 31 | Train Loss: 0.0512476 Vali Loss: 0.0877664 Test Loss: 0.0445017
Validation loss decreased (0.088562 --> 0.087766).  Saving model ...
Updating learning rate to 8.760595727039295e-06
Epoch: 47 cost time: 3.8038480281829834
Epoch: 47, Steps: 31 | Train Loss: 0.0507309 Vali Loss: 0.0875028 Test Loss: 0.0440904
Validation loss decreased (0.087766 --> 0.087503).  Saving model ...
Updating learning rate to 8.608973707476191e-06
Epoch: 48 cost time: 3.975458860397339
Epoch: 48, Steps: 31 | Train Loss: 0.0502218 Vali Loss: 0.0861094 Test Loss: 0.0438486
Validation loss decreased (0.087503 --> 0.086109).  Saving model ...
Updating learning rate to 8.450083735435278e-06
Epoch: 49 cost time: 3.8907432556152344
Epoch: 49, Steps: 31 | Train Loss: 0.0497018 Vali Loss: 0.0857232 Test Loss: 0.0433868
Validation loss decreased (0.086109 --> 0.085723).  Saving model ...
Updating learning rate to 8.284245794174751e-06
Epoch: 50 cost time: 3.5500128269195557
Epoch: 50, Steps: 31 | Train Loss: 0.0492335 Vali Loss: 0.0848344 Test Loss: 0.0430348
Validation loss decreased (0.085723 --> 0.084834).  Saving model ...
Updating learning rate to 8.111793859238162e-06
Epoch: 51 cost time: 3.571326971054077
Epoch: 51, Steps: 31 | Train Loss: 0.0486978 Vali Loss: 0.0841502 Test Loss: 0.0426290
Validation loss decreased (0.084834 --> 0.084150).  Saving model ...
Updating learning rate to 7.93307522587211e-06
Epoch: 52 cost time: 3.629138708114624
Epoch: 52, Steps: 31 | Train Loss: 0.0482428 Vali Loss: 0.0833662 Test Loss: 0.0424116
Validation loss decreased (0.084150 --> 0.083366).  Saving model ...
Updating learning rate to 7.748449809619857e-06
Epoch: 53 cost time: 3.7430646419525146
Epoch: 53, Steps: 31 | Train Loss: 0.0477758 Vali Loss: 0.0826575 Test Loss: 0.0419201
Validation loss decreased (0.083366 --> 0.082657).  Saving model ...
Updating learning rate to 7.558289421499295e-06
Epoch: 54 cost time: 3.7399466037750244
Epoch: 54, Steps: 31 | Train Loss: 0.0472822 Vali Loss: 0.0823294 Test Loss: 0.0415668
Validation loss decreased (0.082657 --> 0.082329).  Saving model ...
Updating learning rate to 7.362977019225052e-06
Epoch: 55 cost time: 3.6503703594207764
Epoch: 55, Steps: 31 | Train Loss: 0.0468285 Vali Loss: 0.0812315 Test Loss: 0.0412562
Validation loss decreased (0.082329 --> 0.081231).  Saving model ...
Updating learning rate to 7.162905935982624e-06
Epoch: 56 cost time: 3.697455883026123
Epoch: 56, Steps: 31 | Train Loss: 0.0463728 Vali Loss: 0.0806124 Test Loss: 0.0408118
Validation loss decreased (0.081231 --> 0.080612).  Saving model ...
Updating learning rate to 6.958479088307673e-06
Epoch: 57 cost time: 3.754631757736206
Epoch: 57, Steps: 31 | Train Loss: 0.0459347 Vali Loss: 0.0799220 Test Loss: 0.0404982
Validation loss decreased (0.080612 --> 0.079922).  Saving model ...
Updating learning rate to 6.7501081646657556e-06
Epoch: 58 cost time: 3.6583099365234375
Epoch: 58, Steps: 31 | Train Loss: 0.0454786 Vali Loss: 0.0795045 Test Loss: 0.0401808
Validation loss decreased (0.079922 --> 0.079505).  Saving model ...
Updating learning rate to 6.538212796366537e-06
Epoch: 59 cost time: 3.802370071411133
Epoch: 59, Steps: 31 | Train Loss: 0.0450215 Vali Loss: 0.0784770 Test Loss: 0.0398249
Validation loss decreased (0.079505 --> 0.078477).  Saving model ...
Updating learning rate to 6.323219712482178e-06
Epoch: 60 cost time: 3.5882062911987305
Epoch: 60, Steps: 31 | Train Loss: 0.0446125 Vali Loss: 0.0777243 Test Loss: 0.0395481
Validation loss decreased (0.078477 --> 0.077724).  Saving model ...
Updating learning rate to 6.1055618804717764e-06
Epoch: 61 cost time: 3.594527244567871
Epoch: 61, Steps: 31 | Train Loss: 0.0441898 Vali Loss: 0.0773264 Test Loss: 0.0391885
Validation loss decreased (0.077724 --> 0.077326).  Saving model ...
Updating learning rate to 5.8856776342425235e-06
Epoch: 62 cost time: 3.7864551544189453
Epoch: 62, Steps: 31 | Train Loss: 0.0437569 Vali Loss: 0.0762393 Test Loss: 0.0388160
Validation loss decreased (0.077326 --> 0.076239).  Saving model ...
Updating learning rate to 5.664009791403554e-06
Epoch: 63 cost time: 3.5877716541290283
Epoch: 63, Steps: 31 | Train Loss: 0.0433400 Vali Loss: 0.0756864 Test Loss: 0.0385105
Validation loss decreased (0.076239 --> 0.075686).  Saving model ...
Updating learning rate to 5.441004761490205e-06
Epoch: 64 cost time: 3.1183786392211914
Epoch: 64, Steps: 31 | Train Loss: 0.0429137 Vali Loss: 0.0754117 Test Loss: 0.0381930
Validation loss decreased (0.075686 --> 0.075412).  Saving model ...
Updating learning rate to 5.217111646954626e-06
Epoch: 65 cost time: 2.9245264530181885
Epoch: 65, Steps: 31 | Train Loss: 0.0425147 Vali Loss: 0.0745938 Test Loss: 0.0378683
Validation loss decreased (0.075412 --> 0.074594).  Saving model ...
Updating learning rate to 4.992781338733208e-06
Epoch: 66 cost time: 2.991753578186035
Epoch: 66, Steps: 31 | Train Loss: 0.0421300 Vali Loss: 0.0737422 Test Loss: 0.0375142
Validation loss decreased (0.074594 --> 0.073742).  Saving model ...
Updating learning rate to 4.768465608212241e-06
Epoch: 67 cost time: 2.981604814529419
Epoch: 67, Steps: 31 | Train Loss: 0.0417273 Vali Loss: 0.0729557 Test Loss: 0.0372376
Validation loss decreased (0.073742 --> 0.072956).  Saving model ...
Updating learning rate to 4.544616197420465e-06
Epoch: 68 cost time: 2.9593920707702637
Epoch: 68, Steps: 31 | Train Loss: 0.0413506 Vali Loss: 0.0723197 Test Loss: 0.0368769
Validation loss decreased (0.072956 --> 0.072320).  Saving model ...
Updating learning rate to 4.321683909280753e-06
Epoch: 69 cost time: 2.9489595890045166
Epoch: 69, Steps: 31 | Train Loss: 0.0409509 Vali Loss: 0.0718780 Test Loss: 0.0365382
Validation loss decreased (0.072320 --> 0.071878).  Saving model ...
Updating learning rate to 4.100117699752996e-06
Epoch: 70 cost time: 3.036109209060669
Epoch: 70, Steps: 31 | Train Loss: 0.0406217 Vali Loss: 0.0713815 Test Loss: 0.0365599
Validation loss decreased (0.071878 --> 0.071381).  Saving model ...
Updating learning rate to 3.8803637736965736e-06
Epoch: 71 cost time: 3.033738851547241
Epoch: 71, Steps: 31 | Train Loss: 0.0405499 Vali Loss: 0.0714495 Test Loss: 0.0364763
EarlyStopping counter: 1 out of 10
Updating learning rate to 3.66286468627313e-06
Epoch: 72 cost time: 3.0258145332336426
Epoch: 72, Steps: 31 | Train Loss: 0.0405471 Vali Loss: 0.0715519 Test Loss: 0.0364806
EarlyStopping counter: 2 out of 10
Updating learning rate to 3.4480584516993903e-06
Epoch: 73 cost time: 2.9949209690093994
Epoch: 73, Steps: 31 | Train Loss: 0.0405531 Vali Loss: 0.0712983 Test Loss: 0.0365226
Validation loss decreased (0.071381 --> 0.071298).  Saving model ...
Updating learning rate to 3.2363776611448018e-06
Epoch: 74 cost time: 3.03735089302063
Epoch: 74, Steps: 31 | Train Loss: 0.0405284 Vali Loss: 0.0712346 Test Loss: 0.0365330
Validation loss decreased (0.071298 --> 0.071235).  Saving model ...
Updating learning rate to 3.0282486115505108e-06
Epoch: 75 cost time: 3.019888401031494
Epoch: 75, Steps: 31 | Train Loss: 0.0405065 Vali Loss: 0.0714427 Test Loss: 0.0364918
EarlyStopping counter: 1 out of 10
Updating learning rate to 2.8240904471240344e-06
Epoch: 76 cost time: 3.057147264480591
Epoch: 76, Steps: 31 | Train Loss: 0.0404878 Vali Loss: 0.0712574 Test Loss: 0.0365029
EarlyStopping counter: 2 out of 10
Updating learning rate to 2.624314315238625e-06
Epoch: 77 cost time: 3.1270196437835693
Epoch: 77, Steps: 31 | Train Loss: 0.0404721 Vali Loss: 0.0716196 Test Loss: 0.0365277
EarlyStopping counter: 3 out of 10
Updating learning rate to 2.429322538437165e-06
Epoch: 78 cost time: 2.998677968978882
Epoch: 78, Steps: 31 | Train Loss: 0.0404495 Vali Loss: 0.0713550 Test Loss: 0.0365360
EarlyStopping counter: 4 out of 10
Updating learning rate to 2.2395078042081163e-06
Epoch: 79 cost time: 3.0879597663879395
Epoch: 79, Steps: 31 | Train Loss: 0.0404560 Vali Loss: 0.0716064 Test Loss: 0.0365204
EarlyStopping counter: 5 out of 10
Updating learning rate to 2.055252374165171e-06
Epoch: 80 cost time: 3.3967721462249756
Epoch: 80, Steps: 31 | Train Loss: 0.0404587 Vali Loss: 0.0716775 Test Loss: 0.0365665
EarlyStopping counter: 6 out of 10
Updating learning rate to 1.8769273142232387e-06
Epoch: 81 cost time: 3.0928232669830322
Epoch: 81, Steps: 31 | Train Loss: 0.0404441 Vali Loss: 0.0715525 Test Loss: 0.0365266
EarlyStopping counter: 7 out of 10
Updating learning rate to 1.7048917473210744e-06
Epoch: 82 cost time: 3.0613760948181152
Epoch: 82, Steps: 31 | Train Loss: 0.0404481 Vali Loss: 0.0716170 Test Loss: 0.0365142
EarlyStopping counter: 8 out of 10
Updating learning rate to 1.5394921301954737e-06
Epoch: 83 cost time: 3.0522055625915527
Epoch: 83, Steps: 31 | Train Loss: 0.0404107 Vali Loss: 0.0715846 Test Loss: 0.0365247
EarlyStopping counter: 9 out of 10
Updating learning rate to 1.3810615556635116e-06
Epoch: 84 cost time: 3.01933217048645
Epoch: 84, Steps: 31 | Train Loss: 0.0404112 Vali Loss: 0.0716939 Test Loss: 0.0365394
EarlyStopping counter: 10 out of 10
Early stopping
>>>>>>>testing : ETTh1_336_336_DTFNet_ETTh1_ftM_sl336_ll0_pl336_dm128_nh16_el2_br2_dl1_df256_fc1_ebtimeF_dtTrue_'Exp'_0_'rel_sin'_16_8_16,24_8,12_3_1_256<<<<<<<<<<<<<<<<<<<<<<<<<<<<<<<<<
test 2545
mse:0.3823948800563812, mae:0.41177794337272644, rse:0.5957761406898499
