Args in experiment:
Namespace(is_training=1, model_id='ETTh1_336_336', model='DTFNet', data='ETTh1', root_path='./dataset/', data_path='ETTh1.csv', features='M', target='OT', freq='h', checkpoints='./checkpoints/', seq_len=336, label_len=0, pred_len=336, n_branches=2, patch_len_ls='16,24', stride_ls='8,12', d_model_ls='128', n_heads_ls='16', rel_pe="'rel_sin'", res_attn=False, head_type='flatten', fc_dropout=0.3, head_dropout=0.1, patch_len=16, stride=8, padding_patch="'end'", revin=1, affine=0, subtract_last=0, decomposition=0, kernel_size=25, individual=0, store_attn=False, pre_norm=False, pe='zeros', no_learn_pe=True, embed_type=0, enc_in=7, dec_in=7, c_out=7, d_model=128, n_heads=16, e_layers=2, d_layers=1, d_ff=256, moving_avg=25, factor=1, distil=True, dropout=0.3, embed='timeF', activation='gelu', output_attention=False, do_predict=False, num_workers=0, itr=1, train_epochs=100, batch_size=256, patience=10, learning_rate=1e-05, des="'Exp'", loss='mse', lradj='TST', pct_start=0.3, use_amp=False, l2=0.0, warmup_steps=0, use_gpu=True, gpu=0, use_multi_gpu=False, devices='0', test_flop=False, use_mlflow=False, mlflow_project='exp', loss_flag=2, sub_patch_len=16, sub_stride=8, stride_ls_list='16', model_type='linear', tfactor=3, dilation_rates='1', wavelet_layers=2, wavelet_type='db5', wavelet_mode='periodization', wavelet_dim=64, initTLV=0.2)
Use GPU: cuda:0
>>>>>>>start training : ETTh1_336_336_DTFNet_ETTh1_ftM_sl336_ll0_pl336_dm128_nh16_el2_br2_dl1_df256_fc1_ebtimeF_dtTrue_'Exp'_0_'rel_sin'_16_8_16,24_8,12_3_1_256>>>>>>>>>>>>>>>>>>>>>>>>>>
train 7969
val 2545
test 2545
Epoch: 1 cost time: 3.3103091716766357
Epoch: 1, Steps: 31 | Train Loss: 0.0988695 Vali Loss: 0.1652035 Test Loss: 0.0955175
Validation loss decreased (inf --> 0.165203).  Saving model ...
Updating learning rate to 4.2635148986572395e-07
Epoch: 2 cost time: 2.9099137783050537
Epoch: 2, Steps: 31 | Train Loss: 0.0979239 Vali Loss: 0.1632568 Test Loss: 0.0945862
Validation loss decreased (0.165203 --> 0.163257).  Saving model ...
Updating learning rate to 5.051166257053371e-07
Epoch: 3 cost time: 2.905980110168457
Epoch: 3, Steps: 31 | Train Loss: 0.0970124 Vali Loss: 0.1615423 Test Loss: 0.0935802
Validation loss decreased (0.163257 --> 0.161542).  Saving model ...
Updating learning rate to 6.354305830693182e-07
Epoch: 4 cost time: 2.901937484741211
Epoch: 4, Steps: 31 | Train Loss: 0.0960460 Vali Loss: 0.1600156 Test Loss: 0.0924995
Validation loss decreased (0.161542 --> 0.160016).  Saving model ...
Updating learning rate to 8.158625424048165e-07
Epoch: 5 cost time: 2.909146785736084
Epoch: 5, Steps: 31 | Train Loss: 0.0950113 Vali Loss: 0.1579017 Test Loss: 0.0913283
Validation loss decreased (0.160016 --> 0.157902).  Saving model ...
Updating learning rate to 1.0444313991502185e-06
Epoch: 6 cost time: 2.90858793258667
Epoch: 6, Steps: 31 | Train Loss: 0.0939171 Vali Loss: 0.1558470 Test Loss: 0.0900114
Validation loss decreased (0.157902 --> 0.155847).  Saving model ...
Updating learning rate to 1.3186275158421247e-06
Epoch: 7 cost time: 2.9082961082458496
Epoch: 7, Steps: 31 | Train Loss: 0.0927579 Vali Loss: 0.1537274 Test Loss: 0.0885106
Validation loss decreased (0.155847 --> 0.153727).  Saving model ...
Updating learning rate to 1.6354402774012767e-06
Epoch: 8 cost time: 2.9149341583251953
Epoch: 8, Steps: 31 | Train Loss: 0.0914269 Vali Loss: 0.1510888 Test Loss: 0.0867255
Validation loss decreased (0.153727 --> 0.151089).  Saving model ...
Updating learning rate to 1.99139114704619e-06
Epoch: 9 cost time: 2.912632465362549
Epoch: 9, Steps: 31 | Train Loss: 0.0898528 Vali Loss: 0.1476679 Test Loss: 0.0844618
Validation loss decreased (0.151089 --> 0.147668).  Saving model ...
Updating learning rate to 2.3825718598876392e-06
Epoch: 10 cost time: 2.916049003601074
Epoch: 10, Steps: 31 | Train Loss: 0.0879820 Vali Loss: 0.1438260 Test Loss: 0.0814940
Validation loss decreased (0.147668 --> 0.143826).  Saving model ...
Updating learning rate to 2.8046873348464134e-06
Epoch: 11 cost time: 2.919185161590576
Epoch: 11, Steps: 31 | Train Loss: 0.0856715 Vali Loss: 0.1390482 Test Loss: 0.0776156
Validation loss decreased (0.143826 --> 0.139048).  Saving model ...
Updating learning rate to 3.2531028337306174e-06
Epoch: 12 cost time: 2.9191651344299316
Epoch: 12, Steps: 31 | Train Loss: 0.0829821 Vali Loss: 0.1335581 Test Loss: 0.0733254
Validation loss decreased (0.139048 --> 0.133558).  Saving model ...
Updating learning rate to 3.7228948496758864e-06
Epoch: 13 cost time: 2.919245481491089
Epoch: 13, Steps: 31 | Train Loss: 0.0803876 Vali Loss: 0.1292529 Test Loss: 0.0700123
Validation loss decreased (0.133558 --> 0.129253).  Saving model ...
Updating learning rate to 4.20890516620423e-06
Epoch: 14 cost time: 2.9138472080230713
Epoch: 14, Steps: 31 | Train Loss: 0.0782756 Vali Loss: 0.1256146 Test Loss: 0.0678324
Validation loss decreased (0.129253 --> 0.125615).  Saving model ...
Updating learning rate to 4.705797493344547e-06
Epoch: 15 cost time: 2.9255220890045166
Epoch: 15, Steps: 31 | Train Loss: 0.0764011 Vali Loss: 0.1220496 Test Loss: 0.0657136
Validation loss decreased (0.125615 --> 0.122050).  Saving model ...
Updating learning rate to 5.208116058962259e-06
Epoch: 16 cost time: 2.9248316287994385
Epoch: 16, Steps: 31 | Train Loss: 0.0744657 Vali Loss: 0.1190703 Test Loss: 0.0637050
Validation loss decreased (0.122050 --> 0.119070).  Saving model ...
Updating learning rate to 5.710345511977682e-06
Epoch: 17 cost time: 2.9307940006256104
Epoch: 17, Steps: 31 | Train Loss: 0.0725716 Vali Loss: 0.1163380 Test Loss: 0.0617739
Validation loss decreased (0.119070 --> 0.116338).  Saving model ...
Updating learning rate to 6.206971479748566e-06
Epoch: 18 cost time: 2.9257452487945557
Epoch: 18, Steps: 31 | Train Loss: 0.0709535 Vali Loss: 0.1143762 Test Loss: 0.0603558
Validation loss decreased (0.116338 --> 0.114376).  Saving model ...
Updating learning rate to 6.6925411147095855e-06
Epoch: 19 cost time: 2.9251086711883545
Epoch: 19, Steps: 31 | Train Loss: 0.0696769 Vali Loss: 0.1122403 Test Loss: 0.0593362
Validation loss decreased (0.114376 --> 0.112240).  Saving model ...
Updating learning rate to 7.161722965479587e-06
Epoch: 20 cost time: 2.937690019607544
Epoch: 20, Steps: 31 | Train Loss: 0.0686449 Vali Loss: 0.1108815 Test Loss: 0.0582780
Validation loss decreased (0.112240 --> 0.110881).  Saving model ...
Updating learning rate to 7.609365515064509e-06
Epoch: 21 cost time: 2.9370217323303223
Epoch: 21, Steps: 31 | Train Loss: 0.0676661 Vali Loss: 0.1094438 Test Loss: 0.0574699
Validation loss decreased (0.110881 --> 0.109444).  Saving model ...
Updating learning rate to 8.030553743418992e-06
Epoch: 22 cost time: 2.936474323272705
Epoch: 22, Steps: 31 | Train Loss: 0.0667839 Vali Loss: 0.1081073 Test Loss: 0.0565097
Validation loss decreased (0.109444 --> 0.108107).  Saving model ...
Updating learning rate to 8.420663093321771e-06
Epoch: 23 cost time: 2.934736490249634
Epoch: 23, Steps: 31 | Train Loss: 0.0659770 Vali Loss: 0.1068913 Test Loss: 0.0559636
Validation loss decreased (0.108107 --> 0.106891).  Saving model ...
Updating learning rate to 8.775410247030974e-06
Epoch: 24 cost time: 2.9328415393829346
Epoch: 24, Steps: 31 | Train Loss: 0.0651531 Vali Loss: 0.1059357 Test Loss: 0.0551904
Validation loss decreased (0.106891 --> 0.105936).  Saving model ...
Updating learning rate to 9.09090015620249e-06
Epoch: 25 cost time: 2.9300620555877686
Epoch: 25, Steps: 31 | Train Loss: 0.0643964 Vali Loss: 0.1050622 Test Loss: 0.0545537
Validation loss decreased (0.105936 --> 0.105062).  Saving model ...
Updating learning rate to 9.363668808692879e-06
Epoch: 26 cost time: 2.9299418926239014
Epoch: 26, Steps: 31 | Train Loss: 0.0636385 Vali Loss: 0.1039777 Test Loss: 0.0538029
Validation loss decreased (0.105062 --> 0.103978).  Saving model ...
Updating learning rate to 9.59072126267639e-06
Epoch: 27 cost time: 2.930964946746826
Epoch: 27, Steps: 31 | Train Loss: 0.0629085 Vali Loss: 0.1027547 Test Loss: 0.0532884
Validation loss decreased (0.103978 --> 0.102755).  Saving model ...
Updating learning rate to 9.769564530469635e-06
Epoch: 28 cost time: 2.9336769580841064
Epoch: 28, Steps: 31 | Train Loss: 0.0621905 Vali Loss: 0.1018238 Test Loss: 0.0526679
Validation loss decreased (0.102755 --> 0.101824).  Saving model ...
Updating learning rate to 9.898234951006446e-06
Epoch: 29 cost time: 2.9292140007019043
Epoch: 29, Steps: 31 | Train Loss: 0.0615161 Vali Loss: 0.1011146 Test Loss: 0.0520821
Validation loss decreased (0.101824 --> 0.101115).  Saving model ...
Updating learning rate to 9.97531975041899e-06
Epoch: 30 cost time: 2.9342243671417236
Epoch: 30, Steps: 31 | Train Loss: 0.0608109 Vali Loss: 0.1004625 Test Loss: 0.0514707
Validation loss decreased (0.101115 --> 0.100463).  Saving model ...
Updating learning rate to 9.999994760154602e-06
Epoch: 31 cost time: 2.9368338584899902
Epoch: 31, Steps: 31 | Train Loss: 0.0601322 Vali Loss: 0.0991757 Test Loss: 0.0509574
Validation loss decreased (0.100463 --> 0.099176).  Saving model ...
Updating learning rate to 9.994635356966321e-06
Epoch: 32 cost time: 2.940204620361328
Epoch: 32, Steps: 31 | Train Loss: 0.0594764 Vali Loss: 0.0984913 Test Loss: 0.0504254
Validation loss decreased (0.099176 --> 0.098491).  Saving model ...
Updating learning rate to 9.979217463145653e-06
Epoch: 33 cost time: 2.949300527572632
Epoch: 33, Steps: 31 | Train Loss: 0.0588421 Vali Loss: 0.0974365 Test Loss: 0.0500452
Validation loss decreased (0.098491 --> 0.097436).  Saving model ...
Updating learning rate to 9.953772128278901e-06
Epoch: 34 cost time: 2.928271532058716
Epoch: 34, Steps: 31 | Train Loss: 0.0582092 Vali Loss: 0.0970432 Test Loss: 0.0495162
Validation loss decreased (0.097436 --> 0.097043).  Saving model ...
Updating learning rate to 9.918350595884151e-06
Epoch: 35 cost time: 2.9347126483917236
Epoch: 35, Steps: 31 | Train Loss: 0.0576076 Vali Loss: 0.0960880 Test Loss: 0.0489604
Validation loss decreased (0.097043 --> 0.096088).  Saving model ...
Updating learning rate to 9.873024200213661e-06
Epoch: 36 cost time: 2.9316771030426025
Epoch: 36, Steps: 31 | Train Loss: 0.0570007 Vali Loss: 0.0951778 Test Loss: 0.0486145
Validation loss decreased (0.096088 --> 0.095178).  Saving model ...
Updating learning rate to 9.817884222596151e-06
Epoch: 37 cost time: 2.9265966415405273
Epoch: 37, Steps: 31 | Train Loss: 0.0563733 Vali Loss: 0.0945282 Test Loss: 0.0480988
Validation loss decreased (0.095178 --> 0.094528).  Saving model ...
Updating learning rate to 9.75304170760837e-06
Epoch: 38 cost time: 2.9405300617218018
Epoch: 38, Steps: 31 | Train Loss: 0.0557804 Vali Loss: 0.0938033 Test Loss: 0.0476859
Validation loss decreased (0.094528 --> 0.093803).  Saving model ...
Updating learning rate to 9.678627239446092e-06
Epoch: 39 cost time: 2.9375178813934326
Epoch: 39, Steps: 31 | Train Loss: 0.0551629 Vali Loss: 0.0931107 Test Loss: 0.0472852
Validation loss decreased (0.093803 --> 0.093111).  Saving model ...
Updating learning rate to 9.594790678944921e-06
Epoch: 40 cost time: 2.9421212673187256
Epoch: 40, Steps: 31 | Train Loss: 0.0546189 Vali Loss: 0.0925098 Test Loss: 0.0467895
Validation loss decreased (0.093111 --> 0.092510).  Saving model ...
Updating learning rate to 9.50170086178052e-06
Epoch: 41 cost time: 2.927767038345337
Epoch: 41, Steps: 31 | Train Loss: 0.0540444 Vali Loss: 0.0914303 Test Loss: 0.0464546
Validation loss decreased (0.092510 --> 0.091430).  Saving model ...
Updating learning rate to 9.399545258456017e-06
Epoch: 42 cost time: 2.947932004928589
Epoch: 42, Steps: 31 | Train Loss: 0.0534661 Vali Loss: 0.0909285 Test Loss: 0.0459375
Validation loss decreased (0.091430 --> 0.090928).  Saving model ...
Updating learning rate to 9.288529596761373e-06
Epoch: 43 cost time: 2.932696580886841
Epoch: 43, Steps: 31 | Train Loss: 0.0529114 Vali Loss: 0.0903171 Test Loss: 0.0456198
Validation loss decreased (0.090928 --> 0.090317).  Saving model ...
Updating learning rate to 9.168877447464985e-06
Epoch: 44 cost time: 2.9342219829559326
Epoch: 44, Steps: 31 | Train Loss: 0.0523833 Vali Loss: 0.0893245 Test Loss: 0.0451521
Validation loss decreased (0.090317 --> 0.089325).  Saving model ...
Updating learning rate to 9.040829774071914e-06
Epoch: 45 cost time: 2.9392635822296143
Epoch: 45, Steps: 31 | Train Loss: 0.0518210 Vali Loss: 0.0884489 Test Loss: 0.0447428
Validation loss decreased (0.089325 --> 0.088449).  Saving model ...
Updating learning rate to 8.904644447555448e-06
Epoch: 46 cost time: 2.9473888874053955
Epoch: 46, Steps: 31 | Train Loss: 0.0512768 Vali Loss: 0.0882034 Test Loss: 0.0443914
Validation loss decreased (0.088449 --> 0.088203).  Saving model ...
Updating learning rate to 8.760595727039295e-06
Epoch: 47 cost time: 2.965712785720825
Epoch: 47, Steps: 31 | Train Loss: 0.0507919 Vali Loss: 0.0872120 Test Loss: 0.0440406
Validation loss decreased (0.088203 --> 0.087212).  Saving model ...
Updating learning rate to 8.608973707476191e-06
Epoch: 48 cost time: 2.9578518867492676
Epoch: 48, Steps: 31 | Train Loss: 0.0502311 Vali Loss: 0.0869300 Test Loss: 0.0435416
Validation loss decreased (0.087212 --> 0.086930).  Saving model ...
Updating learning rate to 8.450083735435278e-06
Epoch: 49 cost time: 2.9470434188842773
Epoch: 49, Steps: 31 | Train Loss: 0.0497221 Vali Loss: 0.0860291 Test Loss: 0.0432190
Validation loss decreased (0.086930 --> 0.086029).  Saving model ...
Updating learning rate to 8.284245794174751e-06
Epoch: 50 cost time: 3.1337783336639404
Epoch: 50, Steps: 31 | Train Loss: 0.0492282 Vali Loss: 0.0853033 Test Loss: 0.0428233
Validation loss decreased (0.086029 --> 0.085303).  Saving model ...
Updating learning rate to 8.111793859238162e-06
Epoch: 51 cost time: 3.335921287536621
Epoch: 51, Steps: 31 | Train Loss: 0.0487428 Vali Loss: 0.0847119 Test Loss: 0.0424984
Validation loss decreased (0.085303 --> 0.084712).  Saving model ...
Updating learning rate to 7.93307522587211e-06
Epoch: 52 cost time: 2.9557182788848877
Epoch: 52, Steps: 31 | Train Loss: 0.0482626 Vali Loss: 0.0835116 Test Loss: 0.0421051
Validation loss decreased (0.084712 --> 0.083512).  Saving model ...
Updating learning rate to 7.748449809619857e-06
Epoch: 53 cost time: 2.9532880783081055
Epoch: 53, Steps: 31 | Train Loss: 0.0477576 Vali Loss: 0.0827537 Test Loss: 0.0417827
Validation loss decreased (0.083512 --> 0.082754).  Saving model ...
Updating learning rate to 7.558289421499295e-06
Epoch: 54 cost time: 2.9721009731292725
Epoch: 54, Steps: 31 | Train Loss: 0.0472910 Vali Loss: 0.0819096 Test Loss: 0.0414585
Validation loss decreased (0.082754 --> 0.081910).  Saving model ...
Updating learning rate to 7.362977019225052e-06
Epoch: 55 cost time: 2.9636902809143066
Epoch: 55, Steps: 31 | Train Loss: 0.0468346 Vali Loss: 0.0815074 Test Loss: 0.0410852
Validation loss decreased (0.081910 --> 0.081507).  Saving model ...
Updating learning rate to 7.162905935982624e-06
Epoch: 56 cost time: 2.958353042602539
Epoch: 56, Steps: 31 | Train Loss: 0.0463737 Vali Loss: 0.0809750 Test Loss: 0.0406865
Validation loss decreased (0.081507 --> 0.080975).  Saving model ...
Updating learning rate to 6.958479088307673e-06
Epoch: 57 cost time: 2.9663400650024414
Epoch: 57, Steps: 31 | Train Loss: 0.0459218 Vali Loss: 0.0798677 Test Loss: 0.0404068
Validation loss decreased (0.080975 --> 0.079868).  Saving model ...
Updating learning rate to 6.7501081646657556e-06
Epoch: 58 cost time: 2.9453983306884766
Epoch: 58, Steps: 31 | Train Loss: 0.0454735 Vali Loss: 0.0795147 Test Loss: 0.0400510
Validation loss decreased (0.079868 --> 0.079515).  Saving model ...
Updating learning rate to 6.538212796366537e-06
Epoch: 59 cost time: 2.956594944000244
Epoch: 59, Steps: 31 | Train Loss: 0.0450538 Vali Loss: 0.0787070 Test Loss: 0.0397311
Validation loss decreased (0.079515 --> 0.078707).  Saving model ...
Updating learning rate to 6.323219712482178e-06
Epoch: 60 cost time: 2.960312843322754
Epoch: 60, Steps: 31 | Train Loss: 0.0445834 Vali Loss: 0.0781391 Test Loss: 0.0393415
Validation loss decreased (0.078707 --> 0.078139).  Saving model ...
Updating learning rate to 6.1055618804717764e-06
Epoch: 61 cost time: 2.9501779079437256
Epoch: 61, Steps: 31 | Train Loss: 0.0441825 Vali Loss: 0.0768328 Test Loss: 0.0391076
Validation loss decreased (0.078139 --> 0.076833).  Saving model ...
Updating learning rate to 5.8856776342425235e-06
Epoch: 62 cost time: 2.9641201496124268
Epoch: 62, Steps: 31 | Train Loss: 0.0437653 Vali Loss: 0.0770103 Test Loss: 0.0387101
EarlyStopping counter: 1 out of 10
Updating learning rate to 5.664009791403554e-06
Epoch: 63 cost time: 2.9682343006134033
Epoch: 63, Steps: 31 | Train Loss: 0.0433426 Vali Loss: 0.0759372 Test Loss: 0.0384366
Validation loss decreased (0.076833 --> 0.075937).  Saving model ...
Updating learning rate to 5.441004761490205e-06
Epoch: 64 cost time: 2.959355354309082
Epoch: 64, Steps: 31 | Train Loss: 0.0429419 Vali Loss: 0.0754843 Test Loss: 0.0380523
Validation loss decreased (0.075937 --> 0.075484).  Saving model ...
Updating learning rate to 5.217111646954626e-06
Epoch: 65 cost time: 2.965283155441284
Epoch: 65, Steps: 31 | Train Loss: 0.0425295 Vali Loss: 0.0747985 Test Loss: 0.0377105
Validation loss decreased (0.075484 --> 0.074799).  Saving model ...
Updating learning rate to 4.992781338733208e-06
Epoch: 66 cost time: 2.9716551303863525
Epoch: 66, Steps: 31 | Train Loss: 0.0421119 Vali Loss: 0.0738934 Test Loss: 0.0374141
Validation loss decreased (0.074799 --> 0.073893).  Saving model ...
Updating learning rate to 4.768465608212241e-06
Epoch: 67 cost time: 2.983311653137207
Epoch: 67, Steps: 31 | Train Loss: 0.0417433 Vali Loss: 0.0732925 Test Loss: 0.0370873
Validation loss decreased (0.073893 --> 0.073293).  Saving model ...
Updating learning rate to 4.544616197420465e-06
Epoch: 68 cost time: 2.979508876800537
Epoch: 68, Steps: 31 | Train Loss: 0.0413249 Vali Loss: 0.0727485 Test Loss: 0.0367432
Validation loss decreased (0.073293 --> 0.072748).  Saving model ...
Updating learning rate to 4.321683909280753e-06
Epoch: 69 cost time: 2.9826736450195312
Epoch: 69, Steps: 31 | Train Loss: 0.0409446 Vali Loss: 0.0722469 Test Loss: 0.0364479
Validation loss decreased (0.072748 --> 0.072247).  Saving model ...
Updating learning rate to 4.100117699752996e-06
Epoch: 70 cost time: 2.9625868797302246
Epoch: 70, Steps: 31 | Train Loss: 0.0405965 Vali Loss: 0.0717109 Test Loss: 0.0363580
Validation loss decreased (0.072247 --> 0.071711).  Saving model ...
Updating learning rate to 3.8803637736965736e-06
Epoch: 71 cost time: 2.9689643383026123
Epoch: 71, Steps: 31 | Train Loss: 0.0405622 Vali Loss: 0.0715333 Test Loss: 0.0363616
Validation loss decreased (0.071711 --> 0.071533).  Saving model ...
Updating learning rate to 3.66286468627313e-06
Epoch: 72 cost time: 2.9745259284973145
Epoch: 72, Steps: 31 | Train Loss: 0.0405727 Vali Loss: 0.0715248 Test Loss: 0.0363272
Validation loss decreased (0.071533 --> 0.071525).  Saving model ...
Updating learning rate to 3.4480584516993903e-06
Epoch: 73 cost time: 2.9725072383880615
Epoch: 73, Steps: 31 | Train Loss: 0.0405529 Vali Loss: 0.0717313 Test Loss: 0.0363880
EarlyStopping counter: 1 out of 10
Updating learning rate to 3.2363776611448018e-06
Epoch: 74 cost time: 2.9749763011932373
Epoch: 74, Steps: 31 | Train Loss: 0.0405194 Vali Loss: 0.0716880 Test Loss: 0.0363679
EarlyStopping counter: 2 out of 10
Updating learning rate to 3.0282486115505108e-06
Epoch: 75 cost time: 2.952134132385254
Epoch: 75, Steps: 31 | Train Loss: 0.0405168 Vali Loss: 0.0718095 Test Loss: 0.0363736
EarlyStopping counter: 3 out of 10
Updating learning rate to 2.8240904471240344e-06
Epoch: 76 cost time: 2.970543146133423
Epoch: 76, Steps: 31 | Train Loss: 0.0404746 Vali Loss: 0.0719861 Test Loss: 0.0363650
EarlyStopping counter: 4 out of 10
Updating learning rate to 2.624314315238625e-06
Epoch: 77 cost time: 2.977989673614502
Epoch: 77, Steps: 31 | Train Loss: 0.0404775 Vali Loss: 0.0714701 Test Loss: 0.0363745
Validation loss decreased (0.071525 --> 0.071470).  Saving model ...
Updating learning rate to 2.429322538437165e-06
Epoch: 78 cost time: 2.9536173343658447
Epoch: 78, Steps: 31 | Train Loss: 0.0404807 Vali Loss: 0.0716708 Test Loss: 0.0363667
EarlyStopping counter: 1 out of 10
Updating learning rate to 2.2395078042081163e-06
Epoch: 79 cost time: 2.966301679611206
Epoch: 79, Steps: 31 | Train Loss: 0.0404484 Vali Loss: 0.0719425 Test Loss: 0.0363772
EarlyStopping counter: 2 out of 10
Updating learning rate to 2.055252374165171e-06
Epoch: 80 cost time: 3.013725519180298
Epoch: 80, Steps: 31 | Train Loss: 0.0404694 Vali Loss: 0.0718353 Test Loss: 0.0363723
EarlyStopping counter: 3 out of 10
Updating learning rate to 1.8769273142232387e-06
Epoch: 81 cost time: 3.014005422592163
Epoch: 81, Steps: 31 | Train Loss: 0.0404438 Vali Loss: 0.0718665 Test Loss: 0.0363926
EarlyStopping counter: 4 out of 10
Updating learning rate to 1.7048917473210744e-06
Epoch: 82 cost time: 2.97021484375
Epoch: 82, Steps: 31 | Train Loss: 0.0404143 Vali Loss: 0.0716299 Test Loss: 0.0364032
EarlyStopping counter: 5 out of 10
Updating learning rate to 1.5394921301954737e-06
Epoch: 83 cost time: 2.971505880355835
Epoch: 83, Steps: 31 | Train Loss: 0.0404022 Vali Loss: 0.0718434 Test Loss: 0.0364203
EarlyStopping counter: 6 out of 10
Updating learning rate to 1.3810615556635116e-06
Epoch: 84 cost time: 2.9787445068359375
Epoch: 84, Steps: 31 | Train Loss: 0.0404213 Vali Loss: 0.0717128 Test Loss: 0.0363988
EarlyStopping counter: 7 out of 10
Updating learning rate to 1.2299190818179384e-06
Epoch: 85 cost time: 2.9668383598327637
Epoch: 85, Steps: 31 | Train Loss: 0.0404201 Vali Loss: 0.0716413 Test Loss: 0.0364034
EarlyStopping counter: 8 out of 10
Updating learning rate to 1.086369089486641e-06
Epoch: 86 cost time: 2.967543363571167
Epoch: 86, Steps: 31 | Train Loss: 0.0403930 Vali Loss: 0.0717436 Test Loss: 0.0363914
EarlyStopping counter: 9 out of 10
Updating learning rate to 9.507006692501629e-07
Epoch: 87 cost time: 2.9707977771759033
Epoch: 87, Steps: 31 | Train Loss: 0.0403548 Vali Loss: 0.0717156 Test Loss: 0.0364012
EarlyStopping counter: 10 out of 10
Early stopping
>>>>>>>testing : ETTh1_336_336_DTFNet_ETTh1_ftM_sl336_ll0_pl336_dm128_nh16_el2_br2_dl1_df256_fc1_ebtimeF_dtTrue_'Exp'_0_'rel_sin'_16_8_16,24_8,12_3_1_256<<<<<<<<<<<<<<<<<<<<<<<<<<<<<<<<<
test 2545
mse:0.38099175691604614, mae:0.41016870737075806, rse:0.5946820974349976
