Args in experiment:
Namespace(random_seed=2021, is_training=1, model_id='ETTh1_336_192', model='DTFNet', data='ETTh1', root_path='./dataset/', data_path='ETTh1.csv', features='M', target='OT', freq='h', checkpoints='./checkpoints/', seq_len=336, label_len=0, pred_len=192, n_branches=2, patch_len_ls='16,24', stride_ls='8,12', d_model_ls='128', n_heads_ls='16', rel_pe="'rel_sin'", res_attn=False, head_type='flatten', fc_dropout=0.3, head_dropout=0.1, patch_len=16, stride=8, padding_patch="'end'", revin=1, affine=0, subtract_last=0, decomposition=0, kernel_size=25, individual=0, store_attn=False, pre_norm=False, pe='zeros', no_learn_pe=True, embed_type=0, enc_in=7, dec_in=7, c_out=7, d_model=128, n_heads=16, e_layers=2, d_layers=1, d_ff=256, moving_avg=25, factor=1, distil=True, dropout=0.3, embed='timeF', activation='gelu', output_attention=False, do_predict=False, num_workers=0, itr=1, train_epochs=100, batch_size=256, patience=10, learning_rate=1e-05, des="'Exp'", loss='mse', lradj='TST', pct_start=0.3, use_amp=False, l2=0.0, warmup_steps=0, use_gpu=True, gpu=0, use_multi_gpu=False, devices='0', test_flop=False, use_mlflow=False, mlflow_project='exp', loss_flag=2, sub_patch_len=16, sub_stride=8, stride_ls_list='16', model_type='linear', tfactor=3, dilation_rates='1', wavelet_layers=2, wavelet_type='db5', wavelet_mode='periodization', wavelet_dim=64, initTLV=0.2)
Use GPU: cuda:0
>>>>>>>start training : ETTh1_336_192_DTFNet_ETTh1_ftM_sl336_ll0_pl192_dm128_nh16_el2_br2_dl1_df256_fc1_ebtimeF_dtTrue_'Exp'_0_'rel_sin'_16_8_16,24_8,12_3_1_256>>>>>>>>>>>>>>>>>>>>>>>>>>
train 8113
val 2689
test 2689
Epoch: 1 cost time: 3.269829750061035
Epoch: 1, Steps: 31 | Train Loss: 0.0948213 Vali Loss: 0.1566458 Test Loss: 0.0951251
Validation loss decreased (inf --> 0.156646).  Saving model ...
Updating learning rate to 4.2635148986572395e-07
Epoch: 2 cost time: 2.763667583465576
Epoch: 2, Steps: 31 | Train Loss: 0.0939365 Vali Loss: 0.1547952 Test Loss: 0.0941768
Validation loss decreased (0.156646 --> 0.154795).  Saving model ...
Updating learning rate to 5.051166257053371e-07
Epoch: 3 cost time: 2.782689094543457
Epoch: 3, Steps: 31 | Train Loss: 0.0929994 Vali Loss: 0.1528033 Test Loss: 0.0931631
Validation loss decreased (0.154795 --> 0.152803).  Saving model ...
Updating learning rate to 6.354305830693182e-07
Epoch: 4 cost time: 2.812976598739624
Epoch: 4, Steps: 31 | Train Loss: 0.0920306 Vali Loss: 0.1512136 Test Loss: 0.0920921
Validation loss decreased (0.152803 --> 0.151214).  Saving model ...
Updating learning rate to 8.158625424048165e-07
Epoch: 5 cost time: 2.8293745517730713
Epoch: 5, Steps: 31 | Train Loss: 0.0910177 Vali Loss: 0.1491147 Test Loss: 0.0909435
Validation loss decreased (0.151214 --> 0.149115).  Saving model ...
Updating learning rate to 1.0444313991502185e-06
Epoch: 6 cost time: 2.7044830322265625
Epoch: 6, Steps: 31 | Train Loss: 0.0899902 Vali Loss: 0.1475770 Test Loss: 0.0896885
Validation loss decreased (0.149115 --> 0.147577).  Saving model ...
Updating learning rate to 1.3186275158421247e-06
Epoch: 7 cost time: 2.716726541519165
Epoch: 7, Steps: 31 | Train Loss: 0.0887864 Vali Loss: 0.1452645 Test Loss: 0.0882840
Validation loss decreased (0.147577 --> 0.145265).  Saving model ...
Updating learning rate to 1.6354402774012767e-06
Epoch: 8 cost time: 2.736726760864258
Epoch: 8, Steps: 31 | Train Loss: 0.0874974 Vali Loss: 0.1428937 Test Loss: 0.0866792
Validation loss decreased (0.145265 --> 0.142894).  Saving model ...
Updating learning rate to 1.99139114704619e-06
Epoch: 9 cost time: 2.7313244342803955
Epoch: 9, Steps: 31 | Train Loss: 0.0860538 Vali Loss: 0.1398224 Test Loss: 0.0847477
Validation loss decreased (0.142894 --> 0.139822).  Saving model ...
Updating learning rate to 2.3825718598876392e-06
Epoch: 10 cost time: 2.7371277809143066
Epoch: 10, Steps: 31 | Train Loss: 0.0842969 Vali Loss: 0.1363859 Test Loss: 0.0823311
Validation loss decreased (0.139822 --> 0.136386).  Saving model ...
Updating learning rate to 2.8046873348464134e-06
Epoch: 11 cost time: 2.742457628250122
Epoch: 11, Steps: 31 | Train Loss: 0.0822472 Vali Loss: 0.1318996 Test Loss: 0.0792051
Validation loss decreased (0.136386 --> 0.131900).  Saving model ...
Updating learning rate to 3.2531028337306174e-06
Epoch: 12 cost time: 2.7361814975738525
Epoch: 12, Steps: 31 | Train Loss: 0.0796011 Vali Loss: 0.1267710 Test Loss: 0.0754388
Validation loss decreased (0.131900 --> 0.126771).  Saving model ...
Updating learning rate to 3.7228948496758864e-06
Epoch: 13 cost time: 2.7467308044433594
Epoch: 13, Steps: 31 | Train Loss: 0.0768469 Vali Loss: 0.1207083 Test Loss: 0.0717254
Validation loss decreased (0.126771 --> 0.120708).  Saving model ...
Updating learning rate to 4.20890516620423e-06
Epoch: 14 cost time: 2.736867904663086
Epoch: 14, Steps: 31 | Train Loss: 0.0741001 Vali Loss: 0.1160797 Test Loss: 0.0687998
Validation loss decreased (0.120708 --> 0.116080).  Saving model ...
Updating learning rate to 4.705797493344547e-06
Epoch: 15 cost time: 2.7929134368896484
Epoch: 15, Steps: 31 | Train Loss: 0.0717105 Vali Loss: 0.1113590 Test Loss: 0.0664466
Validation loss decreased (0.116080 --> 0.111359).  Saving model ...
Updating learning rate to 5.208116058962259e-06
Epoch: 16 cost time: 2.7532029151916504
Epoch: 16, Steps: 31 | Train Loss: 0.0695915 Vali Loss: 0.1067282 Test Loss: 0.0644041
Validation loss decreased (0.111359 --> 0.106728).  Saving model ...
Updating learning rate to 5.710345511977682e-06
Epoch: 17 cost time: 2.7410149574279785
Epoch: 17, Steps: 31 | Train Loss: 0.0677632 Vali Loss: 0.1034840 Test Loss: 0.0624242
Validation loss decreased (0.106728 --> 0.103484).  Saving model ...
Updating learning rate to 6.206971479748566e-06
Epoch: 18 cost time: 2.742902994155884
Epoch: 18, Steps: 31 | Train Loss: 0.0661128 Vali Loss: 0.1010747 Test Loss: 0.0607089
Validation loss decreased (0.103484 --> 0.101075).  Saving model ...
Updating learning rate to 6.6925411147095855e-06
Epoch: 19 cost time: 2.7591490745544434
Epoch: 19, Steps: 31 | Train Loss: 0.0647092 Vali Loss: 0.0984606 Test Loss: 0.0591094
Validation loss decreased (0.101075 --> 0.098461).  Saving model ...
Updating learning rate to 7.161722965479587e-06
Epoch: 20 cost time: 2.7996315956115723
Epoch: 20, Steps: 31 | Train Loss: 0.0634540 Vali Loss: 0.0966209 Test Loss: 0.0578990
Validation loss decreased (0.098461 --> 0.096621).  Saving model ...
Updating learning rate to 7.609365515064509e-06
Epoch: 21 cost time: 2.7892906665802
Epoch: 21, Steps: 31 | Train Loss: 0.0623728 Vali Loss: 0.0950533 Test Loss: 0.0568468
Validation loss decreased (0.096621 --> 0.095053).  Saving model ...
Updating learning rate to 8.030553743418992e-06
Epoch: 22 cost time: 2.760727882385254
Epoch: 22, Steps: 31 | Train Loss: 0.0615923 Vali Loss: 0.0939075 Test Loss: 0.0559302
Validation loss decreased (0.095053 --> 0.093908).  Saving model ...
Updating learning rate to 8.420663093321771e-06
Epoch: 23 cost time: 2.8247978687286377
Epoch: 23, Steps: 31 | Train Loss: 0.0607049 Vali Loss: 0.0924402 Test Loss: 0.0550552
Validation loss decreased (0.093908 --> 0.092440).  Saving model ...
Updating learning rate to 8.775410247030974e-06
Epoch: 24 cost time: 2.757371664047241
Epoch: 24, Steps: 31 | Train Loss: 0.0598434 Vali Loss: 0.0913175 Test Loss: 0.0543158
Validation loss decreased (0.092440 --> 0.091317).  Saving model ...
Updating learning rate to 9.09090015620249e-06
Epoch: 25 cost time: 2.9225809574127197
Epoch: 25, Steps: 31 | Train Loss: 0.0590984 Vali Loss: 0.0903201 Test Loss: 0.0535724
Validation loss decreased (0.091317 --> 0.090320).  Saving model ...
Updating learning rate to 9.363668808692879e-06
Epoch: 26 cost time: 3.8133153915405273
Epoch: 26, Steps: 31 | Train Loss: 0.0583895 Vali Loss: 0.0894939 Test Loss: 0.0529184
Validation loss decreased (0.090320 --> 0.089494).  Saving model ...
Updating learning rate to 9.59072126267639e-06
Epoch: 27 cost time: 3.825730562210083
Epoch: 27, Steps: 31 | Train Loss: 0.0576645 Vali Loss: 0.0878222 Test Loss: 0.0521993
Validation loss decreased (0.089494 --> 0.087822).  Saving model ...
Updating learning rate to 9.769564530469635e-06
Epoch: 28 cost time: 3.4443323612213135
Epoch: 28, Steps: 31 | Train Loss: 0.0569331 Vali Loss: 0.0872049 Test Loss: 0.0515759
Validation loss decreased (0.087822 --> 0.087205).  Saving model ...
Updating learning rate to 9.898234951006446e-06
Epoch: 29 cost time: 3.530979871749878
Epoch: 29, Steps: 31 | Train Loss: 0.0563101 Vali Loss: 0.0866058 Test Loss: 0.0509133
Validation loss decreased (0.087205 --> 0.086606).  Saving model ...
Updating learning rate to 9.97531975041899e-06
Epoch: 30 cost time: 3.718780994415283
Epoch: 30, Steps: 31 | Train Loss: 0.0556517 Vali Loss: 0.0853709 Test Loss: 0.0503828
Validation loss decreased (0.086606 --> 0.085371).  Saving model ...
Updating learning rate to 9.999994760154602e-06
Epoch: 31 cost time: 3.6828863620758057
Epoch: 31, Steps: 31 | Train Loss: 0.0549096 Vali Loss: 0.0842604 Test Loss: 0.0498248
Validation loss decreased (0.085371 --> 0.084260).  Saving model ...
Updating learning rate to 9.994635356966321e-06
Epoch: 32 cost time: 3.392709493637085
Epoch: 32, Steps: 31 | Train Loss: 0.0543250 Vali Loss: 0.0833352 Test Loss: 0.0492678
Validation loss decreased (0.084260 --> 0.083335).  Saving model ...
Updating learning rate to 9.979217463145653e-06
Epoch: 33 cost time: 3.3505666255950928
Epoch: 33, Steps: 31 | Train Loss: 0.0537077 Vali Loss: 0.0825987 Test Loss: 0.0487394
Validation loss decreased (0.083335 --> 0.082599).  Saving model ...
Updating learning rate to 9.953772128278901e-06
Epoch: 34 cost time: 3.3625078201293945
Epoch: 34, Steps: 31 | Train Loss: 0.0530788 Vali Loss: 0.0816870 Test Loss: 0.0481867
Validation loss decreased (0.082599 --> 0.081687).  Saving model ...
Updating learning rate to 9.918350595884151e-06
Epoch: 35 cost time: 3.370112895965576
Epoch: 35, Steps: 31 | Train Loss: 0.0525207 Vali Loss: 0.0810599 Test Loss: 0.0477154
Validation loss decreased (0.081687 --> 0.081060).  Saving model ...
Updating learning rate to 9.873024200213661e-06
Epoch: 36 cost time: 3.6709911823272705
Epoch: 36, Steps: 31 | Train Loss: 0.0519339 Vali Loss: 0.0803690 Test Loss: 0.0471460
Validation loss decreased (0.081060 --> 0.080369).  Saving model ...
Updating learning rate to 9.817884222596151e-06
Epoch: 37 cost time: 3.611600875854492
Epoch: 37, Steps: 31 | Train Loss: 0.0513264 Vali Loss: 0.0793660 Test Loss: 0.0467090
Validation loss decreased (0.080369 --> 0.079366).  Saving model ...
Updating learning rate to 9.75304170760837e-06
Epoch: 38 cost time: 2.8885974884033203
Epoch: 38, Steps: 31 | Train Loss: 0.0507542 Vali Loss: 0.0786584 Test Loss: 0.0462092
Validation loss decreased (0.079366 --> 0.078658).  Saving model ...
Updating learning rate to 9.678627239446092e-06
Epoch: 39 cost time: 2.9733126163482666
Epoch: 39, Steps: 31 | Train Loss: 0.0501974 Vali Loss: 0.0779427 Test Loss: 0.0457229
Validation loss decreased (0.078658 --> 0.077943).  Saving model ...
Updating learning rate to 9.594790678944921e-06
Epoch: 40 cost time: 2.842512607574463
Epoch: 40, Steps: 31 | Train Loss: 0.0495907 Vali Loss: 0.0769579 Test Loss: 0.0452921
Validation loss decreased (0.077943 --> 0.076958).  Saving model ...
Updating learning rate to 9.50170086178052e-06
Epoch: 41 cost time: 2.857325792312622
Epoch: 41, Steps: 31 | Train Loss: 0.0490926 Vali Loss: 0.0764186 Test Loss: 0.0448872
Validation loss decreased (0.076958 --> 0.076419).  Saving model ...
Updating learning rate to 9.399545258456017e-06
Epoch: 42 cost time: 2.8965489864349365
Epoch: 42, Steps: 31 | Train Loss: 0.0485578 Vali Loss: 0.0754745 Test Loss: 0.0444091
Validation loss decreased (0.076419 --> 0.075475).  Saving model ...
Updating learning rate to 9.288529596761373e-06
Epoch: 43 cost time: 2.8857905864715576
Epoch: 43, Steps: 31 | Train Loss: 0.0480367 Vali Loss: 0.0745278 Test Loss: 0.0439591
Validation loss decreased (0.075475 --> 0.074528).  Saving model ...
Updating learning rate to 9.168877447464985e-06
Epoch: 44 cost time: 2.8773927688598633
Epoch: 44, Steps: 31 | Train Loss: 0.0474848 Vali Loss: 0.0738487 Test Loss: 0.0435243
Validation loss decreased (0.074528 --> 0.073849).  Saving model ...
Updating learning rate to 9.040829774071914e-06
Epoch: 45 cost time: 2.9601528644561768
Epoch: 45, Steps: 31 | Train Loss: 0.0469558 Vali Loss: 0.0733857 Test Loss: 0.0431136
Validation loss decreased (0.073849 --> 0.073386).  Saving model ...
Updating learning rate to 8.904644447555448e-06
Epoch: 46 cost time: 2.886444091796875
Epoch: 46, Steps: 31 | Train Loss: 0.0464830 Vali Loss: 0.0729956 Test Loss: 0.0426591
Validation loss decreased (0.073386 --> 0.072996).  Saving model ...
Updating learning rate to 8.760595727039295e-06
Epoch: 47 cost time: 2.8958122730255127
Epoch: 47, Steps: 31 | Train Loss: 0.0459643 Vali Loss: 0.0718662 Test Loss: 0.0422687
Validation loss decreased (0.072996 --> 0.071866).  Saving model ...
Updating learning rate to 8.608973707476191e-06
Epoch: 48 cost time: 3.0232198238372803
Epoch: 48, Steps: 31 | Train Loss: 0.0454445 Vali Loss: 0.0715748 Test Loss: 0.0418749
Validation loss decreased (0.071866 --> 0.071575).  Saving model ...
Updating learning rate to 8.450083735435278e-06
Epoch: 49 cost time: 3.0247879028320312
Epoch: 49, Steps: 31 | Train Loss: 0.0449758 Vali Loss: 0.0707875 Test Loss: 0.0414582
Validation loss decreased (0.071575 --> 0.070787).  Saving model ...
Updating learning rate to 8.284245794174751e-06
Epoch: 50 cost time: 2.8483476638793945
Epoch: 50, Steps: 31 | Train Loss: 0.0444754 Vali Loss: 0.0701548 Test Loss: 0.0410786
Validation loss decreased (0.070787 --> 0.070155).  Saving model ...
Updating learning rate to 8.111793859238162e-06
Epoch: 51 cost time: 2.832071304321289
Epoch: 51, Steps: 31 | Train Loss: 0.0440058 Vali Loss: 0.0693683 Test Loss: 0.0406921
Validation loss decreased (0.070155 --> 0.069368).  Saving model ...
Updating learning rate to 7.93307522587211e-06
Epoch: 52 cost time: 3.0511045455932617
Epoch: 52, Steps: 31 | Train Loss: 0.0435657 Vali Loss: 0.0687860 Test Loss: 0.0402886
Validation loss decreased (0.069368 --> 0.068786).  Saving model ...
Updating learning rate to 7.748449809619857e-06
Epoch: 53 cost time: 2.9048309326171875
Epoch: 53, Steps: 31 | Train Loss: 0.0431049 Vali Loss: 0.0677805 Test Loss: 0.0399200
Validation loss decreased (0.068786 --> 0.067781).  Saving model ...
Updating learning rate to 7.558289421499295e-06
Epoch: 54 cost time: 2.8711345195770264
Epoch: 54, Steps: 31 | Train Loss: 0.0426624 Vali Loss: 0.0672370 Test Loss: 0.0395362
Validation loss decreased (0.067781 --> 0.067237).  Saving model ...
Updating learning rate to 7.362977019225052e-06
Epoch: 55 cost time: 2.77054762840271
Epoch: 55, Steps: 31 | Train Loss: 0.0421756 Vali Loss: 0.0666042 Test Loss: 0.0391673
Validation loss decreased (0.067237 --> 0.066604).  Saving model ...
Updating learning rate to 7.162905935982624e-06
Epoch: 56 cost time: 2.72031569480896
Epoch: 56, Steps: 31 | Train Loss: 0.0417517 Vali Loss: 0.0662316 Test Loss: 0.0387918
Validation loss decreased (0.066604 --> 0.066232).  Saving model ...
Updating learning rate to 6.958479088307673e-06
Epoch: 57 cost time: 2.739375352859497
Epoch: 57, Steps: 31 | Train Loss: 0.0413126 Vali Loss: 0.0656173 Test Loss: 0.0384508
Validation loss decreased (0.066232 --> 0.065617).  Saving model ...
Updating learning rate to 6.7501081646657556e-06
Epoch: 58 cost time: 2.719242572784424
Epoch: 58, Steps: 31 | Train Loss: 0.0408603 Vali Loss: 0.0645906 Test Loss: 0.0380869
Validation loss decreased (0.065617 --> 0.064591).  Saving model ...
Updating learning rate to 6.538212796366537e-06
Epoch: 59 cost time: 2.7211618423461914
Epoch: 59, Steps: 31 | Train Loss: 0.0404827 Vali Loss: 0.0641467 Test Loss: 0.0377083
Validation loss decreased (0.064591 --> 0.064147).  Saving model ...
Updating learning rate to 6.323219712482178e-06
Epoch: 60 cost time: 2.715743064880371
Epoch: 60, Steps: 31 | Train Loss: 0.0400629 Vali Loss: 0.0636057 Test Loss: 0.0373701
Validation loss decreased (0.064147 --> 0.063606).  Saving model ...
Updating learning rate to 6.1055618804717764e-06
Epoch: 61 cost time: 2.7175252437591553
Epoch: 61, Steps: 31 | Train Loss: 0.0396028 Vali Loss: 0.0629110 Test Loss: 0.0370186
Validation loss decreased (0.063606 --> 0.062911).  Saving model ...
Updating learning rate to 5.8856776342425235e-06
Epoch: 62 cost time: 2.723001003265381
Epoch: 62, Steps: 31 | Train Loss: 0.0392484 Vali Loss: 0.0624653 Test Loss: 0.0366715
Validation loss decreased (0.062911 --> 0.062465).  Saving model ...
Updating learning rate to 5.664009791403554e-06
Epoch: 63 cost time: 2.7555599212646484
Epoch: 63, Steps: 31 | Train Loss: 0.0388511 Vali Loss: 0.0614316 Test Loss: 0.0363356
Validation loss decreased (0.062465 --> 0.061432).  Saving model ...
Updating learning rate to 5.441004761490205e-06
Epoch: 64 cost time: 2.718768358230591
Epoch: 64, Steps: 31 | Train Loss: 0.0384243 Vali Loss: 0.0611274 Test Loss: 0.0359915
Validation loss decreased (0.061432 --> 0.061127).  Saving model ...
Updating learning rate to 5.217111646954626e-06
Epoch: 65 cost time: 2.709272861480713
Epoch: 65, Steps: 31 | Train Loss: 0.0380508 Vali Loss: 0.0607746 Test Loss: 0.0358027
Validation loss decreased (0.061127 --> 0.060775).  Saving model ...
Updating learning rate to 4.992781338733208e-06
Epoch: 66 cost time: 2.7086589336395264
Epoch: 66, Steps: 31 | Train Loss: 0.0379476 Vali Loss: 0.0608259 Test Loss: 0.0358122
EarlyStopping counter: 1 out of 10
Updating learning rate to 4.768465608212241e-06
Epoch: 67 cost time: 2.837043046951294
Epoch: 67, Steps: 31 | Train Loss: 0.0379592 Vali Loss: 0.0607370 Test Loss: 0.0358058
Validation loss decreased (0.060775 --> 0.060737).  Saving model ...
Updating learning rate to 4.544616197420465e-06
Epoch: 68 cost time: 2.7195239067077637
Epoch: 68, Steps: 31 | Train Loss: 0.0378951 Vali Loss: 0.0608344 Test Loss: 0.0358052
EarlyStopping counter: 1 out of 10
Updating learning rate to 4.321683909280753e-06
Epoch: 69 cost time: 2.7136728763580322
Epoch: 69, Steps: 31 | Train Loss: 0.0378452 Vali Loss: 0.0606957 Test Loss: 0.0358082
Validation loss decreased (0.060737 --> 0.060696).  Saving model ...
Updating learning rate to 4.100117699752996e-06
Epoch: 70 cost time: 2.7094554901123047
Epoch: 70, Steps: 31 | Train Loss: 0.0378382 Vali Loss: 0.0608202 Test Loss: 0.0358180
EarlyStopping counter: 1 out of 10
Updating learning rate to 3.8803637736965736e-06
Epoch: 71 cost time: 2.7170255184173584
Epoch: 71, Steps: 31 | Train Loss: 0.0378487 Vali Loss: 0.0607483 Test Loss: 0.0358148
EarlyStopping counter: 2 out of 10
Updating learning rate to 3.66286468627313e-06
Epoch: 72 cost time: 2.7138524055480957
Epoch: 72, Steps: 31 | Train Loss: 0.0378321 Vali Loss: 0.0606441 Test Loss: 0.0358235
Validation loss decreased (0.060696 --> 0.060644).  Saving model ...
Updating learning rate to 3.4480584516993903e-06
Epoch: 73 cost time: 2.711426019668579
Epoch: 73, Steps: 31 | Train Loss: 0.0378004 Vali Loss: 0.0607160 Test Loss: 0.0358266
EarlyStopping counter: 1 out of 10
Updating learning rate to 3.2363776611448018e-06
Epoch: 74 cost time: 2.710000991821289
Epoch: 74, Steps: 31 | Train Loss: 0.0378215 Vali Loss: 0.0608181 Test Loss: 0.0358219
EarlyStopping counter: 2 out of 10
Updating learning rate to 3.0282486115505108e-06
Epoch: 75 cost time: 2.713991641998291
Epoch: 75, Steps: 31 | Train Loss: 0.0377723 Vali Loss: 0.0608547 Test Loss: 0.0358243
EarlyStopping counter: 3 out of 10
Updating learning rate to 2.8240904471240344e-06
Epoch: 76 cost time: 2.7269749641418457
Epoch: 76, Steps: 31 | Train Loss: 0.0377704 Vali Loss: 0.0608664 Test Loss: 0.0358248
EarlyStopping counter: 4 out of 10
Updating learning rate to 2.624314315238625e-06
Epoch: 77 cost time: 2.7213294506073
Epoch: 77, Steps: 31 | Train Loss: 0.0377149 Vali Loss: 0.0608606 Test Loss: 0.0358316
EarlyStopping counter: 5 out of 10
Updating learning rate to 2.429322538437165e-06
Epoch: 78 cost time: 2.716876745223999
Epoch: 78, Steps: 31 | Train Loss: 0.0377597 Vali Loss: 0.0608573 Test Loss: 0.0358309
EarlyStopping counter: 6 out of 10
Updating learning rate to 2.2395078042081163e-06
Epoch: 79 cost time: 2.718935489654541
Epoch: 79, Steps: 31 | Train Loss: 0.0376704 Vali Loss: 0.0606959 Test Loss: 0.0358328
EarlyStopping counter: 7 out of 10
Updating learning rate to 2.055252374165171e-06
Epoch: 80 cost time: 2.7093465328216553
Epoch: 80, Steps: 31 | Train Loss: 0.0376856 Vali Loss: 0.0608328 Test Loss: 0.0358338
EarlyStopping counter: 8 out of 10
Updating learning rate to 1.8769273142232387e-06
Epoch: 81 cost time: 2.7190654277801514
Epoch: 81, Steps: 31 | Train Loss: 0.0376706 Vali Loss: 0.0608053 Test Loss: 0.0358398
EarlyStopping counter: 9 out of 10
Updating learning rate to 1.7048917473210744e-06
Epoch: 82 cost time: 2.736959457397461
Epoch: 82, Steps: 31 | Train Loss: 0.0376636 Vali Loss: 0.0608691 Test Loss: 0.0358348
EarlyStopping counter: 10 out of 10
Early stopping
>>>>>>>testing : ETTh1_336_192_DTFNet_ETTh1_ftM_sl336_ll0_pl192_dm128_nh16_el2_br2_dl1_df256_fc1_ebtimeF_dtTrue_'Exp'_0_'rel_sin'_16_8_16,24_8,12_3_1_256<<<<<<<<<<<<<<<<<<<<<<<<<<<<<<<<<
test 2689
mse:0.3881951570510864, mae:0.40451547503471375, rse:0.5926234126091003
