Args in experiment:
Namespace(is_training=1, model_id='ETTh1_336_336', model='DTFNet', data='ETTh1', root_path='./dataset/', data_path='ETTh1.csv', features='M', target='OT', freq='h', checkpoints='./checkpoints/', seq_len=336, label_len=0, pred_len=336, n_branches=2, patch_len_ls='16,24', stride_ls='8,12', d_model_ls='128', n_heads_ls='16', rel_pe="'rel_sin'", res_attn=False, head_type='flatten', fc_dropout=0.3, head_dropout=0.1, patch_len=16, stride=8, padding_patch="'end'", revin=1, affine=0, subtract_last=0, decomposition=0, kernel_size=25, individual=0, store_attn=False, pre_norm=False, pe='zeros', no_learn_pe=True, embed_type=0, enc_in=7, dec_in=7, c_out=7, d_model=128, n_heads=16, e_layers=2, d_layers=1, d_ff=256, moving_avg=25, factor=1, distil=True, dropout=0.3, embed='timeF', activation='gelu', output_attention=False, do_predict=False, num_workers=0, itr=1, train_epochs=100, batch_size=256, patience=10, learning_rate=1e-05, des="'Exp'", loss='mse', lradj='TST', pct_start=0.3, use_amp=False, l2=0.0, warmup_steps=0, use_gpu=True, gpu=0, use_multi_gpu=False, devices='0', test_flop=False, use_mlflow=False, mlflow_project='exp', loss_flag=2, sub_patch_len=16, sub_stride=8, stride_ls_list='16', model_type='linear', tfactor=3, dilation_rates='1', wavelet_layers=2, wavelet_type='db5', wavelet_mode='periodization', wavelet_dim=64, initTLV=0.2)
Use GPU: cuda:0
>>>>>>>start training : ETTh1_336_336_DTFNet_ETTh1_ftM_sl336_ll0_pl336_dm128_nh16_el2_br2_dl1_df256_fc1_ebtimeF_dtTrue_'Exp'_0_'rel_sin'_16_8_16,24_8,12_3_1_256>>>>>>>>>>>>>>>>>>>>>>>>>>
train 7969
val 2545
test 2545
Epoch: 1 cost time: 9.710423946380615
Epoch: 1, Steps: 31 | Train Loss: 0.0989183 Vali Loss: 0.1653301 Test Loss: 0.0957322
Validation loss decreased (inf --> 0.165330).  Saving model ...
Updating learning rate to 4.2635148986572395e-07
Epoch: 2 cost time: 4.220627784729004
Epoch: 2, Steps: 31 | Train Loss: 0.0979774 Vali Loss: 0.1634829 Test Loss: 0.0948215
Validation loss decreased (0.165330 --> 0.163483).  Saving model ...
Updating learning rate to 5.051166257053371e-07
Epoch: 3 cost time: 4.319124937057495
Epoch: 3, Steps: 31 | Train Loss: 0.0970473 Vali Loss: 0.1618218 Test Loss: 0.0938442
Validation loss decreased (0.163483 --> 0.161822).  Saving model ...
Updating learning rate to 6.354305830693182e-07
Epoch: 4 cost time: 3.5449345111846924
Epoch: 4, Steps: 31 | Train Loss: 0.0961183 Vali Loss: 0.1600478 Test Loss: 0.0928110
Validation loss decreased (0.161822 --> 0.160048).  Saving model ...
Updating learning rate to 8.158625424048165e-07
Epoch: 5 cost time: 3.6131398677825928
Epoch: 5, Steps: 31 | Train Loss: 0.0951116 Vali Loss: 0.1580724 Test Loss: 0.0916930
Validation loss decreased (0.160048 --> 0.158072).  Saving model ...
Updating learning rate to 1.0444313991502185e-06
Epoch: 6 cost time: 3.4779021739959717
Epoch: 6, Steps: 31 | Train Loss: 0.0940761 Vali Loss: 0.1560627 Test Loss: 0.0904656
Validation loss decreased (0.158072 --> 0.156063).  Saving model ...
Updating learning rate to 1.3186275158421247e-06
Epoch: 7 cost time: 3.8391683101654053
Epoch: 7, Steps: 31 | Train Loss: 0.0928912 Vali Loss: 0.1540871 Test Loss: 0.0890910
Validation loss decreased (0.156063 --> 0.154087).  Saving model ...
Updating learning rate to 1.6354402774012767e-06
Epoch: 8 cost time: 4.101006269454956
Epoch: 8, Steps: 31 | Train Loss: 0.0916708 Vali Loss: 0.1518417 Test Loss: 0.0874732
Validation loss decreased (0.154087 --> 0.151842).  Saving model ...
Updating learning rate to 1.99139114704619e-06
Epoch: 9 cost time: 4.088919401168823
Epoch: 9, Steps: 31 | Train Loss: 0.0901920 Vali Loss: 0.1488963 Test Loss: 0.0854836
Validation loss decreased (0.151842 --> 0.148896).  Saving model ...
Updating learning rate to 2.3825718598876392e-06
Epoch: 10 cost time: 3.8289475440979004
Epoch: 10, Steps: 31 | Train Loss: 0.0884463 Vali Loss: 0.1451527 Test Loss: 0.0828670
Validation loss decreased (0.148896 --> 0.145153).  Saving model ...
Updating learning rate to 2.8046873348464134e-06
Epoch: 11 cost time: 4.2224671840667725
Epoch: 11, Steps: 31 | Train Loss: 0.0862537 Vali Loss: 0.1405034 Test Loss: 0.0793569
Validation loss decreased (0.145153 --> 0.140503).  Saving model ...
Updating learning rate to 3.2531028337306174e-06
Epoch: 12 cost time: 3.645738124847412
Epoch: 12, Steps: 31 | Train Loss: 0.0835071 Vali Loss: 0.1343984 Test Loss: 0.0750516
Validation loss decreased (0.140503 --> 0.134398).  Saving model ...
Updating learning rate to 3.7228948496758864e-06
Epoch: 13 cost time: 4.065647840499878
Epoch: 13, Steps: 31 | Train Loss: 0.0805798 Vali Loss: 0.1289666 Test Loss: 0.0710948
Validation loss decreased (0.134398 --> 0.128967).  Saving model ...
Updating learning rate to 4.20890516620423e-06
Epoch: 14 cost time: 4.13155460357666
Epoch: 14, Steps: 31 | Train Loss: 0.0780732 Vali Loss: 0.1248457 Test Loss: 0.0685245
Validation loss decreased (0.128967 --> 0.124846).  Saving model ...
Updating learning rate to 4.705797493344547e-06
Epoch: 15 cost time: 4.141056060791016
Epoch: 15, Steps: 31 | Train Loss: 0.0759674 Vali Loss: 0.1210038 Test Loss: 0.0664700
Validation loss decreased (0.124846 --> 0.121004).  Saving model ...
Updating learning rate to 5.208116058962259e-06
Epoch: 16 cost time: 3.5943663120269775
Epoch: 16, Steps: 31 | Train Loss: 0.0741540 Vali Loss: 0.1188271 Test Loss: 0.0645235
Validation loss decreased (0.121004 --> 0.118827).  Saving model ...
Updating learning rate to 5.710345511977682e-06
Epoch: 17 cost time: 3.6734907627105713
Epoch: 17, Steps: 31 | Train Loss: 0.0725360 Vali Loss: 0.1161859 Test Loss: 0.0627291
Validation loss decreased (0.118827 --> 0.116186).  Saving model ...
Updating learning rate to 6.206971479748566e-06
Epoch: 18 cost time: 3.8441474437713623
Epoch: 18, Steps: 31 | Train Loss: 0.0710117 Vali Loss: 0.1141530 Test Loss: 0.0611885
Validation loss decreased (0.116186 --> 0.114153).  Saving model ...
Updating learning rate to 6.6925411147095855e-06
Epoch: 19 cost time: 4.262319087982178
Epoch: 19, Steps: 31 | Train Loss: 0.0696672 Vali Loss: 0.1123218 Test Loss: 0.0598078
Validation loss decreased (0.114153 --> 0.112322).  Saving model ...
Updating learning rate to 7.161722965479587e-06
Epoch: 20 cost time: 4.288547039031982
Epoch: 20, Steps: 31 | Train Loss: 0.0685961 Vali Loss: 0.1108997 Test Loss: 0.0589216
Validation loss decreased (0.112322 --> 0.110900).  Saving model ...
Updating learning rate to 7.609365515064509e-06
Epoch: 21 cost time: 4.234947204589844
Epoch: 21, Steps: 31 | Train Loss: 0.0676059 Vali Loss: 0.1096846 Test Loss: 0.0580612
Validation loss decreased (0.110900 --> 0.109685).  Saving model ...
Updating learning rate to 8.030553743418992e-06
Epoch: 22 cost time: 4.228526592254639
Epoch: 22, Steps: 31 | Train Loss: 0.0667135 Vali Loss: 0.1084437 Test Loss: 0.0572206
Validation loss decreased (0.109685 --> 0.108444).  Saving model ...
Updating learning rate to 8.420663093321771e-06
Epoch: 23 cost time: 4.261094331741333
Epoch: 23, Steps: 31 | Train Loss: 0.0659275 Vali Loss: 0.1071365 Test Loss: 0.0563861
Validation loss decreased (0.108444 --> 0.107136).  Saving model ...
Updating learning rate to 8.775410247030974e-06
Epoch: 24 cost time: 4.261193513870239
Epoch: 24, Steps: 31 | Train Loss: 0.0650848 Vali Loss: 0.1063811 Test Loss: 0.0556552
Validation loss decreased (0.107136 --> 0.106381).  Saving model ...
Updating learning rate to 9.09090015620249e-06
Epoch: 25 cost time: 4.319622755050659
Epoch: 25, Steps: 31 | Train Loss: 0.0643271 Vali Loss: 0.1050170 Test Loss: 0.0550292
Validation loss decreased (0.106381 --> 0.105017).  Saving model ...
Updating learning rate to 9.363668808692879e-06
Epoch: 26 cost time: 4.255808591842651
Epoch: 26, Steps: 31 | Train Loss: 0.0635444 Vali Loss: 0.1043859 Test Loss: 0.0541849
Validation loss decreased (0.105017 --> 0.104386).  Saving model ...
Updating learning rate to 9.59072126267639e-06
Epoch: 27 cost time: 4.254988670349121
Epoch: 27, Steps: 31 | Train Loss: 0.0628127 Vali Loss: 0.1034858 Test Loss: 0.0536000
Validation loss decreased (0.104386 --> 0.103486).  Saving model ...
Updating learning rate to 9.769564530469635e-06
Epoch: 28 cost time: 4.263173818588257
Epoch: 28, Steps: 31 | Train Loss: 0.0620845 Vali Loss: 0.1023911 Test Loss: 0.0529544
Validation loss decreased (0.103486 --> 0.102391).  Saving model ...
Updating learning rate to 9.898234951006446e-06
Epoch: 29 cost time: 4.302581787109375
Epoch: 29, Steps: 31 | Train Loss: 0.0613793 Vali Loss: 0.1017964 Test Loss: 0.0524315
Validation loss decreased (0.102391 --> 0.101796).  Saving model ...
Updating learning rate to 9.97531975041899e-06
Epoch: 30 cost time: 4.32358193397522
Epoch: 30, Steps: 31 | Train Loss: 0.0607058 Vali Loss: 0.1009405 Test Loss: 0.0519167
Validation loss decreased (0.101796 --> 0.100941).  Saving model ...
Updating learning rate to 9.999994760154602e-06
Epoch: 31 cost time: 4.376253843307495
Epoch: 31, Steps: 31 | Train Loss: 0.0600117 Vali Loss: 0.0998279 Test Loss: 0.0512853
Validation loss decreased (0.100941 --> 0.099828).  Saving model ...
Updating learning rate to 9.994635356966321e-06
Epoch: 32 cost time: 4.315813302993774
Epoch: 32, Steps: 31 | Train Loss: 0.0593263 Vali Loss: 0.0992173 Test Loss: 0.0507076
Validation loss decreased (0.099828 --> 0.099217).  Saving model ...
Updating learning rate to 9.979217463145653e-06
Epoch: 33 cost time: 4.297835350036621
Epoch: 33, Steps: 31 | Train Loss: 0.0587327 Vali Loss: 0.0984769 Test Loss: 0.0502175
Validation loss decreased (0.099217 --> 0.098477).  Saving model ...
Updating learning rate to 9.953772128278901e-06
Epoch: 34 cost time: 4.27644419670105
Epoch: 34, Steps: 31 | Train Loss: 0.0580786 Vali Loss: 0.0978495 Test Loss: 0.0497746
Validation loss decreased (0.098477 --> 0.097850).  Saving model ...
Updating learning rate to 9.918350595884151e-06
Epoch: 35 cost time: 4.302992343902588
Epoch: 35, Steps: 31 | Train Loss: 0.0574387 Vali Loss: 0.0967941 Test Loss: 0.0491778
Validation loss decreased (0.097850 --> 0.096794).  Saving model ...
Updating learning rate to 9.873024200213661e-06
Epoch: 36 cost time: 4.302607774734497
Epoch: 36, Steps: 31 | Train Loss: 0.0568461 Vali Loss: 0.0956933 Test Loss: 0.0488003
Validation loss decreased (0.096794 --> 0.095693).  Saving model ...
Updating learning rate to 9.817884222596151e-06
Epoch: 37 cost time: 4.275047540664673
Epoch: 37, Steps: 31 | Train Loss: 0.0562105 Vali Loss: 0.0953782 Test Loss: 0.0483805
Validation loss decreased (0.095693 --> 0.095378).  Saving model ...
Updating learning rate to 9.75304170760837e-06
Epoch: 38 cost time: 4.257447719573975
Epoch: 38, Steps: 31 | Train Loss: 0.0556059 Vali Loss: 0.0936417 Test Loss: 0.0480402
Validation loss decreased (0.095378 --> 0.093642).  Saving model ...
Updating learning rate to 9.678627239446092e-06
Epoch: 39 cost time: 4.29190731048584
Epoch: 39, Steps: 31 | Train Loss: 0.0550414 Vali Loss: 0.0935506 Test Loss: 0.0474023
Validation loss decreased (0.093642 --> 0.093551).  Saving model ...
Updating learning rate to 9.594790678944921e-06
Epoch: 40 cost time: 4.2689642906188965
Epoch: 40, Steps: 31 | Train Loss: 0.0544543 Vali Loss: 0.0927164 Test Loss: 0.0470336
Validation loss decreased (0.093551 --> 0.092716).  Saving model ...
Updating learning rate to 9.50170086178052e-06
Epoch: 41 cost time: 4.337094068527222
Epoch: 41, Steps: 31 | Train Loss: 0.0538861 Vali Loss: 0.0921244 Test Loss: 0.0466325
Validation loss decreased (0.092716 --> 0.092124).  Saving model ...
Updating learning rate to 9.399545258456017e-06
Epoch: 42 cost time: 4.359774351119995
Epoch: 42, Steps: 31 | Train Loss: 0.0533156 Vali Loss: 0.0914537 Test Loss: 0.0461646
Validation loss decreased (0.092124 --> 0.091454).  Saving model ...
Updating learning rate to 9.288529596761373e-06
Epoch: 43 cost time: 4.34922981262207
Epoch: 43, Steps: 31 | Train Loss: 0.0527654 Vali Loss: 0.0902131 Test Loss: 0.0457212
Validation loss decreased (0.091454 --> 0.090213).  Saving model ...
Updating learning rate to 9.168877447464985e-06
Epoch: 44 cost time: 4.31066632270813
Epoch: 44, Steps: 31 | Train Loss: 0.0522293 Vali Loss: 0.0896506 Test Loss: 0.0454202
Validation loss decreased (0.090213 --> 0.089651).  Saving model ...
Updating learning rate to 9.040829774071914e-06
Epoch: 45 cost time: 4.278688192367554
Epoch: 45, Steps: 31 | Train Loss: 0.0517035 Vali Loss: 0.0891641 Test Loss: 0.0449659
Validation loss decreased (0.089651 --> 0.089164).  Saving model ...
Updating learning rate to 8.904644447555448e-06
Epoch: 46 cost time: 4.306129455566406
Epoch: 46, Steps: 31 | Train Loss: 0.0511577 Vali Loss: 0.0882969 Test Loss: 0.0445766
Validation loss decreased (0.089164 --> 0.088297).  Saving model ...
Updating learning rate to 8.760595727039295e-06
Epoch: 47 cost time: 4.3385961055755615
Epoch: 47, Steps: 31 | Train Loss: 0.0506314 Vali Loss: 0.0871033 Test Loss: 0.0443051
Validation loss decreased (0.088297 --> 0.087103).  Saving model ...
Updating learning rate to 8.608973707476191e-06
Epoch: 48 cost time: 4.3171141147613525
Epoch: 48, Steps: 31 | Train Loss: 0.0501113 Vali Loss: 0.0863956 Test Loss: 0.0438393
Validation loss decreased (0.087103 --> 0.086396).  Saving model ...
Updating learning rate to 8.450083735435278e-06
Epoch: 49 cost time: 4.269319772720337
Epoch: 49, Steps: 31 | Train Loss: 0.0495863 Vali Loss: 0.0861855 Test Loss: 0.0433925
Validation loss decreased (0.086396 --> 0.086186).  Saving model ...
Updating learning rate to 8.284245794174751e-06
Epoch: 50 cost time: 4.312686920166016
Epoch: 50, Steps: 31 | Train Loss: 0.0491316 Vali Loss: 0.0852561 Test Loss: 0.0430553
Validation loss decreased (0.086186 --> 0.085256).  Saving model ...
Updating learning rate to 8.111793859238162e-06
Epoch: 51 cost time: 4.344523906707764
Epoch: 51, Steps: 31 | Train Loss: 0.0486312 Vali Loss: 0.0841854 Test Loss: 0.0427728
Validation loss decreased (0.085256 --> 0.084185).  Saving model ...
Updating learning rate to 7.93307522587211e-06
Epoch: 52 cost time: 4.310315370559692
Epoch: 52, Steps: 31 | Train Loss: 0.0481518 Vali Loss: 0.0832937 Test Loss: 0.0423407
Validation loss decreased (0.084185 --> 0.083294).  Saving model ...
Updating learning rate to 7.748449809619857e-06
Epoch: 53 cost time: 4.30432915687561
Epoch: 53, Steps: 31 | Train Loss: 0.0476446 Vali Loss: 0.0828776 Test Loss: 0.0420878
Validation loss decreased (0.083294 --> 0.082878).  Saving model ...
Updating learning rate to 7.558289421499295e-06
Epoch: 54 cost time: 4.32081413269043
Epoch: 54, Steps: 31 | Train Loss: 0.0472029 Vali Loss: 0.0820745 Test Loss: 0.0416858
Validation loss decreased (0.082878 --> 0.082074).  Saving model ...
Updating learning rate to 7.362977019225052e-06
Epoch: 55 cost time: 4.345104455947876
Epoch: 55, Steps: 31 | Train Loss: 0.0467407 Vali Loss: 0.0814641 Test Loss: 0.0414025
Validation loss decreased (0.082074 --> 0.081464).  Saving model ...
Updating learning rate to 7.162905935982624e-06
Epoch: 56 cost time: 4.331024885177612
Epoch: 56, Steps: 31 | Train Loss: 0.0462821 Vali Loss: 0.0808543 Test Loss: 0.0409543
Validation loss decreased (0.081464 --> 0.080854).  Saving model ...
Updating learning rate to 6.958479088307673e-06
Epoch: 57 cost time: 4.299088001251221
Epoch: 57, Steps: 31 | Train Loss: 0.0458278 Vali Loss: 0.0794976 Test Loss: 0.0407119
Validation loss decreased (0.080854 --> 0.079498).  Saving model ...
Updating learning rate to 6.7501081646657556e-06
Epoch: 58 cost time: 4.339634656906128
Epoch: 58, Steps: 31 | Train Loss: 0.0453681 Vali Loss: 0.0794023 Test Loss: 0.0402606
Validation loss decreased (0.079498 --> 0.079402).  Saving model ...
Updating learning rate to 6.538212796366537e-06
Epoch: 59 cost time: 4.337172746658325
Epoch: 59, Steps: 31 | Train Loss: 0.0449208 Vali Loss: 0.0782966 Test Loss: 0.0399121
Validation loss decreased (0.079402 --> 0.078297).  Saving model ...
Updating learning rate to 6.323219712482178e-06
Epoch: 60 cost time: 4.3348963260650635
Epoch: 60, Steps: 31 | Train Loss: 0.0444985 Vali Loss: 0.0774618 Test Loss: 0.0397394
Validation loss decreased (0.078297 --> 0.077462).  Saving model ...
Updating learning rate to 6.1055618804717764e-06
Epoch: 61 cost time: 4.346945285797119
Epoch: 61, Steps: 31 | Train Loss: 0.0440900 Vali Loss: 0.0770004 Test Loss: 0.0392658
Validation loss decreased (0.077462 --> 0.077000).  Saving model ...
Updating learning rate to 5.8856776342425235e-06
Epoch: 62 cost time: 4.355209589004517
Epoch: 62, Steps: 31 | Train Loss: 0.0436365 Vali Loss: 0.0762939 Test Loss: 0.0388796
Validation loss decreased (0.077000 --> 0.076294).  Saving model ...
Updating learning rate to 5.664009791403554e-06
Epoch: 63 cost time: 4.379297733306885
Epoch: 63, Steps: 31 | Train Loss: 0.0432200 Vali Loss: 0.0756155 Test Loss: 0.0384798
Validation loss decreased (0.076294 --> 0.075616).  Saving model ...
Updating learning rate to 5.441004761490205e-06
Epoch: 64 cost time: 4.332866430282593
Epoch: 64, Steps: 31 | Train Loss: 0.0428103 Vali Loss: 0.0751679 Test Loss: 0.0382498
Validation loss decreased (0.075616 --> 0.075168).  Saving model ...
Updating learning rate to 5.217111646954626e-06
Epoch: 65 cost time: 4.335894584655762
Epoch: 65, Steps: 31 | Train Loss: 0.0424348 Vali Loss: 0.0744455 Test Loss: 0.0380113
Validation loss decreased (0.075168 --> 0.074445).  Saving model ...
Updating learning rate to 4.992781338733208e-06
Epoch: 66 cost time: 4.338133811950684
Epoch: 66, Steps: 31 | Train Loss: 0.0420036 Vali Loss: 0.0736449 Test Loss: 0.0376446
Validation loss decreased (0.074445 --> 0.073645).  Saving model ...
Updating learning rate to 4.768465608212241e-06
Epoch: 67 cost time: 4.306054592132568
Epoch: 67, Steps: 31 | Train Loss: 0.0416509 Vali Loss: 0.0728756 Test Loss: 0.0373025
Validation loss decreased (0.073645 --> 0.072876).  Saving model ...
Updating learning rate to 4.544616197420465e-06
Epoch: 68 cost time: 4.50392484664917
Epoch: 68, Steps: 31 | Train Loss: 0.0412385 Vali Loss: 0.0720064 Test Loss: 0.0370493
Validation loss decreased (0.072876 --> 0.072006).  Saving model ...
Updating learning rate to 4.321683909280753e-06
Epoch: 69 cost time: 4.343301296234131
Epoch: 69, Steps: 31 | Train Loss: 0.0408484 Vali Loss: 0.0717485 Test Loss: 0.0366401
Validation loss decreased (0.072006 --> 0.071749).  Saving model ...
Updating learning rate to 4.100117699752996e-06
Epoch: 70 cost time: 4.314908504486084
Epoch: 70, Steps: 31 | Train Loss: 0.0405101 Vali Loss: 0.0712669 Test Loss: 0.0365257
Validation loss decreased (0.071749 --> 0.071267).  Saving model ...
Updating learning rate to 3.8803637736965736e-06
Epoch: 71 cost time: 4.3103344440460205
Epoch: 71, Steps: 31 | Train Loss: 0.0404619 Vali Loss: 0.0713139 Test Loss: 0.0366214
EarlyStopping counter: 1 out of 10
Updating learning rate to 3.66286468627313e-06
Epoch: 72 cost time: 4.318707227706909
Epoch: 72, Steps: 31 | Train Loss: 0.0404704 Vali Loss: 0.0711710 Test Loss: 0.0365685
Validation loss decreased (0.071267 --> 0.071171).  Saving model ...
Updating learning rate to 3.4480584516993903e-06
Epoch: 73 cost time: 4.33381462097168
Epoch: 73, Steps: 31 | Train Loss: 0.0404405 Vali Loss: 0.0711378 Test Loss: 0.0366345
Validation loss decreased (0.071171 --> 0.071138).  Saving model ...
Updating learning rate to 3.2363776611448018e-06
Epoch: 74 cost time: 4.323942184448242
Epoch: 74, Steps: 31 | Train Loss: 0.0403974 Vali Loss: 0.0711491 Test Loss: 0.0365699
EarlyStopping counter: 1 out of 10
Updating learning rate to 3.0282486115505108e-06
Epoch: 75 cost time: 4.33989691734314
Epoch: 75, Steps: 31 | Train Loss: 0.0404135 Vali Loss: 0.0714002 Test Loss: 0.0365543
EarlyStopping counter: 2 out of 10
Updating learning rate to 2.8240904471240344e-06
Epoch: 76 cost time: 4.372727155685425
Epoch: 76, Steps: 31 | Train Loss: 0.0403797 Vali Loss: 0.0711915 Test Loss: 0.0365595
EarlyStopping counter: 3 out of 10
Updating learning rate to 2.624314315238625e-06
Epoch: 77 cost time: 4.353305339813232
Epoch: 77, Steps: 31 | Train Loss: 0.0403791 Vali Loss: 0.0712088 Test Loss: 0.0365718
EarlyStopping counter: 4 out of 10
Updating learning rate to 2.429322538437165e-06
Epoch: 78 cost time: 4.410880088806152
Epoch: 78, Steps: 31 | Train Loss: 0.0403736 Vali Loss: 0.0714737 Test Loss: 0.0365831
EarlyStopping counter: 5 out of 10
Updating learning rate to 2.2395078042081163e-06
Epoch: 79 cost time: 4.339808464050293
Epoch: 79, Steps: 31 | Train Loss: 0.0403528 Vali Loss: 0.0709844 Test Loss: 0.0365901
Validation loss decreased (0.071138 --> 0.070984).  Saving model ...
Updating learning rate to 2.055252374165171e-06
Epoch: 80 cost time: 4.294106960296631
Epoch: 80, Steps: 31 | Train Loss: 0.0403305 Vali Loss: 0.0713926 Test Loss: 0.0365683
EarlyStopping counter: 1 out of 10
Updating learning rate to 1.8769273142232387e-06
Epoch: 81 cost time: 4.3735833168029785
Epoch: 81, Steps: 31 | Train Loss: 0.0403267 Vali Loss: 0.0711559 Test Loss: 0.0365735
EarlyStopping counter: 2 out of 10
Updating learning rate to 1.7048917473210744e-06
Epoch: 82 cost time: 4.334521532058716
Epoch: 82, Steps: 31 | Train Loss: 0.0403273 Vali Loss: 0.0711123 Test Loss: 0.0365899
EarlyStopping counter: 3 out of 10
Updating learning rate to 1.5394921301954737e-06
Epoch: 83 cost time: 4.391762733459473
Epoch: 83, Steps: 31 | Train Loss: 0.0403035 Vali Loss: 0.0714314 Test Loss: 0.0365674
EarlyStopping counter: 4 out of 10
Updating learning rate to 1.3810615556635116e-06
Epoch: 84 cost time: 4.34787654876709
Epoch: 84, Steps: 31 | Train Loss: 0.0402771 Vali Loss: 0.0712736 Test Loss: 0.0366170
EarlyStopping counter: 5 out of 10
Updating learning rate to 1.2299190818179384e-06
Epoch: 85 cost time: 4.321834325790405
Epoch: 85, Steps: 31 | Train Loss: 0.0403041 Vali Loss: 0.0710642 Test Loss: 0.0365912
EarlyStopping counter: 6 out of 10
Updating learning rate to 1.086369089486641e-06
Epoch: 86 cost time: 4.4204041957855225
Epoch: 86, Steps: 31 | Train Loss: 0.0402800 Vali Loss: 0.0712388 Test Loss: 0.0365830
EarlyStopping counter: 7 out of 10
Updating learning rate to 9.507006692501629e-07
Epoch: 87 cost time: 4.37205958366394
Epoch: 87, Steps: 31 | Train Loss: 0.0402922 Vali Loss: 0.0711463 Test Loss: 0.0366316
EarlyStopping counter: 8 out of 10
Updating learning rate to 8.231870392517542e-07
Epoch: 88 cost time: 4.479512453079224
Epoch: 88, Steps: 31 | Train Loss: 0.0402711 Vali Loss: 0.0711051 Test Loss: 0.0366240
EarlyStopping counter: 9 out of 10
Updating learning rate to 7.040849949723783e-07
Epoch: 89 cost time: 4.37577748298645
Epoch: 89, Steps: 31 | Train Loss: 0.0402575 Vali Loss: 0.0712046 Test Loss: 0.0366144
EarlyStopping counter: 10 out of 10
Early stopping
>>>>>>>testing : ETTh1_336_336_DTFNet_ETTh1_ftM_sl336_ll0_pl336_dm128_nh16_el2_br2_dl1_df256_fc1_ebtimeF_dtTrue_'Exp'_0_'rel_sin'_16_8_16,24_8,12_3_1_256<<<<<<<<<<<<<<<<<<<<<<<<<<<<<<<<<
test 2545
mse:0.3849792778491974, mae:0.41238346695899963, rse:0.597786009311676
