Args in experiment:
Namespace(is_training=1, model_id='ETTh1_336_336', model='DTFNet', data='ETTh1', root_path='./dataset/', data_path='ETTh1.csv', features='M', target='OT', freq='h', checkpoints='./checkpoints/', seq_len=336, label_len=0, pred_len=336, n_branches=2, patch_len_ls='16,24', stride_ls='8,12', d_model_ls='128', n_heads_ls='16', rel_pe="'rel_sin'", res_attn=False, head_type='flatten', fc_dropout=0.3, head_dropout=0.1, patch_len=16, stride=8, padding_patch="'end'", revin=1, affine=0, subtract_last=0, decomposition=0, kernel_size=25, individual=0, store_attn=False, pre_norm=False, pe='zeros', no_learn_pe=True, embed_type=0, enc_in=7, dec_in=7, c_out=7, d_model=128, n_heads=16, e_layers=2, d_layers=1, d_ff=256, moving_avg=25, factor=1, distil=True, dropout=0.3, embed='timeF', activation='gelu', output_attention=False, do_predict=False, num_workers=0, itr=1, train_epochs=100, batch_size=256, patience=10, learning_rate=1e-05, des="'Exp'", loss='mse', lradj='TST', pct_start=0.3, use_amp=False, l2=0.0, warmup_steps=0, use_gpu=True, gpu=0, use_multi_gpu=False, devices='0', test_flop=False, use_mlflow=False, mlflow_project='exp', loss_flag=2, sub_patch_len=16, sub_stride=8, stride_ls_list='16', model_type='linear', tfactor=3, dilation_rates='1', wavelet_layers=2, wavelet_type='db5', wavelet_mode='periodization', wavelet_dim=64, initTLV=0.2)
Use GPU: cuda:0
>>>>>>>start training : ETTh1_336_336_DTFNet_ETTh1_ftM_sl336_ll0_pl336_dm128_nh16_el2_br2_dl1_df256_fc1_ebtimeF_dtTrue_'Exp'_0_'rel_sin'_16_8_16,24_8,12_3_1_256>>>>>>>>>>>>>>>>>>>>>>>>>>
train 7969
val 2545
test 2545
Epoch: 1 cost time: 6.964329242706299
Epoch: 1, Steps: 31 | Train Loss: 0.0988647 Vali Loss: 0.1653305 Test Loss: 0.0955410
Validation loss decreased (inf --> 0.165330).  Saving model ...
Updating learning rate to 4.2635148986572395e-07
Epoch: 2 cost time: 3.421682357788086
Epoch: 2, Steps: 31 | Train Loss: 0.0979653 Vali Loss: 0.1634196 Test Loss: 0.0946399
Validation loss decreased (0.165330 --> 0.163420).  Saving model ...
Updating learning rate to 5.051166257053371e-07
Epoch: 3 cost time: 3.37933349609375
Epoch: 3, Steps: 31 | Train Loss: 0.0969853 Vali Loss: 0.1619430 Test Loss: 0.0936669
Validation loss decreased (0.163420 --> 0.161943).  Saving model ...
Updating learning rate to 6.354305830693182e-07
Epoch: 4 cost time: 3.3940021991729736
Epoch: 4, Steps: 31 | Train Loss: 0.0960582 Vali Loss: 0.1600480 Test Loss: 0.0926397
Validation loss decreased (0.161943 --> 0.160048).  Saving model ...
Updating learning rate to 8.158625424048165e-07
Epoch: 5 cost time: 3.4219119548797607
Epoch: 5, Steps: 31 | Train Loss: 0.0950841 Vali Loss: 0.1580004 Test Loss: 0.0915215
Validation loss decreased (0.160048 --> 0.158000).  Saving model ...
Updating learning rate to 1.0444313991502185e-06
Epoch: 6 cost time: 3.413520097732544
Epoch: 6, Steps: 31 | Train Loss: 0.0940092 Vali Loss: 0.1556586 Test Loss: 0.0902889
Validation loss decreased (0.158000 --> 0.155659).  Saving model ...
Updating learning rate to 1.3186275158421247e-06
Epoch: 7 cost time: 3.380038261413574
Epoch: 7, Steps: 31 | Train Loss: 0.0928820 Vali Loss: 0.1538561 Test Loss: 0.0888923
Validation loss decreased (0.155659 --> 0.153856).  Saving model ...
Updating learning rate to 1.6354402774012767e-06
Epoch: 8 cost time: 3.4227123260498047
Epoch: 8, Steps: 31 | Train Loss: 0.0915796 Vali Loss: 0.1512824 Test Loss: 0.0872529
Validation loss decreased (0.153856 --> 0.151282).  Saving model ...
Updating learning rate to 1.99139114704619e-06
Epoch: 9 cost time: 3.4372076988220215
Epoch: 9, Steps: 31 | Train Loss: 0.0901349 Vali Loss: 0.1481488 Test Loss: 0.0852183
Validation loss decreased (0.151282 --> 0.148149).  Saving model ...
Updating learning rate to 2.3825718598876392e-06
Epoch: 10 cost time: 3.5205252170562744
Epoch: 10, Steps: 31 | Train Loss: 0.0883321 Vali Loss: 0.1449774 Test Loss: 0.0825428
Validation loss decreased (0.148149 --> 0.144977).  Saving model ...
Updating learning rate to 2.8046873348464134e-06
Epoch: 11 cost time: 3.378838300704956
Epoch: 11, Steps: 31 | Train Loss: 0.0861039 Vali Loss: 0.1399866 Test Loss: 0.0789118
Validation loss decreased (0.144977 --> 0.139987).  Saving model ...
Updating learning rate to 3.2531028337306174e-06
Epoch: 12 cost time: 3.388066530227661
Epoch: 12, Steps: 31 | Train Loss: 0.0833717 Vali Loss: 0.1340341 Test Loss: 0.0746135
Validation loss decreased (0.139987 --> 0.134034).  Saving model ...
Updating learning rate to 3.7228948496758864e-06
Epoch: 13 cost time: 3.5055484771728516
Epoch: 13, Steps: 31 | Train Loss: 0.0804976 Vali Loss: 0.1289890 Test Loss: 0.0708379
Validation loss decreased (0.134034 --> 0.128989).  Saving model ...
Updating learning rate to 4.20890516620423e-06
Epoch: 14 cost time: 3.38979434967041
Epoch: 14, Steps: 31 | Train Loss: 0.0780532 Vali Loss: 0.1254261 Test Loss: 0.0684106
Validation loss decreased (0.128989 --> 0.125426).  Saving model ...
Updating learning rate to 4.705797493344547e-06
Epoch: 15 cost time: 3.402158498764038
Epoch: 15, Steps: 31 | Train Loss: 0.0760530 Vali Loss: 0.1215306 Test Loss: 0.0665350
Validation loss decreased (0.125426 --> 0.121531).  Saving model ...
Updating learning rate to 5.208116058962259e-06
Epoch: 16 cost time: 3.473339796066284
Epoch: 16, Steps: 31 | Train Loss: 0.0742858 Vali Loss: 0.1192500 Test Loss: 0.0647791
Validation loss decreased (0.121531 --> 0.119250).  Saving model ...
Updating learning rate to 5.710345511977682e-06
Epoch: 17 cost time: 3.425262212753296
Epoch: 17, Steps: 31 | Train Loss: 0.0726676 Vali Loss: 0.1162380 Test Loss: 0.0629407
Validation loss decreased (0.119250 --> 0.116238).  Saving model ...
Updating learning rate to 6.206971479748566e-06
Epoch: 18 cost time: 3.483538866043091
Epoch: 18, Steps: 31 | Train Loss: 0.0711439 Vali Loss: 0.1146382 Test Loss: 0.0611359
Validation loss decreased (0.116238 --> 0.114638).  Saving model ...
Updating learning rate to 6.6925411147095855e-06
Epoch: 19 cost time: 3.4202980995178223
Epoch: 19, Steps: 31 | Train Loss: 0.0698565 Vali Loss: 0.1125962 Test Loss: 0.0599091
Validation loss decreased (0.114638 --> 0.112596).  Saving model ...
Updating learning rate to 7.161722965479587e-06
Epoch: 20 cost time: 3.4463083744049072
Epoch: 20, Steps: 31 | Train Loss: 0.0687042 Vali Loss: 0.1110911 Test Loss: 0.0588793
Validation loss decreased (0.112596 --> 0.111091).  Saving model ...
Updating learning rate to 7.609365515064509e-06
Epoch: 21 cost time: 3.522796869277954
Epoch: 21, Steps: 31 | Train Loss: 0.0677489 Vali Loss: 0.1093816 Test Loss: 0.0578818
Validation loss decreased (0.111091 --> 0.109382).  Saving model ...
Updating learning rate to 8.030553743418992e-06
Epoch: 22 cost time: 3.4397361278533936
Epoch: 22, Steps: 31 | Train Loss: 0.0668430 Vali Loss: 0.1088676 Test Loss: 0.0570849
Validation loss decreased (0.109382 --> 0.108868).  Saving model ...
Updating learning rate to 8.420663093321771e-06
Epoch: 23 cost time: 3.4585583209991455
Epoch: 23, Steps: 31 | Train Loss: 0.0660211 Vali Loss: 0.1070331 Test Loss: 0.0563246
Validation loss decreased (0.108868 --> 0.107033).  Saving model ...
Updating learning rate to 8.775410247030974e-06
Epoch: 24 cost time: 3.5035383701324463
Epoch: 24, Steps: 31 | Train Loss: 0.0651558 Vali Loss: 0.1066090 Test Loss: 0.0555431
Validation loss decreased (0.107033 --> 0.106609).  Saving model ...
Updating learning rate to 9.09090015620249e-06
Epoch: 25 cost time: 3.4651427268981934
Epoch: 25, Steps: 31 | Train Loss: 0.0643976 Vali Loss: 0.1054480 Test Loss: 0.0549744
Validation loss decreased (0.106609 --> 0.105448).  Saving model ...
Updating learning rate to 9.363668808692879e-06
Epoch: 26 cost time: 3.4864654541015625
Epoch: 26, Steps: 31 | Train Loss: 0.0636626 Vali Loss: 0.1053276 Test Loss: 0.0543494
Validation loss decreased (0.105448 --> 0.105328).  Saving model ...
Updating learning rate to 9.59072126267639e-06
Epoch: 27 cost time: 3.444924831390381
Epoch: 27, Steps: 31 | Train Loss: 0.0629256 Vali Loss: 0.1037105 Test Loss: 0.0535810
Validation loss decreased (0.105328 --> 0.103710).  Saving model ...
Updating learning rate to 9.769564530469635e-06
Epoch: 28 cost time: 3.4677815437316895
Epoch: 28, Steps: 31 | Train Loss: 0.0621869 Vali Loss: 0.1027212 Test Loss: 0.0529121
Validation loss decreased (0.103710 --> 0.102721).  Saving model ...
Updating learning rate to 9.898234951006446e-06
Epoch: 29 cost time: 3.503750801086426
Epoch: 29, Steps: 31 | Train Loss: 0.0614847 Vali Loss: 0.1018708 Test Loss: 0.0524644
Validation loss decreased (0.102721 --> 0.101871).  Saving model ...
Updating learning rate to 9.97531975041899e-06
Epoch: 30 cost time: 3.4780166149139404
Epoch: 30, Steps: 31 | Train Loss: 0.0608043 Vali Loss: 0.1008822 Test Loss: 0.0518220
Validation loss decreased (0.101871 --> 0.100882).  Saving model ...
Updating learning rate to 9.999994760154602e-06
Epoch: 31 cost time: 3.5399482250213623
Epoch: 31, Steps: 31 | Train Loss: 0.0601203 Vali Loss: 0.1004582 Test Loss: 0.0511702
Validation loss decreased (0.100882 --> 0.100458).  Saving model ...
Updating learning rate to 9.994635356966321e-06
Epoch: 32 cost time: 3.46903133392334
Epoch: 32, Steps: 31 | Train Loss: 0.0594595 Vali Loss: 0.0991822 Test Loss: 0.0507445
Validation loss decreased (0.100458 --> 0.099182).  Saving model ...
Updating learning rate to 9.979217463145653e-06
Epoch: 33 cost time: 3.519407272338867
Epoch: 33, Steps: 31 | Train Loss: 0.0588150 Vali Loss: 0.0985842 Test Loss: 0.0502193
Validation loss decreased (0.099182 --> 0.098584).  Saving model ...
Updating learning rate to 9.953772128278901e-06
Epoch: 34 cost time: 3.455538749694824
Epoch: 34, Steps: 31 | Train Loss: 0.0581769 Vali Loss: 0.0971758 Test Loss: 0.0496377
Validation loss decreased (0.098584 --> 0.097176).  Saving model ...
Updating learning rate to 9.918350595884151e-06
Epoch: 35 cost time: 3.442086935043335
Epoch: 35, Steps: 31 | Train Loss: 0.0575386 Vali Loss: 0.0966391 Test Loss: 0.0492435
Validation loss decreased (0.097176 --> 0.096639).  Saving model ...
Updating learning rate to 9.873024200213661e-06
Epoch: 36 cost time: 3.4484875202178955
Epoch: 36, Steps: 31 | Train Loss: 0.0569524 Vali Loss: 0.0956917 Test Loss: 0.0487317
Validation loss decreased (0.096639 --> 0.095692).  Saving model ...
Updating learning rate to 9.817884222596151e-06
Epoch: 37 cost time: 3.50624418258667
Epoch: 37, Steps: 31 | Train Loss: 0.0563200 Vali Loss: 0.0952648 Test Loss: 0.0482895
Validation loss decreased (0.095692 --> 0.095265).  Saving model ...
Updating learning rate to 9.75304170760837e-06
Epoch: 38 cost time: 3.476837158203125
Epoch: 38, Steps: 31 | Train Loss: 0.0557409 Vali Loss: 0.0941319 Test Loss: 0.0477974
Validation loss decreased (0.095265 --> 0.094132).  Saving model ...
Updating learning rate to 9.678627239446092e-06
Epoch: 39 cost time: 3.5213522911071777
Epoch: 39, Steps: 31 | Train Loss: 0.0551548 Vali Loss: 0.0939740 Test Loss: 0.0474999
Validation loss decreased (0.094132 --> 0.093974).  Saving model ...
Updating learning rate to 9.594790678944921e-06
Epoch: 40 cost time: 3.484140634536743
Epoch: 40, Steps: 31 | Train Loss: 0.0545456 Vali Loss: 0.0927223 Test Loss: 0.0470213
Validation loss decreased (0.093974 --> 0.092722).  Saving model ...
Updating learning rate to 9.50170086178052e-06
Epoch: 41 cost time: 3.49422550201416
Epoch: 41, Steps: 31 | Train Loss: 0.0539936 Vali Loss: 0.0923692 Test Loss: 0.0465151
Validation loss decreased (0.092722 --> 0.092369).  Saving model ...
Updating learning rate to 9.399545258456017e-06
Epoch: 42 cost time: 3.520092248916626
Epoch: 42, Steps: 31 | Train Loss: 0.0534154 Vali Loss: 0.0909941 Test Loss: 0.0461546
Validation loss decreased (0.092369 --> 0.090994).  Saving model ...
Updating learning rate to 9.288529596761373e-06
Epoch: 43 cost time: 3.4860260486602783
Epoch: 43, Steps: 31 | Train Loss: 0.0528935 Vali Loss: 0.0904255 Test Loss: 0.0458916
Validation loss decreased (0.090994 --> 0.090426).  Saving model ...
Updating learning rate to 9.168877447464985e-06
Epoch: 44 cost time: 3.5499939918518066
Epoch: 44, Steps: 31 | Train Loss: 0.0523228 Vali Loss: 0.0895686 Test Loss: 0.0452696
Validation loss decreased (0.090426 --> 0.089569).  Saving model ...
Updating learning rate to 9.040829774071914e-06
Epoch: 45 cost time: 3.506427049636841
Epoch: 45, Steps: 31 | Train Loss: 0.0517420 Vali Loss: 0.0889907 Test Loss: 0.0448248
Validation loss decreased (0.089569 --> 0.088991).  Saving model ...
Updating learning rate to 8.904644447555448e-06
Epoch: 46 cost time: 3.527097463607788
Epoch: 46, Steps: 31 | Train Loss: 0.0512381 Vali Loss: 0.0887361 Test Loss: 0.0444915
Validation loss decreased (0.088991 --> 0.088736).  Saving model ...
Updating learning rate to 8.760595727039295e-06
Epoch: 47 cost time: 3.5196914672851562
Epoch: 47, Steps: 31 | Train Loss: 0.0506787 Vali Loss: 0.0876513 Test Loss: 0.0441107
Validation loss decreased (0.088736 --> 0.087651).  Saving model ...
Updating learning rate to 8.608973707476191e-06
Epoch: 48 cost time: 3.6656975746154785
Epoch: 48, Steps: 31 | Train Loss: 0.0501976 Vali Loss: 0.0870097 Test Loss: 0.0438162
Validation loss decreased (0.087651 --> 0.087010).  Saving model ...
Updating learning rate to 8.450083735435278e-06
Epoch: 49 cost time: 3.5060462951660156
Epoch: 49, Steps: 31 | Train Loss: 0.0496785 Vali Loss: 0.0860475 Test Loss: 0.0433223
Validation loss decreased (0.087010 --> 0.086048).  Saving model ...
Updating learning rate to 8.284245794174751e-06
Epoch: 50 cost time: 3.509509563446045
Epoch: 50, Steps: 31 | Train Loss: 0.0492001 Vali Loss: 0.0855569 Test Loss: 0.0429059
Validation loss decreased (0.086048 --> 0.085557).  Saving model ...
Updating learning rate to 8.111793859238162e-06
Epoch: 51 cost time: 3.5329787731170654
Epoch: 51, Steps: 31 | Train Loss: 0.0486875 Vali Loss: 0.0845147 Test Loss: 0.0425913
Validation loss decreased (0.085557 --> 0.084515).  Saving model ...
Updating learning rate to 7.93307522587211e-06
Epoch: 52 cost time: 3.5262820720672607
Epoch: 52, Steps: 31 | Train Loss: 0.0481926 Vali Loss: 0.0839660 Test Loss: 0.0422179
Validation loss decreased (0.084515 --> 0.083966).  Saving model ...
Updating learning rate to 7.748449809619857e-06
Epoch: 53 cost time: 3.531902313232422
Epoch: 53, Steps: 31 | Train Loss: 0.0476855 Vali Loss: 0.0831713 Test Loss: 0.0418162
Validation loss decreased (0.083966 --> 0.083171).  Saving model ...
Updating learning rate to 7.558289421499295e-06
Epoch: 54 cost time: 4.18535041809082
Epoch: 54, Steps: 31 | Train Loss: 0.0472461 Vali Loss: 0.0823385 Test Loss: 0.0414175
Validation loss decreased (0.083171 --> 0.082338).  Saving model ...
Updating learning rate to 7.362977019225052e-06
Epoch: 55 cost time: 4.548699140548706
Epoch: 55, Steps: 31 | Train Loss: 0.0467808 Vali Loss: 0.0817127 Test Loss: 0.0411675
Validation loss decreased (0.082338 --> 0.081713).  Saving model ...
Updating learning rate to 7.162905935982624e-06
Epoch: 56 cost time: 3.8775711059570312
Epoch: 56, Steps: 31 | Train Loss: 0.0463053 Vali Loss: 0.0809519 Test Loss: 0.0407354
Validation loss decreased (0.081713 --> 0.080952).  Saving model ...
Updating learning rate to 6.958479088307673e-06
Epoch: 57 cost time: 3.854710340499878
Epoch: 57, Steps: 31 | Train Loss: 0.0458321 Vali Loss: 0.0799252 Test Loss: 0.0404628
Validation loss decreased (0.080952 --> 0.079925).  Saving model ...
Updating learning rate to 6.7501081646657556e-06
Epoch: 58 cost time: 4.071357250213623
Epoch: 58, Steps: 31 | Train Loss: 0.0454126 Vali Loss: 0.0793682 Test Loss: 0.0400429
Validation loss decreased (0.079925 --> 0.079368).  Saving model ...
Updating learning rate to 6.538212796366537e-06
Epoch: 59 cost time: 4.135648012161255
Epoch: 59, Steps: 31 | Train Loss: 0.0449626 Vali Loss: 0.0787454 Test Loss: 0.0397250
Validation loss decreased (0.079368 --> 0.078745).  Saving model ...
Updating learning rate to 6.323219712482178e-06
Epoch: 60 cost time: 4.138586521148682
Epoch: 60, Steps: 31 | Train Loss: 0.0445342 Vali Loss: 0.0779087 Test Loss: 0.0394217
Validation loss decreased (0.078745 --> 0.077909).  Saving model ...
Updating learning rate to 6.1055618804717764e-06
Epoch: 61 cost time: 3.8387115001678467
Epoch: 61, Steps: 31 | Train Loss: 0.0441171 Vali Loss: 0.0774042 Test Loss: 0.0390465
Validation loss decreased (0.077909 --> 0.077404).  Saving model ...
Updating learning rate to 5.8856776342425235e-06
Epoch: 62 cost time: 4.142320156097412
Epoch: 62, Steps: 31 | Train Loss: 0.0436788 Vali Loss: 0.0766503 Test Loss: 0.0387124
Validation loss decreased (0.077404 --> 0.076650).  Saving model ...
Updating learning rate to 5.664009791403554e-06
Epoch: 63 cost time: 4.0489182472229
Epoch: 63, Steps: 31 | Train Loss: 0.0432748 Vali Loss: 0.0758864 Test Loss: 0.0383331
Validation loss decreased (0.076650 --> 0.075886).  Saving model ...
Updating learning rate to 5.441004761490205e-06
Epoch: 64 cost time: 4.131045818328857
Epoch: 64, Steps: 31 | Train Loss: 0.0428536 Vali Loss: 0.0751724 Test Loss: 0.0380212
Validation loss decreased (0.075886 --> 0.075172).  Saving model ...
Updating learning rate to 5.217111646954626e-06
Epoch: 65 cost time: 4.012862682342529
Epoch: 65, Steps: 31 | Train Loss: 0.0424427 Vali Loss: 0.0744315 Test Loss: 0.0377446
Validation loss decreased (0.075172 --> 0.074431).  Saving model ...
Updating learning rate to 4.992781338733208e-06
Epoch: 66 cost time: 3.796234369277954
Epoch: 66, Steps: 31 | Train Loss: 0.0420460 Vali Loss: 0.0736495 Test Loss: 0.0374457
Validation loss decreased (0.074431 --> 0.073649).  Saving model ...
Updating learning rate to 4.768465608212241e-06
Epoch: 67 cost time: 4.0845537185668945
Epoch: 67, Steps: 31 | Train Loss: 0.0416384 Vali Loss: 0.0729661 Test Loss: 0.0371229
Validation loss decreased (0.073649 --> 0.072966).  Saving model ...
Updating learning rate to 4.544616197420465e-06
Epoch: 68 cost time: 3.6814842224121094
Epoch: 68, Steps: 31 | Train Loss: 0.0412724 Vali Loss: 0.0723727 Test Loss: 0.0367935
Validation loss decreased (0.072966 --> 0.072373).  Saving model ...
Updating learning rate to 4.321683909280753e-06
Epoch: 69 cost time: 4.119115591049194
Epoch: 69, Steps: 31 | Train Loss: 0.0408579 Vali Loss: 0.0717438 Test Loss: 0.0364795
Validation loss decreased (0.072373 --> 0.071744).  Saving model ...
Updating learning rate to 4.100117699752996e-06
Epoch: 70 cost time: 3.72111177444458
Epoch: 70, Steps: 31 | Train Loss: 0.0405189 Vali Loss: 0.0714838 Test Loss: 0.0363986
Validation loss decreased (0.071744 --> 0.071484).  Saving model ...
Updating learning rate to 3.8803637736965736e-06
Epoch: 71 cost time: 4.083554983139038
Epoch: 71, Steps: 31 | Train Loss: 0.0404939 Vali Loss: 0.0714209 Test Loss: 0.0363909
Validation loss decreased (0.071484 --> 0.071421).  Saving model ...
Updating learning rate to 3.66286468627313e-06
Epoch: 72 cost time: 3.8076956272125244
Epoch: 72, Steps: 31 | Train Loss: 0.0404428 Vali Loss: 0.0716734 Test Loss: 0.0363562
EarlyStopping counter: 1 out of 10
Updating learning rate to 3.4480584516993903e-06
Epoch: 73 cost time: 4.109440565109253
Epoch: 73, Steps: 31 | Train Loss: 0.0404227 Vali Loss: 0.0715228 Test Loss: 0.0363725
EarlyStopping counter: 2 out of 10
Updating learning rate to 3.2363776611448018e-06
Epoch: 74 cost time: 3.7039053440093994
Epoch: 74, Steps: 31 | Train Loss: 0.0404008 Vali Loss: 0.0717242 Test Loss: 0.0363795
EarlyStopping counter: 3 out of 10
Updating learning rate to 3.0282486115505108e-06
Epoch: 75 cost time: 4.291926145553589
Epoch: 75, Steps: 31 | Train Loss: 0.0403959 Vali Loss: 0.0714155 Test Loss: 0.0363667
Validation loss decreased (0.071421 --> 0.071415).  Saving model ...
Updating learning rate to 2.8240904471240344e-06
Epoch: 76 cost time: 3.690514087677002
Epoch: 76, Steps: 31 | Train Loss: 0.0404002 Vali Loss: 0.0715847 Test Loss: 0.0363489
EarlyStopping counter: 1 out of 10
Updating learning rate to 2.624314315238625e-06
Epoch: 77 cost time: 3.748929023742676
Epoch: 77, Steps: 31 | Train Loss: 0.0403518 Vali Loss: 0.0714025 Test Loss: 0.0363614
Validation loss decreased (0.071415 --> 0.071403).  Saving model ...
Updating learning rate to 2.429322538437165e-06
Epoch: 78 cost time: 3.6852989196777344
Epoch: 78, Steps: 31 | Train Loss: 0.0403541 Vali Loss: 0.0715509 Test Loss: 0.0363935
EarlyStopping counter: 1 out of 10
Updating learning rate to 2.2395078042081163e-06
Epoch: 79 cost time: 3.7299141883850098
Epoch: 79, Steps: 31 | Train Loss: 0.0403410 Vali Loss: 0.0713060 Test Loss: 0.0363798
Validation loss decreased (0.071403 --> 0.071306).  Saving model ...
Updating learning rate to 2.055252374165171e-06
Epoch: 80 cost time: 3.6633713245391846
Epoch: 80, Steps: 31 | Train Loss: 0.0403256 Vali Loss: 0.0715584 Test Loss: 0.0363851
EarlyStopping counter: 1 out of 10
Updating learning rate to 1.8769273142232387e-06
Epoch: 81 cost time: 3.6361050605773926
Epoch: 81, Steps: 31 | Train Loss: 0.0402965 Vali Loss: 0.0713754 Test Loss: 0.0364305
EarlyStopping counter: 2 out of 10
Updating learning rate to 1.7048917473210744e-06
Epoch: 82 cost time: 3.7602548599243164
Epoch: 82, Steps: 31 | Train Loss: 0.0403076 Vali Loss: 0.0714359 Test Loss: 0.0363968
EarlyStopping counter: 3 out of 10
Updating learning rate to 1.5394921301954737e-06
Epoch: 83 cost time: 3.7178986072540283
Epoch: 83, Steps: 31 | Train Loss: 0.0403000 Vali Loss: 0.0716163 Test Loss: 0.0363918
EarlyStopping counter: 4 out of 10
Updating learning rate to 1.3810615556635116e-06
Epoch: 84 cost time: 3.7361998558044434
Epoch: 84, Steps: 31 | Train Loss: 0.0403133 Vali Loss: 0.0713527 Test Loss: 0.0364142
EarlyStopping counter: 5 out of 10
Updating learning rate to 1.2299190818179384e-06
Epoch: 85 cost time: 3.8371169567108154
Epoch: 85, Steps: 31 | Train Loss: 0.0402624 Vali Loss: 0.0715931 Test Loss: 0.0364385
EarlyStopping counter: 6 out of 10
Updating learning rate to 1.086369089486641e-06
Epoch: 86 cost time: 4.1256020069122314
Epoch: 86, Steps: 31 | Train Loss: 0.0402854 Vali Loss: 0.0715724 Test Loss: 0.0364111
EarlyStopping counter: 7 out of 10
Updating learning rate to 9.507006692501629e-07
Epoch: 87 cost time: 3.8393495082855225
Epoch: 87, Steps: 31 | Train Loss: 0.0402709 Vali Loss: 0.0714072 Test Loss: 0.0364248
EarlyStopping counter: 8 out of 10
Updating learning rate to 8.231870392517542e-07
Epoch: 88 cost time: 3.644943952560425
Epoch: 88, Steps: 31 | Train Loss: 0.0402605 Vali Loss: 0.0715189 Test Loss: 0.0364192
EarlyStopping counter: 9 out of 10
Updating learning rate to 7.040849949723783e-07
Epoch: 89 cost time: 3.6626994609832764
Epoch: 89, Steps: 31 | Train Loss: 0.0402424 Vali Loss: 0.0712573 Test Loss: 0.0364196
Validation loss decreased (0.071306 --> 0.071257).  Saving model ...
Updating learning rate to 5.936343920788024e-07
Epoch: 90 cost time: 3.7334327697753906
Epoch: 90, Steps: 31 | Train Loss: 0.0402520 Vali Loss: 0.0713936 Test Loss: 0.0364166
EarlyStopping counter: 1 out of 10
Updating learning rate to 4.920576633861978e-07
Epoch: 91 cost time: 3.7544851303100586
Epoch: 91, Steps: 31 | Train Loss: 0.0402688 Vali Loss: 0.0712915 Test Loss: 0.0364270
EarlyStopping counter: 2 out of 10
Updating learning rate to 3.995593709080523e-07
Epoch: 92 cost time: 3.867615222930908
Epoch: 92, Steps: 31 | Train Loss: 0.0402550 Vali Loss: 0.0716160 Test Loss: 0.0364189
EarlyStopping counter: 3 out of 10
Updating learning rate to 3.163257938955016e-07
Epoch: 93 cost time: 3.8468308448791504
Epoch: 93, Steps: 31 | Train Loss: 0.0402659 Vali Loss: 0.0713166 Test Loss: 0.0364259
EarlyStopping counter: 4 out of 10
Updating learning rate to 2.425245536957059e-07
Epoch: 94 cost time: 3.7898073196411133
Epoch: 94, Steps: 31 | Train Loss: 0.0402421 Vali Loss: 0.0714580 Test Loss: 0.0364285
EarlyStopping counter: 5 out of 10
Updating learning rate to 1.7830427618476438e-07
Epoch: 95 cost time: 3.791684150695801
Epoch: 95, Steps: 31 | Train Loss: 0.0402624 Vali Loss: 0.0714479 Test Loss: 0.0364315
EarlyStopping counter: 6 out of 10
Updating learning rate to 1.2379429245498026e-07
Epoch: 96 cost time: 3.8053133487701416
Epoch: 96, Steps: 31 | Train Loss: 0.0402376 Vali Loss: 0.0715256 Test Loss: 0.0364247
EarlyStopping counter: 7 out of 10
Updating learning rate to 7.910437835925333e-08
Epoch: 97 cost time: 3.8580286502838135
Epoch: 97, Steps: 31 | Train Loss: 0.0402370 Vali Loss: 0.0714853 Test Loss: 0.0364192
EarlyStopping counter: 8 out of 10
Updating learning rate to 4.432453343712131e-08
Epoch: 98 cost time: 3.778130531311035
Epoch: 98, Steps: 31 | Train Loss: 0.0402351 Vali Loss: 0.0713441 Test Loss: 0.0364214
EarlyStopping counter: 9 out of 10
Updating learning rate to 1.9524799667665005e-08
Epoch: 99 cost time: 3.7277002334594727
Epoch: 99, Steps: 31 | Train Loss: 0.0402471 Vali Loss: 0.0713665 Test Loss: 0.0364219
EarlyStopping counter: 10 out of 10
Early stopping
>>>>>>>testing : ETTh1_336_336_DTFNet_ETTh1_ftM_sl336_ll0_pl336_dm128_nh16_el2_br2_dl1_df256_fc1_ebtimeF_dtTrue_'Exp'_0_'rel_sin'_16_8_16,24_8,12_3_1_256<<<<<<<<<<<<<<<<<<<<<<<<<<<<<<<<<
test 2545
mse:0.3823672831058502, mae:0.4106399714946747, rse:0.5957546234130859
