Args in experiment:
Namespace(is_training=1, model_id='ETTh1_336_336', model='DTFNet', data='ETTh1', root_path='./dataset/', data_path='ETTh1.csv', features='M', target='OT', freq='h', checkpoints='./checkpoints/', seq_len=336, label_len=0, pred_len=336, n_branches=2, patch_len_ls='16,24', stride_ls='8,12', d_model_ls='128', n_heads_ls='16', rel_pe="'rel_sin'", res_attn=False, head_type='flatten', fc_dropout=0.3, head_dropout=0.1, patch_len=16, stride=8, padding_patch="'end'", revin=1, affine=0, subtract_last=0, decomposition=0, kernel_size=25, individual=0, store_attn=False, pre_norm=False, pe='zeros', no_learn_pe=True, embed_type=0, enc_in=7, dec_in=7, c_out=7, d_model=128, n_heads=16, e_layers=2, d_layers=1, d_ff=256, moving_avg=25, factor=1, distil=True, dropout=0.3, embed='timeF', activation='gelu', output_attention=False, do_predict=False, num_workers=0, itr=1, train_epochs=100, batch_size=256, patience=10, learning_rate=1e-05, des="'Exp'", loss='mse', lradj='TST', pct_start=0.3, use_amp=False, l2=0.0, warmup_steps=0, use_gpu=True, gpu=0, use_multi_gpu=False, devices='0', test_flop=False, use_mlflow=False, mlflow_project='exp', loss_flag=2, sub_patch_len=16, sub_stride=8, stride_ls_list='16', model_type='linear', tfactor=3, dilation_rates='1', wavelet_layers=2, wavelet_type='db5', wavelet_mode='periodization', wavelet_dim=64, initTLV=0.2)
Use GPU: cuda:0
>>>>>>>start training : ETTh1_336_336_DTFNet_ETTh1_ftM_sl336_ll0_pl336_dm128_nh16_el2_br2_dl1_df256_fc1_ebtimeF_dtTrue_'Exp'_0_'rel_sin'_16_8_16,24_8,12_3_1_256>>>>>>>>>>>>>>>>>>>>>>>>>>
train 7969
val 2545
test 2545
Epoch: 1 cost time: 9.646654605865479
Epoch: 1, Steps: 31 | Train Loss: 0.0988839 Vali Loss: 0.1653166 Test Loss: 0.0955982
Validation loss decreased (inf --> 0.165317).  Saving model ...
Updating learning rate to 4.2635148986572395e-07
Epoch: 2 cost time: 4.142728328704834
Epoch: 2, Steps: 31 | Train Loss: 0.0979284 Vali Loss: 0.1634536 Test Loss: 0.0946720
Validation loss decreased (0.165317 --> 0.163454).  Saving model ...
Updating learning rate to 5.051166257053371e-07
Epoch: 3 cost time: 4.2128753662109375
Epoch: 3, Steps: 31 | Train Loss: 0.0970468 Vali Loss: 0.1623847 Test Loss: 0.0936851
Validation loss decreased (0.163454 --> 0.162385).  Saving model ...
Updating learning rate to 6.354305830693182e-07
Epoch: 4 cost time: 4.152642011642456
Epoch: 4, Steps: 31 | Train Loss: 0.0960875 Vali Loss: 0.1603880 Test Loss: 0.0926283
Validation loss decreased (0.162385 --> 0.160388).  Saving model ...
Updating learning rate to 8.158625424048165e-07
Epoch: 5 cost time: 4.230358839035034
Epoch: 5, Steps: 31 | Train Loss: 0.0950750 Vali Loss: 0.1584159 Test Loss: 0.0914827
Validation loss decreased (0.160388 --> 0.158416).  Saving model ...
Updating learning rate to 1.0444313991502185e-06
Epoch: 6 cost time: 4.212173223495483
Epoch: 6, Steps: 31 | Train Loss: 0.0940303 Vali Loss: 0.1562420 Test Loss: 0.0902151
Validation loss decreased (0.158416 --> 0.156242).  Saving model ...
Updating learning rate to 1.3186275158421247e-06
Epoch: 7 cost time: 4.196053743362427
Epoch: 7, Steps: 31 | Train Loss: 0.0928502 Vali Loss: 0.1543796 Test Loss: 0.0887854
Validation loss decreased (0.156242 --> 0.154380).  Saving model ...
Updating learning rate to 1.6354402774012767e-06
Epoch: 8 cost time: 4.193083047866821
Epoch: 8, Steps: 31 | Train Loss: 0.0915892 Vali Loss: 0.1515052 Test Loss: 0.0870914
Validation loss decreased (0.154380 --> 0.151505).  Saving model ...
Updating learning rate to 1.99139114704619e-06
Epoch: 9 cost time: 4.246562957763672
Epoch: 9, Steps: 31 | Train Loss: 0.0900598 Vali Loss: 0.1483135 Test Loss: 0.0849894
Validation loss decreased (0.151505 --> 0.148314).  Saving model ...
Updating learning rate to 2.3825718598876392e-06
Epoch: 10 cost time: 4.2130208015441895
Epoch: 10, Steps: 31 | Train Loss: 0.0882842 Vali Loss: 0.1448108 Test Loss: 0.0822280
Validation loss decreased (0.148314 --> 0.144811).  Saving model ...
Updating learning rate to 2.8046873348464134e-06
Epoch: 11 cost time: 4.355373859405518
Epoch: 11, Steps: 31 | Train Loss: 0.0860203 Vali Loss: 0.1402134 Test Loss: 0.0785221
Validation loss decreased (0.144811 --> 0.140213).  Saving model ...
Updating learning rate to 3.2531028337306174e-06
Epoch: 12 cost time: 4.3282151222229
Epoch: 12, Steps: 31 | Train Loss: 0.0832605 Vali Loss: 0.1341776 Test Loss: 0.0740833
Validation loss decreased (0.140213 --> 0.134178).  Saving model ...
Updating learning rate to 3.7228948496758864e-06
Epoch: 13 cost time: 4.286262273788452
Epoch: 13, Steps: 31 | Train Loss: 0.0804681 Vali Loss: 0.1286603 Test Loss: 0.0702805
Validation loss decreased (0.134178 --> 0.128660).  Saving model ...
Updating learning rate to 4.20890516620423e-06
Epoch: 14 cost time: 4.292389631271362
Epoch: 14, Steps: 31 | Train Loss: 0.0781078 Vali Loss: 0.1253821 Test Loss: 0.0678839
Validation loss decreased (0.128660 --> 0.125382).  Saving model ...
Updating learning rate to 4.705797493344547e-06
Epoch: 15 cost time: 4.2537970542907715
Epoch: 15, Steps: 31 | Train Loss: 0.0760643 Vali Loss: 0.1215838 Test Loss: 0.0658063
Validation loss decreased (0.125382 --> 0.121584).  Saving model ...
Updating learning rate to 5.208116058962259e-06
Epoch: 16 cost time: 4.267759799957275
Epoch: 16, Steps: 31 | Train Loss: 0.0741066 Vali Loss: 0.1185862 Test Loss: 0.0636800
Validation loss decreased (0.121584 --> 0.118586).  Saving model ...
Updating learning rate to 5.710345511977682e-06
Epoch: 17 cost time: 4.280133008956909
Epoch: 17, Steps: 31 | Train Loss: 0.0723097 Vali Loss: 0.1157554 Test Loss: 0.0619180
Validation loss decreased (0.118586 --> 0.115755).  Saving model ...
Updating learning rate to 6.206971479748566e-06
Epoch: 18 cost time: 4.299216985702515
Epoch: 18, Steps: 31 | Train Loss: 0.0707742 Vali Loss: 0.1140998 Test Loss: 0.0603687
Validation loss decreased (0.115755 --> 0.114100).  Saving model ...
Updating learning rate to 6.6925411147095855e-06
Epoch: 19 cost time: 4.242417335510254
Epoch: 19, Steps: 31 | Train Loss: 0.0695472 Vali Loss: 0.1122338 Test Loss: 0.0592292
Validation loss decreased (0.114100 --> 0.112234).  Saving model ...
Updating learning rate to 7.161722965479587e-06
Epoch: 20 cost time: 4.28331446647644
Epoch: 20, Steps: 31 | Train Loss: 0.0684798 Vali Loss: 0.1107550 Test Loss: 0.0583988
Validation loss decreased (0.112234 --> 0.110755).  Saving model ...
Updating learning rate to 7.609365515064509e-06
Epoch: 21 cost time: 4.297961950302124
Epoch: 21, Steps: 31 | Train Loss: 0.0675812 Vali Loss: 0.1091328 Test Loss: 0.0574304
Validation loss decreased (0.110755 --> 0.109133).  Saving model ...
Updating learning rate to 8.030553743418992e-06
Epoch: 22 cost time: 4.3253397941589355
Epoch: 22, Steps: 31 | Train Loss: 0.0667131 Vali Loss: 0.1082817 Test Loss: 0.0566322
Validation loss decreased (0.109133 --> 0.108282).  Saving model ...
Updating learning rate to 8.420663093321771e-06
Epoch: 23 cost time: 4.307408332824707
Epoch: 23, Steps: 31 | Train Loss: 0.0658930 Vali Loss: 0.1070702 Test Loss: 0.0559376
Validation loss decreased (0.108282 --> 0.107070).  Saving model ...
Updating learning rate to 8.775410247030974e-06
Epoch: 24 cost time: 4.300135374069214
Epoch: 24, Steps: 31 | Train Loss: 0.0651208 Vali Loss: 0.1059567 Test Loss: 0.0552144
Validation loss decreased (0.107070 --> 0.105957).  Saving model ...
Updating learning rate to 9.09090015620249e-06
Epoch: 25 cost time: 4.2706298828125
Epoch: 25, Steps: 31 | Train Loss: 0.0643163 Vali Loss: 0.1043643 Test Loss: 0.0544781
Validation loss decreased (0.105957 --> 0.104364).  Saving model ...
Updating learning rate to 9.363668808692879e-06
Epoch: 26 cost time: 4.31843638420105
Epoch: 26, Steps: 31 | Train Loss: 0.0636000 Vali Loss: 0.1040631 Test Loss: 0.0538613
Validation loss decreased (0.104364 --> 0.104063).  Saving model ...
Updating learning rate to 9.59072126267639e-06
Epoch: 27 cost time: 4.284508228302002
Epoch: 27, Steps: 31 | Train Loss: 0.0628357 Vali Loss: 0.1032828 Test Loss: 0.0533608
Validation loss decreased (0.104063 --> 0.103283).  Saving model ...
Updating learning rate to 9.769564530469635e-06
Epoch: 28 cost time: 4.364944219589233
Epoch: 28, Steps: 31 | Train Loss: 0.0621387 Vali Loss: 0.1022361 Test Loss: 0.0527041
Validation loss decreased (0.103283 --> 0.102236).  Saving model ...
Updating learning rate to 9.898234951006446e-06
Epoch: 29 cost time: 4.340827226638794
Epoch: 29, Steps: 31 | Train Loss: 0.0614303 Vali Loss: 0.1015845 Test Loss: 0.0520391
Validation loss decreased (0.102236 --> 0.101585).  Saving model ...
Updating learning rate to 9.97531975041899e-06
Epoch: 30 cost time: 4.3750245571136475
Epoch: 30, Steps: 31 | Train Loss: 0.0607615 Vali Loss: 0.1005621 Test Loss: 0.0514693
Validation loss decreased (0.101585 --> 0.100562).  Saving model ...
Updating learning rate to 9.999994760154602e-06
Epoch: 31 cost time: 4.319221258163452
Epoch: 31, Steps: 31 | Train Loss: 0.0600805 Vali Loss: 0.0993715 Test Loss: 0.0511231
Validation loss decreased (0.100562 --> 0.099371).  Saving model ...
Updating learning rate to 9.994635356966321e-06
Epoch: 32 cost time: 4.303015470504761
Epoch: 32, Steps: 31 | Train Loss: 0.0593999 Vali Loss: 0.0986528 Test Loss: 0.0505761
Validation loss decreased (0.099371 --> 0.098653).  Saving model ...
Updating learning rate to 9.979217463145653e-06
Epoch: 33 cost time: 4.315795421600342
Epoch: 33, Steps: 31 | Train Loss: 0.0587522 Vali Loss: 0.0979466 Test Loss: 0.0500304
Validation loss decreased (0.098653 --> 0.097947).  Saving model ...
Updating learning rate to 9.953772128278901e-06
Epoch: 34 cost time: 4.3426055908203125
Epoch: 34, Steps: 31 | Train Loss: 0.0581522 Vali Loss: 0.0967941 Test Loss: 0.0495713
Validation loss decreased (0.097947 --> 0.096794).  Saving model ...
Updating learning rate to 9.918350595884151e-06
Epoch: 35 cost time: 4.3810670375823975
Epoch: 35, Steps: 31 | Train Loss: 0.0574895 Vali Loss: 0.0964663 Test Loss: 0.0489982
Validation loss decreased (0.096794 --> 0.096466).  Saving model ...
Updating learning rate to 9.873024200213661e-06
Epoch: 36 cost time: 4.346827983856201
Epoch: 36, Steps: 31 | Train Loss: 0.0568817 Vali Loss: 0.0957294 Test Loss: 0.0485758
Validation loss decreased (0.096466 --> 0.095729).  Saving model ...
Updating learning rate to 9.817884222596151e-06
Epoch: 37 cost time: 4.418452739715576
Epoch: 37, Steps: 31 | Train Loss: 0.0562813 Vali Loss: 0.0951906 Test Loss: 0.0480887
Validation loss decreased (0.095729 --> 0.095191).  Saving model ...
Updating learning rate to 9.75304170760837e-06
Epoch: 38 cost time: 4.4084718227386475
Epoch: 38, Steps: 31 | Train Loss: 0.0557112 Vali Loss: 0.0937709 Test Loss: 0.0477538
Validation loss decreased (0.095191 --> 0.093771).  Saving model ...
Updating learning rate to 9.678627239446092e-06
Epoch: 39 cost time: 4.35526704788208
Epoch: 39, Steps: 31 | Train Loss: 0.0550890 Vali Loss: 0.0935650 Test Loss: 0.0472513
Validation loss decreased (0.093771 --> 0.093565).  Saving model ...
Updating learning rate to 9.594790678944921e-06
Epoch: 40 cost time: 4.298141002655029
Epoch: 40, Steps: 31 | Train Loss: 0.0545205 Vali Loss: 0.0925713 Test Loss: 0.0468010
Validation loss decreased (0.093565 --> 0.092571).  Saving model ...
Updating learning rate to 9.50170086178052e-06
Epoch: 41 cost time: 4.283441543579102
Epoch: 41, Steps: 31 | Train Loss: 0.0539375 Vali Loss: 0.0921996 Test Loss: 0.0463234
Validation loss decreased (0.092571 --> 0.092200).  Saving model ...
Updating learning rate to 9.399545258456017e-06
Epoch: 42 cost time: 4.317620277404785
Epoch: 42, Steps: 31 | Train Loss: 0.0533968 Vali Loss: 0.0913013 Test Loss: 0.0459305
Validation loss decreased (0.092200 --> 0.091301).  Saving model ...
Updating learning rate to 9.288529596761373e-06
Epoch: 43 cost time: 4.5943732261657715
Epoch: 43, Steps: 31 | Train Loss: 0.0528338 Vali Loss: 0.0901510 Test Loss: 0.0455207
Validation loss decreased (0.091301 --> 0.090151).  Saving model ...
Updating learning rate to 9.168877447464985e-06
Epoch: 44 cost time: 4.329936504364014
Epoch: 44, Steps: 31 | Train Loss: 0.0522637 Vali Loss: 0.0898312 Test Loss: 0.0451280
Validation loss decreased (0.090151 --> 0.089831).  Saving model ...
Updating learning rate to 9.040829774071914e-06
Epoch: 45 cost time: 4.3219218254089355
Epoch: 45, Steps: 31 | Train Loss: 0.0517167 Vali Loss: 0.0887793 Test Loss: 0.0447305
Validation loss decreased (0.089831 --> 0.088779).  Saving model ...
Updating learning rate to 8.904644447555448e-06
Epoch: 46 cost time: 4.305849075317383
Epoch: 46, Steps: 31 | Train Loss: 0.0511924 Vali Loss: 0.0882037 Test Loss: 0.0443960
Validation loss decreased (0.088779 --> 0.088204).  Saving model ...
Updating learning rate to 8.760595727039295e-06
Epoch: 47 cost time: 4.288640737533569
Epoch: 47, Steps: 31 | Train Loss: 0.0506805 Vali Loss: 0.0873472 Test Loss: 0.0440015
Validation loss decreased (0.088204 --> 0.087347).  Saving model ...
Updating learning rate to 8.608973707476191e-06
Epoch: 48 cost time: 4.350881338119507
Epoch: 48, Steps: 31 | Train Loss: 0.0501503 Vali Loss: 0.0869561 Test Loss: 0.0435457
Validation loss decreased (0.087347 --> 0.086956).  Saving model ...
Updating learning rate to 8.450083735435278e-06
Epoch: 49 cost time: 4.329616069793701
Epoch: 49, Steps: 31 | Train Loss: 0.0496263 Vali Loss: 0.0860837 Test Loss: 0.0432054
Validation loss decreased (0.086956 --> 0.086084).  Saving model ...
Updating learning rate to 8.284245794174751e-06
Epoch: 50 cost time: 4.321167945861816
Epoch: 50, Steps: 31 | Train Loss: 0.0491786 Vali Loss: 0.0851578 Test Loss: 0.0428262
Validation loss decreased (0.086084 --> 0.085158).  Saving model ...
Updating learning rate to 8.111793859238162e-06
Epoch: 51 cost time: 4.358909606933594
Epoch: 51, Steps: 31 | Train Loss: 0.0486671 Vali Loss: 0.0842450 Test Loss: 0.0424745
Validation loss decreased (0.085158 --> 0.084245).  Saving model ...
Updating learning rate to 7.93307522587211e-06
Epoch: 52 cost time: 4.37394118309021
Epoch: 52, Steps: 31 | Train Loss: 0.0481915 Vali Loss: 0.0835979 Test Loss: 0.0420495
Validation loss decreased (0.084245 --> 0.083598).  Saving model ...
Updating learning rate to 7.748449809619857e-06
Epoch: 53 cost time: 4.332129955291748
Epoch: 53, Steps: 31 | Train Loss: 0.0476822 Vali Loss: 0.0831758 Test Loss: 0.0417021
Validation loss decreased (0.083598 --> 0.083176).  Saving model ...
Updating learning rate to 7.558289421499295e-06
Epoch: 54 cost time: 4.319898366928101
Epoch: 54, Steps: 31 | Train Loss: 0.0472370 Vali Loss: 0.0824494 Test Loss: 0.0413655
Validation loss decreased (0.083176 --> 0.082449).  Saving model ...
Updating learning rate to 7.362977019225052e-06
Epoch: 55 cost time: 4.300441265106201
Epoch: 55, Steps: 31 | Train Loss: 0.0467610 Vali Loss: 0.0815946 Test Loss: 0.0410012
Validation loss decreased (0.082449 --> 0.081595).  Saving model ...
Updating learning rate to 7.162905935982624e-06
Epoch: 56 cost time: 4.384860992431641
Epoch: 56, Steps: 31 | Train Loss: 0.0463375 Vali Loss: 0.0808590 Test Loss: 0.0406548
Validation loss decreased (0.081595 --> 0.080859).  Saving model ...
Updating learning rate to 6.958479088307673e-06
Epoch: 57 cost time: 4.334563970565796
Epoch: 57, Steps: 31 | Train Loss: 0.0458573 Vali Loss: 0.0801934 Test Loss: 0.0403322
Validation loss decreased (0.080859 --> 0.080193).  Saving model ...
Updating learning rate to 6.7501081646657556e-06
Epoch: 58 cost time: 4.3366334438323975
Epoch: 58, Steps: 31 | Train Loss: 0.0454009 Vali Loss: 0.0793067 Test Loss: 0.0399376
Validation loss decreased (0.080193 --> 0.079307).  Saving model ...
Updating learning rate to 6.538212796366537e-06
Epoch: 59 cost time: 4.310888767242432
Epoch: 59, Steps: 31 | Train Loss: 0.0449875 Vali Loss: 0.0786760 Test Loss: 0.0396107
Validation loss decreased (0.079307 --> 0.078676).  Saving model ...
Updating learning rate to 6.323219712482178e-06
Epoch: 60 cost time: 4.315020799636841
Epoch: 60, Steps: 31 | Train Loss: 0.0445444 Vali Loss: 0.0781887 Test Loss: 0.0392717
Validation loss decreased (0.078676 --> 0.078189).  Saving model ...
Updating learning rate to 6.1055618804717764e-06
Epoch: 61 cost time: 4.340521812438965
Epoch: 61, Steps: 31 | Train Loss: 0.0441219 Vali Loss: 0.0771960 Test Loss: 0.0389387
Validation loss decreased (0.078189 --> 0.077196).  Saving model ...
Updating learning rate to 5.8856776342425235e-06
Epoch: 62 cost time: 4.3742406368255615
Epoch: 62, Steps: 31 | Train Loss: 0.0436916 Vali Loss: 0.0767074 Test Loss: 0.0386182
Validation loss decreased (0.077196 --> 0.076707).  Saving model ...
Updating learning rate to 5.664009791403554e-06
Epoch: 63 cost time: 4.3362109661102295
Epoch: 63, Steps: 31 | Train Loss: 0.0433078 Vali Loss: 0.0758559 Test Loss: 0.0383198
Validation loss decreased (0.076707 --> 0.075856).  Saving model ...
Updating learning rate to 5.441004761490205e-06
Epoch: 64 cost time: 4.401416540145874
Epoch: 64, Steps: 31 | Train Loss: 0.0428981 Vali Loss: 0.0752928 Test Loss: 0.0379565
Validation loss decreased (0.075856 --> 0.075293).  Saving model ...
Updating learning rate to 5.217111646954626e-06
Epoch: 65 cost time: 4.387341022491455
Epoch: 65, Steps: 31 | Train Loss: 0.0424735 Vali Loss: 0.0747015 Test Loss: 0.0376376
Validation loss decreased (0.075293 --> 0.074701).  Saving model ...
Updating learning rate to 4.992781338733208e-06
Epoch: 66 cost time: 4.349381446838379
Epoch: 66, Steps: 31 | Train Loss: 0.0420820 Vali Loss: 0.0738614 Test Loss: 0.0372725
Validation loss decreased (0.074701 --> 0.073861).  Saving model ...
Updating learning rate to 4.768465608212241e-06
Epoch: 67 cost time: 4.343340873718262
Epoch: 67, Steps: 31 | Train Loss: 0.0417049 Vali Loss: 0.0730362 Test Loss: 0.0369819
Validation loss decreased (0.073861 --> 0.073036).  Saving model ...
Updating learning rate to 4.544616197420465e-06
Epoch: 68 cost time: 4.372293472290039
Epoch: 68, Steps: 31 | Train Loss: 0.0413224 Vali Loss: 0.0723878 Test Loss: 0.0366839
Validation loss decreased (0.073036 --> 0.072388).  Saving model ...
Updating learning rate to 4.321683909280753e-06
Epoch: 69 cost time: 4.313859939575195
Epoch: 69, Steps: 31 | Train Loss: 0.0409044 Vali Loss: 0.0720480 Test Loss: 0.0363634
Validation loss decreased (0.072388 --> 0.072048).  Saving model ...
Updating learning rate to 4.100117699752996e-06
Epoch: 70 cost time: 4.345067501068115
Epoch: 70, Steps: 31 | Train Loss: 0.0406029 Vali Loss: 0.0717392 Test Loss: 0.0362283
Validation loss decreased (0.072048 --> 0.071739).  Saving model ...
Updating learning rate to 3.8803637736965736e-06
Epoch: 71 cost time: 4.3000266551971436
Epoch: 71, Steps: 31 | Train Loss: 0.0405313 Vali Loss: 0.0716464 Test Loss: 0.0362546
Validation loss decreased (0.071739 --> 0.071646).  Saving model ...
Updating learning rate to 3.66286468627313e-06
Epoch: 72 cost time: 4.394818067550659
Epoch: 72, Steps: 31 | Train Loss: 0.0404968 Vali Loss: 0.0716706 Test Loss: 0.0362620
EarlyStopping counter: 1 out of 10
Updating learning rate to 3.4480584516993903e-06
Epoch: 73 cost time: 4.341622352600098
Epoch: 73, Steps: 31 | Train Loss: 0.0404982 Vali Loss: 0.0715454 Test Loss: 0.0362382
Validation loss decreased (0.071646 --> 0.071545).  Saving model ...
Updating learning rate to 3.2363776611448018e-06
Epoch: 74 cost time: 4.350244045257568
Epoch: 74, Steps: 31 | Train Loss: 0.0404983 Vali Loss: 0.0716637 Test Loss: 0.0362723
EarlyStopping counter: 1 out of 10
Updating learning rate to 3.0282486115505108e-06
Epoch: 75 cost time: 4.3599419593811035
Epoch: 75, Steps: 31 | Train Loss: 0.0404633 Vali Loss: 0.0716757 Test Loss: 0.0362649
EarlyStopping counter: 2 out of 10
Updating learning rate to 2.8240904471240344e-06
Epoch: 76 cost time: 4.3583033084869385
Epoch: 76, Steps: 31 | Train Loss: 0.0404742 Vali Loss: 0.0719292 Test Loss: 0.0362637
EarlyStopping counter: 3 out of 10
Updating learning rate to 2.624314315238625e-06
Epoch: 77 cost time: 4.376591205596924
Epoch: 77, Steps: 31 | Train Loss: 0.0404554 Vali Loss: 0.0717434 Test Loss: 0.0362782
EarlyStopping counter: 4 out of 10
Updating learning rate to 2.429322538437165e-06
Epoch: 78 cost time: 4.394342660903931
Epoch: 78, Steps: 31 | Train Loss: 0.0404413 Vali Loss: 0.0717277 Test Loss: 0.0362683
EarlyStopping counter: 5 out of 10
Updating learning rate to 2.2395078042081163e-06
Epoch: 79 cost time: 4.3715500831604
Epoch: 79, Steps: 31 | Train Loss: 0.0404137 Vali Loss: 0.0716618 Test Loss: 0.0362639
EarlyStopping counter: 6 out of 10
Updating learning rate to 2.055252374165171e-06
Epoch: 80 cost time: 4.3920722007751465
Epoch: 80, Steps: 31 | Train Loss: 0.0404300 Vali Loss: 0.0719394 Test Loss: 0.0362692
EarlyStopping counter: 7 out of 10
Updating learning rate to 1.8769273142232387e-06
Epoch: 81 cost time: 4.344441890716553
Epoch: 81, Steps: 31 | Train Loss: 0.0403760 Vali Loss: 0.0716274 Test Loss: 0.0362654
EarlyStopping counter: 8 out of 10
Updating learning rate to 1.7048917473210744e-06
Epoch: 82 cost time: 4.344768524169922
Epoch: 82, Steps: 31 | Train Loss: 0.0403829 Vali Loss: 0.0718751 Test Loss: 0.0362737
EarlyStopping counter: 9 out of 10
Updating learning rate to 1.5394921301954737e-06
Epoch: 83 cost time: 4.364700794219971
Epoch: 83, Steps: 31 | Train Loss: 0.0404004 Vali Loss: 0.0719068 Test Loss: 0.0362694
EarlyStopping counter: 10 out of 10
Early stopping
>>>>>>>testing : ETTh1_336_336_DTFNet_ETTh1_ftM_sl336_ll0_pl336_dm128_nh16_el2_br2_dl1_df256_fc1_ebtimeF_dtTrue_'Exp'_0_'rel_sin'_16_8_16,24_8,12_3_1_256<<<<<<<<<<<<<<<<<<<<<<<<<<<<<<<<<
test 2545
mse:0.3800354301929474, mae:0.40878158807754517, rse:0.5939352512359619
