Args in experiment:
Namespace(is_training=1, model_id='ETTh1_336_192', model='DTFNet', data='ETTh1', root_path='./dataset/', data_path='ETTh1.csv', features='M', target='OT', freq='h', checkpoints='./checkpoints/', seq_len=336, label_len=0, pred_len=192, n_branches=2, patch_len_ls='16,24', stride_ls='8,12', d_model_ls='128', n_heads_ls='16', rel_pe="'rel_sin'", res_attn=False, head_type='flatten', fc_dropout=0.3, head_dropout=0.1, patch_len=16, stride=8, padding_patch="'end'", revin=1, affine=0, subtract_last=0, decomposition=0, kernel_size=25, individual=0, store_attn=False, pre_norm=False, pe='zeros', no_learn_pe=True, embed_type=0, enc_in=7, dec_in=7, c_out=7, d_model=128, n_heads=16, e_layers=2, d_layers=1, d_ff=256, moving_avg=25, factor=1, distil=True, dropout=0.3, embed='timeF', activation='gelu', output_attention=False, do_predict=False, num_workers=0, itr=1, train_epochs=100, batch_size=256, patience=10, learning_rate=1e-05, des="'Exp'", loss='mse', lradj='TST', pct_start=0.3, use_amp=False, l2=0.0, warmup_steps=0, use_gpu=True, gpu=0, use_multi_gpu=False, devices='0', test_flop=False, use_mlflow=False, mlflow_project='exp', loss_flag=2, sub_patch_len=16, sub_stride=8, stride_ls_list='16', model_type='linear', tfactor=3, dilation_rates='1', wavelet_layers=2, wavelet_type='db5', wavelet_mode='periodization', wavelet_dim=64, initTLV=0.2)
Use GPU: cuda:0
>>>>>>>start training : ETTh1_336_192_DTFNet_ETTh1_ftM_sl336_ll0_pl192_dm128_nh16_el2_br2_dl1_df256_fc1_ebtimeF_dtTrue_'Exp'_0_'rel_sin'_16_8_16,24_8,12_3_1_256>>>>>>>>>>>>>>>>>>>>>>>>>>
train 8113
val 2689
test 2689
Epoch: 1 cost time: 1.3859584331512451
Epoch: 1, Steps: 31 | Train Loss: 0.0950717 Vali Loss: 0.1568093 Test Loss: 0.0955096
Validation loss decreased (inf --> 0.156809).  Saving model ...
Updating learning rate to 4.2635148986572395e-07
Epoch: 2 cost time: 1.0225775241851807
Epoch: 2, Steps: 31 | Train Loss: 0.0941759 Vali Loss: 0.1549735 Test Loss: 0.0945614
Validation loss decreased (0.156809 --> 0.154973).  Saving model ...
Updating learning rate to 5.051166257053371e-07
Epoch: 3 cost time: 1.0224807262420654
Epoch: 3, Steps: 31 | Train Loss: 0.0931991 Vali Loss: 0.1536699 Test Loss: 0.0935533
Validation loss decreased (0.154973 --> 0.153670).  Saving model ...
Updating learning rate to 6.354305830693182e-07
Epoch: 4 cost time: 1.031517744064331
Epoch: 4, Steps: 31 | Train Loss: 0.0922535 Vali Loss: 0.1514475 Test Loss: 0.0924937
Validation loss decreased (0.153670 --> 0.151447).  Saving model ...
Updating learning rate to 8.158625424048165e-07
Epoch: 5 cost time: 1.0191535949707031
Epoch: 5, Steps: 31 | Train Loss: 0.0912782 Vali Loss: 0.1499107 Test Loss: 0.0913662
Validation loss decreased (0.151447 --> 0.149911).  Saving model ...
Updating learning rate to 1.0444313991502185e-06
Epoch: 6 cost time: 1.0233588218688965
Epoch: 6, Steps: 31 | Train Loss: 0.0901228 Vali Loss: 0.1478317 Test Loss: 0.0901311
Validation loss decreased (0.149911 --> 0.147832).  Saving model ...
Updating learning rate to 1.3186275158421247e-06
Epoch: 7 cost time: 1.0262207984924316
Epoch: 7, Steps: 31 | Train Loss: 0.0890716 Vali Loss: 0.1456560 Test Loss: 0.0887813
Validation loss decreased (0.147832 --> 0.145656).  Saving model ...
Updating learning rate to 1.6354402774012767e-06
Epoch: 8 cost time: 1.0212984085083008
Epoch: 8, Steps: 31 | Train Loss: 0.0877573 Vali Loss: 0.1433941 Test Loss: 0.0872341
Validation loss decreased (0.145656 --> 0.143394).  Saving model ...
Updating learning rate to 1.99139114704619e-06
Epoch: 9 cost time: 1.0218427181243896
Epoch: 9, Steps: 31 | Train Loss: 0.0864171 Vali Loss: 0.1407558 Test Loss: 0.0854286
Validation loss decreased (0.143394 --> 0.140756).  Saving model ...
Updating learning rate to 2.3825718598876392e-06
Epoch: 10 cost time: 1.0226471424102783
Epoch: 10, Steps: 31 | Train Loss: 0.0848177 Vali Loss: 0.1372806 Test Loss: 0.0832037
Validation loss decreased (0.140756 --> 0.137281).  Saving model ...
Updating learning rate to 2.8046873348464134e-06
Epoch: 11 cost time: 1.0287806987762451
Epoch: 11, Steps: 31 | Train Loss: 0.0827417 Vali Loss: 0.1334257 Test Loss: 0.0802765
Validation loss decreased (0.137281 --> 0.133426).  Saving model ...
Updating learning rate to 3.2531028337306174e-06
Epoch: 12 cost time: 1.0186266899108887
Epoch: 12, Steps: 31 | Train Loss: 0.0803044 Vali Loss: 0.1281815 Test Loss: 0.0766076
Validation loss decreased (0.133426 --> 0.128181).  Saving model ...
Updating learning rate to 3.7228948496758864e-06
Epoch: 13 cost time: 1.0301904678344727
Epoch: 13, Steps: 31 | Train Loss: 0.0774356 Vali Loss: 0.1219352 Test Loss: 0.0725817
Validation loss decreased (0.128181 --> 0.121935).  Saving model ...
Updating learning rate to 4.20890516620423e-06
Epoch: 14 cost time: 1.0195446014404297
Epoch: 14, Steps: 31 | Train Loss: 0.0744367 Vali Loss: 0.1165175 Test Loss: 0.0693330
Validation loss decreased (0.121935 --> 0.116518).  Saving model ...
Updating learning rate to 4.705797493344547e-06
Epoch: 15 cost time: 1.0167877674102783
Epoch: 15, Steps: 31 | Train Loss: 0.0720284 Vali Loss: 0.1119448 Test Loss: 0.0668592
Validation loss decreased (0.116518 --> 0.111945).  Saving model ...
Updating learning rate to 5.208116058962259e-06
Epoch: 16 cost time: 1.0203096866607666
Epoch: 16, Steps: 31 | Train Loss: 0.0698543 Vali Loss: 0.1078032 Test Loss: 0.0648060
Validation loss decreased (0.111945 --> 0.107803).  Saving model ...
Updating learning rate to 5.710345511977682e-06
Epoch: 17 cost time: 1.0162436962127686
Epoch: 17, Steps: 31 | Train Loss: 0.0679650 Vali Loss: 0.1046123 Test Loss: 0.0627658
Validation loss decreased (0.107803 --> 0.104612).  Saving model ...
Updating learning rate to 6.206971479748566e-06
Epoch: 18 cost time: 1.0188474655151367
Epoch: 18, Steps: 31 | Train Loss: 0.0663834 Vali Loss: 0.1012710 Test Loss: 0.0609502
Validation loss decreased (0.104612 --> 0.101271).  Saving model ...
Updating learning rate to 6.6925411147095855e-06
Epoch: 19 cost time: 1.023336410522461
Epoch: 19, Steps: 31 | Train Loss: 0.0648445 Vali Loss: 0.0989711 Test Loss: 0.0593377
Validation loss decreased (0.101271 --> 0.098971).  Saving model ...
Updating learning rate to 7.161722965479587e-06
Epoch: 20 cost time: 1.020923137664795
Epoch: 20, Steps: 31 | Train Loss: 0.0636197 Vali Loss: 0.0972484 Test Loss: 0.0580380
Validation loss decreased (0.098971 --> 0.097248).  Saving model ...
Updating learning rate to 7.609365515064509e-06
Epoch: 21 cost time: 1.0183815956115723
Epoch: 21, Steps: 31 | Train Loss: 0.0625242 Vali Loss: 0.0956433 Test Loss: 0.0568796
Validation loss decreased (0.097248 --> 0.095643).  Saving model ...
Updating learning rate to 8.030553743418992e-06
Epoch: 22 cost time: 1.018052339553833
Epoch: 22, Steps: 31 | Train Loss: 0.0615941 Vali Loss: 0.0942855 Test Loss: 0.0559617
Validation loss decreased (0.095643 --> 0.094285).  Saving model ...
Updating learning rate to 8.420663093321771e-06
Epoch: 23 cost time: 1.0215442180633545
Epoch: 23, Steps: 31 | Train Loss: 0.0607606 Vali Loss: 0.0928944 Test Loss: 0.0550785
Validation loss decreased (0.094285 --> 0.092894).  Saving model ...
Updating learning rate to 8.775410247030974e-06
Epoch: 24 cost time: 1.0155165195465088
Epoch: 24, Steps: 31 | Train Loss: 0.0599052 Vali Loss: 0.0922450 Test Loss: 0.0542878
Validation loss decreased (0.092894 --> 0.092245).  Saving model ...
Updating learning rate to 9.09090015620249e-06
Epoch: 25 cost time: 1.0102734565734863
Epoch: 25, Steps: 31 | Train Loss: 0.0591448 Vali Loss: 0.0907752 Test Loss: 0.0536484
Validation loss decreased (0.092245 --> 0.090775).  Saving model ...
Updating learning rate to 9.363668808692879e-06
Epoch: 26 cost time: 1.0157101154327393
Epoch: 26, Steps: 31 | Train Loss: 0.0584184 Vali Loss: 0.0896119 Test Loss: 0.0529297
Validation loss decreased (0.090775 --> 0.089612).  Saving model ...
Updating learning rate to 9.59072126267639e-06
Epoch: 27 cost time: 1.0042376518249512
Epoch: 27, Steps: 31 | Train Loss: 0.0576558 Vali Loss: 0.0884002 Test Loss: 0.0522337
Validation loss decreased (0.089612 --> 0.088400).  Saving model ...
Updating learning rate to 9.769564530469635e-06
Epoch: 28 cost time: 1.021723985671997
Epoch: 28, Steps: 31 | Train Loss: 0.0569830 Vali Loss: 0.0873821 Test Loss: 0.0516580
Validation loss decreased (0.088400 --> 0.087382).  Saving model ...
Updating learning rate to 9.898234951006446e-06
Epoch: 29 cost time: 1.0162255764007568
Epoch: 29, Steps: 31 | Train Loss: 0.0562752 Vali Loss: 0.0863453 Test Loss: 0.0509763
Validation loss decreased (0.087382 --> 0.086345).  Saving model ...
Updating learning rate to 9.97531975041899e-06
Epoch: 30 cost time: 1.0189557075500488
Epoch: 30, Steps: 31 | Train Loss: 0.0556438 Vali Loss: 0.0855030 Test Loss: 0.0503779
Validation loss decreased (0.086345 --> 0.085503).  Saving model ...
Updating learning rate to 9.999994760154602e-06
Epoch: 31 cost time: 1.016469955444336
Epoch: 31, Steps: 31 | Train Loss: 0.0550007 Vali Loss: 0.0849574 Test Loss: 0.0497943
Validation loss decreased (0.085503 --> 0.084957).  Saving model ...
Updating learning rate to 9.994635356966321e-06
Epoch: 32 cost time: 1.0180935859680176
Epoch: 32, Steps: 31 | Train Loss: 0.0543329 Vali Loss: 0.0836399 Test Loss: 0.0493343
Validation loss decreased (0.084957 --> 0.083640).  Saving model ...
Updating learning rate to 9.979217463145653e-06
Epoch: 33 cost time: 1.0174708366394043
Epoch: 33, Steps: 31 | Train Loss: 0.0537341 Vali Loss: 0.0827655 Test Loss: 0.0487016
Validation loss decreased (0.083640 --> 0.082765).  Saving model ...
Updating learning rate to 9.953772128278901e-06
Epoch: 34 cost time: 1.016082763671875
Epoch: 34, Steps: 31 | Train Loss: 0.0531133 Vali Loss: 0.0818446 Test Loss: 0.0482552
Validation loss decreased (0.082765 --> 0.081845).  Saving model ...
Updating learning rate to 9.918350595884151e-06
Epoch: 35 cost time: 1.0124638080596924
Epoch: 35, Steps: 31 | Train Loss: 0.0524878 Vali Loss: 0.0808717 Test Loss: 0.0477132
Validation loss decreased (0.081845 --> 0.080872).  Saving model ...
Updating learning rate to 9.873024200213661e-06
Epoch: 36 cost time: 1.0217790603637695
Epoch: 36, Steps: 31 | Train Loss: 0.0518854 Vali Loss: 0.0803810 Test Loss: 0.0472126
Validation loss decreased (0.080872 --> 0.080381).  Saving model ...
Updating learning rate to 9.817884222596151e-06
Epoch: 37 cost time: 1.0153067111968994
Epoch: 37, Steps: 31 | Train Loss: 0.0513252 Vali Loss: 0.0798981 Test Loss: 0.0467093
Validation loss decreased (0.080381 --> 0.079898).  Saving model ...
Updating learning rate to 9.75304170760837e-06
Epoch: 38 cost time: 1.0096590518951416
Epoch: 38, Steps: 31 | Train Loss: 0.0507301 Vali Loss: 0.0788256 Test Loss: 0.0462392
Validation loss decreased (0.079898 --> 0.078826).  Saving model ...
Updating learning rate to 9.678627239446092e-06
Epoch: 39 cost time: 1.0104377269744873
Epoch: 39, Steps: 31 | Train Loss: 0.0502433 Vali Loss: 0.0781251 Test Loss: 0.0458182
Validation loss decreased (0.078826 --> 0.078125).  Saving model ...
Updating learning rate to 9.594790678944921e-06
Epoch: 40 cost time: 1.0108201503753662
Epoch: 40, Steps: 31 | Train Loss: 0.0496593 Vali Loss: 0.0770414 Test Loss: 0.0453896
Validation loss decreased (0.078125 --> 0.077041).  Saving model ...
Updating learning rate to 9.50170086178052e-06
Epoch: 41 cost time: 1.0119853019714355
Epoch: 41, Steps: 31 | Train Loss: 0.0490794 Vali Loss: 0.0764476 Test Loss: 0.0449272
Validation loss decreased (0.077041 --> 0.076448).  Saving model ...
Updating learning rate to 9.399545258456017e-06
Epoch: 42 cost time: 1.0120885372161865
Epoch: 42, Steps: 31 | Train Loss: 0.0485599 Vali Loss: 0.0759277 Test Loss: 0.0444366
Validation loss decreased (0.076448 --> 0.075928).  Saving model ...
Updating learning rate to 9.288529596761373e-06
Epoch: 43 cost time: 1.0124218463897705
Epoch: 43, Steps: 31 | Train Loss: 0.0480296 Vali Loss: 0.0749342 Test Loss: 0.0440150
Validation loss decreased (0.075928 --> 0.074934).  Saving model ...
Updating learning rate to 9.168877447464985e-06
Epoch: 44 cost time: 1.0115699768066406
Epoch: 44, Steps: 31 | Train Loss: 0.0475250 Vali Loss: 0.0741690 Test Loss: 0.0435755
Validation loss decreased (0.074934 --> 0.074169).  Saving model ...
Updating learning rate to 9.040829774071914e-06
Epoch: 45 cost time: 1.014664649963379
Epoch: 45, Steps: 31 | Train Loss: 0.0469646 Vali Loss: 0.0732909 Test Loss: 0.0431838
Validation loss decreased (0.074169 --> 0.073291).  Saving model ...
Updating learning rate to 8.904644447555448e-06
Epoch: 46 cost time: 1.0138986110687256
Epoch: 46, Steps: 31 | Train Loss: 0.0464828 Vali Loss: 0.0727143 Test Loss: 0.0427830
Validation loss decreased (0.073291 --> 0.072714).  Saving model ...
Updating learning rate to 8.760595727039295e-06
Epoch: 47 cost time: 1.0168061256408691
Epoch: 47, Steps: 31 | Train Loss: 0.0459396 Vali Loss: 0.0719514 Test Loss: 0.0423849
Validation loss decreased (0.072714 --> 0.071951).  Saving model ...
Updating learning rate to 8.608973707476191e-06
Epoch: 48 cost time: 1.0205318927764893
Epoch: 48, Steps: 31 | Train Loss: 0.0455255 Vali Loss: 0.0714765 Test Loss: 0.0419556
Validation loss decreased (0.071951 --> 0.071476).  Saving model ...
Updating learning rate to 8.450083735435278e-06
Epoch: 49 cost time: 1.0187525749206543
Epoch: 49, Steps: 31 | Train Loss: 0.0449743 Vali Loss: 0.0706080 Test Loss: 0.0416199
Validation loss decreased (0.071476 --> 0.070608).  Saving model ...
Updating learning rate to 8.284245794174751e-06
Epoch: 50 cost time: 1.0159518718719482
Epoch: 50, Steps: 31 | Train Loss: 0.0444975 Vali Loss: 0.0700498 Test Loss: 0.0411521
Validation loss decreased (0.070608 --> 0.070050).  Saving model ...
Updating learning rate to 8.111793859238162e-06
Epoch: 51 cost time: 1.0115387439727783
Epoch: 51, Steps: 31 | Train Loss: 0.0440437 Vali Loss: 0.0693239 Test Loss: 0.0407946
Validation loss decreased (0.070050 --> 0.069324).  Saving model ...
Updating learning rate to 7.93307522587211e-06
Epoch: 52 cost time: 1.0134894847869873
Epoch: 52, Steps: 31 | Train Loss: 0.0435675 Vali Loss: 0.0686474 Test Loss: 0.0404546
Validation loss decreased (0.069324 --> 0.068647).  Saving model ...
Updating learning rate to 7.748449809619857e-06
Epoch: 53 cost time: 1.0125622749328613
Epoch: 53, Steps: 31 | Train Loss: 0.0431256 Vali Loss: 0.0679948 Test Loss: 0.0400232
Validation loss decreased (0.068647 --> 0.067995).  Saving model ...
Updating learning rate to 7.558289421499295e-06
Epoch: 54 cost time: 1.0088348388671875
Epoch: 54, Steps: 31 | Train Loss: 0.0426934 Vali Loss: 0.0673245 Test Loss: 0.0396385
Validation loss decreased (0.067995 --> 0.067324).  Saving model ...
Updating learning rate to 7.362977019225052e-06
Epoch: 55 cost time: 1.0031216144561768
Epoch: 55, Steps: 31 | Train Loss: 0.0421859 Vali Loss: 0.0665414 Test Loss: 0.0392907
Validation loss decreased (0.067324 --> 0.066541).  Saving model ...
Updating learning rate to 7.162905935982624e-06
Epoch: 56 cost time: 1.0143871307373047
Epoch: 56, Steps: 31 | Train Loss: 0.0417623 Vali Loss: 0.0661191 Test Loss: 0.0389338
Validation loss decreased (0.066541 --> 0.066119).  Saving model ...
Updating learning rate to 6.958479088307673e-06
Epoch: 57 cost time: 1.0174767971038818
Epoch: 57, Steps: 31 | Train Loss: 0.0413089 Vali Loss: 0.0654506 Test Loss: 0.0385406
Validation loss decreased (0.066119 --> 0.065451).  Saving model ...
Updating learning rate to 6.7501081646657556e-06
Epoch: 58 cost time: 1.0167627334594727
Epoch: 58, Steps: 31 | Train Loss: 0.0409029 Vali Loss: 0.0646208 Test Loss: 0.0382128
Validation loss decreased (0.065451 --> 0.064621).  Saving model ...
Updating learning rate to 6.538212796366537e-06
Epoch: 59 cost time: 1.0120761394500732
Epoch: 59, Steps: 31 | Train Loss: 0.0404862 Vali Loss: 0.0642412 Test Loss: 0.0378664
Validation loss decreased (0.064621 --> 0.064241).  Saving model ...
Updating learning rate to 6.323219712482178e-06
Epoch: 60 cost time: 1.01088285446167
Epoch: 60, Steps: 31 | Train Loss: 0.0400458 Vali Loss: 0.0633193 Test Loss: 0.0375283
Validation loss decreased (0.064241 --> 0.063319).  Saving model ...
Updating learning rate to 6.1055618804717764e-06
Epoch: 61 cost time: 1.0112895965576172
Epoch: 61, Steps: 31 | Train Loss: 0.0396476 Vali Loss: 0.0629410 Test Loss: 0.0371308
Validation loss decreased (0.063319 --> 0.062941).  Saving model ...
Updating learning rate to 5.8856776342425235e-06
Epoch: 62 cost time: 1.0140347480773926
Epoch: 62, Steps: 31 | Train Loss: 0.0392690 Vali Loss: 0.0624260 Test Loss: 0.0368081
Validation loss decreased (0.062941 --> 0.062426).  Saving model ...
Updating learning rate to 5.664009791403554e-06
Epoch: 63 cost time: 1.0085489749908447
Epoch: 63, Steps: 31 | Train Loss: 0.0388531 Vali Loss: 0.0616285 Test Loss: 0.0364495
Validation loss decreased (0.062426 --> 0.061629).  Saving model ...
Updating learning rate to 5.441004761490205e-06
Epoch: 64 cost time: 0.9963235855102539
Epoch: 64, Steps: 31 | Train Loss: 0.0384275 Vali Loss: 0.0612307 Test Loss: 0.0361067
Validation loss decreased (0.061629 --> 0.061231).  Saving model ...
Updating learning rate to 5.217111646954626e-06
Epoch: 65 cost time: 1.003345251083374
Epoch: 65, Steps: 31 | Train Loss: 0.0380603 Vali Loss: 0.0606290 Test Loss: 0.0359521
Validation loss decreased (0.061231 --> 0.060629).  Saving model ...
Updating learning rate to 4.992781338733208e-06
Epoch: 66 cost time: 1.019094467163086
Epoch: 66, Steps: 31 | Train Loss: 0.0379487 Vali Loss: 0.0607622 Test Loss: 0.0359424
EarlyStopping counter: 1 out of 10
Updating learning rate to 4.768465608212241e-06
Epoch: 67 cost time: 1.009948968887329
Epoch: 67, Steps: 31 | Train Loss: 0.0379380 Vali Loss: 0.0605800 Test Loss: 0.0359409
Validation loss decreased (0.060629 --> 0.060580).  Saving model ...
Updating learning rate to 4.544616197420465e-06
Epoch: 68 cost time: 1.0086276531219482
Epoch: 68, Steps: 31 | Train Loss: 0.0379010 Vali Loss: 0.0606087 Test Loss: 0.0359373
EarlyStopping counter: 1 out of 10
Updating learning rate to 4.321683909280753e-06
Epoch: 69 cost time: 1.0059888362884521
Epoch: 69, Steps: 31 | Train Loss: 0.0379007 Vali Loss: 0.0605922 Test Loss: 0.0359331
EarlyStopping counter: 2 out of 10
Updating learning rate to 4.100117699752996e-06
Epoch: 70 cost time: 1.0053045749664307
Epoch: 70, Steps: 31 | Train Loss: 0.0378967 Vali Loss: 0.0606837 Test Loss: 0.0359403
EarlyStopping counter: 3 out of 10
Updating learning rate to 3.8803637736965736e-06
Epoch: 71 cost time: 1.0089819431304932
Epoch: 71, Steps: 31 | Train Loss: 0.0378524 Vali Loss: 0.0604966 Test Loss: 0.0359462
Validation loss decreased (0.060580 --> 0.060497).  Saving model ...
Updating learning rate to 3.66286468627313e-06
Epoch: 72 cost time: 1.014197587966919
Epoch: 72, Steps: 31 | Train Loss: 0.0378524 Vali Loss: 0.0607074 Test Loss: 0.0359497
EarlyStopping counter: 1 out of 10
Updating learning rate to 3.4480584516993903e-06
Epoch: 73 cost time: 1.0046751499176025
Epoch: 73, Steps: 31 | Train Loss: 0.0377897 Vali Loss: 0.0607294 Test Loss: 0.0359456
EarlyStopping counter: 2 out of 10
Updating learning rate to 3.2363776611448018e-06
Epoch: 74 cost time: 1.0078063011169434
Epoch: 74, Steps: 31 | Train Loss: 0.0377929 Vali Loss: 0.0607083 Test Loss: 0.0359200
EarlyStopping counter: 3 out of 10
Updating learning rate to 3.0282486115505108e-06
Epoch: 75 cost time: 1.010354995727539
Epoch: 75, Steps: 31 | Train Loss: 0.0377772 Vali Loss: 0.0609973 Test Loss: 0.0359303
EarlyStopping counter: 4 out of 10
Updating learning rate to 2.8240904471240344e-06
Epoch: 76 cost time: 1.0108678340911865
Epoch: 76, Steps: 31 | Train Loss: 0.0377773 Vali Loss: 0.0606970 Test Loss: 0.0359455
EarlyStopping counter: 5 out of 10
Updating learning rate to 2.624314315238625e-06
Epoch: 77 cost time: 1.012632131576538
Epoch: 77, Steps: 31 | Train Loss: 0.0377624 Vali Loss: 0.0608076 Test Loss: 0.0359487
EarlyStopping counter: 6 out of 10
Updating learning rate to 2.429322538437165e-06
Epoch: 78 cost time: 1.0155816078186035
Epoch: 78, Steps: 31 | Train Loss: 0.0377019 Vali Loss: 0.0606183 Test Loss: 0.0359528
EarlyStopping counter: 7 out of 10
Updating learning rate to 2.2395078042081163e-06
Epoch: 79 cost time: 1.0139071941375732
Epoch: 79, Steps: 31 | Train Loss: 0.0377140 Vali Loss: 0.0608901 Test Loss: 0.0359548
EarlyStopping counter: 8 out of 10
Updating learning rate to 2.055252374165171e-06
Epoch: 80 cost time: 1.0119342803955078
Epoch: 80, Steps: 31 | Train Loss: 0.0377051 Vali Loss: 0.0607417 Test Loss: 0.0359608
EarlyStopping counter: 9 out of 10
Updating learning rate to 1.8769273142232387e-06
Epoch: 81 cost time: 1.0152006149291992
Epoch: 81, Steps: 31 | Train Loss: 0.0377334 Vali Loss: 0.0608075 Test Loss: 0.0359625
EarlyStopping counter: 10 out of 10
Early stopping
>>>>>>>testing : ETTh1_336_192_DTFNet_ETTh1_ftM_sl336_ll0_pl192_dm128_nh16_el2_br2_dl1_df256_fc1_ebtimeF_dtTrue_'Exp'_0_'rel_sin'_16_8_16,24_8,12_3_1_256<<<<<<<<<<<<<<<<<<<<<<<<<<<<<<<<<
test 2689
mse:0.38907310366630554, mae:0.4057452380657196, rse:0.5932931900024414
