Args in experiment:
Namespace(is_training=1, model_id='ETTh1_336_192', model='DTFNet', data='ETTh1', root_path='./dataset/', data_path='ETTh1.csv', features='M', target='OT', freq='h', checkpoints='./checkpoints/', seq_len=336, label_len=0, pred_len=192, n_branches=2, patch_len_ls='16,24', stride_ls='8,12', d_model_ls='128', n_heads_ls='16', rel_pe="'rel_sin'", res_attn=False, head_type='flatten', fc_dropout=0.3, head_dropout=0.1, patch_len=16, stride=8, padding_patch="'end'", revin=1, affine=0, subtract_last=0, decomposition=0, kernel_size=25, individual=0, store_attn=False, pre_norm=False, pe='zeros', no_learn_pe=True, embed_type=0, enc_in=7, dec_in=7, c_out=7, d_model=128, n_heads=16, e_layers=2, d_layers=1, d_ff=256, moving_avg=25, factor=1, distil=True, dropout=0.3, embed='timeF', activation='gelu', output_attention=False, do_predict=False, num_workers=0, itr=1, train_epochs=100, batch_size=256, patience=10, learning_rate=1e-05, des="'Exp'", loss='mse', lradj='TST', pct_start=0.3, use_amp=False, l2=0.0, warmup_steps=0, use_gpu=True, gpu=0, use_multi_gpu=False, devices='0', test_flop=False, use_mlflow=False, mlflow_project='exp', loss_flag=2, sub_patch_len=16, sub_stride=8, stride_ls_list='16', model_type='linear', tfactor=3, dilation_rates='1', wavelet_layers=2, wavelet_type='db5', wavelet_mode='periodization', wavelet_dim=64, initTLV=0.2)
Use GPU: cuda:0
>>>>>>>start training : ETTh1_336_192_DTFNet_ETTh1_ftM_sl336_ll0_pl192_dm128_nh16_el2_br2_dl1_df256_fc1_ebtimeF_dtTrue_'Exp'_0_'rel_sin'_16_8_16,24_8,12_3_1_256>>>>>>>>>>>>>>>>>>>>>>>>>>
train 8113
val 2689
test 2689
Epoch: 1 cost time: 1.3822705745697021
Epoch: 1, Steps: 31 | Train Loss: 0.0949096 Vali Loss: 0.1564813 Test Loss: 0.0954276
Validation loss decreased (inf --> 0.156481).  Saving model ...
Updating learning rate to 4.2635148986572395e-07
Epoch: 2 cost time: 1.0236635208129883
Epoch: 2, Steps: 31 | Train Loss: 0.0939647 Vali Loss: 0.1549182 Test Loss: 0.0944820
Validation loss decreased (0.156481 --> 0.154918).  Saving model ...
Updating learning rate to 5.051166257053371e-07
Epoch: 3 cost time: 1.0254080295562744
Epoch: 3, Steps: 31 | Train Loss: 0.0930127 Vali Loss: 0.1533912 Test Loss: 0.0934870
Validation loss decreased (0.154918 --> 0.153391).  Saving model ...
Updating learning rate to 6.354305830693182e-07
Epoch: 4 cost time: 1.0176115036010742
Epoch: 4, Steps: 31 | Train Loss: 0.0921464 Vali Loss: 0.1509538 Test Loss: 0.0924345
Validation loss decreased (0.153391 --> 0.150954).  Saving model ...
Updating learning rate to 8.158625424048165e-07
Epoch: 5 cost time: 1.0137133598327637
Epoch: 5, Steps: 31 | Train Loss: 0.0911310 Vali Loss: 0.1499272 Test Loss: 0.0913122
Validation loss decreased (0.150954 --> 0.149927).  Saving model ...
Updating learning rate to 1.0444313991502185e-06
Epoch: 6 cost time: 1.0198774337768555
Epoch: 6, Steps: 31 | Train Loss: 0.0900536 Vali Loss: 0.1478972 Test Loss: 0.0900973
Validation loss decreased (0.149927 --> 0.147897).  Saving model ...
Updating learning rate to 1.3186275158421247e-06
Epoch: 7 cost time: 1.021254301071167
Epoch: 7, Steps: 31 | Train Loss: 0.0889682 Vali Loss: 0.1456775 Test Loss: 0.0887459
Validation loss decreased (0.147897 --> 0.145678).  Saving model ...
Updating learning rate to 1.6354402774012767e-06
Epoch: 8 cost time: 1.0203239917755127
Epoch: 8, Steps: 31 | Train Loss: 0.0876081 Vali Loss: 0.1433548 Test Loss: 0.0872027
Validation loss decreased (0.145678 --> 0.143355).  Saving model ...
Updating learning rate to 1.99139114704619e-06
Epoch: 9 cost time: 1.0182099342346191
Epoch: 9, Steps: 31 | Train Loss: 0.0862936 Vali Loss: 0.1402886 Test Loss: 0.0853838
Validation loss decreased (0.143355 --> 0.140289).  Saving model ...
Updating learning rate to 2.3825718598876392e-06
Epoch: 10 cost time: 1.0169434547424316
Epoch: 10, Steps: 31 | Train Loss: 0.0846263 Vali Loss: 0.1371693 Test Loss: 0.0830961
Validation loss decreased (0.140289 --> 0.137169).  Saving model ...
Updating learning rate to 2.8046873348464134e-06
Epoch: 11 cost time: 1.0198092460632324
Epoch: 11, Steps: 31 | Train Loss: 0.0826499 Vali Loss: 0.1327104 Test Loss: 0.0801432
Validation loss decreased (0.137169 --> 0.132710).  Saving model ...
Updating learning rate to 3.2531028337306174e-06
Epoch: 12 cost time: 1.0204641819000244
Epoch: 12, Steps: 31 | Train Loss: 0.0800906 Vali Loss: 0.1275894 Test Loss: 0.0763967
Validation loss decreased (0.132710 --> 0.127589).  Saving model ...
Updating learning rate to 3.7228948496758864e-06
Epoch: 13 cost time: 1.0200824737548828
Epoch: 13, Steps: 31 | Train Loss: 0.0772778 Vali Loss: 0.1214816 Test Loss: 0.0724501
Validation loss decreased (0.127589 --> 0.121482).  Saving model ...
Updating learning rate to 4.20890516620423e-06
Epoch: 14 cost time: 1.0087714195251465
Epoch: 14, Steps: 31 | Train Loss: 0.0744132 Vali Loss: 0.1162429 Test Loss: 0.0692661
Validation loss decreased (0.121482 --> 0.116243).  Saving model ...
Updating learning rate to 4.705797493344547e-06
Epoch: 15 cost time: 1.0182793140411377
Epoch: 15, Steps: 31 | Train Loss: 0.0718797 Vali Loss: 0.1115618 Test Loss: 0.0668048
Validation loss decreased (0.116243 --> 0.111562).  Saving model ...
Updating learning rate to 5.208116058962259e-06
Epoch: 16 cost time: 1.0143275260925293
Epoch: 16, Steps: 31 | Train Loss: 0.0698078 Vali Loss: 0.1069285 Test Loss: 0.0647944
Validation loss decreased (0.111562 --> 0.106928).  Saving model ...
Updating learning rate to 5.710345511977682e-06
Epoch: 17 cost time: 1.0192198753356934
Epoch: 17, Steps: 31 | Train Loss: 0.0680046 Vali Loss: 0.1038033 Test Loss: 0.0628599
Validation loss decreased (0.106928 --> 0.103803).  Saving model ...
Updating learning rate to 6.206971479748566e-06
Epoch: 18 cost time: 1.0179774761199951
Epoch: 18, Steps: 31 | Train Loss: 0.0664416 Vali Loss: 0.1010065 Test Loss: 0.0611088
Validation loss decreased (0.103803 --> 0.101006).  Saving model ...
Updating learning rate to 6.6925411147095855e-06
Epoch: 19 cost time: 1.020050287246704
Epoch: 19, Steps: 31 | Train Loss: 0.0649516 Vali Loss: 0.0986985 Test Loss: 0.0593608
Validation loss decreased (0.101006 --> 0.098699).  Saving model ...
Updating learning rate to 7.161722965479587e-06
Epoch: 20 cost time: 1.0133898258209229
Epoch: 20, Steps: 31 | Train Loss: 0.0636547 Vali Loss: 0.0970101 Test Loss: 0.0580805
Validation loss decreased (0.098699 --> 0.097010).  Saving model ...
Updating learning rate to 7.609365515064509e-06
Epoch: 21 cost time: 0.9994018077850342
Epoch: 21, Steps: 31 | Train Loss: 0.0626298 Vali Loss: 0.0951983 Test Loss: 0.0569573
Validation loss decreased (0.097010 --> 0.095198).  Saving model ...
Updating learning rate to 8.030553743418992e-06
Epoch: 22 cost time: 1.0075254440307617
Epoch: 22, Steps: 31 | Train Loss: 0.0616297 Vali Loss: 0.0936257 Test Loss: 0.0560405
Validation loss decreased (0.095198 --> 0.093626).  Saving model ...
Updating learning rate to 8.420663093321771e-06
Epoch: 23 cost time: 1.0064587593078613
Epoch: 23, Steps: 31 | Train Loss: 0.0608236 Vali Loss: 0.0923835 Test Loss: 0.0552837
Validation loss decreased (0.093626 --> 0.092383).  Saving model ...
Updating learning rate to 8.775410247030974e-06
Epoch: 24 cost time: 1.0081095695495605
Epoch: 24, Steps: 31 | Train Loss: 0.0599747 Vali Loss: 0.0916057 Test Loss: 0.0545000
Validation loss decreased (0.092383 --> 0.091606).  Saving model ...
Updating learning rate to 9.09090015620249e-06
Epoch: 25 cost time: 1.0143237113952637
Epoch: 25, Steps: 31 | Train Loss: 0.0591703 Vali Loss: 0.0903601 Test Loss: 0.0536623
Validation loss decreased (0.091606 --> 0.090360).  Saving model ...
Updating learning rate to 9.363668808692879e-06
Epoch: 26 cost time: 1.0143094062805176
Epoch: 26, Steps: 31 | Train Loss: 0.0583829 Vali Loss: 0.0895991 Test Loss: 0.0529695
Validation loss decreased (0.090360 --> 0.089599).  Saving model ...
Updating learning rate to 9.59072126267639e-06
Epoch: 27 cost time: 0.9986541271209717
Epoch: 27, Steps: 31 | Train Loss: 0.0577047 Vali Loss: 0.0882394 Test Loss: 0.0523136
Validation loss decreased (0.089599 --> 0.088239).  Saving model ...
Updating learning rate to 9.769564530469635e-06
Epoch: 28 cost time: 1.008798360824585
Epoch: 28, Steps: 31 | Train Loss: 0.0570192 Vali Loss: 0.0873977 Test Loss: 0.0517047
Validation loss decreased (0.088239 --> 0.087398).  Saving model ...
Updating learning rate to 9.898234951006446e-06
Epoch: 29 cost time: 1.0103278160095215
Epoch: 29, Steps: 31 | Train Loss: 0.0563306 Vali Loss: 0.0864966 Test Loss: 0.0510371
Validation loss decreased (0.087398 --> 0.086497).  Saving model ...
Updating learning rate to 9.97531975041899e-06
Epoch: 30 cost time: 1.0115504264831543
Epoch: 30, Steps: 31 | Train Loss: 0.0556852 Vali Loss: 0.0855426 Test Loss: 0.0504437
Validation loss decreased (0.086497 --> 0.085543).  Saving model ...
Updating learning rate to 9.999994760154602e-06
Epoch: 31 cost time: 1.0094759464263916
Epoch: 31, Steps: 31 | Train Loss: 0.0550028 Vali Loss: 0.0843392 Test Loss: 0.0499102
Validation loss decreased (0.085543 --> 0.084339).  Saving model ...
Updating learning rate to 9.994635356966321e-06
Epoch: 32 cost time: 1.0104708671569824
Epoch: 32, Steps: 31 | Train Loss: 0.0543186 Vali Loss: 0.0836870 Test Loss: 0.0493494
Validation loss decreased (0.084339 --> 0.083687).  Saving model ...
Updating learning rate to 9.979217463145653e-06
Epoch: 33 cost time: 1.0147769451141357
Epoch: 33, Steps: 31 | Train Loss: 0.0537208 Vali Loss: 0.0828945 Test Loss: 0.0488066
Validation loss decreased (0.083687 --> 0.082894).  Saving model ...
Updating learning rate to 9.953772128278901e-06
Epoch: 34 cost time: 1.0158851146697998
Epoch: 34, Steps: 31 | Train Loss: 0.0531408 Vali Loss: 0.0816654 Test Loss: 0.0483519
Validation loss decreased (0.082894 --> 0.081665).  Saving model ...
Updating learning rate to 9.918350595884151e-06
Epoch: 35 cost time: 1.0098609924316406
Epoch: 35, Steps: 31 | Train Loss: 0.0525351 Vali Loss: 0.0811969 Test Loss: 0.0477538
Validation loss decreased (0.081665 --> 0.081197).  Saving model ...
Updating learning rate to 9.873024200213661e-06
Epoch: 36 cost time: 1.0139808654785156
Epoch: 36, Steps: 31 | Train Loss: 0.0518779 Vali Loss: 0.0802955 Test Loss: 0.0472981
Validation loss decreased (0.081197 --> 0.080295).  Saving model ...
Updating learning rate to 9.817884222596151e-06
Epoch: 37 cost time: 1.0094695091247559
Epoch: 37, Steps: 31 | Train Loss: 0.0513051 Vali Loss: 0.0795412 Test Loss: 0.0468081
Validation loss decreased (0.080295 --> 0.079541).  Saving model ...
Updating learning rate to 9.75304170760837e-06
Epoch: 38 cost time: 1.0130410194396973
Epoch: 38, Steps: 31 | Train Loss: 0.0507489 Vali Loss: 0.0787435 Test Loss: 0.0463530
Validation loss decreased (0.079541 --> 0.078744).  Saving model ...
Updating learning rate to 9.678627239446092e-06
Epoch: 39 cost time: 1.012122392654419
Epoch: 39, Steps: 31 | Train Loss: 0.0502110 Vali Loss: 0.0778157 Test Loss: 0.0459206
Validation loss decreased (0.078744 --> 0.077816).  Saving model ...
Updating learning rate to 9.594790678944921e-06
Epoch: 40 cost time: 1.0100164413452148
Epoch: 40, Steps: 31 | Train Loss: 0.0496413 Vali Loss: 0.0770060 Test Loss: 0.0454544
Validation loss decreased (0.077816 --> 0.077006).  Saving model ...
Updating learning rate to 9.50170086178052e-06
Epoch: 41 cost time: 1.01320219039917
Epoch: 41, Steps: 31 | Train Loss: 0.0490687 Vali Loss: 0.0765067 Test Loss: 0.0449817
Validation loss decreased (0.077006 --> 0.076507).  Saving model ...
Updating learning rate to 9.399545258456017e-06
Epoch: 42 cost time: 1.0106260776519775
Epoch: 42, Steps: 31 | Train Loss: 0.0485506 Vali Loss: 0.0758943 Test Loss: 0.0445337
Validation loss decreased (0.076507 --> 0.075894).  Saving model ...
Updating learning rate to 9.288529596761373e-06
Epoch: 43 cost time: 1.013512134552002
Epoch: 43, Steps: 31 | Train Loss: 0.0480225 Vali Loss: 0.0749489 Test Loss: 0.0441130
Validation loss decreased (0.075894 --> 0.074949).  Saving model ...
Updating learning rate to 9.168877447464985e-06
Epoch: 44 cost time: 1.0082123279571533
Epoch: 44, Steps: 31 | Train Loss: 0.0475385 Vali Loss: 0.0743270 Test Loss: 0.0436984
Validation loss decreased (0.074949 --> 0.074327).  Saving model ...
Updating learning rate to 9.040829774071914e-06
Epoch: 45 cost time: 1.0048613548278809
Epoch: 45, Steps: 31 | Train Loss: 0.0469811 Vali Loss: 0.0734316 Test Loss: 0.0432680
Validation loss decreased (0.074327 --> 0.073432).  Saving model ...
Updating learning rate to 8.904644447555448e-06
Epoch: 46 cost time: 1.0069694519042969
Epoch: 46, Steps: 31 | Train Loss: 0.0464996 Vali Loss: 0.0728835 Test Loss: 0.0428544
Validation loss decreased (0.073432 --> 0.072884).  Saving model ...
Updating learning rate to 8.760595727039295e-06
Epoch: 47 cost time: 1.0104897022247314
Epoch: 47, Steps: 31 | Train Loss: 0.0459914 Vali Loss: 0.0722616 Test Loss: 0.0424382
Validation loss decreased (0.072884 --> 0.072262).  Saving model ...
Updating learning rate to 8.608973707476191e-06
Epoch: 48 cost time: 1.0156474113464355
Epoch: 48, Steps: 31 | Train Loss: 0.0455523 Vali Loss: 0.0714609 Test Loss: 0.0420651
Validation loss decreased (0.072262 --> 0.071461).  Saving model ...
Updating learning rate to 8.450083735435278e-06
Epoch: 49 cost time: 1.0113604068756104
Epoch: 49, Steps: 31 | Train Loss: 0.0450104 Vali Loss: 0.0708259 Test Loss: 0.0416216
Validation loss decreased (0.071461 --> 0.070826).  Saving model ...
Updating learning rate to 8.284245794174751e-06
Epoch: 50 cost time: 1.008756399154663
Epoch: 50, Steps: 31 | Train Loss: 0.0445703 Vali Loss: 0.0699564 Test Loss: 0.0412592
Validation loss decreased (0.070826 --> 0.069956).  Saving model ...
Updating learning rate to 8.111793859238162e-06
Epoch: 51 cost time: 1.0158905982971191
Epoch: 51, Steps: 31 | Train Loss: 0.0440800 Vali Loss: 0.0693450 Test Loss: 0.0408921
Validation loss decreased (0.069956 --> 0.069345).  Saving model ...
Updating learning rate to 7.93307522587211e-06
Epoch: 52 cost time: 1.012505292892456
Epoch: 52, Steps: 31 | Train Loss: 0.0436373 Vali Loss: 0.0688528 Test Loss: 0.0404830
Validation loss decreased (0.069345 --> 0.068853).  Saving model ...
Updating learning rate to 7.748449809619857e-06
Epoch: 53 cost time: 1.0138764381408691
Epoch: 53, Steps: 31 | Train Loss: 0.0431176 Vali Loss: 0.0680318 Test Loss: 0.0401164
Validation loss decreased (0.068853 --> 0.068032).  Saving model ...
Updating learning rate to 7.558289421499295e-06
Epoch: 54 cost time: 1.0140182971954346
Epoch: 54, Steps: 31 | Train Loss: 0.0426669 Vali Loss: 0.0673325 Test Loss: 0.0397522
Validation loss decreased (0.068032 --> 0.067333).  Saving model ...
Updating learning rate to 7.362977019225052e-06
Epoch: 55 cost time: 1.0145158767700195
Epoch: 55, Steps: 31 | Train Loss: 0.0422428 Vali Loss: 0.0667495 Test Loss: 0.0393496
Validation loss decreased (0.067333 --> 0.066750).  Saving model ...
Updating learning rate to 7.162905935982624e-06
Epoch: 56 cost time: 1.0211026668548584
Epoch: 56, Steps: 31 | Train Loss: 0.0417911 Vali Loss: 0.0662337 Test Loss: 0.0389741
Validation loss decreased (0.066750 --> 0.066234).  Saving model ...
Updating learning rate to 6.958479088307673e-06
Epoch: 57 cost time: 1.0166254043579102
Epoch: 57, Steps: 31 | Train Loss: 0.0413107 Vali Loss: 0.0653260 Test Loss: 0.0386272
Validation loss decreased (0.066234 --> 0.065326).  Saving model ...
Updating learning rate to 6.7501081646657556e-06
Epoch: 58 cost time: 1.0120322704315186
Epoch: 58, Steps: 31 | Train Loss: 0.0409136 Vali Loss: 0.0649099 Test Loss: 0.0382535
Validation loss decreased (0.065326 --> 0.064910).  Saving model ...
Updating learning rate to 6.538212796366537e-06
Epoch: 59 cost time: 1.0092909336090088
Epoch: 59, Steps: 31 | Train Loss: 0.0405369 Vali Loss: 0.0642892 Test Loss: 0.0379020
Validation loss decreased (0.064910 --> 0.064289).  Saving model ...
Updating learning rate to 6.323219712482178e-06
Epoch: 60 cost time: 1.0128748416900635
Epoch: 60, Steps: 31 | Train Loss: 0.0400753 Vali Loss: 0.0637822 Test Loss: 0.0375548
Validation loss decreased (0.064289 --> 0.063782).  Saving model ...
Updating learning rate to 6.1055618804717764e-06
Epoch: 61 cost time: 1.0118494033813477
Epoch: 61, Steps: 31 | Train Loss: 0.0396915 Vali Loss: 0.0629932 Test Loss: 0.0371837
Validation loss decreased (0.063782 --> 0.062993).  Saving model ...
Updating learning rate to 5.8856776342425235e-06
Epoch: 62 cost time: 1.0077235698699951
Epoch: 62, Steps: 31 | Train Loss: 0.0392986 Vali Loss: 0.0622985 Test Loss: 0.0368506
Validation loss decreased (0.062993 --> 0.062299).  Saving model ...
Updating learning rate to 5.664009791403554e-06
Epoch: 63 cost time: 1.0061004161834717
Epoch: 63, Steps: 31 | Train Loss: 0.0388736 Vali Loss: 0.0617459 Test Loss: 0.0365283
Validation loss decreased (0.062299 --> 0.061746).  Saving model ...
Updating learning rate to 5.441004761490205e-06
Epoch: 64 cost time: 1.0080890655517578
Epoch: 64, Steps: 31 | Train Loss: 0.0385085 Vali Loss: 0.0612176 Test Loss: 0.0361763
Validation loss decreased (0.061746 --> 0.061218).  Saving model ...
Updating learning rate to 5.217111646954626e-06
Epoch: 65 cost time: 1.0102391242980957
Epoch: 65, Steps: 31 | Train Loss: 0.0381118 Vali Loss: 0.0606538 Test Loss: 0.0359780
Validation loss decreased (0.061218 --> 0.060654).  Saving model ...
Updating learning rate to 4.992781338733208e-06
Epoch: 66 cost time: 1.005429983139038
Epoch: 66, Steps: 31 | Train Loss: 0.0379892 Vali Loss: 0.0608818 Test Loss: 0.0360003
EarlyStopping counter: 1 out of 10
Updating learning rate to 4.768465608212241e-06
Epoch: 67 cost time: 1.0119719505310059
Epoch: 67, Steps: 31 | Train Loss: 0.0380066 Vali Loss: 0.0606467 Test Loss: 0.0359986
Validation loss decreased (0.060654 --> 0.060647).  Saving model ...
Updating learning rate to 4.544616197420465e-06
Epoch: 68 cost time: 1.0113763809204102
Epoch: 68, Steps: 31 | Train Loss: 0.0379367 Vali Loss: 0.0610194 Test Loss: 0.0359906
EarlyStopping counter: 1 out of 10
Updating learning rate to 4.321683909280753e-06
Epoch: 69 cost time: 1.0099241733551025
Epoch: 69, Steps: 31 | Train Loss: 0.0378767 Vali Loss: 0.0609159 Test Loss: 0.0359980
EarlyStopping counter: 2 out of 10
Updating learning rate to 4.100117699752996e-06
Epoch: 70 cost time: 1.0043361186981201
Epoch: 70, Steps: 31 | Train Loss: 0.0378877 Vali Loss: 0.0607620 Test Loss: 0.0360378
EarlyStopping counter: 3 out of 10
Updating learning rate to 3.8803637736965736e-06
Epoch: 71 cost time: 1.0139052867889404
Epoch: 71, Steps: 31 | Train Loss: 0.0378835 Vali Loss: 0.0609568 Test Loss: 0.0359978
EarlyStopping counter: 4 out of 10
Updating learning rate to 3.66286468627313e-06
Epoch: 72 cost time: 1.0070126056671143
Epoch: 72, Steps: 31 | Train Loss: 0.0378174 Vali Loss: 0.0608593 Test Loss: 0.0360152
EarlyStopping counter: 5 out of 10
Updating learning rate to 3.4480584516993903e-06
Epoch: 73 cost time: 1.0059545040130615
Epoch: 73, Steps: 31 | Train Loss: 0.0378314 Vali Loss: 0.0608763 Test Loss: 0.0360007
EarlyStopping counter: 6 out of 10
Updating learning rate to 3.2363776611448018e-06
Epoch: 74 cost time: 1.0042164325714111
Epoch: 74, Steps: 31 | Train Loss: 0.0377986 Vali Loss: 0.0610387 Test Loss: 0.0360065
EarlyStopping counter: 7 out of 10
Updating learning rate to 3.0282486115505108e-06
Epoch: 75 cost time: 1.0065109729766846
Epoch: 75, Steps: 31 | Train Loss: 0.0377761 Vali Loss: 0.0609006 Test Loss: 0.0360200
EarlyStopping counter: 8 out of 10
Updating learning rate to 2.8240904471240344e-06
Epoch: 76 cost time: 0.9938302040100098
Epoch: 76, Steps: 31 | Train Loss: 0.0377955 Vali Loss: 0.0609807 Test Loss: 0.0360249
EarlyStopping counter: 9 out of 10
Updating learning rate to 2.624314315238625e-06
Epoch: 77 cost time: 1.0113611221313477
Epoch: 77, Steps: 31 | Train Loss: 0.0377531 Vali Loss: 0.0608988 Test Loss: 0.0360445
EarlyStopping counter: 10 out of 10
Early stopping
>>>>>>>testing : ETTh1_336_192_DTFNet_ETTh1_ftM_sl336_ll0_pl192_dm128_nh16_el2_br2_dl1_df256_fc1_ebtimeF_dtTrue_'Exp'_0_'rel_sin'_16_8_16,24_8,12_3_1_256<<<<<<<<<<<<<<<<<<<<<<<<<<<<<<<<<
test 2689
mse:0.38963600993156433, mae:0.406289666891098, rse:0.5937222242355347
