Args in experiment:
Namespace(is_training=1, model_id='ETTh1_336_192', model='DTFNet', data='ETTh1', root_path='./dataset/', data_path='ETTh1.csv', features='M', target='OT', freq='h', checkpoints='./checkpoints/', seq_len=336, label_len=0, pred_len=192, n_branches=2, patch_len_ls='16,24', stride_ls='8,12', d_model_ls='128', n_heads_ls='16', rel_pe="'rel_sin'", res_attn=False, head_type='flatten', fc_dropout=0.3, head_dropout=0.1, patch_len=16, stride=8, padding_patch="'end'", revin=1, affine=0, subtract_last=0, decomposition=0, kernel_size=25, individual=0, store_attn=False, pre_norm=False, pe='zeros', no_learn_pe=True, embed_type=0, enc_in=7, dec_in=7, c_out=7, d_model=128, n_heads=16, e_layers=2, d_layers=1, d_ff=256, moving_avg=25, factor=1, distil=True, dropout=0.3, embed='timeF', activation='gelu', output_attention=False, do_predict=False, num_workers=0, itr=1, train_epochs=100, batch_size=256, patience=10, learning_rate=1e-05, des="'Exp'", loss='mse', lradj='TST', pct_start=0.3, use_amp=False, l2=0.0, warmup_steps=0, use_gpu=True, gpu=0, use_multi_gpu=False, devices='0', test_flop=False, use_mlflow=False, mlflow_project='exp', loss_flag=2, sub_patch_len=16, sub_stride=8, stride_ls_list='16', model_type='linear', tfactor=3, dilation_rates='1', wavelet_layers=2, wavelet_type='db5', wavelet_mode='periodization', wavelet_dim=64, initTLV=0.2)
Use GPU: cuda:0
>>>>>>>start training : ETTh1_336_192_DTFNet_ETTh1_ftM_sl336_ll0_pl192_dm128_nh16_el2_br2_dl1_df256_fc1_ebtimeF_dtTrue_'Exp'_0_'rel_sin'_16_8_16,24_8,12_3_1_256>>>>>>>>>>>>>>>>>>>>>>>>>>
train 8113
val 2689
test 2689
Epoch: 1 cost time: 1.3762140274047852
Epoch: 1, Steps: 31 | Train Loss: 0.0949888 Vali Loss: 0.1566722 Test Loss: 0.0955167
Validation loss decreased (inf --> 0.156672).  Saving model ...
Updating learning rate to 4.2635148986572395e-07
Epoch: 2 cost time: 1.0174369812011719
Epoch: 2, Steps: 31 | Train Loss: 0.0940557 Vali Loss: 0.1550867 Test Loss: 0.0945502
Validation loss decreased (0.156672 --> 0.155087).  Saving model ...
Updating learning rate to 5.051166257053371e-07
Epoch: 3 cost time: 1.0157833099365234
Epoch: 3, Steps: 31 | Train Loss: 0.0931324 Vali Loss: 0.1533003 Test Loss: 0.0935155
Validation loss decreased (0.155087 --> 0.153300).  Saving model ...
Updating learning rate to 6.354305830693182e-07
Epoch: 4 cost time: 1.0129914283752441
Epoch: 4, Steps: 31 | Train Loss: 0.0921941 Vali Loss: 0.1515192 Test Loss: 0.0924176
Validation loss decreased (0.153300 --> 0.151519).  Saving model ...
Updating learning rate to 8.158625424048165e-07
Epoch: 5 cost time: 1.0200529098510742
Epoch: 5, Steps: 31 | Train Loss: 0.0911063 Vali Loss: 0.1495952 Test Loss: 0.0912319
Validation loss decreased (0.151519 --> 0.149595).  Saving model ...
Updating learning rate to 1.0444313991502185e-06
Epoch: 6 cost time: 1.0196638107299805
Epoch: 6, Steps: 31 | Train Loss: 0.0900226 Vali Loss: 0.1475400 Test Loss: 0.0899400
Validation loss decreased (0.149595 --> 0.147540).  Saving model ...
Updating learning rate to 1.3186275158421247e-06
Epoch: 7 cost time: 1.0144736766815186
Epoch: 7, Steps: 31 | Train Loss: 0.0888698 Vali Loss: 0.1450936 Test Loss: 0.0884967
Validation loss decreased (0.147540 --> 0.145094).  Saving model ...
Updating learning rate to 1.6354402774012767e-06
Epoch: 8 cost time: 1.0210239887237549
Epoch: 8, Steps: 31 | Train Loss: 0.0875714 Vali Loss: 0.1427055 Test Loss: 0.0868210
Validation loss decreased (0.145094 --> 0.142706).  Saving model ...
Updating learning rate to 1.99139114704619e-06
Epoch: 9 cost time: 1.0161974430084229
Epoch: 9, Steps: 31 | Train Loss: 0.0861365 Vali Loss: 0.1397338 Test Loss: 0.0848161
Validation loss decreased (0.142706 --> 0.139734).  Saving model ...
Updating learning rate to 2.3825718598876392e-06
Epoch: 10 cost time: 1.0219931602478027
Epoch: 10, Steps: 31 | Train Loss: 0.0843009 Vali Loss: 0.1361991 Test Loss: 0.0823149
Validation loss decreased (0.139734 --> 0.136199).  Saving model ...
Updating learning rate to 2.8046873348464134e-06
Epoch: 11 cost time: 1.0136725902557373
Epoch: 11, Steps: 31 | Train Loss: 0.0821658 Vali Loss: 0.1317314 Test Loss: 0.0790380
Validation loss decreased (0.136199 --> 0.131731).  Saving model ...
Updating learning rate to 3.2531028337306174e-06
Epoch: 12 cost time: 1.018690586090088
Epoch: 12, Steps: 31 | Train Loss: 0.0796069 Vali Loss: 0.1262448 Test Loss: 0.0751117
Validation loss decreased (0.131731 --> 0.126245).  Saving model ...
Updating learning rate to 3.7228948496758864e-06
Epoch: 13 cost time: 1.0164794921875
Epoch: 13, Steps: 31 | Train Loss: 0.0767158 Vali Loss: 0.1207170 Test Loss: 0.0713062
Validation loss decreased (0.126245 --> 0.120717).  Saving model ...
Updating learning rate to 4.20890516620423e-06
Epoch: 14 cost time: 1.0073468685150146
Epoch: 14, Steps: 31 | Train Loss: 0.0740102 Vali Loss: 0.1153647 Test Loss: 0.0683385
Validation loss decreased (0.120717 --> 0.115365).  Saving model ...
Updating learning rate to 4.705797493344547e-06
Epoch: 15 cost time: 1.0099196434020996
Epoch: 15, Steps: 31 | Train Loss: 0.0715383 Vali Loss: 0.1111286 Test Loss: 0.0660068
Validation loss decreased (0.115365 --> 0.111129).  Saving model ...
Updating learning rate to 5.208116058962259e-06
Epoch: 16 cost time: 1.0068888664245605
Epoch: 16, Steps: 31 | Train Loss: 0.0694731 Vali Loss: 0.1068726 Test Loss: 0.0640242
Validation loss decreased (0.111129 --> 0.106873).  Saving model ...
Updating learning rate to 5.710345511977682e-06
Epoch: 17 cost time: 1.01530122756958
Epoch: 17, Steps: 31 | Train Loss: 0.0676125 Vali Loss: 0.1037143 Test Loss: 0.0619814
Validation loss decreased (0.106873 --> 0.103714).  Saving model ...
Updating learning rate to 6.206971479748566e-06
Epoch: 18 cost time: 1.0075204372406006
Epoch: 18, Steps: 31 | Train Loss: 0.0660682 Vali Loss: 0.1003975 Test Loss: 0.0602430
Validation loss decreased (0.103714 --> 0.100398).  Saving model ...
Updating learning rate to 6.6925411147095855e-06
Epoch: 19 cost time: 1.0139338970184326
Epoch: 19, Steps: 31 | Train Loss: 0.0645639 Vali Loss: 0.0986334 Test Loss: 0.0588340
Validation loss decreased (0.100398 --> 0.098633).  Saving model ...
Updating learning rate to 7.161722965479587e-06
Epoch: 20 cost time: 1.0154216289520264
Epoch: 20, Steps: 31 | Train Loss: 0.0634669 Vali Loss: 0.0967380 Test Loss: 0.0576182
Validation loss decreased (0.098633 --> 0.096738).  Saving model ...
Updating learning rate to 7.609365515064509e-06
Epoch: 21 cost time: 1.001455307006836
Epoch: 21, Steps: 31 | Train Loss: 0.0623321 Vali Loss: 0.0949567 Test Loss: 0.0566294
Validation loss decreased (0.096738 --> 0.094957).  Saving model ...
Updating learning rate to 8.030553743418992e-06
Epoch: 22 cost time: 1.0111424922943115
Epoch: 22, Steps: 31 | Train Loss: 0.0614450 Vali Loss: 0.0934295 Test Loss: 0.0556827
Validation loss decreased (0.094957 --> 0.093430).  Saving model ...
Updating learning rate to 8.420663093321771e-06
Epoch: 23 cost time: 1.006112813949585
Epoch: 23, Steps: 31 | Train Loss: 0.0606878 Vali Loss: 0.0921951 Test Loss: 0.0548725
Validation loss decreased (0.093430 --> 0.092195).  Saving model ...
Updating learning rate to 8.775410247030974e-06
Epoch: 24 cost time: 1.0079739093780518
Epoch: 24, Steps: 31 | Train Loss: 0.0598411 Vali Loss: 0.0912586 Test Loss: 0.0541576
Validation loss decreased (0.092195 --> 0.091259).  Saving model ...
Updating learning rate to 9.09090015620249e-06
Epoch: 25 cost time: 1.0070757865905762
Epoch: 25, Steps: 31 | Train Loss: 0.0590708 Vali Loss: 0.0902345 Test Loss: 0.0533740
Validation loss decreased (0.091259 --> 0.090234).  Saving model ...
Updating learning rate to 9.363668808692879e-06
Epoch: 26 cost time: 1.0129454135894775
Epoch: 26, Steps: 31 | Train Loss: 0.0583413 Vali Loss: 0.0888246 Test Loss: 0.0526946
Validation loss decreased (0.090234 --> 0.088825).  Saving model ...
Updating learning rate to 9.59072126267639e-06
Epoch: 27 cost time: 1.0052580833435059
Epoch: 27, Steps: 31 | Train Loss: 0.0576502 Vali Loss: 0.0880542 Test Loss: 0.0520630
Validation loss decreased (0.088825 --> 0.088054).  Saving model ...
Updating learning rate to 9.769564530469635e-06
Epoch: 28 cost time: 1.0059027671813965
Epoch: 28, Steps: 31 | Train Loss: 0.0569628 Vali Loss: 0.0869642 Test Loss: 0.0514480
Validation loss decreased (0.088054 --> 0.086964).  Saving model ...
Updating learning rate to 9.898234951006446e-06
Epoch: 29 cost time: 1.0152544975280762
Epoch: 29, Steps: 31 | Train Loss: 0.0562678 Vali Loss: 0.0859940 Test Loss: 0.0508030
Validation loss decreased (0.086964 --> 0.085994).  Saving model ...
Updating learning rate to 9.97531975041899e-06
Epoch: 30 cost time: 1.0040223598480225
Epoch: 30, Steps: 31 | Train Loss: 0.0555492 Vali Loss: 0.0850257 Test Loss: 0.0502509
Validation loss decreased (0.085994 --> 0.085026).  Saving model ...
Updating learning rate to 9.999994760154602e-06
Epoch: 31 cost time: 1.0058858394622803
Epoch: 31, Steps: 31 | Train Loss: 0.0549984 Vali Loss: 0.0845653 Test Loss: 0.0496817
Validation loss decreased (0.085026 --> 0.084565).  Saving model ...
Updating learning rate to 9.994635356966321e-06
Epoch: 32 cost time: 1.0019843578338623
Epoch: 32, Steps: 31 | Train Loss: 0.0543154 Vali Loss: 0.0832646 Test Loss: 0.0491715
Validation loss decreased (0.084565 --> 0.083265).  Saving model ...
Updating learning rate to 9.979217463145653e-06
Epoch: 33 cost time: 1.0096256732940674
Epoch: 33, Steps: 31 | Train Loss: 0.0536871 Vali Loss: 0.0824423 Test Loss: 0.0486435
Validation loss decreased (0.083265 --> 0.082442).  Saving model ...
Updating learning rate to 9.953772128278901e-06
Epoch: 34 cost time: 1.0075228214263916
Epoch: 34, Steps: 31 | Train Loss: 0.0530698 Vali Loss: 0.0813386 Test Loss: 0.0481359
Validation loss decreased (0.082442 --> 0.081339).  Saving model ...
Updating learning rate to 9.918350595884151e-06
Epoch: 35 cost time: 1.0114479064941406
Epoch: 35, Steps: 31 | Train Loss: 0.0524875 Vali Loss: 0.0806859 Test Loss: 0.0476397
Validation loss decreased (0.081339 --> 0.080686).  Saving model ...
Updating learning rate to 9.873024200213661e-06
Epoch: 36 cost time: 1.0073695182800293
Epoch: 36, Steps: 31 | Train Loss: 0.0519373 Vali Loss: 0.0799645 Test Loss: 0.0471823
Validation loss decreased (0.080686 --> 0.079965).  Saving model ...
Updating learning rate to 9.817884222596151e-06
Epoch: 37 cost time: 1.0055294036865234
Epoch: 37, Steps: 31 | Train Loss: 0.0513050 Vali Loss: 0.0791140 Test Loss: 0.0466550
Validation loss decreased (0.079965 --> 0.079114).  Saving model ...
Updating learning rate to 9.75304170760837e-06
Epoch: 38 cost time: 1.0087838172912598
Epoch: 38, Steps: 31 | Train Loss: 0.0507738 Vali Loss: 0.0783042 Test Loss: 0.0462015
Validation loss decreased (0.079114 --> 0.078304).  Saving model ...
Updating learning rate to 9.678627239446092e-06
Epoch: 39 cost time: 1.0126283168792725
Epoch: 39, Steps: 31 | Train Loss: 0.0501316 Vali Loss: 0.0775992 Test Loss: 0.0457428
Validation loss decreased (0.078304 --> 0.077599).  Saving model ...
Updating learning rate to 9.594790678944921e-06
Epoch: 40 cost time: 1.014610767364502
Epoch: 40, Steps: 31 | Train Loss: 0.0496419 Vali Loss: 0.0767947 Test Loss: 0.0453073
Validation loss decreased (0.077599 --> 0.076795).  Saving model ...
Updating learning rate to 9.50170086178052e-06
Epoch: 41 cost time: 1.0043158531188965
Epoch: 41, Steps: 31 | Train Loss: 0.0490965 Vali Loss: 0.0762733 Test Loss: 0.0448592
Validation loss decreased (0.076795 --> 0.076273).  Saving model ...
Updating learning rate to 9.399545258456017e-06
Epoch: 42 cost time: 1.0135979652404785
Epoch: 42, Steps: 31 | Train Loss: 0.0485673 Vali Loss: 0.0754616 Test Loss: 0.0444378
Validation loss decreased (0.076273 --> 0.075462).  Saving model ...
Updating learning rate to 9.288529596761373e-06
Epoch: 43 cost time: 1.008335828781128
Epoch: 43, Steps: 31 | Train Loss: 0.0480717 Vali Loss: 0.0747224 Test Loss: 0.0439901
Validation loss decreased (0.075462 --> 0.074722).  Saving model ...
Updating learning rate to 9.168877447464985e-06
Epoch: 44 cost time: 1.0049233436584473
Epoch: 44, Steps: 31 | Train Loss: 0.0475169 Vali Loss: 0.0739373 Test Loss: 0.0435516
Validation loss decreased (0.074722 --> 0.073937).  Saving model ...
Updating learning rate to 9.040829774071914e-06
Epoch: 45 cost time: 1.003544807434082
Epoch: 45, Steps: 31 | Train Loss: 0.0469943 Vali Loss: 0.0733949 Test Loss: 0.0431390
Validation loss decreased (0.073937 --> 0.073395).  Saving model ...
Updating learning rate to 8.904644447555448e-06
Epoch: 46 cost time: 1.012054443359375
Epoch: 46, Steps: 31 | Train Loss: 0.0465758 Vali Loss: 0.0724910 Test Loss: 0.0427355
Validation loss decreased (0.073395 --> 0.072491).  Saving model ...
Updating learning rate to 8.760595727039295e-06
Epoch: 47 cost time: 0.9981532096862793
Epoch: 47, Steps: 31 | Train Loss: 0.0459864 Vali Loss: 0.0717857 Test Loss: 0.0423308
Validation loss decreased (0.072491 --> 0.071786).  Saving model ...
Updating learning rate to 8.608973707476191e-06
Epoch: 48 cost time: 1.0097219944000244
Epoch: 48, Steps: 31 | Train Loss: 0.0455560 Vali Loss: 0.0710173 Test Loss: 0.0419111
Validation loss decreased (0.071786 --> 0.071017).  Saving model ...
Updating learning rate to 8.450083735435278e-06
Epoch: 49 cost time: 1.01035737991333
Epoch: 49, Steps: 31 | Train Loss: 0.0450343 Vali Loss: 0.0704762 Test Loss: 0.0415127
Validation loss decreased (0.071017 --> 0.070476).  Saving model ...
Updating learning rate to 8.284245794174751e-06
Epoch: 50 cost time: 1.0070016384124756
Epoch: 50, Steps: 31 | Train Loss: 0.0445524 Vali Loss: 0.0700696 Test Loss: 0.0411432
Validation loss decreased (0.070476 --> 0.070070).  Saving model ...
Updating learning rate to 8.111793859238162e-06
Epoch: 51 cost time: 1.0192844867706299
Epoch: 51, Steps: 31 | Train Loss: 0.0441091 Vali Loss: 0.0688957 Test Loss: 0.0407460
Validation loss decreased (0.070070 --> 0.068896).  Saving model ...
Updating learning rate to 7.93307522587211e-06
Epoch: 52 cost time: 1.016324758529663
Epoch: 52, Steps: 31 | Train Loss: 0.0436143 Vali Loss: 0.0684512 Test Loss: 0.0403792
Validation loss decreased (0.068896 --> 0.068451).  Saving model ...
Updating learning rate to 7.748449809619857e-06
Epoch: 53 cost time: 1.0153913497924805
Epoch: 53, Steps: 31 | Train Loss: 0.0432060 Vali Loss: 0.0675531 Test Loss: 0.0399823
Validation loss decreased (0.068451 --> 0.067553).  Saving model ...
Updating learning rate to 7.558289421499295e-06
Epoch: 54 cost time: 1.0120124816894531
Epoch: 54, Steps: 31 | Train Loss: 0.0427078 Vali Loss: 0.0671074 Test Loss: 0.0396146
Validation loss decreased (0.067553 --> 0.067107).  Saving model ...
Updating learning rate to 7.362977019225052e-06
Epoch: 55 cost time: 1.0113201141357422
Epoch: 55, Steps: 31 | Train Loss: 0.0422817 Vali Loss: 0.0665271 Test Loss: 0.0392475
Validation loss decreased (0.067107 --> 0.066527).  Saving model ...
Updating learning rate to 7.162905935982624e-06
Epoch: 56 cost time: 1.0043933391571045
Epoch: 56, Steps: 31 | Train Loss: 0.0418346 Vali Loss: 0.0659753 Test Loss: 0.0389067
Validation loss decreased (0.066527 --> 0.065975).  Saving model ...
Updating learning rate to 6.958479088307673e-06
Epoch: 57 cost time: 1.0091252326965332
Epoch: 57, Steps: 31 | Train Loss: 0.0414414 Vali Loss: 0.0654209 Test Loss: 0.0385972
Validation loss decreased (0.065975 --> 0.065421).  Saving model ...
Updating learning rate to 6.7501081646657556e-06
Epoch: 58 cost time: 1.0121803283691406
Epoch: 58, Steps: 31 | Train Loss: 0.0410023 Vali Loss: 0.0644164 Test Loss: 0.0381659
Validation loss decreased (0.065421 --> 0.064416).  Saving model ...
Updating learning rate to 6.538212796366537e-06
Epoch: 59 cost time: 1.014681339263916
Epoch: 59, Steps: 31 | Train Loss: 0.0405347 Vali Loss: 0.0637928 Test Loss: 0.0378032
Validation loss decreased (0.064416 --> 0.063793).  Saving model ...
Updating learning rate to 6.323219712482178e-06
Epoch: 60 cost time: 1.0068514347076416
Epoch: 60, Steps: 31 | Train Loss: 0.0401533 Vali Loss: 0.0629455 Test Loss: 0.0374475
Validation loss decreased (0.063793 --> 0.062946).  Saving model ...
Updating learning rate to 6.1055618804717764e-06
Epoch: 61 cost time: 1.0100321769714355
Epoch: 61, Steps: 31 | Train Loss: 0.0397566 Vali Loss: 0.0630197 Test Loss: 0.0371200
EarlyStopping counter: 1 out of 10
Updating learning rate to 5.8856776342425235e-06
Epoch: 62 cost time: 1.0056896209716797
Epoch: 62, Steps: 31 | Train Loss: 0.0393554 Vali Loss: 0.0620138 Test Loss: 0.0367713
Validation loss decreased (0.062946 --> 0.062014).  Saving model ...
Updating learning rate to 5.664009791403554e-06
Epoch: 63 cost time: 1.0117199420928955
Epoch: 63, Steps: 31 | Train Loss: 0.0389503 Vali Loss: 0.0615587 Test Loss: 0.0364245
Validation loss decreased (0.062014 --> 0.061559).  Saving model ...
Updating learning rate to 5.441004761490205e-06
Epoch: 64 cost time: 1.0107550621032715
Epoch: 64, Steps: 31 | Train Loss: 0.0385251 Vali Loss: 0.0608735 Test Loss: 0.0360921
Validation loss decreased (0.061559 --> 0.060874).  Saving model ...
Updating learning rate to 5.217111646954626e-06
Epoch: 65 cost time: 1.0101864337921143
Epoch: 65, Steps: 31 | Train Loss: 0.0381141 Vali Loss: 0.0606308 Test Loss: 0.0358968
Validation loss decreased (0.060874 --> 0.060631).  Saving model ...
Updating learning rate to 4.992781338733208e-06
Epoch: 66 cost time: 1.007314920425415
Epoch: 66, Steps: 31 | Train Loss: 0.0380628 Vali Loss: 0.0606704 Test Loss: 0.0359154
EarlyStopping counter: 1 out of 10
Updating learning rate to 4.768465608212241e-06
Epoch: 67 cost time: 1.0064260959625244
Epoch: 67, Steps: 31 | Train Loss: 0.0380149 Vali Loss: 0.0606341 Test Loss: 0.0359232
EarlyStopping counter: 2 out of 10
Updating learning rate to 4.544616197420465e-06
Epoch: 68 cost time: 1.0089879035949707
Epoch: 68, Steps: 31 | Train Loss: 0.0380316 Vali Loss: 0.0605923 Test Loss: 0.0359331
Validation loss decreased (0.060631 --> 0.060592).  Saving model ...
Updating learning rate to 4.321683909280753e-06
Epoch: 69 cost time: 1.0145375728607178
Epoch: 69, Steps: 31 | Train Loss: 0.0379625 Vali Loss: 0.0604542 Test Loss: 0.0359207
Validation loss decreased (0.060592 --> 0.060454).  Saving model ...
Updating learning rate to 4.100117699752996e-06
Epoch: 70 cost time: 1.0074288845062256
Epoch: 70, Steps: 31 | Train Loss: 0.0379670 Vali Loss: 0.0607993 Test Loss: 0.0359568
EarlyStopping counter: 1 out of 10
Updating learning rate to 3.8803637736965736e-06
Epoch: 71 cost time: 1.0062940120697021
Epoch: 71, Steps: 31 | Train Loss: 0.0379336 Vali Loss: 0.0607401 Test Loss: 0.0359447
EarlyStopping counter: 2 out of 10
Updating learning rate to 3.66286468627313e-06
Epoch: 72 cost time: 1.0111641883850098
Epoch: 72, Steps: 31 | Train Loss: 0.0379108 Vali Loss: 0.0606148 Test Loss: 0.0359386
EarlyStopping counter: 3 out of 10
Updating learning rate to 3.4480584516993903e-06
Epoch: 73 cost time: 0.9967713356018066
Epoch: 73, Steps: 31 | Train Loss: 0.0379219 Vali Loss: 0.0604840 Test Loss: 0.0359274
EarlyStopping counter: 4 out of 10
Updating learning rate to 3.2363776611448018e-06
Epoch: 74 cost time: 1.0055959224700928
Epoch: 74, Steps: 31 | Train Loss: 0.0378667 Vali Loss: 0.0605241 Test Loss: 0.0359418
EarlyStopping counter: 5 out of 10
Updating learning rate to 3.0282486115505108e-06
Epoch: 75 cost time: 1.0041813850402832
Epoch: 75, Steps: 31 | Train Loss: 0.0379040 Vali Loss: 0.0606277 Test Loss: 0.0359414
EarlyStopping counter: 6 out of 10
Updating learning rate to 2.8240904471240344e-06
Epoch: 76 cost time: 1.007488489151001
Epoch: 76, Steps: 31 | Train Loss: 0.0378752 Vali Loss: 0.0606722 Test Loss: 0.0359443
EarlyStopping counter: 7 out of 10
Updating learning rate to 2.624314315238625e-06
Epoch: 77 cost time: 1.0058987140655518
Epoch: 77, Steps: 31 | Train Loss: 0.0378390 Vali Loss: 0.0606026 Test Loss: 0.0359518
EarlyStopping counter: 8 out of 10
Updating learning rate to 2.429322538437165e-06
Epoch: 78 cost time: 1.009648084640503
Epoch: 78, Steps: 31 | Train Loss: 0.0378504 Vali Loss: 0.0606368 Test Loss: 0.0359487
EarlyStopping counter: 9 out of 10
Updating learning rate to 2.2395078042081163e-06
Epoch: 79 cost time: 1.0147559642791748
Epoch: 79, Steps: 31 | Train Loss: 0.0377936 Vali Loss: 0.0607435 Test Loss: 0.0359515
EarlyStopping counter: 10 out of 10
Early stopping
>>>>>>>testing : ETTh1_336_192_DTFNet_ETTh1_ftM_sl336_ll0_pl192_dm128_nh16_el2_br2_dl1_df256_fc1_ebtimeF_dtTrue_'Exp'_0_'rel_sin'_16_8_16,24_8,12_3_1_256<<<<<<<<<<<<<<<<<<<<<<<<<<<<<<<<<
test 2689
mse:0.3890957832336426, mae:0.405494749546051, rse:0.5933104753494263
