Args in experiment:
Namespace(is_training=1, model_id='ETTh1_336_192', model='DTFNet', data='ETTh1', root_path='./dataset/', data_path='ETTh1.csv', features='M', target='OT', freq='h', checkpoints='./checkpoints/', seq_len=336, label_len=0, pred_len=192, n_branches=2, patch_len_ls='16,24', stride_ls='8,12', d_model_ls='128', n_heads_ls='16', rel_pe="'rel_sin'", res_attn=False, head_type='flatten', fc_dropout=0.3, head_dropout=0.1, patch_len=16, stride=8, padding_patch="'end'", revin=1, affine=0, subtract_last=0, decomposition=0, kernel_size=25, individual=0, store_attn=False, pre_norm=False, pe='zeros', no_learn_pe=True, embed_type=0, enc_in=7, dec_in=7, c_out=7, d_model=128, n_heads=16, e_layers=2, d_layers=1, d_ff=256, moving_avg=25, factor=1, distil=True, dropout=0.3, embed='timeF', activation='gelu', output_attention=False, do_predict=False, num_workers=0, itr=1, train_epochs=100, batch_size=256, patience=10, learning_rate=1e-05, des="'Exp'", loss='mse', lradj='TST', pct_start=0.3, use_amp=False, l2=0.0, warmup_steps=0, use_gpu=True, gpu=0, use_multi_gpu=False, devices='0', test_flop=False, use_mlflow=False, mlflow_project='exp', loss_flag=2, sub_patch_len=16, sub_stride=8, stride_ls_list='16', model_type='linear', tfactor=3, dilation_rates='1', wavelet_layers=2, wavelet_type='db5', wavelet_mode='periodization', wavelet_dim=64, initTLV=0.2)
Use GPU: cuda:0
>>>>>>>start training : ETTh1_336_192_DTFNet_ETTh1_ftM_sl336_ll0_pl192_dm128_nh16_el2_br2_dl1_df256_fc1_ebtimeF_dtTrue_'Exp'_0_'rel_sin'_16_8_16,24_8,12_3_1_256>>>>>>>>>>>>>>>>>>>>>>>>>>
train 8113
val 2689
test 2689
Epoch: 1 cost time: 1.389235258102417
Epoch: 1, Steps: 31 | Train Loss: 0.0950330 Vali Loss: 0.1562627 Test Loss: 0.0954662
Validation loss decreased (inf --> 0.156263).  Saving model ...
Updating learning rate to 4.2635148986572395e-07
Epoch: 2 cost time: 1.0152661800384521
Epoch: 2, Steps: 31 | Train Loss: 0.0940774 Vali Loss: 0.1549055 Test Loss: 0.0945325
Validation loss decreased (0.156263 --> 0.154906).  Saving model ...
Updating learning rate to 5.051166257053371e-07
Epoch: 3 cost time: 1.0253078937530518
Epoch: 3, Steps: 31 | Train Loss: 0.0932283 Vali Loss: 0.1532277 Test Loss: 0.0935342
Validation loss decreased (0.154906 --> 0.153228).  Saving model ...
Updating learning rate to 6.354305830693182e-07
Epoch: 4 cost time: 1.0248734951019287
Epoch: 4, Steps: 31 | Train Loss: 0.0922241 Vali Loss: 0.1517632 Test Loss: 0.0924782
Validation loss decreased (0.153228 --> 0.151763).  Saving model ...
Updating learning rate to 8.158625424048165e-07
Epoch: 5 cost time: 1.0161097049713135
Epoch: 5, Steps: 31 | Train Loss: 0.0912423 Vali Loss: 0.1499593 Test Loss: 0.0913606
Validation loss decreased (0.151763 --> 0.149959).  Saving model ...
Updating learning rate to 1.0444313991502185e-06
Epoch: 6 cost time: 1.0170302391052246
Epoch: 6, Steps: 31 | Train Loss: 0.0902051 Vali Loss: 0.1476373 Test Loss: 0.0901369
Validation loss decreased (0.149959 --> 0.147637).  Saving model ...
Updating learning rate to 1.3186275158421247e-06
Epoch: 7 cost time: 1.0224957466125488
Epoch: 7, Steps: 31 | Train Loss: 0.0890449 Vali Loss: 0.1458746 Test Loss: 0.0887809
Validation loss decreased (0.147637 --> 0.145875).  Saving model ...
Updating learning rate to 1.6354402774012767e-06
Epoch: 8 cost time: 1.02201509475708
Epoch: 8, Steps: 31 | Train Loss: 0.0878124 Vali Loss: 0.1431213 Test Loss: 0.0872172
Validation loss decreased (0.145875 --> 0.143121).  Saving model ...
Updating learning rate to 1.99139114704619e-06
Epoch: 9 cost time: 1.0151915550231934
Epoch: 9, Steps: 31 | Train Loss: 0.0863113 Vali Loss: 0.1402050 Test Loss: 0.0853740
Validation loss decreased (0.143121 --> 0.140205).  Saving model ...
Updating learning rate to 2.3825718598876392e-06
Epoch: 10 cost time: 1.0189249515533447
Epoch: 10, Steps: 31 | Train Loss: 0.0846272 Vali Loss: 0.1371033 Test Loss: 0.0830498
Validation loss decreased (0.140205 --> 0.137103).  Saving model ...
Updating learning rate to 2.8046873348464134e-06
Epoch: 11 cost time: 1.029627799987793
Epoch: 11, Steps: 31 | Train Loss: 0.0826560 Vali Loss: 0.1330190 Test Loss: 0.0799933
Validation loss decreased (0.137103 --> 0.133019).  Saving model ...
Updating learning rate to 3.2531028337306174e-06
Epoch: 12 cost time: 1.0257933139801025
Epoch: 12, Steps: 31 | Train Loss: 0.0800106 Vali Loss: 0.1278536 Test Loss: 0.0761798
Validation loss decreased (0.133019 --> 0.127854).  Saving model ...
Updating learning rate to 3.7228948496758864e-06
Epoch: 13 cost time: 1.0062179565429688
Epoch: 13, Steps: 31 | Train Loss: 0.0771040 Vali Loss: 0.1219327 Test Loss: 0.0722266
Validation loss decreased (0.127854 --> 0.121933).  Saving model ...
Updating learning rate to 4.20890516620423e-06
Epoch: 14 cost time: 1.015291690826416
Epoch: 14, Steps: 31 | Train Loss: 0.0743506 Vali Loss: 0.1169683 Test Loss: 0.0691503
Validation loss decreased (0.121933 --> 0.116968).  Saving model ...
Updating learning rate to 4.705797493344547e-06
Epoch: 15 cost time: 1.0127015113830566
Epoch: 15, Steps: 31 | Train Loss: 0.0719209 Vali Loss: 0.1122185 Test Loss: 0.0666679
Validation loss decreased (0.116968 --> 0.112218).  Saving model ...
Updating learning rate to 5.208116058962259e-06
Epoch: 16 cost time: 1.0132229328155518
Epoch: 16, Steps: 31 | Train Loss: 0.0697406 Vali Loss: 0.1080697 Test Loss: 0.0645446
Validation loss decreased (0.112218 --> 0.108070).  Saving model ...
Updating learning rate to 5.710345511977682e-06
Epoch: 17 cost time: 1.0161349773406982
Epoch: 17, Steps: 31 | Train Loss: 0.0678445 Vali Loss: 0.1044859 Test Loss: 0.0625187
Validation loss decreased (0.108070 --> 0.104486).  Saving model ...
Updating learning rate to 6.206971479748566e-06
Epoch: 18 cost time: 1.0143694877624512
Epoch: 18, Steps: 31 | Train Loss: 0.0661469 Vali Loss: 0.1015077 Test Loss: 0.0606987
Validation loss decreased (0.104486 --> 0.101508).  Saving model ...
Updating learning rate to 6.6925411147095855e-06
Epoch: 19 cost time: 1.0099589824676514
Epoch: 19, Steps: 31 | Train Loss: 0.0646656 Vali Loss: 0.0989283 Test Loss: 0.0591908
Validation loss decreased (0.101508 --> 0.098928).  Saving model ...
Updating learning rate to 7.161722965479587e-06
Epoch: 20 cost time: 1.012578010559082
Epoch: 20, Steps: 31 | Train Loss: 0.0635494 Vali Loss: 0.0971465 Test Loss: 0.0579192
Validation loss decreased (0.098928 --> 0.097146).  Saving model ...
Updating learning rate to 7.609365515064509e-06
Epoch: 21 cost time: 1.0153062343597412
Epoch: 21, Steps: 31 | Train Loss: 0.0624732 Vali Loss: 0.0955591 Test Loss: 0.0569177
Validation loss decreased (0.097146 --> 0.095559).  Saving model ...
Updating learning rate to 8.030553743418992e-06
Epoch: 22 cost time: 1.008044958114624
Epoch: 22, Steps: 31 | Train Loss: 0.0615714 Vali Loss: 0.0944222 Test Loss: 0.0560124
Validation loss decreased (0.095559 --> 0.094422).  Saving model ...
Updating learning rate to 8.420663093321771e-06
Epoch: 23 cost time: 1.0099303722381592
Epoch: 23, Steps: 31 | Train Loss: 0.0607367 Vali Loss: 0.0930939 Test Loss: 0.0553908
Validation loss decreased (0.094422 --> 0.093094).  Saving model ...
Updating learning rate to 8.775410247030974e-06
Epoch: 24 cost time: 1.0161590576171875
Epoch: 24, Steps: 31 | Train Loss: 0.0599792 Vali Loss: 0.0920772 Test Loss: 0.0545569
Validation loss decreased (0.093094 --> 0.092077).  Saving model ...
Updating learning rate to 9.09090015620249e-06
Epoch: 25 cost time: 1.008469581604004
Epoch: 25, Steps: 31 | Train Loss: 0.0592007 Vali Loss: 0.0903308 Test Loss: 0.0536850
Validation loss decreased (0.092077 --> 0.090331).  Saving model ...
Updating learning rate to 9.363668808692879e-06
Epoch: 26 cost time: 1.011850357055664
Epoch: 26, Steps: 31 | Train Loss: 0.0584693 Vali Loss: 0.0894505 Test Loss: 0.0530329
Validation loss decreased (0.090331 --> 0.089451).  Saving model ...
Updating learning rate to 9.59072126267639e-06
Epoch: 27 cost time: 1.0164110660552979
Epoch: 27, Steps: 31 | Train Loss: 0.0577841 Vali Loss: 0.0886643 Test Loss: 0.0523884
Validation loss decreased (0.089451 --> 0.088664).  Saving model ...
Updating learning rate to 9.769564530469635e-06
Epoch: 28 cost time: 1.0189518928527832
Epoch: 28, Steps: 31 | Train Loss: 0.0570540 Vali Loss: 0.0875451 Test Loss: 0.0517585
Validation loss decreased (0.088664 --> 0.087545).  Saving model ...
Updating learning rate to 9.898234951006446e-06
Epoch: 29 cost time: 1.0090374946594238
Epoch: 29, Steps: 31 | Train Loss: 0.0563422 Vali Loss: 0.0864869 Test Loss: 0.0510934
Validation loss decreased (0.087545 --> 0.086487).  Saving model ...
Updating learning rate to 9.97531975041899e-06
Epoch: 30 cost time: 1.0165033340454102
Epoch: 30, Steps: 31 | Train Loss: 0.0556556 Vali Loss: 0.0854888 Test Loss: 0.0504860
Validation loss decreased (0.086487 --> 0.085489).  Saving model ...
Updating learning rate to 9.999994760154602e-06
Epoch: 31 cost time: 1.0105481147766113
Epoch: 31, Steps: 31 | Train Loss: 0.0550074 Vali Loss: 0.0844598 Test Loss: 0.0498636
Validation loss decreased (0.085489 --> 0.084460).  Saving model ...
Updating learning rate to 9.994635356966321e-06
Epoch: 32 cost time: 1.0041532516479492
Epoch: 32, Steps: 31 | Train Loss: 0.0544297 Vali Loss: 0.0838053 Test Loss: 0.0494337
Validation loss decreased (0.084460 --> 0.083805).  Saving model ...
Updating learning rate to 9.979217463145653e-06
Epoch: 33 cost time: 1.0119781494140625
Epoch: 33, Steps: 31 | Train Loss: 0.0538167 Vali Loss: 0.0829184 Test Loss: 0.0488575
Validation loss decreased (0.083805 --> 0.082918).  Saving model ...
Updating learning rate to 9.953772128278901e-06
Epoch: 34 cost time: 1.0116634368896484
Epoch: 34, Steps: 31 | Train Loss: 0.0531801 Vali Loss: 0.0819007 Test Loss: 0.0483488
Validation loss decreased (0.082918 --> 0.081901).  Saving model ...
Updating learning rate to 9.918350595884151e-06
Epoch: 35 cost time: 1.0120580196380615
Epoch: 35, Steps: 31 | Train Loss: 0.0525605 Vali Loss: 0.0812933 Test Loss: 0.0477869
Validation loss decreased (0.081901 --> 0.081293).  Saving model ...
Updating learning rate to 9.873024200213661e-06
Epoch: 36 cost time: 1.0177605152130127
Epoch: 36, Steps: 31 | Train Loss: 0.0519957 Vali Loss: 0.0801926 Test Loss: 0.0472855
Validation loss decreased (0.081293 --> 0.080193).  Saving model ...
Updating learning rate to 9.817884222596151e-06
Epoch: 37 cost time: 1.0071237087249756
Epoch: 37, Steps: 31 | Train Loss: 0.0514362 Vali Loss: 0.0796763 Test Loss: 0.0468991
Validation loss decreased (0.080193 --> 0.079676).  Saving model ...
Updating learning rate to 9.75304170760837e-06
Epoch: 38 cost time: 1.0032963752746582
Epoch: 38, Steps: 31 | Train Loss: 0.0508300 Vali Loss: 0.0785400 Test Loss: 0.0462945
Validation loss decreased (0.079676 --> 0.078540).  Saving model ...
Updating learning rate to 9.678627239446092e-06
Epoch: 39 cost time: 1.0078203678131104
Epoch: 39, Steps: 31 | Train Loss: 0.0502685 Vali Loss: 0.0778157 Test Loss: 0.0458885
Validation loss decreased (0.078540 --> 0.077816).  Saving model ...
Updating learning rate to 9.594790678944921e-06
Epoch: 40 cost time: 1.012777328491211
Epoch: 40, Steps: 31 | Train Loss: 0.0496706 Vali Loss: 0.0768851 Test Loss: 0.0454557
Validation loss decreased (0.077816 --> 0.076885).  Saving model ...
Updating learning rate to 9.50170086178052e-06
Epoch: 41 cost time: 1.0138201713562012
Epoch: 41, Steps: 31 | Train Loss: 0.0491880 Vali Loss: 0.0760660 Test Loss: 0.0449945
Validation loss decreased (0.076885 --> 0.076066).  Saving model ...
Updating learning rate to 9.399545258456017e-06
Epoch: 42 cost time: 1.0099444389343262
Epoch: 42, Steps: 31 | Train Loss: 0.0486390 Vali Loss: 0.0755556 Test Loss: 0.0446003
Validation loss decreased (0.076066 --> 0.075556).  Saving model ...
Updating learning rate to 9.288529596761373e-06
Epoch: 43 cost time: 1.013500452041626
Epoch: 43, Steps: 31 | Train Loss: 0.0481489 Vali Loss: 0.0747871 Test Loss: 0.0442338
Validation loss decreased (0.075556 --> 0.074787).  Saving model ...
Updating learning rate to 9.168877447464985e-06
Epoch: 44 cost time: 1.0143437385559082
Epoch: 44, Steps: 31 | Train Loss: 0.0475943 Vali Loss: 0.0739686 Test Loss: 0.0436455
Validation loss decreased (0.074787 --> 0.073969).  Saving model ...
Updating learning rate to 9.040829774071914e-06
Epoch: 45 cost time: 1.0125410556793213
Epoch: 45, Steps: 31 | Train Loss: 0.0470746 Vali Loss: 0.0734718 Test Loss: 0.0434202
Validation loss decreased (0.073969 --> 0.073472).  Saving model ...
Updating learning rate to 8.904644447555448e-06
Epoch: 46 cost time: 1.0122485160827637
Epoch: 46, Steps: 31 | Train Loss: 0.0465567 Vali Loss: 0.0723775 Test Loss: 0.0428905
Validation loss decreased (0.073472 --> 0.072377).  Saving model ...
Updating learning rate to 8.760595727039295e-06
Epoch: 47 cost time: 1.0177156925201416
Epoch: 47, Steps: 31 | Train Loss: 0.0460617 Vali Loss: 0.0720200 Test Loss: 0.0424968
Validation loss decreased (0.072377 --> 0.072020).  Saving model ...
Updating learning rate to 8.608973707476191e-06
Epoch: 48 cost time: 1.012495517730713
Epoch: 48, Steps: 31 | Train Loss: 0.0455799 Vali Loss: 0.0708815 Test Loss: 0.0420954
Validation loss decreased (0.072020 --> 0.070882).  Saving model ...
Updating learning rate to 8.450083735435278e-06
Epoch: 49 cost time: 1.0201945304870605
Epoch: 49, Steps: 31 | Train Loss: 0.0451383 Vali Loss: 0.0704674 Test Loss: 0.0416844
Validation loss decreased (0.070882 --> 0.070467).  Saving model ...
Updating learning rate to 8.284245794174751e-06
Epoch: 50 cost time: 1.0169024467468262
Epoch: 50, Steps: 31 | Train Loss: 0.0446219 Vali Loss: 0.0695180 Test Loss: 0.0413048
Validation loss decreased (0.070467 --> 0.069518).  Saving model ...
Updating learning rate to 8.111793859238162e-06
Epoch: 51 cost time: 1.0109789371490479
Epoch: 51, Steps: 31 | Train Loss: 0.0441592 Vali Loss: 0.0691313 Test Loss: 0.0408977
Validation loss decreased (0.069518 --> 0.069131).  Saving model ...
Updating learning rate to 7.93307522587211e-06
Epoch: 52 cost time: 1.0166380405426025
Epoch: 52, Steps: 31 | Train Loss: 0.0436643 Vali Loss: 0.0681799 Test Loss: 0.0405235
Validation loss decreased (0.069131 --> 0.068180).  Saving model ...
Updating learning rate to 7.748449809619857e-06
Epoch: 53 cost time: 1.0195732116699219
Epoch: 53, Steps: 31 | Train Loss: 0.0432261 Vali Loss: 0.0678464 Test Loss: 0.0402136
Validation loss decreased (0.068180 --> 0.067846).  Saving model ...
Updating learning rate to 7.558289421499295e-06
Epoch: 54 cost time: 1.0171163082122803
Epoch: 54, Steps: 31 | Train Loss: 0.0427861 Vali Loss: 0.0670761 Test Loss: 0.0397686
Validation loss decreased (0.067846 --> 0.067076).  Saving model ...
Updating learning rate to 7.362977019225052e-06
Epoch: 55 cost time: 1.0161879062652588
Epoch: 55, Steps: 31 | Train Loss: 0.0423181 Vali Loss: 0.0663831 Test Loss: 0.0394563
Validation loss decreased (0.067076 --> 0.066383).  Saving model ...
Updating learning rate to 7.162905935982624e-06
Epoch: 56 cost time: 1.0149860382080078
Epoch: 56, Steps: 31 | Train Loss: 0.0418651 Vali Loss: 0.0657935 Test Loss: 0.0390107
Validation loss decreased (0.066383 --> 0.065793).  Saving model ...
Updating learning rate to 6.958479088307673e-06
Epoch: 57 cost time: 1.0115578174591064
Epoch: 57, Steps: 31 | Train Loss: 0.0414580 Vali Loss: 0.0651607 Test Loss: 0.0386992
Validation loss decreased (0.065793 --> 0.065161).  Saving model ...
Updating learning rate to 6.7501081646657556e-06
Epoch: 58 cost time: 1.0175950527191162
Epoch: 58, Steps: 31 | Train Loss: 0.0409976 Vali Loss: 0.0645308 Test Loss: 0.0382807
Validation loss decreased (0.065161 --> 0.064531).  Saving model ...
Updating learning rate to 6.538212796366537e-06
Epoch: 59 cost time: 1.0080475807189941
Epoch: 59, Steps: 31 | Train Loss: 0.0406080 Vali Loss: 0.0638903 Test Loss: 0.0380144
Validation loss decreased (0.064531 --> 0.063890).  Saving model ...
Updating learning rate to 6.323219712482178e-06
Epoch: 60 cost time: 1.009894847869873
Epoch: 60, Steps: 31 | Train Loss: 0.0401588 Vali Loss: 0.0633498 Test Loss: 0.0376156
Validation loss decreased (0.063890 --> 0.063350).  Saving model ...
Updating learning rate to 6.1055618804717764e-06
Epoch: 61 cost time: 1.0071067810058594
Epoch: 61, Steps: 31 | Train Loss: 0.0397355 Vali Loss: 0.0627746 Test Loss: 0.0372235
Validation loss decreased (0.063350 --> 0.062775).  Saving model ...
Updating learning rate to 5.8856776342425235e-06
Epoch: 62 cost time: 1.0143556594848633
Epoch: 62, Steps: 31 | Train Loss: 0.0393823 Vali Loss: 0.0620025 Test Loss: 0.0368709
Validation loss decreased (0.062775 --> 0.062002).  Saving model ...
Updating learning rate to 5.664009791403554e-06
Epoch: 63 cost time: 1.0080432891845703
Epoch: 63, Steps: 31 | Train Loss: 0.0389275 Vali Loss: 0.0613576 Test Loss: 0.0366193
Validation loss decreased (0.062002 --> 0.061358).  Saving model ...
Updating learning rate to 5.441004761490205e-06
Epoch: 64 cost time: 1.009169578552246
Epoch: 64, Steps: 31 | Train Loss: 0.0385677 Vali Loss: 0.0609402 Test Loss: 0.0361974
Validation loss decreased (0.061358 --> 0.060940).  Saving model ...
Updating learning rate to 5.217111646954626e-06
Epoch: 65 cost time: 1.0140647888183594
Epoch: 65, Steps: 31 | Train Loss: 0.0381884 Vali Loss: 0.0601718 Test Loss: 0.0360158
Validation loss decreased (0.060940 --> 0.060172).  Saving model ...
Updating learning rate to 4.992781338733208e-06
Epoch: 66 cost time: 1.010556936264038
Epoch: 66, Steps: 31 | Train Loss: 0.0380923 Vali Loss: 0.0604061 Test Loss: 0.0360353
EarlyStopping counter: 1 out of 10
Updating learning rate to 4.768465608212241e-06
Epoch: 67 cost time: 1.0153214931488037
Epoch: 67, Steps: 31 | Train Loss: 0.0380705 Vali Loss: 0.0604125 Test Loss: 0.0360591
EarlyStopping counter: 2 out of 10
Updating learning rate to 4.544616197420465e-06
Epoch: 68 cost time: 1.0192592144012451
Epoch: 68, Steps: 31 | Train Loss: 0.0380311 Vali Loss: 0.0604639 Test Loss: 0.0360679
EarlyStopping counter: 3 out of 10
Updating learning rate to 4.321683909280753e-06
Epoch: 69 cost time: 1.0168647766113281
Epoch: 69, Steps: 31 | Train Loss: 0.0380236 Vali Loss: 0.0602118 Test Loss: 0.0360308
EarlyStopping counter: 4 out of 10
Updating learning rate to 4.100117699752996e-06
Epoch: 70 cost time: 1.0171284675598145
Epoch: 70, Steps: 31 | Train Loss: 0.0380459 Vali Loss: 0.0604046 Test Loss: 0.0360251
EarlyStopping counter: 5 out of 10
Updating learning rate to 3.8803637736965736e-06
Epoch: 71 cost time: 1.0111994743347168
Epoch: 71, Steps: 31 | Train Loss: 0.0379490 Vali Loss: 0.0604454 Test Loss: 0.0360312
EarlyStopping counter: 6 out of 10
Updating learning rate to 3.66286468627313e-06
Epoch: 72 cost time: 1.015200138092041
Epoch: 72, Steps: 31 | Train Loss: 0.0379918 Vali Loss: 0.0605061 Test Loss: 0.0360647
EarlyStopping counter: 7 out of 10
Updating learning rate to 3.4480584516993903e-06
Epoch: 73 cost time: 1.009120225906372
Epoch: 73, Steps: 31 | Train Loss: 0.0379551 Vali Loss: 0.0604694 Test Loss: 0.0360608
EarlyStopping counter: 8 out of 10
Updating learning rate to 3.2363776611448018e-06
Epoch: 74 cost time: 0.999439001083374
Epoch: 74, Steps: 31 | Train Loss: 0.0378702 Vali Loss: 0.0604039 Test Loss: 0.0360583
EarlyStopping counter: 9 out of 10
Updating learning rate to 3.0282486115505108e-06
Epoch: 75 cost time: 1.0097229480743408
Epoch: 75, Steps: 31 | Train Loss: 0.0379134 Vali Loss: 0.0603760 Test Loss: 0.0360966
EarlyStopping counter: 10 out of 10
Early stopping
>>>>>>>testing : ETTh1_336_192_DTFNet_ETTh1_ftM_sl336_ll0_pl192_dm128_nh16_el2_br2_dl1_df256_fc1_ebtimeF_dtTrue_'Exp'_0_'rel_sin'_16_8_16,24_8,12_3_1_256<<<<<<<<<<<<<<<<<<<<<<<<<<<<<<<<<
test 2689
mse:0.3897611200809479, mae:0.40648165345191956, rse:0.5938174724578857
