Args in experiment:
Namespace(activation='gelu', affine=0, batch_size=256, c_out=7, checkpoints='./checkpoints/', d_ff=256, d_layers=1, d_model=128, d_model_ls='128', data='ETTh1', data_path='ETTh1.csv', dec_in=7, decomposition=0, des="'Exp'", devices='0', dilation_rates='1', distil=True, do_predict=False, dropout=0.3, e_layers=2, embed='timeF', embed_type=0, enc_in=7, factor=1, fc_dropout=0.3, features='M', freq='h', gpu=0, head_dropout=0.1, head_type='flatten', individual=0, initTLV=0.2, is_training=1, itr=1, kernel_size=25, l2=0.0, label_len=0, learning_rate=1e-05, loss='mse', loss_flag=2, lradj='TST', mlflow_project='exp', model='DTFNet', model_id='ETTh1_336_720', model_type='linear', moving_avg=25, n_branches=2, n_heads=16, n_heads_ls='16', no_learn_pe=True, num_workers=0, output_attention=False, padding_patch="'end'", patch_len=16, patch_len_ls='16,24', patience=10, pct_start=0.3, pe='zeros', pre_norm=False, pred_len=720, random_seed=2022, rel_pe="'rel_sin'", res_attn=False, revin=1, root_path='./dataset/', seq_len=336, store_attn=False, stride=8, stride_ls='8,12', stride_ls_list='16', sub_patch_len=16, sub_stride=8, subtract_last=0, target='OT', test_flop=False, tfactor=3, train_epochs=100, use_amp=False, use_gpu=True, use_mlflow=False, use_multi_gpu=False, warmup_steps=0, wavelet_dim=64, wavelet_layers=2, wavelet_mode='periodization', wavelet_type='db5')
Use GPU: cuda:0
>>>>>>>start training : ETTh1_336_720_DTFNet_ETTh1_ftM_sl336_ll0_pl720_dm128_nh16_el2_br2_dl1_df256_fc1_ebtimeF_dtTrue_'Exp'_0_'rel_sin'_16_8_16,24_8,12_3_1_256>>>>>>>>>>>>>>>>>>>>>>>>>>
train 7585
val 2161
test 2161
Epoch: 1 cost time: 4.79277229309082
Epoch: 1, Steps: 29 | Train Loss: 0.1076034 Vali Loss: 0.1792741 Test Loss: 0.0998182
Validation loss decreased (inf --> 0.179274).  Saving model ...
Updating learning rate to 4.2635539919063106e-07
Epoch: 2 cost time: 4.338305473327637
Epoch: 2, Steps: 29 | Train Loss: 0.1067288 Vali Loss: 0.1777043 Test Loss: 0.0989833
Validation loss decreased (0.179274 --> 0.177704).  Saving model ...
Updating learning rate to 5.051321771514831e-07
Epoch: 3 cost time: 4.3543381690979
Epoch: 3, Steps: 29 | Train Loss: 0.1058856 Vali Loss: 0.1757882 Test Loss: 0.0980726
Validation loss decreased (0.177704 --> 0.175788).  Saving model ...
Updating learning rate to 6.354652532866785e-07
Epoch: 4 cost time: 4.350253343582153
Epoch: 4, Steps: 29 | Train Loss: 0.1049550 Vali Loss: 0.1741526 Test Loss: 0.0970913
Validation loss decreased (0.175788 --> 0.174153).  Saving model ...
Updating learning rate to 8.159233858256806e-07
Epoch: 5 cost time: 4.358999729156494
Epoch: 5, Steps: 29 | Train Loss: 0.1040359 Vali Loss: 0.1722088 Test Loss: 0.0960239
Validation loss decreased (0.174153 --> 0.172209).  Saving model ...
Updating learning rate to 1.0445248888850473e-06
Epoch: 6 cost time: 4.351524353027344
Epoch: 6, Steps: 29 | Train Loss: 0.1029953 Vali Loss: 0.1701422 Test Loss: 0.0948178
Validation loss decreased (0.172209 --> 0.170142).  Saving model ...
Updating learning rate to 1.3187593941861497e-06
Epoch: 7 cost time: 4.362504243850708
Epoch: 7, Steps: 29 | Train Loss: 0.1018795 Vali Loss: 0.1681698 Test Loss: 0.0934405
Validation loss decreased (0.170142 --> 0.168170).  Saving model ...
Updating learning rate to 1.6356154184543822e-06
Epoch: 8 cost time: 4.353308439254761
Epoch: 8, Steps: 29 | Train Loss: 0.1006404 Vali Loss: 0.1659274 Test Loss: 0.0917378
Validation loss decreased (0.168170 --> 0.165927).  Saving model ...
Updating learning rate to 1.9916134337707666e-06
Epoch: 9 cost time: 4.387624025344849
Epoch: 9, Steps: 29 | Train Loss: 0.0991943 Vali Loss: 0.1625279 Test Loss: 0.0895598
Validation loss decreased (0.165927 --> 0.162528).  Saving model ...
Updating learning rate to 2.3828440777166636e-06
Epoch: 10 cost time: 4.3622496128082275
Epoch: 10, Steps: 29 | Train Loss: 0.0974611 Vali Loss: 0.1582162 Test Loss: 0.0865977
Validation loss decreased (0.162528 --> 0.158216).  Saving model ...
Updating learning rate to 2.805011083710071e-06
Epoch: 11 cost time: 4.370558738708496
Epoch: 11, Steps: 29 | Train Loss: 0.0952461 Vali Loss: 0.1531226 Test Loss: 0.0824994
Validation loss decreased (0.158216 --> 0.153123).  Saving model ...
Updating learning rate to 3.2534784600976295e-06
Epoch: 12 cost time: 4.3540496826171875
Epoch: 12, Steps: 29 | Train Loss: 0.0925698 Vali Loss: 0.1471861 Test Loss: 0.0780147
Validation loss decreased (0.153123 --> 0.147186).  Saving model ...
Updating learning rate to 3.723321399909056e-06
Epoch: 13 cost time: 4.359304904937744
Epoch: 13, Steps: 29 | Train Loss: 0.0901068 Vali Loss: 0.1426196 Test Loss: 0.0749786
Validation loss decreased (0.147186 --> 0.142620).  Saving model ...
Updating learning rate to 4.209380362212844e-06
Epoch: 14 cost time: 4.366824388504028
Epoch: 14, Steps: 29 | Train Loss: 0.0882356 Vali Loss: 0.1394405 Test Loss: 0.0732115
Validation loss decreased (0.142620 --> 0.139441).  Saving model ...
Updating learning rate to 4.706317731183279e-06
Epoch: 15 cost time: 4.355760097503662
Epoch: 15, Steps: 29 | Train Loss: 0.0864806 Vali Loss: 0.1362301 Test Loss: 0.0711828
Validation loss decreased (0.139441 --> 0.136230).  Saving model ...
Updating learning rate to 5.208676430682048e-06
Epoch: 16 cost time: 4.371893405914307
Epoch: 16, Steps: 29 | Train Loss: 0.0847400 Vali Loss: 0.1336553 Test Loss: 0.0691903
Validation loss decreased (0.136230 --> 0.133655).  Saving model ...
Updating learning rate to 5.710939850683244e-06
Epoch: 17 cost time: 4.365188837051392
Epoch: 17, Steps: 29 | Train Loss: 0.0832102 Vali Loss: 0.1316123 Test Loss: 0.0675582
Validation loss decreased (0.133655 --> 0.131612).  Saving model ...
Updating learning rate to 6.207592427464792e-06
Epoch: 18 cost time: 4.370455026626587
Epoch: 18, Steps: 29 | Train Loss: 0.0818239 Vali Loss: 0.1297201 Test Loss: 0.0658966
Validation loss decreased (0.131612 --> 0.129720).  Saving model ...
Updating learning rate to 6.693180212309968e-06
Epoch: 19 cost time: 4.358124017715454
Epoch: 19, Steps: 29 | Train Loss: 0.0806269 Vali Loss: 0.1284537 Test Loss: 0.0645517
Validation loss decreased (0.129720 --> 0.128454).  Saving model ...
Updating learning rate to 7.1623707635889015e-06
Epoch: 20 cost time: 4.379684925079346
Epoch: 20, Steps: 29 | Train Loss: 0.0795762 Vali Loss: 0.1271270 Test Loss: 0.0638129
Validation loss decreased (0.128454 --> 0.127127).  Saving model ...
Updating learning rate to 7.610011704520164e-06
Epoch: 21 cost time: 4.36477255821228
Epoch: 21, Steps: 29 | Train Loss: 0.0787082 Vali Loss: 0.1261662 Test Loss: 0.0629145
Validation loss decreased (0.127127 --> 0.126166).  Saving model ...
Updating learning rate to 8.031187303565295e-06
Epoch: 22 cost time: 4.362385272979736
Epoch: 22, Steps: 29 | Train Loss: 0.0778485 Vali Loss: 0.1256635 Test Loss: 0.0619832
Validation loss decreased (0.126166 --> 0.125664).  Saving model ...
Updating learning rate to 8.421272456123378e-06
Epoch: 23 cost time: 4.371730327606201
Epoch: 23, Steps: 29 | Train Loss: 0.0769998 Vali Loss: 0.1244289 Test Loss: 0.0610286
Validation loss decreased (0.125664 --> 0.124429).  Saving model ...
Updating learning rate to 8.775983474730246e-06
Epoch: 24 cost time: 4.36717677116394
Epoch: 24, Steps: 29 | Train Loss: 0.0761485 Vali Loss: 0.1234792 Test Loss: 0.0604904
Validation loss decreased (0.124429 --> 0.123479).  Saving model ...
Updating learning rate to 9.091425130013939e-06
Epoch: 25 cost time: 4.358259201049805
Epoch: 25, Steps: 29 | Train Loss: 0.0753837 Vali Loss: 0.1226721 Test Loss: 0.0601371
Validation loss decreased (0.123479 --> 0.122672).  Saving model ...
Updating learning rate to 9.364133425830145e-06
Epoch: 26 cost time: 4.368435859680176
Epoch: 26, Steps: 29 | Train Loss: 0.0745644 Vali Loss: 0.1217775 Test Loss: 0.0592682
Validation loss decreased (0.122672 --> 0.121777).  Saving model ...
Updating learning rate to 9.591113638846019e-06
Epoch: 27 cost time: 4.37164831161499
Epoch: 27, Steps: 29 | Train Loss: 0.0738438 Vali Loss: 0.1214387 Test Loss: 0.0584967
Validation loss decreased (0.121777 --> 0.121439).  Saving model ...
Updating learning rate to 9.769873204843885e-06
Epoch: 28 cost time: 4.358107566833496
Epoch: 28, Steps: 29 | Train Loss: 0.0730814 Vali Loss: 0.1202856 Test Loss: 0.0578919
Validation loss decreased (0.121439 --> 0.120286).  Saving model ...
Updating learning rate to 9.898449090606656e-06
Epoch: 29 cost time: 4.376526355743408
Epoch: 29, Steps: 29 | Train Loss: 0.0723483 Vali Loss: 0.1197840 Test Loss: 0.0574177
Validation loss decreased (0.120286 --> 0.119784).  Saving model ...
Updating learning rate to 9.975429350802846e-06
Epoch: 30 cost time: 4.365029573440552
Epoch: 30, Steps: 29 | Train Loss: 0.0715440 Vali Loss: 0.1183413 Test Loss: 0.0569598
Validation loss decreased (0.119784 --> 0.118341).  Saving model ...
Updating learning rate to 9.99999401249548e-06
Epoch: 31 cost time: 4.360386610031128
Epoch: 31, Steps: 29 | Train Loss: 0.0708492 Vali Loss: 0.1183422 Test Loss: 0.0562859
EarlyStopping counter: 1 out of 10
Updating learning rate to 9.994612212745642e-06
Epoch: 32 cost time: 4.371174097061157
Epoch: 32, Steps: 29 | Train Loss: 0.0700770 Vali Loss: 0.1174471 Test Loss: 0.0559539
Validation loss decreased (0.118341 --> 0.117447).  Saving model ...
Updating learning rate to 9.979171968972798e-06
Epoch: 33 cost time: 4.381047487258911
Epoch: 33, Steps: 29 | Train Loss: 0.0694232 Vali Loss: 0.1165842 Test Loss: 0.0554904
Validation loss decreased (0.117447 --> 0.116584).  Saving model ...
Updating learning rate to 9.953704375773079e-06
Epoch: 34 cost time: 4.384626865386963
Epoch: 34, Steps: 29 | Train Loss: 0.0687333 Vali Loss: 0.1153420 Test Loss: 0.0550953
Validation loss decreased (0.116584 --> 0.115342).  Saving model ...
Updating learning rate to 9.918260721489893e-06
Epoch: 35 cost time: 4.378469705581665
Epoch: 35, Steps: 29 | Train Loss: 0.0680278 Vali Loss: 0.1148565 Test Loss: 0.0545367
Validation loss decreased (0.115342 --> 0.114857).  Saving model ...
Updating learning rate to 9.872912384926035e-06
Epoch: 36 cost time: 4.378477573394775
Epoch: 36, Steps: 29 | Train Loss: 0.0673939 Vali Loss: 0.1147712 Test Loss: 0.0541088
Validation loss decreased (0.114857 --> 0.114771).  Saving model ...
Updating learning rate to 9.817750691596265e-06
Epoch: 37 cost time: 4.38649320602417
Epoch: 37, Steps: 29 | Train Loss: 0.0666945 Vali Loss: 0.1142519 Test Loss: 0.0535725
Validation loss decreased (0.114771 --> 0.114252).  Saving model ...
Updating learning rate to 9.752886729809889e-06
Epoch: 38 cost time: 4.458357810974121
Epoch: 38, Steps: 29 | Train Loss: 0.0660781 Vali Loss: 0.1125318 Test Loss: 0.0536122
Validation loss decreased (0.114252 --> 0.112532).  Saving model ...
Updating learning rate to 9.678451126953676e-06
Epoch: 39 cost time: 4.421546220779419
Epoch: 39, Steps: 29 | Train Loss: 0.0653936 Vali Loss: 0.1119916 Test Loss: 0.0530924
Validation loss decreased (0.112532 --> 0.111992).  Saving model ...
Updating learning rate to 9.594593786425696e-06
Epoch: 40 cost time: 4.375594854354858
Epoch: 40, Steps: 29 | Train Loss: 0.0647677 Vali Loss: 0.1124116 Test Loss: 0.0523032
EarlyStopping counter: 1 out of 10
Updating learning rate to 9.501483585749811e-06
Epoch: 41 cost time: 4.4194018840789795
Epoch: 41, Steps: 29 | Train Loss: 0.0641804 Vali Loss: 0.1108524 Test Loss: 0.0526433
Validation loss decreased (0.111992 --> 0.110852).  Saving model ...
Updating learning rate to 9.399308036478838e-06
Epoch: 42 cost time: 4.366257429122925
Epoch: 42, Steps: 29 | Train Loss: 0.0635560 Vali Loss: 0.1101658 Test Loss: 0.0519854
Validation loss decreased (0.110852 --> 0.110166).  Saving model ...
Updating learning rate to 9.288272906571216e-06
Epoch: 43 cost time: 4.356609106063843
Epoch: 43, Steps: 29 | Train Loss: 0.0629117 Vali Loss: 0.1093727 Test Loss: 0.0516676
Validation loss decreased (0.110166 --> 0.109373).  Saving model ...
Updating learning rate to 9.16860180600173e-06
Epoch: 44 cost time: 4.356297492980957
Epoch: 44, Steps: 29 | Train Loss: 0.0623334 Vali Loss: 0.1084568 Test Loss: 0.0513810
Validation loss decreased (0.109373 --> 0.108457).  Saving model ...
Updating learning rate to 9.040535736440785e-06
Epoch: 45 cost time: 4.364348411560059
Epoch: 45, Steps: 29 | Train Loss: 0.0617678 Vali Loss: 0.1073231 Test Loss: 0.0514359
Validation loss decreased (0.108457 --> 0.107323).  Saving model ...
Updating learning rate to 8.904332605909106e-06
Epoch: 46 cost time: 4.357287645339966
Epoch: 46, Steps: 29 | Train Loss: 0.0612196 Vali Loss: 0.1073307 Test Loss: 0.0505438
EarlyStopping counter: 1 out of 10
Updating learning rate to 8.760266709385311e-06
Epoch: 47 cost time: 4.366641998291016
Epoch: 47, Steps: 29 | Train Loss: 0.0606323 Vali Loss: 0.1061815 Test Loss: 0.0503469
Validation loss decreased (0.107323 --> 0.106182).  Saving model ...
Updating learning rate to 8.608628176412335e-06
Epoch: 48 cost time: 4.36059045791626
Epoch: 48, Steps: 29 | Train Loss: 0.0600733 Vali Loss: 0.1051182 Test Loss: 0.0503325
Validation loss decreased (0.106182 --> 0.105118).  Saving model ...
Updating learning rate to 8.449722386815127e-06
Epoch: 49 cost time: 4.349435329437256
Epoch: 49, Steps: 29 | Train Loss: 0.0595025 Vali Loss: 0.1050607 Test Loss: 0.0496159
Validation loss decreased (0.105118 --> 0.105061).  Saving model ...
Updating learning rate to 8.28386935570634e-06
Epoch: 50 cost time: 4.3647215366363525
Epoch: 50, Steps: 29 | Train Loss: 0.0589613 Vali Loss: 0.1034043 Test Loss: 0.0495672
Validation loss decreased (0.105061 --> 0.103404).  Saving model ...
Updating learning rate to 8.111403089018465e-06
Epoch: 51 cost time: 4.365391731262207
Epoch: 51, Steps: 29 | Train Loss: 0.0584151 Vali Loss: 0.1032980 Test Loss: 0.0491558
Validation loss decreased (0.103404 --> 0.103298).  Saving model ...
Updating learning rate to 7.93267091086035e-06
Epoch: 52 cost time: 4.357207775115967
Epoch: 52, Steps: 29 | Train Loss: 0.0578809 Vali Loss: 0.1027824 Test Loss: 0.0485562
Validation loss decreased (0.103298 --> 0.102782).  Saving model ...
Updating learning rate to 7.748032764052655e-06
Epoch: 53 cost time: 4.373686790466309
Epoch: 53, Steps: 29 | Train Loss: 0.0573447 Vali Loss: 0.1011747 Test Loss: 0.0485646
Validation loss decreased (0.102782 --> 0.101175).  Saving model ...
Updating learning rate to 7.557860485250925e-06
Epoch: 54 cost time: 4.3773887157440186
Epoch: 54, Steps: 29 | Train Loss: 0.0568568 Vali Loss: 0.1014670 Test Loss: 0.0479309
EarlyStopping counter: 1 out of 10
Updating learning rate to 7.362537056116034e-06
Epoch: 55 cost time: 4.372488260269165
Epoch: 55, Steps: 29 | Train Loss: 0.0563936 Vali Loss: 0.1006521 Test Loss: 0.0476760
Validation loss decreased (0.101175 --> 0.100652).  Saving model ...
Updating learning rate to 7.162455832040107e-06
Epoch: 56 cost time: 4.365919828414917
Epoch: 56, Steps: 29 | Train Loss: 0.0558192 Vali Loss: 0.0990672 Test Loss: 0.0477483
Validation loss decreased (0.100652 --> 0.099067).  Saving model ...
Updating learning rate to 6.9580197499810984e-06
Epoch: 57 cost time: 4.380452632904053
Epoch: 57, Steps: 29 | Train Loss: 0.0553205 Vali Loss: 0.0984615 Test Loss: 0.0472372
Validation loss decreased (0.099067 --> 0.098462).  Saving model ...
Updating learning rate to 6.7496405170013816e-06
Epoch: 58 cost time: 4.3631017208099365
Epoch: 58, Steps: 29 | Train Loss: 0.0548857 Vali Loss: 0.0985669 Test Loss: 0.0465394
EarlyStopping counter: 1 out of 10
Updating learning rate to 6.537737781144523e-06
Epoch: 59 cost time: 4.39654541015625
Epoch: 59, Steps: 29 | Train Loss: 0.0543611 Vali Loss: 0.0975206 Test Loss: 0.0464995
Validation loss decreased (0.098462 --> 0.097521).  Saving model ...
Updating learning rate to 6.322738286319964e-06
Epoch: 60 cost time: 4.376878976821899
Epoch: 60, Steps: 29 | Train Loss: 0.0539421 Vali Loss: 0.0966197 Test Loss: 0.0462020
Validation loss decreased (0.097521 --> 0.096620).  Saving model ...
Updating learning rate to 6.105075012897585e-06
Epoch: 61 cost time: 4.386631488800049
Epoch: 61, Steps: 29 | Train Loss: 0.0534668 Vali Loss: 0.0954449 Test Loss: 0.0460407
Validation loss decreased (0.096620 --> 0.095445).  Saving model ...
Updating learning rate to 5.885186305742857e-06
Epoch: 62 cost time: 4.379910707473755
Epoch: 62, Steps: 29 | Train Loss: 0.0530115 Vali Loss: 0.0947184 Test Loss: 0.0457448
Validation loss decreased (0.095445 --> 0.094718).  Saving model ...
Updating learning rate to 5.6635149914486225e-06
Epoch: 63 cost time: 4.381709337234497
Epoch: 63, Steps: 29 | Train Loss: 0.0525751 Vali Loss: 0.0946181 Test Loss: 0.0451228
Validation loss decreased (0.094718 --> 0.094618).  Saving model ...
Updating learning rate to 5.440507486541268e-06
Epoch: 64 cost time: 4.380280494689941
Epoch: 64, Steps: 29 | Train Loss: 0.0520893 Vali Loss: 0.0944556 Test Loss: 0.0447251
Validation loss decreased (0.094618 --> 0.094456).  Saving model ...
Updating learning rate to 5.216612898457253e-06
Epoch: 65 cost time: 4.392202854156494
Epoch: 65, Steps: 29 | Train Loss: 0.0516571 Vali Loss: 0.0933161 Test Loss: 0.0445922
Validation loss decreased (0.094456 --> 0.093316).  Saving model ...
Updating learning rate to 4.992282121100496e-06
Epoch: 66 cost time: 4.380614280700684
Epoch: 66, Steps: 29 | Train Loss: 0.0512214 Vali Loss: 0.0925114 Test Loss: 0.0443161
Validation loss decreased (0.093316 --> 0.092511).  Saving model ...
Updating learning rate to 4.767966926802067e-06
Epoch: 67 cost time: 4.3752241134643555
Epoch: 67, Steps: 29 | Train Loss: 0.0507814 Vali Loss: 0.0915476 Test Loss: 0.0440164
Validation loss decreased (0.092511 --> 0.091548).  Saving model ...
Updating learning rate to 4.5441190565108235e-06
Epoch: 68 cost time: 4.388523101806641
Epoch: 68, Steps: 29 | Train Loss: 0.0503854 Vali Loss: 0.0908350 Test Loss: 0.0436866
Validation loss decreased (0.091548 --> 0.090835).  Saving model ...
Updating learning rate to 4.3211893100472735e-06
Epoch: 69 cost time: 4.378350257873535
Epoch: 69, Steps: 29 | Train Loss: 0.0499451 Vali Loss: 0.0902107 Test Loss: 0.0433730
Validation loss decreased (0.090835 --> 0.090211).  Saving model ...
Updating learning rate to 4.099626638252712e-06
Epoch: 70 cost time: 4.367907285690308
Epoch: 70, Steps: 29 | Train Loss: 0.0495755 Vali Loss: 0.0895279 Test Loss: 0.0431566
Validation loss decreased (0.090211 --> 0.089528).  Saving model ...
Updating learning rate to 3.879877238861997e-06
Epoch: 71 cost time: 4.3865907192230225
Epoch: 71, Steps: 29 | Train Loss: 0.0491715 Vali Loss: 0.0888124 Test Loss: 0.0427948
Validation loss decreased (0.089528 --> 0.088812).  Saving model ...
Updating learning rate to 3.662383657920668e-06
Epoch: 72 cost time: 4.388725519180298
Epoch: 72, Steps: 29 | Train Loss: 0.0487481 Vali Loss: 0.0881213 Test Loss: 0.0425139
Validation loss decreased (0.088812 --> 0.088121).  Saving model ...
Updating learning rate to 3.447583898556124e-06
Epoch: 73 cost time: 4.3721678256988525
Epoch: 73, Steps: 29 | Train Loss: 0.0483759 Vali Loss: 0.0877776 Test Loss: 0.0419419
Validation loss decreased (0.088121 --> 0.087778).  Saving model ...
Updating learning rate to 3.2359105388976132e-06
Epoch: 74 cost time: 4.368896245956421
Epoch: 74, Steps: 29 | Train Loss: 0.0479925 Vali Loss: 0.0865814 Test Loss: 0.0418479
Validation loss decreased (0.087778 --> 0.086581).  Saving model ...
Updating learning rate to 3.027789860921434e-06
Epoch: 75 cost time: 4.366964817047119
Epoch: 75, Steps: 29 | Train Loss: 0.0476001 Vali Loss: 0.0857844 Test Loss: 0.0416881
Validation loss decreased (0.086581 --> 0.085784).  Saving model ...
Updating learning rate to 2.8236409919757893e-06
Epoch: 76 cost time: 4.366721153259277
Epoch: 76, Steps: 29 | Train Loss: 0.0471923 Vali Loss: 0.0855690 Test Loss: 0.0412267
Validation loss decreased (0.085784 --> 0.085569).  Saving model ...
Updating learning rate to 2.6238750607140637e-06
Epoch: 77 cost time: 4.387266635894775
Epoch: 77, Steps: 29 | Train Loss: 0.0468246 Vali Loss: 0.0848468 Test Loss: 0.0408580
Validation loss decreased (0.085569 --> 0.084847).  Saving model ...
Updating learning rate to 2.4288943691364434e-06
Epoch: 78 cost time: 4.3696277141571045
Epoch: 78, Steps: 29 | Train Loss: 0.0464545 Vali Loss: 0.0838534 Test Loss: 0.0407264
Validation loss decreased (0.084847 --> 0.083853).  Saving model ...
Updating learning rate to 2.2390915824072217e-06
Epoch: 79 cost time: 4.360236644744873
Epoch: 79, Steps: 29 | Train Loss: 0.0460350 Vali Loss: 0.0833749 Test Loss: 0.0404112
Validation loss decreased (0.083853 --> 0.083375).  Saving model ...
Updating learning rate to 2.0548489380794217e-06
Epoch: 80 cost time: 4.381763935089111
Epoch: 80, Steps: 29 | Train Loss: 0.0456952 Vali Loss: 0.0828832 Test Loss: 0.0400836
Validation loss decreased (0.083375 --> 0.082883).  Saving model ...
Updating learning rate to 1.876537476319218e-06
Epoch: 81 cost time: 4.372999668121338
Epoch: 81, Steps: 29 | Train Loss: 0.0454406 Vali Loss: 0.0825689 Test Loss: 0.0400042
Validation loss decreased (0.082883 --> 0.082569).  Saving model ...
Updating learning rate to 1.7045162926804444e-06
Epoch: 82 cost time: 4.36321759223938
Epoch: 82, Steps: 29 | Train Loss: 0.0454132 Vali Loss: 0.0824615 Test Loss: 0.0400886
Validation loss decreased (0.082569 --> 0.082462).  Saving model ...
Updating learning rate to 1.5391318149339123e-06
Epoch: 83 cost time: 4.362966299057007
Epoch: 83, Steps: 29 | Train Loss: 0.0454073 Vali Loss: 0.0824930 Test Loss: 0.0400216
EarlyStopping counter: 1 out of 10
Updating learning rate to 1.3807171054080036e-06
Epoch: 84 cost time: 4.3666510581970215
Epoch: 84, Steps: 29 | Train Loss: 0.0453953 Vali Loss: 0.0823717 Test Loss: 0.0400863
Validation loss decreased (0.082462 --> 0.082372).  Saving model ...
Updating learning rate to 1.2295911902454577e-06
Epoch: 85 cost time: 4.359400033950806
Epoch: 85, Steps: 29 | Train Loss: 0.0453874 Vali Loss: 0.0825050 Test Loss: 0.0401031
EarlyStopping counter: 1 out of 10
Updating learning rate to 1.0860584169271784e-06
Epoch: 86 cost time: 4.3689799308776855
Epoch: 86, Steps: 29 | Train Loss: 0.0453530 Vali Loss: 0.0826531 Test Loss: 0.0400920
EarlyStopping counter: 2 out of 10
Updating learning rate to 9.504078413569088e-07
Epoch: 87 cost time: 4.3589184284210205
Epoch: 87, Steps: 29 | Train Loss: 0.0453846 Vali Loss: 0.0825411 Test Loss: 0.0400972
EarlyStopping counter: 3 out of 10
Updating learning rate to 8.229126457411124e-07
Epoch: 88 cost time: 4.368898153305054
Epoch: 88, Steps: 29 | Train Loss: 0.0453396 Vali Loss: 0.0827321 Test Loss: 0.0400773
EarlyStopping counter: 4 out of 10
Updating learning rate to 7.038295884363647e-07
Epoch: 89 cost time: 4.36795449256897
Epoch: 89, Steps: 29 | Train Loss: 0.0453508 Vali Loss: 0.0824759 Test Loss: 0.0400987
EarlyStopping counter: 5 out of 10
Updating learning rate to 5.933984868721898e-07
Epoch: 90 cost time: 4.370752573013306
Epoch: 90, Steps: 29 | Train Loss: 0.0453348 Vali Loss: 0.0825558 Test Loss: 0.0400566
EarlyStopping counter: 6 out of 10
Updating learning rate to 4.918417345906772e-07
Epoch: 91 cost time: 4.372956275939941
Epoch: 91, Steps: 29 | Train Loss: 0.0453551 Vali Loss: 0.0824113 Test Loss: 0.0400914
EarlyStopping counter: 7 out of 10
Updating learning rate to 3.9936385337548097e-07
Epoch: 92 cost time: 4.352567911148071
Epoch: 92, Steps: 29 | Train Loss: 0.0453467 Vali Loss: 0.0825013 Test Loss: 0.0401072
EarlyStopping counter: 8 out of 10
Updating learning rate to 3.161510813721721e-07
Epoch: 93 cost time: 4.372360706329346
Epoch: 93, Steps: 29 | Train Loss: 0.0453546 Vali Loss: 0.0823967 Test Loss: 0.0400921
EarlyStopping counter: 9 out of 10
Updating learning rate to 2.4237099802938663e-07
Epoch: 94 cost time: 4.364975929260254
Epoch: 94, Steps: 29 | Train Loss: 0.0453636 Vali Loss: 0.0825244 Test Loss: 0.0400769
EarlyStopping counter: 10 out of 10
Early stopping
>>>>>>>testing : ETTh1_336_720_DTFNet_ETTh1_ftM_sl336_ll0_pl720_dm128_nh16_el2_br2_dl1_df256_fc1_ebtimeF_dtTrue_'Exp'_0_'rel_sin'_16_8_16,24_8,12_3_1_256<<<<<<<<<<<<<<<<<<<<<<<<<<<<<<<<<
test 2161
mse:0.42484474182128906, mae:0.44776058197021484, rse:0.6260372996330261
