Args in experiment:
Namespace(activation='gelu', affine=0, batch_size=256, c_out=7, checkpoints='./checkpoints/', d_ff=256, d_layers=1, d_model=128, d_model_ls='128', data='ETTh1', data_path='ETTh1.csv', dec_in=7, decomposition=0, des="'Exp'", devices='0', dilation_rates='1', distil=True, do_predict=False, dropout=0.3, e_layers=2, embed='timeF', embed_type=0, enc_in=7, factor=1, fc_dropout=0.3, features='M', freq='h', gpu=0, head_dropout=0.1, head_type='flatten', individual=0, initTLV=0.2, is_training=1, itr=1, kernel_size=25, l2=0.0, label_len=0, learning_rate=1e-05, loss='mse', loss_flag=2, lradj='TST', mlflow_project='exp', model='DTFNet', model_id='ETTh1_336_720', model_type='linear', moving_avg=25, n_branches=2, n_heads=16, n_heads_ls='16', no_learn_pe=True, num_workers=0, output_attention=False, padding_patch="'end'", patch_len=16, patch_len_ls='16,24', patience=10, pct_start=0.3, pe='zeros', pre_norm=False, pred_len=720, random_seed=2025, rel_pe="'rel_sin'", res_attn=False, revin=1, root_path='./dataset/', seq_len=336, store_attn=False, stride=8, stride_ls='8,12', stride_ls_list='16', sub_patch_len=16, sub_stride=8, subtract_last=0, target='OT', test_flop=False, tfactor=3, train_epochs=100, use_amp=False, use_gpu=True, use_mlflow=False, use_multi_gpu=False, warmup_steps=0, wavelet_dim=64, wavelet_layers=2, wavelet_mode='periodization', wavelet_type='db5')
Use GPU: cuda:0
>>>>>>>start training : ETTh1_336_720_DTFNet_ETTh1_ftM_sl336_ll0_pl720_dm128_nh16_el2_br2_dl1_df256_fc1_ebtimeF_dtTrue_'Exp'_0_'rel_sin'_16_8_16,24_8,12_3_1_256>>>>>>>>>>>>>>>>>>>>>>>>>>
train 7585
val 2161
test 2161
Epoch: 1 cost time: 5.19167160987854
Epoch: 1, Steps: 29 | Train Loss: 0.1076342 Vali Loss: 0.1789969 Test Loss: 0.0998124
Validation loss decreased (inf --> 0.178997).  Saving model ...
Updating learning rate to 4.2635539919063106e-07
Epoch: 2 cost time: 4.318289041519165
Epoch: 2, Steps: 29 | Train Loss: 0.1067739 Vali Loss: 0.1774507 Test Loss: 0.0989921
Validation loss decreased (0.178997 --> 0.177451).  Saving model ...
Updating learning rate to 5.051321771514831e-07
Epoch: 3 cost time: 4.298612117767334
Epoch: 3, Steps: 29 | Train Loss: 0.1058438 Vali Loss: 0.1758997 Test Loss: 0.0981005
Validation loss decreased (0.177451 --> 0.175900).  Saving model ...
Updating learning rate to 6.354652532866785e-07
Epoch: 4 cost time: 4.304948568344116
Epoch: 4, Steps: 29 | Train Loss: 0.1049256 Vali Loss: 0.1741524 Test Loss: 0.0971462
Validation loss decreased (0.175900 --> 0.174152).  Saving model ...
Updating learning rate to 8.159233858256806e-07
Epoch: 5 cost time: 4.302886009216309
Epoch: 5, Steps: 29 | Train Loss: 0.1040252 Vali Loss: 0.1721496 Test Loss: 0.0961102
Validation loss decreased (0.174152 --> 0.172150).  Saving model ...
Updating learning rate to 1.0445248888850473e-06
Epoch: 6 cost time: 4.311872243881226
Epoch: 6, Steps: 29 | Train Loss: 0.1029784 Vali Loss: 0.1703689 Test Loss: 0.0949504
Validation loss decreased (0.172150 --> 0.170369).  Saving model ...
Updating learning rate to 1.3187593941861497e-06
Epoch: 7 cost time: 4.304244518280029
Epoch: 7, Steps: 29 | Train Loss: 0.1019358 Vali Loss: 0.1681704 Test Loss: 0.0936240
Validation loss decreased (0.170369 --> 0.168170).  Saving model ...
Updating learning rate to 1.6356154184543822e-06
Epoch: 8 cost time: 4.327853202819824
Epoch: 8, Steps: 29 | Train Loss: 0.1007414 Vali Loss: 0.1658380 Test Loss: 0.0920473
Validation loss decreased (0.168170 --> 0.165838).  Saving model ...
Updating learning rate to 1.9916134337707666e-06
Epoch: 9 cost time: 4.320834398269653
Epoch: 9, Steps: 29 | Train Loss: 0.0992787 Vali Loss: 0.1629750 Test Loss: 0.0900245
Validation loss decreased (0.165838 --> 0.162975).  Saving model ...
Updating learning rate to 2.3828440777166636e-06
Epoch: 10 cost time: 4.320921897888184
Epoch: 10, Steps: 29 | Train Loss: 0.0975652 Vali Loss: 0.1589243 Test Loss: 0.0872670
Validation loss decreased (0.162975 --> 0.158924).  Saving model ...
Updating learning rate to 2.805011083710071e-06
Epoch: 11 cost time: 4.320386171340942
Epoch: 11, Steps: 29 | Train Loss: 0.0953802 Vali Loss: 0.1537667 Test Loss: 0.0834590
Validation loss decreased (0.158924 --> 0.153767).  Saving model ...
Updating learning rate to 3.2534784600976295e-06
Epoch: 12 cost time: 4.306006908416748
Epoch: 12, Steps: 29 | Train Loss: 0.0927445 Vali Loss: 0.1476333 Test Loss: 0.0788368
Validation loss decreased (0.153767 --> 0.147633).  Saving model ...
Updating learning rate to 3.723321399909056e-06
Epoch: 13 cost time: 4.3338234424591064
Epoch: 13, Steps: 29 | Train Loss: 0.0900881 Vali Loss: 0.1427970 Test Loss: 0.0753199
Validation loss decreased (0.147633 --> 0.142797).  Saving model ...
Updating learning rate to 4.209380362212844e-06
Epoch: 14 cost time: 4.3435959815979
Epoch: 14, Steps: 29 | Train Loss: 0.0880569 Vali Loss: 0.1387768 Test Loss: 0.0734880
Validation loss decreased (0.142797 --> 0.138777).  Saving model ...
Updating learning rate to 4.706317731183279e-06
Epoch: 15 cost time: 4.324166774749756
Epoch: 15, Steps: 29 | Train Loss: 0.0863212 Vali Loss: 0.1358376 Test Loss: 0.0713681
Validation loss decreased (0.138777 --> 0.135838).  Saving model ...
Updating learning rate to 5.208676430682048e-06
Epoch: 16 cost time: 4.327483177185059
Epoch: 16, Steps: 29 | Train Loss: 0.0845706 Vali Loss: 0.1335913 Test Loss: 0.0694232
Validation loss decreased (0.135838 --> 0.133591).  Saving model ...
Updating learning rate to 5.710939850683244e-06
Epoch: 17 cost time: 4.3212480545043945
Epoch: 17, Steps: 29 | Train Loss: 0.0830105 Vali Loss: 0.1313891 Test Loss: 0.0674553
Validation loss decreased (0.133591 --> 0.131389).  Saving model ...
Updating learning rate to 6.207592427464792e-06
Epoch: 18 cost time: 4.343590021133423
Epoch: 18, Steps: 29 | Train Loss: 0.0816538 Vali Loss: 0.1296385 Test Loss: 0.0659835
Validation loss decreased (0.131389 --> 0.129638).  Saving model ...
Updating learning rate to 6.693180212309968e-06
Epoch: 19 cost time: 4.343174457550049
Epoch: 19, Steps: 29 | Train Loss: 0.0805697 Vali Loss: 0.1284261 Test Loss: 0.0648720
Validation loss decreased (0.129638 --> 0.128426).  Saving model ...
Updating learning rate to 7.1623707635889015e-06
Epoch: 20 cost time: 4.355820417404175
Epoch: 20, Steps: 29 | Train Loss: 0.0795048 Vali Loss: 0.1272322 Test Loss: 0.0641996
Validation loss decreased (0.128426 --> 0.127232).  Saving model ...
Updating learning rate to 7.610011704520164e-06
Epoch: 21 cost time: 4.346324682235718
Epoch: 21, Steps: 29 | Train Loss: 0.0786850 Vali Loss: 0.1264026 Test Loss: 0.0629487
Validation loss decreased (0.127232 --> 0.126403).  Saving model ...
Updating learning rate to 8.031187303565295e-06
Epoch: 22 cost time: 4.333806991577148
Epoch: 22, Steps: 29 | Train Loss: 0.0777744 Vali Loss: 0.1252987 Test Loss: 0.0625420
Validation loss decreased (0.126403 --> 0.125299).  Saving model ...
Updating learning rate to 8.421272456123378e-06
Epoch: 23 cost time: 4.354630947113037
Epoch: 23, Steps: 29 | Train Loss: 0.0769596 Vali Loss: 0.1246241 Test Loss: 0.0613980
Validation loss decreased (0.125299 --> 0.124624).  Saving model ...
Updating learning rate to 8.775983474730246e-06
Epoch: 24 cost time: 4.324416875839233
Epoch: 24, Steps: 29 | Train Loss: 0.0761344 Vali Loss: 0.1237971 Test Loss: 0.0605304
Validation loss decreased (0.124624 --> 0.123797).  Saving model ...
Updating learning rate to 9.091425130013939e-06
Epoch: 25 cost time: 4.322149276733398
Epoch: 25, Steps: 29 | Train Loss: 0.0754154 Vali Loss: 0.1226683 Test Loss: 0.0601502
Validation loss decreased (0.123797 --> 0.122668).  Saving model ...
Updating learning rate to 9.364133425830145e-06
Epoch: 26 cost time: 4.3314313888549805
Epoch: 26, Steps: 29 | Train Loss: 0.0745735 Vali Loss: 0.1223027 Test Loss: 0.0593543
Validation loss decreased (0.122668 --> 0.122303).  Saving model ...
Updating learning rate to 9.591113638846019e-06
Epoch: 27 cost time: 4.326421499252319
Epoch: 27, Steps: 29 | Train Loss: 0.0739018 Vali Loss: 0.1207324 Test Loss: 0.0585945
Validation loss decreased (0.122303 --> 0.120732).  Saving model ...
Updating learning rate to 9.769873204843885e-06
Epoch: 28 cost time: 4.318116664886475
Epoch: 28, Steps: 29 | Train Loss: 0.0731468 Vali Loss: 0.1203749 Test Loss: 0.0579624
Validation loss decreased (0.120732 --> 0.120375).  Saving model ...
Updating learning rate to 9.898449090606656e-06
Epoch: 29 cost time: 4.328301668167114
Epoch: 29, Steps: 29 | Train Loss: 0.0723368 Vali Loss: 0.1197535 Test Loss: 0.0576510
Validation loss decreased (0.120375 --> 0.119754).  Saving model ...
Updating learning rate to 9.975429350802846e-06
Epoch: 30 cost time: 4.342255353927612
Epoch: 30, Steps: 29 | Train Loss: 0.0716557 Vali Loss: 0.1183932 Test Loss: 0.0571318
Validation loss decreased (0.119754 --> 0.118393).  Saving model ...
Updating learning rate to 9.99999401249548e-06
Epoch: 31 cost time: 4.324352502822876
Epoch: 31, Steps: 29 | Train Loss: 0.0708885 Vali Loss: 0.1180432 Test Loss: 0.0565069
Validation loss decreased (0.118393 --> 0.118043).  Saving model ...
Updating learning rate to 9.994612212745642e-06
Epoch: 32 cost time: 4.3329737186431885
Epoch: 32, Steps: 29 | Train Loss: 0.0702335 Vali Loss: 0.1171733 Test Loss: 0.0559279
Validation loss decreased (0.118043 --> 0.117173).  Saving model ...
Updating learning rate to 9.979171968972798e-06
Epoch: 33 cost time: 4.341987371444702
Epoch: 33, Steps: 29 | Train Loss: 0.0695133 Vali Loss: 0.1165371 Test Loss: 0.0554974
Validation loss decreased (0.117173 --> 0.116537).  Saving model ...
Updating learning rate to 9.953704375773079e-06
Epoch: 34 cost time: 4.322213888168335
Epoch: 34, Steps: 29 | Train Loss: 0.0688705 Vali Loss: 0.1160495 Test Loss: 0.0550384
Validation loss decreased (0.116537 --> 0.116049).  Saving model ...
Updating learning rate to 9.918260721489893e-06
Epoch: 35 cost time: 4.325762987136841
Epoch: 35, Steps: 29 | Train Loss: 0.0681740 Vali Loss: 0.1148356 Test Loss: 0.0549039
Validation loss decreased (0.116049 --> 0.114836).  Saving model ...
Updating learning rate to 9.872912384926035e-06
Epoch: 36 cost time: 4.34796142578125
Epoch: 36, Steps: 29 | Train Loss: 0.0674169 Vali Loss: 0.1140463 Test Loss: 0.0544121
Validation loss decreased (0.114836 --> 0.114046).  Saving model ...
Updating learning rate to 9.817750691596265e-06
Epoch: 37 cost time: 4.321738243103027
Epoch: 37, Steps: 29 | Train Loss: 0.0668186 Vali Loss: 0.1136816 Test Loss: 0.0539209
Validation loss decreased (0.114046 --> 0.113682).  Saving model ...
Updating learning rate to 9.752886729809889e-06
Epoch: 38 cost time: 4.33901834487915
Epoch: 38, Steps: 29 | Train Loss: 0.0661785 Vali Loss: 0.1128979 Test Loss: 0.0536552
Validation loss decreased (0.113682 --> 0.112898).  Saving model ...
Updating learning rate to 9.678451126953676e-06
Epoch: 39 cost time: 4.34462308883667
Epoch: 39, Steps: 29 | Train Loss: 0.0655019 Vali Loss: 0.1120805 Test Loss: 0.0533816
Validation loss decreased (0.112898 --> 0.112081).  Saving model ...
Updating learning rate to 9.594593786425696e-06
Epoch: 40 cost time: 4.335406064987183
Epoch: 40, Steps: 29 | Train Loss: 0.0648643 Vali Loss: 0.1108317 Test Loss: 0.0532022
Validation loss decreased (0.112081 --> 0.110832).  Saving model ...
Updating learning rate to 9.501483585749811e-06
Epoch: 41 cost time: 4.351220369338989
Epoch: 41, Steps: 29 | Train Loss: 0.0642199 Vali Loss: 0.1108005 Test Loss: 0.0526214
Validation loss decreased (0.110832 --> 0.110801).  Saving model ...
Updating learning rate to 9.399308036478838e-06
Epoch: 42 cost time: 4.355146169662476
Epoch: 42, Steps: 29 | Train Loss: 0.0636107 Vali Loss: 0.1104734 Test Loss: 0.0520725
Validation loss decreased (0.110801 --> 0.110473).  Saving model ...
Updating learning rate to 9.288272906571216e-06
Epoch: 43 cost time: 4.344245433807373
Epoch: 43, Steps: 29 | Train Loss: 0.0630158 Vali Loss: 0.1089275 Test Loss: 0.0521275
Validation loss decreased (0.110473 --> 0.108928).  Saving model ...
Updating learning rate to 9.16860180600173e-06
Epoch: 44 cost time: 4.347650766372681
Epoch: 44, Steps: 29 | Train Loss: 0.0623616 Vali Loss: 0.1075229 Test Loss: 0.0522128
Validation loss decreased (0.108928 --> 0.107523).  Saving model ...
Updating learning rate to 9.040535736440785e-06
Epoch: 45 cost time: 4.412075519561768
Epoch: 45, Steps: 29 | Train Loss: 0.0617844 Vali Loss: 0.1083289 Test Loss: 0.0510401
EarlyStopping counter: 1 out of 10
Updating learning rate to 8.904332605909106e-06
Epoch: 46 cost time: 5.16452956199646
Epoch: 46, Steps: 29 | Train Loss: 0.0611796 Vali Loss: 0.1072946 Test Loss: 0.0511186
Validation loss decreased (0.107523 --> 0.107295).  Saving model ...
Updating learning rate to 8.760266709385311e-06
Epoch: 47 cost time: 5.139678478240967
Epoch: 47, Steps: 29 | Train Loss: 0.0606510 Vali Loss: 0.1062671 Test Loss: 0.0509770
Validation loss decreased (0.107295 --> 0.106267).  Saving model ...
Updating learning rate to 8.608628176412335e-06
Epoch: 48 cost time: 5.160871267318726
Epoch: 48, Steps: 29 | Train Loss: 0.0600404 Vali Loss: 0.1055730 Test Loss: 0.0502948
Validation loss decreased (0.106267 --> 0.105573).  Saving model ...
Updating learning rate to 8.449722386815127e-06
Epoch: 49 cost time: 5.107786178588867
Epoch: 49, Steps: 29 | Train Loss: 0.0594930 Vali Loss: 0.1047701 Test Loss: 0.0503150
Validation loss decreased (0.105573 --> 0.104770).  Saving model ...
Updating learning rate to 8.28386935570634e-06
Epoch: 50 cost time: 5.103964805603027
Epoch: 50, Steps: 29 | Train Loss: 0.0589478 Vali Loss: 0.1043596 Test Loss: 0.0495665
Validation loss decreased (0.104770 --> 0.104360).  Saving model ...
Updating learning rate to 8.111403089018465e-06
Epoch: 51 cost time: 5.144643545150757
Epoch: 51, Steps: 29 | Train Loss: 0.0584233 Vali Loss: 0.1031065 Test Loss: 0.0495844
Validation loss decreased (0.104360 --> 0.103106).  Saving model ...
Updating learning rate to 7.93267091086035e-06
Epoch: 52 cost time: 5.178682088851929
Epoch: 52, Steps: 29 | Train Loss: 0.0578904 Vali Loss: 0.1020142 Test Loss: 0.0495710
Validation loss decreased (0.103106 --> 0.102014).  Saving model ...
Updating learning rate to 7.748032764052655e-06
Epoch: 53 cost time: 5.132926940917969
Epoch: 53, Steps: 29 | Train Loss: 0.0573848 Vali Loss: 0.1018164 Test Loss: 0.0489832
Validation loss decreased (0.102014 --> 0.101816).  Saving model ...
Updating learning rate to 7.557860485250925e-06
Epoch: 54 cost time: 4.84400200843811
Epoch: 54, Steps: 29 | Train Loss: 0.0568274 Vali Loss: 0.1013275 Test Loss: 0.0485641
Validation loss decreased (0.101816 --> 0.101328).  Saving model ...
Updating learning rate to 7.362537056116034e-06
Epoch: 55 cost time: 5.164981365203857
Epoch: 55, Steps: 29 | Train Loss: 0.0563792 Vali Loss: 0.1002472 Test Loss: 0.0483029
Validation loss decreased (0.101328 --> 0.100247).  Saving model ...
Updating learning rate to 7.162455832040107e-06
Epoch: 56 cost time: 5.3324854373931885
Epoch: 56, Steps: 29 | Train Loss: 0.0558146 Vali Loss: 0.0991593 Test Loss: 0.0481578
Validation loss decreased (0.100247 --> 0.099159).  Saving model ...
Updating learning rate to 6.9580197499810984e-06
Epoch: 57 cost time: 5.151050806045532
Epoch: 57, Steps: 29 | Train Loss: 0.0553523 Vali Loss: 0.0985598 Test Loss: 0.0477405
Validation loss decreased (0.099159 --> 0.098560).  Saving model ...
Updating learning rate to 6.7496405170013816e-06
Epoch: 58 cost time: 5.068663597106934
Epoch: 58, Steps: 29 | Train Loss: 0.0549070 Vali Loss: 0.0974494 Test Loss: 0.0476571
Validation loss decreased (0.098560 --> 0.097449).  Saving model ...
Updating learning rate to 6.537737781144523e-06
Epoch: 59 cost time: 5.1885294914245605
Epoch: 59, Steps: 29 | Train Loss: 0.0543572 Vali Loss: 0.0971458 Test Loss: 0.0470428
Validation loss decreased (0.097449 --> 0.097146).  Saving model ...
Updating learning rate to 6.322738286319964e-06
Epoch: 60 cost time: 5.328031539916992
Epoch: 60, Steps: 29 | Train Loss: 0.0539501 Vali Loss: 0.0955788 Test Loss: 0.0471199
Validation loss decreased (0.097146 --> 0.095579).  Saving model ...
Updating learning rate to 6.105075012897585e-06
Epoch: 61 cost time: 5.298928260803223
Epoch: 61, Steps: 29 | Train Loss: 0.0534776 Vali Loss: 0.0954007 Test Loss: 0.0465479
Validation loss decreased (0.095579 --> 0.095401).  Saving model ...
Updating learning rate to 5.885186305742857e-06
Epoch: 62 cost time: 5.3678412437438965
Epoch: 62, Steps: 29 | Train Loss: 0.0530665 Vali Loss: 0.0945940 Test Loss: 0.0461925
Validation loss decreased (0.095401 --> 0.094594).  Saving model ...
Updating learning rate to 5.6635149914486225e-06
Epoch: 63 cost time: 5.2477662563323975
Epoch: 63, Steps: 29 | Train Loss: 0.0525467 Vali Loss: 0.0939343 Test Loss: 0.0458791
Validation loss decreased (0.094594 --> 0.093934).  Saving model ...
Updating learning rate to 5.440507486541268e-06
Epoch: 64 cost time: 5.153702974319458
Epoch: 64, Steps: 29 | Train Loss: 0.0520417 Vali Loss: 0.0934309 Test Loss: 0.0453423
Validation loss decreased (0.093934 --> 0.093431).  Saving model ...
Updating learning rate to 5.216612898457253e-06
Epoch: 65 cost time: 4.955705165863037
Epoch: 65, Steps: 29 | Train Loss: 0.0516757 Vali Loss: 0.0925594 Test Loss: 0.0450703
Validation loss decreased (0.093431 --> 0.092559).  Saving model ...
Updating learning rate to 4.992282121100496e-06
Epoch: 66 cost time: 4.320237159729004
Epoch: 66, Steps: 29 | Train Loss: 0.0512471 Vali Loss: 0.0915469 Test Loss: 0.0450425
Validation loss decreased (0.092559 --> 0.091547).  Saving model ...
Updating learning rate to 4.767966926802067e-06
Epoch: 67 cost time: 4.314900159835815
Epoch: 67, Steps: 29 | Train Loss: 0.0508437 Vali Loss: 0.0909997 Test Loss: 0.0446097
Validation loss decreased (0.091547 --> 0.091000).  Saving model ...
Updating learning rate to 4.5441190565108235e-06
Epoch: 68 cost time: 4.322312116622925
Epoch: 68, Steps: 29 | Train Loss: 0.0503865 Vali Loss: 0.0899074 Test Loss: 0.0444569
Validation loss decreased (0.091000 --> 0.089907).  Saving model ...
Updating learning rate to 4.3211893100472735e-06
Epoch: 69 cost time: 4.341642618179321
Epoch: 69, Steps: 29 | Train Loss: 0.0499859 Vali Loss: 0.0896728 Test Loss: 0.0438893
Validation loss decreased (0.089907 --> 0.089673).  Saving model ...
Updating learning rate to 4.099626638252712e-06
Epoch: 70 cost time: 4.330371141433716
Epoch: 70, Steps: 29 | Train Loss: 0.0495472 Vali Loss: 0.0885738 Test Loss: 0.0437238
Validation loss decreased (0.089673 --> 0.088574).  Saving model ...
Updating learning rate to 3.879877238861997e-06
Epoch: 71 cost time: 4.335914134979248
Epoch: 71, Steps: 29 | Train Loss: 0.0491612 Vali Loss: 0.0878277 Test Loss: 0.0434255
Validation loss decreased (0.088574 --> 0.087828).  Saving model ...
Updating learning rate to 3.662383657920668e-06
Epoch: 72 cost time: 4.342807054519653
Epoch: 72, Steps: 29 | Train Loss: 0.0487547 Vali Loss: 0.0874657 Test Loss: 0.0430154
Validation loss decreased (0.087828 --> 0.087466).  Saving model ...
Updating learning rate to 3.447583898556124e-06
Epoch: 73 cost time: 4.325462102890015
Epoch: 73, Steps: 29 | Train Loss: 0.0483860 Vali Loss: 0.0867794 Test Loss: 0.0427884
Validation loss decreased (0.087466 --> 0.086779).  Saving model ...
Updating learning rate to 3.2359105388976132e-06
Epoch: 74 cost time: 4.325572967529297
Epoch: 74, Steps: 29 | Train Loss: 0.0479906 Vali Loss: 0.0861666 Test Loss: 0.0424678
Validation loss decreased (0.086779 --> 0.086167).  Saving model ...
Updating learning rate to 3.027789860921434e-06
Epoch: 75 cost time: 4.348932266235352
Epoch: 75, Steps: 29 | Train Loss: 0.0475590 Vali Loss: 0.0855105 Test Loss: 0.0422207
Validation loss decreased (0.086167 --> 0.085511).  Saving model ...
Updating learning rate to 2.8236409919757893e-06
Epoch: 76 cost time: 4.339044570922852
Epoch: 76, Steps: 29 | Train Loss: 0.0471912 Vali Loss: 0.0848575 Test Loss: 0.0418841
Validation loss decreased (0.085511 --> 0.084857).  Saving model ...
Updating learning rate to 2.6238750607140637e-06
Epoch: 77 cost time: 4.329702854156494
Epoch: 77, Steps: 29 | Train Loss: 0.0468135 Vali Loss: 0.0838532 Test Loss: 0.0416601
Validation loss decreased (0.084857 --> 0.083853).  Saving model ...
Updating learning rate to 2.4288943691364434e-06
Epoch: 78 cost time: 4.341475248336792
Epoch: 78, Steps: 29 | Train Loss: 0.0464287 Vali Loss: 0.0837144 Test Loss: 0.0411810
Validation loss decreased (0.083853 --> 0.083714).  Saving model ...
Updating learning rate to 2.2390915824072217e-06
Epoch: 79 cost time: 4.3256635665893555
Epoch: 79, Steps: 29 | Train Loss: 0.0461242 Vali Loss: 0.0830332 Test Loss: 0.0408466
Validation loss decreased (0.083714 --> 0.083033).  Saving model ...
Updating learning rate to 2.0548489380794217e-06
Epoch: 80 cost time: 4.332849979400635
Epoch: 80, Steps: 29 | Train Loss: 0.0457345 Vali Loss: 0.0823890 Test Loss: 0.0405306
Validation loss decreased (0.083033 --> 0.082389).  Saving model ...
Updating learning rate to 1.876537476319218e-06
Epoch: 81 cost time: 4.344524383544922
Epoch: 81, Steps: 29 | Train Loss: 0.0454777 Vali Loss: 0.0821670 Test Loss: 0.0404842
Validation loss decreased (0.082389 --> 0.082167).  Saving model ...
Updating learning rate to 1.7045162926804444e-06
Epoch: 82 cost time: 4.334474563598633
Epoch: 82, Steps: 29 | Train Loss: 0.0454148 Vali Loss: 0.0818830 Test Loss: 0.0406219
Validation loss decreased (0.082167 --> 0.081883).  Saving model ...
Updating learning rate to 1.5391318149339123e-06
Epoch: 83 cost time: 4.334376811981201
Epoch: 83, Steps: 29 | Train Loss: 0.0454033 Vali Loss: 0.0822151 Test Loss: 0.0404996
EarlyStopping counter: 1 out of 10
Updating learning rate to 1.3807171054080036e-06
Epoch: 84 cost time: 4.325488328933716
Epoch: 84, Steps: 29 | Train Loss: 0.0453966 Vali Loss: 0.0822432 Test Loss: 0.0404744
EarlyStopping counter: 2 out of 10
Updating learning rate to 1.2295911902454577e-06
Epoch: 85 cost time: 4.347504138946533
Epoch: 85, Steps: 29 | Train Loss: 0.0453330 Vali Loss: 0.0817388 Test Loss: 0.0406159
Validation loss decreased (0.081883 --> 0.081739).  Saving model ...
Updating learning rate to 1.0860584169271784e-06
Epoch: 86 cost time: 5.307449817657471
Epoch: 86, Steps: 29 | Train Loss: 0.0453532 Vali Loss: 0.0819155 Test Loss: 0.0405867
EarlyStopping counter: 1 out of 10
Updating learning rate to 9.504078413569088e-07
Epoch: 87 cost time: 5.290694952011108
Epoch: 87, Steps: 29 | Train Loss: 0.0453578 Vali Loss: 0.0817465 Test Loss: 0.0406253
EarlyStopping counter: 2 out of 10
Updating learning rate to 8.229126457411124e-07
Epoch: 88 cost time: 5.2227678298950195
Epoch: 88, Steps: 29 | Train Loss: 0.0453335 Vali Loss: 0.0819275 Test Loss: 0.0405391
EarlyStopping counter: 3 out of 10
Updating learning rate to 7.038295884363647e-07
Epoch: 89 cost time: 5.364427328109741
Epoch: 89, Steps: 29 | Train Loss: 0.0453430 Vali Loss: 0.0820668 Test Loss: 0.0405937
EarlyStopping counter: 4 out of 10
Updating learning rate to 5.933984868721898e-07
Epoch: 90 cost time: 5.177880048751831
Epoch: 90, Steps: 29 | Train Loss: 0.0453606 Vali Loss: 0.0818674 Test Loss: 0.0405601
EarlyStopping counter: 5 out of 10
Updating learning rate to 4.918417345906772e-07
Epoch: 91 cost time: 5.192253589630127
Epoch: 91, Steps: 29 | Train Loss: 0.0453701 Vali Loss: 0.0819422 Test Loss: 0.0405711
EarlyStopping counter: 6 out of 10
Updating learning rate to 3.9936385337548097e-07
Epoch: 92 cost time: 5.302180528640747
Epoch: 92, Steps: 29 | Train Loss: 0.0453581 Vali Loss: 0.0818919 Test Loss: 0.0406097
EarlyStopping counter: 7 out of 10
Updating learning rate to 3.161510813721721e-07
Epoch: 93 cost time: 5.179978370666504
Epoch: 93, Steps: 29 | Train Loss: 0.0453785 Vali Loss: 0.0821622 Test Loss: 0.0405193
EarlyStopping counter: 8 out of 10
Updating learning rate to 2.4237099802938663e-07
Epoch: 94 cost time: 5.297725200653076
Epoch: 94, Steps: 29 | Train Loss: 0.0453598 Vali Loss: 0.0820830 Test Loss: 0.0405780
EarlyStopping counter: 9 out of 10
Updating learning rate to 1.7817218661613333e-07
Epoch: 95 cost time: 5.237305164337158
Epoch: 95, Steps: 29 | Train Loss: 0.0453451 Vali Loss: 0.0821161 Test Loss: 0.0405888
EarlyStopping counter: 10 out of 10
Early stopping
>>>>>>>testing : ETTh1_336_720_DTFNet_ETTh1_ftM_sl336_ll0_pl720_dm128_nh16_el2_br2_dl1_df256_fc1_ebtimeF_dtTrue_'Exp'_0_'rel_sin'_16_8_16,24_8,12_3_1_256<<<<<<<<<<<<<<<<<<<<<<<<<<<<<<<<<
test 2161
mse:0.4341188967227936, mae:0.4531063139438629, rse:0.6328334212303162
