Args in experiment:
Namespace(is_training=1, model_id='ETTh1_336_720', model='DTFNet', data='ETTh1', root_path='./dataset/', data_path='ETTh1.csv', features='M', target='OT', freq='h', checkpoints='./checkpoints/', seq_len=336, label_len=0, pred_len=720, n_branches=2, patch_len_ls='16,24', stride_ls='8,12', d_model_ls='128', n_heads_ls='16', rel_pe="'rel_sin'", res_attn=False, head_type='flatten', fc_dropout=0.3, head_dropout=0.1, patch_len=16, stride=8, padding_patch="'end'", revin=1, affine=0, subtract_last=0, decomposition=0, kernel_size=25, individual=0, store_attn=False, pre_norm=False, pe='zeros', no_learn_pe=True, embed_type=0, enc_in=7, dec_in=7, c_out=7, d_model=128, n_heads=16, e_layers=2, d_layers=1, d_ff=256, moving_avg=25, factor=1, distil=True, dropout=0.3, embed='timeF', activation='gelu', output_attention=False, do_predict=False, num_workers=0, itr=1, train_epochs=100, batch_size=256, patience=10, learning_rate=1e-05, des="'Exp'", loss='mse', lradj='TST', pct_start=0.3, use_amp=False, l2=0.0, warmup_steps=0, use_gpu=True, gpu=0, use_multi_gpu=False, devices='0', test_flop=False, use_mlflow=False, mlflow_project='exp', loss_flag=2, sub_patch_len=16, sub_stride=8, stride_ls_list='16', model_type='linear', tfactor=3, dilation_rates='1', wavelet_layers=2, wavelet_type='db5', wavelet_mode='periodization', wavelet_dim=64, initTLV=0.2)
Use GPU: cuda:0
>>>>>>>start training : ETTh1_336_720_DTFNet_ETTh1_ftM_sl336_ll0_pl720_dm128_nh16_el2_br2_dl1_df256_fc1_ebtimeF_dtTrue_'Exp'_0_'rel_sin'_16_8_16,24_8,12_3_1_256>>>>>>>>>>>>>>>>>>>>>>>>>>
train 7585
val 2161
test 2161
Epoch: 1 cost time: 1.6670680046081543
Epoch: 1, Steps: 29 | Train Loss: 0.1075828 Vali Loss: 0.1790105 Test Loss: 0.0997379
Validation loss decreased (inf --> 0.179011).  Saving model ...
Updating learning rate to 4.2635539919063106e-07
Epoch: 2 cost time: 1.2845137119293213
Epoch: 2, Steps: 29 | Train Loss: 0.1066783 Vali Loss: 0.1771167 Test Loss: 0.0989097
Validation loss decreased (0.179011 --> 0.177117).  Saving model ...
Updating learning rate to 5.051321771514831e-07
Epoch: 3 cost time: 1.2155811786651611
Epoch: 3, Steps: 29 | Train Loss: 0.1058177 Vali Loss: 0.1757758 Test Loss: 0.0980026
Validation loss decreased (0.177117 --> 0.175776).  Saving model ...
Updating learning rate to 6.354652532866785e-07
Epoch: 4 cost time: 1.1655044555664062
Epoch: 4, Steps: 29 | Train Loss: 0.1048741 Vali Loss: 0.1740711 Test Loss: 0.0970306
Validation loss decreased (0.175776 --> 0.174071).  Saving model ...
Updating learning rate to 8.159233858256806e-07
Epoch: 5 cost time: 1.1713249683380127
Epoch: 5, Steps: 29 | Train Loss: 0.1039873 Vali Loss: 0.1725941 Test Loss: 0.0959681
Validation loss decreased (0.174071 --> 0.172594).  Saving model ...
Updating learning rate to 1.0445248888850473e-06
Epoch: 6 cost time: 1.1710484027862549
Epoch: 6, Steps: 29 | Train Loss: 0.1028801 Vali Loss: 0.1702110 Test Loss: 0.0947840
Validation loss decreased (0.172594 --> 0.170211).  Saving model ...
Updating learning rate to 1.3187593941861497e-06
Epoch: 7 cost time: 1.1781671047210693
Epoch: 7, Steps: 29 | Train Loss: 0.1019170 Vali Loss: 0.1681427 Test Loss: 0.0934247
Validation loss decreased (0.170211 --> 0.168143).  Saving model ...
Updating learning rate to 1.6356154184543822e-06
Epoch: 8 cost time: 1.1783983707427979
Epoch: 8, Steps: 29 | Train Loss: 0.1006038 Vali Loss: 0.1657578 Test Loss: 0.0917685
Validation loss decreased (0.168143 --> 0.165758).  Saving model ...
Updating learning rate to 1.9916134337707666e-06
Epoch: 9 cost time: 1.1796817779541016
Epoch: 9, Steps: 29 | Train Loss: 0.0991865 Vali Loss: 0.1624585 Test Loss: 0.0896487
Validation loss decreased (0.165758 --> 0.162458).  Saving model ...
Updating learning rate to 2.3828440777166636e-06
Epoch: 10 cost time: 1.179173231124878
Epoch: 10, Steps: 29 | Train Loss: 0.0973923 Vali Loss: 0.1586038 Test Loss: 0.0866936
Validation loss decreased (0.162458 --> 0.158604).  Saving model ...
Updating learning rate to 2.805011083710071e-06
Epoch: 11 cost time: 1.1603806018829346
Epoch: 11, Steps: 29 | Train Loss: 0.0951463 Vali Loss: 0.1530134 Test Loss: 0.0826508
Validation loss decreased (0.158604 --> 0.153013).  Saving model ...
Updating learning rate to 3.2534784600976295e-06
Epoch: 12 cost time: 1.1852035522460938
Epoch: 12, Steps: 29 | Train Loss: 0.0924933 Vali Loss: 0.1470427 Test Loss: 0.0780445
Validation loss decreased (0.153013 --> 0.147043).  Saving model ...
Updating learning rate to 3.723321399909056e-06
Epoch: 13 cost time: 1.1885125637054443
Epoch: 13, Steps: 29 | Train Loss: 0.0899635 Vali Loss: 0.1424780 Test Loss: 0.0749501
Validation loss decreased (0.147043 --> 0.142478).  Saving model ...
Updating learning rate to 4.209380362212844e-06
Epoch: 14 cost time: 1.1831531524658203
Epoch: 14, Steps: 29 | Train Loss: 0.0879714 Vali Loss: 0.1388522 Test Loss: 0.0731613
Validation loss decreased (0.142478 --> 0.138852).  Saving model ...
Updating learning rate to 4.706317731183279e-06
Epoch: 15 cost time: 1.1878249645233154
Epoch: 15, Steps: 29 | Train Loss: 0.0862498 Vali Loss: 0.1356938 Test Loss: 0.0712299
Validation loss decreased (0.138852 --> 0.135694).  Saving model ...
Updating learning rate to 5.208676430682048e-06
Epoch: 16 cost time: 1.1827313899993896
Epoch: 16, Steps: 29 | Train Loss: 0.0845302 Vali Loss: 0.1335816 Test Loss: 0.0692363
Validation loss decreased (0.135694 --> 0.133582).  Saving model ...
Updating learning rate to 5.710939850683244e-06
Epoch: 17 cost time: 1.1830792427062988
Epoch: 17, Steps: 29 | Train Loss: 0.0830114 Vali Loss: 0.1314583 Test Loss: 0.0673214
Validation loss decreased (0.133582 --> 0.131458).  Saving model ...
Updating learning rate to 6.207592427464792e-06
Epoch: 18 cost time: 1.1803686618804932
Epoch: 18, Steps: 29 | Train Loss: 0.0816375 Vali Loss: 0.1299798 Test Loss: 0.0658634
Validation loss decreased (0.131458 --> 0.129980).  Saving model ...
Updating learning rate to 6.693180212309968e-06
Epoch: 19 cost time: 1.2057552337646484
Epoch: 19, Steps: 29 | Train Loss: 0.0805075 Vali Loss: 0.1286701 Test Loss: 0.0648743
Validation loss decreased (0.129980 --> 0.128670).  Saving model ...
Updating learning rate to 7.1623707635889015e-06
Epoch: 20 cost time: 1.2079555988311768
Epoch: 20, Steps: 29 | Train Loss: 0.0794939 Vali Loss: 0.1274865 Test Loss: 0.0637740
Validation loss decreased (0.128670 --> 0.127486).  Saving model ...
Updating learning rate to 7.610011704520164e-06
Epoch: 21 cost time: 1.2246794700622559
Epoch: 21, Steps: 29 | Train Loss: 0.0786054 Vali Loss: 0.1261563 Test Loss: 0.0630653
Validation loss decreased (0.127486 --> 0.126156).  Saving model ...
Updating learning rate to 8.031187303565295e-06
Epoch: 22 cost time: 1.2217669486999512
Epoch: 22, Steps: 29 | Train Loss: 0.0777515 Vali Loss: 0.1257137 Test Loss: 0.0623328
Validation loss decreased (0.126156 --> 0.125714).  Saving model ...
Updating learning rate to 8.421272456123378e-06
Epoch: 23 cost time: 1.2037804126739502
Epoch: 23, Steps: 29 | Train Loss: 0.0769049 Vali Loss: 0.1245891 Test Loss: 0.0618472
Validation loss decreased (0.125714 --> 0.124589).  Saving model ...
Updating learning rate to 8.775983474730246e-06
Epoch: 24 cost time: 1.175750494003296
Epoch: 24, Steps: 29 | Train Loss: 0.0761269 Vali Loss: 0.1237594 Test Loss: 0.0608175
Validation loss decreased (0.124589 --> 0.123759).  Saving model ...
Updating learning rate to 9.091425130013939e-06
Epoch: 25 cost time: 1.1710729598999023
Epoch: 25, Steps: 29 | Train Loss: 0.0753846 Vali Loss: 0.1226079 Test Loss: 0.0602203
Validation loss decreased (0.123759 --> 0.122608).  Saving model ...
Updating learning rate to 9.364133425830145e-06
Epoch: 26 cost time: 1.175722599029541
Epoch: 26, Steps: 29 | Train Loss: 0.0745100 Vali Loss: 0.1218485 Test Loss: 0.0596217
Validation loss decreased (0.122608 --> 0.121848).  Saving model ...
Updating learning rate to 9.591113638846019e-06
Epoch: 27 cost time: 1.1852166652679443
Epoch: 27, Steps: 29 | Train Loss: 0.0738547 Vali Loss: 0.1204711 Test Loss: 0.0592736
Validation loss decreased (0.121848 --> 0.120471).  Saving model ...
Updating learning rate to 9.769873204843885e-06
Epoch: 28 cost time: 1.1991705894470215
Epoch: 28, Steps: 29 | Train Loss: 0.0730720 Vali Loss: 0.1202951 Test Loss: 0.0582121
Validation loss decreased (0.120471 --> 0.120295).  Saving model ...
Updating learning rate to 9.898449090606656e-06
Epoch: 29 cost time: 1.211160659790039
Epoch: 29, Steps: 29 | Train Loss: 0.0723678 Vali Loss: 0.1193796 Test Loss: 0.0580171
Validation loss decreased (0.120295 --> 0.119380).  Saving model ...
Updating learning rate to 9.975429350802846e-06
Epoch: 30 cost time: 1.2072937488555908
Epoch: 30, Steps: 29 | Train Loss: 0.0715948 Vali Loss: 0.1183700 Test Loss: 0.0573480
Validation loss decreased (0.119380 --> 0.118370).  Saving model ...
Updating learning rate to 9.99999401249548e-06
Epoch: 31 cost time: 1.2169463634490967
Epoch: 31, Steps: 29 | Train Loss: 0.0709542 Vali Loss: 0.1169397 Test Loss: 0.0575047
Validation loss decreased (0.118370 --> 0.116940).  Saving model ...
Updating learning rate to 9.994612212745642e-06
Epoch: 32 cost time: 1.1941041946411133
Epoch: 32, Steps: 29 | Train Loss: 0.0702012 Vali Loss: 0.1170579 Test Loss: 0.0564742
EarlyStopping counter: 1 out of 10
Updating learning rate to 9.979171968972798e-06
Epoch: 33 cost time: 1.2087171077728271
Epoch: 33, Steps: 29 | Train Loss: 0.0695600 Vali Loss: 0.1158897 Test Loss: 0.0561418
Validation loss decreased (0.116940 --> 0.115890).  Saving model ...
Updating learning rate to 9.953704375773079e-06
Epoch: 34 cost time: 1.1985797882080078
Epoch: 34, Steps: 29 | Train Loss: 0.0688414 Vali Loss: 0.1145828 Test Loss: 0.0561028
Validation loss decreased (0.115890 --> 0.114583).  Saving model ...
Updating learning rate to 9.918260721489893e-06
Epoch: 35 cost time: 1.1958587169647217
Epoch: 35, Steps: 29 | Train Loss: 0.0682212 Vali Loss: 0.1147202 Test Loss: 0.0553085
EarlyStopping counter: 1 out of 10
Updating learning rate to 9.872912384926035e-06
Epoch: 36 cost time: 1.2041256427764893
Epoch: 36, Steps: 29 | Train Loss: 0.0675583 Vali Loss: 0.1133536 Test Loss: 0.0553464
Validation loss decreased (0.114583 --> 0.113354).  Saving model ...
Updating learning rate to 9.817750691596265e-06
Epoch: 37 cost time: 1.2043349742889404
Epoch: 37, Steps: 29 | Train Loss: 0.0668483 Vali Loss: 0.1128773 Test Loss: 0.0549598
Validation loss decreased (0.113354 --> 0.112877).  Saving model ...
Updating learning rate to 9.752886729809889e-06
Epoch: 38 cost time: 1.2017667293548584
Epoch: 38, Steps: 29 | Train Loss: 0.0661761 Vali Loss: 0.1119645 Test Loss: 0.0545305
Validation loss decreased (0.112877 --> 0.111965).  Saving model ...
Updating learning rate to 9.678451126953676e-06
Epoch: 39 cost time: 1.2229247093200684
Epoch: 39, Steps: 29 | Train Loss: 0.0656034 Vali Loss: 0.1110174 Test Loss: 0.0539272
Validation loss decreased (0.111965 --> 0.111017).  Saving model ...
Updating learning rate to 9.594593786425696e-06
Epoch: 40 cost time: 1.209026575088501
Epoch: 40, Steps: 29 | Train Loss: 0.0649499 Vali Loss: 0.1101861 Test Loss: 0.0541065
Validation loss decreased (0.111017 --> 0.110186).  Saving model ...
Updating learning rate to 9.501483585749811e-06
Epoch: 41 cost time: 1.205368995666504
Epoch: 41, Steps: 29 | Train Loss: 0.0642891 Vali Loss: 0.1094718 Test Loss: 0.0535993
Validation loss decreased (0.110186 --> 0.109472).  Saving model ...
Updating learning rate to 9.399308036478838e-06
Epoch: 42 cost time: 1.2130560874938965
Epoch: 42, Steps: 29 | Train Loss: 0.0636432 Vali Loss: 0.1083287 Test Loss: 0.0534983
Validation loss decreased (0.109472 --> 0.108329).  Saving model ...
Updating learning rate to 9.288272906571216e-06
Epoch: 43 cost time: 1.2095451354980469
Epoch: 43, Steps: 29 | Train Loss: 0.0631100 Vali Loss: 0.1083761 Test Loss: 0.0525111
EarlyStopping counter: 1 out of 10
Updating learning rate to 9.16860180600173e-06
Epoch: 44 cost time: 1.2111201286315918
Epoch: 44, Steps: 29 | Train Loss: 0.0624651 Vali Loss: 0.1070231 Test Loss: 0.0528669
Validation loss decreased (0.108329 --> 0.107023).  Saving model ...
Updating learning rate to 9.040535736440785e-06
Epoch: 45 cost time: 1.233638048171997
Epoch: 45, Steps: 29 | Train Loss: 0.0618672 Vali Loss: 0.1070429 Test Loss: 0.0520305
EarlyStopping counter: 1 out of 10
Updating learning rate to 8.904332605909106e-06
Epoch: 46 cost time: 1.206238031387329
Epoch: 46, Steps: 29 | Train Loss: 0.0613121 Vali Loss: 0.1057388 Test Loss: 0.0520022
Validation loss decreased (0.107023 --> 0.105739).  Saving model ...
Updating learning rate to 8.760266709385311e-06
Epoch: 47 cost time: 1.200127124786377
Epoch: 47, Steps: 29 | Train Loss: 0.0607674 Vali Loss: 0.1048791 Test Loss: 0.0519677
Validation loss decreased (0.105739 --> 0.104879).  Saving model ...
Updating learning rate to 8.608628176412335e-06
Epoch: 48 cost time: 1.2189278602600098
Epoch: 48, Steps: 29 | Train Loss: 0.0601758 Vali Loss: 0.1038870 Test Loss: 0.0517554
Validation loss decreased (0.104879 --> 0.103887).  Saving model ...
Updating learning rate to 8.449722386815127e-06
Epoch: 49 cost time: 1.1978449821472168
Epoch: 49, Steps: 29 | Train Loss: 0.0595484 Vali Loss: 0.1031045 Test Loss: 0.0513458
Validation loss decreased (0.103887 --> 0.103104).  Saving model ...
Updating learning rate to 8.28386935570634e-06
Epoch: 50 cost time: 1.2097265720367432
Epoch: 50, Steps: 29 | Train Loss: 0.0591289 Vali Loss: 0.1031710 Test Loss: 0.0504907
EarlyStopping counter: 1 out of 10
Updating learning rate to 8.111403089018465e-06
Epoch: 51 cost time: 1.1958856582641602
Epoch: 51, Steps: 29 | Train Loss: 0.0585473 Vali Loss: 0.1022321 Test Loss: 0.0503364
Validation loss decreased (0.103104 --> 0.102232).  Saving model ...
Updating learning rate to 7.93267091086035e-06
Epoch: 52 cost time: 1.2084660530090332
Epoch: 52, Steps: 29 | Train Loss: 0.0580068 Vali Loss: 0.1011832 Test Loss: 0.0503961
Validation loss decreased (0.102232 --> 0.101183).  Saving model ...
Updating learning rate to 7.748032764052655e-06
Epoch: 53 cost time: 1.2137818336486816
Epoch: 53, Steps: 29 | Train Loss: 0.0574399 Vali Loss: 0.1008788 Test Loss: 0.0496836
Validation loss decreased (0.101183 --> 0.100879).  Saving model ...
Updating learning rate to 7.557860485250925e-06
Epoch: 54 cost time: 1.218263864517212
Epoch: 54, Steps: 29 | Train Loss: 0.0569108 Vali Loss: 0.1000857 Test Loss: 0.0494667
Validation loss decreased (0.100879 --> 0.100086).  Saving model ...
Updating learning rate to 7.362537056116034e-06
Epoch: 55 cost time: 1.215583086013794
Epoch: 55, Steps: 29 | Train Loss: 0.0563870 Vali Loss: 0.0994211 Test Loss: 0.0493296
Validation loss decreased (0.100086 --> 0.099421).  Saving model ...
Updating learning rate to 7.162455832040107e-06
Epoch: 56 cost time: 1.2168498039245605
Epoch: 56, Steps: 29 | Train Loss: 0.0559630 Vali Loss: 0.0982791 Test Loss: 0.0488971
Validation loss decreased (0.099421 --> 0.098279).  Saving model ...
Updating learning rate to 6.9580197499810984e-06
Epoch: 57 cost time: 1.224613904953003
Epoch: 57, Steps: 29 | Train Loss: 0.0554242 Vali Loss: 0.0976731 Test Loss: 0.0488467
Validation loss decreased (0.098279 --> 0.097673).  Saving model ...
Updating learning rate to 6.7496405170013816e-06
Epoch: 58 cost time: 1.2235047817230225
Epoch: 58, Steps: 29 | Train Loss: 0.0549175 Vali Loss: 0.0968494 Test Loss: 0.0484205
Validation loss decreased (0.097673 --> 0.096849).  Saving model ...
Updating learning rate to 6.537737781144523e-06
Epoch: 59 cost time: 1.2181475162506104
Epoch: 59, Steps: 29 | Train Loss: 0.0544789 Vali Loss: 0.0964154 Test Loss: 0.0476533
Validation loss decreased (0.096849 --> 0.096415).  Saving model ...
Updating learning rate to 6.322738286319964e-06
Epoch: 60 cost time: 1.2129521369934082
Epoch: 60, Steps: 29 | Train Loss: 0.0540242 Vali Loss: 0.0952483 Test Loss: 0.0479116
Validation loss decreased (0.096415 --> 0.095248).  Saving model ...
Updating learning rate to 6.105075012897585e-06
Epoch: 61 cost time: 1.213613510131836
Epoch: 61, Steps: 29 | Train Loss: 0.0535094 Vali Loss: 0.0943237 Test Loss: 0.0475795
Validation loss decreased (0.095248 --> 0.094324).  Saving model ...
Updating learning rate to 5.885186305742857e-06
Epoch: 62 cost time: 1.1949691772460938
Epoch: 62, Steps: 29 | Train Loss: 0.0530469 Vali Loss: 0.0942511 Test Loss: 0.0472077
Validation loss decreased (0.094324 --> 0.094251).  Saving model ...
Updating learning rate to 5.6635149914486225e-06
Epoch: 63 cost time: 1.2432160377502441
Epoch: 63, Steps: 29 | Train Loss: 0.0525922 Vali Loss: 0.0933958 Test Loss: 0.0467093
Validation loss decreased (0.094251 --> 0.093396).  Saving model ...
Updating learning rate to 5.440507486541268e-06
Epoch: 64 cost time: 1.218247890472412
Epoch: 64, Steps: 29 | Train Loss: 0.0522120 Vali Loss: 0.0925790 Test Loss: 0.0465964
Validation loss decreased (0.093396 --> 0.092579).  Saving model ...
Updating learning rate to 5.216612898457253e-06
Epoch: 65 cost time: 1.1928980350494385
Epoch: 65, Steps: 29 | Train Loss: 0.0517232 Vali Loss: 0.0915960 Test Loss: 0.0463206
Validation loss decreased (0.092579 --> 0.091596).  Saving model ...
Updating learning rate to 4.992282121100496e-06
Epoch: 66 cost time: 1.2145113945007324
Epoch: 66, Steps: 29 | Train Loss: 0.0512121 Vali Loss: 0.0914103 Test Loss: 0.0455975
Validation loss decreased (0.091596 --> 0.091410).  Saving model ...
Updating learning rate to 4.767966926802067e-06
Epoch: 67 cost time: 1.208261251449585
Epoch: 67, Steps: 29 | Train Loss: 0.0508431 Vali Loss: 0.0900896 Test Loss: 0.0458218
Validation loss decreased (0.091410 --> 0.090090).  Saving model ...
Updating learning rate to 4.5441190565108235e-06
Epoch: 68 cost time: 1.2099089622497559
Epoch: 68, Steps: 29 | Train Loss: 0.0504105 Vali Loss: 0.0893894 Test Loss: 0.0455701
Validation loss decreased (0.090090 --> 0.089389).  Saving model ...
Updating learning rate to 4.3211893100472735e-06
Epoch: 69 cost time: 1.2107698917388916
Epoch: 69, Steps: 29 | Train Loss: 0.0499762 Vali Loss: 0.0890448 Test Loss: 0.0447731
Validation loss decreased (0.089389 --> 0.089045).  Saving model ...
Updating learning rate to 4.099626638252712e-06
Epoch: 70 cost time: 1.1973309516906738
Epoch: 70, Steps: 29 | Train Loss: 0.0496039 Vali Loss: 0.0876732 Test Loss: 0.0451221
Validation loss decreased (0.089045 --> 0.087673).  Saving model ...
Updating learning rate to 3.879877238861997e-06
Epoch: 71 cost time: 1.2147111892700195
Epoch: 71, Steps: 29 | Train Loss: 0.0491919 Vali Loss: 0.0875131 Test Loss: 0.0443381
Validation loss decreased (0.087673 --> 0.087513).  Saving model ...
Updating learning rate to 3.662383657920668e-06
Epoch: 72 cost time: 1.1998231410980225
Epoch: 72, Steps: 29 | Train Loss: 0.0487615 Vali Loss: 0.0869477 Test Loss: 0.0440110
Validation loss decreased (0.087513 --> 0.086948).  Saving model ...
Updating learning rate to 3.447583898556124e-06
Epoch: 73 cost time: 1.2157866954803467
Epoch: 73, Steps: 29 | Train Loss: 0.0483545 Vali Loss: 0.0863485 Test Loss: 0.0439053
Validation loss decreased (0.086948 --> 0.086349).  Saving model ...
Updating learning rate to 3.2359105388976132e-06
Epoch: 74 cost time: 1.2179324626922607
Epoch: 74, Steps: 29 | Train Loss: 0.0480007 Vali Loss: 0.0856794 Test Loss: 0.0434369
Validation loss decreased (0.086349 --> 0.085679).  Saving model ...
Updating learning rate to 3.027789860921434e-06
Epoch: 75 cost time: 1.201669692993164
Epoch: 75, Steps: 29 | Train Loss: 0.0476509 Vali Loss: 0.0848043 Test Loss: 0.0431501
Validation loss decreased (0.085679 --> 0.084804).  Saving model ...
Updating learning rate to 2.8236409919757893e-06
Epoch: 76 cost time: 1.1998865604400635
Epoch: 76, Steps: 29 | Train Loss: 0.0472426 Vali Loss: 0.0845817 Test Loss: 0.0426638
Validation loss decreased (0.084804 --> 0.084582).  Saving model ...
Updating learning rate to 2.6238750607140637e-06
Epoch: 77 cost time: 1.189920425415039
Epoch: 77, Steps: 29 | Train Loss: 0.0468543 Vali Loss: 0.0835195 Test Loss: 0.0425186
Validation loss decreased (0.084582 --> 0.083519).  Saving model ...
Updating learning rate to 2.4288943691364434e-06
Epoch: 78 cost time: 1.2090604305267334
Epoch: 78, Steps: 29 | Train Loss: 0.0465077 Vali Loss: 0.0829059 Test Loss: 0.0420777
Validation loss decreased (0.083519 --> 0.082906).  Saving model ...
Updating learning rate to 2.2390915824072217e-06
Epoch: 79 cost time: 1.202547311782837
Epoch: 79, Steps: 29 | Train Loss: 0.0460776 Vali Loss: 0.0825190 Test Loss: 0.0417995
Validation loss decreased (0.082906 --> 0.082519).  Saving model ...
Updating learning rate to 2.0548489380794217e-06
Epoch: 80 cost time: 1.1763839721679688
Epoch: 80, Steps: 29 | Train Loss: 0.0457677 Vali Loss: 0.0816378 Test Loss: 0.0415748
Validation loss decreased (0.082519 --> 0.081638).  Saving model ...
Updating learning rate to 1.876537476319218e-06
Epoch: 81 cost time: 1.1857686042785645
Epoch: 81, Steps: 29 | Train Loss: 0.0454385 Vali Loss: 0.0811869 Test Loss: 0.0415361
Validation loss decreased (0.081638 --> 0.081187).  Saving model ...
Updating learning rate to 1.7045162926804444e-06
Epoch: 82 cost time: 1.1807217597961426
Epoch: 82, Steps: 29 | Train Loss: 0.0454262 Vali Loss: 0.0814392 Test Loss: 0.0415549
EarlyStopping counter: 1 out of 10
Updating learning rate to 1.5391318149339123e-06
Epoch: 83 cost time: 1.193016767501831
Epoch: 83, Steps: 29 | Train Loss: 0.0454468 Vali Loss: 0.0813677 Test Loss: 0.0416723
EarlyStopping counter: 2 out of 10
Updating learning rate to 1.3807171054080036e-06
Epoch: 84 cost time: 1.184361457824707
Epoch: 84, Steps: 29 | Train Loss: 0.0453771 Vali Loss: 0.0813563 Test Loss: 0.0416281
EarlyStopping counter: 3 out of 10
Updating learning rate to 1.2295911902454577e-06
Epoch: 85 cost time: 1.1760249137878418
Epoch: 85, Steps: 29 | Train Loss: 0.0453576 Vali Loss: 0.0813049 Test Loss: 0.0415070
EarlyStopping counter: 4 out of 10
Updating learning rate to 1.0860584169271784e-06
Epoch: 86 cost time: 1.1772875785827637
Epoch: 86, Steps: 29 | Train Loss: 0.0453339 Vali Loss: 0.0813989 Test Loss: 0.0415553
EarlyStopping counter: 5 out of 10
Updating learning rate to 9.504078413569088e-07
Epoch: 87 cost time: 1.1789538860321045
Epoch: 87, Steps: 29 | Train Loss: 0.0453265 Vali Loss: 0.0813457 Test Loss: 0.0415483
EarlyStopping counter: 6 out of 10
Updating learning rate to 8.229126457411124e-07
Epoch: 88 cost time: 1.1784250736236572
Epoch: 88, Steps: 29 | Train Loss: 0.0453793 Vali Loss: 0.0812933 Test Loss: 0.0416265
EarlyStopping counter: 7 out of 10
Updating learning rate to 7.038295884363647e-07
Epoch: 89 cost time: 1.187042236328125
Epoch: 89, Steps: 29 | Train Loss: 0.0453838 Vali Loss: 0.0814125 Test Loss: 0.0415274
EarlyStopping counter: 8 out of 10
Updating learning rate to 5.933984868721898e-07
Epoch: 90 cost time: 1.177116870880127
Epoch: 90, Steps: 29 | Train Loss: 0.0453679 Vali Loss: 0.0813692 Test Loss: 0.0416130
EarlyStopping counter: 9 out of 10
Updating learning rate to 4.918417345906772e-07
Epoch: 91 cost time: 1.176079273223877
Epoch: 91, Steps: 29 | Train Loss: 0.0453762 Vali Loss: 0.0811287 Test Loss: 0.0416111
Validation loss decreased (0.081187 --> 0.081129).  Saving model ...
Updating learning rate to 3.9936385337548097e-07
Epoch: 92 cost time: 1.181973934173584
Epoch: 92, Steps: 29 | Train Loss: 0.0453429 Vali Loss: 0.0813960 Test Loss: 0.0415642
EarlyStopping counter: 1 out of 10
Updating learning rate to 3.161510813721721e-07
Epoch: 93 cost time: 1.1790194511413574
Epoch: 93, Steps: 29 | Train Loss: 0.0454042 Vali Loss: 0.0812462 Test Loss: 0.0415835
EarlyStopping counter: 2 out of 10
Updating learning rate to 2.4237099802938663e-07
Epoch: 94 cost time: 1.1890206336975098
Epoch: 94, Steps: 29 | Train Loss: 0.0453425 Vali Loss: 0.0814719 Test Loss: 0.0415694
EarlyStopping counter: 3 out of 10
Updating learning rate to 1.7817218661613333e-07
Epoch: 95 cost time: 1.1782548427581787
Epoch: 95, Steps: 29 | Train Loss: 0.0453802 Vali Loss: 0.0813704 Test Loss: 0.0415876
EarlyStopping counter: 4 out of 10
Updating learning rate to 1.236839349948492e-07
Epoch: 96 cost time: 1.1757559776306152
Epoch: 96, Steps: 29 | Train Loss: 0.0453280 Vali Loss: 0.0812225 Test Loss: 0.0416034
EarlyStopping counter: 5 out of 10
Updating learning rate to 7.90159752528609e-08
Epoch: 97 cost time: 1.1758317947387695
Epoch: 97, Steps: 29 | Train Loss: 0.0453734 Vali Loss: 0.0812801 Test Loss: 0.0416211
EarlyStopping counter: 6 out of 10
Updating learning rate to 4.425826271655888e-08
Epoch: 98 cost time: 1.1808257102966309
Epoch: 98, Steps: 29 | Train Loss: 0.0453859 Vali Loss: 0.0812593 Test Loss: 0.0416059
EarlyStopping counter: 7 out of 10
Updating learning rate to 1.948079479334324e-08
Epoch: 99 cost time: 1.181088924407959
Epoch: 99, Steps: 29 | Train Loss: 0.0453721 Vali Loss: 0.0813353 Test Loss: 0.0416147
EarlyStopping counter: 8 out of 10
Updating learning rate to 4.7334700061613195e-09
Epoch: 100 cost time: 1.179051160812378
Epoch: 100, Steps: 29 | Train Loss: 0.0453392 Vali Loss: 0.0813030 Test Loss: 0.0416157
EarlyStopping counter: 9 out of 10
Updating learning rate to 4.5987504521248976e-11
>>>>>>>testing : ETTh1_336_720_DTFNet_ETTh1_ftM_sl336_ll0_pl720_dm128_nh16_el2_br2_dl1_df256_fc1_ebtimeF_dtTrue_'Exp'_0_'rel_sin'_16_8_16,24_8,12_3_1_256<<<<<<<<<<<<<<<<<<<<<<<<<<<<<<<<<
test 2161
mse:0.4499441385269165, mae:0.46318820118904114, rse:0.6442646980285645
