Args in experiment:
Namespace(is_training=1, model_id='ETTh1_336_720', model='DTFNet', data='ETTh1', root_path='./dataset/', data_path='ETTh1.csv', features='M', target='OT', freq='h', checkpoints='./checkpoints/', seq_len=336, label_len=0, pred_len=720, n_branches=2, patch_len_ls='16,24', stride_ls='8,12', d_model_ls='128', n_heads_ls='16', rel_pe="'rel_sin'", res_attn=False, head_type='flatten', fc_dropout=0.3, head_dropout=0.1, patch_len=16, stride=8, padding_patch="'end'", revin=1, affine=0, subtract_last=0, decomposition=0, kernel_size=25, individual=0, store_attn=False, pre_norm=False, pe='zeros', no_learn_pe=True, embed_type=0, enc_in=7, dec_in=7, c_out=7, d_model=128, n_heads=16, e_layers=2, d_layers=1, d_ff=256, moving_avg=25, factor=1, distil=True, dropout=0.3, embed='timeF', activation='gelu', output_attention=False, do_predict=False, num_workers=0, itr=1, train_epochs=100, batch_size=256, patience=10, learning_rate=1e-05, des="'Exp'", loss='mse', lradj='TST', pct_start=0.3, use_amp=False, l2=0.0, warmup_steps=0, use_gpu=True, gpu=0, use_multi_gpu=False, devices='0', test_flop=False, use_mlflow=False, mlflow_project='exp', loss_flag=2, sub_patch_len=16, sub_stride=8, stride_ls_list='16', model_type='linear', tfactor=3, dilation_rates='1', wavelet_layers=2, wavelet_type='db5', wavelet_mode='periodization', wavelet_dim=64, initTLV=0.2)
Use GPU: cuda:0
>>>>>>>start training : ETTh1_336_720_DTFNet_ETTh1_ftM_sl336_ll0_pl720_dm128_nh16_el2_br2_dl1_df256_fc1_ebtimeF_dtTrue_'Exp'_0_'rel_sin'_16_8_16,24_8,12_3_1_256>>>>>>>>>>>>>>>>>>>>>>>>>>
train 7585
val 2161
test 2161
Epoch: 1 cost time: 1.5522308349609375
Epoch: 1, Steps: 29 | Train Loss: 0.1076737 Vali Loss: 0.1788642 Test Loss: 0.0997312
Validation loss decreased (inf --> 0.178864).  Saving model ...
Updating learning rate to 4.2635539919063106e-07
Epoch: 2 cost time: 1.1829297542572021
Epoch: 2, Steps: 29 | Train Loss: 0.1067316 Vali Loss: 0.1771232 Test Loss: 0.0988866
Validation loss decreased (0.178864 --> 0.177123).  Saving model ...
Updating learning rate to 5.051321771514831e-07
Epoch: 3 cost time: 1.1818442344665527
Epoch: 3, Steps: 29 | Train Loss: 0.1058654 Vali Loss: 0.1757517 Test Loss: 0.0979843
Validation loss decreased (0.177123 --> 0.175752).  Saving model ...
Updating learning rate to 6.354652532866785e-07
Epoch: 4 cost time: 1.1790316104888916
Epoch: 4, Steps: 29 | Train Loss: 0.1049786 Vali Loss: 0.1740283 Test Loss: 0.0970203
Validation loss decreased (0.175752 --> 0.174028).  Saving model ...
Updating learning rate to 8.159233858256806e-07
Epoch: 5 cost time: 1.1810014247894287
Epoch: 5, Steps: 29 | Train Loss: 0.1039909 Vali Loss: 0.1723956 Test Loss: 0.0959814
Validation loss decreased (0.174028 --> 0.172396).  Saving model ...
Updating learning rate to 1.0445248888850473e-06
Epoch: 6 cost time: 1.1786696910858154
Epoch: 6, Steps: 29 | Train Loss: 0.1029921 Vali Loss: 0.1703846 Test Loss: 0.0948100
Validation loss decreased (0.172396 --> 0.170385).  Saving model ...
Updating learning rate to 1.3187593941861497e-06
Epoch: 7 cost time: 1.179394006729126
Epoch: 7, Steps: 29 | Train Loss: 0.1019030 Vali Loss: 0.1682622 Test Loss: 0.0934657
Validation loss decreased (0.170385 --> 0.168262).  Saving model ...
Updating learning rate to 1.6356154184543822e-06
Epoch: 8 cost time: 1.1790170669555664
Epoch: 8, Steps: 29 | Train Loss: 0.1007117 Vali Loss: 0.1656887 Test Loss: 0.0918462
Validation loss decreased (0.168262 --> 0.165689).  Saving model ...
Updating learning rate to 1.9916134337707666e-06
Epoch: 9 cost time: 1.1707756519317627
Epoch: 9, Steps: 29 | Train Loss: 0.0992894 Vali Loss: 0.1629346 Test Loss: 0.0897996
Validation loss decreased (0.165689 --> 0.162935).  Saving model ...
Updating learning rate to 2.3828440777166636e-06
Epoch: 10 cost time: 1.181959867477417
Epoch: 10, Steps: 29 | Train Loss: 0.0975021 Vali Loss: 0.1587001 Test Loss: 0.0870105
Validation loss decreased (0.162935 --> 0.158700).  Saving model ...
Updating learning rate to 2.805011083710071e-06
Epoch: 11 cost time: 1.1801033020019531
Epoch: 11, Steps: 29 | Train Loss: 0.0953489 Vali Loss: 0.1535585 Test Loss: 0.0831225
Validation loss decreased (0.158700 --> 0.153558).  Saving model ...
Updating learning rate to 3.2534784600976295e-06
Epoch: 12 cost time: 1.1790831089019775
Epoch: 12, Steps: 29 | Train Loss: 0.0926263 Vali Loss: 0.1473837 Test Loss: 0.0784424
Validation loss decreased (0.153558 --> 0.147384).  Saving model ...
Updating learning rate to 3.723321399909056e-06
Epoch: 13 cost time: 1.1790339946746826
Epoch: 13, Steps: 29 | Train Loss: 0.0900400 Vali Loss: 0.1424625 Test Loss: 0.0752307
Validation loss decreased (0.147384 --> 0.142462).  Saving model ...
Updating learning rate to 4.209380362212844e-06
Epoch: 14 cost time: 1.1809403896331787
Epoch: 14, Steps: 29 | Train Loss: 0.0881340 Vali Loss: 0.1392864 Test Loss: 0.0732565
Validation loss decreased (0.142462 --> 0.139286).  Saving model ...
Updating learning rate to 4.706317731183279e-06
Epoch: 15 cost time: 1.1837780475616455
Epoch: 15, Steps: 29 | Train Loss: 0.0863530 Vali Loss: 0.1359928 Test Loss: 0.0713568
Validation loss decreased (0.139286 --> 0.135993).  Saving model ...
Updating learning rate to 5.208676430682048e-06
Epoch: 16 cost time: 1.178534984588623
Epoch: 16, Steps: 29 | Train Loss: 0.0846408 Vali Loss: 0.1335217 Test Loss: 0.0691511
Validation loss decreased (0.135993 --> 0.133522).  Saving model ...
Updating learning rate to 5.710939850683244e-06
Epoch: 17 cost time: 1.1744084358215332
Epoch: 17, Steps: 29 | Train Loss: 0.0830474 Vali Loss: 0.1317949 Test Loss: 0.0672897
Validation loss decreased (0.133522 --> 0.131795).  Saving model ...
Updating learning rate to 6.207592427464792e-06
Epoch: 18 cost time: 1.1765198707580566
Epoch: 18, Steps: 29 | Train Loss: 0.0816082 Vali Loss: 0.1301072 Test Loss: 0.0660162
Validation loss decreased (0.131795 --> 0.130107).  Saving model ...
Updating learning rate to 6.693180212309968e-06
Epoch: 19 cost time: 1.1721363067626953
Epoch: 19, Steps: 29 | Train Loss: 0.0804536 Vali Loss: 0.1292278 Test Loss: 0.0647151
Validation loss decreased (0.130107 --> 0.129228).  Saving model ...
Updating learning rate to 7.1623707635889015e-06
Epoch: 20 cost time: 1.1776580810546875
Epoch: 20, Steps: 29 | Train Loss: 0.0795032 Vali Loss: 0.1276822 Test Loss: 0.0642589
Validation loss decreased (0.129228 --> 0.127682).  Saving model ...
Updating learning rate to 7.610011704520164e-06
Epoch: 21 cost time: 1.1786317825317383
Epoch: 21, Steps: 29 | Train Loss: 0.0787021 Vali Loss: 0.1268317 Test Loss: 0.0630032
Validation loss decreased (0.127682 --> 0.126832).  Saving model ...
Updating learning rate to 8.031187303565295e-06
Epoch: 22 cost time: 1.1801304817199707
Epoch: 22, Steps: 29 | Train Loss: 0.0778001 Vali Loss: 0.1259267 Test Loss: 0.0623059
Validation loss decreased (0.126832 --> 0.125927).  Saving model ...
Updating learning rate to 8.421272456123378e-06
Epoch: 23 cost time: 1.1807270050048828
Epoch: 23, Steps: 29 | Train Loss: 0.0768814 Vali Loss: 0.1252058 Test Loss: 0.0611754
Validation loss decreased (0.125927 --> 0.125206).  Saving model ...
Updating learning rate to 8.775983474730246e-06
Epoch: 24 cost time: 1.186450481414795
Epoch: 24, Steps: 29 | Train Loss: 0.0761162 Vali Loss: 0.1242859 Test Loss: 0.0606052
Validation loss decreased (0.125206 --> 0.124286).  Saving model ...
Updating learning rate to 9.091425130013939e-06
Epoch: 25 cost time: 1.1848058700561523
Epoch: 25, Steps: 29 | Train Loss: 0.0753521 Vali Loss: 0.1232261 Test Loss: 0.0597445
Validation loss decreased (0.124286 --> 0.123226).  Saving model ...
Updating learning rate to 9.364133425830145e-06
Epoch: 26 cost time: 1.1819493770599365
Epoch: 26, Steps: 29 | Train Loss: 0.0746152 Vali Loss: 0.1220801 Test Loss: 0.0594375
Validation loss decreased (0.123226 --> 0.122080).  Saving model ...
Updating learning rate to 9.591113638846019e-06
Epoch: 27 cost time: 1.1802880764007568
Epoch: 27, Steps: 29 | Train Loss: 0.0738392 Vali Loss: 0.1213214 Test Loss: 0.0587553
Validation loss decreased (0.122080 --> 0.121321).  Saving model ...
Updating learning rate to 9.769873204843885e-06
Epoch: 28 cost time: 1.1817758083343506
Epoch: 28, Steps: 29 | Train Loss: 0.0730805 Vali Loss: 0.1204332 Test Loss: 0.0580725
Validation loss decreased (0.121321 --> 0.120433).  Saving model ...
Updating learning rate to 9.898449090606656e-06
Epoch: 29 cost time: 1.182995080947876
Epoch: 29, Steps: 29 | Train Loss: 0.0723528 Vali Loss: 0.1199905 Test Loss: 0.0573006
Validation loss decreased (0.120433 --> 0.119990).  Saving model ...
Updating learning rate to 9.975429350802846e-06
Epoch: 30 cost time: 1.1878859996795654
Epoch: 30, Steps: 29 | Train Loss: 0.0715843 Vali Loss: 0.1188591 Test Loss: 0.0569443
Validation loss decreased (0.119990 --> 0.118859).  Saving model ...
Updating learning rate to 9.99999401249548e-06
Epoch: 31 cost time: 1.1805446147918701
Epoch: 31, Steps: 29 | Train Loss: 0.0709143 Vali Loss: 0.1182002 Test Loss: 0.0565604
Validation loss decreased (0.118859 --> 0.118200).  Saving model ...
Updating learning rate to 9.994612212745642e-06
Epoch: 32 cost time: 1.1798901557922363
Epoch: 32, Steps: 29 | Train Loss: 0.0701694 Vali Loss: 0.1172545 Test Loss: 0.0559224
Validation loss decreased (0.118200 --> 0.117255).  Saving model ...
Updating learning rate to 9.979171968972798e-06
Epoch: 33 cost time: 1.1795918941497803
Epoch: 33, Steps: 29 | Train Loss: 0.0694784 Vali Loss: 0.1169780 Test Loss: 0.0556687
Validation loss decreased (0.117255 --> 0.116978).  Saving model ...
Updating learning rate to 9.953704375773079e-06
Epoch: 34 cost time: 1.1812732219696045
Epoch: 34, Steps: 29 | Train Loss: 0.0688190 Vali Loss: 0.1161310 Test Loss: 0.0549206
Validation loss decreased (0.116978 --> 0.116131).  Saving model ...
Updating learning rate to 9.918260721489893e-06
Epoch: 35 cost time: 1.1758873462677002
Epoch: 35, Steps: 29 | Train Loss: 0.0681207 Vali Loss: 0.1144440 Test Loss: 0.0549676
Validation loss decreased (0.116131 --> 0.114444).  Saving model ...
Updating learning rate to 9.872912384926035e-06
Epoch: 36 cost time: 1.1775844097137451
Epoch: 36, Steps: 29 | Train Loss: 0.0674543 Vali Loss: 0.1144674 Test Loss: 0.0541288
EarlyStopping counter: 1 out of 10
Updating learning rate to 9.817750691596265e-06
Epoch: 37 cost time: 1.1694953441619873
Epoch: 37, Steps: 29 | Train Loss: 0.0668228 Vali Loss: 0.1139609 Test Loss: 0.0539464
Validation loss decreased (0.114444 --> 0.113961).  Saving model ...
Updating learning rate to 9.752886729809889e-06
Epoch: 38 cost time: 1.183372974395752
Epoch: 38, Steps: 29 | Train Loss: 0.0661628 Vali Loss: 0.1135779 Test Loss: 0.0531271
Validation loss decreased (0.113961 --> 0.113578).  Saving model ...
Updating learning rate to 9.678451126953676e-06
Epoch: 39 cost time: 1.1803131103515625
Epoch: 39, Steps: 29 | Train Loss: 0.0655897 Vali Loss: 0.1120935 Test Loss: 0.0532854
Validation loss decreased (0.113578 --> 0.112093).  Saving model ...
Updating learning rate to 9.594593786425696e-06
Epoch: 40 cost time: 1.1758062839508057
Epoch: 40, Steps: 29 | Train Loss: 0.0648624 Vali Loss: 0.1125787 Test Loss: 0.0522117
EarlyStopping counter: 1 out of 10
Updating learning rate to 9.501483585749811e-06
Epoch: 41 cost time: 1.1754724979400635
Epoch: 41, Steps: 29 | Train Loss: 0.0642545 Vali Loss: 0.1115724 Test Loss: 0.0519616
Validation loss decreased (0.112093 --> 0.111572).  Saving model ...
Updating learning rate to 9.399308036478838e-06
Epoch: 42 cost time: 1.1850814819335938
Epoch: 42, Steps: 29 | Train Loss: 0.0636125 Vali Loss: 0.1108490 Test Loss: 0.0515849
Validation loss decreased (0.111572 --> 0.110849).  Saving model ...
Updating learning rate to 9.288272906571216e-06
Epoch: 43 cost time: 1.1847255229949951
Epoch: 43, Steps: 29 | Train Loss: 0.0629690 Vali Loss: 0.1096953 Test Loss: 0.0513997
Validation loss decreased (0.110849 --> 0.109695).  Saving model ...
Updating learning rate to 9.16860180600173e-06
Epoch: 44 cost time: 1.178809404373169
Epoch: 44, Steps: 29 | Train Loss: 0.0623728 Vali Loss: 0.1093262 Test Loss: 0.0508433
Validation loss decreased (0.109695 --> 0.109326).  Saving model ...
Updating learning rate to 9.040535736440785e-06
Epoch: 45 cost time: 1.1782984733581543
Epoch: 45, Steps: 29 | Train Loss: 0.0618297 Vali Loss: 0.1089631 Test Loss: 0.0506078
Validation loss decreased (0.109326 --> 0.108963).  Saving model ...
Updating learning rate to 8.904332605909106e-06
Epoch: 46 cost time: 1.183227300643921
Epoch: 46, Steps: 29 | Train Loss: 0.0612067 Vali Loss: 0.1086521 Test Loss: 0.0500095
Validation loss decreased (0.108963 --> 0.108652).  Saving model ...
Updating learning rate to 8.760266709385311e-06
Epoch: 47 cost time: 1.1765382289886475
Epoch: 47, Steps: 29 | Train Loss: 0.0606433 Vali Loss: 0.1074396 Test Loss: 0.0497991
Validation loss decreased (0.108652 --> 0.107440).  Saving model ...
Updating learning rate to 8.608628176412335e-06
Epoch: 48 cost time: 1.1765174865722656
Epoch: 48, Steps: 29 | Train Loss: 0.0601262 Vali Loss: 0.1064283 Test Loss: 0.0495613
Validation loss decreased (0.107440 --> 0.106428).  Saving model ...
Updating learning rate to 8.449722386815127e-06
Epoch: 49 cost time: 1.1837081909179688
Epoch: 49, Steps: 29 | Train Loss: 0.0594775 Vali Loss: 0.1051716 Test Loss: 0.0493178
Validation loss decreased (0.106428 --> 0.105172).  Saving model ...
Updating learning rate to 8.28386935570634e-06
Epoch: 50 cost time: 1.1778948307037354
Epoch: 50, Steps: 29 | Train Loss: 0.0590078 Vali Loss: 0.1054519 Test Loss: 0.0487858
EarlyStopping counter: 1 out of 10
Updating learning rate to 8.111403089018465e-06
Epoch: 51 cost time: 1.1750481128692627
Epoch: 51, Steps: 29 | Train Loss: 0.0584270 Vali Loss: 0.1038577 Test Loss: 0.0485871
Validation loss decreased (0.105172 --> 0.103858).  Saving model ...
Updating learning rate to 7.93267091086035e-06
Epoch: 52 cost time: 1.183459758758545
Epoch: 52, Steps: 29 | Train Loss: 0.0579073 Vali Loss: 0.1027168 Test Loss: 0.0486797
Validation loss decreased (0.103858 --> 0.102717).  Saving model ...
Updating learning rate to 7.748032764052655e-06
Epoch: 53 cost time: 1.181624174118042
Epoch: 53, Steps: 29 | Train Loss: 0.0573587 Vali Loss: 0.1026799 Test Loss: 0.0478631
Validation loss decreased (0.102717 --> 0.102680).  Saving model ...
Updating learning rate to 7.557860485250925e-06
Epoch: 54 cost time: 1.1789073944091797
Epoch: 54, Steps: 29 | Train Loss: 0.0567845 Vali Loss: 0.1022590 Test Loss: 0.0474675
Validation loss decreased (0.102680 --> 0.102259).  Saving model ...
Updating learning rate to 7.362537056116034e-06
Epoch: 55 cost time: 1.179389476776123
Epoch: 55, Steps: 29 | Train Loss: 0.0562921 Vali Loss: 0.1013195 Test Loss: 0.0470788
Validation loss decreased (0.102259 --> 0.101319).  Saving model ...
Updating learning rate to 7.162455832040107e-06
Epoch: 56 cost time: 1.175720453262329
Epoch: 56, Steps: 29 | Train Loss: 0.0558613 Vali Loss: 0.1009523 Test Loss: 0.0467879
Validation loss decreased (0.101319 --> 0.100952).  Saving model ...
Updating learning rate to 6.9580197499810984e-06
Epoch: 57 cost time: 1.1750588417053223
Epoch: 57, Steps: 29 | Train Loss: 0.0553454 Vali Loss: 0.0991669 Test Loss: 0.0467304
Validation loss decreased (0.100952 --> 0.099167).  Saving model ...
Updating learning rate to 6.7496405170013816e-06
Epoch: 58 cost time: 1.183908224105835
Epoch: 58, Steps: 29 | Train Loss: 0.0548055 Vali Loss: 0.0994116 Test Loss: 0.0461147
EarlyStopping counter: 1 out of 10
Updating learning rate to 6.537737781144523e-06
Epoch: 59 cost time: 1.1800568103790283
Epoch: 59, Steps: 29 | Train Loss: 0.0543864 Vali Loss: 0.0982922 Test Loss: 0.0458654
Validation loss decreased (0.099167 --> 0.098292).  Saving model ...
Updating learning rate to 6.322738286319964e-06
Epoch: 60 cost time: 1.1774322986602783
Epoch: 60, Steps: 29 | Train Loss: 0.0538998 Vali Loss: 0.0982061 Test Loss: 0.0453899
Validation loss decreased (0.098292 --> 0.098206).  Saving model ...
Updating learning rate to 6.105075012897585e-06
Epoch: 61 cost time: 1.1824955940246582
Epoch: 61, Steps: 29 | Train Loss: 0.0533768 Vali Loss: 0.0973906 Test Loss: 0.0451023
Validation loss decreased (0.098206 --> 0.097391).  Saving model ...
Updating learning rate to 5.885186305742857e-06
Epoch: 62 cost time: 1.1815879344940186
Epoch: 62, Steps: 29 | Train Loss: 0.0529861 Vali Loss: 0.0962342 Test Loss: 0.0448451
Validation loss decreased (0.097391 --> 0.096234).  Saving model ...
Updating learning rate to 5.6635149914486225e-06
Epoch: 63 cost time: 1.1668167114257812
Epoch: 63, Steps: 29 | Train Loss: 0.0525168 Vali Loss: 0.0951119 Test Loss: 0.0446685
Validation loss decreased (0.096234 --> 0.095112).  Saving model ...
Updating learning rate to 5.440507486541268e-06
Epoch: 64 cost time: 1.1728568077087402
Epoch: 64, Steps: 29 | Train Loss: 0.0520759 Vali Loss: 0.0946185 Test Loss: 0.0443499
Validation loss decreased (0.095112 --> 0.094618).  Saving model ...
Updating learning rate to 5.216612898457253e-06
Epoch: 65 cost time: 1.1797151565551758
Epoch: 65, Steps: 29 | Train Loss: 0.0515936 Vali Loss: 0.0930462 Test Loss: 0.0442535
Validation loss decreased (0.094618 --> 0.093046).  Saving model ...
Updating learning rate to 4.992282121100496e-06
Epoch: 66 cost time: 1.173454999923706
Epoch: 66, Steps: 29 | Train Loss: 0.0511833 Vali Loss: 0.0926815 Test Loss: 0.0437694
Validation loss decreased (0.093046 --> 0.092682).  Saving model ...
Updating learning rate to 4.767966926802067e-06
Epoch: 67 cost time: 1.1776931285858154
Epoch: 67, Steps: 29 | Train Loss: 0.0507685 Vali Loss: 0.0927027 Test Loss: 0.0433236
EarlyStopping counter: 1 out of 10
Updating learning rate to 4.5441190565108235e-06
Epoch: 68 cost time: 1.189913272857666
Epoch: 68, Steps: 29 | Train Loss: 0.0503336 Vali Loss: 0.0915529 Test Loss: 0.0431430
Validation loss decreased (0.092682 --> 0.091553).  Saving model ...
Updating learning rate to 4.3211893100472735e-06
Epoch: 69 cost time: 1.1901655197143555
Epoch: 69, Steps: 29 | Train Loss: 0.0499164 Vali Loss: 0.0908419 Test Loss: 0.0427519
Validation loss decreased (0.091553 --> 0.090842).  Saving model ...
Updating learning rate to 4.099626638252712e-06
Epoch: 70 cost time: 1.1845440864562988
Epoch: 70, Steps: 29 | Train Loss: 0.0494839 Vali Loss: 0.0904827 Test Loss: 0.0424666
Validation loss decreased (0.090842 --> 0.090483).  Saving model ...
Updating learning rate to 3.879877238861997e-06
Epoch: 71 cost time: 1.1787965297698975
Epoch: 71, Steps: 29 | Train Loss: 0.0490762 Vali Loss: 0.0890976 Test Loss: 0.0422926
Validation loss decreased (0.090483 --> 0.089098).  Saving model ...
Updating learning rate to 3.662383657920668e-06
Epoch: 72 cost time: 1.1770315170288086
Epoch: 72, Steps: 29 | Train Loss: 0.0486637 Vali Loss: 0.0886216 Test Loss: 0.0418929
Validation loss decreased (0.089098 --> 0.088622).  Saving model ...
Updating learning rate to 3.447583898556124e-06
Epoch: 73 cost time: 1.17830491065979
Epoch: 73, Steps: 29 | Train Loss: 0.0482838 Vali Loss: 0.0885345 Test Loss: 0.0415463
Validation loss decreased (0.088622 --> 0.088535).  Saving model ...
Updating learning rate to 3.2359105388976132e-06
Epoch: 74 cost time: 1.1800715923309326
Epoch: 74, Steps: 29 | Train Loss: 0.0478935 Vali Loss: 0.0875513 Test Loss: 0.0413063
Validation loss decreased (0.088535 --> 0.087551).  Saving model ...
Updating learning rate to 3.027789860921434e-06
Epoch: 75 cost time: 1.189420223236084
Epoch: 75, Steps: 29 | Train Loss: 0.0475124 Vali Loss: 0.0868612 Test Loss: 0.0410235
Validation loss decreased (0.087551 --> 0.086861).  Saving model ...
Updating learning rate to 2.8236409919757893e-06
Epoch: 76 cost time: 1.186047077178955
Epoch: 76, Steps: 29 | Train Loss: 0.0471750 Vali Loss: 0.0867748 Test Loss: 0.0405969
Validation loss decreased (0.086861 --> 0.086775).  Saving model ...
Updating learning rate to 2.6238750607140637e-06
Epoch: 77 cost time: 1.1889784336090088
Epoch: 77, Steps: 29 | Train Loss: 0.0467328 Vali Loss: 0.0859385 Test Loss: 0.0403415
Validation loss decreased (0.086775 --> 0.085939).  Saving model ...
Updating learning rate to 2.4288943691364434e-06
Epoch: 78 cost time: 1.1855511665344238
Epoch: 78, Steps: 29 | Train Loss: 0.0463963 Vali Loss: 0.0845768 Test Loss: 0.0401326
Validation loss decreased (0.085939 --> 0.084577).  Saving model ...
Updating learning rate to 2.2390915824072217e-06
Epoch: 79 cost time: 1.1921982765197754
Epoch: 79, Steps: 29 | Train Loss: 0.0460187 Vali Loss: 0.0843414 Test Loss: 0.0397662
Validation loss decreased (0.084577 --> 0.084341).  Saving model ...
Updating learning rate to 2.0548489380794217e-06
Epoch: 80 cost time: 1.1843161582946777
Epoch: 80, Steps: 29 | Train Loss: 0.0456808 Vali Loss: 0.0835796 Test Loss: 0.0395008
Validation loss decreased (0.084341 --> 0.083580).  Saving model ...
Updating learning rate to 1.876537476319218e-06
Epoch: 81 cost time: 1.1781952381134033
Epoch: 81, Steps: 29 | Train Loss: 0.0453257 Vali Loss: 0.0832236 Test Loss: 0.0395274
Validation loss decreased (0.083580 --> 0.083224).  Saving model ...
Updating learning rate to 1.7045162926804444e-06
Epoch: 82 cost time: 1.1821978092193604
Epoch: 82, Steps: 29 | Train Loss: 0.0453305 Vali Loss: 0.0831854 Test Loss: 0.0394937
Validation loss decreased (0.083224 --> 0.083185).  Saving model ...
Updating learning rate to 1.5391318149339123e-06
Epoch: 83 cost time: 1.184849500656128
Epoch: 83, Steps: 29 | Train Loss: 0.0453251 Vali Loss: 0.0835646 Test Loss: 0.0394000
EarlyStopping counter: 1 out of 10
Updating learning rate to 1.3807171054080036e-06
Epoch: 84 cost time: 1.180919885635376
Epoch: 84, Steps: 29 | Train Loss: 0.0453154 Vali Loss: 0.0832760 Test Loss: 0.0394585
EarlyStopping counter: 2 out of 10
Updating learning rate to 1.2295911902454577e-06
Epoch: 85 cost time: 1.1831228733062744
Epoch: 85, Steps: 29 | Train Loss: 0.0453114 Vali Loss: 0.0833750 Test Loss: 0.0394402
EarlyStopping counter: 3 out of 10
Updating learning rate to 1.0860584169271784e-06
Epoch: 86 cost time: 1.1887500286102295
Epoch: 86, Steps: 29 | Train Loss: 0.0452874 Vali Loss: 0.0835139 Test Loss: 0.0394463
EarlyStopping counter: 4 out of 10
Updating learning rate to 9.504078413569088e-07
Epoch: 87 cost time: 1.1837399005889893
Epoch: 87, Steps: 29 | Train Loss: 0.0453101 Vali Loss: 0.0833069 Test Loss: 0.0394920
EarlyStopping counter: 5 out of 10
Updating learning rate to 8.229126457411124e-07
Epoch: 88 cost time: 1.1812527179718018
Epoch: 88, Steps: 29 | Train Loss: 0.0452627 Vali Loss: 0.0833030 Test Loss: 0.0394971
EarlyStopping counter: 6 out of 10
Updating learning rate to 7.038295884363647e-07
Epoch: 89 cost time: 1.177541732788086
Epoch: 89, Steps: 29 | Train Loss: 0.0452951 Vali Loss: 0.0834584 Test Loss: 0.0394910
EarlyStopping counter: 7 out of 10
Updating learning rate to 5.933984868721898e-07
Epoch: 90 cost time: 1.1778695583343506
Epoch: 90, Steps: 29 | Train Loss: 0.0452470 Vali Loss: 0.0835650 Test Loss: 0.0394774
EarlyStopping counter: 8 out of 10
Updating learning rate to 4.918417345906772e-07
Epoch: 91 cost time: 1.1795547008514404
Epoch: 91, Steps: 29 | Train Loss: 0.0452159 Vali Loss: 0.0835978 Test Loss: 0.0394710
EarlyStopping counter: 9 out of 10
Updating learning rate to 3.9936385337548097e-07
Epoch: 92 cost time: 1.1757664680480957
Epoch: 92, Steps: 29 | Train Loss: 0.0452632 Vali Loss: 0.0833067 Test Loss: 0.0394942
EarlyStopping counter: 10 out of 10
Early stopping
>>>>>>>testing : ETTh1_336_720_DTFNet_ETTh1_ftM_sl336_ll0_pl720_dm128_nh16_el2_br2_dl1_df256_fc1_ebtimeF_dtTrue_'Exp'_0_'rel_sin'_16_8_16,24_8,12_3_1_256<<<<<<<<<<<<<<<<<<<<<<<<<<<<<<<<<
test 2161
mse:0.41541680693626404, mae:0.4417717754840851, rse:0.619051992893219
