Args in experiment:
Namespace(random_seed=2023, is_training=1, model_id='ETTh1_336_720', model='DTFNet', data='ETTh1', root_path='./dataset/', data_path='ETTh1.csv', features='M', target='OT', freq='h', checkpoints='./checkpoints/', seq_len=336, label_len=0, pred_len=720, n_branches=2, patch_len_ls='16,24', stride_ls='8,12', d_model_ls='128', n_heads_ls='16', rel_pe="'rel_sin'", res_attn=False, head_type='flatten', fc_dropout=0.3, head_dropout=0.1, patch_len=16, stride=8, padding_patch="'end'", revin=1, affine=0, subtract_last=0, decomposition=0, kernel_size=25, individual=0, store_attn=False, pre_norm=False, pe='zeros', no_learn_pe=True, embed_type=0, enc_in=7, dec_in=7, c_out=7, d_model=128, n_heads=16, e_layers=2, d_layers=1, d_ff=256, moving_avg=25, factor=1, distil=True, dropout=0.3, embed='timeF', activation='gelu', output_attention=False, do_predict=False, num_workers=0, itr=1, train_epochs=100, batch_size=256, patience=10, learning_rate=1e-05, des="'Exp'", loss='mse', lradj='TST', pct_start=0.3, use_amp=False, l2=0.0, warmup_steps=0, use_gpu=True, gpu=0, use_multi_gpu=False, devices='0', test_flop=False, use_mlflow=False, mlflow_project='exp', loss_flag=2, sub_patch_len=16, sub_stride=8, stride_ls_list='16', model_type='linear', tfactor=3, dilation_rates='1', wavelet_layers=2, wavelet_type='db5', wavelet_mode='periodization', wavelet_dim=64, initTLV=0.2)
Use GPU: cuda:0
>>>>>>>start training : ETTh1_336_720_DTFNet_ETTh1_ftM_sl336_ll0_pl720_dm128_nh16_el2_br2_dl1_df256_fc1_ebtimeF_dtTrue_'Exp'_0_'rel_sin'_16_8_16,24_8,12_3_1_256>>>>>>>>>>>>>>>>>>>>>>>>>>
train 7585
val 2161
test 2161
Epoch: 1 cost time: 4.533591270446777
Epoch: 1, Steps: 29 | Train Loss: 0.1076001 Vali Loss: 0.1787068 Test Loss: 0.0997127
Validation loss decreased (inf --> 0.178707).  Saving model ...
Updating learning rate to 4.2635539919063106e-07
Epoch: 2 cost time: 4.07891058921814
Epoch: 2, Steps: 29 | Train Loss: 0.1066441 Vali Loss: 0.1774846 Test Loss: 0.0988613
Validation loss decreased (0.178707 --> 0.177485).  Saving model ...
Updating learning rate to 5.051321771514831e-07
Epoch: 3 cost time: 3.7311952114105225
Epoch: 3, Steps: 29 | Train Loss: 0.1058346 Vali Loss: 0.1755954 Test Loss: 0.0979465
Validation loss decreased (0.177485 --> 0.175595).  Saving model ...
Updating learning rate to 6.354652532866785e-07
Epoch: 4 cost time: 3.3638076782226562
Epoch: 4, Steps: 29 | Train Loss: 0.1049119 Vali Loss: 0.1737669 Test Loss: 0.0969663
Validation loss decreased (0.175595 --> 0.173767).  Saving model ...
Updating learning rate to 8.159233858256806e-07
Epoch: 5 cost time: 3.3082942962646484
Epoch: 5, Steps: 29 | Train Loss: 0.1039304 Vali Loss: 0.1724926 Test Loss: 0.0958964
Validation loss decreased (0.173767 --> 0.172493).  Saving model ...
Updating learning rate to 1.0445248888850473e-06
Epoch: 6 cost time: 3.2905750274658203
Epoch: 6, Steps: 29 | Train Loss: 0.1029743 Vali Loss: 0.1704343 Test Loss: 0.0946933
Validation loss decreased (0.172493 --> 0.170434).  Saving model ...
Updating learning rate to 1.3187593941861497e-06
Epoch: 7 cost time: 3.282820463180542
Epoch: 7, Steps: 29 | Train Loss: 0.1018205 Vali Loss: 0.1680252 Test Loss: 0.0932997
Validation loss decreased (0.170434 --> 0.168025).  Saving model ...
Updating learning rate to 1.6356154184543822e-06
Epoch: 8 cost time: 3.2858612537384033
Epoch: 8, Steps: 29 | Train Loss: 0.1005641 Vali Loss: 0.1653239 Test Loss: 0.0916148
Validation loss decreased (0.168025 --> 0.165324).  Saving model ...
Updating learning rate to 1.9916134337707666e-06
Epoch: 9 cost time: 3.277630567550659
Epoch: 9, Steps: 29 | Train Loss: 0.0990555 Vali Loss: 0.1624009 Test Loss: 0.0894349
Validation loss decreased (0.165324 --> 0.162401).  Saving model ...
Updating learning rate to 2.3828440777166636e-06
Epoch: 10 cost time: 3.281609296798706
Epoch: 10, Steps: 29 | Train Loss: 0.0973184 Vali Loss: 0.1580231 Test Loss: 0.0864286
Validation loss decreased (0.162401 --> 0.158023).  Saving model ...
Updating learning rate to 2.805011083710071e-06
Epoch: 11 cost time: 3.27864146232605
Epoch: 11, Steps: 29 | Train Loss: 0.0949862 Vali Loss: 0.1528259 Test Loss: 0.0823929
Validation loss decreased (0.158023 --> 0.152826).  Saving model ...
Updating learning rate to 3.2534784600976295e-06
Epoch: 12 cost time: 3.27563214302063
Epoch: 12, Steps: 29 | Train Loss: 0.0923867 Vali Loss: 0.1469455 Test Loss: 0.0779539
Validation loss decreased (0.152826 --> 0.146945).  Saving model ...
Updating learning rate to 3.723321399909056e-06
Epoch: 13 cost time: 3.278420925140381
Epoch: 13, Steps: 29 | Train Loss: 0.0899320 Vali Loss: 0.1425080 Test Loss: 0.0749949
Validation loss decreased (0.146945 --> 0.142508).  Saving model ...
Updating learning rate to 4.209380362212844e-06
Epoch: 14 cost time: 3.2808332443237305
Epoch: 14, Steps: 29 | Train Loss: 0.0880175 Vali Loss: 0.1388598 Test Loss: 0.0731170
Validation loss decreased (0.142508 --> 0.138860).  Saving model ...
Updating learning rate to 4.706317731183279e-06
Epoch: 15 cost time: 3.2867748737335205
Epoch: 15, Steps: 29 | Train Loss: 0.0862503 Vali Loss: 0.1361527 Test Loss: 0.0710928
Validation loss decreased (0.138860 --> 0.136153).  Saving model ...
Updating learning rate to 5.208676430682048e-06
Epoch: 16 cost time: 3.2955243587493896
Epoch: 16, Steps: 29 | Train Loss: 0.0845649 Vali Loss: 0.1335554 Test Loss: 0.0689057
Validation loss decreased (0.136153 --> 0.133555).  Saving model ...
Updating learning rate to 5.710939850683244e-06
Epoch: 17 cost time: 3.300567865371704
Epoch: 17, Steps: 29 | Train Loss: 0.0830126 Vali Loss: 0.1319419 Test Loss: 0.0667202
Validation loss decreased (0.133555 --> 0.131942).  Saving model ...
Updating learning rate to 6.207592427464792e-06
Epoch: 18 cost time: 3.3227195739746094
Epoch: 18, Steps: 29 | Train Loss: 0.0816773 Vali Loss: 0.1301377 Test Loss: 0.0659050
Validation loss decreased (0.131942 --> 0.130138).  Saving model ...
Updating learning rate to 6.693180212309968e-06
Epoch: 19 cost time: 3.3232760429382324
Epoch: 19, Steps: 29 | Train Loss: 0.0805727 Vali Loss: 0.1288218 Test Loss: 0.0649765
Validation loss decreased (0.130138 --> 0.128822).  Saving model ...
Updating learning rate to 7.1623707635889015e-06
Epoch: 20 cost time: 3.4521665573120117
Epoch: 20, Steps: 29 | Train Loss: 0.0795891 Vali Loss: 0.1277774 Test Loss: 0.0638982
Validation loss decreased (0.128822 --> 0.127777).  Saving model ...
Updating learning rate to 7.610011704520164e-06
Epoch: 21 cost time: 3.6656360626220703
Epoch: 21, Steps: 29 | Train Loss: 0.0787000 Vali Loss: 0.1267394 Test Loss: 0.0631928
Validation loss decreased (0.127777 --> 0.126739).  Saving model ...
Updating learning rate to 8.031187303565295e-06
Epoch: 22 cost time: 3.3545234203338623
Epoch: 22, Steps: 29 | Train Loss: 0.0778541 Vali Loss: 0.1254059 Test Loss: 0.0625799
Validation loss decreased (0.126739 --> 0.125406).  Saving model ...
Updating learning rate to 8.421272456123378e-06
Epoch: 23 cost time: 3.3458147048950195
Epoch: 23, Steps: 29 | Train Loss: 0.0770474 Vali Loss: 0.1248629 Test Loss: 0.0609747
Validation loss decreased (0.125406 --> 0.124863).  Saving model ...
Updating learning rate to 8.775983474730246e-06
Epoch: 24 cost time: 3.3436198234558105
Epoch: 24, Steps: 29 | Train Loss: 0.0762316 Vali Loss: 0.1237247 Test Loss: 0.0608724
Validation loss decreased (0.124863 --> 0.123725).  Saving model ...
Updating learning rate to 9.091425130013939e-06
Epoch: 25 cost time: 3.330981969833374
Epoch: 25, Steps: 29 | Train Loss: 0.0754881 Vali Loss: 0.1224300 Test Loss: 0.0602565
Validation loss decreased (0.123725 --> 0.122430).  Saving model ...
Updating learning rate to 9.364133425830145e-06
Epoch: 26 cost time: 3.418569326400757
Epoch: 26, Steps: 29 | Train Loss: 0.0746777 Vali Loss: 0.1216629 Test Loss: 0.0594282
Validation loss decreased (0.122430 --> 0.121663).  Saving model ...
Updating learning rate to 9.591113638846019e-06
Epoch: 27 cost time: 3.324268102645874
Epoch: 27, Steps: 29 | Train Loss: 0.0739322 Vali Loss: 0.1211296 Test Loss: 0.0583893
Validation loss decreased (0.121663 --> 0.121130).  Saving model ...
Updating learning rate to 9.769873204843885e-06
Epoch: 28 cost time: 3.334066390991211
Epoch: 28, Steps: 29 | Train Loss: 0.0730845 Vali Loss: 0.1207679 Test Loss: 0.0577803
Validation loss decreased (0.121130 --> 0.120768).  Saving model ...
Updating learning rate to 9.898449090606656e-06
Epoch: 29 cost time: 3.31974720954895
Epoch: 29, Steps: 29 | Train Loss: 0.0723611 Vali Loss: 0.1194168 Test Loss: 0.0573369
Validation loss decreased (0.120768 --> 0.119417).  Saving model ...
Updating learning rate to 9.975429350802846e-06
Epoch: 30 cost time: 3.329514503479004
Epoch: 30, Steps: 29 | Train Loss: 0.0716658 Vali Loss: 0.1187013 Test Loss: 0.0569119
Validation loss decreased (0.119417 --> 0.118701).  Saving model ...
Updating learning rate to 9.99999401249548e-06
Epoch: 31 cost time: 3.3180811405181885
Epoch: 31, Steps: 29 | Train Loss: 0.0709609 Vali Loss: 0.1176267 Test Loss: 0.0563528
Validation loss decreased (0.118701 --> 0.117627).  Saving model ...
Updating learning rate to 9.994612212745642e-06
Epoch: 32 cost time: 3.315326452255249
Epoch: 32, Steps: 29 | Train Loss: 0.0703210 Vali Loss: 0.1178645 Test Loss: 0.0554197
EarlyStopping counter: 1 out of 10
Updating learning rate to 9.979171968972798e-06
Epoch: 33 cost time: 3.328608751296997
Epoch: 33, Steps: 29 | Train Loss: 0.0696489 Vali Loss: 0.1164523 Test Loss: 0.0552086
Validation loss decreased (0.117627 --> 0.116452).  Saving model ...
Updating learning rate to 9.953704375773079e-06
Epoch: 34 cost time: 3.3326728343963623
Epoch: 34, Steps: 29 | Train Loss: 0.0688356 Vali Loss: 0.1153159 Test Loss: 0.0547715
Validation loss decreased (0.116452 --> 0.115316).  Saving model ...
Updating learning rate to 9.918260721489893e-06
Epoch: 35 cost time: 3.3261067867279053
Epoch: 35, Steps: 29 | Train Loss: 0.0682431 Vali Loss: 0.1150751 Test Loss: 0.0539688
Validation loss decreased (0.115316 --> 0.115075).  Saving model ...
Updating learning rate to 9.872912384926035e-06
Epoch: 36 cost time: 3.3264706134796143
Epoch: 36, Steps: 29 | Train Loss: 0.0675464 Vali Loss: 0.1140786 Test Loss: 0.0536562
Validation loss decreased (0.115075 --> 0.114079).  Saving model ...
Updating learning rate to 9.817750691596265e-06
Epoch: 37 cost time: 3.351181983947754
Epoch: 37, Steps: 29 | Train Loss: 0.0669125 Vali Loss: 0.1132886 Test Loss: 0.0533738
Validation loss decreased (0.114079 --> 0.113289).  Saving model ...
Updating learning rate to 9.752886729809889e-06
Epoch: 38 cost time: 3.3409883975982666
Epoch: 38, Steps: 29 | Train Loss: 0.0662603 Vali Loss: 0.1127049 Test Loss: 0.0529734
Validation loss decreased (0.113289 --> 0.112705).  Saving model ...
Updating learning rate to 9.678451126953676e-06
Epoch: 39 cost time: 3.3350229263305664
Epoch: 39, Steps: 29 | Train Loss: 0.0656179 Vali Loss: 0.1124383 Test Loss: 0.0522665
Validation loss decreased (0.112705 --> 0.112438).  Saving model ...
Updating learning rate to 9.594593786425696e-06
Epoch: 40 cost time: 3.3420517444610596
Epoch: 40, Steps: 29 | Train Loss: 0.0649388 Vali Loss: 0.1119245 Test Loss: 0.0516703
Validation loss decreased (0.112438 --> 0.111925).  Saving model ...
Updating learning rate to 9.501483585749811e-06
Epoch: 41 cost time: 3.3304641246795654
Epoch: 41, Steps: 29 | Train Loss: 0.0643343 Vali Loss: 0.1106248 Test Loss: 0.0516529
Validation loss decreased (0.111925 --> 0.110625).  Saving model ...
Updating learning rate to 9.399308036478838e-06
Epoch: 42 cost time: 3.3378424644470215
Epoch: 42, Steps: 29 | Train Loss: 0.0636941 Vali Loss: 0.1104902 Test Loss: 0.0510866
Validation loss decreased (0.110625 --> 0.110490).  Saving model ...
Updating learning rate to 9.288272906571216e-06
Epoch: 43 cost time: 3.32891845703125
Epoch: 43, Steps: 29 | Train Loss: 0.0631157 Vali Loss: 0.1097542 Test Loss: 0.0507119
Validation loss decreased (0.110490 --> 0.109754).  Saving model ...
Updating learning rate to 9.16860180600173e-06
Epoch: 44 cost time: 3.337921619415283
Epoch: 44, Steps: 29 | Train Loss: 0.0625075 Vali Loss: 0.1086844 Test Loss: 0.0503807
Validation loss decreased (0.109754 --> 0.108684).  Saving model ...
Updating learning rate to 9.040535736440785e-06
Epoch: 45 cost time: 3.334362030029297
Epoch: 45, Steps: 29 | Train Loss: 0.0619040 Vali Loss: 0.1081177 Test Loss: 0.0498548
Validation loss decreased (0.108684 --> 0.108118).  Saving model ...
Updating learning rate to 8.904332605909106e-06
Epoch: 46 cost time: 3.3374171257019043
Epoch: 46, Steps: 29 | Train Loss: 0.0613038 Vali Loss: 0.1078799 Test Loss: 0.0495144
Validation loss decreased (0.108118 --> 0.107880).  Saving model ...
Updating learning rate to 8.760266709385311e-06
Epoch: 47 cost time: 3.3395678997039795
Epoch: 47, Steps: 29 | Train Loss: 0.0607810 Vali Loss: 0.1075525 Test Loss: 0.0491955
Validation loss decreased (0.107880 --> 0.107553).  Saving model ...
Updating learning rate to 8.608628176412335e-06
Epoch: 48 cost time: 3.421024799346924
Epoch: 48, Steps: 29 | Train Loss: 0.0601351 Vali Loss: 0.1062120 Test Loss: 0.0488917
Validation loss decreased (0.107553 --> 0.106212).  Saving model ...
Updating learning rate to 8.449722386815127e-06
Epoch: 49 cost time: 3.3557746410369873
Epoch: 49, Steps: 29 | Train Loss: 0.0595914 Vali Loss: 0.1052373 Test Loss: 0.0485889
Validation loss decreased (0.106212 --> 0.105237).  Saving model ...
Updating learning rate to 8.28386935570634e-06
Epoch: 50 cost time: 3.358118772506714
Epoch: 50, Steps: 29 | Train Loss: 0.0590618 Vali Loss: 0.1042236 Test Loss: 0.0483148
Validation loss decreased (0.105237 --> 0.104224).  Saving model ...
Updating learning rate to 8.111403089018465e-06
Epoch: 51 cost time: 3.3577804565429688
Epoch: 51, Steps: 29 | Train Loss: 0.0585278 Vali Loss: 0.1038766 Test Loss: 0.0479014
Validation loss decreased (0.104224 --> 0.103877).  Saving model ...
Updating learning rate to 7.93267091086035e-06
Epoch: 52 cost time: 3.350743532180786
Epoch: 52, Steps: 29 | Train Loss: 0.0579868 Vali Loss: 0.1039652 Test Loss: 0.0475266
EarlyStopping counter: 1 out of 10
Updating learning rate to 7.748032764052655e-06
Epoch: 53 cost time: 3.426405191421509
Epoch: 53, Steps: 29 | Train Loss: 0.0573974 Vali Loss: 0.1025393 Test Loss: 0.0473427
Validation loss decreased (0.103877 --> 0.102539).  Saving model ...
Updating learning rate to 7.557860485250925e-06
Epoch: 54 cost time: 3.36293625831604
Epoch: 54, Steps: 29 | Train Loss: 0.0569314 Vali Loss: 0.1014729 Test Loss: 0.0470965
Validation loss decreased (0.102539 --> 0.101473).  Saving model ...
Updating learning rate to 7.362537056116034e-06
Epoch: 55 cost time: 3.3592405319213867
Epoch: 55, Steps: 29 | Train Loss: 0.0563794 Vali Loss: 0.1014456 Test Loss: 0.0466390
Validation loss decreased (0.101473 --> 0.101446).  Saving model ...
Updating learning rate to 7.162455832040107e-06
Epoch: 56 cost time: 3.3412587642669678
Epoch: 56, Steps: 29 | Train Loss: 0.0559122 Vali Loss: 0.1000133 Test Loss: 0.0465420
Validation loss decreased (0.101446 --> 0.100013).  Saving model ...
Updating learning rate to 6.9580197499810984e-06
Epoch: 57 cost time: 3.3472304344177246
Epoch: 57, Steps: 29 | Train Loss: 0.0554110 Vali Loss: 0.0997528 Test Loss: 0.0460833
Validation loss decreased (0.100013 --> 0.099753).  Saving model ...
Updating learning rate to 6.7496405170013816e-06
Epoch: 58 cost time: 3.3552794456481934
Epoch: 58, Steps: 29 | Train Loss: 0.0548611 Vali Loss: 0.0985626 Test Loss: 0.0458775
Validation loss decreased (0.099753 --> 0.098563).  Saving model ...
Updating learning rate to 6.537737781144523e-06
Epoch: 59 cost time: 3.3724966049194336
Epoch: 59, Steps: 29 | Train Loss: 0.0544662 Vali Loss: 0.0987924 Test Loss: 0.0454130
EarlyStopping counter: 1 out of 10
Updating learning rate to 6.322738286319964e-06
Epoch: 60 cost time: 3.3644278049468994
Epoch: 60, Steps: 29 | Train Loss: 0.0539881 Vali Loss: 0.0979275 Test Loss: 0.0450878
Validation loss decreased (0.098563 --> 0.097928).  Saving model ...
Updating learning rate to 6.105075012897585e-06
Epoch: 61 cost time: 3.3664519786834717
Epoch: 61, Steps: 29 | Train Loss: 0.0534666 Vali Loss: 0.0967752 Test Loss: 0.0448953
Validation loss decreased (0.097928 --> 0.096775).  Saving model ...
Updating learning rate to 5.885186305742857e-06
Epoch: 62 cost time: 3.3668079376220703
Epoch: 62, Steps: 29 | Train Loss: 0.0530400 Vali Loss: 0.0964030 Test Loss: 0.0446472
Validation loss decreased (0.096775 --> 0.096403).  Saving model ...
Updating learning rate to 5.6635149914486225e-06
Epoch: 63 cost time: 3.359703779220581
Epoch: 63, Steps: 29 | Train Loss: 0.0525906 Vali Loss: 0.0955855 Test Loss: 0.0442645
Validation loss decreased (0.096403 --> 0.095585).  Saving model ...
Updating learning rate to 5.440507486541268e-06
Epoch: 64 cost time: 3.355482578277588
Epoch: 64, Steps: 29 | Train Loss: 0.0521581 Vali Loss: 0.0950624 Test Loss: 0.0439312
Validation loss decreased (0.095585 --> 0.095062).  Saving model ...
Updating learning rate to 5.216612898457253e-06
Epoch: 65 cost time: 3.373551845550537
Epoch: 65, Steps: 29 | Train Loss: 0.0517299 Vali Loss: 0.0946639 Test Loss: 0.0436712
Validation loss decreased (0.095062 --> 0.094664).  Saving model ...
Updating learning rate to 4.992282121100496e-06
Epoch: 66 cost time: 3.365697145462036
Epoch: 66, Steps: 29 | Train Loss: 0.0512537 Vali Loss: 0.0933123 Test Loss: 0.0434223
Validation loss decreased (0.094664 --> 0.093312).  Saving model ...
Updating learning rate to 4.767966926802067e-06
Epoch: 67 cost time: 3.3610823154449463
Epoch: 67, Steps: 29 | Train Loss: 0.0508015 Vali Loss: 0.0930392 Test Loss: 0.0430555
Validation loss decreased (0.093312 --> 0.093039).  Saving model ...
Updating learning rate to 4.5441190565108235e-06
Epoch: 68 cost time: 3.3995487689971924
Epoch: 68, Steps: 29 | Train Loss: 0.0504004 Vali Loss: 0.0920737 Test Loss: 0.0427820
Validation loss decreased (0.093039 --> 0.092074).  Saving model ...
Updating learning rate to 4.3211893100472735e-06
Epoch: 69 cost time: 3.3547298908233643
Epoch: 69, Steps: 29 | Train Loss: 0.0499991 Vali Loss: 0.0916737 Test Loss: 0.0424623
Validation loss decreased (0.092074 --> 0.091674).  Saving model ...
Updating learning rate to 4.099626638252712e-06
Epoch: 70 cost time: 3.3702642917633057
Epoch: 70, Steps: 29 | Train Loss: 0.0495565 Vali Loss: 0.0913523 Test Loss: 0.0420835
Validation loss decreased (0.091674 --> 0.091352).  Saving model ...
Updating learning rate to 3.879877238861997e-06
Epoch: 71 cost time: 3.3823633193969727
Epoch: 71, Steps: 29 | Train Loss: 0.0491444 Vali Loss: 0.0902392 Test Loss: 0.0419130
Validation loss decreased (0.091352 --> 0.090239).  Saving model ...
Updating learning rate to 3.662383657920668e-06
Epoch: 72 cost time: 3.3757758140563965
Epoch: 72, Steps: 29 | Train Loss: 0.0487642 Vali Loss: 0.0897234 Test Loss: 0.0415456
Validation loss decreased (0.090239 --> 0.089723).  Saving model ...
Updating learning rate to 3.447583898556124e-06
Epoch: 73 cost time: 3.379039764404297
Epoch: 73, Steps: 29 | Train Loss: 0.0483456 Vali Loss: 0.0891176 Test Loss: 0.0412473
Validation loss decreased (0.089723 --> 0.089118).  Saving model ...
Updating learning rate to 3.2359105388976132e-06
Epoch: 74 cost time: 3.395427703857422
Epoch: 74, Steps: 29 | Train Loss: 0.0479810 Vali Loss: 0.0887993 Test Loss: 0.0409514
Validation loss decreased (0.089118 --> 0.088799).  Saving model ...
Updating learning rate to 3.027789860921434e-06
Epoch: 75 cost time: 3.3751654624938965
Epoch: 75, Steps: 29 | Train Loss: 0.0475990 Vali Loss: 0.0877752 Test Loss: 0.0406895
Validation loss decreased (0.088799 --> 0.087775).  Saving model ...
Updating learning rate to 2.8236409919757893e-06
Epoch: 76 cost time: 3.3761179447174072
Epoch: 76, Steps: 29 | Train Loss: 0.0472456 Vali Loss: 0.0873224 Test Loss: 0.0403483
Validation loss decreased (0.087775 --> 0.087322).  Saving model ...
Updating learning rate to 2.6238750607140637e-06
Epoch: 77 cost time: 3.4020650386810303
Epoch: 77, Steps: 29 | Train Loss: 0.0468198 Vali Loss: 0.0865444 Test Loss: 0.0400586
Validation loss decreased (0.087322 --> 0.086544).  Saving model ...
Updating learning rate to 2.4288943691364434e-06
Epoch: 78 cost time: 3.378174304962158
Epoch: 78, Steps: 29 | Train Loss: 0.0464173 Vali Loss: 0.0859164 Test Loss: 0.0397990
Validation loss decreased (0.086544 --> 0.085916).  Saving model ...
Updating learning rate to 2.2390915824072217e-06
Epoch: 79 cost time: 3.432997703552246
Epoch: 79, Steps: 29 | Train Loss: 0.0461337 Vali Loss: 0.0853565 Test Loss: 0.0395343
Validation loss decreased (0.085916 --> 0.085357).  Saving model ...
Updating learning rate to 2.0548489380794217e-06
Epoch: 80 cost time: 3.433316230773926
Epoch: 80, Steps: 29 | Train Loss: 0.0457328 Vali Loss: 0.0846661 Test Loss: 0.0391928
Validation loss decreased (0.085357 --> 0.084666).  Saving model ...
Updating learning rate to 1.876537476319218e-06
Epoch: 81 cost time: 3.4291043281555176
Epoch: 81, Steps: 29 | Train Loss: 0.0454290 Vali Loss: 0.0843568 Test Loss: 0.0391426
Validation loss decreased (0.084666 --> 0.084357).  Saving model ...
Updating learning rate to 1.7045162926804444e-06
Epoch: 82 cost time: 3.3836915493011475
Epoch: 82, Steps: 29 | Train Loss: 0.0453913 Vali Loss: 0.0844075 Test Loss: 0.0391873
EarlyStopping counter: 1 out of 10
Updating learning rate to 1.5391318149339123e-06
Epoch: 83 cost time: 3.405454158782959
Epoch: 83, Steps: 29 | Train Loss: 0.0453679 Vali Loss: 0.0841057 Test Loss: 0.0391949
Validation loss decreased (0.084357 --> 0.084106).  Saving model ...
Updating learning rate to 1.3807171054080036e-06
Epoch: 84 cost time: 3.4043586254119873
Epoch: 84, Steps: 29 | Train Loss: 0.0453807 Vali Loss: 0.0840555 Test Loss: 0.0392251
Validation loss decreased (0.084106 --> 0.084056).  Saving model ...
Updating learning rate to 1.2295911902454577e-06
Epoch: 85 cost time: 3.4131364822387695
Epoch: 85, Steps: 29 | Train Loss: 0.0453806 Vali Loss: 0.0838485 Test Loss: 0.0392564
Validation loss decreased (0.084056 --> 0.083849).  Saving model ...
Updating learning rate to 1.0860584169271784e-06
Epoch: 86 cost time: 3.4117417335510254
Epoch: 86, Steps: 29 | Train Loss: 0.0453899 Vali Loss: 0.0841251 Test Loss: 0.0392299
EarlyStopping counter: 1 out of 10
Updating learning rate to 9.504078413569088e-07
Epoch: 87 cost time: 3.3950624465942383
Epoch: 87, Steps: 29 | Train Loss: 0.0453835 Vali Loss: 0.0843432 Test Loss: 0.0391917
EarlyStopping counter: 2 out of 10
Updating learning rate to 8.229126457411124e-07
Epoch: 88 cost time: 3.423257350921631
Epoch: 88, Steps: 29 | Train Loss: 0.0453966 Vali Loss: 0.0841462 Test Loss: 0.0392181
EarlyStopping counter: 3 out of 10
Updating learning rate to 7.038295884363647e-07
Epoch: 89 cost time: 3.4363603591918945
Epoch: 89, Steps: 29 | Train Loss: 0.0453775 Vali Loss: 0.0841277 Test Loss: 0.0392189
EarlyStopping counter: 4 out of 10
Updating learning rate to 5.933984868721898e-07
Epoch: 90 cost time: 3.7417166233062744
Epoch: 90, Steps: 29 | Train Loss: 0.0453642 Vali Loss: 0.0841733 Test Loss: 0.0392335
EarlyStopping counter: 5 out of 10
Updating learning rate to 4.918417345906772e-07
Epoch: 91 cost time: 3.7780439853668213
Epoch: 91, Steps: 29 | Train Loss: 0.0453746 Vali Loss: 0.0842402 Test Loss: 0.0392370
EarlyStopping counter: 6 out of 10
Updating learning rate to 3.9936385337548097e-07
Epoch: 92 cost time: 4.278056621551514
Epoch: 92, Steps: 29 | Train Loss: 0.0453518 Vali Loss: 0.0841318 Test Loss: 0.0392360
EarlyStopping counter: 7 out of 10
Updating learning rate to 3.161510813721721e-07
Epoch: 93 cost time: 3.5583622455596924
Epoch: 93, Steps: 29 | Train Loss: 0.0453693 Vali Loss: 0.0843705 Test Loss: 0.0392430
EarlyStopping counter: 8 out of 10
Updating learning rate to 2.4237099802938663e-07
Epoch: 94 cost time: 3.4136078357696533
Epoch: 94, Steps: 29 | Train Loss: 0.0453704 Vali Loss: 0.0842191 Test Loss: 0.0392361
EarlyStopping counter: 9 out of 10
Updating learning rate to 1.7817218661613333e-07
Epoch: 95 cost time: 3.40331768989563
Epoch: 95, Steps: 29 | Train Loss: 0.0453635 Vali Loss: 0.0842886 Test Loss: 0.0392396
EarlyStopping counter: 10 out of 10
Early stopping
>>>>>>>testing : ETTh1_336_720_DTFNet_ETTh1_ftM_sl336_ll0_pl720_dm128_nh16_el2_br2_dl1_df256_fc1_ebtimeF_dtTrue_'Exp'_0_'rel_sin'_16_8_16,24_8,12_3_1_256<<<<<<<<<<<<<<<<<<<<<<<<<<<<<<<<<
test 2161
mse:0.41060277819633484, mae:0.4393703043460846, rse:0.6154546141624451
