Args in experiment:
Namespace(random_seed=2024, is_training=1, model_id='ETTh1_336_720', model='DTFNet', data='ETTh1', root_path='./dataset/', data_path='ETTh1.csv', features='M', target='OT', freq='h', checkpoints='./checkpoints/', seq_len=336, label_len=0, pred_len=720, n_branches=2, patch_len_ls='16,24', stride_ls='8,12', d_model_ls='128', n_heads_ls='16', rel_pe="'rel_sin'", res_attn=False, head_type='flatten', fc_dropout=0.3, head_dropout=0.1, patch_len=16, stride=8, padding_patch="'end'", revin=1, affine=0, subtract_last=0, decomposition=0, kernel_size=25, individual=0, store_attn=False, pre_norm=False, pe='zeros', no_learn_pe=True, embed_type=0, enc_in=7, dec_in=7, c_out=7, d_model=128, n_heads=16, e_layers=2, d_layers=1, d_ff=256, moving_avg=25, factor=1, distil=True, dropout=0.3, embed='timeF', activation='gelu', output_attention=False, do_predict=False, num_workers=0, itr=1, train_epochs=100, batch_size=256, patience=10, learning_rate=1e-05, des="'Exp'", loss='mse', lradj='TST', pct_start=0.3, use_amp=False, l2=0.0, warmup_steps=0, use_gpu=True, gpu=0, use_multi_gpu=False, devices='0', test_flop=False, use_mlflow=False, mlflow_project='exp', loss_flag=2, sub_patch_len=16, sub_stride=8, stride_ls_list='16', model_type='linear', tfactor=3, dilation_rates='1', wavelet_layers=2, wavelet_type='db5', wavelet_mode='periodization', wavelet_dim=64, initTLV=0.2)
Use GPU: cuda:0
>>>>>>>start training : ETTh1_336_720_DTFNet_ETTh1_ftM_sl336_ll0_pl720_dm128_nh16_el2_br2_dl1_df256_fc1_ebtimeF_dtTrue_'Exp'_0_'rel_sin'_16_8_16,24_8,12_3_1_256>>>>>>>>>>>>>>>>>>>>>>>>>>
train 7585
val 2161
test 2161
Epoch: 1 cost time: 3.8570961952209473
Epoch: 1, Steps: 29 | Train Loss: 0.1075682 Vali Loss: 0.1789400 Test Loss: 0.0997760
Validation loss decreased (inf --> 0.178940).  Saving model ...
Updating learning rate to 4.2635539919063106e-07
Epoch: 2 cost time: 3.3529441356658936
Epoch: 2, Steps: 29 | Train Loss: 0.1066841 Vali Loss: 0.1771210 Test Loss: 0.0989497
Validation loss decreased (0.178940 --> 0.177121).  Saving model ...
Updating learning rate to 5.051321771514831e-07
Epoch: 3 cost time: 3.381495952606201
Epoch: 3, Steps: 29 | Train Loss: 0.1058470 Vali Loss: 0.1758810 Test Loss: 0.0980501
Validation loss decreased (0.177121 --> 0.175881).  Saving model ...
Updating learning rate to 6.354652532866785e-07
Epoch: 4 cost time: 3.4030978679656982
Epoch: 4, Steps: 29 | Train Loss: 0.1049101 Vali Loss: 0.1743553 Test Loss: 0.0970926
Validation loss decreased (0.175881 --> 0.174355).  Saving model ...
Updating learning rate to 8.159233858256806e-07
Epoch: 5 cost time: 3.351217031478882
Epoch: 5, Steps: 29 | Train Loss: 0.1040348 Vali Loss: 0.1723767 Test Loss: 0.0960491
Validation loss decreased (0.174355 --> 0.172377).  Saving model ...
Updating learning rate to 1.0445248888850473e-06
Epoch: 6 cost time: 3.322080373764038
Epoch: 6, Steps: 29 | Train Loss: 0.1029034 Vali Loss: 0.1701369 Test Loss: 0.0948907
Validation loss decreased (0.172377 --> 0.170137).  Saving model ...
Updating learning rate to 1.3187593941861497e-06
Epoch: 7 cost time: 3.3247110843658447
Epoch: 7, Steps: 29 | Train Loss: 0.1018963 Vali Loss: 0.1684729 Test Loss: 0.0935572
Validation loss decreased (0.170137 --> 0.168473).  Saving model ...
Updating learning rate to 1.6356154184543822e-06
Epoch: 8 cost time: 3.3534116744995117
Epoch: 8, Steps: 29 | Train Loss: 0.1007062 Vali Loss: 0.1656872 Test Loss: 0.0919562
Validation loss decreased (0.168473 --> 0.165687).  Saving model ...
Updating learning rate to 1.9916134337707666e-06
Epoch: 9 cost time: 3.4104435443878174
Epoch: 9, Steps: 29 | Train Loss: 0.0992799 Vali Loss: 0.1626545 Test Loss: 0.0898824
Validation loss decreased (0.165687 --> 0.162655).  Saving model ...
Updating learning rate to 2.3828440777166636e-06
Epoch: 10 cost time: 3.9598069190979004
Epoch: 10, Steps: 29 | Train Loss: 0.0975628 Vali Loss: 0.1587433 Test Loss: 0.0870970
Validation loss decreased (0.162655 --> 0.158743).  Saving model ...
Updating learning rate to 2.805011083710071e-06
Epoch: 11 cost time: 3.838714122772217
Epoch: 11, Steps: 29 | Train Loss: 0.0953440 Vali Loss: 0.1533571 Test Loss: 0.0831447
Validation loss decreased (0.158743 --> 0.153357).  Saving model ...
Updating learning rate to 3.2534784600976295e-06
Epoch: 12 cost time: 3.8950886726379395
Epoch: 12, Steps: 29 | Train Loss: 0.0927388 Vali Loss: 0.1475961 Test Loss: 0.0785114
Validation loss decreased (0.153357 --> 0.147596).  Saving model ...
Updating learning rate to 3.723321399909056e-06
Epoch: 13 cost time: 3.8735690116882324
Epoch: 13, Steps: 29 | Train Loss: 0.0901735 Vali Loss: 0.1425445 Test Loss: 0.0750985
Validation loss decreased (0.147596 --> 0.142545).  Saving model ...
Updating learning rate to 4.209380362212844e-06
Epoch: 14 cost time: 3.9068613052368164
Epoch: 14, Steps: 29 | Train Loss: 0.0881074 Vali Loss: 0.1388753 Test Loss: 0.0731690
Validation loss decreased (0.142545 --> 0.138875).  Saving model ...
Updating learning rate to 4.706317731183279e-06
Epoch: 15 cost time: 3.8727669715881348
Epoch: 15, Steps: 29 | Train Loss: 0.0863498 Vali Loss: 0.1358111 Test Loss: 0.0710805
Validation loss decreased (0.138875 --> 0.135811).  Saving model ...
Updating learning rate to 5.208676430682048e-06
Epoch: 16 cost time: 3.8589699268341064
Epoch: 16, Steps: 29 | Train Loss: 0.0845583 Vali Loss: 0.1330482 Test Loss: 0.0690101
Validation loss decreased (0.135811 --> 0.133048).  Saving model ...
Updating learning rate to 5.710939850683244e-06
Epoch: 17 cost time: 3.871013879776001
Epoch: 17, Steps: 29 | Train Loss: 0.0830374 Vali Loss: 0.1317143 Test Loss: 0.0671167
Validation loss decreased (0.133048 --> 0.131714).  Saving model ...
Updating learning rate to 6.207592427464792e-06
Epoch: 18 cost time: 3.857542037963867
Epoch: 18, Steps: 29 | Train Loss: 0.0816440 Vali Loss: 0.1295536 Test Loss: 0.0661450
Validation loss decreased (0.131714 --> 0.129554).  Saving model ...
Updating learning rate to 6.693180212309968e-06
Epoch: 19 cost time: 3.9757626056671143
Epoch: 19, Steps: 29 | Train Loss: 0.0805994 Vali Loss: 0.1282134 Test Loss: 0.0648469
Validation loss decreased (0.129554 --> 0.128213).  Saving model ...
Updating learning rate to 7.1623707635889015e-06
Epoch: 20 cost time: 3.911356210708618
Epoch: 20, Steps: 29 | Train Loss: 0.0796960 Vali Loss: 0.1271558 Test Loss: 0.0641526
Validation loss decreased (0.128213 --> 0.127156).  Saving model ...
Updating learning rate to 7.610011704520164e-06
Epoch: 21 cost time: 4.013347148895264
Epoch: 21, Steps: 29 | Train Loss: 0.0787435 Vali Loss: 0.1262963 Test Loss: 0.0633314
Validation loss decreased (0.127156 --> 0.126296).  Saving model ...
Updating learning rate to 8.031187303565295e-06
Epoch: 22 cost time: 3.997757911682129
Epoch: 22, Steps: 29 | Train Loss: 0.0779063 Vali Loss: 0.1252986 Test Loss: 0.0624301
Validation loss decreased (0.126296 --> 0.125299).  Saving model ...
Updating learning rate to 8.421272456123378e-06
Epoch: 23 cost time: 4.034828186035156
Epoch: 23, Steps: 29 | Train Loss: 0.0771451 Vali Loss: 0.1238260 Test Loss: 0.0619241
Validation loss decreased (0.125299 --> 0.123826).  Saving model ...
Updating learning rate to 8.775983474730246e-06
Epoch: 24 cost time: 3.863603353500366
Epoch: 24, Steps: 29 | Train Loss: 0.0762266 Vali Loss: 0.1234101 Test Loss: 0.0611676
Validation loss decreased (0.123826 --> 0.123410).  Saving model ...
Updating learning rate to 9.091425130013939e-06
Epoch: 25 cost time: 4.018458366394043
Epoch: 25, Steps: 29 | Train Loss: 0.0755173 Vali Loss: 0.1223817 Test Loss: 0.0601758
Validation loss decreased (0.123410 --> 0.122382).  Saving model ...
Updating learning rate to 9.364133425830145e-06
Epoch: 26 cost time: 4.101504802703857
Epoch: 26, Steps: 29 | Train Loss: 0.0747186 Vali Loss: 0.1214211 Test Loss: 0.0595497
Validation loss decreased (0.122382 --> 0.121421).  Saving model ...
Updating learning rate to 9.591113638846019e-06
Epoch: 27 cost time: 4.062250137329102
Epoch: 27, Steps: 29 | Train Loss: 0.0739424 Vali Loss: 0.1205883 Test Loss: 0.0590782
Validation loss decreased (0.121421 --> 0.120588).  Saving model ...
Updating learning rate to 9.769873204843885e-06
Epoch: 28 cost time: 4.106141090393066
Epoch: 28, Steps: 29 | Train Loss: 0.0732428 Vali Loss: 0.1195996 Test Loss: 0.0584260
Validation loss decreased (0.120588 --> 0.119600).  Saving model ...
Updating learning rate to 9.898449090606656e-06
Epoch: 29 cost time: 3.7930939197540283
Epoch: 29, Steps: 29 | Train Loss: 0.0725137 Vali Loss: 0.1190567 Test Loss: 0.0577707
Validation loss decreased (0.119600 --> 0.119057).  Saving model ...
Updating learning rate to 9.975429350802846e-06
Epoch: 30 cost time: 3.944251537322998
Epoch: 30, Steps: 29 | Train Loss: 0.0717365 Vali Loss: 0.1177491 Test Loss: 0.0574165
Validation loss decreased (0.119057 --> 0.117749).  Saving model ...
Updating learning rate to 9.99999401249548e-06
Epoch: 31 cost time: 4.096091270446777
Epoch: 31, Steps: 29 | Train Loss: 0.0710091 Vali Loss: 0.1171795 Test Loss: 0.0566181
Validation loss decreased (0.117749 --> 0.117180).  Saving model ...
Updating learning rate to 9.994612212745642e-06
Epoch: 32 cost time: 3.9344027042388916
Epoch: 32, Steps: 29 | Train Loss: 0.0703687 Vali Loss: 0.1167069 Test Loss: 0.0560022
Validation loss decreased (0.117180 --> 0.116707).  Saving model ...
Updating learning rate to 9.979171968972798e-06
Epoch: 33 cost time: 3.981097936630249
Epoch: 33, Steps: 29 | Train Loss: 0.0696715 Vali Loss: 0.1161585 Test Loss: 0.0555472
Validation loss decreased (0.116707 --> 0.116159).  Saving model ...
Updating learning rate to 9.953704375773079e-06
Epoch: 34 cost time: 3.9779434204101562
Epoch: 34, Steps: 29 | Train Loss: 0.0689890 Vali Loss: 0.1152743 Test Loss: 0.0549593
Validation loss decreased (0.116159 --> 0.115274).  Saving model ...
Updating learning rate to 9.918260721489893e-06
Epoch: 35 cost time: 4.016324043273926
Epoch: 35, Steps: 29 | Train Loss: 0.0682619 Vali Loss: 0.1139617 Test Loss: 0.0547567
Validation loss decreased (0.115274 --> 0.113962).  Saving model ...
Updating learning rate to 9.872912384926035e-06
Epoch: 36 cost time: 3.933932065963745
Epoch: 36, Steps: 29 | Train Loss: 0.0676648 Vali Loss: 0.1128980 Test Loss: 0.0543100
Validation loss decreased (0.113962 --> 0.112898).  Saving model ...
Updating learning rate to 9.817750691596265e-06
Epoch: 37 cost time: 3.8711085319519043
Epoch: 37, Steps: 29 | Train Loss: 0.0669114 Vali Loss: 0.1126148 Test Loss: 0.0537547
Validation loss decreased (0.112898 --> 0.112615).  Saving model ...
Updating learning rate to 9.752886729809889e-06
Epoch: 38 cost time: 3.99344801902771
Epoch: 38, Steps: 29 | Train Loss: 0.0662826 Vali Loss: 0.1120798 Test Loss: 0.0531990
Validation loss decreased (0.112615 --> 0.112080).  Saving model ...
Updating learning rate to 9.678451126953676e-06
Epoch: 39 cost time: 3.775102138519287
Epoch: 39, Steps: 29 | Train Loss: 0.0655827 Vali Loss: 0.1109301 Test Loss: 0.0530429
Validation loss decreased (0.112080 --> 0.110930).  Saving model ...
Updating learning rate to 9.594593786425696e-06
Epoch: 40 cost time: 3.9130945205688477
Epoch: 40, Steps: 29 | Train Loss: 0.0650230 Vali Loss: 0.1099796 Test Loss: 0.0528975
Validation loss decreased (0.110930 --> 0.109980).  Saving model ...
Updating learning rate to 9.501483585749811e-06
Epoch: 41 cost time: 4.087713956832886
Epoch: 41, Steps: 29 | Train Loss: 0.0643487 Vali Loss: 0.1100992 Test Loss: 0.0520661
EarlyStopping counter: 1 out of 10
Updating learning rate to 9.399308036478838e-06
Epoch: 42 cost time: 4.157557010650635
Epoch: 42, Steps: 29 | Train Loss: 0.0636753 Vali Loss: 0.1095546 Test Loss: 0.0518024
Validation loss decreased (0.109980 --> 0.109555).  Saving model ...
Updating learning rate to 9.288272906571216e-06
Epoch: 43 cost time: 4.12632155418396
Epoch: 43, Steps: 29 | Train Loss: 0.0631150 Vali Loss: 0.1087754 Test Loss: 0.0512400
Validation loss decreased (0.109555 --> 0.108775).  Saving model ...
Updating learning rate to 9.16860180600173e-06
Epoch: 44 cost time: 4.02604341506958
Epoch: 44, Steps: 29 | Train Loss: 0.0624924 Vali Loss: 0.1075251 Test Loss: 0.0513358
Validation loss decreased (0.108775 --> 0.107525).  Saving model ...
Updating learning rate to 9.040535736440785e-06
Epoch: 45 cost time: 4.053516387939453
Epoch: 45, Steps: 29 | Train Loss: 0.0618509 Vali Loss: 0.1064133 Test Loss: 0.0509092
Validation loss decreased (0.107525 --> 0.106413).  Saving model ...
Updating learning rate to 8.904332605909106e-06
Epoch: 46 cost time: 4.0402140617370605
Epoch: 46, Steps: 29 | Train Loss: 0.0612643 Vali Loss: 0.1060986 Test Loss: 0.0503738
Validation loss decreased (0.106413 --> 0.106099).  Saving model ...
Updating learning rate to 8.760266709385311e-06
Epoch: 47 cost time: 4.153479814529419
Epoch: 47, Steps: 29 | Train Loss: 0.0606702 Vali Loss: 0.1046183 Test Loss: 0.0502577
Validation loss decreased (0.106099 --> 0.104618).  Saving model ...
Updating learning rate to 8.608628176412335e-06
Epoch: 48 cost time: 3.9270238876342773
Epoch: 48, Steps: 29 | Train Loss: 0.0600906 Vali Loss: 0.1044016 Test Loss: 0.0499026
Validation loss decreased (0.104618 --> 0.104402).  Saving model ...
Updating learning rate to 8.449722386815127e-06
Epoch: 49 cost time: 4.0648157596588135
Epoch: 49, Steps: 29 | Train Loss: 0.0594663 Vali Loss: 0.1032636 Test Loss: 0.0494942
Validation loss decreased (0.104402 --> 0.103264).  Saving model ...
Updating learning rate to 8.28386935570634e-06
Epoch: 50 cost time: 4.0203797817230225
Epoch: 50, Steps: 29 | Train Loss: 0.0590188 Vali Loss: 0.1034954 Test Loss: 0.0491438
EarlyStopping counter: 1 out of 10
Updating learning rate to 8.111403089018465e-06
Epoch: 51 cost time: 3.975515365600586
Epoch: 51, Steps: 29 | Train Loss: 0.0584330 Vali Loss: 0.1023938 Test Loss: 0.0487283
Validation loss decreased (0.103264 --> 0.102394).  Saving model ...
Updating learning rate to 7.93267091086035e-06
Epoch: 52 cost time: 3.917505979537964
Epoch: 52, Steps: 29 | Train Loss: 0.0579254 Vali Loss: 0.1011476 Test Loss: 0.0489028
Validation loss decreased (0.102394 --> 0.101148).  Saving model ...
Updating learning rate to 7.748032764052655e-06
Epoch: 53 cost time: 3.837125301361084
Epoch: 53, Steps: 29 | Train Loss: 0.0573451 Vali Loss: 0.1017862 Test Loss: 0.0479670
EarlyStopping counter: 1 out of 10
Updating learning rate to 7.557860485250925e-06
Epoch: 54 cost time: 3.99442195892334
Epoch: 54, Steps: 29 | Train Loss: 0.0568444 Vali Loss: 0.1001828 Test Loss: 0.0480502
Validation loss decreased (0.101148 --> 0.100183).  Saving model ...
Updating learning rate to 7.362537056116034e-06
Epoch: 55 cost time: 4.072582006454468
Epoch: 55, Steps: 29 | Train Loss: 0.0563927 Vali Loss: 0.0995050 Test Loss: 0.0475126
Validation loss decreased (0.100183 --> 0.099505).  Saving model ...
Updating learning rate to 7.162455832040107e-06
Epoch: 56 cost time: 4.246830701828003
Epoch: 56, Steps: 29 | Train Loss: 0.0558183 Vali Loss: 0.0985716 Test Loss: 0.0473987
Validation loss decreased (0.099505 --> 0.098572).  Saving model ...
Updating learning rate to 6.9580197499810984e-06
Epoch: 57 cost time: 3.9603006839752197
Epoch: 57, Steps: 29 | Train Loss: 0.0553204 Vali Loss: 0.0973348 Test Loss: 0.0473785
Validation loss decreased (0.098572 --> 0.097335).  Saving model ...
Updating learning rate to 6.7496405170013816e-06
Epoch: 58 cost time: 4.118573904037476
Epoch: 58, Steps: 29 | Train Loss: 0.0548138 Vali Loss: 0.0968567 Test Loss: 0.0470833
Validation loss decreased (0.097335 --> 0.096857).  Saving model ...
Updating learning rate to 6.537737781144523e-06
Epoch: 59 cost time: 4.2221410274505615
Epoch: 59, Steps: 29 | Train Loss: 0.0543353 Vali Loss: 0.0970466 Test Loss: 0.0461666
EarlyStopping counter: 1 out of 10
Updating learning rate to 6.322738286319964e-06
Epoch: 60 cost time: 3.9984664916992188
Epoch: 60, Steps: 29 | Train Loss: 0.0538308 Vali Loss: 0.0954010 Test Loss: 0.0463527
Validation loss decreased (0.096857 --> 0.095401).  Saving model ...
Updating learning rate to 6.105075012897585e-06
Epoch: 61 cost time: 4.270739555358887
Epoch: 61, Steps: 29 | Train Loss: 0.0534264 Vali Loss: 0.0949949 Test Loss: 0.0458341
Validation loss decreased (0.095401 --> 0.094995).  Saving model ...
Updating learning rate to 5.885186305742857e-06
Epoch: 62 cost time: 4.169797658920288
Epoch: 62, Steps: 29 | Train Loss: 0.0529215 Vali Loss: 0.0944348 Test Loss: 0.0455319
Validation loss decreased (0.094995 --> 0.094435).  Saving model ...
Updating learning rate to 5.6635149914486225e-06
Epoch: 63 cost time: 4.066807270050049
Epoch: 63, Steps: 29 | Train Loss: 0.0524657 Vali Loss: 0.0937761 Test Loss: 0.0451153
Validation loss decreased (0.094435 --> 0.093776).  Saving model ...
Updating learning rate to 5.440507486541268e-06
Epoch: 64 cost time: 4.014241695404053
Epoch: 64, Steps: 29 | Train Loss: 0.0519961 Vali Loss: 0.0927833 Test Loss: 0.0450212
Validation loss decreased (0.093776 --> 0.092783).  Saving model ...
Updating learning rate to 5.216612898457253e-06
Epoch: 65 cost time: 3.9699759483337402
Epoch: 65, Steps: 29 | Train Loss: 0.0515921 Vali Loss: 0.0921386 Test Loss: 0.0446593
Validation loss decreased (0.092783 --> 0.092139).  Saving model ...
Updating learning rate to 4.992282121100496e-06
Epoch: 66 cost time: 4.00366473197937
Epoch: 66, Steps: 29 | Train Loss: 0.0511067 Vali Loss: 0.0912195 Test Loss: 0.0446630
Validation loss decreased (0.092139 --> 0.091220).  Saving model ...
Updating learning rate to 4.767966926802067e-06
Epoch: 67 cost time: 4.05350136756897
Epoch: 67, Steps: 29 | Train Loss: 0.0507488 Vali Loss: 0.0908238 Test Loss: 0.0441100
Validation loss decreased (0.091220 --> 0.090824).  Saving model ...
Updating learning rate to 4.5441190565108235e-06
Epoch: 68 cost time: 3.9797604084014893
Epoch: 68, Steps: 29 | Train Loss: 0.0502585 Vali Loss: 0.0902280 Test Loss: 0.0436993
Validation loss decreased (0.090824 --> 0.090228).  Saving model ...
Updating learning rate to 4.3211893100472735e-06
Epoch: 69 cost time: 4.112890720367432
Epoch: 69, Steps: 29 | Train Loss: 0.0498889 Vali Loss: 0.0888014 Test Loss: 0.0436697
Validation loss decreased (0.090228 --> 0.088801).  Saving model ...
Updating learning rate to 4.099626638252712e-06
Epoch: 70 cost time: 4.005046844482422
Epoch: 70, Steps: 29 | Train Loss: 0.0494135 Vali Loss: 0.0886449 Test Loss: 0.0432715
Validation loss decreased (0.088801 --> 0.088645).  Saving model ...
Updating learning rate to 3.879877238861997e-06
Epoch: 71 cost time: 4.015529155731201
Epoch: 71, Steps: 29 | Train Loss: 0.0490131 Vali Loss: 0.0873785 Test Loss: 0.0430008
Validation loss decreased (0.088645 --> 0.087379).  Saving model ...
Updating learning rate to 3.662383657920668e-06
Epoch: 72 cost time: 3.855983257293701
Epoch: 72, Steps: 29 | Train Loss: 0.0486108 Vali Loss: 0.0871807 Test Loss: 0.0426228
Validation loss decreased (0.087379 --> 0.087181).  Saving model ...
Updating learning rate to 3.447583898556124e-06
Epoch: 73 cost time: 3.917586088180542
Epoch: 73, Steps: 29 | Train Loss: 0.0482514 Vali Loss: 0.0870209 Test Loss: 0.0419706
Validation loss decreased (0.087181 --> 0.087021).  Saving model ...
Updating learning rate to 3.2359105388976132e-06
Epoch: 74 cost time: 3.8556487560272217
Epoch: 74, Steps: 29 | Train Loss: 0.0478232 Vali Loss: 0.0858295 Test Loss: 0.0419699
Validation loss decreased (0.087021 --> 0.085830).  Saving model ...
Updating learning rate to 3.027789860921434e-06
Epoch: 75 cost time: 3.9110705852508545
Epoch: 75, Steps: 29 | Train Loss: 0.0474396 Vali Loss: 0.0848619 Test Loss: 0.0418236
Validation loss decreased (0.085830 --> 0.084862).  Saving model ...
Updating learning rate to 2.8236409919757893e-06
Epoch: 76 cost time: 4.041455030441284
Epoch: 76, Steps: 29 | Train Loss: 0.0470584 Vali Loss: 0.0847307 Test Loss: 0.0412452
Validation loss decreased (0.084862 --> 0.084731).  Saving model ...
Updating learning rate to 2.6238750607140637e-06
Epoch: 77 cost time: 3.8631985187530518
Epoch: 77, Steps: 29 | Train Loss: 0.0467480 Vali Loss: 0.0837512 Test Loss: 0.0411695
Validation loss decreased (0.084731 --> 0.083751).  Saving model ...
Updating learning rate to 2.4288943691364434e-06
Epoch: 78 cost time: 4.032941102981567
Epoch: 78, Steps: 29 | Train Loss: 0.0463573 Vali Loss: 0.0830274 Test Loss: 0.0408634
Validation loss decreased (0.083751 --> 0.083027).  Saving model ...
Updating learning rate to 2.2390915824072217e-06
Epoch: 79 cost time: 3.8503973484039307
Epoch: 79, Steps: 29 | Train Loss: 0.0459781 Vali Loss: 0.0825975 Test Loss: 0.0404819
Validation loss decreased (0.083027 --> 0.082598).  Saving model ...
Updating learning rate to 2.0548489380794217e-06
Epoch: 80 cost time: 3.9069855213165283
Epoch: 80, Steps: 29 | Train Loss: 0.0456211 Vali Loss: 0.0818039 Test Loss: 0.0402636
Validation loss decreased (0.082598 --> 0.081804).  Saving model ...
Updating learning rate to 1.876537476319218e-06
Epoch: 81 cost time: 3.793914318084717
Epoch: 81, Steps: 29 | Train Loss: 0.0453277 Vali Loss: 0.0816594 Test Loss: 0.0403354
Validation loss decreased (0.081804 --> 0.081659).  Saving model ...
Updating learning rate to 1.7045162926804444e-06
Epoch: 82 cost time: 3.887467622756958
Epoch: 82, Steps: 29 | Train Loss: 0.0453039 Vali Loss: 0.0814765 Test Loss: 0.0403094
Validation loss decreased (0.081659 --> 0.081476).  Saving model ...
Updating learning rate to 1.5391318149339123e-06
Epoch: 83 cost time: 3.963696002960205
Epoch: 83, Steps: 29 | Train Loss: 0.0453618 Vali Loss: 0.0818602 Test Loss: 0.0400704
EarlyStopping counter: 1 out of 10
Updating learning rate to 1.3807171054080036e-06
Epoch: 84 cost time: 3.9569010734558105
Epoch: 84, Steps: 29 | Train Loss: 0.0452852 Vali Loss: 0.0815554 Test Loss: 0.0401940
EarlyStopping counter: 2 out of 10
Updating learning rate to 1.2295911902454577e-06
Epoch: 85 cost time: 3.87188458442688
Epoch: 85, Steps: 29 | Train Loss: 0.0453181 Vali Loss: 0.0817802 Test Loss: 0.0402111
EarlyStopping counter: 3 out of 10
Updating learning rate to 1.0860584169271784e-06
Epoch: 86 cost time: 3.872105360031128
Epoch: 86, Steps: 29 | Train Loss: 0.0453082 Vali Loss: 0.0816492 Test Loss: 0.0402120
EarlyStopping counter: 4 out of 10
Updating learning rate to 9.504078413569088e-07
Epoch: 87 cost time: 3.9042320251464844
Epoch: 87, Steps: 29 | Train Loss: 0.0453185 Vali Loss: 0.0818790 Test Loss: 0.0401782
EarlyStopping counter: 5 out of 10
Updating learning rate to 8.229126457411124e-07
Epoch: 88 cost time: 3.782163619995117
Epoch: 88, Steps: 29 | Train Loss: 0.0452379 Vali Loss: 0.0817664 Test Loss: 0.0401842
EarlyStopping counter: 6 out of 10
Updating learning rate to 7.038295884363647e-07
Epoch: 89 cost time: 4.051174640655518
Epoch: 89, Steps: 29 | Train Loss: 0.0452448 Vali Loss: 0.0819232 Test Loss: 0.0401935
EarlyStopping counter: 7 out of 10
Updating learning rate to 5.933984868721898e-07
Epoch: 90 cost time: 3.929903507232666
Epoch: 90, Steps: 29 | Train Loss: 0.0452714 Vali Loss: 0.0820895 Test Loss: 0.0402068
EarlyStopping counter: 8 out of 10
Updating learning rate to 4.918417345906772e-07
Epoch: 91 cost time: 3.938659906387329
Epoch: 91, Steps: 29 | Train Loss: 0.0452432 Vali Loss: 0.0818986 Test Loss: 0.0401983
EarlyStopping counter: 9 out of 10
Updating learning rate to 3.9936385337548097e-07
Epoch: 92 cost time: 3.857694149017334
Epoch: 92, Steps: 29 | Train Loss: 0.0452333 Vali Loss: 0.0818726 Test Loss: 0.0402111
EarlyStopping counter: 10 out of 10
Early stopping
>>>>>>>testing : ETTh1_336_720_DTFNet_ETTh1_ftM_sl336_ll0_pl720_dm128_nh16_el2_br2_dl1_df256_fc1_ebtimeF_dtTrue_'Exp'_0_'rel_sin'_16_8_16,24_8,12_3_1_256<<<<<<<<<<<<<<<<<<<<<<<<<<<<<<<<<
test 2161
mse:0.43105852603912354, mae:0.45002585649490356, rse:0.6305989027023315
