Args in experiment:
Namespace(is_training=1, model_id='ETTh1_336_720', model='DTFNet', data='ETTh1', root_path='./dataset/', data_path='ETTh1.csv', features='M', target='OT', freq='h', checkpoints='./checkpoints/', seq_len=336, label_len=0, pred_len=720, n_branches=2, patch_len_ls='16,24', stride_ls='8,12', d_model_ls='128', n_heads_ls='16', rel_pe="'rel_sin'", res_attn=False, head_type='flatten', fc_dropout=0.3, head_dropout=0.1, patch_len=16, stride=8, padding_patch="'end'", revin=1, affine=0, subtract_last=0, decomposition=0, kernel_size=25, individual=0, store_attn=False, pre_norm=False, pe='zeros', no_learn_pe=True, embed_type=0, enc_in=7, dec_in=7, c_out=7, d_model=128, n_heads=16, e_layers=2, d_layers=1, d_ff=256, moving_avg=25, factor=1, distil=True, dropout=0.3, embed='timeF', activation='gelu', output_attention=False, do_predict=False, num_workers=0, itr=1, train_epochs=100, batch_size=256, patience=10, learning_rate=1e-05, des="'Exp'", loss='mse', lradj='TST', pct_start=0.3, use_amp=False, l2=0.0, warmup_steps=0, use_gpu=True, gpu=0, use_multi_gpu=False, devices='0', test_flop=False, use_mlflow=False, mlflow_project='exp', loss_flag=2, sub_patch_len=16, sub_stride=8, stride_ls_list='16', model_type='linear', tfactor=3, dilation_rates='1', wavelet_layers=2, wavelet_type='db5', wavelet_mode='periodization', wavelet_dim=64, initTLV=0.2)
Use GPU: cuda:0
>>>>>>>start training : ETTh1_336_720_DTFNet_ETTh1_ftM_sl336_ll0_pl720_dm128_nh16_el2_br2_dl1_df256_fc1_ebtimeF_dtTrue_'Exp'_0_'rel_sin'_16_8_16,24_8,12_3_1_256>>>>>>>>>>>>>>>>>>>>>>>>>>
train 7585
val 2161
test 2161
Epoch: 1 cost time: 3.812378406524658
Epoch: 1, Steps: 29 | Train Loss: 0.1075393 Vali Loss: 0.1787354 Test Loss: 0.0997881
Validation loss decreased (inf --> 0.178735).  Saving model ...
Updating learning rate to 4.2635539919063106e-07
Epoch: 2 cost time: 3.3703505992889404
Epoch: 2, Steps: 29 | Train Loss: 0.1066475 Vali Loss: 0.1772032 Test Loss: 0.0989617
Validation loss decreased (0.178735 --> 0.177203).  Saving model ...
Updating learning rate to 5.051321771514831e-07
Epoch: 3 cost time: 3.420107364654541
Epoch: 3, Steps: 29 | Train Loss: 0.1057930 Vali Loss: 0.1755221 Test Loss: 0.0980606
Validation loss decreased (0.177203 --> 0.175522).  Saving model ...
Updating learning rate to 6.354652532866785e-07
Epoch: 4 cost time: 3.4575517177581787
Epoch: 4, Steps: 29 | Train Loss: 0.1049063 Vali Loss: 0.1737007 Test Loss: 0.0970994
Validation loss decreased (0.175522 --> 0.173701).  Saving model ...
Updating learning rate to 8.159233858256806e-07
Epoch: 5 cost time: 3.473799705505371
Epoch: 5, Steps: 29 | Train Loss: 0.1039551 Vali Loss: 0.1723792 Test Loss: 0.0960530
Validation loss decreased (0.173701 --> 0.172379).  Saving model ...
Updating learning rate to 1.0445248888850473e-06
Epoch: 6 cost time: 3.384918212890625
Epoch: 6, Steps: 29 | Train Loss: 0.1030027 Vali Loss: 0.1704102 Test Loss: 0.0948876
Validation loss decreased (0.172379 --> 0.170410).  Saving model ...
Updating learning rate to 1.3187593941861497e-06
Epoch: 7 cost time: 3.4717843532562256
Epoch: 7, Steps: 29 | Train Loss: 0.1019121 Vali Loss: 0.1681079 Test Loss: 0.0935454
Validation loss decreased (0.170410 --> 0.168108).  Saving model ...
Updating learning rate to 1.6356154184543822e-06
Epoch: 8 cost time: 3.4322707653045654
Epoch: 8, Steps: 29 | Train Loss: 0.1006353 Vali Loss: 0.1653834 Test Loss: 0.0919363
Validation loss decreased (0.168108 --> 0.165383).  Saving model ...
Updating learning rate to 1.9916134337707666e-06
Epoch: 9 cost time: 3.4050822257995605
Epoch: 9, Steps: 29 | Train Loss: 0.0992091 Vali Loss: 0.1628790 Test Loss: 0.0898941
Validation loss decreased (0.165383 --> 0.162879).  Saving model ...
Updating learning rate to 2.3828440777166636e-06
Epoch: 10 cost time: 3.5083186626434326
Epoch: 10, Steps: 29 | Train Loss: 0.0974850 Vali Loss: 0.1587803 Test Loss: 0.0870960
Validation loss decreased (0.162879 --> 0.158780).  Saving model ...
Updating learning rate to 2.805011083710071e-06
Epoch: 11 cost time: 3.7824110984802246
Epoch: 11, Steps: 29 | Train Loss: 0.0952920 Vali Loss: 0.1535849 Test Loss: 0.0831908
Validation loss decreased (0.158780 --> 0.153585).  Saving model ...
Updating learning rate to 3.2534784600976295e-06
Epoch: 12 cost time: 3.6327033042907715
Epoch: 12, Steps: 29 | Train Loss: 0.0925677 Vali Loss: 0.1474617 Test Loss: 0.0786311
Validation loss decreased (0.153585 --> 0.147462).  Saving model ...
Updating learning rate to 3.723321399909056e-06
Epoch: 13 cost time: 3.4350273609161377
Epoch: 13, Steps: 29 | Train Loss: 0.0901387 Vali Loss: 0.1425303 Test Loss: 0.0754665
Validation loss decreased (0.147462 --> 0.142530).  Saving model ...
Updating learning rate to 4.209380362212844e-06
Epoch: 14 cost time: 3.468104362487793
Epoch: 14, Steps: 29 | Train Loss: 0.0882313 Vali Loss: 0.1394788 Test Loss: 0.0736117
Validation loss decreased (0.142530 --> 0.139479).  Saving model ...
Updating learning rate to 4.706317731183279e-06
Epoch: 15 cost time: 3.461656093597412
Epoch: 15, Steps: 29 | Train Loss: 0.0864926 Vali Loss: 0.1361058 Test Loss: 0.0718088
Validation loss decreased (0.139479 --> 0.136106).  Saving model ...
Updating learning rate to 5.208676430682048e-06
Epoch: 16 cost time: 3.453091621398926
Epoch: 16, Steps: 29 | Train Loss: 0.0847801 Vali Loss: 0.1336902 Test Loss: 0.0695726
Validation loss decreased (0.136106 --> 0.133690).  Saving model ...
Updating learning rate to 5.710939850683244e-06
Epoch: 17 cost time: 3.4600236415863037
Epoch: 17, Steps: 29 | Train Loss: 0.0831389 Vali Loss: 0.1317796 Test Loss: 0.0675511
Validation loss decreased (0.133690 --> 0.131780).  Saving model ...
Updating learning rate to 6.207592427464792e-06
Epoch: 18 cost time: 3.5174455642700195
Epoch: 18, Steps: 29 | Train Loss: 0.0817490 Vali Loss: 0.1298269 Test Loss: 0.0658926
Validation loss decreased (0.131780 --> 0.129827).  Saving model ...
Updating learning rate to 6.693180212309968e-06
Epoch: 19 cost time: 3.493879795074463
Epoch: 19, Steps: 29 | Train Loss: 0.0804847 Vali Loss: 0.1284918 Test Loss: 0.0649395
Validation loss decreased (0.129827 --> 0.128492).  Saving model ...
Updating learning rate to 7.1623707635889015e-06
Epoch: 20 cost time: 3.4434967041015625
Epoch: 20, Steps: 29 | Train Loss: 0.0795816 Vali Loss: 0.1273220 Test Loss: 0.0638506
Validation loss decreased (0.128492 --> 0.127322).  Saving model ...
Updating learning rate to 7.610011704520164e-06
Epoch: 21 cost time: 3.4531970024108887
Epoch: 21, Steps: 29 | Train Loss: 0.0785341 Vali Loss: 0.1263662 Test Loss: 0.0629401
Validation loss decreased (0.127322 --> 0.126366).  Saving model ...
Updating learning rate to 8.031187303565295e-06
Epoch: 22 cost time: 3.4889791011810303
Epoch: 22, Steps: 29 | Train Loss: 0.0776728 Vali Loss: 0.1254570 Test Loss: 0.0622275
Validation loss decreased (0.126366 --> 0.125457).  Saving model ...
Updating learning rate to 8.421272456123378e-06
Epoch: 23 cost time: 3.499976634979248
Epoch: 23, Steps: 29 | Train Loss: 0.0768819 Vali Loss: 0.1245123 Test Loss: 0.0614192
Validation loss decreased (0.125457 --> 0.124512).  Saving model ...
Updating learning rate to 8.775983474730246e-06
Epoch: 24 cost time: 3.4898762702941895
Epoch: 24, Steps: 29 | Train Loss: 0.0760972 Vali Loss: 0.1236910 Test Loss: 0.0607078
Validation loss decreased (0.124512 --> 0.123691).  Saving model ...
Updating learning rate to 9.091425130013939e-06
Epoch: 25 cost time: 3.4791529178619385
Epoch: 25, Steps: 29 | Train Loss: 0.0752484 Vali Loss: 0.1230829 Test Loss: 0.0600047
Validation loss decreased (0.123691 --> 0.123083).  Saving model ...
Updating learning rate to 9.364133425830145e-06
Epoch: 26 cost time: 3.5122506618499756
Epoch: 26, Steps: 29 | Train Loss: 0.0744926 Vali Loss: 0.1220957 Test Loss: 0.0594243
Validation loss decreased (0.123083 --> 0.122096).  Saving model ...
Updating learning rate to 9.591113638846019e-06
Epoch: 27 cost time: 3.4726521968841553
Epoch: 27, Steps: 29 | Train Loss: 0.0737468 Vali Loss: 0.1212783 Test Loss: 0.0589153
Validation loss decreased (0.122096 --> 0.121278).  Saving model ...
Updating learning rate to 9.769873204843885e-06
Epoch: 28 cost time: 3.5039360523223877
Epoch: 28, Steps: 29 | Train Loss: 0.0729811 Vali Loss: 0.1206675 Test Loss: 0.0581423
Validation loss decreased (0.121278 --> 0.120668).  Saving model ...
Updating learning rate to 9.898449090606656e-06
Epoch: 29 cost time: 3.47304368019104
Epoch: 29, Steps: 29 | Train Loss: 0.0722289 Vali Loss: 0.1202727 Test Loss: 0.0577684
Validation loss decreased (0.120668 --> 0.120273).  Saving model ...
Updating learning rate to 9.975429350802846e-06
Epoch: 30 cost time: 3.492565631866455
Epoch: 30, Steps: 29 | Train Loss: 0.0715411 Vali Loss: 0.1188213 Test Loss: 0.0574300
Validation loss decreased (0.120273 --> 0.118821).  Saving model ...
Updating learning rate to 9.99999401249548e-06
Epoch: 31 cost time: 3.469621181488037
Epoch: 31, Steps: 29 | Train Loss: 0.0708144 Vali Loss: 0.1192254 Test Loss: 0.0564606
EarlyStopping counter: 1 out of 10
Updating learning rate to 9.994612212745642e-06
Epoch: 32 cost time: 3.4726948738098145
Epoch: 32, Steps: 29 | Train Loss: 0.0700546 Vali Loss: 0.1173659 Test Loss: 0.0566138
Validation loss decreased (0.118821 --> 0.117366).  Saving model ...
Updating learning rate to 9.979171968972798e-06
Epoch: 33 cost time: 3.475282907485962
Epoch: 33, Steps: 29 | Train Loss: 0.0694163 Vali Loss: 0.1176160 Test Loss: 0.0557716
EarlyStopping counter: 1 out of 10
Updating learning rate to 9.953704375773079e-06
Epoch: 34 cost time: 3.489551544189453
Epoch: 34, Steps: 29 | Train Loss: 0.0686782 Vali Loss: 0.1165910 Test Loss: 0.0556842
Validation loss decreased (0.117366 --> 0.116591).  Saving model ...
Updating learning rate to 9.918260721489893e-06
Epoch: 35 cost time: 3.4825170040130615
Epoch: 35, Steps: 29 | Train Loss: 0.0680073 Vali Loss: 0.1162434 Test Loss: 0.0550951
Validation loss decreased (0.116591 --> 0.116243).  Saving model ...
Updating learning rate to 9.872912384926035e-06
Epoch: 36 cost time: 3.5264456272125244
Epoch: 36, Steps: 29 | Train Loss: 0.0672874 Vali Loss: 0.1146702 Test Loss: 0.0551502
Validation loss decreased (0.116243 --> 0.114670).  Saving model ...
Updating learning rate to 9.817750691596265e-06
Epoch: 37 cost time: 3.480320930480957
Epoch: 37, Steps: 29 | Train Loss: 0.0666826 Vali Loss: 0.1143638 Test Loss: 0.0546236
Validation loss decreased (0.114670 --> 0.114364).  Saving model ...
Updating learning rate to 9.752886729809889e-06
Epoch: 38 cost time: 3.4815127849578857
Epoch: 38, Steps: 29 | Train Loss: 0.0660266 Vali Loss: 0.1140723 Test Loss: 0.0542949
Validation loss decreased (0.114364 --> 0.114072).  Saving model ...
Updating learning rate to 9.678451126953676e-06
Epoch: 39 cost time: 3.4849772453308105
Epoch: 39, Steps: 29 | Train Loss: 0.0654108 Vali Loss: 0.1133713 Test Loss: 0.0536725
Validation loss decreased (0.114072 --> 0.113371).  Saving model ...
Updating learning rate to 9.594593786425696e-06
Epoch: 40 cost time: 3.5080716609954834
Epoch: 40, Steps: 29 | Train Loss: 0.0647578 Vali Loss: 0.1121619 Test Loss: 0.0533759
Validation loss decreased (0.113371 --> 0.112162).  Saving model ...
Updating learning rate to 9.501483585749811e-06
Epoch: 41 cost time: 3.4792280197143555
Epoch: 41, Steps: 29 | Train Loss: 0.0641525 Vali Loss: 0.1114440 Test Loss: 0.0533517
Validation loss decreased (0.112162 --> 0.111444).  Saving model ...
Updating learning rate to 9.399308036478838e-06
Epoch: 42 cost time: 3.4834699630737305
Epoch: 42, Steps: 29 | Train Loss: 0.0635475 Vali Loss: 0.1111914 Test Loss: 0.0526008
Validation loss decreased (0.111444 --> 0.111191).  Saving model ...
Updating learning rate to 9.288272906571216e-06
Epoch: 43 cost time: 3.490335702896118
Epoch: 43, Steps: 29 | Train Loss: 0.0629465 Vali Loss: 0.1097170 Test Loss: 0.0526070
Validation loss decreased (0.111191 --> 0.109717).  Saving model ...
Updating learning rate to 9.16860180600173e-06
Epoch: 44 cost time: 3.5028772354125977
Epoch: 44, Steps: 29 | Train Loss: 0.0623058 Vali Loss: 0.1093874 Test Loss: 0.0521994
Validation loss decreased (0.109717 --> 0.109387).  Saving model ...
Updating learning rate to 9.040535736440785e-06
Epoch: 45 cost time: 3.477473020553589
Epoch: 45, Steps: 29 | Train Loss: 0.0617488 Vali Loss: 0.1082859 Test Loss: 0.0517360
Validation loss decreased (0.109387 --> 0.108286).  Saving model ...
Updating learning rate to 8.904332605909106e-06
Epoch: 46 cost time: 3.496155023574829
Epoch: 46, Steps: 29 | Train Loss: 0.0611411 Vali Loss: 0.1075810 Test Loss: 0.0516483
Validation loss decreased (0.108286 --> 0.107581).  Saving model ...
Updating learning rate to 8.760266709385311e-06
Epoch: 47 cost time: 3.4973745346069336
Epoch: 47, Steps: 29 | Train Loss: 0.0606170 Vali Loss: 0.1070899 Test Loss: 0.0513783
Validation loss decreased (0.107581 --> 0.107090).  Saving model ...
Updating learning rate to 8.608628176412335e-06
Epoch: 48 cost time: 3.4782049655914307
Epoch: 48, Steps: 29 | Train Loss: 0.0599626 Vali Loss: 0.1066099 Test Loss: 0.0509149
Validation loss decreased (0.107090 --> 0.106610).  Saving model ...
Updating learning rate to 8.449722386815127e-06
Epoch: 49 cost time: 3.629955530166626
Epoch: 49, Steps: 29 | Train Loss: 0.0595034 Vali Loss: 0.1057641 Test Loss: 0.0506359
Validation loss decreased (0.106610 --> 0.105764).  Saving model ...
Updating learning rate to 8.28386935570634e-06
Epoch: 50 cost time: 3.5567898750305176
Epoch: 50, Steps: 29 | Train Loss: 0.0588686 Vali Loss: 0.1048072 Test Loss: 0.0502904
Validation loss decreased (0.105764 --> 0.104807).  Saving model ...
Updating learning rate to 8.111403089018465e-06
Epoch: 51 cost time: 3.4945590496063232
Epoch: 51, Steps: 29 | Train Loss: 0.0583908 Vali Loss: 0.1036823 Test Loss: 0.0501068
Validation loss decreased (0.104807 --> 0.103682).  Saving model ...
Updating learning rate to 7.93267091086035e-06
Epoch: 52 cost time: 3.5243027210235596
Epoch: 52, Steps: 29 | Train Loss: 0.0578341 Vali Loss: 0.1034222 Test Loss: 0.0497661
Validation loss decreased (0.103682 --> 0.103422).  Saving model ...
Updating learning rate to 7.748032764052655e-06
Epoch: 53 cost time: 3.6497116088867188
Epoch: 53, Steps: 29 | Train Loss: 0.0573311 Vali Loss: 0.1022557 Test Loss: 0.0493531
Validation loss decreased (0.103422 --> 0.102256).  Saving model ...
Updating learning rate to 7.557860485250925e-06
Epoch: 54 cost time: 3.609476089477539
Epoch: 54, Steps: 29 | Train Loss: 0.0567667 Vali Loss: 0.1022230 Test Loss: 0.0490833
Validation loss decreased (0.102256 --> 0.102223).  Saving model ...
Updating learning rate to 7.362537056116034e-06
Epoch: 55 cost time: 3.4840450286865234
Epoch: 55, Steps: 29 | Train Loss: 0.0562858 Vali Loss: 0.1011293 Test Loss: 0.0486947
Validation loss decreased (0.102223 --> 0.101129).  Saving model ...
Updating learning rate to 7.162455832040107e-06
Epoch: 56 cost time: 3.503286600112915
Epoch: 56, Steps: 29 | Train Loss: 0.0557736 Vali Loss: 0.1005652 Test Loss: 0.0483678
Validation loss decreased (0.101129 --> 0.100565).  Saving model ...
Updating learning rate to 6.9580197499810984e-06
Epoch: 57 cost time: 3.5187296867370605
Epoch: 57, Steps: 29 | Train Loss: 0.0553287 Vali Loss: 0.1004803 Test Loss: 0.0477886
Validation loss decreased (0.100565 --> 0.100480).  Saving model ...
Updating learning rate to 6.7496405170013816e-06
Epoch: 58 cost time: 3.495954751968384
Epoch: 58, Steps: 29 | Train Loss: 0.0548596 Vali Loss: 0.0990277 Test Loss: 0.0477240
Validation loss decreased (0.100480 --> 0.099028).  Saving model ...
Updating learning rate to 6.537737781144523e-06
Epoch: 59 cost time: 3.4997446537017822
Epoch: 59, Steps: 29 | Train Loss: 0.0543102 Vali Loss: 0.0984483 Test Loss: 0.0472514
Validation loss decreased (0.099028 --> 0.098448).  Saving model ...
Updating learning rate to 6.322738286319964e-06
Epoch: 60 cost time: 3.5058205127716064
Epoch: 60, Steps: 29 | Train Loss: 0.0538862 Vali Loss: 0.0973183 Test Loss: 0.0473229
Validation loss decreased (0.098448 --> 0.097318).  Saving model ...
Updating learning rate to 6.105075012897585e-06
Epoch: 61 cost time: 3.515901565551758
Epoch: 61, Steps: 29 | Train Loss: 0.0533817 Vali Loss: 0.0970816 Test Loss: 0.0467041
Validation loss decreased (0.097318 --> 0.097082).  Saving model ...
Updating learning rate to 5.885186305742857e-06
Epoch: 62 cost time: 3.505282402038574
Epoch: 62, Steps: 29 | Train Loss: 0.0529773 Vali Loss: 0.0961300 Test Loss: 0.0465997
Validation loss decreased (0.097082 --> 0.096130).  Saving model ...
Updating learning rate to 5.6635149914486225e-06
Epoch: 63 cost time: 3.5203588008880615
Epoch: 63, Steps: 29 | Train Loss: 0.0525018 Vali Loss: 0.0951729 Test Loss: 0.0462045
Validation loss decreased (0.096130 --> 0.095173).  Saving model ...
Updating learning rate to 5.440507486541268e-06
Epoch: 64 cost time: 3.5755107402801514
Epoch: 64, Steps: 29 | Train Loss: 0.0520084 Vali Loss: 0.0944736 Test Loss: 0.0459045
Validation loss decreased (0.095173 --> 0.094474).  Saving model ...
Updating learning rate to 5.216612898457253e-06
Epoch: 65 cost time: 3.529794216156006
Epoch: 65, Steps: 29 | Train Loss: 0.0515963 Vali Loss: 0.0932909 Test Loss: 0.0457063
Validation loss decreased (0.094474 --> 0.093291).  Saving model ...
Updating learning rate to 4.992282121100496e-06
Epoch: 66 cost time: 3.5293688774108887
Epoch: 66, Steps: 29 | Train Loss: 0.0512010 Vali Loss: 0.0933635 Test Loss: 0.0451970
EarlyStopping counter: 1 out of 10
Updating learning rate to 4.767966926802067e-06
Epoch: 67 cost time: 3.7735564708709717
Epoch: 67, Steps: 29 | Train Loss: 0.0507460 Vali Loss: 0.0928602 Test Loss: 0.0448794
Validation loss decreased (0.093291 --> 0.092860).  Saving model ...
Updating learning rate to 4.5441190565108235e-06
Epoch: 68 cost time: 3.5002644062042236
Epoch: 68, Steps: 29 | Train Loss: 0.0503134 Vali Loss: 0.0921495 Test Loss: 0.0445684
Validation loss decreased (0.092860 --> 0.092150).  Saving model ...
Updating learning rate to 4.3211893100472735e-06
Epoch: 69 cost time: 3.5934698581695557
Epoch: 69, Steps: 29 | Train Loss: 0.0499187 Vali Loss: 0.0910334 Test Loss: 0.0444140
Validation loss decreased (0.092150 --> 0.091033).  Saving model ...
Updating learning rate to 4.099626638252712e-06
Epoch: 70 cost time: 3.5660722255706787
Epoch: 70, Steps: 29 | Train Loss: 0.0494806 Vali Loss: 0.0905867 Test Loss: 0.0439284
Validation loss decreased (0.091033 --> 0.090587).  Saving model ...
Updating learning rate to 3.879877238861997e-06
Epoch: 71 cost time: 3.5232555866241455
Epoch: 71, Steps: 29 | Train Loss: 0.0490522 Vali Loss: 0.0901124 Test Loss: 0.0435861
Validation loss decreased (0.090587 --> 0.090112).  Saving model ...
Updating learning rate to 3.662383657920668e-06
Epoch: 72 cost time: 3.5226969718933105
Epoch: 72, Steps: 29 | Train Loss: 0.0486565 Vali Loss: 0.0892016 Test Loss: 0.0433394
Validation loss decreased (0.090112 --> 0.089202).  Saving model ...
Updating learning rate to 3.447583898556124e-06
Epoch: 73 cost time: 3.556800603866577
Epoch: 73, Steps: 29 | Train Loss: 0.0483161 Vali Loss: 0.0880468 Test Loss: 0.0431973
Validation loss decreased (0.089202 --> 0.088047).  Saving model ...
Updating learning rate to 3.2359105388976132e-06
Epoch: 74 cost time: 3.547468423843384
Epoch: 74, Steps: 29 | Train Loss: 0.0478906 Vali Loss: 0.0877223 Test Loss: 0.0428289
Validation loss decreased (0.088047 --> 0.087722).  Saving model ...
Updating learning rate to 3.027789860921434e-06
Epoch: 75 cost time: 3.525603771209717
Epoch: 75, Steps: 29 | Train Loss: 0.0474991 Vali Loss: 0.0874109 Test Loss: 0.0423379
Validation loss decreased (0.087722 --> 0.087411).  Saving model ...
Updating learning rate to 2.8236409919757893e-06
Epoch: 76 cost time: 3.497553586959839
Epoch: 76, Steps: 29 | Train Loss: 0.0471585 Vali Loss: 0.0865812 Test Loss: 0.0421171
Validation loss decreased (0.087411 --> 0.086581).  Saving model ...
Updating learning rate to 2.6238750607140637e-06
Epoch: 77 cost time: 3.5171282291412354
Epoch: 77, Steps: 29 | Train Loss: 0.0467609 Vali Loss: 0.0857599 Test Loss: 0.0417646
Validation loss decreased (0.086581 --> 0.085760).  Saving model ...
Updating learning rate to 2.4288943691364434e-06
Epoch: 78 cost time: 3.5844132900238037
Epoch: 78, Steps: 29 | Train Loss: 0.0463957 Vali Loss: 0.0852884 Test Loss: 0.0414839
Validation loss decreased (0.085760 --> 0.085288).  Saving model ...
Updating learning rate to 2.2390915824072217e-06
Epoch: 79 cost time: 3.8792409896850586
Epoch: 79, Steps: 29 | Train Loss: 0.0459938 Vali Loss: 0.0845759 Test Loss: 0.0412312
Validation loss decreased (0.085288 --> 0.084576).  Saving model ...
Updating learning rate to 2.0548489380794217e-06
Epoch: 80 cost time: 3.5176191329956055
Epoch: 80, Steps: 29 | Train Loss: 0.0456587 Vali Loss: 0.0839872 Test Loss: 0.0408267
Validation loss decreased (0.084576 --> 0.083987).  Saving model ...
Updating learning rate to 1.876537476319218e-06
Epoch: 81 cost time: 3.5500900745391846
Epoch: 81, Steps: 29 | Train Loss: 0.0453686 Vali Loss: 0.0834544 Test Loss: 0.0407822
Validation loss decreased (0.083987 --> 0.083454).  Saving model ...
Updating learning rate to 1.7045162926804444e-06
Epoch: 82 cost time: 3.5201964378356934
Epoch: 82, Steps: 29 | Train Loss: 0.0453089 Vali Loss: 0.0832563 Test Loss: 0.0408919
Validation loss decreased (0.083454 --> 0.083256).  Saving model ...
Updating learning rate to 1.5391318149339123e-06
Epoch: 83 cost time: 3.5507278442382812
Epoch: 83, Steps: 29 | Train Loss: 0.0452823 Vali Loss: 0.0836321 Test Loss: 0.0408764
EarlyStopping counter: 1 out of 10
Updating learning rate to 1.3807171054080036e-06
Epoch: 84 cost time: 3.5059540271759033
Epoch: 84, Steps: 29 | Train Loss: 0.0452897 Vali Loss: 0.0836243 Test Loss: 0.0407475
EarlyStopping counter: 2 out of 10
Updating learning rate to 1.2295911902454577e-06
Epoch: 85 cost time: 3.530383825302124
Epoch: 85, Steps: 29 | Train Loss: 0.0452530 Vali Loss: 0.0835685 Test Loss: 0.0408411
EarlyStopping counter: 3 out of 10
Updating learning rate to 1.0860584169271784e-06
Epoch: 86 cost time: 3.5501041412353516
Epoch: 86, Steps: 29 | Train Loss: 0.0452217 Vali Loss: 0.0837375 Test Loss: 0.0407229
EarlyStopping counter: 4 out of 10
Updating learning rate to 9.504078413569088e-07
Epoch: 87 cost time: 3.5066723823547363
Epoch: 87, Steps: 29 | Train Loss: 0.0452489 Vali Loss: 0.0835624 Test Loss: 0.0408298
EarlyStopping counter: 5 out of 10
Updating learning rate to 8.229126457411124e-07
Epoch: 88 cost time: 3.519108772277832
Epoch: 88, Steps: 29 | Train Loss: 0.0452830 Vali Loss: 0.0837842 Test Loss: 0.0407934
EarlyStopping counter: 6 out of 10
Updating learning rate to 7.038295884363647e-07
Epoch: 89 cost time: 3.5142464637756348
Epoch: 89, Steps: 29 | Train Loss: 0.0452183 Vali Loss: 0.0837227 Test Loss: 0.0408388
EarlyStopping counter: 7 out of 10
Updating learning rate to 5.933984868721898e-07
Epoch: 90 cost time: 3.5142667293548584
Epoch: 90, Steps: 29 | Train Loss: 0.0452448 Vali Loss: 0.0836580 Test Loss: 0.0407866
EarlyStopping counter: 8 out of 10
Updating learning rate to 4.918417345906772e-07
Epoch: 91 cost time: 3.56466007232666
Epoch: 91, Steps: 29 | Train Loss: 0.0452474 Vali Loss: 0.0838950 Test Loss: 0.0407618
EarlyStopping counter: 9 out of 10
Updating learning rate to 3.9936385337548097e-07
Epoch: 92 cost time: 3.5944056510925293
Epoch: 92, Steps: 29 | Train Loss: 0.0452186 Vali Loss: 0.0835885 Test Loss: 0.0408457
EarlyStopping counter: 10 out of 10
Early stopping
>>>>>>>testing : ETTh1_336_720_DTFNet_ETTh1_ftM_sl336_ll0_pl720_dm128_nh16_el2_br2_dl1_df256_fc1_ebtimeF_dtTrue_'Exp'_0_'rel_sin'_16_8_16,24_8,12_3_1_256<<<<<<<<<<<<<<<<<<<<<<<<<<<<<<<<<
test 2161
mse:0.4363396465778351, mae:0.45593515038490295, rse:0.6344500184059143
