Args in experiment:
Namespace(is_training=1, model_id='ETTh1_336_720', model='DTFNet', data='ETTh1', root_path='./dataset/', data_path='ETTh1.csv', features='M', target='OT', freq='h', checkpoints='./checkpoints/', seq_len=336, label_len=0, pred_len=720, n_branches=2, patch_len_ls='16,24', stride_ls='8,12', d_model_ls='128', n_heads_ls='16', rel_pe="'rel_sin'", res_attn=False, head_type='flatten', fc_dropout=0.3, head_dropout=0.1, patch_len=16, stride=8, padding_patch="'end'", revin=1, affine=0, subtract_last=0, decomposition=0, kernel_size=25, individual=0, store_attn=False, pre_norm=False, pe='zeros', no_learn_pe=True, embed_type=0, enc_in=7, dec_in=7, c_out=7, d_model=128, n_heads=16, e_layers=2, d_layers=1, d_ff=256, moving_avg=25, factor=1, distil=True, dropout=0.3, embed='timeF', activation='gelu', output_attention=False, do_predict=False, num_workers=0, itr=1, train_epochs=100, batch_size=256, patience=10, learning_rate=1e-05, des="'Exp'", loss='mse', lradj='TST', pct_start=0.3, use_amp=False, l2=0.0, warmup_steps=0, use_gpu=True, gpu=0, use_multi_gpu=False, devices='0', test_flop=False, use_mlflow=False, mlflow_project='exp', loss_flag=2, sub_patch_len=16, sub_stride=8, stride_ls_list='16', model_type='linear', tfactor=3, dilation_rates='1', wavelet_layers=2, wavelet_type='db5', wavelet_mode='periodization', wavelet_dim=64, initTLV=0.2)
Use GPU: cuda:0
>>>>>>>start training : ETTh1_336_720_DTFNet_ETTh1_ftM_sl336_ll0_pl720_dm128_nh16_el2_br2_dl1_df256_fc1_ebtimeF_dtTrue_'Exp'_0_'rel_sin'_16_8_16,24_8,12_3_1_256>>>>>>>>>>>>>>>>>>>>>>>>>>
train 7585
val 2161
test 2161
Epoch: 1 cost time: 3.753035306930542
Epoch: 1, Steps: 29 | Train Loss: 0.1076304 Vali Loss: 0.1788575 Test Loss: 0.0997722
Validation loss decreased (inf --> 0.178858).  Saving model ...
Updating learning rate to 4.2635539919063106e-07
Epoch: 2 cost time: 3.2965784072875977
Epoch: 2, Steps: 29 | Train Loss: 0.1067014 Vali Loss: 0.1772363 Test Loss: 0.0989357
Validation loss decreased (0.178858 --> 0.177236).  Saving model ...
Updating learning rate to 5.051321771514831e-07
Epoch: 3 cost time: 3.2940077781677246
Epoch: 3, Steps: 29 | Train Loss: 0.1058462 Vali Loss: 0.1755555 Test Loss: 0.0980290
Validation loss decreased (0.177236 --> 0.175555).  Saving model ...
Updating learning rate to 6.354652532866785e-07
Epoch: 4 cost time: 3.2945008277893066
Epoch: 4, Steps: 29 | Train Loss: 0.1049833 Vali Loss: 0.1740332 Test Loss: 0.0970545
Validation loss decreased (0.175555 --> 0.174033).  Saving model ...
Updating learning rate to 8.159233858256806e-07
Epoch: 5 cost time: 3.3039469718933105
Epoch: 5, Steps: 29 | Train Loss: 0.1039595 Vali Loss: 0.1718797 Test Loss: 0.0959910
Validation loss decreased (0.174033 --> 0.171880).  Saving model ...
Updating learning rate to 1.0445248888850473e-06
Epoch: 6 cost time: 3.322368860244751
Epoch: 6, Steps: 29 | Train Loss: 0.1030135 Vali Loss: 0.1705918 Test Loss: 0.0948102
Validation loss decreased (0.171880 --> 0.170592).  Saving model ...
Updating learning rate to 1.3187593941861497e-06
Epoch: 7 cost time: 3.337204694747925
Epoch: 7, Steps: 29 | Train Loss: 0.1018495 Vali Loss: 0.1682996 Test Loss: 0.0934507
Validation loss decreased (0.170592 --> 0.168300).  Saving model ...
Updating learning rate to 1.6356154184543822e-06
Epoch: 8 cost time: 3.3495473861694336
Epoch: 8, Steps: 29 | Train Loss: 0.1006899 Vali Loss: 0.1655784 Test Loss: 0.0917972
Validation loss decreased (0.168300 --> 0.165578).  Saving model ...
Updating learning rate to 1.9916134337707666e-06
Epoch: 9 cost time: 3.378187417984009
Epoch: 9, Steps: 29 | Train Loss: 0.0992137 Vali Loss: 0.1623459 Test Loss: 0.0896707
Validation loss decreased (0.165578 --> 0.162346).  Saving model ...
Updating learning rate to 2.3828440777166636e-06
Epoch: 10 cost time: 3.363891839981079
Epoch: 10, Steps: 29 | Train Loss: 0.0974361 Vali Loss: 0.1583479 Test Loss: 0.0867804
Validation loss decreased (0.162346 --> 0.158348).  Saving model ...
Updating learning rate to 2.805011083710071e-06
Epoch: 11 cost time: 3.3766660690307617
Epoch: 11, Steps: 29 | Train Loss: 0.0951668 Vali Loss: 0.1531185 Test Loss: 0.0827371
Validation loss decreased (0.158348 --> 0.153118).  Saving model ...
Updating learning rate to 3.2534784600976295e-06
Epoch: 12 cost time: 3.392690420150757
Epoch: 12, Steps: 29 | Train Loss: 0.0924903 Vali Loss: 0.1472517 Test Loss: 0.0781332
Validation loss decreased (0.153118 --> 0.147252).  Saving model ...
Updating learning rate to 3.723321399909056e-06
Epoch: 13 cost time: 3.4094231128692627
Epoch: 13, Steps: 29 | Train Loss: 0.0900813 Vali Loss: 0.1425744 Test Loss: 0.0748522
Validation loss decreased (0.147252 --> 0.142574).  Saving model ...
Updating learning rate to 4.209380362212844e-06
Epoch: 14 cost time: 3.419583320617676
Epoch: 14, Steps: 29 | Train Loss: 0.0880732 Vali Loss: 0.1391204 Test Loss: 0.0732486
Validation loss decreased (0.142574 --> 0.139120).  Saving model ...
Updating learning rate to 4.706317731183279e-06
Epoch: 15 cost time: 3.4272890090942383
Epoch: 15, Steps: 29 | Train Loss: 0.0862501 Vali Loss: 0.1362330 Test Loss: 0.0710077
Validation loss decreased (0.139120 --> 0.136233).  Saving model ...
Updating learning rate to 5.208676430682048e-06
Epoch: 16 cost time: 3.4561493396759033
Epoch: 16, Steps: 29 | Train Loss: 0.0846085 Vali Loss: 0.1335837 Test Loss: 0.0690559
Validation loss decreased (0.136233 --> 0.133584).  Saving model ...
Updating learning rate to 5.710939850683244e-06
Epoch: 17 cost time: 3.4338479042053223
Epoch: 17, Steps: 29 | Train Loss: 0.0829878 Vali Loss: 0.1315573 Test Loss: 0.0671505
Validation loss decreased (0.133584 --> 0.131557).  Saving model ...
Updating learning rate to 6.207592427464792e-06
Epoch: 18 cost time: 3.4367692470550537
Epoch: 18, Steps: 29 | Train Loss: 0.0815915 Vali Loss: 0.1299406 Test Loss: 0.0658633
Validation loss decreased (0.131557 --> 0.129941).  Saving model ...
Updating learning rate to 6.693180212309968e-06
Epoch: 19 cost time: 3.4360063076019287
Epoch: 19, Steps: 29 | Train Loss: 0.0804729 Vali Loss: 0.1287697 Test Loss: 0.0644805
Validation loss decreased (0.129941 --> 0.128770).  Saving model ...
Updating learning rate to 7.1623707635889015e-06
Epoch: 20 cost time: 3.4881246089935303
Epoch: 20, Steps: 29 | Train Loss: 0.0793934 Vali Loss: 0.1276066 Test Loss: 0.0636404
Validation loss decreased (0.128770 --> 0.127607).  Saving model ...
Updating learning rate to 7.610011704520164e-06
Epoch: 21 cost time: 3.4957354068756104
Epoch: 21, Steps: 29 | Train Loss: 0.0785846 Vali Loss: 0.1266428 Test Loss: 0.0629386
Validation loss decreased (0.127607 --> 0.126643).  Saving model ...
Updating learning rate to 8.031187303565295e-06
Epoch: 22 cost time: 3.46474289894104
Epoch: 22, Steps: 29 | Train Loss: 0.0777238 Vali Loss: 0.1258460 Test Loss: 0.0620747
Validation loss decreased (0.126643 --> 0.125846).  Saving model ...
Updating learning rate to 8.421272456123378e-06
Epoch: 23 cost time: 3.471709728240967
Epoch: 23, Steps: 29 | Train Loss: 0.0768599 Vali Loss: 0.1247572 Test Loss: 0.0614193
Validation loss decreased (0.125846 --> 0.124757).  Saving model ...
Updating learning rate to 8.775983474730246e-06
Epoch: 24 cost time: 3.4784834384918213
Epoch: 24, Steps: 29 | Train Loss: 0.0760915 Vali Loss: 0.1239125 Test Loss: 0.0601895
Validation loss decreased (0.124757 --> 0.123912).  Saving model ...
Updating learning rate to 9.091425130013939e-06
Epoch: 25 cost time: 3.4813177585601807
Epoch: 25, Steps: 29 | Train Loss: 0.0752340 Vali Loss: 0.1224885 Test Loss: 0.0602088
Validation loss decreased (0.123912 --> 0.122488).  Saving model ...
Updating learning rate to 9.364133425830145e-06
Epoch: 26 cost time: 3.539623260498047
Epoch: 26, Steps: 29 | Train Loss: 0.0745529 Vali Loss: 0.1221168 Test Loss: 0.0590602
Validation loss decreased (0.122488 --> 0.122117).  Saving model ...
Updating learning rate to 9.591113638846019e-06
Epoch: 27 cost time: 3.461045980453491
Epoch: 27, Steps: 29 | Train Loss: 0.0737403 Vali Loss: 0.1209741 Test Loss: 0.0587263
Validation loss decreased (0.122117 --> 0.120974).  Saving model ...
Updating learning rate to 9.769873204843885e-06
Epoch: 28 cost time: 3.5275063514709473
Epoch: 28, Steps: 29 | Train Loss: 0.0730609 Vali Loss: 0.1204373 Test Loss: 0.0578060
Validation loss decreased (0.120974 --> 0.120437).  Saving model ...
Updating learning rate to 9.898449090606656e-06
Epoch: 29 cost time: 3.5512897968292236
Epoch: 29, Steps: 29 | Train Loss: 0.0722977 Vali Loss: 0.1198226 Test Loss: 0.0571050
Validation loss decreased (0.120437 --> 0.119823).  Saving model ...
Updating learning rate to 9.975429350802846e-06
Epoch: 30 cost time: 3.472292900085449
Epoch: 30, Steps: 29 | Train Loss: 0.0715716 Vali Loss: 0.1186921 Test Loss: 0.0567775
Validation loss decreased (0.119823 --> 0.118692).  Saving model ...
Updating learning rate to 9.99999401249548e-06
Epoch: 31 cost time: 3.509289026260376
Epoch: 31, Steps: 29 | Train Loss: 0.0708913 Vali Loss: 0.1178079 Test Loss: 0.0562676
Validation loss decreased (0.118692 --> 0.117808).  Saving model ...
Updating learning rate to 9.994612212745642e-06
Epoch: 32 cost time: 3.466379165649414
Epoch: 32, Steps: 29 | Train Loss: 0.0701911 Vali Loss: 0.1166931 Test Loss: 0.0560347
Validation loss decreased (0.117808 --> 0.116693).  Saving model ...
Updating learning rate to 9.979171968972798e-06
Epoch: 33 cost time: 3.530024528503418
Epoch: 33, Steps: 29 | Train Loss: 0.0694851 Vali Loss: 0.1163593 Test Loss: 0.0554109
Validation loss decreased (0.116693 --> 0.116359).  Saving model ...
Updating learning rate to 9.953704375773079e-06
Epoch: 34 cost time: 3.4864377975463867
Epoch: 34, Steps: 29 | Train Loss: 0.0687148 Vali Loss: 0.1156840 Test Loss: 0.0551353
Validation loss decreased (0.116359 --> 0.115684).  Saving model ...
Updating learning rate to 9.918260721489893e-06
Epoch: 35 cost time: 3.4657769203186035
Epoch: 35, Steps: 29 | Train Loss: 0.0680837 Vali Loss: 0.1150102 Test Loss: 0.0545613
Validation loss decreased (0.115684 --> 0.115010).  Saving model ...
Updating learning rate to 9.872912384926035e-06
Epoch: 36 cost time: 3.4760255813598633
Epoch: 36, Steps: 29 | Train Loss: 0.0674377 Vali Loss: 0.1152622 Test Loss: 0.0538642
EarlyStopping counter: 1 out of 10
Updating learning rate to 9.817750691596265e-06
Epoch: 37 cost time: 3.5116193294525146
Epoch: 37, Steps: 29 | Train Loss: 0.0667475 Vali Loss: 0.1129405 Test Loss: 0.0541614
Validation loss decreased (0.115010 --> 0.112940).  Saving model ...
Updating learning rate to 9.752886729809889e-06
Epoch: 38 cost time: 3.4889490604400635
Epoch: 38, Steps: 29 | Train Loss: 0.0660638 Vali Loss: 0.1122502 Test Loss: 0.0535661
Validation loss decreased (0.112940 --> 0.112250).  Saving model ...
Updating learning rate to 9.678451126953676e-06
Epoch: 39 cost time: 3.5235559940338135
Epoch: 39, Steps: 29 | Train Loss: 0.0653930 Vali Loss: 0.1127810 Test Loss: 0.0530472
EarlyStopping counter: 1 out of 10
Updating learning rate to 9.594593786425696e-06
Epoch: 40 cost time: 3.496472120285034
Epoch: 40, Steps: 29 | Train Loss: 0.0647900 Vali Loss: 0.1109979 Test Loss: 0.0530802
Validation loss decreased (0.112250 --> 0.110998).  Saving model ...
Updating learning rate to 9.501483585749811e-06
Epoch: 41 cost time: 3.4975359439849854
Epoch: 41, Steps: 29 | Train Loss: 0.0640792 Vali Loss: 0.1113573 Test Loss: 0.0521710
EarlyStopping counter: 1 out of 10
Updating learning rate to 9.399308036478838e-06
Epoch: 42 cost time: 3.5367119312286377
Epoch: 42, Steps: 29 | Train Loss: 0.0634890 Vali Loss: 0.1102958 Test Loss: 0.0519611
Validation loss decreased (0.110998 --> 0.110296).  Saving model ...
Updating learning rate to 9.288272906571216e-06
Epoch: 43 cost time: 3.4998207092285156
Epoch: 43, Steps: 29 | Train Loss: 0.0629085 Vali Loss: 0.1098469 Test Loss: 0.0516641
Validation loss decreased (0.110296 --> 0.109847).  Saving model ...
Updating learning rate to 9.16860180600173e-06
Epoch: 44 cost time: 3.5136561393737793
Epoch: 44, Steps: 29 | Train Loss: 0.0623015 Vali Loss: 0.1082865 Test Loss: 0.0514046
Validation loss decreased (0.109847 --> 0.108286).  Saving model ...
Updating learning rate to 9.040535736440785e-06
Epoch: 45 cost time: 3.5236246585845947
Epoch: 45, Steps: 29 | Train Loss: 0.0617472 Vali Loss: 0.1083820 Test Loss: 0.0510488
EarlyStopping counter: 1 out of 10
Updating learning rate to 8.904332605909106e-06
Epoch: 46 cost time: 3.5357556343078613
Epoch: 46, Steps: 29 | Train Loss: 0.0611402 Vali Loss: 0.1068702 Test Loss: 0.0508062
Validation loss decreased (0.108286 --> 0.106870).  Saving model ...
Updating learning rate to 8.760266709385311e-06
Epoch: 47 cost time: 3.4892542362213135
Epoch: 47, Steps: 29 | Train Loss: 0.0605350 Vali Loss: 0.1057848 Test Loss: 0.0504269
Validation loss decreased (0.106870 --> 0.105785).  Saving model ...
Updating learning rate to 8.608628176412335e-06
Epoch: 48 cost time: 3.5285305976867676
Epoch: 48, Steps: 29 | Train Loss: 0.0600084 Vali Loss: 0.1059870 Test Loss: 0.0500264
EarlyStopping counter: 1 out of 10
Updating learning rate to 8.449722386815127e-06
Epoch: 49 cost time: 3.5229525566101074
Epoch: 49, Steps: 29 | Train Loss: 0.0593978 Vali Loss: 0.1052930 Test Loss: 0.0497713
Validation loss decreased (0.105785 --> 0.105293).  Saving model ...
Updating learning rate to 8.28386935570634e-06
Epoch: 50 cost time: 3.5432801246643066
Epoch: 50, Steps: 29 | Train Loss: 0.0588676 Vali Loss: 0.1036899 Test Loss: 0.0497692
Validation loss decreased (0.105293 --> 0.103690).  Saving model ...
Updating learning rate to 8.111403089018465e-06
Epoch: 51 cost time: 3.493318557739258
Epoch: 51, Steps: 29 | Train Loss: 0.0583602 Vali Loss: 0.1035441 Test Loss: 0.0490905
Validation loss decreased (0.103690 --> 0.103544).  Saving model ...
Updating learning rate to 7.93267091086035e-06
Epoch: 52 cost time: 3.5263473987579346
Epoch: 52, Steps: 29 | Train Loss: 0.0578355 Vali Loss: 0.1026959 Test Loss: 0.0486645
Validation loss decreased (0.103544 --> 0.102696).  Saving model ...
Updating learning rate to 7.748032764052655e-06
Epoch: 53 cost time: 3.4865803718566895
Epoch: 53, Steps: 29 | Train Loss: 0.0573041 Vali Loss: 0.1019400 Test Loss: 0.0483028
Validation loss decreased (0.102696 --> 0.101940).  Saving model ...
Updating learning rate to 7.557860485250925e-06
Epoch: 54 cost time: 3.5107085704803467
Epoch: 54, Steps: 29 | Train Loss: 0.0568008 Vali Loss: 0.1012304 Test Loss: 0.0480964
Validation loss decreased (0.101940 --> 0.101230).  Saving model ...
Updating learning rate to 7.362537056116034e-06
Epoch: 55 cost time: 3.5622668266296387
Epoch: 55, Steps: 29 | Train Loss: 0.0562914 Vali Loss: 0.1015376 Test Loss: 0.0474402
EarlyStopping counter: 1 out of 10
Updating learning rate to 7.162455832040107e-06
Epoch: 56 cost time: 3.511013984680176
Epoch: 56, Steps: 29 | Train Loss: 0.0557283 Vali Loss: 0.0994545 Test Loss: 0.0475141
Validation loss decreased (0.101230 --> 0.099455).  Saving model ...
Updating learning rate to 6.9580197499810984e-06
Epoch: 57 cost time: 3.4981658458709717
Epoch: 57, Steps: 29 | Train Loss: 0.0552821 Vali Loss: 0.0993315 Test Loss: 0.0470539
Validation loss decreased (0.099455 --> 0.099332).  Saving model ...
Updating learning rate to 6.7496405170013816e-06
Epoch: 58 cost time: 3.500659465789795
Epoch: 58, Steps: 29 | Train Loss: 0.0548161 Vali Loss: 0.0981673 Test Loss: 0.0466562
Validation loss decreased (0.099332 --> 0.098167).  Saving model ...
Updating learning rate to 6.537737781144523e-06
Epoch: 59 cost time: 3.559619188308716
Epoch: 59, Steps: 29 | Train Loss: 0.0543404 Vali Loss: 0.0977260 Test Loss: 0.0464711
Validation loss decreased (0.098167 --> 0.097726).  Saving model ...
Updating learning rate to 6.322738286319964e-06
Epoch: 60 cost time: 3.5002076625823975
Epoch: 60, Steps: 29 | Train Loss: 0.0538280 Vali Loss: 0.0973595 Test Loss: 0.0460931
Validation loss decreased (0.097726 --> 0.097359).  Saving model ...
Updating learning rate to 6.105075012897585e-06
Epoch: 61 cost time: 3.5676331520080566
Epoch: 61, Steps: 29 | Train Loss: 0.0533890 Vali Loss: 0.0957586 Test Loss: 0.0459012
Validation loss decreased (0.097359 --> 0.095759).  Saving model ...
Updating learning rate to 5.885186305742857e-06
Epoch: 62 cost time: 3.523253917694092
Epoch: 62, Steps: 29 | Train Loss: 0.0529595 Vali Loss: 0.0955634 Test Loss: 0.0454046
Validation loss decreased (0.095759 --> 0.095563).  Saving model ...
Updating learning rate to 5.6635149914486225e-06
Epoch: 63 cost time: 3.5582194328308105
Epoch: 63, Steps: 29 | Train Loss: 0.0524816 Vali Loss: 0.0952564 Test Loss: 0.0450263
Validation loss decreased (0.095563 --> 0.095256).  Saving model ...
Updating learning rate to 5.440507486541268e-06
Epoch: 64 cost time: 3.551170825958252
Epoch: 64, Steps: 29 | Train Loss: 0.0519776 Vali Loss: 0.0938098 Test Loss: 0.0449404
Validation loss decreased (0.095256 --> 0.093810).  Saving model ...
Updating learning rate to 5.216612898457253e-06
Epoch: 65 cost time: 3.4929301738739014
Epoch: 65, Steps: 29 | Train Loss: 0.0516279 Vali Loss: 0.0932665 Test Loss: 0.0445363
Validation loss decreased (0.093810 --> 0.093266).  Saving model ...
Updating learning rate to 4.992282121100496e-06
Epoch: 66 cost time: 3.5438411235809326
Epoch: 66, Steps: 29 | Train Loss: 0.0511695 Vali Loss: 0.0926621 Test Loss: 0.0441081
Validation loss decreased (0.093266 --> 0.092662).  Saving model ...
Updating learning rate to 4.767966926802067e-06
Epoch: 67 cost time: 3.4953489303588867
Epoch: 67, Steps: 29 | Train Loss: 0.0507305 Vali Loss: 0.0922549 Test Loss: 0.0437903
Validation loss decreased (0.092662 --> 0.092255).  Saving model ...
Updating learning rate to 4.5441190565108235e-06
Epoch: 68 cost time: 3.501084566116333
Epoch: 68, Steps: 29 | Train Loss: 0.0502861 Vali Loss: 0.0914803 Test Loss: 0.0435303
Validation loss decreased (0.092255 --> 0.091480).  Saving model ...
Updating learning rate to 4.3211893100472735e-06
Epoch: 69 cost time: 3.5628888607025146
Epoch: 69, Steps: 29 | Train Loss: 0.0499160 Vali Loss: 0.0912667 Test Loss: 0.0431138
Validation loss decreased (0.091480 --> 0.091267).  Saving model ...
Updating learning rate to 4.099626638252712e-06
Epoch: 70 cost time: 4.224316596984863
Epoch: 70, Steps: 29 | Train Loss: 0.0495231 Vali Loss: 0.0900060 Test Loss: 0.0430562
Validation loss decreased (0.091267 --> 0.090006).  Saving model ...
Updating learning rate to 3.879877238861997e-06
Epoch: 71 cost time: 3.9298408031463623
Epoch: 71, Steps: 29 | Train Loss: 0.0490450 Vali Loss: 0.0890816 Test Loss: 0.0427015
Validation loss decreased (0.090006 --> 0.089082).  Saving model ...
Updating learning rate to 3.662383657920668e-06
Epoch: 72 cost time: 4.093154191970825
Epoch: 72, Steps: 29 | Train Loss: 0.0486776 Vali Loss: 0.0887647 Test Loss: 0.0423103
Validation loss decreased (0.089082 --> 0.088765).  Saving model ...
Updating learning rate to 3.447583898556124e-06
Epoch: 73 cost time: 3.9963197708129883
Epoch: 73, Steps: 29 | Train Loss: 0.0483125 Vali Loss: 0.0880164 Test Loss: 0.0420298
Validation loss decreased (0.088765 --> 0.088016).  Saving model ...
Updating learning rate to 3.2359105388976132e-06
Epoch: 74 cost time: 4.1472790241241455
Epoch: 74, Steps: 29 | Train Loss: 0.0479177 Vali Loss: 0.0875107 Test Loss: 0.0416282
Validation loss decreased (0.088016 --> 0.087511).  Saving model ...
Updating learning rate to 3.027789860921434e-06
Epoch: 75 cost time: 4.015976428985596
Epoch: 75, Steps: 29 | Train Loss: 0.0475050 Vali Loss: 0.0866361 Test Loss: 0.0414340
Validation loss decreased (0.087511 --> 0.086636).  Saving model ...
Updating learning rate to 2.8236409919757893e-06
Epoch: 76 cost time: 4.105088233947754
Epoch: 76, Steps: 29 | Train Loss: 0.0471499 Vali Loss: 0.0864056 Test Loss: 0.0410477
Validation loss decreased (0.086636 --> 0.086406).  Saving model ...
Updating learning rate to 2.6238750607140637e-06
Epoch: 77 cost time: 3.894003391265869
Epoch: 77, Steps: 29 | Train Loss: 0.0467640 Vali Loss: 0.0850469 Test Loss: 0.0408406
Validation loss decreased (0.086406 --> 0.085047).  Saving model ...
Updating learning rate to 2.4288943691364434e-06
Epoch: 78 cost time: 4.190752983093262
Epoch: 78, Steps: 29 | Train Loss: 0.0464124 Vali Loss: 0.0844165 Test Loss: 0.0405821
Validation loss decreased (0.085047 --> 0.084417).  Saving model ...
Updating learning rate to 2.2390915824072217e-06
Epoch: 79 cost time: 4.0846147537231445
Epoch: 79, Steps: 29 | Train Loss: 0.0460004 Vali Loss: 0.0841576 Test Loss: 0.0402396
Validation loss decreased (0.084417 --> 0.084158).  Saving model ...
Updating learning rate to 2.0548489380794217e-06
Epoch: 80 cost time: 4.200634241104126
Epoch: 80, Steps: 29 | Train Loss: 0.0456767 Vali Loss: 0.0834308 Test Loss: 0.0399215
Validation loss decreased (0.084158 --> 0.083431).  Saving model ...
Updating learning rate to 1.876537476319218e-06
Epoch: 81 cost time: 4.277503967285156
Epoch: 81, Steps: 29 | Train Loss: 0.0453216 Vali Loss: 0.0832676 Test Loss: 0.0398408
Validation loss decreased (0.083431 --> 0.083268).  Saving model ...
Updating learning rate to 1.7045162926804444e-06
Epoch: 82 cost time: 4.321597337722778
Epoch: 82, Steps: 29 | Train Loss: 0.0453811 Vali Loss: 0.0833607 Test Loss: 0.0398374
EarlyStopping counter: 1 out of 10
Updating learning rate to 1.5391318149339123e-06
Epoch: 83 cost time: 4.266716003417969
Epoch: 83, Steps: 29 | Train Loss: 0.0453447 Vali Loss: 0.0833125 Test Loss: 0.0398264
EarlyStopping counter: 2 out of 10
Updating learning rate to 1.3807171054080036e-06
Epoch: 84 cost time: 4.373901128768921
Epoch: 84, Steps: 29 | Train Loss: 0.0453156 Vali Loss: 0.0832771 Test Loss: 0.0398499
EarlyStopping counter: 3 out of 10
Updating learning rate to 1.2295911902454577e-06
Epoch: 85 cost time: 4.423266649246216
Epoch: 85, Steps: 29 | Train Loss: 0.0453288 Vali Loss: 0.0834908 Test Loss: 0.0398192
EarlyStopping counter: 4 out of 10
Updating learning rate to 1.0860584169271784e-06
Epoch: 86 cost time: 4.4664390087127686
Epoch: 86, Steps: 29 | Train Loss: 0.0452822 Vali Loss: 0.0835284 Test Loss: 0.0398048
EarlyStopping counter: 5 out of 10
Updating learning rate to 9.504078413569088e-07
Epoch: 87 cost time: 4.479356527328491
Epoch: 87, Steps: 29 | Train Loss: 0.0452772 Vali Loss: 0.0832393 Test Loss: 0.0398424
Validation loss decreased (0.083268 --> 0.083239).  Saving model ...
Updating learning rate to 8.229126457411124e-07
Epoch: 88 cost time: 4.1404078006744385
Epoch: 88, Steps: 29 | Train Loss: 0.0453016 Vali Loss: 0.0834520 Test Loss: 0.0398348
EarlyStopping counter: 1 out of 10
Updating learning rate to 7.038295884363647e-07
Epoch: 89 cost time: 4.1086955070495605
Epoch: 89, Steps: 29 | Train Loss: 0.0452806 Vali Loss: 0.0832961 Test Loss: 0.0398429
EarlyStopping counter: 2 out of 10
Updating learning rate to 5.933984868721898e-07
Epoch: 90 cost time: 4.153021574020386
Epoch: 90, Steps: 29 | Train Loss: 0.0452710 Vali Loss: 0.0832837 Test Loss: 0.0398704
EarlyStopping counter: 3 out of 10
Updating learning rate to 4.918417345906772e-07
Epoch: 91 cost time: 4.07793116569519
Epoch: 91, Steps: 29 | Train Loss: 0.0453040 Vali Loss: 0.0833699 Test Loss: 0.0398336
EarlyStopping counter: 4 out of 10
Updating learning rate to 3.9936385337548097e-07
Epoch: 92 cost time: 4.160256862640381
Epoch: 92, Steps: 29 | Train Loss: 0.0452976 Vali Loss: 0.0835172 Test Loss: 0.0398121
EarlyStopping counter: 5 out of 10
Updating learning rate to 3.161510813721721e-07
Epoch: 93 cost time: 4.345067739486694
Epoch: 93, Steps: 29 | Train Loss: 0.0452774 Vali Loss: 0.0832443 Test Loss: 0.0398442
EarlyStopping counter: 6 out of 10
Updating learning rate to 2.4237099802938663e-07
Epoch: 94 cost time: 4.277693271636963
Epoch: 94, Steps: 29 | Train Loss: 0.0452659 Vali Loss: 0.0833364 Test Loss: 0.0398673
EarlyStopping counter: 7 out of 10
Updating learning rate to 1.7817218661613333e-07
Epoch: 95 cost time: 4.165190696716309
Epoch: 95, Steps: 29 | Train Loss: 0.0452956 Vali Loss: 0.0832472 Test Loss: 0.0398517
EarlyStopping counter: 8 out of 10
Updating learning rate to 1.236839349948492e-07
Epoch: 96 cost time: 4.248981952667236
Epoch: 96, Steps: 29 | Train Loss: 0.0452976 Vali Loss: 0.0834099 Test Loss: 0.0398400
EarlyStopping counter: 9 out of 10
Updating learning rate to 7.90159752528609e-08
Epoch: 97 cost time: 4.203547954559326
Epoch: 97, Steps: 29 | Train Loss: 0.0453026 Vali Loss: 0.0833775 Test Loss: 0.0398444
EarlyStopping counter: 10 out of 10
Early stopping
>>>>>>>testing : ETTh1_336_720_DTFNet_ETTh1_ftM_sl336_ll0_pl720_dm128_nh16_el2_br2_dl1_df256_fc1_ebtimeF_dtTrue_'Exp'_0_'rel_sin'_16_8_16,24_8,12_3_1_256<<<<<<<<<<<<<<<<<<<<<<<<<<<<<<<<<
test 2161
mse:0.42208507657051086, mae:0.4452970027923584, rse:0.6240007281303406
