Args in experiment:
Namespace(is_training=1, model_id='ETTh1_336_720', model='DTFNet', data='ETTh1', root_path='./dataset/', data_path='ETTh1.csv', features='M', target='OT', freq='h', checkpoints='./checkpoints/', seq_len=336, label_len=0, pred_len=720, n_branches=2, patch_len_ls='16,24', stride_ls='8,12', d_model_ls='128', n_heads_ls='16', rel_pe="'rel_sin'", res_attn=False, head_type='flatten', fc_dropout=0.3, head_dropout=0.1, patch_len=16, stride=8, padding_patch="'end'", revin=1, affine=0, subtract_last=0, decomposition=0, kernel_size=25, individual=0, store_attn=False, pre_norm=False, pe='zeros', no_learn_pe=True, embed_type=0, enc_in=7, dec_in=7, c_out=7, d_model=128, n_heads=16, e_layers=2, d_layers=1, d_ff=256, moving_avg=25, factor=1, distil=True, dropout=0.3, embed='timeF', activation='gelu', output_attention=False, do_predict=False, num_workers=0, itr=1, train_epochs=100, batch_size=256, patience=10, learning_rate=1e-05, des="'Exp'", loss='mse', lradj='TST', pct_start=0.3, use_amp=False, l2=0.0, warmup_steps=0, use_gpu=True, gpu=0, use_multi_gpu=False, devices='0', test_flop=False, use_mlflow=False, mlflow_project='exp', loss_flag=2, sub_patch_len=16, sub_stride=8, stride_ls_list='16', model_type='linear', tfactor=3, dilation_rates='1', wavelet_layers=2, wavelet_type='db5', wavelet_mode='periodization', wavelet_dim=64, initTLV=0.2)
Use GPU: cuda:0
>>>>>>>start training : ETTh1_336_720_DTFNet_ETTh1_ftM_sl336_ll0_pl720_dm128_nh16_el2_br2_dl1_df256_fc1_ebtimeF_dtTrue_'Exp'_0_'rel_sin'_16_8_16,24_8,12_3_1_256>>>>>>>>>>>>>>>>>>>>>>>>>>
train 7585
val 2161
test 2161
Epoch: 1 cost time: 3.7957582473754883
Epoch: 1, Steps: 29 | Train Loss: 0.1075418 Vali Loss: 0.1788298 Test Loss: 0.0997173
Validation loss decreased (inf --> 0.178830).  Saving model ...
Updating learning rate to 4.2635539919063106e-07
Epoch: 2 cost time: 3.2851810455322266
Epoch: 2, Steps: 29 | Train Loss: 0.1067090 Vali Loss: 0.1772723 Test Loss: 0.0988934
Validation loss decreased (0.178830 --> 0.177272).  Saving model ...
Updating learning rate to 5.051321771514831e-07
Epoch: 3 cost time: 3.2836947441101074
Epoch: 3, Steps: 29 | Train Loss: 0.1057699 Vali Loss: 0.1755775 Test Loss: 0.0979883
Validation loss decreased (0.177272 --> 0.175578).  Saving model ...
Updating learning rate to 6.354652532866785e-07
Epoch: 4 cost time: 3.2830851078033447
Epoch: 4, Steps: 29 | Train Loss: 0.1048886 Vali Loss: 0.1741377 Test Loss: 0.0970150
Validation loss decreased (0.175578 --> 0.174138).  Saving model ...
Updating learning rate to 8.159233858256806e-07
Epoch: 5 cost time: 3.288846015930176
Epoch: 5, Steps: 29 | Train Loss: 0.1038839 Vali Loss: 0.1719864 Test Loss: 0.0959588
Validation loss decreased (0.174138 --> 0.171986).  Saving model ...
Updating learning rate to 1.0445248888850473e-06
Epoch: 6 cost time: 3.2917563915252686
Epoch: 6, Steps: 29 | Train Loss: 0.1029260 Vali Loss: 0.1702217 Test Loss: 0.0947765
Validation loss decreased (0.171986 --> 0.170222).  Saving model ...
Updating learning rate to 1.3187593941861497e-06
Epoch: 7 cost time: 3.2988107204437256
Epoch: 7, Steps: 29 | Train Loss: 0.1018683 Vali Loss: 0.1681463 Test Loss: 0.0934110
Validation loss decreased (0.170222 --> 0.168146).  Saving model ...
Updating learning rate to 1.6356154184543822e-06
Epoch: 8 cost time: 3.315737009048462
Epoch: 8, Steps: 29 | Train Loss: 0.1005791 Vali Loss: 0.1652640 Test Loss: 0.0917532
Validation loss decreased (0.168146 --> 0.165264).  Saving model ...
Updating learning rate to 1.9916134337707666e-06
Epoch: 9 cost time: 3.323941946029663
Epoch: 9, Steps: 29 | Train Loss: 0.0991421 Vali Loss: 0.1626713 Test Loss: 0.0896476
Validation loss decreased (0.165264 --> 0.162671).  Saving model ...
Updating learning rate to 2.3828440777166636e-06
Epoch: 10 cost time: 3.3321635723114014
Epoch: 10, Steps: 29 | Train Loss: 0.0974036 Vali Loss: 0.1585693 Test Loss: 0.0867690
Validation loss decreased (0.162671 --> 0.158569).  Saving model ...
Updating learning rate to 2.805011083710071e-06
Epoch: 11 cost time: 3.3491592407226562
Epoch: 11, Steps: 29 | Train Loss: 0.0951790 Vali Loss: 0.1531245 Test Loss: 0.0827096
Validation loss decreased (0.158569 --> 0.153125).  Saving model ...
Updating learning rate to 3.2534784600976295e-06
Epoch: 12 cost time: 3.3444950580596924
Epoch: 12, Steps: 29 | Train Loss: 0.0923980 Vali Loss: 0.1467666 Test Loss: 0.0780079
Validation loss decreased (0.153125 --> 0.146767).  Saving model ...
Updating learning rate to 3.723321399909056e-06
Epoch: 13 cost time: 3.3596997261047363
Epoch: 13, Steps: 29 | Train Loss: 0.0898791 Vali Loss: 0.1419272 Test Loss: 0.0746596
Validation loss decreased (0.146767 --> 0.141927).  Saving model ...
Updating learning rate to 4.209380362212844e-06
Epoch: 14 cost time: 3.3823888301849365
Epoch: 14, Steps: 29 | Train Loss: 0.0878631 Vali Loss: 0.1382729 Test Loss: 0.0727604
Validation loss decreased (0.141927 --> 0.138273).  Saving model ...
Updating learning rate to 4.706317731183279e-06
Epoch: 15 cost time: 3.384246826171875
Epoch: 15, Steps: 29 | Train Loss: 0.0860733 Vali Loss: 0.1354239 Test Loss: 0.0706410
Validation loss decreased (0.138273 --> 0.135424).  Saving model ...
Updating learning rate to 5.208676430682048e-06
Epoch: 16 cost time: 3.433236598968506
Epoch: 16, Steps: 29 | Train Loss: 0.0843076 Vali Loss: 0.1329796 Test Loss: 0.0685011
Validation loss decreased (0.135424 --> 0.132980).  Saving model ...
Updating learning rate to 5.710939850683244e-06
Epoch: 17 cost time: 3.411043643951416
Epoch: 17, Steps: 29 | Train Loss: 0.0827148 Vali Loss: 0.1304551 Test Loss: 0.0672405
Validation loss decreased (0.132980 --> 0.130455).  Saving model ...
Updating learning rate to 6.207592427464792e-06
Epoch: 18 cost time: 3.424518346786499
Epoch: 18, Steps: 29 | Train Loss: 0.0814593 Vali Loss: 0.1293242 Test Loss: 0.0655748
Validation loss decreased (0.130455 --> 0.129324).  Saving model ...
Updating learning rate to 6.693180212309968e-06
Epoch: 19 cost time: 3.4606993198394775
Epoch: 19, Steps: 29 | Train Loss: 0.0802657 Vali Loss: 0.1281185 Test Loss: 0.0644874
Validation loss decreased (0.129324 --> 0.128119).  Saving model ...
Updating learning rate to 7.1623707635889015e-06
Epoch: 20 cost time: 3.4588112831115723
Epoch: 20, Steps: 29 | Train Loss: 0.0793363 Vali Loss: 0.1272545 Test Loss: 0.0636126
Validation loss decreased (0.128119 --> 0.127255).  Saving model ...
Updating learning rate to 7.610011704520164e-06
Epoch: 21 cost time: 3.437222480773926
Epoch: 21, Steps: 29 | Train Loss: 0.0785492 Vali Loss: 0.1260804 Test Loss: 0.0626045
Validation loss decreased (0.127255 --> 0.126080).  Saving model ...
Updating learning rate to 8.031187303565295e-06
Epoch: 22 cost time: 3.4442996978759766
Epoch: 22, Steps: 29 | Train Loss: 0.0777054 Vali Loss: 0.1250333 Test Loss: 0.0624331
Validation loss decreased (0.126080 --> 0.125033).  Saving model ...
Updating learning rate to 8.421272456123378e-06
Epoch: 23 cost time: 3.4523861408233643
Epoch: 23, Steps: 29 | Train Loss: 0.0768004 Vali Loss: 0.1244686 Test Loss: 0.0613510
Validation loss decreased (0.125033 --> 0.124469).  Saving model ...
Updating learning rate to 8.775983474730246e-06
Epoch: 24 cost time: 3.4416747093200684
Epoch: 24, Steps: 29 | Train Loss: 0.0760382 Vali Loss: 0.1236454 Test Loss: 0.0604930
Validation loss decreased (0.124469 --> 0.123645).  Saving model ...
Updating learning rate to 9.091425130013939e-06
Epoch: 25 cost time: 3.4608888626098633
Epoch: 25, Steps: 29 | Train Loss: 0.0752188 Vali Loss: 0.1227694 Test Loss: 0.0595407
Validation loss decreased (0.123645 --> 0.122769).  Saving model ...
Updating learning rate to 9.364133425830145e-06
Epoch: 26 cost time: 3.490046262741089
Epoch: 26, Steps: 29 | Train Loss: 0.0745203 Vali Loss: 0.1222880 Test Loss: 0.0588882
Validation loss decreased (0.122769 --> 0.122288).  Saving model ...
Updating learning rate to 9.591113638846019e-06
Epoch: 27 cost time: 3.4469549655914307
Epoch: 27, Steps: 29 | Train Loss: 0.0737051 Vali Loss: 0.1217657 Test Loss: 0.0583111
Validation loss decreased (0.122288 --> 0.121766).  Saving model ...
Updating learning rate to 9.769873204843885e-06
Epoch: 28 cost time: 3.4709811210632324
Epoch: 28, Steps: 29 | Train Loss: 0.0729723 Vali Loss: 0.1209655 Test Loss: 0.0577485
Validation loss decreased (0.121766 --> 0.120966).  Saving model ...
Updating learning rate to 9.898449090606656e-06
Epoch: 29 cost time: 3.4799680709838867
Epoch: 29, Steps: 29 | Train Loss: 0.0721712 Vali Loss: 0.1198738 Test Loss: 0.0572921
Validation loss decreased (0.120966 --> 0.119874).  Saving model ...
Updating learning rate to 9.975429350802846e-06
Epoch: 30 cost time: 3.4636483192443848
Epoch: 30, Steps: 29 | Train Loss: 0.0715265 Vali Loss: 0.1193447 Test Loss: 0.0566662
Validation loss decreased (0.119874 --> 0.119345).  Saving model ...
Updating learning rate to 9.99999401249548e-06
Epoch: 31 cost time: 3.456085443496704
Epoch: 31, Steps: 29 | Train Loss: 0.0708050 Vali Loss: 0.1181535 Test Loss: 0.0563980
Validation loss decreased (0.119345 --> 0.118154).  Saving model ...
Updating learning rate to 9.994612212745642e-06
Epoch: 32 cost time: 3.475571632385254
Epoch: 32, Steps: 29 | Train Loss: 0.0700479 Vali Loss: 0.1181797 Test Loss: 0.0558376
EarlyStopping counter: 1 out of 10
Updating learning rate to 9.979171968972798e-06
Epoch: 33 cost time: 3.4734766483306885
Epoch: 33, Steps: 29 | Train Loss: 0.0694075 Vali Loss: 0.1175691 Test Loss: 0.0554663
Validation loss decreased (0.118154 --> 0.117569).  Saving model ...
Updating learning rate to 9.953704375773079e-06
Epoch: 34 cost time: 3.4653453826904297
Epoch: 34, Steps: 29 | Train Loss: 0.0687098 Vali Loss: 0.1164257 Test Loss: 0.0550055
Validation loss decreased (0.117569 --> 0.116426).  Saving model ...
Updating learning rate to 9.918260721489893e-06
Epoch: 35 cost time: 3.46522855758667
Epoch: 35, Steps: 29 | Train Loss: 0.0680075 Vali Loss: 0.1168035 Test Loss: 0.0540809
EarlyStopping counter: 1 out of 10
Updating learning rate to 9.872912384926035e-06
Epoch: 36 cost time: 3.4618868827819824
Epoch: 36, Steps: 29 | Train Loss: 0.0672817 Vali Loss: 0.1150300 Test Loss: 0.0542218
Validation loss decreased (0.116426 --> 0.115030).  Saving model ...
Updating learning rate to 9.817750691596265e-06
Epoch: 37 cost time: 3.4791109561920166
Epoch: 37, Steps: 29 | Train Loss: 0.0666826 Vali Loss: 0.1158410 Test Loss: 0.0534654
EarlyStopping counter: 1 out of 10
Updating learning rate to 9.752886729809889e-06
Epoch: 38 cost time: 3.478222370147705
Epoch: 38, Steps: 29 | Train Loss: 0.0660938 Vali Loss: 0.1147116 Test Loss: 0.0530830
Validation loss decreased (0.115030 --> 0.114712).  Saving model ...
Updating learning rate to 9.678451126953676e-06
Epoch: 39 cost time: 3.5329487323760986
Epoch: 39, Steps: 29 | Train Loss: 0.0653479 Vali Loss: 0.1141468 Test Loss: 0.0526151
Validation loss decreased (0.114712 --> 0.114147).  Saving model ...
Updating learning rate to 9.594593786425696e-06
Epoch: 40 cost time: 3.4905686378479004
Epoch: 40, Steps: 29 | Train Loss: 0.0647189 Vali Loss: 0.1127242 Test Loss: 0.0524532
Validation loss decreased (0.114147 --> 0.112724).  Saving model ...
Updating learning rate to 9.501483585749811e-06
Epoch: 41 cost time: 3.468937397003174
Epoch: 41, Steps: 29 | Train Loss: 0.0641471 Vali Loss: 0.1131088 Test Loss: 0.0519702
EarlyStopping counter: 1 out of 10
Updating learning rate to 9.399308036478838e-06
Epoch: 42 cost time: 3.542372941970825
Epoch: 42, Steps: 29 | Train Loss: 0.0635118 Vali Loss: 0.1126858 Test Loss: 0.0516063
Validation loss decreased (0.112724 --> 0.112686).  Saving model ...
Updating learning rate to 9.288272906571216e-06
Epoch: 43 cost time: 3.494245767593384
Epoch: 43, Steps: 29 | Train Loss: 0.0629137 Vali Loss: 0.1126965 Test Loss: 0.0512300
EarlyStopping counter: 1 out of 10
Updating learning rate to 9.16860180600173e-06
Epoch: 44 cost time: 3.4747474193573
Epoch: 44, Steps: 29 | Train Loss: 0.0623403 Vali Loss: 0.1111946 Test Loss: 0.0509091
Validation loss decreased (0.112686 --> 0.111195).  Saving model ...
Updating learning rate to 9.040535736440785e-06
Epoch: 45 cost time: 3.5047712326049805
Epoch: 45, Steps: 29 | Train Loss: 0.0617228 Vali Loss: 0.1090803 Test Loss: 0.0509612
Validation loss decreased (0.111195 --> 0.109080).  Saving model ...
Updating learning rate to 8.904332605909106e-06
Epoch: 46 cost time: 3.486191749572754
Epoch: 46, Steps: 29 | Train Loss: 0.0612164 Vali Loss: 0.1084335 Test Loss: 0.0504595
Validation loss decreased (0.109080 --> 0.108433).  Saving model ...
Updating learning rate to 8.760266709385311e-06
Epoch: 47 cost time: 3.4877398014068604
Epoch: 47, Steps: 29 | Train Loss: 0.0606491 Vali Loss: 0.1093176 Test Loss: 0.0498978
EarlyStopping counter: 1 out of 10
Updating learning rate to 8.608628176412335e-06
Epoch: 48 cost time: 3.4855449199676514
Epoch: 48, Steps: 29 | Train Loss: 0.0599766 Vali Loss: 0.1074918 Test Loss: 0.0497259
Validation loss decreased (0.108433 --> 0.107492).  Saving model ...
Updating learning rate to 8.449722386815127e-06
Epoch: 49 cost time: 3.4850733280181885
Epoch: 49, Steps: 29 | Train Loss: 0.0595160 Vali Loss: 0.1068877 Test Loss: 0.0493967
Validation loss decreased (0.107492 --> 0.106888).  Saving model ...
Updating learning rate to 8.28386935570634e-06
Epoch: 50 cost time: 3.4965224266052246
Epoch: 50, Steps: 29 | Train Loss: 0.0589336 Vali Loss: 0.1064154 Test Loss: 0.0490522
Validation loss decreased (0.106888 --> 0.106415).  Saving model ...
Updating learning rate to 8.111403089018465e-06
Epoch: 51 cost time: 3.4934659004211426
Epoch: 51, Steps: 29 | Train Loss: 0.0583801 Vali Loss: 0.1063861 Test Loss: 0.0487103
Validation loss decreased (0.106415 --> 0.106386).  Saving model ...
Updating learning rate to 7.93267091086035e-06
Epoch: 52 cost time: 3.5046675205230713
Epoch: 52, Steps: 29 | Train Loss: 0.0578723 Vali Loss: 0.1052330 Test Loss: 0.0484421
Validation loss decreased (0.106386 --> 0.105233).  Saving model ...
Updating learning rate to 7.748032764052655e-06
Epoch: 53 cost time: 3.4968433380126953
Epoch: 53, Steps: 29 | Train Loss: 0.0573439 Vali Loss: 0.1040660 Test Loss: 0.0480741
Validation loss decreased (0.105233 --> 0.104066).  Saving model ...
Updating learning rate to 7.557860485250925e-06
Epoch: 54 cost time: 3.4953675270080566
Epoch: 54, Steps: 29 | Train Loss: 0.0567989 Vali Loss: 0.1041359 Test Loss: 0.0476504
EarlyStopping counter: 1 out of 10
Updating learning rate to 7.362537056116034e-06
Epoch: 55 cost time: 3.5502281188964844
Epoch: 55, Steps: 29 | Train Loss: 0.0563074 Vali Loss: 0.1039727 Test Loss: 0.0472798
Validation loss decreased (0.104066 --> 0.103973).  Saving model ...
Updating learning rate to 7.162455832040107e-06
Epoch: 56 cost time: 3.5174601078033447
Epoch: 56, Steps: 29 | Train Loss: 0.0558648 Vali Loss: 0.1017389 Test Loss: 0.0473147
Validation loss decreased (0.103973 --> 0.101739).  Saving model ...
Updating learning rate to 6.9580197499810984e-06
Epoch: 57 cost time: 3.55592942237854
Epoch: 57, Steps: 29 | Train Loss: 0.0553134 Vali Loss: 0.1012361 Test Loss: 0.0469815
Validation loss decreased (0.101739 --> 0.101236).  Saving model ...
Updating learning rate to 6.7496405170013816e-06
Epoch: 58 cost time: 3.5242271423339844
Epoch: 58, Steps: 29 | Train Loss: 0.0548818 Vali Loss: 0.1006626 Test Loss: 0.0466018
Validation loss decreased (0.101236 --> 0.100663).  Saving model ...
Updating learning rate to 6.537737781144523e-06
Epoch: 59 cost time: 3.5044198036193848
Epoch: 59, Steps: 29 | Train Loss: 0.0543262 Vali Loss: 0.1005969 Test Loss: 0.0461577
Validation loss decreased (0.100663 --> 0.100597).  Saving model ...
Updating learning rate to 6.322738286319964e-06
Epoch: 60 cost time: 3.499711513519287
Epoch: 60, Steps: 29 | Train Loss: 0.0538757 Vali Loss: 0.0989530 Test Loss: 0.0459595
Validation loss decreased (0.100597 --> 0.098953).  Saving model ...
Updating learning rate to 6.105075012897585e-06
Epoch: 61 cost time: 3.5215282440185547
Epoch: 61, Steps: 29 | Train Loss: 0.0534146 Vali Loss: 0.0993694 Test Loss: 0.0455374
EarlyStopping counter: 1 out of 10
Updating learning rate to 5.885186305742857e-06
Epoch: 62 cost time: 3.5196380615234375
Epoch: 62, Steps: 29 | Train Loss: 0.0529642 Vali Loss: 0.0978396 Test Loss: 0.0454032
Validation loss decreased (0.098953 --> 0.097840).  Saving model ...
Updating learning rate to 5.6635149914486225e-06
Epoch: 63 cost time: 3.5272717475891113
Epoch: 63, Steps: 29 | Train Loss: 0.0525325 Vali Loss: 0.0971732 Test Loss: 0.0451940
Validation loss decreased (0.097840 --> 0.097173).  Saving model ...
Updating learning rate to 5.440507486541268e-06
Epoch: 64 cost time: 3.4977455139160156
Epoch: 64, Steps: 29 | Train Loss: 0.0520664 Vali Loss: 0.0967371 Test Loss: 0.0447155
Validation loss decreased (0.097173 --> 0.096737).  Saving model ...
Updating learning rate to 5.216612898457253e-06
Epoch: 65 cost time: 3.5386691093444824
Epoch: 65, Steps: 29 | Train Loss: 0.0516613 Vali Loss: 0.0962380 Test Loss: 0.0444434
Validation loss decreased (0.096737 --> 0.096238).  Saving model ...
Updating learning rate to 4.992282121100496e-06
Epoch: 66 cost time: 3.5181946754455566
Epoch: 66, Steps: 29 | Train Loss: 0.0512190 Vali Loss: 0.0952919 Test Loss: 0.0441346
Validation loss decreased (0.096238 --> 0.095292).  Saving model ...
Updating learning rate to 4.767966926802067e-06
Epoch: 67 cost time: 3.502812147140503
Epoch: 67, Steps: 29 | Train Loss: 0.0507799 Vali Loss: 0.0943261 Test Loss: 0.0437833
Validation loss decreased (0.095292 --> 0.094326).  Saving model ...
Updating learning rate to 4.5441190565108235e-06
Epoch: 68 cost time: 3.551769495010376
Epoch: 68, Steps: 29 | Train Loss: 0.0503436 Vali Loss: 0.0936829 Test Loss: 0.0435435
Validation loss decreased (0.094326 --> 0.093683).  Saving model ...
Updating learning rate to 4.3211893100472735e-06
Epoch: 69 cost time: 3.7676148414611816
Epoch: 69, Steps: 29 | Train Loss: 0.0499292 Vali Loss: 0.0933571 Test Loss: 0.0431415
Validation loss decreased (0.093683 --> 0.093357).  Saving model ...
Updating learning rate to 4.099626638252712e-06
Epoch: 70 cost time: 3.528621196746826
Epoch: 70, Steps: 29 | Train Loss: 0.0495035 Vali Loss: 0.0927132 Test Loss: 0.0428695
Validation loss decreased (0.093357 --> 0.092713).  Saving model ...
Updating learning rate to 3.879877238861997e-06
Epoch: 71 cost time: 3.5604872703552246
Epoch: 71, Steps: 29 | Train Loss: 0.0491445 Vali Loss: 0.0918032 Test Loss: 0.0425921
Validation loss decreased (0.092713 --> 0.091803).  Saving model ...
Updating learning rate to 3.662383657920668e-06
Epoch: 72 cost time: 3.5167734622955322
Epoch: 72, Steps: 29 | Train Loss: 0.0487140 Vali Loss: 0.0908251 Test Loss: 0.0423905
Validation loss decreased (0.091803 --> 0.090825).  Saving model ...
Updating learning rate to 3.447583898556124e-06
Epoch: 73 cost time: 3.512817144393921
Epoch: 73, Steps: 29 | Train Loss: 0.0483126 Vali Loss: 0.0903394 Test Loss: 0.0420076
Validation loss decreased (0.090825 --> 0.090339).  Saving model ...
Updating learning rate to 3.2359105388976132e-06
Epoch: 74 cost time: 3.525796413421631
Epoch: 74, Steps: 29 | Train Loss: 0.0479743 Vali Loss: 0.0897227 Test Loss: 0.0417298
Validation loss decreased (0.090339 --> 0.089723).  Saving model ...
Updating learning rate to 3.027789860921434e-06
Epoch: 75 cost time: 3.666562795639038
Epoch: 75, Steps: 29 | Train Loss: 0.0475431 Vali Loss: 0.0887372 Test Loss: 0.0414824
Validation loss decreased (0.089723 --> 0.088737).  Saving model ...
Updating learning rate to 2.8236409919757893e-06
Epoch: 76 cost time: 3.5008184909820557
Epoch: 76, Steps: 29 | Train Loss: 0.0472283 Vali Loss: 0.0883833 Test Loss: 0.0410957
Validation loss decreased (0.088737 --> 0.088383).  Saving model ...
Updating learning rate to 2.6238750607140637e-06
Epoch: 77 cost time: 3.6568586826324463
Epoch: 77, Steps: 29 | Train Loss: 0.0468687 Vali Loss: 0.0878296 Test Loss: 0.0408030
Validation loss decreased (0.088383 --> 0.087830).  Saving model ...
Updating learning rate to 2.4288943691364434e-06
Epoch: 78 cost time: 3.7277870178222656
Epoch: 78, Steps: 29 | Train Loss: 0.0464636 Vali Loss: 0.0874607 Test Loss: 0.0404755
Validation loss decreased (0.087830 --> 0.087461).  Saving model ...
Updating learning rate to 2.2390915824072217e-06
Epoch: 79 cost time: 3.607041835784912
Epoch: 79, Steps: 29 | Train Loss: 0.0461062 Vali Loss: 0.0862104 Test Loss: 0.0402766
Validation loss decreased (0.087461 --> 0.086210).  Saving model ...
Updating learning rate to 2.0548489380794217e-06
Epoch: 80 cost time: 3.504605293273926
Epoch: 80, Steps: 29 | Train Loss: 0.0457195 Vali Loss: 0.0858310 Test Loss: 0.0398898
Validation loss decreased (0.086210 --> 0.085831).  Saving model ...
Updating learning rate to 1.876537476319218e-06
Epoch: 81 cost time: 3.522019147872925
Epoch: 81, Steps: 29 | Train Loss: 0.0453864 Vali Loss: 0.0851350 Test Loss: 0.0398958
Validation loss decreased (0.085831 --> 0.085135).  Saving model ...
Updating learning rate to 1.7045162926804444e-06
Epoch: 82 cost time: 3.5310535430908203
Epoch: 82, Steps: 29 | Train Loss: 0.0453609 Vali Loss: 0.0853486 Test Loss: 0.0398711
EarlyStopping counter: 1 out of 10
Updating learning rate to 1.5391318149339123e-06
Epoch: 83 cost time: 3.5349693298339844
Epoch: 83, Steps: 29 | Train Loss: 0.0453977 Vali Loss: 0.0857988 Test Loss: 0.0397979
EarlyStopping counter: 2 out of 10
Updating learning rate to 1.3807171054080036e-06
Epoch: 84 cost time: 3.5254404544830322
Epoch: 84, Steps: 29 | Train Loss: 0.0453359 Vali Loss: 0.0856560 Test Loss: 0.0398269
EarlyStopping counter: 3 out of 10
Updating learning rate to 1.2295911902454577e-06
Epoch: 85 cost time: 3.5438621044158936
Epoch: 85, Steps: 29 | Train Loss: 0.0453061 Vali Loss: 0.0856169 Test Loss: 0.0398385
EarlyStopping counter: 4 out of 10
Updating learning rate to 1.0860584169271784e-06
Epoch: 86 cost time: 3.5343101024627686
Epoch: 86, Steps: 29 | Train Loss: 0.0453410 Vali Loss: 0.0853920 Test Loss: 0.0398510
EarlyStopping counter: 5 out of 10
Updating learning rate to 9.504078413569088e-07
Epoch: 87 cost time: 3.7727134227752686
Epoch: 87, Steps: 29 | Train Loss: 0.0453272 Vali Loss: 0.0856050 Test Loss: 0.0398222
EarlyStopping counter: 6 out of 10
Updating learning rate to 8.229126457411124e-07
Epoch: 88 cost time: 3.5882394313812256
Epoch: 88, Steps: 29 | Train Loss: 0.0452891 Vali Loss: 0.0854519 Test Loss: 0.0398817
EarlyStopping counter: 7 out of 10
Updating learning rate to 7.038295884363647e-07
Epoch: 89 cost time: 3.6192901134490967
Epoch: 89, Steps: 29 | Train Loss: 0.0453148 Vali Loss: 0.0856698 Test Loss: 0.0398376
EarlyStopping counter: 8 out of 10
Updating learning rate to 5.933984868721898e-07
Epoch: 90 cost time: 3.562497615814209
Epoch: 90, Steps: 29 | Train Loss: 0.0453032 Vali Loss: 0.0855043 Test Loss: 0.0398656
EarlyStopping counter: 9 out of 10
Updating learning rate to 4.918417345906772e-07
Epoch: 91 cost time: 3.5970828533172607
Epoch: 91, Steps: 29 | Train Loss: 0.0452916 Vali Loss: 0.0856730 Test Loss: 0.0398664
EarlyStopping counter: 10 out of 10
Early stopping
>>>>>>>testing : ETTh1_336_720_DTFNet_ETTh1_ftM_sl336_ll0_pl720_dm128_nh16_el2_br2_dl1_df256_fc1_ebtimeF_dtTrue_'Exp'_0_'rel_sin'_16_8_16,24_8,12_3_1_256<<<<<<<<<<<<<<<<<<<<<<<<<<<<<<<<<
test 2161
mse:0.42181387543678284, mae:0.445832222700119, rse:0.6238001585006714
