Args in experiment:
Namespace(is_training=1, model_id='ETTh1_336_720', model='DTFNet', data='ETTh1', root_path='./dataset/', data_path='ETTh1.csv', features='M', target='OT', freq='h', checkpoints='./checkpoints/', seq_len=336, label_len=0, pred_len=720, n_branches=2, patch_len_ls='16,24', stride_ls='8,12', d_model_ls='128', n_heads_ls='16', rel_pe="'rel_sin'", res_attn=False, head_type='flatten', fc_dropout=0.3, head_dropout=0.1, patch_len=16, stride=8, padding_patch="'end'", revin=1, affine=0, subtract_last=0, decomposition=0, kernel_size=25, individual=0, store_attn=False, pre_norm=False, pe='zeros', no_learn_pe=True, embed_type=0, enc_in=7, dec_in=7, c_out=7, d_model=128, n_heads=16, e_layers=2, d_layers=1, d_ff=256, moving_avg=25, factor=1, distil=True, dropout=0.3, embed='timeF', activation='gelu', output_attention=False, do_predict=False, num_workers=0, itr=1, train_epochs=100, batch_size=256, patience=10, learning_rate=1e-05, des="'Exp'", loss='mse', lradj='TST', pct_start=0.3, use_amp=False, l2=0.0, warmup_steps=0, use_gpu=True, gpu=0, use_multi_gpu=False, devices='0', test_flop=False, use_mlflow=False, mlflow_project='exp', loss_flag=2, sub_patch_len=16, sub_stride=8, stride_ls_list='16', model_type='linear', tfactor=3, dilation_rates='1', wavelet_layers=2, wavelet_type='db5', wavelet_mode='periodization', wavelet_dim=64, initTLV=0.2)
Use GPU: cuda:0
>>>>>>>start training : ETTh1_336_720_DTFNet_ETTh1_ftM_sl336_ll0_pl720_dm128_nh16_el2_br2_dl1_df256_fc1_ebtimeF_dtTrue_'Exp'_0_'rel_sin'_16_8_16,24_8,12_3_1_256>>>>>>>>>>>>>>>>>>>>>>>>>>
train 7585
val 2161
test 2161
Epoch: 1 cost time: 3.7207884788513184
Epoch: 1, Steps: 29 | Train Loss: 0.1076415 Vali Loss: 0.1788122 Test Loss: 0.0999025
Validation loss decreased (inf --> 0.178812).  Saving model ...
Updating learning rate to 4.2635539919063106e-07
Epoch: 2 cost time: 3.2930381298065186
Epoch: 2, Steps: 29 | Train Loss: 0.1067420 Vali Loss: 0.1775334 Test Loss: 0.0990883
Validation loss decreased (0.178812 --> 0.177533).  Saving model ...
Updating learning rate to 5.051321771514831e-07
Epoch: 3 cost time: 3.29496431350708
Epoch: 3, Steps: 29 | Train Loss: 0.1057857 Vali Loss: 0.1757721 Test Loss: 0.0981933
Validation loss decreased (0.177533 --> 0.175772).  Saving model ...
Updating learning rate to 6.354652532866785e-07
Epoch: 4 cost time: 3.2905726432800293
Epoch: 4, Steps: 29 | Train Loss: 0.1049412 Vali Loss: 0.1744859 Test Loss: 0.0972344
Validation loss decreased (0.175772 --> 0.174486).  Saving model ...
Updating learning rate to 8.159233858256806e-07
Epoch: 5 cost time: 3.3055427074432373
Epoch: 5, Steps: 29 | Train Loss: 0.1039468 Vali Loss: 0.1721568 Test Loss: 0.0961878
Validation loss decreased (0.174486 --> 0.172157).  Saving model ...
Updating learning rate to 1.0445248888850473e-06
Epoch: 6 cost time: 3.298056125640869
Epoch: 6, Steps: 29 | Train Loss: 0.1029561 Vali Loss: 0.1704417 Test Loss: 0.0950304
Validation loss decreased (0.172157 --> 0.170442).  Saving model ...
Updating learning rate to 1.3187593941861497e-06
Epoch: 7 cost time: 3.298943281173706
Epoch: 7, Steps: 29 | Train Loss: 0.1019427 Vali Loss: 0.1681498 Test Loss: 0.0936897
Validation loss decreased (0.170442 --> 0.168150).  Saving model ...
Updating learning rate to 1.6356154184543822e-06
Epoch: 8 cost time: 3.300243377685547
Epoch: 8, Steps: 29 | Train Loss: 0.1006917 Vali Loss: 0.1660477 Test Loss: 0.0920989
Validation loss decreased (0.168150 --> 0.166048).  Saving model ...
Updating learning rate to 1.9916134337707666e-06
Epoch: 9 cost time: 3.3145768642425537
Epoch: 9, Steps: 29 | Train Loss: 0.0992924 Vali Loss: 0.1627273 Test Loss: 0.0900710
Validation loss decreased (0.166048 --> 0.162727).  Saving model ...
Updating learning rate to 2.3828440777166636e-06
Epoch: 10 cost time: 3.3278727531433105
Epoch: 10, Steps: 29 | Train Loss: 0.0975520 Vali Loss: 0.1589985 Test Loss: 0.0873166
Validation loss decreased (0.162727 --> 0.158999).  Saving model ...
Updating learning rate to 2.805011083710071e-06
Epoch: 11 cost time: 3.3298866748809814
Epoch: 11, Steps: 29 | Train Loss: 0.0953954 Vali Loss: 0.1537951 Test Loss: 0.0835059
Validation loss decreased (0.158999 --> 0.153795).  Saving model ...
Updating learning rate to 3.2534784600976295e-06
Epoch: 12 cost time: 3.3323755264282227
Epoch: 12, Steps: 29 | Train Loss: 0.0927427 Vali Loss: 0.1479997 Test Loss: 0.0789547
Validation loss decreased (0.153795 --> 0.148000).  Saving model ...
Updating learning rate to 3.723321399909056e-06
Epoch: 13 cost time: 3.338191270828247
Epoch: 13, Steps: 29 | Train Loss: 0.0901816 Vali Loss: 0.1427934 Test Loss: 0.0755360
Validation loss decreased (0.148000 --> 0.142793).  Saving model ...
Updating learning rate to 4.209380362212844e-06
Epoch: 14 cost time: 3.340787649154663
Epoch: 14, Steps: 29 | Train Loss: 0.0881263 Vali Loss: 0.1389684 Test Loss: 0.0735067
Validation loss decreased (0.142793 --> 0.138968).  Saving model ...
Updating learning rate to 4.706317731183279e-06
Epoch: 15 cost time: 3.3417892456054688
Epoch: 15, Steps: 29 | Train Loss: 0.0863003 Vali Loss: 0.1359298 Test Loss: 0.0715711
Validation loss decreased (0.138968 --> 0.135930).  Saving model ...
Updating learning rate to 5.208676430682048e-06
Epoch: 16 cost time: 3.341261863708496
Epoch: 16, Steps: 29 | Train Loss: 0.0845887 Vali Loss: 0.1335053 Test Loss: 0.0694156
Validation loss decreased (0.135930 --> 0.133505).  Saving model ...
Updating learning rate to 5.710939850683244e-06
Epoch: 17 cost time: 3.3450891971588135
Epoch: 17, Steps: 29 | Train Loss: 0.0830548 Vali Loss: 0.1315186 Test Loss: 0.0676093
Validation loss decreased (0.133505 --> 0.131519).  Saving model ...
Updating learning rate to 6.207592427464792e-06
Epoch: 18 cost time: 3.3380863666534424
Epoch: 18, Steps: 29 | Train Loss: 0.0816501 Vali Loss: 0.1301648 Test Loss: 0.0660857
Validation loss decreased (0.131519 --> 0.130165).  Saving model ...
Updating learning rate to 6.693180212309968e-06
Epoch: 19 cost time: 3.349236011505127
Epoch: 19, Steps: 29 | Train Loss: 0.0804782 Vali Loss: 0.1287106 Test Loss: 0.0649018
Validation loss decreased (0.130165 --> 0.128711).  Saving model ...
Updating learning rate to 7.1623707635889015e-06
Epoch: 20 cost time: 3.3604772090911865
Epoch: 20, Steps: 29 | Train Loss: 0.0794947 Vali Loss: 0.1277687 Test Loss: 0.0637998
Validation loss decreased (0.128711 --> 0.127769).  Saving model ...
Updating learning rate to 7.610011704520164e-06
Epoch: 21 cost time: 3.360059976577759
Epoch: 21, Steps: 29 | Train Loss: 0.0786654 Vali Loss: 0.1265443 Test Loss: 0.0629856
Validation loss decreased (0.127769 --> 0.126544).  Saving model ...
Updating learning rate to 8.031187303565295e-06
Epoch: 22 cost time: 3.35355544090271
Epoch: 22, Steps: 29 | Train Loss: 0.0777873 Vali Loss: 0.1256727 Test Loss: 0.0621077
Validation loss decreased (0.126544 --> 0.125673).  Saving model ...
Updating learning rate to 8.421272456123378e-06
Epoch: 23 cost time: 3.3685879707336426
Epoch: 23, Steps: 29 | Train Loss: 0.0768962 Vali Loss: 0.1248798 Test Loss: 0.0615555
Validation loss decreased (0.125673 --> 0.124880).  Saving model ...
Updating learning rate to 8.775983474730246e-06
Epoch: 24 cost time: 3.399446725845337
Epoch: 24, Steps: 29 | Train Loss: 0.0760945 Vali Loss: 0.1237361 Test Loss: 0.0605972
Validation loss decreased (0.124880 --> 0.123736).  Saving model ...
Updating learning rate to 9.091425130013939e-06
Epoch: 25 cost time: 3.358003854751587
Epoch: 25, Steps: 29 | Train Loss: 0.0753727 Vali Loss: 0.1228371 Test Loss: 0.0599861
Validation loss decreased (0.123736 --> 0.122837).  Saving model ...
Updating learning rate to 9.364133425830145e-06
Epoch: 26 cost time: 3.351551055908203
Epoch: 26, Steps: 29 | Train Loss: 0.0746080 Vali Loss: 0.1218016 Test Loss: 0.0594614
Validation loss decreased (0.122837 --> 0.121802).  Saving model ...
Updating learning rate to 9.591113638846019e-06
Epoch: 27 cost time: 3.3696670532226562
Epoch: 27, Steps: 29 | Train Loss: 0.0738623 Vali Loss: 0.1212263 Test Loss: 0.0587731
Validation loss decreased (0.121802 --> 0.121226).  Saving model ...
Updating learning rate to 9.769873204843885e-06
Epoch: 28 cost time: 3.364520311355591
Epoch: 28, Steps: 29 | Train Loss: 0.0731116 Vali Loss: 0.1208293 Test Loss: 0.0580543
Validation loss decreased (0.121226 --> 0.120829).  Saving model ...
Updating learning rate to 9.898449090606656e-06
Epoch: 29 cost time: 3.4111692905426025
Epoch: 29, Steps: 29 | Train Loss: 0.0723698 Vali Loss: 0.1191834 Test Loss: 0.0575789
Validation loss decreased (0.120829 --> 0.119183).  Saving model ...
Updating learning rate to 9.975429350802846e-06
Epoch: 30 cost time: 3.388667345046997
Epoch: 30, Steps: 29 | Train Loss: 0.0717147 Vali Loss: 0.1181794 Test Loss: 0.0573250
Validation loss decreased (0.119183 --> 0.118179).  Saving model ...
Updating learning rate to 9.99999401249548e-06
Epoch: 31 cost time: 3.3840835094451904
Epoch: 31, Steps: 29 | Train Loss: 0.0709575 Vali Loss: 0.1175482 Test Loss: 0.0568890
Validation loss decreased (0.118179 --> 0.117548).  Saving model ...
Updating learning rate to 9.994612212745642e-06
Epoch: 32 cost time: 3.385291576385498
Epoch: 32, Steps: 29 | Train Loss: 0.0702533 Vali Loss: 0.1168899 Test Loss: 0.0564338
Validation loss decreased (0.117548 --> 0.116890).  Saving model ...
Updating learning rate to 9.979171968972798e-06
Epoch: 33 cost time: 3.4405574798583984
Epoch: 33, Steps: 29 | Train Loss: 0.0695413 Vali Loss: 0.1159856 Test Loss: 0.0554882
Validation loss decreased (0.116890 --> 0.115986).  Saving model ...
Updating learning rate to 9.953704375773079e-06
Epoch: 34 cost time: 3.3853981494903564
Epoch: 34, Steps: 29 | Train Loss: 0.0688544 Vali Loss: 0.1153397 Test Loss: 0.0551833
Validation loss decreased (0.115986 --> 0.115340).  Saving model ...
Updating learning rate to 9.918260721489893e-06
Epoch: 35 cost time: 3.3997883796691895
Epoch: 35, Steps: 29 | Train Loss: 0.0681815 Vali Loss: 0.1144719 Test Loss: 0.0547442
Validation loss decreased (0.115340 --> 0.114472).  Saving model ...
Updating learning rate to 9.872912384926035e-06
Epoch: 36 cost time: 3.38962984085083
Epoch: 36, Steps: 29 | Train Loss: 0.0674741 Vali Loss: 0.1135442 Test Loss: 0.0543569
Validation loss decreased (0.114472 --> 0.113544).  Saving model ...
Updating learning rate to 9.817750691596265e-06
Epoch: 37 cost time: 3.4042513370513916
Epoch: 37, Steps: 29 | Train Loss: 0.0668560 Vali Loss: 0.1133021 Test Loss: 0.0536585
Validation loss decreased (0.113544 --> 0.113302).  Saving model ...
Updating learning rate to 9.752886729809889e-06
Epoch: 38 cost time: 3.907026529312134
Epoch: 38, Steps: 29 | Train Loss: 0.0661874 Vali Loss: 0.1121201 Test Loss: 0.0533752
Validation loss decreased (0.113302 --> 0.112120).  Saving model ...
Updating learning rate to 9.678451126953676e-06
Epoch: 39 cost time: 3.5695998668670654
Epoch: 39, Steps: 29 | Train Loss: 0.0655832 Vali Loss: 0.1113496 Test Loss: 0.0532047
Validation loss decreased (0.112120 --> 0.111350).  Saving model ...
Updating learning rate to 9.594593786425696e-06
Epoch: 40 cost time: 3.499593734741211
Epoch: 40, Steps: 29 | Train Loss: 0.0649519 Vali Loss: 0.1104474 Test Loss: 0.0528804
Validation loss decreased (0.111350 --> 0.110447).  Saving model ...
Updating learning rate to 9.501483585749811e-06
Epoch: 41 cost time: 3.5398762226104736
Epoch: 41, Steps: 29 | Train Loss: 0.0642277 Vali Loss: 0.1106179 Test Loss: 0.0521997
EarlyStopping counter: 1 out of 10
Updating learning rate to 9.399308036478838e-06
Epoch: 42 cost time: 3.48140287399292
Epoch: 42, Steps: 29 | Train Loss: 0.0636544 Vali Loss: 0.1094371 Test Loss: 0.0520207
Validation loss decreased (0.110447 --> 0.109437).  Saving model ...
Updating learning rate to 9.288272906571216e-06
Epoch: 43 cost time: 3.6249356269836426
Epoch: 43, Steps: 29 | Train Loss: 0.0630037 Vali Loss: 0.1085415 Test Loss: 0.0518213
Validation loss decreased (0.109437 --> 0.108541).  Saving model ...
Updating learning rate to 9.16860180600173e-06
Epoch: 44 cost time: 3.576869487762451
Epoch: 44, Steps: 29 | Train Loss: 0.0623849 Vali Loss: 0.1075941 Test Loss: 0.0512063
Validation loss decreased (0.108541 --> 0.107594).  Saving model ...
Updating learning rate to 9.040535736440785e-06
Epoch: 45 cost time: 3.4956276416778564
Epoch: 45, Steps: 29 | Train Loss: 0.0618275 Vali Loss: 0.1061466 Test Loss: 0.0516166
Validation loss decreased (0.107594 --> 0.106147).  Saving model ...
Updating learning rate to 8.904332605909106e-06
Epoch: 46 cost time: 3.4868197441101074
Epoch: 46, Steps: 29 | Train Loss: 0.0612561 Vali Loss: 0.1054582 Test Loss: 0.0510884
Validation loss decreased (0.106147 --> 0.105458).  Saving model ...
Updating learning rate to 8.760266709385311e-06
Epoch: 47 cost time: 3.5491604804992676
Epoch: 47, Steps: 29 | Train Loss: 0.0606663 Vali Loss: 0.1054132 Test Loss: 0.0502971
Validation loss decreased (0.105458 --> 0.105413).  Saving model ...
Updating learning rate to 8.608628176412335e-06
Epoch: 48 cost time: 3.5724406242370605
Epoch: 48, Steps: 29 | Train Loss: 0.0601568 Vali Loss: 0.1049068 Test Loss: 0.0496953
Validation loss decreased (0.105413 --> 0.104907).  Saving model ...
Updating learning rate to 8.449722386815127e-06
Epoch: 49 cost time: 3.4801790714263916
Epoch: 49, Steps: 29 | Train Loss: 0.0594967 Vali Loss: 0.1040576 Test Loss: 0.0495762
Validation loss decreased (0.104907 --> 0.104058).  Saving model ...
Updating learning rate to 8.28386935570634e-06
Epoch: 50 cost time: 3.528456449508667
Epoch: 50, Steps: 29 | Train Loss: 0.0589581 Vali Loss: 0.1029879 Test Loss: 0.0492987
Validation loss decreased (0.104058 --> 0.102988).  Saving model ...
Updating learning rate to 8.111403089018465e-06
Epoch: 51 cost time: 3.5136754512786865
Epoch: 51, Steps: 29 | Train Loss: 0.0584670 Vali Loss: 0.1026942 Test Loss: 0.0489898
Validation loss decreased (0.102988 --> 0.102694).  Saving model ...
Updating learning rate to 7.93267091086035e-06
Epoch: 52 cost time: 3.4834680557250977
Epoch: 52, Steps: 29 | Train Loss: 0.0579070 Vali Loss: 0.1017829 Test Loss: 0.0485857
Validation loss decreased (0.102694 --> 0.101783).  Saving model ...
Updating learning rate to 7.748032764052655e-06
Epoch: 53 cost time: 3.570641040802002
Epoch: 53, Steps: 29 | Train Loss: 0.0574049 Vali Loss: 0.1008794 Test Loss: 0.0483075
Validation loss decreased (0.101783 --> 0.100879).  Saving model ...
Updating learning rate to 7.557860485250925e-06
Epoch: 54 cost time: 3.4819960594177246
Epoch: 54, Steps: 29 | Train Loss: 0.0568331 Vali Loss: 0.1005303 Test Loss: 0.0477870
Validation loss decreased (0.100879 --> 0.100530).  Saving model ...
Updating learning rate to 7.362537056116034e-06
Epoch: 55 cost time: 3.5167219638824463
Epoch: 55, Steps: 29 | Train Loss: 0.0563256 Vali Loss: 0.0987730 Test Loss: 0.0480131
Validation loss decreased (0.100530 --> 0.098773).  Saving model ...
Updating learning rate to 7.162455832040107e-06
Epoch: 56 cost time: 3.4773473739624023
Epoch: 56, Steps: 29 | Train Loss: 0.0558420 Vali Loss: 0.0983722 Test Loss: 0.0474911
Validation loss decreased (0.098773 --> 0.098372).  Saving model ...
Updating learning rate to 6.9580197499810984e-06
Epoch: 57 cost time: 3.5999250411987305
Epoch: 57, Steps: 29 | Train Loss: 0.0553293 Vali Loss: 0.0972166 Test Loss: 0.0473061
Validation loss decreased (0.098372 --> 0.097217).  Saving model ...
Updating learning rate to 6.7496405170013816e-06
Epoch: 58 cost time: 3.57826828956604
Epoch: 58, Steps: 29 | Train Loss: 0.0548148 Vali Loss: 0.0971486 Test Loss: 0.0468067
Validation loss decreased (0.097217 --> 0.097149).  Saving model ...
Updating learning rate to 6.537737781144523e-06
Epoch: 59 cost time: 3.56354022026062
Epoch: 59, Steps: 29 | Train Loss: 0.0543580 Vali Loss: 0.0959340 Test Loss: 0.0466123
Validation loss decreased (0.097149 --> 0.095934).  Saving model ...
Updating learning rate to 6.322738286319964e-06
Epoch: 60 cost time: 3.54419207572937
Epoch: 60, Steps: 29 | Train Loss: 0.0538818 Vali Loss: 0.0962181 Test Loss: 0.0460851
EarlyStopping counter: 1 out of 10
Updating learning rate to 6.105075012897585e-06
Epoch: 61 cost time: 3.6009860038757324
Epoch: 61, Steps: 29 | Train Loss: 0.0534065 Vali Loss: 0.0946298 Test Loss: 0.0460354
Validation loss decreased (0.095934 --> 0.094630).  Saving model ...
Updating learning rate to 5.885186305742857e-06
Epoch: 62 cost time: 3.5222725868225098
Epoch: 62, Steps: 29 | Train Loss: 0.0529765 Vali Loss: 0.0943996 Test Loss: 0.0454628
Validation loss decreased (0.094630 --> 0.094400).  Saving model ...
Updating learning rate to 5.6635149914486225e-06
Epoch: 63 cost time: 3.741830587387085
Epoch: 63, Steps: 29 | Train Loss: 0.0524452 Vali Loss: 0.0934045 Test Loss: 0.0452200
Validation loss decreased (0.094400 --> 0.093405).  Saving model ...
Updating learning rate to 5.440507486541268e-06
Epoch: 64 cost time: 3.5656235218048096
Epoch: 64, Steps: 29 | Train Loss: 0.0520275 Vali Loss: 0.0928551 Test Loss: 0.0452336
Validation loss decreased (0.093405 --> 0.092855).  Saving model ...
Updating learning rate to 5.216612898457253e-06
Epoch: 65 cost time: 3.4781992435455322
Epoch: 65, Steps: 29 | Train Loss: 0.0515958 Vali Loss: 0.0924300 Test Loss: 0.0446228
Validation loss decreased (0.092855 --> 0.092430).  Saving model ...
Updating learning rate to 4.992282121100496e-06
Epoch: 66 cost time: 3.4739296436309814
Epoch: 66, Steps: 29 | Train Loss: 0.0511384 Vali Loss: 0.0915267 Test Loss: 0.0444351
Validation loss decreased (0.092430 --> 0.091527).  Saving model ...
Updating learning rate to 4.767966926802067e-06
Epoch: 67 cost time: 3.506141185760498
Epoch: 67, Steps: 29 | Train Loss: 0.0507239 Vali Loss: 0.0907034 Test Loss: 0.0440533
Validation loss decreased (0.091527 --> 0.090703).  Saving model ...
Updating learning rate to 4.5441190565108235e-06
Epoch: 68 cost time: 3.4826958179473877
Epoch: 68, Steps: 29 | Train Loss: 0.0503185 Vali Loss: 0.0901243 Test Loss: 0.0437484
Validation loss decreased (0.090703 --> 0.090124).  Saving model ...
Updating learning rate to 4.3211893100472735e-06
Epoch: 69 cost time: 3.471475601196289
Epoch: 69, Steps: 29 | Train Loss: 0.0498941 Vali Loss: 0.0894040 Test Loss: 0.0434791
Validation loss decreased (0.090124 --> 0.089404).  Saving model ...
Updating learning rate to 4.099626638252712e-06
Epoch: 70 cost time: 3.4806644916534424
Epoch: 70, Steps: 29 | Train Loss: 0.0495107 Vali Loss: 0.0886575 Test Loss: 0.0432165
Validation loss decreased (0.089404 --> 0.088657).  Saving model ...
Updating learning rate to 3.879877238861997e-06
Epoch: 71 cost time: 3.4966447353363037
Epoch: 71, Steps: 29 | Train Loss: 0.0490518 Vali Loss: 0.0883422 Test Loss: 0.0427366
Validation loss decreased (0.088657 --> 0.088342).  Saving model ...
Updating learning rate to 3.662383657920668e-06
Epoch: 72 cost time: 3.472140073776245
Epoch: 72, Steps: 29 | Train Loss: 0.0486997 Vali Loss: 0.0874366 Test Loss: 0.0424804
Validation loss decreased (0.088342 --> 0.087437).  Saving model ...
Updating learning rate to 3.447583898556124e-06
Epoch: 73 cost time: 3.4627749919891357
Epoch: 73, Steps: 29 | Train Loss: 0.0482696 Vali Loss: 0.0870842 Test Loss: 0.0421337
Validation loss decreased (0.087437 --> 0.087084).  Saving model ...
Updating learning rate to 3.2359105388976132e-06
Epoch: 74 cost time: 3.465362787246704
Epoch: 74, Steps: 29 | Train Loss: 0.0479160 Vali Loss: 0.0860687 Test Loss: 0.0419320
Validation loss decreased (0.087084 --> 0.086069).  Saving model ...
Updating learning rate to 3.027789860921434e-06
Epoch: 75 cost time: 3.482729911804199
Epoch: 75, Steps: 29 | Train Loss: 0.0475003 Vali Loss: 0.0854283 Test Loss: 0.0416004
Validation loss decreased (0.086069 --> 0.085428).  Saving model ...
Updating learning rate to 2.8236409919757893e-06
Epoch: 76 cost time: 3.4394571781158447
Epoch: 76, Steps: 29 | Train Loss: 0.0471007 Vali Loss: 0.0846269 Test Loss: 0.0413728
Validation loss decreased (0.085428 --> 0.084627).  Saving model ...
Updating learning rate to 2.6238750607140637e-06
Epoch: 77 cost time: 3.464134454727173
Epoch: 77, Steps: 29 | Train Loss: 0.0467607 Vali Loss: 0.0839764 Test Loss: 0.0410530
Validation loss decreased (0.084627 --> 0.083976).  Saving model ...
Updating learning rate to 2.4288943691364434e-06
Epoch: 78 cost time: 3.444000720977783
Epoch: 78, Steps: 29 | Train Loss: 0.0463135 Vali Loss: 0.0834494 Test Loss: 0.0408580
Validation loss decreased (0.083976 --> 0.083449).  Saving model ...
Updating learning rate to 2.2390915824072217e-06
Epoch: 79 cost time: 3.4561927318573
Epoch: 79, Steps: 29 | Train Loss: 0.0460044 Vali Loss: 0.0825790 Test Loss: 0.0405349
Validation loss decreased (0.083449 --> 0.082579).  Saving model ...
Updating learning rate to 2.0548489380794217e-06
Epoch: 80 cost time: 3.438993453979492
Epoch: 80, Steps: 29 | Train Loss: 0.0456306 Vali Loss: 0.0821898 Test Loss: 0.0400727
Validation loss decreased (0.082579 --> 0.082190).  Saving model ...
Updating learning rate to 1.876537476319218e-06
Epoch: 81 cost time: 3.463919162750244
Epoch: 81, Steps: 29 | Train Loss: 0.0453914 Vali Loss: 0.0817903 Test Loss: 0.0401185
Validation loss decreased (0.082190 --> 0.081790).  Saving model ...
Updating learning rate to 1.7045162926804444e-06
Epoch: 82 cost time: 3.444232225418091
Epoch: 82, Steps: 29 | Train Loss: 0.0454004 Vali Loss: 0.0819668 Test Loss: 0.0401581
EarlyStopping counter: 1 out of 10
Updating learning rate to 1.5391318149339123e-06
Epoch: 83 cost time: 3.477961301803589
Epoch: 83, Steps: 29 | Train Loss: 0.0453558 Vali Loss: 0.0821063 Test Loss: 0.0400958
EarlyStopping counter: 2 out of 10
Updating learning rate to 1.3807171054080036e-06
Epoch: 84 cost time: 3.4637744426727295
Epoch: 84, Steps: 29 | Train Loss: 0.0453045 Vali Loss: 0.0819033 Test Loss: 0.0401423
EarlyStopping counter: 3 out of 10
Updating learning rate to 1.2295911902454577e-06
Epoch: 85 cost time: 3.4626920223236084
Epoch: 85, Steps: 29 | Train Loss: 0.0453138 Vali Loss: 0.0820252 Test Loss: 0.0401371
EarlyStopping counter: 4 out of 10
Updating learning rate to 1.0860584169271784e-06
Epoch: 86 cost time: 3.4471099376678467
Epoch: 86, Steps: 29 | Train Loss: 0.0453253 Vali Loss: 0.0818333 Test Loss: 0.0401510
EarlyStopping counter: 5 out of 10
Updating learning rate to 9.504078413569088e-07
Epoch: 87 cost time: 3.4821202754974365
Epoch: 87, Steps: 29 | Train Loss: 0.0453080 Vali Loss: 0.0817108 Test Loss: 0.0402328
Validation loss decreased (0.081790 --> 0.081711).  Saving model ...
Updating learning rate to 8.229126457411124e-07
Epoch: 88 cost time: 3.5045511722564697
Epoch: 88, Steps: 29 | Train Loss: 0.0452731 Vali Loss: 0.0822296 Test Loss: 0.0400858
EarlyStopping counter: 1 out of 10
Updating learning rate to 7.038295884363647e-07
Epoch: 89 cost time: 3.48310923576355
Epoch: 89, Steps: 29 | Train Loss: 0.0453160 Vali Loss: 0.0820398 Test Loss: 0.0402004
EarlyStopping counter: 2 out of 10
Updating learning rate to 5.933984868721898e-07
Epoch: 90 cost time: 3.4852726459503174
Epoch: 90, Steps: 29 | Train Loss: 0.0452770 Vali Loss: 0.0821074 Test Loss: 0.0401757
EarlyStopping counter: 3 out of 10
Updating learning rate to 4.918417345906772e-07
Epoch: 91 cost time: 3.4711925983428955
Epoch: 91, Steps: 29 | Train Loss: 0.0452921 Vali Loss: 0.0822700 Test Loss: 0.0401569
EarlyStopping counter: 4 out of 10
Updating learning rate to 3.9936385337548097e-07
Epoch: 92 cost time: 3.4542672634124756
Epoch: 92, Steps: 29 | Train Loss: 0.0453157 Vali Loss: 0.0819349 Test Loss: 0.0401831
EarlyStopping counter: 5 out of 10
Updating learning rate to 3.161510813721721e-07
Epoch: 93 cost time: 3.451054096221924
Epoch: 93, Steps: 29 | Train Loss: 0.0453032 Vali Loss: 0.0821788 Test Loss: 0.0401911
EarlyStopping counter: 6 out of 10
Updating learning rate to 2.4237099802938663e-07
Epoch: 94 cost time: 3.4628496170043945
Epoch: 94, Steps: 29 | Train Loss: 0.0452824 Vali Loss: 0.0820996 Test Loss: 0.0401579
EarlyStopping counter: 7 out of 10
Updating learning rate to 1.7817218661613333e-07
Epoch: 95 cost time: 3.4423294067382812
Epoch: 95, Steps: 29 | Train Loss: 0.0452789 Vali Loss: 0.0821101 Test Loss: 0.0401544
EarlyStopping counter: 8 out of 10
Updating learning rate to 1.236839349948492e-07
Epoch: 96 cost time: 3.4696314334869385
Epoch: 96, Steps: 29 | Train Loss: 0.0452837 Vali Loss: 0.0820296 Test Loss: 0.0401653
EarlyStopping counter: 9 out of 10
Updating learning rate to 7.90159752528609e-08
Epoch: 97 cost time: 3.453723669052124
Epoch: 97, Steps: 29 | Train Loss: 0.0452767 Vali Loss: 0.0820742 Test Loss: 0.0401894
EarlyStopping counter: 10 out of 10
Early stopping
>>>>>>>testing : ETTh1_336_720_DTFNet_ETTh1_ftM_sl336_ll0_pl720_dm128_nh16_el2_br2_dl1_df256_fc1_ebtimeF_dtTrue_'Exp'_0_'rel_sin'_16_8_16,24_8,12_3_1_256<<<<<<<<<<<<<<<<<<<<<<<<<<<<<<<<<
test 2161
mse:0.4276229739189148, mae:0.4492657482624054, rse:0.6280809044837952
