Args in experiment:
Namespace(is_training=1, model_id='ETTh1_336_720', model='DTFNet', data='ETTh1', root_path='./dataset/', data_path='ETTh1.csv', features='M', target='OT', freq='h', checkpoints='./checkpoints/', seq_len=336, label_len=0, pred_len=720, n_branches=2, patch_len_ls='16,24', stride_ls='8,12', d_model_ls='128', n_heads_ls='16', rel_pe="'rel_sin'", res_attn=False, head_type='flatten', fc_dropout=0.3, head_dropout=0.1, patch_len=16, stride=8, padding_patch="'end'", revin=1, affine=0, subtract_last=0, decomposition=0, kernel_size=25, individual=0, store_attn=False, pre_norm=False, pe='zeros', no_learn_pe=True, embed_type=0, enc_in=7, dec_in=7, c_out=7, d_model=128, n_heads=16, e_layers=2, d_layers=1, d_ff=256, moving_avg=25, factor=1, distil=True, dropout=0.3, embed='timeF', activation='gelu', output_attention=False, do_predict=False, num_workers=0, itr=1, train_epochs=100, batch_size=256, patience=10, learning_rate=1e-05, des="'Exp'", loss='mse', lradj='TST', pct_start=0.3, use_amp=False, l2=0.0, warmup_steps=0, use_gpu=True, gpu=0, use_multi_gpu=False, devices='0', test_flop=False, use_mlflow=False, mlflow_project='exp', loss_flag=2, sub_patch_len=16, sub_stride=8, stride_ls_list='16', model_type='linear', tfactor=3, dilation_rates='1', wavelet_layers=2, wavelet_type='db5', wavelet_mode='periodization', wavelet_dim=64, initTLV=0.2)
Use GPU: cuda:0
>>>>>>>start training : ETTh1_336_720_DTFNet_ETTh1_ftM_sl336_ll0_pl720_dm128_nh16_el2_br2_dl1_df256_fc1_ebtimeF_dtTrue_'Exp'_0_'rel_sin'_16_8_16,24_8,12_3_1_256>>>>>>>>>>>>>>>>>>>>>>>>>>
train 7585
val 2161
test 2161
Epoch: 1 cost time: 3.734583616256714
Epoch: 1, Steps: 29 | Train Loss: 0.1075495 Vali Loss: 0.1789081 Test Loss: 0.0998091
Validation loss decreased (inf --> 0.178908).  Saving model ...
Updating learning rate to 4.2635539919063106e-07
Epoch: 2 cost time: 3.3198561668395996
Epoch: 2, Steps: 29 | Train Loss: 0.1067007 Vali Loss: 0.1775115 Test Loss: 0.0989756
Validation loss decreased (0.178908 --> 0.177512).  Saving model ...
Updating learning rate to 5.051321771514831e-07
Epoch: 3 cost time: 3.3124682903289795
Epoch: 3, Steps: 29 | Train Loss: 0.1058313 Vali Loss: 0.1757491 Test Loss: 0.0980723
Validation loss decreased (0.177512 --> 0.175749).  Saving model ...
Updating learning rate to 6.354652532866785e-07
Epoch: 4 cost time: 3.3185815811157227
Epoch: 4, Steps: 29 | Train Loss: 0.1049458 Vali Loss: 0.1742989 Test Loss: 0.0971177
Validation loss decreased (0.175749 --> 0.174299).  Saving model ...
Updating learning rate to 8.159233858256806e-07
Epoch: 5 cost time: 3.365511655807495
Epoch: 5, Steps: 29 | Train Loss: 0.1040052 Vali Loss: 0.1723000 Test Loss: 0.0960748
Validation loss decreased (0.174299 --> 0.172300).  Saving model ...
Updating learning rate to 1.0445248888850473e-06
Epoch: 6 cost time: 3.3268883228302
Epoch: 6, Steps: 29 | Train Loss: 0.1030173 Vali Loss: 0.1703079 Test Loss: 0.0949125
Validation loss decreased (0.172300 --> 0.170308).  Saving model ...
Updating learning rate to 1.3187593941861497e-06
Epoch: 7 cost time: 3.3372786045074463
Epoch: 7, Steps: 29 | Train Loss: 0.1019237 Vali Loss: 0.1682236 Test Loss: 0.0935881
Validation loss decreased (0.170308 --> 0.168224).  Saving model ...
Updating learning rate to 1.6356154184543822e-06
Epoch: 8 cost time: 3.3643624782562256
Epoch: 8, Steps: 29 | Train Loss: 0.1006748 Vali Loss: 0.1659065 Test Loss: 0.0919815
Validation loss decreased (0.168224 --> 0.165906).  Saving model ...
Updating learning rate to 1.9916134337707666e-06
Epoch: 9 cost time: 3.3563520908355713
Epoch: 9, Steps: 29 | Train Loss: 0.0992835 Vali Loss: 0.1627978 Test Loss: 0.0899221
Validation loss decreased (0.165906 --> 0.162798).  Saving model ...
Updating learning rate to 2.3828440777166636e-06
Epoch: 10 cost time: 3.3753092288970947
Epoch: 10, Steps: 29 | Train Loss: 0.0975487 Vali Loss: 0.1586090 Test Loss: 0.0871721
Validation loss decreased (0.162798 --> 0.158609).  Saving model ...
Updating learning rate to 2.805011083710071e-06
Epoch: 11 cost time: 3.384131908416748
Epoch: 11, Steps: 29 | Train Loss: 0.0953530 Vali Loss: 0.1535111 Test Loss: 0.0832704
Validation loss decreased (0.158609 --> 0.153511).  Saving model ...
Updating learning rate to 3.2534784600976295e-06
Epoch: 12 cost time: 3.377244710922241
Epoch: 12, Steps: 29 | Train Loss: 0.0926943 Vali Loss: 0.1475728 Test Loss: 0.0787662
Validation loss decreased (0.153511 --> 0.147573).  Saving model ...
Updating learning rate to 3.723321399909056e-06
Epoch: 13 cost time: 3.399000406265259
Epoch: 13, Steps: 29 | Train Loss: 0.0900764 Vali Loss: 0.1425706 Test Loss: 0.0752362
Validation loss decreased (0.147573 --> 0.142571).  Saving model ...
Updating learning rate to 4.209380362212844e-06
Epoch: 14 cost time: 3.4072391986846924
Epoch: 14, Steps: 29 | Train Loss: 0.0881184 Vali Loss: 0.1390311 Test Loss: 0.0734643
Validation loss decreased (0.142571 --> 0.139031).  Saving model ...
Updating learning rate to 4.706317731183279e-06
Epoch: 15 cost time: 3.4125125408172607
Epoch: 15, Steps: 29 | Train Loss: 0.0862489 Vali Loss: 0.1359122 Test Loss: 0.0715164
Validation loss decreased (0.139031 --> 0.135912).  Saving model ...
Updating learning rate to 5.208676430682048e-06
Epoch: 16 cost time: 3.418386459350586
Epoch: 16, Steps: 29 | Train Loss: 0.0845105 Vali Loss: 0.1332781 Test Loss: 0.0697628
Validation loss decreased (0.135912 --> 0.133278).  Saving model ...
Updating learning rate to 5.710939850683244e-06
Epoch: 17 cost time: 3.4390456676483154
Epoch: 17, Steps: 29 | Train Loss: 0.0829266 Vali Loss: 0.1312347 Test Loss: 0.0676810
Validation loss decreased (0.133278 --> 0.131235).  Saving model ...
Updating learning rate to 6.207592427464792e-06
Epoch: 18 cost time: 3.43902587890625
Epoch: 18, Steps: 29 | Train Loss: 0.0815356 Vali Loss: 0.1297890 Test Loss: 0.0660368
Validation loss decreased (0.131235 --> 0.129789).  Saving model ...
Updating learning rate to 6.693180212309968e-06
Epoch: 19 cost time: 3.4355661869049072
Epoch: 19, Steps: 29 | Train Loss: 0.0803811 Vali Loss: 0.1287844 Test Loss: 0.0650551
Validation loss decreased (0.129789 --> 0.128784).  Saving model ...
Updating learning rate to 7.1623707635889015e-06
Epoch: 20 cost time: 3.4103689193725586
Epoch: 20, Steps: 29 | Train Loss: 0.0794355 Vali Loss: 0.1278469 Test Loss: 0.0640261
Validation loss decreased (0.128784 --> 0.127847).  Saving model ...
Updating learning rate to 7.610011704520164e-06
Epoch: 21 cost time: 3.434413433074951
Epoch: 21, Steps: 29 | Train Loss: 0.0785084 Vali Loss: 0.1266376 Test Loss: 0.0631367
Validation loss decreased (0.127847 --> 0.126638).  Saving model ...
Updating learning rate to 8.031187303565295e-06
Epoch: 22 cost time: 3.5057871341705322
Epoch: 22, Steps: 29 | Train Loss: 0.0777418 Vali Loss: 0.1262970 Test Loss: 0.0624296
Validation loss decreased (0.126638 --> 0.126297).  Saving model ...
Updating learning rate to 8.421272456123378e-06
Epoch: 23 cost time: 3.4329421520233154
Epoch: 23, Steps: 29 | Train Loss: 0.0769453 Vali Loss: 0.1247476 Test Loss: 0.0617851
Validation loss decreased (0.126297 --> 0.124748).  Saving model ...
Updating learning rate to 8.775983474730246e-06
Epoch: 24 cost time: 3.4673807621002197
Epoch: 24, Steps: 29 | Train Loss: 0.0760267 Vali Loss: 0.1238252 Test Loss: 0.0608259
Validation loss decreased (0.124748 --> 0.123825).  Saving model ...
Updating learning rate to 9.091425130013939e-06
Epoch: 25 cost time: 3.44646954536438
Epoch: 25, Steps: 29 | Train Loss: 0.0753024 Vali Loss: 0.1229913 Test Loss: 0.0601995
Validation loss decreased (0.123825 --> 0.122991).  Saving model ...
Updating learning rate to 9.364133425830145e-06
Epoch: 26 cost time: 3.420604944229126
Epoch: 26, Steps: 29 | Train Loss: 0.0745237 Vali Loss: 0.1221358 Test Loss: 0.0595478
Validation loss decreased (0.122991 --> 0.122136).  Saving model ...
Updating learning rate to 9.591113638846019e-06
Epoch: 27 cost time: 3.4647979736328125
Epoch: 27, Steps: 29 | Train Loss: 0.0738382 Vali Loss: 0.1212809 Test Loss: 0.0585892
Validation loss decreased (0.122136 --> 0.121281).  Saving model ...
Updating learning rate to 9.769873204843885e-06
Epoch: 28 cost time: 3.4361753463745117
Epoch: 28, Steps: 29 | Train Loss: 0.0730313 Vali Loss: 0.1205739 Test Loss: 0.0581752
Validation loss decreased (0.121281 --> 0.120574).  Saving model ...
Updating learning rate to 9.898449090606656e-06
Epoch: 29 cost time: 3.458188772201538
Epoch: 29, Steps: 29 | Train Loss: 0.0722703 Vali Loss: 0.1199032 Test Loss: 0.0573446
Validation loss decreased (0.120574 --> 0.119903).  Saving model ...
Updating learning rate to 9.975429350802846e-06
Epoch: 30 cost time: 3.44606876373291
Epoch: 30, Steps: 29 | Train Loss: 0.0715583 Vali Loss: 0.1193318 Test Loss: 0.0568053
Validation loss decreased (0.119903 --> 0.119332).  Saving model ...
Updating learning rate to 9.99999401249548e-06
Epoch: 31 cost time: 3.4431400299072266
Epoch: 31, Steps: 29 | Train Loss: 0.0708011 Vali Loss: 0.1179220 Test Loss: 0.0564873
Validation loss decreased (0.119332 --> 0.117922).  Saving model ...
Updating learning rate to 9.994612212745642e-06
Epoch: 32 cost time: 3.4328043460845947
Epoch: 32, Steps: 29 | Train Loss: 0.0700979 Vali Loss: 0.1171773 Test Loss: 0.0560172
Validation loss decreased (0.117922 --> 0.117177).  Saving model ...
Updating learning rate to 9.979171968972798e-06
Epoch: 33 cost time: 3.4430854320526123
Epoch: 33, Steps: 29 | Train Loss: 0.0694103 Vali Loss: 0.1168245 Test Loss: 0.0554706
Validation loss decreased (0.117177 --> 0.116825).  Saving model ...
Updating learning rate to 9.953704375773079e-06
Epoch: 34 cost time: 3.525362253189087
Epoch: 34, Steps: 29 | Train Loss: 0.0688172 Vali Loss: 0.1161227 Test Loss: 0.0552517
Validation loss decreased (0.116825 --> 0.116123).  Saving model ...
Updating learning rate to 9.918260721489893e-06
Epoch: 35 cost time: 3.428222417831421
Epoch: 35, Steps: 29 | Train Loss: 0.0680895 Vali Loss: 0.1160727 Test Loss: 0.0543847
Validation loss decreased (0.116123 --> 0.116073).  Saving model ...
Updating learning rate to 9.872912384926035e-06
Epoch: 36 cost time: 3.4285614490509033
Epoch: 36, Steps: 29 | Train Loss: 0.0673688 Vali Loss: 0.1142785 Test Loss: 0.0542287
Validation loss decreased (0.116073 --> 0.114278).  Saving model ...
Updating learning rate to 9.817750691596265e-06
Epoch: 37 cost time: 3.444227933883667
Epoch: 37, Steps: 29 | Train Loss: 0.0667576 Vali Loss: 0.1140534 Test Loss: 0.0535118
Validation loss decreased (0.114278 --> 0.114053).  Saving model ...
Updating learning rate to 9.752886729809889e-06
Epoch: 38 cost time: 3.435105085372925
Epoch: 38, Steps: 29 | Train Loss: 0.0660413 Vali Loss: 0.1132933 Test Loss: 0.0531602
Validation loss decreased (0.114053 --> 0.113293).  Saving model ...
Updating learning rate to 9.678451126953676e-06
Epoch: 39 cost time: 3.4590370655059814
Epoch: 39, Steps: 29 | Train Loss: 0.0653695 Vali Loss: 0.1125885 Test Loss: 0.0526744
Validation loss decreased (0.113293 --> 0.112589).  Saving model ...
Updating learning rate to 9.594593786425696e-06
Epoch: 40 cost time: 3.4499735832214355
Epoch: 40, Steps: 29 | Train Loss: 0.0647762 Vali Loss: 0.1123402 Test Loss: 0.0524596
Validation loss decreased (0.112589 --> 0.112340).  Saving model ...
Updating learning rate to 9.501483585749811e-06
Epoch: 41 cost time: 3.448514938354492
Epoch: 41, Steps: 29 | Train Loss: 0.0641736 Vali Loss: 0.1109425 Test Loss: 0.0521154
Validation loss decreased (0.112340 --> 0.110942).  Saving model ...
Updating learning rate to 9.399308036478838e-06
Epoch: 42 cost time: 3.437394857406616
Epoch: 42, Steps: 29 | Train Loss: 0.0635725 Vali Loss: 0.1103322 Test Loss: 0.0517296
Validation loss decreased (0.110942 --> 0.110332).  Saving model ...
Updating learning rate to 9.288272906571216e-06
Epoch: 43 cost time: 3.478081703186035
Epoch: 43, Steps: 29 | Train Loss: 0.0629618 Vali Loss: 0.1094485 Test Loss: 0.0511386
Validation loss decreased (0.110332 --> 0.109448).  Saving model ...
Updating learning rate to 9.16860180600173e-06
Epoch: 44 cost time: 3.4417834281921387
Epoch: 44, Steps: 29 | Train Loss: 0.0623160 Vali Loss: 0.1087403 Test Loss: 0.0510274
Validation loss decreased (0.109448 --> 0.108740).  Saving model ...
Updating learning rate to 9.040535736440785e-06
Epoch: 45 cost time: 3.437875986099243
Epoch: 45, Steps: 29 | Train Loss: 0.0617975 Vali Loss: 0.1078548 Test Loss: 0.0506680
Validation loss decreased (0.108740 --> 0.107855).  Saving model ...
Updating learning rate to 8.904332605909106e-06
Epoch: 46 cost time: 3.4439876079559326
Epoch: 46, Steps: 29 | Train Loss: 0.0611826 Vali Loss: 0.1069804 Test Loss: 0.0502476
Validation loss decreased (0.107855 --> 0.106980).  Saving model ...
Updating learning rate to 8.760266709385311e-06
Epoch: 47 cost time: 3.4309604167938232
Epoch: 47, Steps: 29 | Train Loss: 0.0606049 Vali Loss: 0.1070139 Test Loss: 0.0497281
EarlyStopping counter: 1 out of 10
Updating learning rate to 8.608628176412335e-06
Epoch: 48 cost time: 3.447446823120117
Epoch: 48, Steps: 29 | Train Loss: 0.0600169 Vali Loss: 0.1063195 Test Loss: 0.0493997
Validation loss decreased (0.106980 --> 0.106320).  Saving model ...
Updating learning rate to 8.449722386815127e-06
Epoch: 49 cost time: 3.464420795440674
Epoch: 49, Steps: 29 | Train Loss: 0.0595175 Vali Loss: 0.1047411 Test Loss: 0.0493182
Validation loss decreased (0.106320 --> 0.104741).  Saving model ...
Updating learning rate to 8.28386935570634e-06
Epoch: 50 cost time: 3.4383184909820557
Epoch: 50, Steps: 29 | Train Loss: 0.0588969 Vali Loss: 0.1051579 Test Loss: 0.0486253
EarlyStopping counter: 1 out of 10
Updating learning rate to 8.111403089018465e-06
Epoch: 51 cost time: 3.4480602741241455
Epoch: 51, Steps: 29 | Train Loss: 0.0583759 Vali Loss: 0.1036020 Test Loss: 0.0486038
Validation loss decreased (0.104741 --> 0.103602).  Saving model ...
Updating learning rate to 7.93267091086035e-06
Epoch: 52 cost time: 3.451082229614258
Epoch: 52, Steps: 29 | Train Loss: 0.0578735 Vali Loss: 0.1030576 Test Loss: 0.0480769
Validation loss decreased (0.103602 --> 0.103058).  Saving model ...
Updating learning rate to 7.748032764052655e-06
Epoch: 53 cost time: 3.4707820415496826
Epoch: 53, Steps: 29 | Train Loss: 0.0573858 Vali Loss: 0.1023173 Test Loss: 0.0477578
Validation loss decreased (0.103058 --> 0.102317).  Saving model ...
Updating learning rate to 7.557860485250925e-06
Epoch: 54 cost time: 3.5155534744262695
Epoch: 54, Steps: 29 | Train Loss: 0.0568979 Vali Loss: 0.1013113 Test Loss: 0.0477249
Validation loss decreased (0.102317 --> 0.101311).  Saving model ...
Updating learning rate to 7.362537056116034e-06
Epoch: 55 cost time: 3.496213436126709
Epoch: 55, Steps: 29 | Train Loss: 0.0563100 Vali Loss: 0.1003709 Test Loss: 0.0473718
Validation loss decreased (0.101311 --> 0.100371).  Saving model ...
Updating learning rate to 7.162455832040107e-06
Epoch: 56 cost time: 3.486886978149414
Epoch: 56, Steps: 29 | Train Loss: 0.0558569 Vali Loss: 0.1003088 Test Loss: 0.0467693
Validation loss decreased (0.100371 --> 0.100309).  Saving model ...
Updating learning rate to 6.9580197499810984e-06
Epoch: 57 cost time: 3.4703752994537354
Epoch: 57, Steps: 29 | Train Loss: 0.0553512 Vali Loss: 0.0992966 Test Loss: 0.0465796
Validation loss decreased (0.100309 --> 0.099297).  Saving model ...
Updating learning rate to 6.7496405170013816e-06
Epoch: 58 cost time: 3.481936454772949
Epoch: 58, Steps: 29 | Train Loss: 0.0549095 Vali Loss: 0.0986559 Test Loss: 0.0463042
Validation loss decreased (0.099297 --> 0.098656).  Saving model ...
Updating learning rate to 6.537737781144523e-06
Epoch: 59 cost time: 3.4719347953796387
Epoch: 59, Steps: 29 | Train Loss: 0.0543594 Vali Loss: 0.0975167 Test Loss: 0.0459261
Validation loss decreased (0.098656 --> 0.097517).  Saving model ...
Updating learning rate to 6.322738286319964e-06
Epoch: 60 cost time: 3.489323616027832
Epoch: 60, Steps: 29 | Train Loss: 0.0539703 Vali Loss: 0.0969157 Test Loss: 0.0455941
Validation loss decreased (0.097517 --> 0.096916).  Saving model ...
Updating learning rate to 6.105075012897585e-06
Epoch: 61 cost time: 3.475597858428955
Epoch: 61, Steps: 29 | Train Loss: 0.0534329 Vali Loss: 0.0959877 Test Loss: 0.0453235
Validation loss decreased (0.096916 --> 0.095988).  Saving model ...
Updating learning rate to 5.885186305742857e-06
Epoch: 62 cost time: 3.5144248008728027
Epoch: 62, Steps: 29 | Train Loss: 0.0530187 Vali Loss: 0.0956364 Test Loss: 0.0450020
Validation loss decreased (0.095988 --> 0.095636).  Saving model ...
Updating learning rate to 5.6635149914486225e-06
Epoch: 63 cost time: 3.4752674102783203
Epoch: 63, Steps: 29 | Train Loss: 0.0525508 Vali Loss: 0.0938799 Test Loss: 0.0449885
Validation loss decreased (0.095636 --> 0.093880).  Saving model ...
Updating learning rate to 5.440507486541268e-06
Epoch: 64 cost time: 3.5280563831329346
Epoch: 64, Steps: 29 | Train Loss: 0.0520827 Vali Loss: 0.0938751 Test Loss: 0.0445331
Validation loss decreased (0.093880 --> 0.093875).  Saving model ...
Updating learning rate to 5.216612898457253e-06
Epoch: 65 cost time: 4.087305545806885
Epoch: 65, Steps: 29 | Train Loss: 0.0516744 Vali Loss: 0.0928528 Test Loss: 0.0442947
Validation loss decreased (0.093875 --> 0.092853).  Saving model ...
Updating learning rate to 4.992282121100496e-06
Epoch: 66 cost time: 3.6052775382995605
Epoch: 66, Steps: 29 | Train Loss: 0.0512286 Vali Loss: 0.0921553 Test Loss: 0.0438945
Validation loss decreased (0.092853 --> 0.092155).  Saving model ...
Updating learning rate to 4.767966926802067e-06
Epoch: 67 cost time: 3.5185296535491943
Epoch: 67, Steps: 29 | Train Loss: 0.0507688 Vali Loss: 0.0917822 Test Loss: 0.0435830
Validation loss decreased (0.092155 --> 0.091782).  Saving model ...
Updating learning rate to 4.5441190565108235e-06
Epoch: 68 cost time: 3.594064950942993
Epoch: 68, Steps: 29 | Train Loss: 0.0504207 Vali Loss: 0.0909938 Test Loss: 0.0432044
Validation loss decreased (0.091782 --> 0.090994).  Saving model ...
Updating learning rate to 4.3211893100472735e-06
Epoch: 69 cost time: 3.594334125518799
Epoch: 69, Steps: 29 | Train Loss: 0.0499502 Vali Loss: 0.0907223 Test Loss: 0.0428664
Validation loss decreased (0.090994 --> 0.090722).  Saving model ...
Updating learning rate to 4.099626638252712e-06
Epoch: 70 cost time: 3.493903160095215
Epoch: 70, Steps: 29 | Train Loss: 0.0495827 Vali Loss: 0.0895789 Test Loss: 0.0426373
Validation loss decreased (0.090722 --> 0.089579).  Saving model ...
Updating learning rate to 3.879877238861997e-06
Epoch: 71 cost time: 3.472835063934326
Epoch: 71, Steps: 29 | Train Loss: 0.0491547 Vali Loss: 0.0891190 Test Loss: 0.0424577
Validation loss decreased (0.089579 --> 0.089119).  Saving model ...
Updating learning rate to 3.662383657920668e-06
Epoch: 72 cost time: 3.483485698699951
Epoch: 72, Steps: 29 | Train Loss: 0.0487511 Vali Loss: 0.0884911 Test Loss: 0.0419355
Validation loss decreased (0.089119 --> 0.088491).  Saving model ...
Updating learning rate to 3.447583898556124e-06
Epoch: 73 cost time: 3.5235490798950195
Epoch: 73, Steps: 29 | Train Loss: 0.0483333 Vali Loss: 0.0877920 Test Loss: 0.0416747
Validation loss decreased (0.088491 --> 0.087792).  Saving model ...
Updating learning rate to 3.2359105388976132e-06
Epoch: 74 cost time: 3.53798508644104
Epoch: 74, Steps: 29 | Train Loss: 0.0479195 Vali Loss: 0.0871675 Test Loss: 0.0413846
Validation loss decreased (0.087792 --> 0.087167).  Saving model ...
Updating learning rate to 3.027789860921434e-06
Epoch: 75 cost time: 3.4818360805511475
Epoch: 75, Steps: 29 | Train Loss: 0.0475820 Vali Loss: 0.0864899 Test Loss: 0.0410458
Validation loss decreased (0.087167 --> 0.086490).  Saving model ...
Updating learning rate to 2.8236409919757893e-06
Epoch: 76 cost time: 3.515054941177368
Epoch: 76, Steps: 29 | Train Loss: 0.0471763 Vali Loss: 0.0857573 Test Loss: 0.0406944
Validation loss decreased (0.086490 --> 0.085757).  Saving model ...
Updating learning rate to 2.6238750607140637e-06
Epoch: 77 cost time: 3.472180128097534
Epoch: 77, Steps: 29 | Train Loss: 0.0467942 Vali Loss: 0.0848977 Test Loss: 0.0405631
Validation loss decreased (0.085757 --> 0.084898).  Saving model ...
Updating learning rate to 2.4288943691364434e-06
Epoch: 78 cost time: 3.48818039894104
Epoch: 78, Steps: 29 | Train Loss: 0.0464025 Vali Loss: 0.0843405 Test Loss: 0.0401809
Validation loss decreased (0.084898 --> 0.084341).  Saving model ...
Updating learning rate to 2.2390915824072217e-06
Epoch: 79 cost time: 3.488352060317993
Epoch: 79, Steps: 29 | Train Loss: 0.0460794 Vali Loss: 0.0836163 Test Loss: 0.0398102
Validation loss decreased (0.084341 --> 0.083616).  Saving model ...
Updating learning rate to 2.0548489380794217e-06
Epoch: 80 cost time: 3.6207406520843506
Epoch: 80, Steps: 29 | Train Loss: 0.0457306 Vali Loss: 0.0832530 Test Loss: 0.0394982
Validation loss decreased (0.083616 --> 0.083253).  Saving model ...
Updating learning rate to 1.876537476319218e-06
Epoch: 81 cost time: 3.4789443016052246
Epoch: 81, Steps: 29 | Train Loss: 0.0454021 Vali Loss: 0.0830691 Test Loss: 0.0394764
Validation loss decreased (0.083253 --> 0.083069).  Saving model ...
Updating learning rate to 1.7045162926804444e-06
Epoch: 82 cost time: 3.5468099117279053
Epoch: 82, Steps: 29 | Train Loss: 0.0453894 Vali Loss: 0.0828573 Test Loss: 0.0395696
Validation loss decreased (0.083069 --> 0.082857).  Saving model ...
Updating learning rate to 1.5391318149339123e-06
Epoch: 83 cost time: 3.4799749851226807
Epoch: 83, Steps: 29 | Train Loss: 0.0454233 Vali Loss: 0.0829932 Test Loss: 0.0395340
EarlyStopping counter: 1 out of 10
Updating learning rate to 1.3807171054080036e-06
Epoch: 84 cost time: 3.4732494354248047
Epoch: 84, Steps: 29 | Train Loss: 0.0454235 Vali Loss: 0.0828624 Test Loss: 0.0395564
EarlyStopping counter: 2 out of 10
Updating learning rate to 1.2295911902454577e-06
Epoch: 85 cost time: 3.4893107414245605
Epoch: 85, Steps: 29 | Train Loss: 0.0453563 Vali Loss: 0.0828046 Test Loss: 0.0395427
Validation loss decreased (0.082857 --> 0.082805).  Saving model ...
Updating learning rate to 1.0860584169271784e-06
Epoch: 86 cost time: 3.4716408252716064
Epoch: 86, Steps: 29 | Train Loss: 0.0453195 Vali Loss: 0.0831070 Test Loss: 0.0395221
EarlyStopping counter: 1 out of 10
Updating learning rate to 9.504078413569088e-07
Epoch: 87 cost time: 3.5136451721191406
Epoch: 87, Steps: 29 | Train Loss: 0.0453611 Vali Loss: 0.0829110 Test Loss: 0.0395723
EarlyStopping counter: 2 out of 10
Updating learning rate to 8.229126457411124e-07
Epoch: 88 cost time: 3.4764726161956787
Epoch: 88, Steps: 29 | Train Loss: 0.0453382 Vali Loss: 0.0830629 Test Loss: 0.0394943
EarlyStopping counter: 3 out of 10
Updating learning rate to 7.038295884363647e-07
Epoch: 89 cost time: 3.4816150665283203
Epoch: 89, Steps: 29 | Train Loss: 0.0453488 Vali Loss: 0.0829094 Test Loss: 0.0395527
EarlyStopping counter: 4 out of 10
Updating learning rate to 5.933984868721898e-07
Epoch: 90 cost time: 3.5059425830841064
Epoch: 90, Steps: 29 | Train Loss: 0.0453646 Vali Loss: 0.0827967 Test Loss: 0.0395072
Validation loss decreased (0.082805 --> 0.082797).  Saving model ...
Updating learning rate to 4.918417345906772e-07
Epoch: 91 cost time: 3.4754106998443604
Epoch: 91, Steps: 29 | Train Loss: 0.0453429 Vali Loss: 0.0828665 Test Loss: 0.0395354
EarlyStopping counter: 1 out of 10
Updating learning rate to 3.9936385337548097e-07
Epoch: 92 cost time: 3.4676730632781982
Epoch: 92, Steps: 29 | Train Loss: 0.0453664 Vali Loss: 0.0831917 Test Loss: 0.0395077
EarlyStopping counter: 2 out of 10
Updating learning rate to 3.161510813721721e-07
Epoch: 93 cost time: 3.5037527084350586
Epoch: 93, Steps: 29 | Train Loss: 0.0453334 Vali Loss: 0.0829076 Test Loss: 0.0395388
EarlyStopping counter: 3 out of 10
Updating learning rate to 2.4237099802938663e-07
Epoch: 94 cost time: 3.4835779666900635
Epoch: 94, Steps: 29 | Train Loss: 0.0453109 Vali Loss: 0.0829069 Test Loss: 0.0395445
EarlyStopping counter: 4 out of 10
Updating learning rate to 1.7817218661613333e-07
Epoch: 95 cost time: 3.4861373901367188
Epoch: 95, Steps: 29 | Train Loss: 0.0453152 Vali Loss: 0.0830138 Test Loss: 0.0395625
EarlyStopping counter: 5 out of 10
Updating learning rate to 1.236839349948492e-07
Epoch: 96 cost time: 3.4809958934783936
Epoch: 96, Steps: 29 | Train Loss: 0.0453608 Vali Loss: 0.0829588 Test Loss: 0.0395510
EarlyStopping counter: 6 out of 10
Updating learning rate to 7.90159752528609e-08
Epoch: 97 cost time: 3.4752016067504883
Epoch: 97, Steps: 29 | Train Loss: 0.0452679 Vali Loss: 0.0829384 Test Loss: 0.0395358
EarlyStopping counter: 7 out of 10
Updating learning rate to 4.425826271655888e-08
Epoch: 98 cost time: 3.4576528072357178
Epoch: 98, Steps: 29 | Train Loss: 0.0453384 Vali Loss: 0.0829341 Test Loss: 0.0395384
EarlyStopping counter: 8 out of 10
Updating learning rate to 1.948079479334324e-08
Epoch: 99 cost time: 3.4853339195251465
Epoch: 99, Steps: 29 | Train Loss: 0.0453278 Vali Loss: 0.0829170 Test Loss: 0.0395397
EarlyStopping counter: 9 out of 10
Updating learning rate to 4.7334700061613195e-09
Epoch: 100 cost time: 3.5096921920776367
Epoch: 100, Steps: 29 | Train Loss: 0.0453269 Vali Loss: 0.0829032 Test Loss: 0.0395367
EarlyStopping counter: 10 out of 10
Early stopping
>>>>>>>testing : ETTh1_336_720_DTFNet_ETTh1_ftM_sl336_ll0_pl720_dm128_nh16_el2_br2_dl1_df256_fc1_ebtimeF_dtTrue_'Exp'_0_'rel_sin'_16_8_16,24_8,12_3_1_256<<<<<<<<<<<<<<<<<<<<<<<<<<<<<<<<<
test 2161
mse:0.41615456342697144, mae:0.4419088661670685, rse:0.6196014285087585
