Args in experiment:
Namespace(is_training=1, model_id='ETTh1_336_720', model='DTFNet', data='ETTh1', root_path='./dataset/', data_path='ETTh1.csv', features='M', target='OT', freq='h', checkpoints='./checkpoints/', seq_len=336, label_len=0, pred_len=720, n_branches=2, patch_len_ls='16,24', stride_ls='8,12', d_model_ls='128', n_heads_ls='16', rel_pe="'rel_sin'", res_attn=False, head_type='flatten', fc_dropout=0.3, head_dropout=0.1, patch_len=16, stride=8, padding_patch="'end'", revin=1, affine=0, subtract_last=0, decomposition=0, kernel_size=25, individual=0, store_attn=False, pre_norm=False, pe='zeros', no_learn_pe=True, embed_type=0, enc_in=7, dec_in=7, c_out=7, d_model=128, n_heads=16, e_layers=2, d_layers=1, d_ff=256, moving_avg=25, factor=1, distil=True, dropout=0.3, embed='timeF', activation='gelu', output_attention=False, do_predict=False, num_workers=0, itr=1, train_epochs=100, batch_size=256, patience=10, learning_rate=1e-05, des="'Exp'", loss='mse', lradj='TST', pct_start=0.3, use_amp=False, l2=0.0, warmup_steps=0, use_gpu=True, gpu=0, use_multi_gpu=False, devices='0', test_flop=False, use_mlflow=False, mlflow_project='exp', loss_flag=2, sub_patch_len=16, sub_stride=8, stride_ls_list='16', model_type='linear', tfactor=3, dilation_rates='1', wavelet_layers=2, wavelet_type='db5', wavelet_mode='periodization', wavelet_dim=64, initTLV=0.2)
Use GPU: cuda:0
>>>>>>>start training : ETTh1_336_720_DTFNet_ETTh1_ftM_sl336_ll0_pl720_dm128_nh16_el2_br2_dl1_df256_fc1_ebtimeF_dtTrue_'Exp'_0_'rel_sin'_16_8_16,24_8,12_3_1_256>>>>>>>>>>>>>>>>>>>>>>>>>>
train 7585
val 2161
test 2161
Epoch: 1 cost time: 5.619397163391113
Epoch: 1, Steps: 29 | Train Loss: 0.1076214 Vali Loss: 0.1789290 Test Loss: 0.0997384
Validation loss decreased (inf --> 0.178929).  Saving model ...
Updating learning rate to 4.2635539919063106e-07
Epoch: 2 cost time: 4.1302173137664795
Epoch: 2, Steps: 29 | Train Loss: 0.1067081 Vali Loss: 0.1775472 Test Loss: 0.0989174
Validation loss decreased (0.178929 --> 0.177547).  Saving model ...
Updating learning rate to 5.051321771514831e-07
Epoch: 3 cost time: 4.224707841873169
Epoch: 3, Steps: 29 | Train Loss: 0.1058967 Vali Loss: 0.1759598 Test Loss: 0.0980379
Validation loss decreased (0.177547 --> 0.175960).  Saving model ...
Updating learning rate to 6.354652532866785e-07
Epoch: 4 cost time: 4.2391932010650635
Epoch: 4, Steps: 29 | Train Loss: 0.1049603 Vali Loss: 0.1742360 Test Loss: 0.0970930
Validation loss decreased (0.175960 --> 0.174236).  Saving model ...
Updating learning rate to 8.159233858256806e-07
Epoch: 5 cost time: 4.008621692657471
Epoch: 5, Steps: 29 | Train Loss: 0.1040052 Vali Loss: 0.1721575 Test Loss: 0.0960786
Validation loss decreased (0.174236 --> 0.172157).  Saving model ...
Updating learning rate to 1.0445248888850473e-06
Epoch: 6 cost time: 3.9228179454803467
Epoch: 6, Steps: 29 | Train Loss: 0.1030037 Vali Loss: 0.1704330 Test Loss: 0.0949521
Validation loss decreased (0.172157 --> 0.170433).  Saving model ...
Updating learning rate to 1.3187593941861497e-06
Epoch: 7 cost time: 4.053124904632568
Epoch: 7, Steps: 29 | Train Loss: 0.1018844 Vali Loss: 0.1682759 Test Loss: 0.0936759
Validation loss decreased (0.170433 --> 0.168276).  Saving model ...
Updating learning rate to 1.6356154184543822e-06
Epoch: 8 cost time: 4.058534145355225
Epoch: 8, Steps: 29 | Train Loss: 0.1007049 Vali Loss: 0.1658540 Test Loss: 0.0921382
Validation loss decreased (0.168276 --> 0.165854).  Saving model ...
Updating learning rate to 1.9916134337707666e-06
Epoch: 9 cost time: 3.939596652984619
Epoch: 9, Steps: 29 | Train Loss: 0.0993637 Vali Loss: 0.1627378 Test Loss: 0.0901809
Validation loss decreased (0.165854 --> 0.162738).  Saving model ...
Updating learning rate to 2.3828440777166636e-06
Epoch: 10 cost time: 4.148884534835815
Epoch: 10, Steps: 29 | Train Loss: 0.0976880 Vali Loss: 0.1593123 Test Loss: 0.0875600
Validation loss decreased (0.162738 --> 0.159312).  Saving model ...
Updating learning rate to 2.805011083710071e-06
Epoch: 11 cost time: 4.228570461273193
Epoch: 11, Steps: 29 | Train Loss: 0.0954744 Vali Loss: 0.1540768 Test Loss: 0.0838441
Validation loss decreased (0.159312 --> 0.154077).  Saving model ...
Updating learning rate to 3.2534784600976295e-06
Epoch: 12 cost time: 4.136559009552002
Epoch: 12, Steps: 29 | Train Loss: 0.0927071 Vali Loss: 0.1479055 Test Loss: 0.0791992
Validation loss decreased (0.154077 --> 0.147906).  Saving model ...
Updating learning rate to 3.723321399909056e-06
Epoch: 13 cost time: 4.241079330444336
Epoch: 13, Steps: 29 | Train Loss: 0.0900050 Vali Loss: 0.1421663 Test Loss: 0.0754487
Validation loss decreased (0.147906 --> 0.142166).  Saving model ...
Updating learning rate to 4.209380362212844e-06
Epoch: 14 cost time: 4.21741795539856
Epoch: 14, Steps: 29 | Train Loss: 0.0878378 Vali Loss: 0.1386107 Test Loss: 0.0733109
Validation loss decreased (0.142166 --> 0.138611).  Saving model ...
Updating learning rate to 4.706317731183279e-06
Epoch: 15 cost time: 3.9138646125793457
Epoch: 15, Steps: 29 | Train Loss: 0.0860454 Vali Loss: 0.1360124 Test Loss: 0.0713062
Validation loss decreased (0.138611 --> 0.136012).  Saving model ...
Updating learning rate to 5.208676430682048e-06
Epoch: 16 cost time: 4.032224893569946
Epoch: 16, Steps: 29 | Train Loss: 0.0844953 Vali Loss: 0.1342291 Test Loss: 0.0693348
Validation loss decreased (0.136012 --> 0.134229).  Saving model ...
Updating learning rate to 5.710939850683244e-06
Epoch: 17 cost time: 4.09072470664978
Epoch: 17, Steps: 29 | Train Loss: 0.0831425 Vali Loss: 0.1319094 Test Loss: 0.0676753
Validation loss decreased (0.134229 --> 0.131909).  Saving model ...
Updating learning rate to 6.207592427464792e-06
Epoch: 18 cost time: 4.182840585708618
Epoch: 18, Steps: 29 | Train Loss: 0.0816545 Vali Loss: 0.1300559 Test Loss: 0.0663463
Validation loss decreased (0.131909 --> 0.130056).  Saving model ...
Updating learning rate to 6.693180212309968e-06
Epoch: 19 cost time: 4.211176633834839
Epoch: 19, Steps: 29 | Train Loss: 0.0805387 Vali Loss: 0.1285482 Test Loss: 0.0649081
Validation loss decreased (0.130056 --> 0.128548).  Saving model ...
Updating learning rate to 7.1623707635889015e-06
Epoch: 20 cost time: 3.8952765464782715
Epoch: 20, Steps: 29 | Train Loss: 0.0795078 Vali Loss: 0.1279205 Test Loss: 0.0638683
Validation loss decreased (0.128548 --> 0.127921).  Saving model ...
Updating learning rate to 7.610011704520164e-06
Epoch: 21 cost time: 3.93276309967041
Epoch: 21, Steps: 29 | Train Loss: 0.0785611 Vali Loss: 0.1268001 Test Loss: 0.0629848
Validation loss decreased (0.127921 --> 0.126800).  Saving model ...
Updating learning rate to 8.031187303565295e-06
Epoch: 22 cost time: 3.8888566493988037
Epoch: 22, Steps: 29 | Train Loss: 0.0777495 Vali Loss: 0.1259588 Test Loss: 0.0624262
Validation loss decreased (0.126800 --> 0.125959).  Saving model ...
Updating learning rate to 8.421272456123378e-06
Epoch: 23 cost time: 3.8960795402526855
Epoch: 23, Steps: 29 | Train Loss: 0.0769396 Vali Loss: 0.1248905 Test Loss: 0.0616556
Validation loss decreased (0.125959 --> 0.124891).  Saving model ...
Updating learning rate to 8.775983474730246e-06
Epoch: 24 cost time: 3.8143327236175537
Epoch: 24, Steps: 29 | Train Loss: 0.0760214 Vali Loss: 0.1242585 Test Loss: 0.0606140
Validation loss decreased (0.124891 --> 0.124259).  Saving model ...
Updating learning rate to 9.091425130013939e-06
Epoch: 25 cost time: 3.7621965408325195
Epoch: 25, Steps: 29 | Train Loss: 0.0752500 Vali Loss: 0.1229379 Test Loss: 0.0596874
Validation loss decreased (0.124259 --> 0.122938).  Saving model ...
Updating learning rate to 9.364133425830145e-06
Epoch: 26 cost time: 3.83441424369812
Epoch: 26, Steps: 29 | Train Loss: 0.0745271 Vali Loss: 0.1224819 Test Loss: 0.0593560
Validation loss decreased (0.122938 --> 0.122482).  Saving model ...
Updating learning rate to 9.591113638846019e-06
Epoch: 27 cost time: 3.993483781814575
Epoch: 27, Steps: 29 | Train Loss: 0.0736759 Vali Loss: 0.1217225 Test Loss: 0.0588248
Validation loss decreased (0.122482 --> 0.121723).  Saving model ...
Updating learning rate to 9.769873204843885e-06
Epoch: 28 cost time: 3.8058433532714844
Epoch: 28, Steps: 29 | Train Loss: 0.0729398 Vali Loss: 0.1206611 Test Loss: 0.0581475
Validation loss decreased (0.121723 --> 0.120661).  Saving model ...
Updating learning rate to 9.898449090606656e-06
Epoch: 29 cost time: 4.060552597045898
Epoch: 29, Steps: 29 | Train Loss: 0.0721553 Vali Loss: 0.1205350 Test Loss: 0.0574609
Validation loss decreased (0.120661 --> 0.120535).  Saving model ...
Updating learning rate to 9.975429350802846e-06
Epoch: 30 cost time: 4.145318031311035
Epoch: 30, Steps: 29 | Train Loss: 0.0714236 Vali Loss: 0.1199507 Test Loss: 0.0567532
Validation loss decreased (0.120535 --> 0.119951).  Saving model ...
Updating learning rate to 9.99999401249548e-06
Epoch: 31 cost time: 3.7880561351776123
Epoch: 31, Steps: 29 | Train Loss: 0.0706490 Vali Loss: 0.1189891 Test Loss: 0.0564082
Validation loss decreased (0.119951 --> 0.118989).  Saving model ...
Updating learning rate to 9.994612212745642e-06
Epoch: 32 cost time: 4.017705202102661
Epoch: 32, Steps: 29 | Train Loss: 0.0699814 Vali Loss: 0.1179184 Test Loss: 0.0561015
Validation loss decreased (0.118989 --> 0.117918).  Saving model ...
Updating learning rate to 9.979171968972798e-06
Epoch: 33 cost time: 4.111640691757202
Epoch: 33, Steps: 29 | Train Loss: 0.0692220 Vali Loss: 0.1178579 Test Loss: 0.0554918
Validation loss decreased (0.117918 --> 0.117858).  Saving model ...
Updating learning rate to 9.953704375773079e-06
Epoch: 34 cost time: 4.012216806411743
Epoch: 34, Steps: 29 | Train Loss: 0.0685377 Vali Loss: 0.1168157 Test Loss: 0.0552784
Validation loss decreased (0.117858 --> 0.116816).  Saving model ...
Updating learning rate to 9.918260721489893e-06
Epoch: 35 cost time: 4.283742189407349
Epoch: 35, Steps: 29 | Train Loss: 0.0678887 Vali Loss: 0.1164554 Test Loss: 0.0547482
Validation loss decreased (0.116816 --> 0.116455).  Saving model ...
Updating learning rate to 9.872912384926035e-06
Epoch: 36 cost time: 4.156849145889282
Epoch: 36, Steps: 29 | Train Loss: 0.0672028 Vali Loss: 0.1155559 Test Loss: 0.0542843
Validation loss decreased (0.116455 --> 0.115556).  Saving model ...
Updating learning rate to 9.817750691596265e-06
Epoch: 37 cost time: 4.077429294586182
Epoch: 37, Steps: 29 | Train Loss: 0.0665508 Vali Loss: 0.1153413 Test Loss: 0.0540240
Validation loss decreased (0.115556 --> 0.115341).  Saving model ...
Updating learning rate to 9.752886729809889e-06
Epoch: 38 cost time: 4.079904556274414
Epoch: 38, Steps: 29 | Train Loss: 0.0658840 Vali Loss: 0.1137506 Test Loss: 0.0537236
Validation loss decreased (0.115341 --> 0.113751).  Saving model ...
Updating learning rate to 9.678451126953676e-06
Epoch: 39 cost time: 3.930058717727661
Epoch: 39, Steps: 29 | Train Loss: 0.0652183 Vali Loss: 0.1128739 Test Loss: 0.0532915
Validation loss decreased (0.113751 --> 0.112874).  Saving model ...
Updating learning rate to 9.594593786425696e-06
Epoch: 40 cost time: 3.794297695159912
Epoch: 40, Steps: 29 | Train Loss: 0.0645672 Vali Loss: 0.1126643 Test Loss: 0.0529419
Validation loss decreased (0.112874 --> 0.112664).  Saving model ...
Updating learning rate to 9.501483585749811e-06
Epoch: 41 cost time: 3.8695003986358643
Epoch: 41, Steps: 29 | Train Loss: 0.0639632 Vali Loss: 0.1130552 Test Loss: 0.0523312
EarlyStopping counter: 1 out of 10
Updating learning rate to 9.399308036478838e-06
Epoch: 42 cost time: 4.1951563358306885
Epoch: 42, Steps: 29 | Train Loss: 0.0632896 Vali Loss: 0.1117944 Test Loss: 0.0522707
Validation loss decreased (0.112664 --> 0.111794).  Saving model ...
Updating learning rate to 9.288272906571216e-06
Epoch: 43 cost time: 3.8312599658966064
Epoch: 43, Steps: 29 | Train Loss: 0.0626536 Vali Loss: 0.1113340 Test Loss: 0.0517308
Validation loss decreased (0.111794 --> 0.111334).  Saving model ...
Updating learning rate to 9.16860180600173e-06
Epoch: 44 cost time: 4.051251649856567
Epoch: 44, Steps: 29 | Train Loss: 0.0621362 Vali Loss: 0.1107688 Test Loss: 0.0511788
Validation loss decreased (0.111334 --> 0.110769).  Saving model ...
Updating learning rate to 9.040535736440785e-06
Epoch: 45 cost time: 3.9661288261413574
Epoch: 45, Steps: 29 | Train Loss: 0.0614838 Vali Loss: 0.1105818 Test Loss: 0.0508200
Validation loss decreased (0.110769 --> 0.110582).  Saving model ...
Updating learning rate to 8.904332605909106e-06
Epoch: 46 cost time: 4.013858079910278
Epoch: 46, Steps: 29 | Train Loss: 0.0609053 Vali Loss: 0.1079969 Test Loss: 0.0511945
Validation loss decreased (0.110582 --> 0.107997).  Saving model ...
Updating learning rate to 8.760266709385311e-06
Epoch: 47 cost time: 3.8241844177246094
Epoch: 47, Steps: 29 | Train Loss: 0.0603412 Vali Loss: 0.1094867 Test Loss: 0.0500512
EarlyStopping counter: 1 out of 10
Updating learning rate to 8.608628176412335e-06
Epoch: 48 cost time: 4.024845600128174
Epoch: 48, Steps: 29 | Train Loss: 0.0598014 Vali Loss: 0.1070924 Test Loss: 0.0500804
Validation loss decreased (0.107997 --> 0.107092).  Saving model ...
Updating learning rate to 8.449722386815127e-06
Epoch: 49 cost time: 3.840925455093384
Epoch: 49, Steps: 29 | Train Loss: 0.0592159 Vali Loss: 0.1068789 Test Loss: 0.0498084
Validation loss decreased (0.107092 --> 0.106879).  Saving model ...
Updating learning rate to 8.28386935570634e-06
Epoch: 50 cost time: 4.0522520542144775
Epoch: 50, Steps: 29 | Train Loss: 0.0586375 Vali Loss: 0.1069213 Test Loss: 0.0493027
EarlyStopping counter: 1 out of 10
Updating learning rate to 8.111403089018465e-06
Epoch: 51 cost time: 3.421875238418579
Epoch: 51, Steps: 29 | Train Loss: 0.0581174 Vali Loss: 0.1057982 Test Loss: 0.0492065
Validation loss decreased (0.106879 --> 0.105798).  Saving model ...
Updating learning rate to 7.93267091086035e-06
Epoch: 52 cost time: 3.4107306003570557
Epoch: 52, Steps: 29 | Train Loss: 0.0576283 Vali Loss: 0.1070123 Test Loss: 0.0484098
EarlyStopping counter: 1 out of 10
Updating learning rate to 7.748032764052655e-06
Epoch: 53 cost time: 3.4080066680908203
Epoch: 53, Steps: 29 | Train Loss: 0.0570778 Vali Loss: 0.1048155 Test Loss: 0.0483571
Validation loss decreased (0.105798 --> 0.104815).  Saving model ...
Updating learning rate to 7.557860485250925e-06
Epoch: 54 cost time: 3.406442880630493
Epoch: 54, Steps: 29 | Train Loss: 0.0565443 Vali Loss: 0.1037875 Test Loss: 0.0482456
Validation loss decreased (0.104815 --> 0.103787).  Saving model ...
Updating learning rate to 7.362537056116034e-06
Epoch: 55 cost time: 3.4218413829803467
Epoch: 55, Steps: 29 | Train Loss: 0.0560492 Vali Loss: 0.1034175 Test Loss: 0.0479241
Validation loss decreased (0.103787 --> 0.103417).  Saving model ...
Updating learning rate to 7.162455832040107e-06
Epoch: 56 cost time: 3.4247570037841797
Epoch: 56, Steps: 29 | Train Loss: 0.0555100 Vali Loss: 0.1025840 Test Loss: 0.0474767
Validation loss decreased (0.103417 --> 0.102584).  Saving model ...
Updating learning rate to 6.9580197499810984e-06
Epoch: 57 cost time: 3.4270670413970947
Epoch: 57, Steps: 29 | Train Loss: 0.0550418 Vali Loss: 0.1025175 Test Loss: 0.0470993
Validation loss decreased (0.102584 --> 0.102517).  Saving model ...
Updating learning rate to 6.7496405170013816e-06
Epoch: 58 cost time: 3.433499336242676
Epoch: 58, Steps: 29 | Train Loss: 0.0545849 Vali Loss: 0.1010463 Test Loss: 0.0468314
Validation loss decreased (0.102517 --> 0.101046).  Saving model ...
Updating learning rate to 6.537737781144523e-06
Epoch: 59 cost time: 3.434150457382202
Epoch: 59, Steps: 29 | Train Loss: 0.0540973 Vali Loss: 0.1005532 Test Loss: 0.0465376
Validation loss decreased (0.101046 --> 0.100553).  Saving model ...
Updating learning rate to 6.322738286319964e-06
Epoch: 60 cost time: 3.4378278255462646
Epoch: 60, Steps: 29 | Train Loss: 0.0536514 Vali Loss: 0.0994962 Test Loss: 0.0463202
Validation loss decreased (0.100553 --> 0.099496).  Saving model ...
Updating learning rate to 6.105075012897585e-06
Epoch: 61 cost time: 3.456618070602417
Epoch: 61, Steps: 29 | Train Loss: 0.0531693 Vali Loss: 0.0994519 Test Loss: 0.0458524
Validation loss decreased (0.099496 --> 0.099452).  Saving model ...
Updating learning rate to 5.885186305742857e-06
Epoch: 62 cost time: 3.459925651550293
Epoch: 62, Steps: 29 | Train Loss: 0.0527073 Vali Loss: 0.0989847 Test Loss: 0.0455429
Validation loss decreased (0.099452 --> 0.098985).  Saving model ...
Updating learning rate to 5.6635149914486225e-06
Epoch: 63 cost time: 3.4361753463745117
Epoch: 63, Steps: 29 | Train Loss: 0.0522896 Vali Loss: 0.0972622 Test Loss: 0.0454318
Validation loss decreased (0.098985 --> 0.097262).  Saving model ...
Updating learning rate to 5.440507486541268e-06
Epoch: 64 cost time: 3.454684019088745
Epoch: 64, Steps: 29 | Train Loss: 0.0518579 Vali Loss: 0.0970047 Test Loss: 0.0450488
Validation loss decreased (0.097262 --> 0.097005).  Saving model ...
Updating learning rate to 5.216612898457253e-06
Epoch: 65 cost time: 3.4594388008117676
Epoch: 65, Steps: 29 | Train Loss: 0.0514522 Vali Loss: 0.0964810 Test Loss: 0.0446604
Validation loss decreased (0.097005 --> 0.096481).  Saving model ...
Updating learning rate to 4.992282121100496e-06
Epoch: 66 cost time: 3.480602741241455
Epoch: 66, Steps: 29 | Train Loss: 0.0509542 Vali Loss: 0.0953615 Test Loss: 0.0445111
Validation loss decreased (0.096481 --> 0.095361).  Saving model ...
Updating learning rate to 4.767966926802067e-06
Epoch: 67 cost time: 3.4614548683166504
Epoch: 67, Steps: 29 | Train Loss: 0.0505732 Vali Loss: 0.0943836 Test Loss: 0.0442231
Validation loss decreased (0.095361 --> 0.094384).  Saving model ...
Updating learning rate to 4.5441190565108235e-06
Epoch: 68 cost time: 3.4611616134643555
Epoch: 68, Steps: 29 | Train Loss: 0.0501356 Vali Loss: 0.0943305 Test Loss: 0.0436826
Validation loss decreased (0.094384 --> 0.094331).  Saving model ...
Updating learning rate to 4.3211893100472735e-06
Epoch: 69 cost time: 3.4451212882995605
Epoch: 69, Steps: 29 | Train Loss: 0.0496578 Vali Loss: 0.0936355 Test Loss: 0.0433896
Validation loss decreased (0.094331 --> 0.093636).  Saving model ...
Updating learning rate to 4.099626638252712e-06
Epoch: 70 cost time: 3.4424288272857666
Epoch: 70, Steps: 29 | Train Loss: 0.0493206 Vali Loss: 0.0925034 Test Loss: 0.0431570
Validation loss decreased (0.093636 --> 0.092503).  Saving model ...
Updating learning rate to 3.879877238861997e-06
Epoch: 71 cost time: 3.4614381790161133
Epoch: 71, Steps: 29 | Train Loss: 0.0489029 Vali Loss: 0.0916518 Test Loss: 0.0429834
Validation loss decreased (0.092503 --> 0.091652).  Saving model ...
Updating learning rate to 3.662383657920668e-06
Epoch: 72 cost time: 3.4583170413970947
Epoch: 72, Steps: 29 | Train Loss: 0.0484719 Vali Loss: 0.0912096 Test Loss: 0.0424851
Validation loss decreased (0.091652 --> 0.091210).  Saving model ...
Updating learning rate to 3.447583898556124e-06
Epoch: 73 cost time: 3.4414680004119873
Epoch: 73, Steps: 29 | Train Loss: 0.0481055 Vali Loss: 0.0908422 Test Loss: 0.0421656
Validation loss decreased (0.091210 --> 0.090842).  Saving model ...
Updating learning rate to 3.2359105388976132e-06
Epoch: 74 cost time: 3.449122667312622
Epoch: 74, Steps: 29 | Train Loss: 0.0477516 Vali Loss: 0.0897165 Test Loss: 0.0419911
Validation loss decreased (0.090842 --> 0.089717).  Saving model ...
Updating learning rate to 3.027789860921434e-06
Epoch: 75 cost time: 3.459333896636963
Epoch: 75, Steps: 29 | Train Loss: 0.0473134 Vali Loss: 0.0890891 Test Loss: 0.0416632
Validation loss decreased (0.089717 --> 0.089089).  Saving model ...
Updating learning rate to 2.8236409919757893e-06
Epoch: 76 cost time: 3.491095542907715
Epoch: 76, Steps: 29 | Train Loss: 0.0470003 Vali Loss: 0.0884794 Test Loss: 0.0413611
Validation loss decreased (0.089089 --> 0.088479).  Saving model ...
Updating learning rate to 2.6238750607140637e-06
Epoch: 77 cost time: 3.531769037246704
Epoch: 77, Steps: 29 | Train Loss: 0.0466245 Vali Loss: 0.0875654 Test Loss: 0.0410484
Validation loss decreased (0.088479 --> 0.087565).  Saving model ...
Updating learning rate to 2.4288943691364434e-06
Epoch: 78 cost time: 3.4493651390075684
Epoch: 78, Steps: 29 | Train Loss: 0.0462185 Vali Loss: 0.0875019 Test Loss: 0.0406623
Validation loss decreased (0.087565 --> 0.087502).  Saving model ...
Updating learning rate to 2.2390915824072217e-06
Epoch: 79 cost time: 3.4564285278320312
Epoch: 79, Steps: 29 | Train Loss: 0.0458723 Vali Loss: 0.0862760 Test Loss: 0.0404377
Validation loss decreased (0.087502 --> 0.086276).  Saving model ...
Updating learning rate to 2.0548489380794217e-06
Epoch: 80 cost time: 3.483003854751587
Epoch: 80, Steps: 29 | Train Loss: 0.0455209 Vali Loss: 0.0856428 Test Loss: 0.0401502
Validation loss decreased (0.086276 --> 0.085643).  Saving model ...
Updating learning rate to 1.876537476319218e-06
Epoch: 81 cost time: 3.447496175765991
Epoch: 81, Steps: 29 | Train Loss: 0.0451748 Vali Loss: 0.0853633 Test Loss: 0.0400621
Validation loss decreased (0.085643 --> 0.085363).  Saving model ...
Updating learning rate to 1.7045162926804444e-06
Epoch: 82 cost time: 3.4568498134613037
Epoch: 82, Steps: 29 | Train Loss: 0.0451695 Vali Loss: 0.0852372 Test Loss: 0.0400774
Validation loss decreased (0.085363 --> 0.085237).  Saving model ...
Updating learning rate to 1.5391318149339123e-06
Epoch: 83 cost time: 3.4621448516845703
Epoch: 83, Steps: 29 | Train Loss: 0.0451784 Vali Loss: 0.0853220 Test Loss: 0.0400664
EarlyStopping counter: 1 out of 10
Updating learning rate to 1.3807171054080036e-06
Epoch: 84 cost time: 3.4577651023864746
Epoch: 84, Steps: 29 | Train Loss: 0.0451750 Vali Loss: 0.0853404 Test Loss: 0.0400641
EarlyStopping counter: 2 out of 10
Updating learning rate to 1.2295911902454577e-06
Epoch: 85 cost time: 3.476248264312744
Epoch: 85, Steps: 29 | Train Loss: 0.0451412 Vali Loss: 0.0852574 Test Loss: 0.0400233
EarlyStopping counter: 3 out of 10
Updating learning rate to 1.0860584169271784e-06
Epoch: 86 cost time: 3.5463340282440186
Epoch: 86, Steps: 29 | Train Loss: 0.0451539 Vali Loss: 0.0854975 Test Loss: 0.0400473
EarlyStopping counter: 4 out of 10
Updating learning rate to 9.504078413569088e-07
Epoch: 87 cost time: 3.4672865867614746
Epoch: 87, Steps: 29 | Train Loss: 0.0450971 Vali Loss: 0.0854943 Test Loss: 0.0400439
EarlyStopping counter: 5 out of 10
Updating learning rate to 8.229126457411124e-07
Epoch: 88 cost time: 3.4624524116516113
Epoch: 88, Steps: 29 | Train Loss: 0.0451090 Vali Loss: 0.0854468 Test Loss: 0.0400715
EarlyStopping counter: 6 out of 10
Updating learning rate to 7.038295884363647e-07
Epoch: 89 cost time: 3.489750385284424
Epoch: 89, Steps: 29 | Train Loss: 0.0451332 Vali Loss: 0.0853951 Test Loss: 0.0400483
EarlyStopping counter: 7 out of 10
Updating learning rate to 5.933984868721898e-07
Epoch: 90 cost time: 3.4639267921447754
Epoch: 90, Steps: 29 | Train Loss: 0.0451400 Vali Loss: 0.0852484 Test Loss: 0.0400698
EarlyStopping counter: 8 out of 10
Updating learning rate to 4.918417345906772e-07
Epoch: 91 cost time: 3.4821245670318604
Epoch: 91, Steps: 29 | Train Loss: 0.0450910 Vali Loss: 0.0855838 Test Loss: 0.0400455
EarlyStopping counter: 9 out of 10
Updating learning rate to 3.9936385337548097e-07
Epoch: 92 cost time: 3.5462746620178223
Epoch: 92, Steps: 29 | Train Loss: 0.0451013 Vali Loss: 0.0853574 Test Loss: 0.0400918
EarlyStopping counter: 10 out of 10
Early stopping
>>>>>>>testing : ETTh1_336_720_DTFNet_ETTh1_ftM_sl336_ll0_pl720_dm128_nh16_el2_br2_dl1_df256_fc1_ebtimeF_dtTrue_'Exp'_0_'rel_sin'_16_8_16,24_8,12_3_1_256<<<<<<<<<<<<<<<<<<<<<<<<<<<<<<<<<
test 2161
mse:0.42501863837242126, mae:0.44766685366630554, rse:0.6261654496192932
