Args in experiment:
Namespace(is_training=1, model_id='ETTh1_336_720', model='DTFNet', data='ETTh1', root_path='./dataset/', data_path='ETTh1.csv', features='M', target='OT', freq='h', checkpoints='./checkpoints/', seq_len=336, label_len=0, pred_len=720, n_branches=2, patch_len_ls='16,24', stride_ls='8,12', d_model_ls='128', n_heads_ls='16', rel_pe="'rel_sin'", res_attn=False, head_type='flatten', fc_dropout=0.3, head_dropout=0.1, patch_len=16, stride=8, padding_patch="'end'", revin=1, affine=0, subtract_last=0, decomposition=0, kernel_size=25, individual=0, store_attn=False, pre_norm=False, pe='zeros', no_learn_pe=True, embed_type=0, enc_in=7, dec_in=7, c_out=7, d_model=128, n_heads=16, e_layers=2, d_layers=1, d_ff=256, moving_avg=25, factor=1, distil=True, dropout=0.3, embed='timeF', activation='gelu', output_attention=False, do_predict=False, num_workers=0, itr=1, train_epochs=100, batch_size=256, patience=10, learning_rate=1e-05, des="'Exp'", loss='mse', lradj='TST', pct_start=0.3, use_amp=False, l2=0.0, warmup_steps=0, use_gpu=True, gpu=0, use_multi_gpu=False, devices='0', test_flop=False, use_mlflow=False, mlflow_project='exp', loss_flag=2, sub_patch_len=16, sub_stride=8, stride_ls_list='16', model_type='linear', tfactor=3, dilation_rates='1', wavelet_layers=2, wavelet_type='db5', wavelet_mode='periodization', wavelet_dim=64, initTLV=0.2)
Use GPU: cuda:0
>>>>>>>start training : ETTh1_336_720_DTFNet_ETTh1_ftM_sl336_ll0_pl720_dm128_nh16_el2_br2_dl1_df256_fc1_ebtimeF_dtTrue_'Exp'_0_'rel_sin'_16_8_16,24_8,12_3_1_256>>>>>>>>>>>>>>>>>>>>>>>>>>
train 7585
val 2161
test 2161
Epoch: 1 cost time: 3.7423746585845947
Epoch: 1, Steps: 29 | Train Loss: 0.1076064 Vali Loss: 0.1790902 Test Loss: 0.0998740
Validation loss decreased (inf --> 0.179090).  Saving model ...
Updating learning rate to 4.2635539919063106e-07
Epoch: 2 cost time: 3.2926290035247803
Epoch: 2, Steps: 29 | Train Loss: 0.1066990 Vali Loss: 0.1774173 Test Loss: 0.0990452
Validation loss decreased (0.179090 --> 0.177417).  Saving model ...
Updating learning rate to 5.051321771514831e-07
Epoch: 3 cost time: 3.3087103366851807
Epoch: 3, Steps: 29 | Train Loss: 0.1058436 Vali Loss: 0.1760741 Test Loss: 0.0981467
Validation loss decreased (0.177417 --> 0.176074).  Saving model ...
Updating learning rate to 6.354652532866785e-07
Epoch: 4 cost time: 4.015261888504028
Epoch: 4, Steps: 29 | Train Loss: 0.1049560 Vali Loss: 0.1739944 Test Loss: 0.0971854
Validation loss decreased (0.176074 --> 0.173994).  Saving model ...
Updating learning rate to 8.159233858256806e-07
Epoch: 5 cost time: 4.005671977996826
Epoch: 5, Steps: 29 | Train Loss: 0.1040389 Vali Loss: 0.1724966 Test Loss: 0.0961438
Validation loss decreased (0.173994 --> 0.172497).  Saving model ...
Updating learning rate to 1.0445248888850473e-06
Epoch: 6 cost time: 3.8201208114624023
Epoch: 6, Steps: 29 | Train Loss: 0.1029629 Vali Loss: 0.1703283 Test Loss: 0.0949784
Validation loss decreased (0.172497 --> 0.170328).  Saving model ...
Updating learning rate to 1.3187593941861497e-06
Epoch: 7 cost time: 3.9329376220703125
Epoch: 7, Steps: 29 | Train Loss: 0.1019344 Vali Loss: 0.1682833 Test Loss: 0.0936418
Validation loss decreased (0.170328 --> 0.168283).  Saving model ...
Updating learning rate to 1.6356154184543822e-06
Epoch: 8 cost time: 3.741028308868408
Epoch: 8, Steps: 29 | Train Loss: 0.1006814 Vali Loss: 0.1658499 Test Loss: 0.0920755
Validation loss decreased (0.168283 --> 0.165850).  Saving model ...
Updating learning rate to 1.9916134337707666e-06
Epoch: 9 cost time: 3.9745163917541504
Epoch: 9, Steps: 29 | Train Loss: 0.0993637 Vali Loss: 0.1629805 Test Loss: 0.0900723
Validation loss decreased (0.165850 --> 0.162980).  Saving model ...
Updating learning rate to 2.3828440777166636e-06
Epoch: 10 cost time: 3.9346373081207275
Epoch: 10, Steps: 29 | Train Loss: 0.0976662 Vali Loss: 0.1589352 Test Loss: 0.0873144
Validation loss decreased (0.162980 --> 0.158935).  Saving model ...
Updating learning rate to 2.805011083710071e-06
Epoch: 11 cost time: 3.992602586746216
Epoch: 11, Steps: 29 | Train Loss: 0.0954278 Vali Loss: 0.1534125 Test Loss: 0.0835016
Validation loss decreased (0.158935 --> 0.153412).  Saving model ...
Updating learning rate to 3.2534784600976295e-06
Epoch: 12 cost time: 3.89032244682312
Epoch: 12, Steps: 29 | Train Loss: 0.0927989 Vali Loss: 0.1478384 Test Loss: 0.0788715
Validation loss decreased (0.153412 --> 0.147838).  Saving model ...
Updating learning rate to 3.723321399909056e-06
Epoch: 13 cost time: 3.973489284515381
Epoch: 13, Steps: 29 | Train Loss: 0.0901063 Vali Loss: 0.1426010 Test Loss: 0.0752561
Validation loss decreased (0.147838 --> 0.142601).  Saving model ...
Updating learning rate to 4.209380362212844e-06
Epoch: 14 cost time: 3.9336421489715576
Epoch: 14, Steps: 29 | Train Loss: 0.0880151 Vali Loss: 0.1388870 Test Loss: 0.0732928
Validation loss decreased (0.142601 --> 0.138887).  Saving model ...
Updating learning rate to 4.706317731183279e-06
Epoch: 15 cost time: 3.9519991874694824
Epoch: 15, Steps: 29 | Train Loss: 0.0862785 Vali Loss: 0.1360354 Test Loss: 0.0710596
Validation loss decreased (0.138887 --> 0.136035).  Saving model ...
Updating learning rate to 5.208676430682048e-06
Epoch: 16 cost time: 3.896850347518921
Epoch: 16, Steps: 29 | Train Loss: 0.0844912 Vali Loss: 0.1333382 Test Loss: 0.0692294
Validation loss decreased (0.136035 --> 0.133338).  Saving model ...
Updating learning rate to 5.710939850683244e-06
Epoch: 17 cost time: 4.046865463256836
Epoch: 17, Steps: 29 | Train Loss: 0.0829806 Vali Loss: 0.1314553 Test Loss: 0.0672329
Validation loss decreased (0.133338 --> 0.131455).  Saving model ...
Updating learning rate to 6.207592427464792e-06
Epoch: 18 cost time: 4.096993446350098
Epoch: 18, Steps: 29 | Train Loss: 0.0814696 Vali Loss: 0.1302167 Test Loss: 0.0663165
Validation loss decreased (0.131455 --> 0.130217).  Saving model ...
Updating learning rate to 6.693180212309968e-06
Epoch: 19 cost time: 3.979569911956787
Epoch: 19, Steps: 29 | Train Loss: 0.0804772 Vali Loss: 0.1286970 Test Loss: 0.0648509
Validation loss decreased (0.130217 --> 0.128697).  Saving model ...
Updating learning rate to 7.1623707635889015e-06
Epoch: 20 cost time: 4.030630826950073
Epoch: 20, Steps: 29 | Train Loss: 0.0795143 Vali Loss: 0.1273505 Test Loss: 0.0639088
Validation loss decreased (0.128697 --> 0.127351).  Saving model ...
Updating learning rate to 7.610011704520164e-06
Epoch: 21 cost time: 3.9194092750549316
Epoch: 21, Steps: 29 | Train Loss: 0.0786274 Vali Loss: 0.1262420 Test Loss: 0.0632993
Validation loss decreased (0.127351 --> 0.126242).  Saving model ...
Updating learning rate to 8.031187303565295e-06
Epoch: 22 cost time: 3.7470085620880127
Epoch: 22, Steps: 29 | Train Loss: 0.0777496 Vali Loss: 0.1257085 Test Loss: 0.0621408
Validation loss decreased (0.126242 --> 0.125708).  Saving model ...
Updating learning rate to 8.421272456123378e-06
Epoch: 23 cost time: 3.9518704414367676
Epoch: 23, Steps: 29 | Train Loss: 0.0769239 Vali Loss: 0.1247759 Test Loss: 0.0617213
Validation loss decreased (0.125708 --> 0.124776).  Saving model ...
Updating learning rate to 8.775983474730246e-06
Epoch: 24 cost time: 3.9663233757019043
Epoch: 24, Steps: 29 | Train Loss: 0.0761501 Vali Loss: 0.1237535 Test Loss: 0.0610686
Validation loss decreased (0.124776 --> 0.123753).  Saving model ...
Updating learning rate to 9.091425130013939e-06
Epoch: 25 cost time: 4.002556324005127
Epoch: 25, Steps: 29 | Train Loss: 0.0753102 Vali Loss: 0.1229929 Test Loss: 0.0601212
Validation loss decreased (0.123753 --> 0.122993).  Saving model ...
Updating learning rate to 9.364133425830145e-06
Epoch: 26 cost time: 3.877359628677368
Epoch: 26, Steps: 29 | Train Loss: 0.0746103 Vali Loss: 0.1217672 Test Loss: 0.0597538
Validation loss decreased (0.122993 --> 0.121767).  Saving model ...
Updating learning rate to 9.591113638846019e-06
Epoch: 27 cost time: 4.143595457077026
Epoch: 27, Steps: 29 | Train Loss: 0.0738534 Vali Loss: 0.1210282 Test Loss: 0.0588330
Validation loss decreased (0.121767 --> 0.121028).  Saving model ...
Updating learning rate to 9.769873204843885e-06
Epoch: 28 cost time: 3.958448648452759
Epoch: 28, Steps: 29 | Train Loss: 0.0730132 Vali Loss: 0.1200975 Test Loss: 0.0586415
Validation loss decreased (0.121028 --> 0.120097).  Saving model ...
Updating learning rate to 9.898449090606656e-06
Epoch: 29 cost time: 4.015506029129028
Epoch: 29, Steps: 29 | Train Loss: 0.0722813 Vali Loss: 0.1192845 Test Loss: 0.0582558
Validation loss decreased (0.120097 --> 0.119285).  Saving model ...
Updating learning rate to 9.975429350802846e-06
Epoch: 30 cost time: 4.023967027664185
Epoch: 30, Steps: 29 | Train Loss: 0.0716330 Vali Loss: 0.1188781 Test Loss: 0.0573717
Validation loss decreased (0.119285 --> 0.118878).  Saving model ...
Updating learning rate to 9.99999401249548e-06
Epoch: 31 cost time: 4.100620746612549
Epoch: 31, Steps: 29 | Train Loss: 0.0708195 Vali Loss: 0.1179557 Test Loss: 0.0571795
Validation loss decreased (0.118878 --> 0.117956).  Saving model ...
Updating learning rate to 9.994612212745642e-06
Epoch: 32 cost time: 4.057654857635498
Epoch: 32, Steps: 29 | Train Loss: 0.0702148 Vali Loss: 0.1170771 Test Loss: 0.0566543
Validation loss decreased (0.117956 --> 0.117077).  Saving model ...
Updating learning rate to 9.979171968972798e-06
Epoch: 33 cost time: 4.003674507141113
Epoch: 33, Steps: 29 | Train Loss: 0.0694666 Vali Loss: 0.1155204 Test Loss: 0.0564325
Validation loss decreased (0.117077 --> 0.115520).  Saving model ...
Updating learning rate to 9.953704375773079e-06
Epoch: 34 cost time: 4.020676136016846
Epoch: 34, Steps: 29 | Train Loss: 0.0688006 Vali Loss: 0.1153938 Test Loss: 0.0558214
Validation loss decreased (0.115520 --> 0.115394).  Saving model ...
Updating learning rate to 9.918260721489893e-06
Epoch: 35 cost time: 4.155364990234375
Epoch: 35, Steps: 29 | Train Loss: 0.0680709 Vali Loss: 0.1154276 Test Loss: 0.0555028
EarlyStopping counter: 1 out of 10
Updating learning rate to 9.872912384926035e-06
Epoch: 36 cost time: 4.136281490325928
Epoch: 36, Steps: 29 | Train Loss: 0.0674604 Vali Loss: 0.1140677 Test Loss: 0.0552046
Validation loss decreased (0.115394 --> 0.114068).  Saving model ...
Updating learning rate to 9.817750691596265e-06
Epoch: 37 cost time: 3.8543262481689453
Epoch: 37, Steps: 29 | Train Loss: 0.0667828 Vali Loss: 0.1133404 Test Loss: 0.0546877
Validation loss decreased (0.114068 --> 0.113340).  Saving model ...
Updating learning rate to 9.752886729809889e-06
Epoch: 38 cost time: 4.112523555755615
Epoch: 38, Steps: 29 | Train Loss: 0.0661777 Vali Loss: 0.1127449 Test Loss: 0.0544814
Validation loss decreased (0.113340 --> 0.112745).  Saving model ...
Updating learning rate to 9.678451126953676e-06
Epoch: 39 cost time: 3.93757700920105
Epoch: 39, Steps: 29 | Train Loss: 0.0654883 Vali Loss: 0.1114625 Test Loss: 0.0542203
Validation loss decreased (0.112745 --> 0.111463).  Saving model ...
Updating learning rate to 9.594593786425696e-06
Epoch: 40 cost time: 4.041881322860718
Epoch: 40, Steps: 29 | Train Loss: 0.0649244 Vali Loss: 0.1103638 Test Loss: 0.0540530
Validation loss decreased (0.111463 --> 0.110364).  Saving model ...
Updating learning rate to 9.501483585749811e-06
Epoch: 41 cost time: 4.08051609992981
Epoch: 41, Steps: 29 | Train Loss: 0.0641895 Vali Loss: 0.1106828 Test Loss: 0.0533234
EarlyStopping counter: 1 out of 10
Updating learning rate to 9.399308036478838e-06
Epoch: 42 cost time: 3.9632580280303955
Epoch: 42, Steps: 29 | Train Loss: 0.0635270 Vali Loss: 0.1094889 Test Loss: 0.0532169
Validation loss decreased (0.110364 --> 0.109489).  Saving model ...
Updating learning rate to 9.288272906571216e-06
Epoch: 43 cost time: 3.9185290336608887
Epoch: 43, Steps: 29 | Train Loss: 0.0630336 Vali Loss: 0.1085397 Test Loss: 0.0528747
Validation loss decreased (0.109489 --> 0.108540).  Saving model ...
Updating learning rate to 9.16860180600173e-06
Epoch: 44 cost time: 4.235611438751221
Epoch: 44, Steps: 29 | Train Loss: 0.0624623 Vali Loss: 0.1083175 Test Loss: 0.0522054
Validation loss decreased (0.108540 --> 0.108318).  Saving model ...
Updating learning rate to 9.040535736440785e-06
Epoch: 45 cost time: 4.187666416168213
Epoch: 45, Steps: 29 | Train Loss: 0.0617877 Vali Loss: 0.1071128 Test Loss: 0.0522979
Validation loss decreased (0.108318 --> 0.107113).  Saving model ...
Updating learning rate to 8.904332605909106e-06
Epoch: 46 cost time: 4.069941520690918
Epoch: 46, Steps: 29 | Train Loss: 0.0612781 Vali Loss: 0.1073239 Test Loss: 0.0514147
EarlyStopping counter: 1 out of 10
Updating learning rate to 8.760266709385311e-06
Epoch: 47 cost time: 4.051580190658569
Epoch: 47, Steps: 29 | Train Loss: 0.0606978 Vali Loss: 0.1055015 Test Loss: 0.0517716
Validation loss decreased (0.107113 --> 0.105502).  Saving model ...
Updating learning rate to 8.608628176412335e-06
Epoch: 48 cost time: 4.046526193618774
Epoch: 48, Steps: 29 | Train Loss: 0.0601013 Vali Loss: 0.1049381 Test Loss: 0.0511455
Validation loss decreased (0.105502 --> 0.104938).  Saving model ...
Updating learning rate to 8.449722386815127e-06
Epoch: 49 cost time: 3.9704394340515137
Epoch: 49, Steps: 29 | Train Loss: 0.0595317 Vali Loss: 0.1041276 Test Loss: 0.0508423
Validation loss decreased (0.104938 --> 0.104128).  Saving model ...
Updating learning rate to 8.28386935570634e-06
Epoch: 50 cost time: 3.9026942253112793
Epoch: 50, Steps: 29 | Train Loss: 0.0589530 Vali Loss: 0.1037242 Test Loss: 0.0501226
Validation loss decreased (0.104128 --> 0.103724).  Saving model ...
Updating learning rate to 8.111403089018465e-06
Epoch: 51 cost time: 3.9080991744995117
Epoch: 51, Steps: 29 | Train Loss: 0.0584446 Vali Loss: 0.1034345 Test Loss: 0.0497229
Validation loss decreased (0.103724 --> 0.103434).  Saving model ...
Updating learning rate to 7.93267091086035e-06
Epoch: 52 cost time: 4.0776286125183105
Epoch: 52, Steps: 29 | Train Loss: 0.0579036 Vali Loss: 0.1030049 Test Loss: 0.0494303
Validation loss decreased (0.103434 --> 0.103005).  Saving model ...
Updating learning rate to 7.748032764052655e-06
Epoch: 53 cost time: 3.8637900352478027
Epoch: 53, Steps: 29 | Train Loss: 0.0574338 Vali Loss: 0.1012304 Test Loss: 0.0494836
Validation loss decreased (0.103005 --> 0.101230).  Saving model ...
Updating learning rate to 7.557860485250925e-06
Epoch: 54 cost time: 4.025818824768066
Epoch: 54, Steps: 29 | Train Loss: 0.0568884 Vali Loss: 0.1003197 Test Loss: 0.0495313
Validation loss decreased (0.101230 --> 0.100320).  Saving model ...
Updating learning rate to 7.362537056116034e-06
Epoch: 55 cost time: 3.9547767639160156
Epoch: 55, Steps: 29 | Train Loss: 0.0564194 Vali Loss: 0.1006550 Test Loss: 0.0483835
EarlyStopping counter: 1 out of 10
Updating learning rate to 7.162455832040107e-06
Epoch: 56 cost time: 4.058065414428711
Epoch: 56, Steps: 29 | Train Loss: 0.0559029 Vali Loss: 0.0990036 Test Loss: 0.0486345
Validation loss decreased (0.100320 --> 0.099004).  Saving model ...
Updating learning rate to 6.9580197499810984e-06
Epoch: 57 cost time: 4.144764423370361
Epoch: 57, Steps: 29 | Train Loss: 0.0553417 Vali Loss: 0.0989482 Test Loss: 0.0478695
Validation loss decreased (0.099004 --> 0.098948).  Saving model ...
Updating learning rate to 6.7496405170013816e-06
Epoch: 58 cost time: 3.954428195953369
Epoch: 58, Steps: 29 | Train Loss: 0.0549333 Vali Loss: 0.0973988 Test Loss: 0.0477242
Validation loss decreased (0.098948 --> 0.097399).  Saving model ...
Updating learning rate to 6.537737781144523e-06
Epoch: 59 cost time: 4.176437616348267
Epoch: 59, Steps: 29 | Train Loss: 0.0544070 Vali Loss: 0.0973114 Test Loss: 0.0474909
Validation loss decreased (0.097399 --> 0.097311).  Saving model ...
Updating learning rate to 6.322738286319964e-06
Epoch: 60 cost time: 4.116487264633179
Epoch: 60, Steps: 29 | Train Loss: 0.0539069 Vali Loss: 0.0966845 Test Loss: 0.0471075
Validation loss decreased (0.097311 --> 0.096685).  Saving model ...
Updating learning rate to 6.105075012897585e-06
Epoch: 61 cost time: 4.08416485786438
Epoch: 61, Steps: 29 | Train Loss: 0.0535162 Vali Loss: 0.0962726 Test Loss: 0.0466790
Validation loss decreased (0.096685 --> 0.096273).  Saving model ...
Updating learning rate to 5.885186305742857e-06
Epoch: 62 cost time: 3.9643192291259766
Epoch: 62, Steps: 29 | Train Loss: 0.0529869 Vali Loss: 0.0951046 Test Loss: 0.0464081
Validation loss decreased (0.096273 --> 0.095105).  Saving model ...
Updating learning rate to 5.6635149914486225e-06
Epoch: 63 cost time: 4.004409551620483
Epoch: 63, Steps: 29 | Train Loss: 0.0525948 Vali Loss: 0.0944063 Test Loss: 0.0460354
Validation loss decreased (0.095105 --> 0.094406).  Saving model ...
Updating learning rate to 5.440507486541268e-06
Epoch: 64 cost time: 4.1214563846588135
Epoch: 64, Steps: 29 | Train Loss: 0.0521448 Vali Loss: 0.0936380 Test Loss: 0.0458098
Validation loss decreased (0.094406 --> 0.093638).  Saving model ...
Updating learning rate to 5.216612898457253e-06
Epoch: 65 cost time: 3.992143154144287
Epoch: 65, Steps: 29 | Train Loss: 0.0516558 Vali Loss: 0.0927055 Test Loss: 0.0455760
Validation loss decreased (0.093638 --> 0.092706).  Saving model ...
Updating learning rate to 4.992282121100496e-06
Epoch: 66 cost time: 3.983844518661499
Epoch: 66, Steps: 29 | Train Loss: 0.0512872 Vali Loss: 0.0919496 Test Loss: 0.0454808
Validation loss decreased (0.092706 --> 0.091950).  Saving model ...
Updating learning rate to 4.767966926802067e-06
Epoch: 67 cost time: 4.160963296890259
Epoch: 67, Steps: 29 | Train Loss: 0.0507969 Vali Loss: 0.0919502 Test Loss: 0.0448647
EarlyStopping counter: 1 out of 10
Updating learning rate to 4.5441190565108235e-06
Epoch: 68 cost time: 4.094889879226685
Epoch: 68, Steps: 29 | Train Loss: 0.0504253 Vali Loss: 0.0908199 Test Loss: 0.0445810
Validation loss decreased (0.091950 --> 0.090820).  Saving model ...
Updating learning rate to 4.3211893100472735e-06
Epoch: 69 cost time: 3.844663619995117
Epoch: 69, Steps: 29 | Train Loss: 0.0499620 Vali Loss: 0.0898688 Test Loss: 0.0444536
Validation loss decreased (0.090820 --> 0.089869).  Saving model ...
Updating learning rate to 4.099626638252712e-06
Epoch: 70 cost time: 4.333106756210327
Epoch: 70, Steps: 29 | Train Loss: 0.0496086 Vali Loss: 0.0893463 Test Loss: 0.0441060
Validation loss decreased (0.089869 --> 0.089346).  Saving model ...
Updating learning rate to 3.879877238861997e-06
Epoch: 71 cost time: 3.8914074897766113
Epoch: 71, Steps: 29 | Train Loss: 0.0491802 Vali Loss: 0.0887539 Test Loss: 0.0436435
Validation loss decreased (0.089346 --> 0.088754).  Saving model ...
Updating learning rate to 3.662383657920668e-06
Epoch: 72 cost time: 3.977243185043335
Epoch: 72, Steps: 29 | Train Loss: 0.0487787 Vali Loss: 0.0878884 Test Loss: 0.0434659
Validation loss decreased (0.088754 --> 0.087888).  Saving model ...
Updating learning rate to 3.447583898556124e-06
Epoch: 73 cost time: 4.063611030578613
Epoch: 73, Steps: 29 | Train Loss: 0.0484055 Vali Loss: 0.0877745 Test Loss: 0.0430125
Validation loss decreased (0.087888 --> 0.087774).  Saving model ...
Updating learning rate to 3.2359105388976132e-06
Epoch: 74 cost time: 3.8929851055145264
Epoch: 74, Steps: 29 | Train Loss: 0.0480153 Vali Loss: 0.0865226 Test Loss: 0.0428052
Validation loss decreased (0.087774 --> 0.086523).  Saving model ...
Updating learning rate to 3.027789860921434e-06
Epoch: 75 cost time: 4.0803282260894775
Epoch: 75, Steps: 29 | Train Loss: 0.0476009 Vali Loss: 0.0860274 Test Loss: 0.0425010
Validation loss decreased (0.086523 --> 0.086027).  Saving model ...
Updating learning rate to 2.8236409919757893e-06
Epoch: 76 cost time: 4.183480978012085
Epoch: 76, Steps: 29 | Train Loss: 0.0471996 Vali Loss: 0.0852963 Test Loss: 0.0421703
Validation loss decreased (0.086027 --> 0.085296).  Saving model ...
Updating learning rate to 2.6238750607140637e-06
Epoch: 77 cost time: 4.14629054069519
Epoch: 77, Steps: 29 | Train Loss: 0.0468739 Vali Loss: 0.0850600 Test Loss: 0.0417952
Validation loss decreased (0.085296 --> 0.085060).  Saving model ...
Updating learning rate to 2.4288943691364434e-06
Epoch: 78 cost time: 4.040316104888916
Epoch: 78, Steps: 29 | Train Loss: 0.0465035 Vali Loss: 0.0841361 Test Loss: 0.0414379
Validation loss decreased (0.085060 --> 0.084136).  Saving model ...
Updating learning rate to 2.2390915824072217e-06
Epoch: 79 cost time: 3.991298198699951
Epoch: 79, Steps: 29 | Train Loss: 0.0460764 Vali Loss: 0.0834021 Test Loss: 0.0413076
Validation loss decreased (0.084136 --> 0.083402).  Saving model ...
Updating learning rate to 2.0548489380794217e-06
Epoch: 80 cost time: 4.154555320739746
Epoch: 80, Steps: 29 | Train Loss: 0.0457515 Vali Loss: 0.0824581 Test Loss: 0.0410398
Validation loss decreased (0.083402 --> 0.082458).  Saving model ...
Updating learning rate to 1.876537476319218e-06
Epoch: 81 cost time: 4.282420873641968
Epoch: 81, Steps: 29 | Train Loss: 0.0454342 Vali Loss: 0.0826035 Test Loss: 0.0408174
EarlyStopping counter: 1 out of 10
Updating learning rate to 1.7045162926804444e-06
Epoch: 82 cost time: 4.141948461532593
Epoch: 82, Steps: 29 | Train Loss: 0.0454007 Vali Loss: 0.0824636 Test Loss: 0.0408263
EarlyStopping counter: 2 out of 10
Updating learning rate to 1.5391318149339123e-06
Epoch: 83 cost time: 4.227575778961182
Epoch: 83, Steps: 29 | Train Loss: 0.0454058 Vali Loss: 0.0827174 Test Loss: 0.0408018
EarlyStopping counter: 3 out of 10
Updating learning rate to 1.3807171054080036e-06
Epoch: 84 cost time: 4.220727205276489
Epoch: 84, Steps: 29 | Train Loss: 0.0454105 Vali Loss: 0.0823352 Test Loss: 0.0408256
Validation loss decreased (0.082458 --> 0.082335).  Saving model ...
Updating learning rate to 1.2295911902454577e-06
Epoch: 85 cost time: 3.9628803730010986
Epoch: 85, Steps: 29 | Train Loss: 0.0453978 Vali Loss: 0.0822849 Test Loss: 0.0408219
Validation loss decreased (0.082335 --> 0.082285).  Saving model ...
Updating learning rate to 1.0860584169271784e-06
Epoch: 86 cost time: 4.112162113189697
Epoch: 86, Steps: 29 | Train Loss: 0.0453949 Vali Loss: 0.0826723 Test Loss: 0.0408228
EarlyStopping counter: 1 out of 10
Updating learning rate to 9.504078413569088e-07
Epoch: 87 cost time: 4.34158992767334
Epoch: 87, Steps: 29 | Train Loss: 0.0453343 Vali Loss: 0.0825292 Test Loss: 0.0408798
EarlyStopping counter: 2 out of 10
Updating learning rate to 8.229126457411124e-07
Epoch: 88 cost time: 4.19906210899353
Epoch: 88, Steps: 29 | Train Loss: 0.0453632 Vali Loss: 0.0827482 Test Loss: 0.0408529
EarlyStopping counter: 3 out of 10
Updating learning rate to 7.038295884363647e-07
Epoch: 89 cost time: 4.095574855804443
Epoch: 89, Steps: 29 | Train Loss: 0.0453665 Vali Loss: 0.0825310 Test Loss: 0.0409057
EarlyStopping counter: 4 out of 10
Updating learning rate to 5.933984868721898e-07
Epoch: 90 cost time: 4.119308710098267
Epoch: 90, Steps: 29 | Train Loss: 0.0453417 Vali Loss: 0.0826168 Test Loss: 0.0408716
EarlyStopping counter: 5 out of 10
Updating learning rate to 4.918417345906772e-07
Epoch: 91 cost time: 4.203665733337402
Epoch: 91, Steps: 29 | Train Loss: 0.0453462 Vali Loss: 0.0825851 Test Loss: 0.0409043
EarlyStopping counter: 6 out of 10
Updating learning rate to 3.9936385337548097e-07
Epoch: 92 cost time: 4.373650789260864
Epoch: 92, Steps: 29 | Train Loss: 0.0453245 Vali Loss: 0.0825480 Test Loss: 0.0408738
EarlyStopping counter: 7 out of 10
Updating learning rate to 3.161510813721721e-07
Epoch: 93 cost time: 4.088954448699951
Epoch: 93, Steps: 29 | Train Loss: 0.0453298 Vali Loss: 0.0825387 Test Loss: 0.0408681
EarlyStopping counter: 8 out of 10
Updating learning rate to 2.4237099802938663e-07
Epoch: 94 cost time: 4.07802939414978
Epoch: 94, Steps: 29 | Train Loss: 0.0453247 Vali Loss: 0.0824171 Test Loss: 0.0409199
EarlyStopping counter: 9 out of 10
Updating learning rate to 1.7817218661613333e-07
Epoch: 95 cost time: 4.072237014770508
Epoch: 95, Steps: 29 | Train Loss: 0.0453486 Vali Loss: 0.0826448 Test Loss: 0.0408903
EarlyStopping counter: 10 out of 10
Early stopping
>>>>>>>testing : ETTh1_336_720_DTFNet_ETTh1_ftM_sl336_ll0_pl720_dm128_nh16_el2_br2_dl1_df256_fc1_ebtimeF_dtTrue_'Exp'_0_'rel_sin'_16_8_16,24_8,12_3_1_256<<<<<<<<<<<<<<<<<<<<<<<<<<<<<<<<<
test 2161
mse:0.43736404180526733, mae:0.4552076458930969, rse:0.6351943016052246
