Args in experiment:
Namespace(is_training=1, model_id='ETTh1_336_720', model='DTFNet', data='ETTh1', root_path='./dataset/', data_path='ETTh1.csv', features='M', target='OT', freq='h', checkpoints='./checkpoints/', seq_len=336, label_len=0, pred_len=720, n_branches=2, patch_len_ls='16,24', stride_ls='8,12', d_model_ls='128', n_heads_ls='16', rel_pe="'rel_sin'", res_attn=False, head_type='flatten', fc_dropout=0.3, head_dropout=0.1, patch_len=16, stride=8, padding_patch="'end'", revin=1, affine=0, subtract_last=0, decomposition=0, kernel_size=25, individual=0, store_attn=False, pre_norm=False, pe='zeros', no_learn_pe=True, embed_type=0, enc_in=7, dec_in=7, c_out=7, d_model=128, n_heads=16, e_layers=2, d_layers=1, d_ff=256, moving_avg=25, factor=1, distil=True, dropout=0.3, embed='timeF', activation='gelu', output_attention=False, do_predict=False, num_workers=0, itr=1, train_epochs=100, batch_size=256, patience=10, learning_rate=1e-05, des="'Exp'", loss='mse', lradj='TST', pct_start=0.3, use_amp=False, l2=0.0, warmup_steps=0, use_gpu=True, gpu=0, use_multi_gpu=False, devices='0', test_flop=False, use_mlflow=False, mlflow_project='exp', loss_flag=2, sub_patch_len=16, sub_stride=8, stride_ls_list='16', model_type='linear', tfactor=3, dilation_rates='1', wavelet_layers=2, wavelet_type='db5', wavelet_mode='periodization', wavelet_dim=64, initTLV=0.2)
Use GPU: cuda:0
>>>>>>>start training : ETTh1_336_720_DTFNet_ETTh1_ftM_sl336_ll0_pl720_dm128_nh16_el2_br2_dl1_df256_fc1_ebtimeF_dtTrue_'Exp'_0_'rel_sin'_16_8_16,24_8,12_3_1_256>>>>>>>>>>>>>>>>>>>>>>>>>>
train 7585
val 2161
test 2161
Epoch: 1 cost time: 4.821178436279297
Epoch: 1, Steps: 29 | Train Loss: 0.1075987 Vali Loss: 0.1785830 Test Loss: 0.0997117
Validation loss decreased (inf --> 0.178583).  Saving model ...
Updating learning rate to 4.2635539919063106e-07
Epoch: 2 cost time: 3.7522592544555664
Epoch: 2, Steps: 29 | Train Loss: 0.1067315 Vali Loss: 0.1774248 Test Loss: 0.0988694
Validation loss decreased (0.178583 --> 0.177425).  Saving model ...
Updating learning rate to 5.051321771514831e-07
Epoch: 3 cost time: 3.700716972351074
Epoch: 3, Steps: 29 | Train Loss: 0.1057665 Vali Loss: 0.1760219 Test Loss: 0.0979532
Validation loss decreased (0.177425 --> 0.176022).  Saving model ...
Updating learning rate to 6.354652532866785e-07
Epoch: 4 cost time: 3.9232447147369385
Epoch: 4, Steps: 29 | Train Loss: 0.1049367 Vali Loss: 0.1741472 Test Loss: 0.0969689
Validation loss decreased (0.176022 --> 0.174147).  Saving model ...
Updating learning rate to 8.159233858256806e-07
Epoch: 5 cost time: 4.010678052902222
Epoch: 5, Steps: 29 | Train Loss: 0.1039234 Vali Loss: 0.1722660 Test Loss: 0.0958966
Validation loss decreased (0.174147 --> 0.172266).  Saving model ...
Updating learning rate to 1.0445248888850473e-06
Epoch: 6 cost time: 3.8919951915740967
Epoch: 6, Steps: 29 | Train Loss: 0.1029486 Vali Loss: 0.1703778 Test Loss: 0.0946836
Validation loss decreased (0.172266 --> 0.170378).  Saving model ...
Updating learning rate to 1.3187593941861497e-06
Epoch: 7 cost time: 4.277804374694824
Epoch: 7, Steps: 29 | Train Loss: 0.1018487 Vali Loss: 0.1678346 Test Loss: 0.0932790
Validation loss decreased (0.170378 --> 0.167835).  Saving model ...
Updating learning rate to 1.6356154184543822e-06
Epoch: 8 cost time: 4.3363823890686035
Epoch: 8, Steps: 29 | Train Loss: 0.1005857 Vali Loss: 0.1652205 Test Loss: 0.0915482
Validation loss decreased (0.167835 --> 0.165220).  Saving model ...
Updating learning rate to 1.9916134337707666e-06
Epoch: 9 cost time: 4.224092721939087
Epoch: 9, Steps: 29 | Train Loss: 0.0990741 Vali Loss: 0.1620687 Test Loss: 0.0892940
Validation loss decreased (0.165220 --> 0.162069).  Saving model ...
Updating learning rate to 2.3828440777166636e-06
Epoch: 10 cost time: 4.25346040725708
Epoch: 10, Steps: 29 | Train Loss: 0.0971780 Vali Loss: 0.1577152 Test Loss: 0.0862174
Validation loss decreased (0.162069 --> 0.157715).  Saving model ...
Updating learning rate to 2.805011083710071e-06
Epoch: 11 cost time: 4.294006824493408
Epoch: 11, Steps: 29 | Train Loss: 0.0949256 Vali Loss: 0.1522687 Test Loss: 0.0820370
Validation loss decreased (0.157715 --> 0.152269).  Saving model ...
Updating learning rate to 3.2534784600976295e-06
Epoch: 12 cost time: 4.185399293899536
Epoch: 12, Steps: 29 | Train Loss: 0.0923814 Vali Loss: 0.1467814 Test Loss: 0.0776912
Validation loss decreased (0.152269 --> 0.146781).  Saving model ...
Updating learning rate to 3.723321399909056e-06
Epoch: 13 cost time: 4.153003454208374
Epoch: 13, Steps: 29 | Train Loss: 0.0900975 Vali Loss: 0.1428369 Test Loss: 0.0750607
Validation loss decreased (0.146781 --> 0.142837).  Saving model ...
Updating learning rate to 4.209380362212844e-06
Epoch: 14 cost time: 4.259827136993408
Epoch: 14, Steps: 29 | Train Loss: 0.0884499 Vali Loss: 0.1399385 Test Loss: 0.0735734
Validation loss decreased (0.142837 --> 0.139939).  Saving model ...
Updating learning rate to 4.706317731183279e-06
Epoch: 15 cost time: 4.232342720031738
Epoch: 15, Steps: 29 | Train Loss: 0.0866870 Vali Loss: 0.1369235 Test Loss: 0.0716535
Validation loss decreased (0.139939 --> 0.136923).  Saving model ...
Updating learning rate to 5.208676430682048e-06
Epoch: 16 cost time: 4.113622188568115
Epoch: 16, Steps: 29 | Train Loss: 0.0850038 Vali Loss: 0.1338709 Test Loss: 0.0692884
Validation loss decreased (0.136923 --> 0.133871).  Saving model ...
Updating learning rate to 5.710939850683244e-06
Epoch: 17 cost time: 4.174484968185425
Epoch: 17, Steps: 29 | Train Loss: 0.0832306 Vali Loss: 0.1315434 Test Loss: 0.0674501
Validation loss decreased (0.133871 --> 0.131543).  Saving model ...
Updating learning rate to 6.207592427464792e-06
Epoch: 18 cost time: 4.326331853866577
Epoch: 18, Steps: 29 | Train Loss: 0.0817576 Vali Loss: 0.1300631 Test Loss: 0.0658160
Validation loss decreased (0.131543 --> 0.130063).  Saving model ...
Updating learning rate to 6.693180212309968e-06
Epoch: 19 cost time: 4.348886728286743
Epoch: 19, Steps: 29 | Train Loss: 0.0805338 Vali Loss: 0.1285698 Test Loss: 0.0646241
Validation loss decreased (0.130063 --> 0.128570).  Saving model ...
Updating learning rate to 7.1623707635889015e-06
Epoch: 20 cost time: 3.9725606441497803
Epoch: 20, Steps: 29 | Train Loss: 0.0795471 Vali Loss: 0.1277021 Test Loss: 0.0638404
Validation loss decreased (0.128570 --> 0.127702).  Saving model ...
Updating learning rate to 7.610011704520164e-06
Epoch: 21 cost time: 4.322153806686401
Epoch: 21, Steps: 29 | Train Loss: 0.0786942 Vali Loss: 0.1264229 Test Loss: 0.0628472
Validation loss decreased (0.127702 --> 0.126423).  Saving model ...
Updating learning rate to 8.031187303565295e-06
Epoch: 22 cost time: 4.2956109046936035
Epoch: 22, Steps: 29 | Train Loss: 0.0777415 Vali Loss: 0.1254976 Test Loss: 0.0620605
Validation loss decreased (0.126423 --> 0.125498).  Saving model ...
Updating learning rate to 8.421272456123378e-06
Epoch: 23 cost time: 3.984145402908325
Epoch: 23, Steps: 29 | Train Loss: 0.0769620 Vali Loss: 0.1247216 Test Loss: 0.0612724
Validation loss decreased (0.125498 --> 0.124722).  Saving model ...
Updating learning rate to 8.775983474730246e-06
Epoch: 24 cost time: 4.141762733459473
Epoch: 24, Steps: 29 | Train Loss: 0.0761905 Vali Loss: 0.1238327 Test Loss: 0.0604749
Validation loss decreased (0.124722 --> 0.123833).  Saving model ...
Updating learning rate to 9.091425130013939e-06
Epoch: 25 cost time: 3.7702462673187256
Epoch: 25, Steps: 29 | Train Loss: 0.0753563 Vali Loss: 0.1233885 Test Loss: 0.0595394
Validation loss decreased (0.123833 --> 0.123389).  Saving model ...
Updating learning rate to 9.364133425830145e-06
Epoch: 26 cost time: 4.040225505828857
Epoch: 26, Steps: 29 | Train Loss: 0.0746038 Vali Loss: 0.1223168 Test Loss: 0.0588181
Validation loss decreased (0.123389 --> 0.122317).  Saving model ...
Updating learning rate to 9.591113638846019e-06
Epoch: 27 cost time: 3.9895260334014893
Epoch: 27, Steps: 29 | Train Loss: 0.0737774 Vali Loss: 0.1216522 Test Loss: 0.0582160
Validation loss decreased (0.122317 --> 0.121652).  Saving model ...
Updating learning rate to 9.769873204843885e-06
Epoch: 28 cost time: 4.115979194641113
Epoch: 28, Steps: 29 | Train Loss: 0.0730916 Vali Loss: 0.1203867 Test Loss: 0.0579503
Validation loss decreased (0.121652 --> 0.120387).  Saving model ...
Updating learning rate to 9.898449090606656e-06
Epoch: 29 cost time: 3.897336006164551
Epoch: 29, Steps: 29 | Train Loss: 0.0723879 Vali Loss: 0.1195874 Test Loss: 0.0572354
Validation loss decreased (0.120387 --> 0.119587).  Saving model ...
Updating learning rate to 9.975429350802846e-06
Epoch: 30 cost time: 4.20353627204895
Epoch: 30, Steps: 29 | Train Loss: 0.0715911 Vali Loss: 0.1197036 Test Loss: 0.0563337
EarlyStopping counter: 1 out of 10
Updating learning rate to 9.99999401249548e-06
Epoch: 31 cost time: 4.096888303756714
Epoch: 31, Steps: 29 | Train Loss: 0.0709318 Vali Loss: 0.1183079 Test Loss: 0.0562894
Validation loss decreased (0.119587 --> 0.118308).  Saving model ...
Updating learning rate to 9.994612212745642e-06
Epoch: 32 cost time: 4.133099794387817
Epoch: 32, Steps: 29 | Train Loss: 0.0702576 Vali Loss: 0.1177726 Test Loss: 0.0555559
Validation loss decreased (0.118308 --> 0.117773).  Saving model ...
Updating learning rate to 9.979171968972798e-06
Epoch: 33 cost time: 4.11499547958374
Epoch: 33, Steps: 29 | Train Loss: 0.0695445 Vali Loss: 0.1173415 Test Loss: 0.0551847
Validation loss decreased (0.117773 --> 0.117341).  Saving model ...
Updating learning rate to 9.953704375773079e-06
Epoch: 34 cost time: 3.884610414505005
Epoch: 34, Steps: 29 | Train Loss: 0.0688419 Vali Loss: 0.1168644 Test Loss: 0.0544757
Validation loss decreased (0.117341 --> 0.116864).  Saving model ...
Updating learning rate to 9.918260721489893e-06
Epoch: 35 cost time: 4.220152139663696
Epoch: 35, Steps: 29 | Train Loss: 0.0682127 Vali Loss: 0.1159836 Test Loss: 0.0542650
Validation loss decreased (0.116864 --> 0.115984).  Saving model ...
Updating learning rate to 9.872912384926035e-06
Epoch: 36 cost time: 4.112289905548096
Epoch: 36, Steps: 29 | Train Loss: 0.0675144 Vali Loss: 0.1152778 Test Loss: 0.0536655
Validation loss decreased (0.115984 --> 0.115278).  Saving model ...
Updating learning rate to 9.817750691596265e-06
Epoch: 37 cost time: 4.191278696060181
Epoch: 37, Steps: 29 | Train Loss: 0.0668807 Vali Loss: 0.1146689 Test Loss: 0.0533389
Validation loss decreased (0.115278 --> 0.114669).  Saving model ...
Updating learning rate to 9.752886729809889e-06
Epoch: 38 cost time: 4.151036262512207
Epoch: 38, Steps: 29 | Train Loss: 0.0661860 Vali Loss: 0.1140433 Test Loss: 0.0529160
Validation loss decreased (0.114669 --> 0.114043).  Saving model ...
Updating learning rate to 9.678451126953676e-06
Epoch: 39 cost time: 3.846062421798706
Epoch: 39, Steps: 29 | Train Loss: 0.0655025 Vali Loss: 0.1132853 Test Loss: 0.0524525
Validation loss decreased (0.114043 --> 0.113285).  Saving model ...
Updating learning rate to 9.594593786425696e-06
Epoch: 40 cost time: 4.161172151565552
Epoch: 40, Steps: 29 | Train Loss: 0.0649485 Vali Loss: 0.1121296 Test Loss: 0.0523415
Validation loss decreased (0.113285 --> 0.112130).  Saving model ...
Updating learning rate to 9.501483585749811e-06
Epoch: 41 cost time: 3.870659589767456
Epoch: 41, Steps: 29 | Train Loss: 0.0642917 Vali Loss: 0.1118102 Test Loss: 0.0518368
Validation loss decreased (0.112130 --> 0.111810).  Saving model ...
Updating learning rate to 9.399308036478838e-06
Epoch: 42 cost time: 3.80655837059021
Epoch: 42, Steps: 29 | Train Loss: 0.0636750 Vali Loss: 0.1107823 Test Loss: 0.0516187
Validation loss decreased (0.111810 --> 0.110782).  Saving model ...
Updating learning rate to 9.288272906571216e-06
Epoch: 43 cost time: 4.28050422668457
Epoch: 43, Steps: 29 | Train Loss: 0.0630432 Vali Loss: 0.1115712 Test Loss: 0.0510787
EarlyStopping counter: 1 out of 10
Updating learning rate to 9.16860180600173e-06
Epoch: 44 cost time: 4.188929557800293
Epoch: 44, Steps: 29 | Train Loss: 0.0624373 Vali Loss: 0.1104983 Test Loss: 0.0507868
Validation loss decreased (0.110782 --> 0.110498).  Saving model ...
Updating learning rate to 9.040535736440785e-06
Epoch: 45 cost time: 4.0599610805511475
Epoch: 45, Steps: 29 | Train Loss: 0.0618078 Vali Loss: 0.1089230 Test Loss: 0.0505911
Validation loss decreased (0.110498 --> 0.108923).  Saving model ...
Updating learning rate to 8.904332605909106e-06
Epoch: 46 cost time: 4.062958002090454
Epoch: 46, Steps: 29 | Train Loss: 0.0611968 Vali Loss: 0.1084137 Test Loss: 0.0504351
Validation loss decreased (0.108923 --> 0.108414).  Saving model ...
Updating learning rate to 8.760266709385311e-06
Epoch: 47 cost time: 4.037269830703735
Epoch: 47, Steps: 29 | Train Loss: 0.0606440 Vali Loss: 0.1075254 Test Loss: 0.0501673
Validation loss decreased (0.108414 --> 0.107525).  Saving model ...
Updating learning rate to 8.608628176412335e-06
Epoch: 48 cost time: 4.1158037185668945
Epoch: 48, Steps: 29 | Train Loss: 0.0600500 Vali Loss: 0.1070076 Test Loss: 0.0494626
Validation loss decreased (0.107525 --> 0.107008).  Saving model ...
Updating learning rate to 8.449722386815127e-06
Epoch: 49 cost time: 4.035600423812866
Epoch: 49, Steps: 29 | Train Loss: 0.0595278 Vali Loss: 0.1063166 Test Loss: 0.0491827
Validation loss decreased (0.107008 --> 0.106317).  Saving model ...
Updating learning rate to 8.28386935570634e-06
Epoch: 50 cost time: 4.134352207183838
Epoch: 50, Steps: 29 | Train Loss: 0.0588976 Vali Loss: 0.1059351 Test Loss: 0.0489783
Validation loss decreased (0.106317 --> 0.105935).  Saving model ...
Updating learning rate to 8.111403089018465e-06
Epoch: 51 cost time: 4.146886110305786
Epoch: 51, Steps: 29 | Train Loss: 0.0583649 Vali Loss: 0.1053410 Test Loss: 0.0485454
Validation loss decreased (0.105935 --> 0.105341).  Saving model ...
Updating learning rate to 7.93267091086035e-06
Epoch: 52 cost time: 3.8828020095825195
Epoch: 52, Steps: 29 | Train Loss: 0.0578332 Vali Loss: 0.1052747 Test Loss: 0.0480499
Validation loss decreased (0.105341 --> 0.105275).  Saving model ...
Updating learning rate to 7.748032764052655e-06
Epoch: 53 cost time: 3.897341728210449
Epoch: 53, Steps: 29 | Train Loss: 0.0573317 Vali Loss: 0.1043083 Test Loss: 0.0477691
Validation loss decreased (0.105275 --> 0.104308).  Saving model ...
Updating learning rate to 7.557860485250925e-06
Epoch: 54 cost time: 3.9217772483825684
Epoch: 54, Steps: 29 | Train Loss: 0.0567773 Vali Loss: 0.1027194 Test Loss: 0.0477407
Validation loss decreased (0.104308 --> 0.102719).  Saving model ...
Updating learning rate to 7.362537056116034e-06
Epoch: 55 cost time: 3.9148330688476562
Epoch: 55, Steps: 29 | Train Loss: 0.0562843 Vali Loss: 0.1016825 Test Loss: 0.0474648
Validation loss decreased (0.102719 --> 0.101682).  Saving model ...
Updating learning rate to 7.162455832040107e-06
Epoch: 56 cost time: 3.9801461696624756
Epoch: 56, Steps: 29 | Train Loss: 0.0557484 Vali Loss: 0.1015590 Test Loss: 0.0469532
Validation loss decreased (0.101682 --> 0.101559).  Saving model ...
Updating learning rate to 6.9580197499810984e-06
Epoch: 57 cost time: 3.961209297180176
Epoch: 57, Steps: 29 | Train Loss: 0.0552409 Vali Loss: 0.1012860 Test Loss: 0.0465721
Validation loss decreased (0.101559 --> 0.101286).  Saving model ...
Updating learning rate to 6.7496405170013816e-06
Epoch: 58 cost time: 4.034706115722656
Epoch: 58, Steps: 29 | Train Loss: 0.0548101 Vali Loss: 0.0997677 Test Loss: 0.0465264
Validation loss decreased (0.101286 --> 0.099768).  Saving model ...
Updating learning rate to 6.537737781144523e-06
Epoch: 59 cost time: 3.8702213764190674
Epoch: 59, Steps: 29 | Train Loss: 0.0543390 Vali Loss: 0.1000842 Test Loss: 0.0458964
EarlyStopping counter: 1 out of 10
Updating learning rate to 6.322738286319964e-06
Epoch: 60 cost time: 3.9827027320861816
Epoch: 60, Steps: 29 | Train Loss: 0.0538206 Vali Loss: 0.0989576 Test Loss: 0.0456618
Validation loss decreased (0.099768 --> 0.098958).  Saving model ...
Updating learning rate to 6.105075012897585e-06
Epoch: 61 cost time: 4.025977849960327
Epoch: 61, Steps: 29 | Train Loss: 0.0533330 Vali Loss: 0.0979596 Test Loss: 0.0454268
Validation loss decreased (0.098958 --> 0.097960).  Saving model ...
Updating learning rate to 5.885186305742857e-06
Epoch: 62 cost time: 3.7780580520629883
Epoch: 62, Steps: 29 | Train Loss: 0.0528494 Vali Loss: 0.0977672 Test Loss: 0.0450137
Validation loss decreased (0.097960 --> 0.097767).  Saving model ...
Updating learning rate to 5.6635149914486225e-06
Epoch: 63 cost time: 4.0182201862335205
Epoch: 63, Steps: 29 | Train Loss: 0.0523721 Vali Loss: 0.0967598 Test Loss: 0.0447588
Validation loss decreased (0.097767 --> 0.096760).  Saving model ...
Updating learning rate to 5.440507486541268e-06
Epoch: 64 cost time: 3.8933372497558594
Epoch: 64, Steps: 29 | Train Loss: 0.0519594 Vali Loss: 0.0963293 Test Loss: 0.0443923
Validation loss decreased (0.096760 --> 0.096329).  Saving model ...
Updating learning rate to 5.216612898457253e-06
Epoch: 65 cost time: 4.00454044342041
Epoch: 65, Steps: 29 | Train Loss: 0.0515187 Vali Loss: 0.0956961 Test Loss: 0.0440624
Validation loss decreased (0.096329 --> 0.095696).  Saving model ...
Updating learning rate to 4.992282121100496e-06
Epoch: 66 cost time: 3.976536750793457
Epoch: 66, Steps: 29 | Train Loss: 0.0510952 Vali Loss: 0.0943620 Test Loss: 0.0438668
Validation loss decreased (0.095696 --> 0.094362).  Saving model ...
Updating learning rate to 4.767966926802067e-06
Epoch: 67 cost time: 3.8906543254852295
Epoch: 67, Steps: 29 | Train Loss: 0.0506843 Vali Loss: 0.0935587 Test Loss: 0.0436178
Validation loss decreased (0.094362 --> 0.093559).  Saving model ...
Updating learning rate to 4.5441190565108235e-06
Epoch: 68 cost time: 3.750365734100342
Epoch: 68, Steps: 29 | Train Loss: 0.0502023 Vali Loss: 0.0931932 Test Loss: 0.0432347
Validation loss decreased (0.093559 --> 0.093193).  Saving model ...
Updating learning rate to 4.3211893100472735e-06
Epoch: 69 cost time: 4.137118816375732
Epoch: 69, Steps: 29 | Train Loss: 0.0497977 Vali Loss: 0.0927881 Test Loss: 0.0428369
Validation loss decreased (0.093193 --> 0.092788).  Saving model ...
Updating learning rate to 4.099626638252712e-06
Epoch: 70 cost time: 3.9830899238586426
Epoch: 70, Steps: 29 | Train Loss: 0.0493861 Vali Loss: 0.0921045 Test Loss: 0.0425726
Validation loss decreased (0.092788 --> 0.092104).  Saving model ...
Updating learning rate to 3.879877238861997e-06
Epoch: 71 cost time: 4.016733884811401
Epoch: 71, Steps: 29 | Train Loss: 0.0489971 Vali Loss: 0.0911592 Test Loss: 0.0423071
Validation loss decreased (0.092104 --> 0.091159).  Saving model ...
Updating learning rate to 3.662383657920668e-06
Epoch: 72 cost time: 4.057831287384033
Epoch: 72, Steps: 29 | Train Loss: 0.0486179 Vali Loss: 0.0905997 Test Loss: 0.0420213
Validation loss decreased (0.091159 --> 0.090600).  Saving model ...
Updating learning rate to 3.447583898556124e-06
Epoch: 73 cost time: 3.960175037384033
Epoch: 73, Steps: 29 | Train Loss: 0.0482208 Vali Loss: 0.0892194 Test Loss: 0.0418815
Validation loss decreased (0.090600 --> 0.089219).  Saving model ...
Updating learning rate to 3.2359105388976132e-06
Epoch: 74 cost time: 3.834463357925415
Epoch: 74, Steps: 29 | Train Loss: 0.0477902 Vali Loss: 0.0892964 Test Loss: 0.0413648
EarlyStopping counter: 1 out of 10
Updating learning rate to 3.027789860921434e-06
Epoch: 75 cost time: 4.048882484436035
Epoch: 75, Steps: 29 | Train Loss: 0.0474333 Vali Loss: 0.0879093 Test Loss: 0.0412546
Validation loss decreased (0.089219 --> 0.087909).  Saving model ...
Updating learning rate to 2.8236409919757893e-06
Epoch: 76 cost time: 4.024333953857422
Epoch: 76, Steps: 29 | Train Loss: 0.0470479 Vali Loss: 0.0875416 Test Loss: 0.0408760
Validation loss decreased (0.087909 --> 0.087542).  Saving model ...
Updating learning rate to 2.6238750607140637e-06
Epoch: 77 cost time: 3.8874571323394775
Epoch: 77, Steps: 29 | Train Loss: 0.0466853 Vali Loss: 0.0870936 Test Loss: 0.0405338
Validation loss decreased (0.087542 --> 0.087094).  Saving model ...
Updating learning rate to 2.4288943691364434e-06
Epoch: 78 cost time: 3.803199529647827
Epoch: 78, Steps: 29 | Train Loss: 0.0463154 Vali Loss: 0.0863967 Test Loss: 0.0402297
Validation loss decreased (0.087094 --> 0.086397).  Saving model ...
Updating learning rate to 2.2390915824072217e-06
Epoch: 79 cost time: 3.9283523559570312
Epoch: 79, Steps: 29 | Train Loss: 0.0459436 Vali Loss: 0.0857931 Test Loss: 0.0400138
Validation loss decreased (0.086397 --> 0.085793).  Saving model ...
Updating learning rate to 2.0548489380794217e-06
Epoch: 80 cost time: 3.7802860736846924
Epoch: 80, Steps: 29 | Train Loss: 0.0455882 Vali Loss: 0.0851481 Test Loss: 0.0396426
Validation loss decreased (0.085793 --> 0.085148).  Saving model ...
Updating learning rate to 1.876537476319218e-06
Epoch: 81 cost time: 4.128154516220093
Epoch: 81, Steps: 29 | Train Loss: 0.0452222 Vali Loss: 0.0844877 Test Loss: 0.0396315
Validation loss decreased (0.085148 --> 0.084488).  Saving model ...
Updating learning rate to 1.7045162926804444e-06
Epoch: 82 cost time: 4.076189041137695
Epoch: 82, Steps: 29 | Train Loss: 0.0452412 Vali Loss: 0.0846984 Test Loss: 0.0395734
EarlyStopping counter: 1 out of 10
Updating learning rate to 1.5391318149339123e-06
Epoch: 83 cost time: 4.125452756881714
Epoch: 83, Steps: 29 | Train Loss: 0.0452092 Vali Loss: 0.0847490 Test Loss: 0.0395849
EarlyStopping counter: 2 out of 10
Updating learning rate to 1.3807171054080036e-06
Epoch: 84 cost time: 3.953733205795288
Epoch: 84, Steps: 29 | Train Loss: 0.0451858 Vali Loss: 0.0848151 Test Loss: 0.0395964
EarlyStopping counter: 3 out of 10
Updating learning rate to 1.2295911902454577e-06
Epoch: 85 cost time: 3.979959487915039
Epoch: 85, Steps: 29 | Train Loss: 0.0451554 Vali Loss: 0.0848279 Test Loss: 0.0396214
EarlyStopping counter: 4 out of 10
Updating learning rate to 1.0860584169271784e-06
Epoch: 86 cost time: 3.982377290725708
Epoch: 86, Steps: 29 | Train Loss: 0.0451693 Vali Loss: 0.0849070 Test Loss: 0.0395853
EarlyStopping counter: 5 out of 10
Updating learning rate to 9.504078413569088e-07
Epoch: 87 cost time: 4.018548488616943
Epoch: 87, Steps: 29 | Train Loss: 0.0451769 Vali Loss: 0.0846601 Test Loss: 0.0395999
EarlyStopping counter: 6 out of 10
Updating learning rate to 8.229126457411124e-07
Epoch: 88 cost time: 4.083266735076904
Epoch: 88, Steps: 29 | Train Loss: 0.0451732 Vali Loss: 0.0848515 Test Loss: 0.0396127
EarlyStopping counter: 7 out of 10
Updating learning rate to 7.038295884363647e-07
Epoch: 89 cost time: 4.078114032745361
Epoch: 89, Steps: 29 | Train Loss: 0.0451798 Vali Loss: 0.0849283 Test Loss: 0.0395862
EarlyStopping counter: 8 out of 10
Updating learning rate to 5.933984868721898e-07
Epoch: 90 cost time: 4.303969144821167
Epoch: 90, Steps: 29 | Train Loss: 0.0451551 Vali Loss: 0.0848499 Test Loss: 0.0396032
EarlyStopping counter: 9 out of 10
Updating learning rate to 4.918417345906772e-07
Epoch: 91 cost time: 4.322119235992432
Epoch: 91, Steps: 29 | Train Loss: 0.0451616 Vali Loss: 0.0850690 Test Loss: 0.0396021
EarlyStopping counter: 10 out of 10
Early stopping
>>>>>>>testing : ETTh1_336_720_DTFNet_ETTh1_ftM_sl336_ll0_pl720_dm128_nh16_el2_br2_dl1_df256_fc1_ebtimeF_dtTrue_'Exp'_0_'rel_sin'_16_8_16,24_8,12_3_1_256<<<<<<<<<<<<<<<<<<<<<<<<<<<<<<<<<
test 2161
mse:0.41538599133491516, mae:0.44316402077674866, rse:0.6190289855003357
