Args in experiment:
Namespace(is_training=1, model_id='ETTh1_336_720', model='DTFNet', data='ETTh1', root_path='./dataset/', data_path='ETTh1.csv', features='M', target='OT', freq='h', checkpoints='./checkpoints/', seq_len=336, label_len=0, pred_len=720, n_branches=2, patch_len_ls='16,24', stride_ls='8,12', d_model_ls='128', n_heads_ls='16', rel_pe="'rel_sin'", res_attn=False, head_type='flatten', fc_dropout=0.3, head_dropout=0.1, patch_len=16, stride=8, padding_patch="'end'", revin=1, affine=0, subtract_last=0, decomposition=0, kernel_size=25, individual=0, store_attn=False, pre_norm=False, pe='zeros', no_learn_pe=True, embed_type=0, enc_in=7, dec_in=7, c_out=7, d_model=128, n_heads=16, e_layers=2, d_layers=1, d_ff=256, moving_avg=25, factor=1, distil=True, dropout=0.3, embed='timeF', activation='gelu', output_attention=False, do_predict=False, num_workers=0, itr=1, train_epochs=100, batch_size=256, patience=10, learning_rate=1e-05, des="'Exp'", loss='mse', lradj='TST', pct_start=0.3, use_amp=False, l2=0.0, warmup_steps=0, use_gpu=True, gpu=0, use_multi_gpu=False, devices='0', test_flop=False, use_mlflow=False, mlflow_project='exp', loss_flag=2, sub_patch_len=16, sub_stride=8, stride_ls_list='16', model_type='linear', tfactor=3, dilation_rates='1', wavelet_layers=2, wavelet_type='db5', wavelet_mode='periodization', wavelet_dim=64, initTLV=0.2)
Use GPU: cuda:0
>>>>>>>start training : ETTh1_336_720_DTFNet_ETTh1_ftM_sl336_ll0_pl720_dm128_nh16_el2_br2_dl1_df256_fc1_ebtimeF_dtTrue_'Exp'_0_'rel_sin'_16_8_16,24_8,12_3_1_256>>>>>>>>>>>>>>>>>>>>>>>>>>
train 7585
val 2161
test 2161
Epoch: 1 cost time: 4.098473310470581
Epoch: 1, Steps: 29 | Train Loss: 0.1075679 Vali Loss: 0.1790085 Test Loss: 0.0997825
Validation loss decreased (inf --> 0.179009).  Saving model ...
Updating learning rate to 4.2635539919063106e-07
Epoch: 2 cost time: 3.7776124477386475
Epoch: 2, Steps: 29 | Train Loss: 0.1067325 Vali Loss: 0.1775280 Test Loss: 0.0989551
Validation loss decreased (0.179009 --> 0.177528).  Saving model ...
Updating learning rate to 5.051321771514831e-07
Epoch: 3 cost time: 3.9700818061828613
Epoch: 3, Steps: 29 | Train Loss: 0.1058692 Vali Loss: 0.1758952 Test Loss: 0.0980589
Validation loss decreased (0.177528 --> 0.175895).  Saving model ...
Updating learning rate to 6.354652532866785e-07
Epoch: 4 cost time: 4.033948659896851
Epoch: 4, Steps: 29 | Train Loss: 0.1049602 Vali Loss: 0.1742869 Test Loss: 0.0971084
Validation loss decreased (0.175895 --> 0.174287).  Saving model ...
Updating learning rate to 8.159233858256806e-07
Epoch: 5 cost time: 4.044627904891968
Epoch: 5, Steps: 29 | Train Loss: 0.1040834 Vali Loss: 0.1720723 Test Loss: 0.0960663
Validation loss decreased (0.174287 --> 0.172072).  Saving model ...
Updating learning rate to 1.0445248888850473e-06
Epoch: 6 cost time: 4.043569803237915
Epoch: 6, Steps: 29 | Train Loss: 0.1030240 Vali Loss: 0.1702619 Test Loss: 0.0949172
Validation loss decreased (0.172072 --> 0.170262).  Saving model ...
Updating learning rate to 1.3187593941861497e-06
Epoch: 7 cost time: 4.013842582702637
Epoch: 7, Steps: 29 | Train Loss: 0.1018969 Vali Loss: 0.1683028 Test Loss: 0.0935878
Validation loss decreased (0.170262 --> 0.168303).  Saving model ...
Updating learning rate to 1.6356154184543822e-06
Epoch: 8 cost time: 4.007007360458374
Epoch: 8, Steps: 29 | Train Loss: 0.1006813 Vali Loss: 0.1655304 Test Loss: 0.0919810
Validation loss decreased (0.168303 --> 0.165530).  Saving model ...
Updating learning rate to 1.9916134337707666e-06
Epoch: 9 cost time: 4.114426374435425
Epoch: 9, Steps: 29 | Train Loss: 0.0993326 Vali Loss: 0.1624274 Test Loss: 0.0899320
Validation loss decreased (0.165530 --> 0.162427).  Saving model ...
Updating learning rate to 2.3828440777166636e-06
Epoch: 10 cost time: 4.009251832962036
Epoch: 10, Steps: 29 | Train Loss: 0.0976307 Vali Loss: 0.1589340 Test Loss: 0.0871588
Validation loss decreased (0.162427 --> 0.158934).  Saving model ...
Updating learning rate to 2.805011083710071e-06
Epoch: 11 cost time: 3.9780795574188232
Epoch: 11, Steps: 29 | Train Loss: 0.0953164 Vali Loss: 0.1534125 Test Loss: 0.0832357
Validation loss decreased (0.158934 --> 0.153412).  Saving model ...
Updating learning rate to 3.2534784600976295e-06
Epoch: 12 cost time: 3.7987818717956543
Epoch: 12, Steps: 29 | Train Loss: 0.0926556 Vali Loss: 0.1474791 Test Loss: 0.0785207
Validation loss decreased (0.153412 --> 0.147479).  Saving model ...
Updating learning rate to 3.723321399909056e-06
Epoch: 13 cost time: 3.7567102909088135
Epoch: 13, Steps: 29 | Train Loss: 0.0900635 Vali Loss: 0.1423267 Test Loss: 0.0752027
Validation loss decreased (0.147479 --> 0.142327).  Saving model ...
Updating learning rate to 4.209380362212844e-06
Epoch: 14 cost time: 3.9850411415100098
Epoch: 14, Steps: 29 | Train Loss: 0.0880045 Vali Loss: 0.1386412 Test Loss: 0.0732636
Validation loss decreased (0.142327 --> 0.138641).  Saving model ...
Updating learning rate to 4.706317731183279e-06
Epoch: 15 cost time: 3.866351842880249
Epoch: 15, Steps: 29 | Train Loss: 0.0862887 Vali Loss: 0.1358233 Test Loss: 0.0713249
Validation loss decreased (0.138641 --> 0.135823).  Saving model ...
Updating learning rate to 5.208676430682048e-06
Epoch: 16 cost time: 3.8595941066741943
Epoch: 16, Steps: 29 | Train Loss: 0.0846228 Vali Loss: 0.1335709 Test Loss: 0.0694878
Validation loss decreased (0.135823 --> 0.133571).  Saving model ...
Updating learning rate to 5.710939850683244e-06
Epoch: 17 cost time: 4.024952411651611
Epoch: 17, Steps: 29 | Train Loss: 0.0831253 Vali Loss: 0.1312111 Test Loss: 0.0676021
Validation loss decreased (0.133571 --> 0.131211).  Saving model ...
Updating learning rate to 6.207592427464792e-06
Epoch: 18 cost time: 3.851062297821045
Epoch: 18, Steps: 29 | Train Loss: 0.0816948 Vali Loss: 0.1296556 Test Loss: 0.0660462
Validation loss decreased (0.131211 --> 0.129656).  Saving model ...
Updating learning rate to 6.693180212309968e-06
Epoch: 19 cost time: 3.9760091304779053
Epoch: 19, Steps: 29 | Train Loss: 0.0805131 Vali Loss: 0.1285272 Test Loss: 0.0648415
Validation loss decreased (0.129656 --> 0.128527).  Saving model ...
Updating learning rate to 7.1623707635889015e-06
Epoch: 20 cost time: 4.186317205429077
Epoch: 20, Steps: 29 | Train Loss: 0.0794928 Vali Loss: 0.1276381 Test Loss: 0.0636949
Validation loss decreased (0.128527 --> 0.127638).  Saving model ...
Updating learning rate to 7.610011704520164e-06
Epoch: 21 cost time: 4.07384181022644
Epoch: 21, Steps: 29 | Train Loss: 0.0785989 Vali Loss: 0.1265303 Test Loss: 0.0628849
Validation loss decreased (0.127638 --> 0.126530).  Saving model ...
Updating learning rate to 8.031187303565295e-06
Epoch: 22 cost time: 4.049678564071655
Epoch: 22, Steps: 29 | Train Loss: 0.0777829 Vali Loss: 0.1256758 Test Loss: 0.0621630
Validation loss decreased (0.126530 --> 0.125676).  Saving model ...
Updating learning rate to 8.421272456123378e-06
Epoch: 23 cost time: 4.222708702087402
Epoch: 23, Steps: 29 | Train Loss: 0.0769504 Vali Loss: 0.1246056 Test Loss: 0.0617251
Validation loss decreased (0.125676 --> 0.124606).  Saving model ...
Updating learning rate to 8.775983474730246e-06
Epoch: 24 cost time: 3.9804155826568604
Epoch: 24, Steps: 29 | Train Loss: 0.0760912 Vali Loss: 0.1240555 Test Loss: 0.0606250
Validation loss decreased (0.124606 --> 0.124056).  Saving model ...
Updating learning rate to 9.091425130013939e-06
Epoch: 25 cost time: 4.0301289558410645
Epoch: 25, Steps: 29 | Train Loss: 0.0753216 Vali Loss: 0.1228205 Test Loss: 0.0602240
Validation loss decreased (0.124056 --> 0.122820).  Saving model ...
Updating learning rate to 9.364133425830145e-06
Epoch: 26 cost time: 4.003791332244873
Epoch: 26, Steps: 29 | Train Loss: 0.0745586 Vali Loss: 0.1219174 Test Loss: 0.0593077
Validation loss decreased (0.122820 --> 0.121917).  Saving model ...
Updating learning rate to 9.591113638846019e-06
Epoch: 27 cost time: 4.032596588134766
Epoch: 27, Steps: 29 | Train Loss: 0.0737832 Vali Loss: 0.1214354 Test Loss: 0.0587933
Validation loss decreased (0.121917 --> 0.121435).  Saving model ...
Updating learning rate to 9.769873204843885e-06
Epoch: 28 cost time: 4.113843202590942
Epoch: 28, Steps: 29 | Train Loss: 0.0729924 Vali Loss: 0.1206398 Test Loss: 0.0579471
Validation loss decreased (0.121435 --> 0.120640).  Saving model ...
Updating learning rate to 9.898449090606656e-06
Epoch: 29 cost time: 4.188130617141724
Epoch: 29, Steps: 29 | Train Loss: 0.0722970 Vali Loss: 0.1196723 Test Loss: 0.0573717
Validation loss decreased (0.120640 --> 0.119672).  Saving model ...
Updating learning rate to 9.975429350802846e-06
Epoch: 30 cost time: 4.13294792175293
Epoch: 30, Steps: 29 | Train Loss: 0.0716052 Vali Loss: 0.1192399 Test Loss: 0.0572557
Validation loss decreased (0.119672 --> 0.119240).  Saving model ...
Updating learning rate to 9.99999401249548e-06
Epoch: 31 cost time: 4.099810361862183
Epoch: 31, Steps: 29 | Train Loss: 0.0708403 Vali Loss: 0.1180632 Test Loss: 0.0565424
Validation loss decreased (0.119240 --> 0.118063).  Saving model ...
Updating learning rate to 9.994612212745642e-06
Epoch: 32 cost time: 3.82724928855896
Epoch: 32, Steps: 29 | Train Loss: 0.0701654 Vali Loss: 0.1170727 Test Loss: 0.0562565
Validation loss decreased (0.118063 --> 0.117073).  Saving model ...
Updating learning rate to 9.979171968972798e-06
Epoch: 33 cost time: 3.886253595352173
Epoch: 33, Steps: 29 | Train Loss: 0.0694286 Vali Loss: 0.1173988 Test Loss: 0.0555350
EarlyStopping counter: 1 out of 10
Updating learning rate to 9.953704375773079e-06
Epoch: 34 cost time: 4.2659313678741455
Epoch: 34, Steps: 29 | Train Loss: 0.0687314 Vali Loss: 0.1162818 Test Loss: 0.0550136
Validation loss decreased (0.117073 --> 0.116282).  Saving model ...
Updating learning rate to 9.918260721489893e-06
Epoch: 35 cost time: 4.019968748092651
Epoch: 35, Steps: 29 | Train Loss: 0.0681005 Vali Loss: 0.1157768 Test Loss: 0.0547566
Validation loss decreased (0.116282 --> 0.115777).  Saving model ...
Updating learning rate to 9.872912384926035e-06
Epoch: 36 cost time: 3.946943998336792
Epoch: 36, Steps: 29 | Train Loss: 0.0674026 Vali Loss: 0.1153667 Test Loss: 0.0538711
Validation loss decreased (0.115777 --> 0.115367).  Saving model ...
Updating learning rate to 9.817750691596265e-06
Epoch: 37 cost time: 3.989201545715332
Epoch: 37, Steps: 29 | Train Loss: 0.0667917 Vali Loss: 0.1135150 Test Loss: 0.0538053
Validation loss decreased (0.115367 --> 0.113515).  Saving model ...
Updating learning rate to 9.752886729809889e-06
Epoch: 38 cost time: 4.036758661270142
Epoch: 38, Steps: 29 | Train Loss: 0.0661223 Vali Loss: 0.1131489 Test Loss: 0.0532837
Validation loss decreased (0.113515 --> 0.113149).  Saving model ...
Updating learning rate to 9.678451126953676e-06
Epoch: 39 cost time: 4.112067461013794
Epoch: 39, Steps: 29 | Train Loss: 0.0654989 Vali Loss: 0.1126255 Test Loss: 0.0531604
Validation loss decreased (0.113149 --> 0.112626).  Saving model ...
Updating learning rate to 9.594593786425696e-06
Epoch: 40 cost time: 3.8968403339385986
Epoch: 40, Steps: 29 | Train Loss: 0.0649357 Vali Loss: 0.1118923 Test Loss: 0.0525804
Validation loss decreased (0.112626 --> 0.111892).  Saving model ...
Updating learning rate to 9.501483585749811e-06
Epoch: 41 cost time: 4.071421146392822
Epoch: 41, Steps: 29 | Train Loss: 0.0642193 Vali Loss: 0.1114533 Test Loss: 0.0523055
Validation loss decreased (0.111892 --> 0.111453).  Saving model ...
Updating learning rate to 9.399308036478838e-06
Epoch: 42 cost time: 4.102226972579956
Epoch: 42, Steps: 29 | Train Loss: 0.0636280 Vali Loss: 0.1108685 Test Loss: 0.0516426
Validation loss decreased (0.111453 --> 0.110868).  Saving model ...
Updating learning rate to 9.288272906571216e-06
Epoch: 43 cost time: 4.015462160110474
Epoch: 43, Steps: 29 | Train Loss: 0.0629833 Vali Loss: 0.1099723 Test Loss: 0.0513884
Validation loss decreased (0.110868 --> 0.109972).  Saving model ...
Updating learning rate to 9.16860180600173e-06
Epoch: 44 cost time: 3.9146130084991455
Epoch: 44, Steps: 29 | Train Loss: 0.0624569 Vali Loss: 0.1094025 Test Loss: 0.0512713
Validation loss decreased (0.109972 --> 0.109403).  Saving model ...
Updating learning rate to 9.040535736440785e-06
Epoch: 45 cost time: 4.023802995681763
Epoch: 45, Steps: 29 | Train Loss: 0.0617458 Vali Loss: 0.1086432 Test Loss: 0.0507937
Validation loss decreased (0.109403 --> 0.108643).  Saving model ...
Updating learning rate to 8.904332605909106e-06
Epoch: 46 cost time: 4.021723031997681
Epoch: 46, Steps: 29 | Train Loss: 0.0612370 Vali Loss: 0.1081109 Test Loss: 0.0503240
Validation loss decreased (0.108643 --> 0.108111).  Saving model ...
Updating learning rate to 8.760266709385311e-06
Epoch: 47 cost time: 3.920994520187378
Epoch: 47, Steps: 29 | Train Loss: 0.0606540 Vali Loss: 0.1081444 Test Loss: 0.0497487
EarlyStopping counter: 1 out of 10
Updating learning rate to 8.608628176412335e-06
Epoch: 48 cost time: 3.954939365386963
Epoch: 48, Steps: 29 | Train Loss: 0.0601396 Vali Loss: 0.1067200 Test Loss: 0.0496763
Validation loss decreased (0.108111 --> 0.106720).  Saving model ...
Updating learning rate to 8.449722386815127e-06
Epoch: 49 cost time: 3.973439931869507
Epoch: 49, Steps: 29 | Train Loss: 0.0594874 Vali Loss: 0.1052856 Test Loss: 0.0495516
Validation loss decreased (0.106720 --> 0.105286).  Saving model ...
Updating learning rate to 8.28386935570634e-06
Epoch: 50 cost time: 4.054319620132446
Epoch: 50, Steps: 29 | Train Loss: 0.0589948 Vali Loss: 0.1056329 Test Loss: 0.0489646
EarlyStopping counter: 1 out of 10
Updating learning rate to 8.111403089018465e-06
Epoch: 51 cost time: 4.058142185211182
Epoch: 51, Steps: 29 | Train Loss: 0.0584048 Vali Loss: 0.1043067 Test Loss: 0.0487589
Validation loss decreased (0.105286 --> 0.104307).  Saving model ...
Updating learning rate to 7.93267091086035e-06
Epoch: 52 cost time: 3.98368763923645
Epoch: 52, Steps: 29 | Train Loss: 0.0578990 Vali Loss: 0.1036549 Test Loss: 0.0483228
Validation loss decreased (0.104307 --> 0.103655).  Saving model ...
Updating learning rate to 7.748032764052655e-06
Epoch: 53 cost time: 3.9482431411743164
Epoch: 53, Steps: 29 | Train Loss: 0.0573936 Vali Loss: 0.1023389 Test Loss: 0.0481644
Validation loss decreased (0.103655 --> 0.102339).  Saving model ...
Updating learning rate to 7.557860485250925e-06
Epoch: 54 cost time: 3.924243688583374
Epoch: 54, Steps: 29 | Train Loss: 0.0568053 Vali Loss: 0.1020977 Test Loss: 0.0478243
Validation loss decreased (0.102339 --> 0.102098).  Saving model ...
Updating learning rate to 7.362537056116034e-06
Epoch: 55 cost time: 3.9434847831726074
Epoch: 55, Steps: 29 | Train Loss: 0.0563002 Vali Loss: 0.1009757 Test Loss: 0.0475436
Validation loss decreased (0.102098 --> 0.100976).  Saving model ...
Updating learning rate to 7.162455832040107e-06
Epoch: 56 cost time: 3.9406654834747314
Epoch: 56, Steps: 29 | Train Loss: 0.0558499 Vali Loss: 0.0999652 Test Loss: 0.0476346
Validation loss decreased (0.100976 --> 0.099965).  Saving model ...
Updating learning rate to 6.9580197499810984e-06
Epoch: 57 cost time: 3.9542934894561768
Epoch: 57, Steps: 29 | Train Loss: 0.0553622 Vali Loss: 0.1002837 Test Loss: 0.0467299
EarlyStopping counter: 1 out of 10
Updating learning rate to 6.7496405170013816e-06
Epoch: 58 cost time: 3.9748854637145996
Epoch: 58, Steps: 29 | Train Loss: 0.0547889 Vali Loss: 0.0991822 Test Loss: 0.0464460
Validation loss decreased (0.099965 --> 0.099182).  Saving model ...
Updating learning rate to 6.537737781144523e-06
Epoch: 59 cost time: 3.9615182876586914
Epoch: 59, Steps: 29 | Train Loss: 0.0543329 Vali Loss: 0.0983363 Test Loss: 0.0460726
Validation loss decreased (0.099182 --> 0.098336).  Saving model ...
Updating learning rate to 6.322738286319964e-06
Epoch: 60 cost time: 3.9585328102111816
Epoch: 60, Steps: 29 | Train Loss: 0.0539207 Vali Loss: 0.0971690 Test Loss: 0.0460877
Validation loss decreased (0.098336 --> 0.097169).  Saving model ...
Updating learning rate to 6.105075012897585e-06
Epoch: 61 cost time: 4.010615825653076
Epoch: 61, Steps: 29 | Train Loss: 0.0534197 Vali Loss: 0.0970943 Test Loss: 0.0455068
Validation loss decreased (0.097169 --> 0.097094).  Saving model ...
Updating learning rate to 5.885186305742857e-06
Epoch: 62 cost time: 3.87188458442688
Epoch: 62, Steps: 29 | Train Loss: 0.0529912 Vali Loss: 0.0963816 Test Loss: 0.0452414
Validation loss decreased (0.097094 --> 0.096382).  Saving model ...
Updating learning rate to 5.6635149914486225e-06
Epoch: 63 cost time: 4.047752857208252
Epoch: 63, Steps: 29 | Train Loss: 0.0525194 Vali Loss: 0.0954270 Test Loss: 0.0449336
Validation loss decreased (0.096382 --> 0.095427).  Saving model ...
Updating learning rate to 5.440507486541268e-06
Epoch: 64 cost time: 4.040351629257202
Epoch: 64, Steps: 29 | Train Loss: 0.0520803 Vali Loss: 0.0947573 Test Loss: 0.0446560
Validation loss decreased (0.095427 --> 0.094757).  Saving model ...
Updating learning rate to 5.216612898457253e-06
Epoch: 65 cost time: 4.061328172683716
Epoch: 65, Steps: 29 | Train Loss: 0.0516487 Vali Loss: 0.0942540 Test Loss: 0.0442548
Validation loss decreased (0.094757 --> 0.094254).  Saving model ...
Updating learning rate to 4.992282121100496e-06
Epoch: 66 cost time: 3.9476139545440674
Epoch: 66, Steps: 29 | Train Loss: 0.0512432 Vali Loss: 0.0932177 Test Loss: 0.0439374
Validation loss decreased (0.094254 --> 0.093218).  Saving model ...
Updating learning rate to 4.767966926802067e-06
Epoch: 67 cost time: 3.864325523376465
Epoch: 67, Steps: 29 | Train Loss: 0.0507534 Vali Loss: 0.0926751 Test Loss: 0.0436406
Validation loss decreased (0.093218 --> 0.092675).  Saving model ...
Updating learning rate to 4.5441190565108235e-06
Epoch: 68 cost time: 4.000461101531982
Epoch: 68, Steps: 29 | Train Loss: 0.0503318 Vali Loss: 0.0921635 Test Loss: 0.0433113
Validation loss decreased (0.092675 --> 0.092163).  Saving model ...
Updating learning rate to 4.3211893100472735e-06
Epoch: 69 cost time: 3.7906901836395264
Epoch: 69, Steps: 29 | Train Loss: 0.0499355 Vali Loss: 0.0915511 Test Loss: 0.0429946
Validation loss decreased (0.092163 --> 0.091551).  Saving model ...
Updating learning rate to 4.099626638252712e-06
Epoch: 70 cost time: 3.93666934967041
Epoch: 70, Steps: 29 | Train Loss: 0.0495106 Vali Loss: 0.0910339 Test Loss: 0.0426473
Validation loss decreased (0.091551 --> 0.091034).  Saving model ...
Updating learning rate to 3.879877238861997e-06
Epoch: 71 cost time: 3.91949725151062
Epoch: 71, Steps: 29 | Train Loss: 0.0491085 Vali Loss: 0.0898145 Test Loss: 0.0424375
Validation loss decreased (0.091034 --> 0.089815).  Saving model ...
Updating learning rate to 3.662383657920668e-06
Epoch: 72 cost time: 3.7596335411071777
Epoch: 72, Steps: 29 | Train Loss: 0.0486634 Vali Loss: 0.0894126 Test Loss: 0.0421762
Validation loss decreased (0.089815 --> 0.089413).  Saving model ...
Updating learning rate to 3.447583898556124e-06
Epoch: 73 cost time: 3.8710014820098877
Epoch: 73, Steps: 29 | Train Loss: 0.0483527 Vali Loss: 0.0889942 Test Loss: 0.0417330
Validation loss decreased (0.089413 --> 0.088994).  Saving model ...
Updating learning rate to 3.2359105388976132e-06
Epoch: 74 cost time: 3.7794125080108643
Epoch: 74, Steps: 29 | Train Loss: 0.0479471 Vali Loss: 0.0880165 Test Loss: 0.0415179
Validation loss decreased (0.088994 --> 0.088016).  Saving model ...
Updating learning rate to 3.027789860921434e-06
Epoch: 75 cost time: 3.8479297161102295
Epoch: 75, Steps: 29 | Train Loss: 0.0474833 Vali Loss: 0.0872387 Test Loss: 0.0412044
Validation loss decreased (0.088016 --> 0.087239).  Saving model ...
Updating learning rate to 2.8236409919757893e-06
Epoch: 76 cost time: 4.065635442733765
Epoch: 76, Steps: 29 | Train Loss: 0.0471324 Vali Loss: 0.0866813 Test Loss: 0.0409145
Validation loss decreased (0.087239 --> 0.086681).  Saving model ...
Updating learning rate to 2.6238750607140637e-06
Epoch: 77 cost time: 3.991635322570801
Epoch: 77, Steps: 29 | Train Loss: 0.0467787 Vali Loss: 0.0858539 Test Loss: 0.0406248
Validation loss decreased (0.086681 --> 0.085854).  Saving model ...
Updating learning rate to 2.4288943691364434e-06
Epoch: 78 cost time: 3.9580719470977783
Epoch: 78, Steps: 29 | Train Loss: 0.0464262 Vali Loss: 0.0853608 Test Loss: 0.0403199
Validation loss decreased (0.085854 --> 0.085361).  Saving model ...
Updating learning rate to 2.2390915824072217e-06
Epoch: 79 cost time: 4.120501518249512
Epoch: 79, Steps: 29 | Train Loss: 0.0460558 Vali Loss: 0.0846034 Test Loss: 0.0400431
Validation loss decreased (0.085361 --> 0.084603).  Saving model ...
Updating learning rate to 2.0548489380794217e-06
Epoch: 80 cost time: 4.035712242126465
Epoch: 80, Steps: 29 | Train Loss: 0.0456843 Vali Loss: 0.0841633 Test Loss: 0.0397091
Validation loss decreased (0.084603 --> 0.084163).  Saving model ...
Updating learning rate to 1.876537476319218e-06
Epoch: 81 cost time: 3.9751861095428467
Epoch: 81, Steps: 29 | Train Loss: 0.0453403 Vali Loss: 0.0836772 Test Loss: 0.0396601
Validation loss decreased (0.084163 --> 0.083677).  Saving model ...
Updating learning rate to 1.7045162926804444e-06
Epoch: 82 cost time: 3.9867656230926514
Epoch: 82, Steps: 29 | Train Loss: 0.0453054 Vali Loss: 0.0838140 Test Loss: 0.0395906
EarlyStopping counter: 1 out of 10
Updating learning rate to 1.5391318149339123e-06
Epoch: 83 cost time: 3.9757187366485596
Epoch: 83, Steps: 29 | Train Loss: 0.0452913 Vali Loss: 0.0838184 Test Loss: 0.0396318
EarlyStopping counter: 2 out of 10
Updating learning rate to 1.3807171054080036e-06
Epoch: 84 cost time: 4.039917707443237
Epoch: 84, Steps: 29 | Train Loss: 0.0453205 Vali Loss: 0.0838017 Test Loss: 0.0396662
EarlyStopping counter: 3 out of 10
Updating learning rate to 1.2295911902454577e-06
Epoch: 85 cost time: 3.8119258880615234
Epoch: 85, Steps: 29 | Train Loss: 0.0453065 Vali Loss: 0.0836064 Test Loss: 0.0397163
Validation loss decreased (0.083677 --> 0.083606).  Saving model ...
Updating learning rate to 1.0860584169271784e-06
Epoch: 86 cost time: 3.83956241607666
Epoch: 86, Steps: 29 | Train Loss: 0.0453156 Vali Loss: 0.0837023 Test Loss: 0.0396376
EarlyStopping counter: 1 out of 10
Updating learning rate to 9.504078413569088e-07
Epoch: 87 cost time: 3.934609889984131
Epoch: 87, Steps: 29 | Train Loss: 0.0452979 Vali Loss: 0.0836782 Test Loss: 0.0396376
EarlyStopping counter: 2 out of 10
Updating learning rate to 8.229126457411124e-07
Epoch: 88 cost time: 4.1894330978393555
Epoch: 88, Steps: 29 | Train Loss: 0.0453240 Vali Loss: 0.0835495 Test Loss: 0.0397252
Validation loss decreased (0.083606 --> 0.083550).  Saving model ...
Updating learning rate to 7.038295884363647e-07
Epoch: 89 cost time: 4.291335105895996
Epoch: 89, Steps: 29 | Train Loss: 0.0452665 Vali Loss: 0.0838142 Test Loss: 0.0396541
EarlyStopping counter: 1 out of 10
Updating learning rate to 5.933984868721898e-07
Epoch: 90 cost time: 4.216710567474365
Epoch: 90, Steps: 29 | Train Loss: 0.0452799 Vali Loss: 0.0839616 Test Loss: 0.0396574
EarlyStopping counter: 2 out of 10
Updating learning rate to 4.918417345906772e-07
Epoch: 91 cost time: 4.161996364593506
Epoch: 91, Steps: 29 | Train Loss: 0.0452751 Vali Loss: 0.0839020 Test Loss: 0.0396686
EarlyStopping counter: 3 out of 10
Updating learning rate to 3.9936385337548097e-07
Epoch: 92 cost time: 4.197087526321411
Epoch: 92, Steps: 29 | Train Loss: 0.0452432 Vali Loss: 0.0836544 Test Loss: 0.0396886
EarlyStopping counter: 4 out of 10
Updating learning rate to 3.161510813721721e-07
Epoch: 93 cost time: 4.121312618255615
Epoch: 93, Steps: 29 | Train Loss: 0.0452763 Vali Loss: 0.0838971 Test Loss: 0.0396608
EarlyStopping counter: 5 out of 10
Updating learning rate to 2.4237099802938663e-07
Epoch: 94 cost time: 4.265684127807617
Epoch: 94, Steps: 29 | Train Loss: 0.0452390 Vali Loss: 0.0837930 Test Loss: 0.0396652
EarlyStopping counter: 6 out of 10
Updating learning rate to 1.7817218661613333e-07
Epoch: 95 cost time: 4.279712915420532
Epoch: 95, Steps: 29 | Train Loss: 0.0452582 Vali Loss: 0.0838245 Test Loss: 0.0396631
EarlyStopping counter: 7 out of 10
Updating learning rate to 1.236839349948492e-07
Epoch: 96 cost time: 3.617175817489624
Epoch: 96, Steps: 29 | Train Loss: 0.0452743 Vali Loss: 0.0839783 Test Loss: 0.0396713
EarlyStopping counter: 8 out of 10
Updating learning rate to 7.90159752528609e-08
Epoch: 97 cost time: 3.4975638389587402
Epoch: 97, Steps: 29 | Train Loss: 0.0452466 Vali Loss: 0.0838089 Test Loss: 0.0396680
EarlyStopping counter: 9 out of 10
Updating learning rate to 4.425826271655888e-08
Epoch: 98 cost time: 3.4492011070251465
Epoch: 98, Steps: 29 | Train Loss: 0.0452472 Vali Loss: 0.0838127 Test Loss: 0.0396677
EarlyStopping counter: 10 out of 10
Early stopping
>>>>>>>testing : ETTh1_336_720_DTFNet_ETTh1_ftM_sl336_ll0_pl720_dm128_nh16_el2_br2_dl1_df256_fc1_ebtimeF_dtTrue_'Exp'_0_'rel_sin'_16_8_16,24_8,12_3_1_256<<<<<<<<<<<<<<<<<<<<<<<<<<<<<<<<<
test 2161
mse:0.41940516233444214, mae:0.4441068172454834, rse:0.6220165491104126
