Args in experiment:
Namespace(is_training=1, model_id='ETTh1_336_720', model='DTFNet', data='ETTh1', root_path='./dataset/', data_path='ETTh1.csv', features='M', target='OT', freq='h', checkpoints='./checkpoints/', seq_len=336, label_len=0, pred_len=720, n_branches=2, patch_len_ls='16,24', stride_ls='8,12', d_model_ls='128', n_heads_ls='16', rel_pe="'rel_sin'", res_attn=False, head_type='flatten', fc_dropout=0.3, head_dropout=0.1, patch_len=16, stride=8, padding_patch="'end'", revin=1, affine=0, subtract_last=0, decomposition=0, kernel_size=25, individual=0, store_attn=False, pre_norm=False, pe='zeros', no_learn_pe=True, embed_type=0, enc_in=7, dec_in=7, c_out=7, d_model=128, n_heads=16, e_layers=2, d_layers=1, d_ff=256, moving_avg=25, factor=1, distil=True, dropout=0.3, embed='timeF', activation='gelu', output_attention=False, do_predict=False, num_workers=0, itr=1, train_epochs=100, batch_size=256, patience=10, learning_rate=1e-05, des="'Exp'", loss='mse', lradj='TST', pct_start=0.3, use_amp=False, l2=0.0, warmup_steps=0, use_gpu=True, gpu=0, use_multi_gpu=False, devices='0', test_flop=False, use_mlflow=False, mlflow_project='exp', loss_flag=2, sub_patch_len=16, sub_stride=8, stride_ls_list='16', model_type='linear', tfactor=3, dilation_rates='1', wavelet_layers=2, wavelet_type='db5', wavelet_mode='periodization', wavelet_dim=64, initTLV=0.2)
Use GPU: cuda:0
>>>>>>>start training : ETTh1_336_720_DTFNet_ETTh1_ftM_sl336_ll0_pl720_dm128_nh16_el2_br2_dl1_df256_fc1_ebtimeF_dtTrue_'Exp'_0_'rel_sin'_16_8_16,24_8,12_3_1_256>>>>>>>>>>>>>>>>>>>>>>>>>>
train 7585
val 2161
test 2161
Epoch: 1 cost time: 3.7760372161865234
Epoch: 1, Steps: 29 | Train Loss: 0.1076675 Vali Loss: 0.1791430 Test Loss: 0.0997492
Validation loss decreased (inf --> 0.179143).  Saving model ...
Updating learning rate to 4.2635539919063106e-07
Epoch: 2 cost time: 3.334505796432495
Epoch: 2, Steps: 29 | Train Loss: 0.1066507 Vali Loss: 0.1773629 Test Loss: 0.0989178
Validation loss decreased (0.179143 --> 0.177363).  Saving model ...
Updating learning rate to 5.051321771514831e-07
Epoch: 3 cost time: 3.3362133502960205
Epoch: 3, Steps: 29 | Train Loss: 0.1057737 Vali Loss: 0.1752207 Test Loss: 0.0980114
Validation loss decreased (0.177363 --> 0.175221).  Saving model ...
Updating learning rate to 6.354652532866785e-07
Epoch: 4 cost time: 3.3572633266448975
Epoch: 4, Steps: 29 | Train Loss: 0.1049141 Vali Loss: 0.1738860 Test Loss: 0.0970388
Validation loss decreased (0.175221 --> 0.173886).  Saving model ...
Updating learning rate to 8.159233858256806e-07
Epoch: 5 cost time: 3.372652292251587
Epoch: 5, Steps: 29 | Train Loss: 0.1039255 Vali Loss: 0.1722877 Test Loss: 0.0959784
Validation loss decreased (0.173886 --> 0.172288).  Saving model ...
Updating learning rate to 1.0445248888850473e-06
Epoch: 6 cost time: 3.3835256099700928
Epoch: 6, Steps: 29 | Train Loss: 0.1029658 Vali Loss: 0.1702891 Test Loss: 0.0948032
Validation loss decreased (0.172288 --> 0.170289).  Saving model ...
Updating learning rate to 1.3187593941861497e-06
Epoch: 7 cost time: 3.378751277923584
Epoch: 7, Steps: 29 | Train Loss: 0.1018850 Vali Loss: 0.1681668 Test Loss: 0.0934324
Validation loss decreased (0.170289 --> 0.168167).  Saving model ...
Updating learning rate to 1.6356154184543822e-06
Epoch: 8 cost time: 3.406719446182251
Epoch: 8, Steps: 29 | Train Loss: 0.1005771 Vali Loss: 0.1654392 Test Loss: 0.0917788
Validation loss decreased (0.168167 --> 0.165439).  Saving model ...
Updating learning rate to 1.9916134337707666e-06
Epoch: 9 cost time: 3.4092442989349365
Epoch: 9, Steps: 29 | Train Loss: 0.0991075 Vali Loss: 0.1624612 Test Loss: 0.0896721
Validation loss decreased (0.165439 --> 0.162461).  Saving model ...
Updating learning rate to 2.3828440777166636e-06
Epoch: 10 cost time: 3.423379421234131
Epoch: 10, Steps: 29 | Train Loss: 0.0973545 Vali Loss: 0.1582243 Test Loss: 0.0867716
Validation loss decreased (0.162461 --> 0.158224).  Saving model ...
Updating learning rate to 2.805011083710071e-06
Epoch: 11 cost time: 3.4319324493408203
Epoch: 11, Steps: 29 | Train Loss: 0.0951346 Vali Loss: 0.1532204 Test Loss: 0.0828257
Validation loss decreased (0.158224 --> 0.153220).  Saving model ...
Updating learning rate to 3.2534784600976295e-06
Epoch: 12 cost time: 3.430365562438965
Epoch: 12, Steps: 29 | Train Loss: 0.0924357 Vali Loss: 0.1474784 Test Loss: 0.0783734
Validation loss decreased (0.153220 --> 0.147478).  Saving model ...
Updating learning rate to 3.723321399909056e-06
Epoch: 13 cost time: 3.461155891418457
Epoch: 13, Steps: 29 | Train Loss: 0.0900302 Vali Loss: 0.1429738 Test Loss: 0.0753521
Validation loss decreased (0.147478 --> 0.142974).  Saving model ...
Updating learning rate to 4.209380362212844e-06
Epoch: 14 cost time: 3.468845844268799
Epoch: 14, Steps: 29 | Train Loss: 0.0881616 Vali Loss: 0.1392804 Test Loss: 0.0737553
Validation loss decreased (0.142974 --> 0.139280).  Saving model ...
Updating learning rate to 4.706317731183279e-06
Epoch: 15 cost time: 3.4377331733703613
Epoch: 15, Steps: 29 | Train Loss: 0.0865294 Vali Loss: 0.1366608 Test Loss: 0.0717292
Validation loss decreased (0.139280 --> 0.136661).  Saving model ...
Updating learning rate to 5.208676430682048e-06
Epoch: 16 cost time: 3.4708282947540283
Epoch: 16, Steps: 29 | Train Loss: 0.0848028 Vali Loss: 0.1337698 Test Loss: 0.0697132
Validation loss decreased (0.136661 --> 0.133770).  Saving model ...
Updating learning rate to 5.710939850683244e-06
Epoch: 17 cost time: 3.4408047199249268
Epoch: 17, Steps: 29 | Train Loss: 0.0832348 Vali Loss: 0.1322373 Test Loss: 0.0678377
Validation loss decreased (0.133770 --> 0.132237).  Saving model ...
Updating learning rate to 6.207592427464792e-06
Epoch: 18 cost time: 3.4668943881988525
Epoch: 18, Steps: 29 | Train Loss: 0.0817218 Vali Loss: 0.1303501 Test Loss: 0.0660578
Validation loss decreased (0.132237 --> 0.130350).  Saving model ...
Updating learning rate to 6.693180212309968e-06
Epoch: 19 cost time: 3.4973344802856445
Epoch: 19, Steps: 29 | Train Loss: 0.0805547 Vali Loss: 0.1288382 Test Loss: 0.0649594
Validation loss decreased (0.130350 --> 0.128838).  Saving model ...
Updating learning rate to 7.1623707635889015e-06
Epoch: 20 cost time: 3.4813592433929443
Epoch: 20, Steps: 29 | Train Loss: 0.0795378 Vali Loss: 0.1277113 Test Loss: 0.0643443
Validation loss decreased (0.128838 --> 0.127711).  Saving model ...
Updating learning rate to 7.610011704520164e-06
Epoch: 21 cost time: 3.4802470207214355
Epoch: 21, Steps: 29 | Train Loss: 0.0786426 Vali Loss: 0.1266136 Test Loss: 0.0632862
Validation loss decreased (0.127711 --> 0.126614).  Saving model ...
Updating learning rate to 8.031187303565295e-06
Epoch: 22 cost time: 3.484161376953125
Epoch: 22, Steps: 29 | Train Loss: 0.0777866 Vali Loss: 0.1257181 Test Loss: 0.0623933
Validation loss decreased (0.126614 --> 0.125718).  Saving model ...
Updating learning rate to 8.421272456123378e-06
Epoch: 23 cost time: 3.463517427444458
Epoch: 23, Steps: 29 | Train Loss: 0.0769335 Vali Loss: 0.1248049 Test Loss: 0.0615295
Validation loss decreased (0.125718 --> 0.124805).  Saving model ...
Updating learning rate to 8.775983474730246e-06
Epoch: 24 cost time: 3.455392837524414
Epoch: 24, Steps: 29 | Train Loss: 0.0761480 Vali Loss: 0.1236588 Test Loss: 0.0607158
Validation loss decreased (0.124805 --> 0.123659).  Saving model ...
Updating learning rate to 9.091425130013939e-06
Epoch: 25 cost time: 3.46795916557312
Epoch: 25, Steps: 29 | Train Loss: 0.0754094 Vali Loss: 0.1232006 Test Loss: 0.0600548
Validation loss decreased (0.123659 --> 0.123201).  Saving model ...
Updating learning rate to 9.364133425830145e-06
Epoch: 26 cost time: 3.484781503677368
Epoch: 26, Steps: 29 | Train Loss: 0.0745790 Vali Loss: 0.1219739 Test Loss: 0.0592507
Validation loss decreased (0.123201 --> 0.121974).  Saving model ...
Updating learning rate to 9.591113638846019e-06
Epoch: 27 cost time: 3.497166872024536
Epoch: 27, Steps: 29 | Train Loss: 0.0738039 Vali Loss: 0.1210993 Test Loss: 0.0586863
Validation loss decreased (0.121974 --> 0.121099).  Saving model ...
Updating learning rate to 9.769873204843885e-06
Epoch: 28 cost time: 3.482545852661133
Epoch: 28, Steps: 29 | Train Loss: 0.0730924 Vali Loss: 0.1204795 Test Loss: 0.0579474
Validation loss decreased (0.121099 --> 0.120479).  Saving model ...
Updating learning rate to 9.898449090606656e-06
Epoch: 29 cost time: 3.4845893383026123
Epoch: 29, Steps: 29 | Train Loss: 0.0723044 Vali Loss: 0.1193682 Test Loss: 0.0577299
Validation loss decreased (0.120479 --> 0.119368).  Saving model ...
Updating learning rate to 9.975429350802846e-06
Epoch: 30 cost time: 3.5243661403656006
Epoch: 30, Steps: 29 | Train Loss: 0.0715838 Vali Loss: 0.1180935 Test Loss: 0.0572442
Validation loss decreased (0.119368 --> 0.118094).  Saving model ...
Updating learning rate to 9.99999401249548e-06
Epoch: 31 cost time: 3.496929407119751
Epoch: 31, Steps: 29 | Train Loss: 0.0709501 Vali Loss: 0.1177173 Test Loss: 0.0567026
Validation loss decreased (0.118094 --> 0.117717).  Saving model ...
Updating learning rate to 9.994612212745642e-06
Epoch: 32 cost time: 3.505099058151245
Epoch: 32, Steps: 29 | Train Loss: 0.0701351 Vali Loss: 0.1176285 Test Loss: 0.0557919
Validation loss decreased (0.117717 --> 0.117629).  Saving model ...
Updating learning rate to 9.979171968972798e-06
Epoch: 33 cost time: 3.4784433841705322
Epoch: 33, Steps: 29 | Train Loss: 0.0694644 Vali Loss: 0.1158451 Test Loss: 0.0559074
Validation loss decreased (0.117629 --> 0.115845).  Saving model ...
Updating learning rate to 9.953704375773079e-06
Epoch: 34 cost time: 3.541407585144043
Epoch: 34, Steps: 29 | Train Loss: 0.0688036 Vali Loss: 0.1151864 Test Loss: 0.0554250
Validation loss decreased (0.115845 --> 0.115186).  Saving model ...
Updating learning rate to 9.918260721489893e-06
Epoch: 35 cost time: 3.5133209228515625
Epoch: 35, Steps: 29 | Train Loss: 0.0681214 Vali Loss: 0.1145972 Test Loss: 0.0546485
Validation loss decreased (0.115186 --> 0.114597).  Saving model ...
Updating learning rate to 9.872912384926035e-06
Epoch: 36 cost time: 3.511915683746338
Epoch: 36, Steps: 29 | Train Loss: 0.0674046 Vali Loss: 0.1140321 Test Loss: 0.0543174
Validation loss decreased (0.114597 --> 0.114032).  Saving model ...
Updating learning rate to 9.817750691596265e-06
Epoch: 37 cost time: 3.466218948364258
Epoch: 37, Steps: 29 | Train Loss: 0.0667466 Vali Loss: 0.1133000 Test Loss: 0.0537860
Validation loss decreased (0.114032 --> 0.113300).  Saving model ...
Updating learning rate to 9.752886729809889e-06
Epoch: 38 cost time: 3.4607114791870117
Epoch: 38, Steps: 29 | Train Loss: 0.0660672 Vali Loss: 0.1125496 Test Loss: 0.0534275
Validation loss decreased (0.113300 --> 0.112550).  Saving model ...
Updating learning rate to 9.678451126953676e-06
Epoch: 39 cost time: 3.4760489463806152
Epoch: 39, Steps: 29 | Train Loss: 0.0653917 Vali Loss: 0.1115579 Test Loss: 0.0531458
Validation loss decreased (0.112550 --> 0.111558).  Saving model ...
Updating learning rate to 9.594593786425696e-06
Epoch: 40 cost time: 3.5324933528900146
Epoch: 40, Steps: 29 | Train Loss: 0.0647701 Vali Loss: 0.1111024 Test Loss: 0.0527291
Validation loss decreased (0.111558 --> 0.111102).  Saving model ...
Updating learning rate to 9.501483585749811e-06
Epoch: 41 cost time: 3.471430540084839
Epoch: 41, Steps: 29 | Train Loss: 0.0641610 Vali Loss: 0.1104212 Test Loss: 0.0521360
Validation loss decreased (0.111102 --> 0.110421).  Saving model ...
Updating learning rate to 9.399308036478838e-06
Epoch: 42 cost time: 3.4711806774139404
Epoch: 42, Steps: 29 | Train Loss: 0.0635789 Vali Loss: 0.1097761 Test Loss: 0.0518845
Validation loss decreased (0.110421 --> 0.109776).  Saving model ...
Updating learning rate to 9.288272906571216e-06
Epoch: 43 cost time: 3.4919509887695312
Epoch: 43, Steps: 29 | Train Loss: 0.0628938 Vali Loss: 0.1090649 Test Loss: 0.0515638
Validation loss decreased (0.109776 --> 0.109065).  Saving model ...
Updating learning rate to 9.16860180600173e-06
Epoch: 44 cost time: 3.4845170974731445
Epoch: 44, Steps: 29 | Train Loss: 0.0623277 Vali Loss: 0.1085151 Test Loss: 0.0509502
Validation loss decreased (0.109065 --> 0.108515).  Saving model ...
Updating learning rate to 9.040535736440785e-06
Epoch: 45 cost time: 3.4884445667266846
Epoch: 45, Steps: 29 | Train Loss: 0.0617338 Vali Loss: 0.1083600 Test Loss: 0.0505185
Validation loss decreased (0.108515 --> 0.108360).  Saving model ...
Updating learning rate to 8.904332605909106e-06
Epoch: 46 cost time: 3.4970462322235107
Epoch: 46, Steps: 29 | Train Loss: 0.0611499 Vali Loss: 0.1063701 Test Loss: 0.0505450
Validation loss decreased (0.108360 --> 0.106370).  Saving model ...
Updating learning rate to 8.760266709385311e-06
Epoch: 47 cost time: 3.487152099609375
Epoch: 47, Steps: 29 | Train Loss: 0.0605677 Vali Loss: 0.1051690 Test Loss: 0.0505009
Validation loss decreased (0.106370 --> 0.105169).  Saving model ...
Updating learning rate to 8.608628176412335e-06
Epoch: 48 cost time: 3.470142364501953
Epoch: 48, Steps: 29 | Train Loss: 0.0600133 Vali Loss: 0.1047515 Test Loss: 0.0501036
Validation loss decreased (0.105169 --> 0.104751).  Saving model ...
Updating learning rate to 8.449722386815127e-06
Epoch: 49 cost time: 3.5031180381774902
Epoch: 49, Steps: 29 | Train Loss: 0.0594523 Vali Loss: 0.1041990 Test Loss: 0.0497448
Validation loss decreased (0.104751 --> 0.104199).  Saving model ...
Updating learning rate to 8.28386935570634e-06
Epoch: 50 cost time: 3.469796895980835
Epoch: 50, Steps: 29 | Train Loss: 0.0588928 Vali Loss: 0.1045188 Test Loss: 0.0491735
EarlyStopping counter: 1 out of 10
Updating learning rate to 8.111403089018465e-06
Epoch: 51 cost time: 3.550199270248413
Epoch: 51, Steps: 29 | Train Loss: 0.0583841 Vali Loss: 0.1028649 Test Loss: 0.0491265
Validation loss decreased (0.104199 --> 0.102865).  Saving model ...
Updating learning rate to 7.93267091086035e-06
Epoch: 52 cost time: 3.477102518081665
Epoch: 52, Steps: 29 | Train Loss: 0.0578357 Vali Loss: 0.1028374 Test Loss: 0.0485950
Validation loss decreased (0.102865 --> 0.102837).  Saving model ...
Updating learning rate to 7.748032764052655e-06
Epoch: 53 cost time: 3.502026081085205
Epoch: 53, Steps: 29 | Train Loss: 0.0573569 Vali Loss: 0.1018283 Test Loss: 0.0483310
Validation loss decreased (0.102837 --> 0.101828).  Saving model ...
Updating learning rate to 7.557860485250925e-06
Epoch: 54 cost time: 3.5218961238861084
Epoch: 54, Steps: 29 | Train Loss: 0.0567823 Vali Loss: 0.1015445 Test Loss: 0.0478871
Validation loss decreased (0.101828 --> 0.101544).  Saving model ...
Updating learning rate to 7.362537056116034e-06
Epoch: 55 cost time: 3.508713722229004
Epoch: 55, Steps: 29 | Train Loss: 0.0562704 Vali Loss: 0.0997450 Test Loss: 0.0480123
Validation loss decreased (0.101544 --> 0.099745).  Saving model ...
Updating learning rate to 7.162455832040107e-06
Epoch: 56 cost time: 3.528006076812744
Epoch: 56, Steps: 29 | Train Loss: 0.0558374 Vali Loss: 0.0998387 Test Loss: 0.0473975
EarlyStopping counter: 1 out of 10
Updating learning rate to 6.9580197499810984e-06
Epoch: 57 cost time: 3.5281355381011963
Epoch: 57, Steps: 29 | Train Loss: 0.0552697 Vali Loss: 0.0993717 Test Loss: 0.0469659
Validation loss decreased (0.099745 --> 0.099372).  Saving model ...
Updating learning rate to 6.7496405170013816e-06
Epoch: 58 cost time: 3.494128465652466
Epoch: 58, Steps: 29 | Train Loss: 0.0548476 Vali Loss: 0.0982989 Test Loss: 0.0467404
Validation loss decreased (0.099372 --> 0.098299).  Saving model ...
Updating learning rate to 6.537737781144523e-06
Epoch: 59 cost time: 3.4994559288024902
Epoch: 59, Steps: 29 | Train Loss: 0.0543837 Vali Loss: 0.0977152 Test Loss: 0.0465368
Validation loss decreased (0.098299 --> 0.097715).  Saving model ...
Updating learning rate to 6.322738286319964e-06
Epoch: 60 cost time: 3.540754556655884
Epoch: 60, Steps: 29 | Train Loss: 0.0538871 Vali Loss: 0.0974639 Test Loss: 0.0459984
Validation loss decreased (0.097715 --> 0.097464).  Saving model ...
Updating learning rate to 6.105075012897585e-06
Epoch: 61 cost time: 3.514582633972168
Epoch: 61, Steps: 29 | Train Loss: 0.0533616 Vali Loss: 0.0966621 Test Loss: 0.0457462
Validation loss decreased (0.097464 --> 0.096662).  Saving model ...
Updating learning rate to 5.885186305742857e-06
Epoch: 62 cost time: 3.4939205646514893
Epoch: 62, Steps: 29 | Train Loss: 0.0529299 Vali Loss: 0.0956632 Test Loss: 0.0455020
Validation loss decreased (0.096662 --> 0.095663).  Saving model ...
Updating learning rate to 5.6635149914486225e-06
Epoch: 63 cost time: 3.7129604816436768
Epoch: 63, Steps: 29 | Train Loss: 0.0524759 Vali Loss: 0.0951071 Test Loss: 0.0451231
Validation loss decreased (0.095663 --> 0.095107).  Saving model ...
Updating learning rate to 5.440507486541268e-06
Epoch: 64 cost time: 3.547869920730591
Epoch: 64, Steps: 29 | Train Loss: 0.0520508 Vali Loss: 0.0943889 Test Loss: 0.0448878
Validation loss decreased (0.095107 --> 0.094389).  Saving model ...
Updating learning rate to 5.216612898457253e-06
Epoch: 65 cost time: 3.5138518810272217
Epoch: 65, Steps: 29 | Train Loss: 0.0516296 Vali Loss: 0.0938333 Test Loss: 0.0445433
Validation loss decreased (0.094389 --> 0.093833).  Saving model ...
Updating learning rate to 4.992282121100496e-06
Epoch: 66 cost time: 3.5036885738372803
Epoch: 66, Steps: 29 | Train Loss: 0.0511937 Vali Loss: 0.0929913 Test Loss: 0.0443435
Validation loss decreased (0.093833 --> 0.092991).  Saving model ...
Updating learning rate to 4.767966926802067e-06
Epoch: 67 cost time: 3.7216665744781494
Epoch: 67, Steps: 29 | Train Loss: 0.0507069 Vali Loss: 0.0923701 Test Loss: 0.0439702
Validation loss decreased (0.092991 --> 0.092370).  Saving model ...
Updating learning rate to 4.5441190565108235e-06
Epoch: 68 cost time: 3.544095993041992
Epoch: 68, Steps: 29 | Train Loss: 0.0502951 Vali Loss: 0.0915814 Test Loss: 0.0436814
Validation loss decreased (0.092370 --> 0.091581).  Saving model ...
Updating learning rate to 4.3211893100472735e-06
Epoch: 69 cost time: 3.599015235900879
Epoch: 69, Steps: 29 | Train Loss: 0.0498995 Vali Loss: 0.0916590 Test Loss: 0.0432254
EarlyStopping counter: 1 out of 10
Updating learning rate to 4.099626638252712e-06
Epoch: 70 cost time: 3.5256948471069336
Epoch: 70, Steps: 29 | Train Loss: 0.0494856 Vali Loss: 0.0907888 Test Loss: 0.0429559
Validation loss decreased (0.091581 --> 0.090789).  Saving model ...
Updating learning rate to 3.879877238861997e-06
Epoch: 71 cost time: 3.49003005027771
Epoch: 71, Steps: 29 | Train Loss: 0.0490869 Vali Loss: 0.0895465 Test Loss: 0.0427570
Validation loss decreased (0.090789 --> 0.089546).  Saving model ...
Updating learning rate to 3.662383657920668e-06
Epoch: 72 cost time: 3.491859197616577
Epoch: 72, Steps: 29 | Train Loss: 0.0487142 Vali Loss: 0.0890695 Test Loss: 0.0424730
Validation loss decreased (0.089546 --> 0.089070).  Saving model ...
Updating learning rate to 3.447583898556124e-06
Epoch: 73 cost time: 3.5188210010528564
Epoch: 73, Steps: 29 | Train Loss: 0.0483610 Vali Loss: 0.0886418 Test Loss: 0.0420171
Validation loss decreased (0.089070 --> 0.088642).  Saving model ...
Updating learning rate to 3.2359105388976132e-06
Epoch: 74 cost time: 3.556442975997925
Epoch: 74, Steps: 29 | Train Loss: 0.0479122 Vali Loss: 0.0880708 Test Loss: 0.0417225
Validation loss decreased (0.088642 --> 0.088071).  Saving model ...
Updating learning rate to 3.027789860921434e-06
Epoch: 75 cost time: 3.6580233573913574
Epoch: 75, Steps: 29 | Train Loss: 0.0475409 Vali Loss: 0.0869341 Test Loss: 0.0416030
Validation loss decreased (0.088071 --> 0.086934).  Saving model ...
Updating learning rate to 2.8236409919757893e-06
Epoch: 76 cost time: 3.7070319652557373
Epoch: 76, Steps: 29 | Train Loss: 0.0471495 Vali Loss: 0.0864709 Test Loss: 0.0411780
Validation loss decreased (0.086934 --> 0.086471).  Saving model ...
Updating learning rate to 2.6238750607140637e-06
Epoch: 77 cost time: 3.50887131690979
Epoch: 77, Steps: 29 | Train Loss: 0.0467354 Vali Loss: 0.0860422 Test Loss: 0.0408891
Validation loss decreased (0.086471 --> 0.086042).  Saving model ...
Updating learning rate to 2.4288943691364434e-06
Epoch: 78 cost time: 3.5078773498535156
Epoch: 78, Steps: 29 | Train Loss: 0.0463764 Vali Loss: 0.0854036 Test Loss: 0.0405746
Validation loss decreased (0.086042 --> 0.085404).  Saving model ...
Updating learning rate to 2.2390915824072217e-06
Epoch: 79 cost time: 3.532412528991699
Epoch: 79, Steps: 29 | Train Loss: 0.0460399 Vali Loss: 0.0844698 Test Loss: 0.0402849
Validation loss decreased (0.085404 --> 0.084470).  Saving model ...
Updating learning rate to 2.0548489380794217e-06
Epoch: 80 cost time: 3.500957489013672
Epoch: 80, Steps: 29 | Train Loss: 0.0456616 Vali Loss: 0.0844100 Test Loss: 0.0399129
Validation loss decreased (0.084470 --> 0.084410).  Saving model ...
Updating learning rate to 1.876537476319218e-06
Epoch: 81 cost time: 3.5957107543945312
Epoch: 81, Steps: 29 | Train Loss: 0.0453660 Vali Loss: 0.0837537 Test Loss: 0.0399146
Validation loss decreased (0.084410 --> 0.083754).  Saving model ...
Updating learning rate to 1.7045162926804444e-06
Epoch: 82 cost time: 3.501401662826538
Epoch: 82, Steps: 29 | Train Loss: 0.0453516 Vali Loss: 0.0837825 Test Loss: 0.0398760
EarlyStopping counter: 1 out of 10
Updating learning rate to 1.5391318149339123e-06
Epoch: 83 cost time: 3.522338628768921
Epoch: 83, Steps: 29 | Train Loss: 0.0453675 Vali Loss: 0.0836664 Test Loss: 0.0399560
Validation loss decreased (0.083754 --> 0.083666).  Saving model ...
Updating learning rate to 1.3807171054080036e-06
Epoch: 84 cost time: 3.4912331104278564
Epoch: 84, Steps: 29 | Train Loss: 0.0453291 Vali Loss: 0.0837890 Test Loss: 0.0399703
EarlyStopping counter: 1 out of 10
Updating learning rate to 1.2295911902454577e-06
Epoch: 85 cost time: 3.528167247772217
Epoch: 85, Steps: 29 | Train Loss: 0.0453493 Vali Loss: 0.0836765 Test Loss: 0.0399513
EarlyStopping counter: 2 out of 10
Updating learning rate to 1.0860584169271784e-06
Epoch: 86 cost time: 3.5285093784332275
Epoch: 86, Steps: 29 | Train Loss: 0.0453203 Vali Loss: 0.0835659 Test Loss: 0.0399406
Validation loss decreased (0.083666 --> 0.083566).  Saving model ...
Updating learning rate to 9.504078413569088e-07
Epoch: 87 cost time: 3.5116665363311768
Epoch: 87, Steps: 29 | Train Loss: 0.0452725 Vali Loss: 0.0836874 Test Loss: 0.0399874
EarlyStopping counter: 1 out of 10
Updating learning rate to 8.229126457411124e-07
Epoch: 88 cost time: 3.498533010482788
Epoch: 88, Steps: 29 | Train Loss: 0.0453681 Vali Loss: 0.0837729 Test Loss: 0.0399467
EarlyStopping counter: 2 out of 10
Updating learning rate to 7.038295884363647e-07
Epoch: 89 cost time: 3.5024168491363525
Epoch: 89, Steps: 29 | Train Loss: 0.0452895 Vali Loss: 0.0837840 Test Loss: 0.0399554
EarlyStopping counter: 3 out of 10
Updating learning rate to 5.933984868721898e-07
Epoch: 90 cost time: 3.5029635429382324
Epoch: 90, Steps: 29 | Train Loss: 0.0453136 Vali Loss: 0.0837407 Test Loss: 0.0399656
EarlyStopping counter: 4 out of 10
Updating learning rate to 4.918417345906772e-07
Epoch: 91 cost time: 3.592085123062134
Epoch: 91, Steps: 29 | Train Loss: 0.0452729 Vali Loss: 0.0837812 Test Loss: 0.0399718
EarlyStopping counter: 5 out of 10
Updating learning rate to 3.9936385337548097e-07
Epoch: 92 cost time: 3.4891462326049805
Epoch: 92, Steps: 29 | Train Loss: 0.0453013 Vali Loss: 0.0838771 Test Loss: 0.0399692
EarlyStopping counter: 6 out of 10
Updating learning rate to 3.161510813721721e-07
Epoch: 93 cost time: 3.5542891025543213
Epoch: 93, Steps: 29 | Train Loss: 0.0453030 Vali Loss: 0.0839562 Test Loss: 0.0399183
EarlyStopping counter: 7 out of 10
Updating learning rate to 2.4237099802938663e-07
Epoch: 94 cost time: 3.603548049926758
Epoch: 94, Steps: 29 | Train Loss: 0.0452869 Vali Loss: 0.0839491 Test Loss: 0.0399705
EarlyStopping counter: 8 out of 10
Updating learning rate to 1.7817218661613333e-07
Epoch: 95 cost time: 3.532486915588379
Epoch: 95, Steps: 29 | Train Loss: 0.0453026 Vali Loss: 0.0838433 Test Loss: 0.0399669
EarlyStopping counter: 9 out of 10
Updating learning rate to 1.236839349948492e-07
Epoch: 96 cost time: 3.5023839473724365
Epoch: 96, Steps: 29 | Train Loss: 0.0453104 Vali Loss: 0.0839041 Test Loss: 0.0399810
EarlyStopping counter: 10 out of 10
Early stopping
>>>>>>>testing : ETTh1_336_720_DTFNet_ETTh1_ftM_sl336_ll0_pl720_dm128_nh16_el2_br2_dl1_df256_fc1_ebtimeF_dtTrue_'Exp'_0_'rel_sin'_16_8_16,24_8,12_3_1_256<<<<<<<<<<<<<<<<<<<<<<<<<<<<<<<<<
test 2161
mse:0.4216884970664978, mae:0.44629672169685364, rse:0.6237074732780457
