Args in experiment:
Namespace(is_training=1, model_id='ETTh1_336_720', model='DTFNet', data='ETTh1', root_path='./dataset/', data_path='ETTh1.csv', features='M', target='OT', freq='h', checkpoints='./checkpoints/', seq_len=336, label_len=0, pred_len=720, n_branches=2, patch_len_ls='16,24', stride_ls='8,12', d_model_ls='128', n_heads_ls='16', rel_pe="'rel_sin'", res_attn=False, head_type='flatten', fc_dropout=0.3, head_dropout=0.1, patch_len=16, stride=8, padding_patch="'end'", revin=1, affine=0, subtract_last=0, decomposition=0, kernel_size=25, individual=0, store_attn=False, pre_norm=False, pe='zeros', no_learn_pe=True, embed_type=0, enc_in=7, dec_in=7, c_out=7, d_model=128, n_heads=16, e_layers=2, d_layers=1, d_ff=256, moving_avg=25, factor=1, distil=True, dropout=0.3, embed='timeF', activation='gelu', output_attention=False, do_predict=False, num_workers=0, itr=1, train_epochs=100, batch_size=256, patience=10, learning_rate=1e-05, des="'Exp'", loss='mse', lradj='TST', pct_start=0.3, use_amp=False, l2=0.0, warmup_steps=0, use_gpu=True, gpu=0, use_multi_gpu=False, devices='0', test_flop=False, use_mlflow=False, mlflow_project='exp', loss_flag=2, sub_patch_len=16, sub_stride=8, stride_ls_list='16', model_type='linear', tfactor=3, dilation_rates='1', wavelet_layers=2, wavelet_type='db5', wavelet_mode='periodization', wavelet_dim=64, initTLV=0.2)
Use GPU: cuda:0
>>>>>>>start training : ETTh1_336_720_DTFNet_ETTh1_ftM_sl336_ll0_pl720_dm128_nh16_el2_br2_dl1_df256_fc1_ebtimeF_dtTrue_'Exp'_0_'rel_sin'_16_8_16,24_8,12_3_1_256>>>>>>>>>>>>>>>>>>>>>>>>>>
train 7585
val 2161
test 2161
Epoch: 1 cost time: 3.748839855194092
Epoch: 1, Steps: 29 | Train Loss: 0.1076318 Vali Loss: 0.1788177 Test Loss: 0.0997497
Validation loss decreased (inf --> 0.178818).  Saving model ...
Updating learning rate to 4.2635539919063106e-07
Epoch: 2 cost time: 3.3182246685028076
Epoch: 2, Steps: 29 | Train Loss: 0.1067304 Vali Loss: 0.1774064 Test Loss: 0.0989165
Validation loss decreased (0.178818 --> 0.177406).  Saving model ...
Updating learning rate to 5.051321771514831e-07
Epoch: 3 cost time: 3.3240408897399902
Epoch: 3, Steps: 29 | Train Loss: 0.1058766 Vali Loss: 0.1758150 Test Loss: 0.0980119
Validation loss decreased (0.177406 --> 0.175815).  Saving model ...
Updating learning rate to 6.354652532866785e-07
Epoch: 4 cost time: 3.3367807865142822
Epoch: 4, Steps: 29 | Train Loss: 0.1049623 Vali Loss: 0.1741202 Test Loss: 0.0970460
Validation loss decreased (0.175815 --> 0.174120).  Saving model ...
Updating learning rate to 8.159233858256806e-07
Epoch: 5 cost time: 3.3468210697174072
Epoch: 5, Steps: 29 | Train Loss: 0.1040269 Vali Loss: 0.1724618 Test Loss: 0.0959833
Validation loss decreased (0.174120 --> 0.172462).  Saving model ...
Updating learning rate to 1.0445248888850473e-06
Epoch: 6 cost time: 3.373223304748535
Epoch: 6, Steps: 29 | Train Loss: 0.1030040 Vali Loss: 0.1703682 Test Loss: 0.0948071
Validation loss decreased (0.172462 --> 0.170368).  Saving model ...
Updating learning rate to 1.3187593941861497e-06
Epoch: 7 cost time: 3.3801941871643066
Epoch: 7, Steps: 29 | Train Loss: 0.1018959 Vali Loss: 0.1684202 Test Loss: 0.0934526
Validation loss decreased (0.170368 --> 0.168420).  Saving model ...
Updating learning rate to 1.6356154184543822e-06
Epoch: 8 cost time: 3.39507794380188
Epoch: 8, Steps: 29 | Train Loss: 0.1006373 Vali Loss: 0.1655823 Test Loss: 0.0918203
Validation loss decreased (0.168420 --> 0.165582).  Saving model ...
Updating learning rate to 1.9916134337707666e-06
Epoch: 9 cost time: 3.4507980346679688
Epoch: 9, Steps: 29 | Train Loss: 0.0992288 Vali Loss: 0.1627707 Test Loss: 0.0897082
Validation loss decreased (0.165582 --> 0.162771).  Saving model ...
Updating learning rate to 2.3828440777166636e-06
Epoch: 10 cost time: 3.4230759143829346
Epoch: 10, Steps: 29 | Train Loss: 0.0974629 Vali Loss: 0.1584892 Test Loss: 0.0868059
Validation loss decreased (0.162771 --> 0.158489).  Saving model ...
Updating learning rate to 2.805011083710071e-06
Epoch: 11 cost time: 3.4071598052978516
Epoch: 11, Steps: 29 | Train Loss: 0.0952325 Vali Loss: 0.1530988 Test Loss: 0.0828119
Validation loss decreased (0.158489 --> 0.153099).  Saving model ...
Updating learning rate to 3.2534784600976295e-06
Epoch: 12 cost time: 3.4229376316070557
Epoch: 12, Steps: 29 | Train Loss: 0.0926180 Vali Loss: 0.1472697 Test Loss: 0.0782273
Validation loss decreased (0.153099 --> 0.147270).  Saving model ...
Updating learning rate to 3.723321399909056e-06
Epoch: 13 cost time: 3.4355173110961914
Epoch: 13, Steps: 29 | Train Loss: 0.0900205 Vali Loss: 0.1423712 Test Loss: 0.0750050
Validation loss decreased (0.147270 --> 0.142371).  Saving model ...
Updating learning rate to 4.209380362212844e-06
Epoch: 14 cost time: 3.4677958488464355
Epoch: 14, Steps: 29 | Train Loss: 0.0881633 Vali Loss: 0.1387864 Test Loss: 0.0733561
Validation loss decreased (0.142371 --> 0.138786).  Saving model ...
Updating learning rate to 4.706317731183279e-06
Epoch: 15 cost time: 3.469597578048706
Epoch: 15, Steps: 29 | Train Loss: 0.0864875 Vali Loss: 0.1356074 Test Loss: 0.0714484
Validation loss decreased (0.138786 --> 0.135607).  Saving model ...
Updating learning rate to 5.208676430682048e-06
Epoch: 16 cost time: 3.4324607849121094
Epoch: 16, Steps: 29 | Train Loss: 0.0847360 Vali Loss: 0.1338391 Test Loss: 0.0693991
Validation loss decreased (0.135607 --> 0.133839).  Saving model ...
Updating learning rate to 5.710939850683244e-06
Epoch: 17 cost time: 3.437509775161743
Epoch: 17, Steps: 29 | Train Loss: 0.0831547 Vali Loss: 0.1314331 Test Loss: 0.0674218
Validation loss decreased (0.133839 --> 0.131433).  Saving model ...
Updating learning rate to 6.207592427464792e-06
Epoch: 18 cost time: 3.48761248588562
Epoch: 18, Steps: 29 | Train Loss: 0.0817565 Vali Loss: 0.1298618 Test Loss: 0.0662873
Validation loss decreased (0.131433 --> 0.129862).  Saving model ...
Updating learning rate to 6.693180212309968e-06
Epoch: 19 cost time: 3.44663405418396
Epoch: 19, Steps: 29 | Train Loss: 0.0805701 Vali Loss: 0.1284502 Test Loss: 0.0651529
Validation loss decreased (0.129862 --> 0.128450).  Saving model ...
Updating learning rate to 7.1623707635889015e-06
Epoch: 20 cost time: 3.4503214359283447
Epoch: 20, Steps: 29 | Train Loss: 0.0795608 Vali Loss: 0.1275658 Test Loss: 0.0638819
Validation loss decreased (0.128450 --> 0.127566).  Saving model ...
Updating learning rate to 7.610011704520164e-06
Epoch: 21 cost time: 3.442936658859253
Epoch: 21, Steps: 29 | Train Loss: 0.0785920 Vali Loss: 0.1262494 Test Loss: 0.0633763
Validation loss decreased (0.127566 --> 0.126249).  Saving model ...
Updating learning rate to 8.031187303565295e-06
Epoch: 22 cost time: 3.4565670490264893
Epoch: 22, Steps: 29 | Train Loss: 0.0778717 Vali Loss: 0.1255665 Test Loss: 0.0623809
Validation loss decreased (0.126249 --> 0.125566).  Saving model ...
Updating learning rate to 8.421272456123378e-06
Epoch: 23 cost time: 3.4512040615081787
Epoch: 23, Steps: 29 | Train Loss: 0.0770376 Vali Loss: 0.1248178 Test Loss: 0.0614770
Validation loss decreased (0.125566 --> 0.124818).  Saving model ...
Updating learning rate to 8.775983474730246e-06
Epoch: 24 cost time: 3.470034599304199
Epoch: 24, Steps: 29 | Train Loss: 0.0761671 Vali Loss: 0.1236644 Test Loss: 0.0608966
Validation loss decreased (0.124818 --> 0.123664).  Saving model ...
Updating learning rate to 9.091425130013939e-06
Epoch: 25 cost time: 3.462705373764038
Epoch: 25, Steps: 29 | Train Loss: 0.0754632 Vali Loss: 0.1227114 Test Loss: 0.0604095
Validation loss decreased (0.123664 --> 0.122711).  Saving model ...
Updating learning rate to 9.364133425830145e-06
Epoch: 26 cost time: 3.483454465866089
Epoch: 26, Steps: 29 | Train Loss: 0.0746872 Vali Loss: 0.1217254 Test Loss: 0.0594866
Validation loss decreased (0.122711 --> 0.121725).  Saving model ...
Updating learning rate to 9.591113638846019e-06
Epoch: 27 cost time: 3.4925835132598877
Epoch: 27, Steps: 29 | Train Loss: 0.0738735 Vali Loss: 0.1214508 Test Loss: 0.0588431
Validation loss decreased (0.121725 --> 0.121451).  Saving model ...
Updating learning rate to 9.769873204843885e-06
Epoch: 28 cost time: 3.470003366470337
Epoch: 28, Steps: 29 | Train Loss: 0.0731568 Vali Loss: 0.1203884 Test Loss: 0.0581702
Validation loss decreased (0.121451 --> 0.120388).  Saving model ...
Updating learning rate to 9.898449090606656e-06
Epoch: 29 cost time: 3.4416563510894775
Epoch: 29, Steps: 29 | Train Loss: 0.0724346 Vali Loss: 0.1194078 Test Loss: 0.0577855
Validation loss decreased (0.120388 --> 0.119408).  Saving model ...
Updating learning rate to 9.975429350802846e-06
Epoch: 30 cost time: 3.462385654449463
Epoch: 30, Steps: 29 | Train Loss: 0.0716548 Vali Loss: 0.1183228 Test Loss: 0.0570205
Validation loss decreased (0.119408 --> 0.118323).  Saving model ...
Updating learning rate to 9.99999401249548e-06
Epoch: 31 cost time: 3.4861819744110107
Epoch: 31, Steps: 29 | Train Loss: 0.0710249 Vali Loss: 0.1173161 Test Loss: 0.0568413
Validation loss decreased (0.118323 --> 0.117316).  Saving model ...
Updating learning rate to 9.994612212745642e-06
Epoch: 32 cost time: 3.4457309246063232
Epoch: 32, Steps: 29 | Train Loss: 0.0702943 Vali Loss: 0.1168732 Test Loss: 0.0559685
Validation loss decreased (0.117316 --> 0.116873).  Saving model ...
Updating learning rate to 9.979171968972798e-06
Epoch: 33 cost time: 3.453809976577759
Epoch: 33, Steps: 29 | Train Loss: 0.0696203 Vali Loss: 0.1160122 Test Loss: 0.0559542
Validation loss decreased (0.116873 --> 0.116012).  Saving model ...
Updating learning rate to 9.953704375773079e-06
Epoch: 34 cost time: 3.4861109256744385
Epoch: 34, Steps: 29 | Train Loss: 0.0688602 Vali Loss: 0.1153799 Test Loss: 0.0550629
Validation loss decreased (0.116012 --> 0.115380).  Saving model ...
Updating learning rate to 9.918260721489893e-06
Epoch: 35 cost time: 3.467938184738159
Epoch: 35, Steps: 29 | Train Loss: 0.0682471 Vali Loss: 0.1151185 Test Loss: 0.0542896
Validation loss decreased (0.115380 --> 0.115119).  Saving model ...
Updating learning rate to 9.872912384926035e-06
Epoch: 36 cost time: 3.4594979286193848
Epoch: 36, Steps: 29 | Train Loss: 0.0675439 Vali Loss: 0.1143044 Test Loss: 0.0544424
Validation loss decreased (0.115119 --> 0.114304).  Saving model ...
Updating learning rate to 9.817750691596265e-06
Epoch: 37 cost time: 3.4589345455169678
Epoch: 37, Steps: 29 | Train Loss: 0.0669081 Vali Loss: 0.1127953 Test Loss: 0.0539815
Validation loss decreased (0.114304 --> 0.112795).  Saving model ...
Updating learning rate to 9.752886729809889e-06
Epoch: 38 cost time: 3.4621968269348145
Epoch: 38, Steps: 29 | Train Loss: 0.0662458 Vali Loss: 0.1123332 Test Loss: 0.0536986
Validation loss decreased (0.112795 --> 0.112333).  Saving model ...
Updating learning rate to 9.678451126953676e-06
Epoch: 39 cost time: 3.5012004375457764
Epoch: 39, Steps: 29 | Train Loss: 0.0656382 Vali Loss: 0.1119014 Test Loss: 0.0526632
Validation loss decreased (0.112333 --> 0.111901).  Saving model ...
Updating learning rate to 9.594593786425696e-06
Epoch: 40 cost time: 3.493419885635376
Epoch: 40, Steps: 29 | Train Loss: 0.0650162 Vali Loss: 0.1110552 Test Loss: 0.0525693
Validation loss decreased (0.111901 --> 0.111055).  Saving model ...
Updating learning rate to 9.501483585749811e-06
Epoch: 41 cost time: 3.4851431846618652
Epoch: 41, Steps: 29 | Train Loss: 0.0643889 Vali Loss: 0.1099707 Test Loss: 0.0524337
Validation loss decreased (0.111055 --> 0.109971).  Saving model ...
Updating learning rate to 9.399308036478838e-06
Epoch: 42 cost time: 3.4587666988372803
Epoch: 42, Steps: 29 | Train Loss: 0.0637433 Vali Loss: 0.1094073 Test Loss: 0.0519127
Validation loss decreased (0.109971 --> 0.109407).  Saving model ...
Updating learning rate to 9.288272906571216e-06
Epoch: 43 cost time: 3.45977520942688
Epoch: 43, Steps: 29 | Train Loss: 0.0631860 Vali Loss: 0.1084431 Test Loss: 0.0516348
Validation loss decreased (0.109407 --> 0.108443).  Saving model ...
Updating learning rate to 9.16860180600173e-06
Epoch: 44 cost time: 3.4479169845581055
Epoch: 44, Steps: 29 | Train Loss: 0.0625776 Vali Loss: 0.1084737 Test Loss: 0.0513258
EarlyStopping counter: 1 out of 10
Updating learning rate to 9.040535736440785e-06
Epoch: 45 cost time: 3.4862112998962402
Epoch: 45, Steps: 29 | Train Loss: 0.0620013 Vali Loss: 0.1071494 Test Loss: 0.0509815
Validation loss decreased (0.108443 --> 0.107149).  Saving model ...
Updating learning rate to 8.904332605909106e-06
Epoch: 46 cost time: 3.4583466053009033
Epoch: 46, Steps: 29 | Train Loss: 0.0613973 Vali Loss: 0.1065794 Test Loss: 0.0509190
Validation loss decreased (0.107149 --> 0.106579).  Saving model ...
Updating learning rate to 8.760266709385311e-06
Epoch: 47 cost time: 3.473248243331909
Epoch: 47, Steps: 29 | Train Loss: 0.0608512 Vali Loss: 0.1057161 Test Loss: 0.0503139
Validation loss decreased (0.106579 --> 0.105716).  Saving model ...
Updating learning rate to 8.608628176412335e-06
Epoch: 48 cost time: 3.496037006378174
Epoch: 48, Steps: 29 | Train Loss: 0.0602606 Vali Loss: 0.1051365 Test Loss: 0.0499455
Validation loss decreased (0.105716 --> 0.105136).  Saving model ...
Updating learning rate to 8.449722386815127e-06
Epoch: 49 cost time: 3.4646003246307373
Epoch: 49, Steps: 29 | Train Loss: 0.0597127 Vali Loss: 0.1038141 Test Loss: 0.0498662
Validation loss decreased (0.105136 --> 0.103814).  Saving model ...
Updating learning rate to 8.28386935570634e-06
Epoch: 50 cost time: 3.4597225189208984
Epoch: 50, Steps: 29 | Train Loss: 0.0591354 Vali Loss: 0.1036574 Test Loss: 0.0489815
Validation loss decreased (0.103814 --> 0.103657).  Saving model ...
Updating learning rate to 8.111403089018465e-06
Epoch: 51 cost time: 3.4827823638916016
Epoch: 51, Steps: 29 | Train Loss: 0.0585701 Vali Loss: 0.1020533 Test Loss: 0.0492703
Validation loss decreased (0.103657 --> 0.102053).  Saving model ...
Updating learning rate to 7.93267091086035e-06
Epoch: 52 cost time: 3.5483551025390625
Epoch: 52, Steps: 29 | Train Loss: 0.0580598 Vali Loss: 0.1027089 Test Loss: 0.0485242
EarlyStopping counter: 1 out of 10
Updating learning rate to 7.748032764052655e-06
Epoch: 53 cost time: 3.530989408493042
Epoch: 53, Steps: 29 | Train Loss: 0.0575340 Vali Loss: 0.1012688 Test Loss: 0.0483285
Validation loss decreased (0.102053 --> 0.101269).  Saving model ...
Updating learning rate to 7.557860485250925e-06
Epoch: 54 cost time: 3.4851319789886475
Epoch: 54, Steps: 29 | Train Loss: 0.0570225 Vali Loss: 0.1010627 Test Loss: 0.0476705
Validation loss decreased (0.101269 --> 0.101063).  Saving model ...
Updating learning rate to 7.362537056116034e-06
Epoch: 55 cost time: 3.59934663772583
Epoch: 55, Steps: 29 | Train Loss: 0.0565233 Vali Loss: 0.0996304 Test Loss: 0.0477384
Validation loss decreased (0.101063 --> 0.099630).  Saving model ...
Updating learning rate to 7.162455832040107e-06
Epoch: 56 cost time: 3.4831831455230713
Epoch: 56, Steps: 29 | Train Loss: 0.0559686 Vali Loss: 0.0988862 Test Loss: 0.0474344
Validation loss decreased (0.099630 --> 0.098886).  Saving model ...
Updating learning rate to 6.9580197499810984e-06
Epoch: 57 cost time: 3.525827646255493
Epoch: 57, Steps: 29 | Train Loss: 0.0554806 Vali Loss: 0.0983479 Test Loss: 0.0469795
Validation loss decreased (0.098886 --> 0.098348).  Saving model ...
Updating learning rate to 6.7496405170013816e-06
Epoch: 58 cost time: 3.486513614654541
Epoch: 58, Steps: 29 | Train Loss: 0.0549802 Vali Loss: 0.0981218 Test Loss: 0.0465107
Validation loss decreased (0.098348 --> 0.098122).  Saving model ...
Updating learning rate to 6.537737781144523e-06
Epoch: 59 cost time: 3.6357359886169434
Epoch: 59, Steps: 29 | Train Loss: 0.0545338 Vali Loss: 0.0969331 Test Loss: 0.0462514
Validation loss decreased (0.098122 --> 0.096933).  Saving model ...
Updating learning rate to 6.322738286319964e-06
Epoch: 60 cost time: 3.4987316131591797
Epoch: 60, Steps: 29 | Train Loss: 0.0540509 Vali Loss: 0.0963225 Test Loss: 0.0459093
Validation loss decreased (0.096933 --> 0.096322).  Saving model ...
Updating learning rate to 6.105075012897585e-06
Epoch: 61 cost time: 3.59531831741333
Epoch: 61, Steps: 29 | Train Loss: 0.0535874 Vali Loss: 0.0954960 Test Loss: 0.0457222
Validation loss decreased (0.096322 --> 0.095496).  Saving model ...
Updating learning rate to 5.885186305742857e-06
Epoch: 62 cost time: 3.5285484790802
Epoch: 62, Steps: 29 | Train Loss: 0.0531098 Vali Loss: 0.0947254 Test Loss: 0.0457800
Validation loss decreased (0.095496 --> 0.094725).  Saving model ...
Updating learning rate to 5.6635149914486225e-06
Epoch: 63 cost time: 3.508636951446533
Epoch: 63, Steps: 29 | Train Loss: 0.0526362 Vali Loss: 0.0938106 Test Loss: 0.0452662
Validation loss decreased (0.094725 --> 0.093811).  Saving model ...
Updating learning rate to 5.440507486541268e-06
Epoch: 64 cost time: 3.5241785049438477
Epoch: 64, Steps: 29 | Train Loss: 0.0522361 Vali Loss: 0.0930498 Test Loss: 0.0448883
Validation loss decreased (0.093811 --> 0.093050).  Saving model ...
Updating learning rate to 5.216612898457253e-06
Epoch: 65 cost time: 3.619753837585449
Epoch: 65, Steps: 29 | Train Loss: 0.0517682 Vali Loss: 0.0935408 Test Loss: 0.0442166
EarlyStopping counter: 1 out of 10
Updating learning rate to 4.992282121100496e-06
Epoch: 66 cost time: 3.73884916305542
Epoch: 66, Steps: 29 | Train Loss: 0.0513470 Vali Loss: 0.0916648 Test Loss: 0.0443460
Validation loss decreased (0.093050 --> 0.091665).  Saving model ...
Updating learning rate to 4.767966926802067e-06
Epoch: 67 cost time: 3.670330286026001
Epoch: 67, Steps: 29 | Train Loss: 0.0509326 Vali Loss: 0.0913983 Test Loss: 0.0439586
Validation loss decreased (0.091665 --> 0.091398).  Saving model ...
Updating learning rate to 4.5441190565108235e-06
Epoch: 68 cost time: 3.719442129135132
Epoch: 68, Steps: 29 | Train Loss: 0.0504885 Vali Loss: 0.0905107 Test Loss: 0.0436222
Validation loss decreased (0.091398 --> 0.090511).  Saving model ...
Updating learning rate to 4.3211893100472735e-06
Epoch: 69 cost time: 3.5075483322143555
Epoch: 69, Steps: 29 | Train Loss: 0.0500627 Vali Loss: 0.0896009 Test Loss: 0.0434418
Validation loss decreased (0.090511 --> 0.089601).  Saving model ...
Updating learning rate to 4.099626638252712e-06
Epoch: 70 cost time: 3.5256688594818115
Epoch: 70, Steps: 29 | Train Loss: 0.0496638 Vali Loss: 0.0892907 Test Loss: 0.0429347
Validation loss decreased (0.089601 --> 0.089291).  Saving model ...
Updating learning rate to 3.879877238861997e-06
Epoch: 71 cost time: 3.528620481491089
Epoch: 71, Steps: 29 | Train Loss: 0.0492223 Vali Loss: 0.0887981 Test Loss: 0.0425599
Validation loss decreased (0.089291 --> 0.088798).  Saving model ...
Updating learning rate to 3.662383657920668e-06
Epoch: 72 cost time: 3.517549514770508
Epoch: 72, Steps: 29 | Train Loss: 0.0488261 Vali Loss: 0.0876944 Test Loss: 0.0424273
Validation loss decreased (0.088798 --> 0.087694).  Saving model ...
Updating learning rate to 3.447583898556124e-06
Epoch: 73 cost time: 3.538738489151001
Epoch: 73, Steps: 29 | Train Loss: 0.0484490 Vali Loss: 0.0875183 Test Loss: 0.0419862
Validation loss decreased (0.087694 --> 0.087518).  Saving model ...
Updating learning rate to 3.2359105388976132e-06
Epoch: 74 cost time: 3.518267869949341
Epoch: 74, Steps: 29 | Train Loss: 0.0480659 Vali Loss: 0.0863997 Test Loss: 0.0418039
Validation loss decreased (0.087518 --> 0.086400).  Saving model ...
Updating learning rate to 3.027789860921434e-06
Epoch: 75 cost time: 3.511688232421875
Epoch: 75, Steps: 29 | Train Loss: 0.0476499 Vali Loss: 0.0855812 Test Loss: 0.0416262
Validation loss decreased (0.086400 --> 0.085581).  Saving model ...
Updating learning rate to 2.8236409919757893e-06
Epoch: 76 cost time: 3.51472544670105
Epoch: 76, Steps: 29 | Train Loss: 0.0472501 Vali Loss: 0.0849283 Test Loss: 0.0412694
Validation loss decreased (0.085581 --> 0.084928).  Saving model ...
Updating learning rate to 2.6238750607140637e-06
Epoch: 77 cost time: 3.509127616882324
Epoch: 77, Steps: 29 | Train Loss: 0.0469227 Vali Loss: 0.0847446 Test Loss: 0.0408080
Validation loss decreased (0.084928 --> 0.084745).  Saving model ...
Updating learning rate to 2.4288943691364434e-06
Epoch: 78 cost time: 3.485109329223633
Epoch: 78, Steps: 29 | Train Loss: 0.0465030 Vali Loss: 0.0836948 Test Loss: 0.0405377
Validation loss decreased (0.084745 --> 0.083695).  Saving model ...
Updating learning rate to 2.2390915824072217e-06
Epoch: 79 cost time: 3.539954662322998
Epoch: 79, Steps: 29 | Train Loss: 0.0461183 Vali Loss: 0.0832082 Test Loss: 0.0401915
Validation loss decreased (0.083695 --> 0.083208).  Saving model ...
Updating learning rate to 2.0548489380794217e-06
Epoch: 80 cost time: 3.5803487300872803
Epoch: 80, Steps: 29 | Train Loss: 0.0458014 Vali Loss: 0.0827144 Test Loss: 0.0399493
Validation loss decreased (0.083208 --> 0.082714).  Saving model ...
Updating learning rate to 1.876537476319218e-06
Epoch: 81 cost time: 3.500689744949341
Epoch: 81, Steps: 29 | Train Loss: 0.0455023 Vali Loss: 0.0821482 Test Loss: 0.0400593
Validation loss decreased (0.082714 --> 0.082148).  Saving model ...
Updating learning rate to 1.7045162926804444e-06
Epoch: 82 cost time: 3.4695889949798584
Epoch: 82, Steps: 29 | Train Loss: 0.0454655 Vali Loss: 0.0823215 Test Loss: 0.0399883
EarlyStopping counter: 1 out of 10
Updating learning rate to 1.5391318149339123e-06
Epoch: 83 cost time: 3.5310380458831787
Epoch: 83, Steps: 29 | Train Loss: 0.0454719 Vali Loss: 0.0825000 Test Loss: 0.0398429
EarlyStopping counter: 2 out of 10
Updating learning rate to 1.3807171054080036e-06
Epoch: 84 cost time: 3.828397035598755
Epoch: 84, Steps: 29 | Train Loss: 0.0454678 Vali Loss: 0.0820886 Test Loss: 0.0399910
Validation loss decreased (0.082148 --> 0.082089).  Saving model ...
Updating learning rate to 1.2295911902454577e-06
Epoch: 85 cost time: 3.9953880310058594
Epoch: 85, Steps: 29 | Train Loss: 0.0454284 Vali Loss: 0.0820587 Test Loss: 0.0399899
Validation loss decreased (0.082089 --> 0.082059).  Saving model ...
Updating learning rate to 1.0860584169271784e-06
Epoch: 86 cost time: 4.043788433074951
Epoch: 86, Steps: 29 | Train Loss: 0.0454579 Vali Loss: 0.0824128 Test Loss: 0.0399630
EarlyStopping counter: 1 out of 10
Updating learning rate to 9.504078413569088e-07
Epoch: 87 cost time: 4.0627617835998535
Epoch: 87, Steps: 29 | Train Loss: 0.0454525 Vali Loss: 0.0824069 Test Loss: 0.0400003
EarlyStopping counter: 2 out of 10
Updating learning rate to 8.229126457411124e-07
Epoch: 88 cost time: 4.01906681060791
Epoch: 88, Steps: 29 | Train Loss: 0.0454136 Vali Loss: 0.0822496 Test Loss: 0.0400260
EarlyStopping counter: 3 out of 10
Updating learning rate to 7.038295884363647e-07
Epoch: 89 cost time: 4.00231671333313
Epoch: 89, Steps: 29 | Train Loss: 0.0453990 Vali Loss: 0.0824627 Test Loss: 0.0399469
EarlyStopping counter: 4 out of 10
Updating learning rate to 5.933984868721898e-07
Epoch: 90 cost time: 4.012594938278198
Epoch: 90, Steps: 29 | Train Loss: 0.0454271 Vali Loss: 0.0822135 Test Loss: 0.0400104
EarlyStopping counter: 5 out of 10
Updating learning rate to 4.918417345906772e-07
Epoch: 91 cost time: 4.108270645141602
Epoch: 91, Steps: 29 | Train Loss: 0.0454124 Vali Loss: 0.0821725 Test Loss: 0.0400164
EarlyStopping counter: 6 out of 10
Updating learning rate to 3.9936385337548097e-07
Epoch: 92 cost time: 4.128313064575195
Epoch: 92, Steps: 29 | Train Loss: 0.0454205 Vali Loss: 0.0823690 Test Loss: 0.0399820
EarlyStopping counter: 7 out of 10
Updating learning rate to 3.161510813721721e-07
Epoch: 93 cost time: 4.227623462677002
Epoch: 93, Steps: 29 | Train Loss: 0.0453901 Vali Loss: 0.0823332 Test Loss: 0.0399962
EarlyStopping counter: 8 out of 10
Updating learning rate to 2.4237099802938663e-07
Epoch: 94 cost time: 4.2024009227752686
Epoch: 94, Steps: 29 | Train Loss: 0.0454297 Vali Loss: 0.0823355 Test Loss: 0.0400049
EarlyStopping counter: 9 out of 10
Updating learning rate to 1.7817218661613333e-07
Epoch: 95 cost time: 3.988473892211914
Epoch: 95, Steps: 29 | Train Loss: 0.0454104 Vali Loss: 0.0822329 Test Loss: 0.0399687
EarlyStopping counter: 10 out of 10
Early stopping
>>>>>>>testing : ETTh1_336_720_DTFNet_ETTh1_ftM_sl336_ll0_pl720_dm128_nh16_el2_br2_dl1_df256_fc1_ebtimeF_dtTrue_'Exp'_0_'rel_sin'_16_8_16,24_8,12_3_1_256<<<<<<<<<<<<<<<<<<<<<<<<<<<<<<<<<
test 2161
mse:0.4244866669178009, mae:0.4467988908290863, rse:0.6257734298706055
