Args in experiment:
Namespace(is_training=1, model_id='ETTh1_336_720', model='DTFNet', data='ETTh1', root_path='./dataset/', data_path='ETTh1.csv', features='M', target='OT', freq='h', checkpoints='./checkpoints/', seq_len=336, label_len=0, pred_len=720, n_branches=2, patch_len_ls='16,24', stride_ls='8,12', d_model_ls='128', n_heads_ls='16', rel_pe="'rel_sin'", res_attn=False, head_type='flatten', fc_dropout=0.3, head_dropout=0.1, patch_len=16, stride=8, padding_patch="'end'", revin=1, affine=0, subtract_last=0, decomposition=0, kernel_size=25, individual=0, store_attn=False, pre_norm=False, pe='zeros', no_learn_pe=True, embed_type=0, enc_in=7, dec_in=7, c_out=7, d_model=128, n_heads=16, e_layers=2, d_layers=1, d_ff=256, moving_avg=25, factor=1, distil=True, dropout=0.3, embed='timeF', activation='gelu', output_attention=False, do_predict=False, num_workers=0, itr=1, train_epochs=100, batch_size=256, patience=10, learning_rate=1e-05, des="'Exp'", loss='mse', lradj='TST', pct_start=0.3, use_amp=False, l2=0.0, warmup_steps=0, use_gpu=True, gpu=0, use_multi_gpu=False, devices='0', test_flop=False, use_mlflow=False, mlflow_project='exp', loss_flag=2, sub_patch_len=16, sub_stride=8, stride_ls_list='16', model_type='linear', tfactor=3, dilation_rates='1', wavelet_layers=2, wavelet_type='db5', wavelet_mode='periodization', wavelet_dim=64, initTLV=0.2)
Use GPU: cuda:0
>>>>>>>start training : ETTh1_336_720_DTFNet_ETTh1_ftM_sl336_ll0_pl720_dm128_nh16_el2_br2_dl1_df256_fc1_ebtimeF_dtTrue_'Exp'_0_'rel_sin'_16_8_16,24_8,12_3_1_256>>>>>>>>>>>>>>>>>>>>>>>>>>
train 7585
val 2161
test 2161
Epoch: 1 cost time: 3.7077572345733643
Epoch: 1, Steps: 29 | Train Loss: 0.1076938 Vali Loss: 0.1792053 Test Loss: 0.0999678
Validation loss decreased (inf --> 0.179205).  Saving model ...
Updating learning rate to 4.2635539919063106e-07
Epoch: 2 cost time: 3.310615062713623
Epoch: 2, Steps: 29 | Train Loss: 0.1067383 Vali Loss: 0.1773011 Test Loss: 0.0991276
Validation loss decreased (0.179205 --> 0.177301).  Saving model ...
Updating learning rate to 5.051321771514831e-07
Epoch: 3 cost time: 3.3892834186553955
Epoch: 3, Steps: 29 | Train Loss: 0.1059535 Vali Loss: 0.1758019 Test Loss: 0.0982141
Validation loss decreased (0.177301 --> 0.175802).  Saving model ...
Updating learning rate to 6.354652532866785e-07
Epoch: 4 cost time: 3.3213882446289062
Epoch: 4, Steps: 29 | Train Loss: 0.1049594 Vali Loss: 0.1743186 Test Loss: 0.0972469
Validation loss decreased (0.175802 --> 0.174319).  Saving model ...
Updating learning rate to 8.159233858256806e-07
Epoch: 5 cost time: 3.338489294052124
Epoch: 5, Steps: 29 | Train Loss: 0.1040731 Vali Loss: 0.1720693 Test Loss: 0.0961921
Validation loss decreased (0.174319 --> 0.172069).  Saving model ...
Updating learning rate to 1.0445248888850473e-06
Epoch: 6 cost time: 3.327380657196045
Epoch: 6, Steps: 29 | Train Loss: 0.1030501 Vali Loss: 0.1707027 Test Loss: 0.0950195
Validation loss decreased (0.172069 --> 0.170703).  Saving model ...
Updating learning rate to 1.3187593941861497e-06
Epoch: 7 cost time: 3.336172342300415
Epoch: 7, Steps: 29 | Train Loss: 0.1019317 Vali Loss: 0.1682491 Test Loss: 0.0936402
Validation loss decreased (0.170703 --> 0.168249).  Saving model ...
Updating learning rate to 1.6356154184543822e-06
Epoch: 8 cost time: 3.3367037773132324
Epoch: 8, Steps: 29 | Train Loss: 0.1007630 Vali Loss: 0.1655860 Test Loss: 0.0919972
Validation loss decreased (0.168249 --> 0.165586).  Saving model ...
Updating learning rate to 1.9916134337707666e-06
Epoch: 9 cost time: 3.3437907695770264
Epoch: 9, Steps: 29 | Train Loss: 0.0993097 Vali Loss: 0.1628288 Test Loss: 0.0898880
Validation loss decreased (0.165586 --> 0.162829).  Saving model ...
Updating learning rate to 2.3828440777166636e-06
Epoch: 10 cost time: 3.390627384185791
Epoch: 10, Steps: 29 | Train Loss: 0.0975255 Vali Loss: 0.1590496 Test Loss: 0.0870130
Validation loss decreased (0.162829 --> 0.159050).  Saving model ...
Updating learning rate to 2.805011083710071e-06
Epoch: 11 cost time: 3.358604907989502
Epoch: 11, Steps: 29 | Train Loss: 0.0953391 Vali Loss: 0.1534083 Test Loss: 0.0829960
Validation loss decreased (0.159050 --> 0.153408).  Saving model ...
Updating learning rate to 3.2534784600976295e-06
Epoch: 12 cost time: 3.3663766384124756
Epoch: 12, Steps: 29 | Train Loss: 0.0926935 Vali Loss: 0.1473026 Test Loss: 0.0783853
Validation loss decreased (0.153408 --> 0.147303).  Saving model ...
Updating learning rate to 3.723321399909056e-06
Epoch: 13 cost time: 3.367779493331909
Epoch: 13, Steps: 29 | Train Loss: 0.0901921 Vali Loss: 0.1428536 Test Loss: 0.0752053
Validation loss decreased (0.147303 --> 0.142854).  Saving model ...
Updating learning rate to 4.209380362212844e-06
Epoch: 14 cost time: 3.388854742050171
Epoch: 14, Steps: 29 | Train Loss: 0.0883716 Vali Loss: 0.1396525 Test Loss: 0.0735051
Validation loss decreased (0.142854 --> 0.139653).  Saving model ...
Updating learning rate to 4.706317731183279e-06
Epoch: 15 cost time: 3.381054639816284
Epoch: 15, Steps: 29 | Train Loss: 0.0865770 Vali Loss: 0.1365660 Test Loss: 0.0715957
Validation loss decreased (0.139653 --> 0.136566).  Saving model ...
Updating learning rate to 5.208676430682048e-06
Epoch: 16 cost time: 3.3875930309295654
Epoch: 16, Steps: 29 | Train Loss: 0.0848529 Vali Loss: 0.1339354 Test Loss: 0.0692632
Validation loss decreased (0.136566 --> 0.133935).  Saving model ...
Updating learning rate to 5.710939850683244e-06
Epoch: 17 cost time: 3.4012508392333984
Epoch: 17, Steps: 29 | Train Loss: 0.0831698 Vali Loss: 0.1315715 Test Loss: 0.0673908
Validation loss decreased (0.133935 --> 0.131572).  Saving model ...
Updating learning rate to 6.207592427464792e-06
Epoch: 18 cost time: 3.412445068359375
Epoch: 18, Steps: 29 | Train Loss: 0.0817394 Vali Loss: 0.1300832 Test Loss: 0.0659547
Validation loss decreased (0.131572 --> 0.130083).  Saving model ...
Updating learning rate to 6.693180212309968e-06
Epoch: 19 cost time: 3.4170522689819336
Epoch: 19, Steps: 29 | Train Loss: 0.0804977 Vali Loss: 0.1285568 Test Loss: 0.0646731
Validation loss decreased (0.130083 --> 0.128557).  Saving model ...
Updating learning rate to 7.1623707635889015e-06
Epoch: 20 cost time: 3.419403553009033
Epoch: 20, Steps: 29 | Train Loss: 0.0795693 Vali Loss: 0.1273908 Test Loss: 0.0639856
Validation loss decreased (0.128557 --> 0.127391).  Saving model ...
Updating learning rate to 7.610011704520164e-06
Epoch: 21 cost time: 3.4220075607299805
Epoch: 21, Steps: 29 | Train Loss: 0.0786434 Vali Loss: 0.1265139 Test Loss: 0.0628206
Validation loss decreased (0.127391 --> 0.126514).  Saving model ...
Updating learning rate to 8.031187303565295e-06
Epoch: 22 cost time: 3.414966344833374
Epoch: 22, Steps: 29 | Train Loss: 0.0777465 Vali Loss: 0.1256115 Test Loss: 0.0619550
Validation loss decreased (0.126514 --> 0.125612).  Saving model ...
Updating learning rate to 8.421272456123378e-06
Epoch: 23 cost time: 3.5335471630096436
Epoch: 23, Steps: 29 | Train Loss: 0.0769143 Vali Loss: 0.1248603 Test Loss: 0.0612222
Validation loss decreased (0.125612 --> 0.124860).  Saving model ...
Updating learning rate to 8.775983474730246e-06
Epoch: 24 cost time: 3.4176084995269775
Epoch: 24, Steps: 29 | Train Loss: 0.0760547 Vali Loss: 0.1233354 Test Loss: 0.0607575
Validation loss decreased (0.124860 --> 0.123335).  Saving model ...
Updating learning rate to 9.091425130013939e-06
Epoch: 25 cost time: 3.414579391479492
Epoch: 25, Steps: 29 | Train Loss: 0.0752731 Vali Loss: 0.1225613 Test Loss: 0.0597648
Validation loss decreased (0.123335 --> 0.122561).  Saving model ...
Updating learning rate to 9.364133425830145e-06
Epoch: 26 cost time: 3.4177396297454834
Epoch: 26, Steps: 29 | Train Loss: 0.0745689 Vali Loss: 0.1219992 Test Loss: 0.0591646
Validation loss decreased (0.122561 --> 0.121999).  Saving model ...
Updating learning rate to 9.591113638846019e-06
Epoch: 27 cost time: 3.4142045974731445
Epoch: 27, Steps: 29 | Train Loss: 0.0738317 Vali Loss: 0.1209947 Test Loss: 0.0586339
Validation loss decreased (0.121999 --> 0.120995).  Saving model ...
Updating learning rate to 9.769873204843885e-06
Epoch: 28 cost time: 3.4270317554473877
Epoch: 28, Steps: 29 | Train Loss: 0.0730653 Vali Loss: 0.1202396 Test Loss: 0.0577678
Validation loss decreased (0.120995 --> 0.120240).  Saving model ...
Updating learning rate to 9.898449090606656e-06
Epoch: 29 cost time: 3.422344923019409
Epoch: 29, Steps: 29 | Train Loss: 0.0722678 Vali Loss: 0.1198267 Test Loss: 0.0571364
Validation loss decreased (0.120240 --> 0.119827).  Saving model ...
Updating learning rate to 9.975429350802846e-06
Epoch: 30 cost time: 3.414874315261841
Epoch: 30, Steps: 29 | Train Loss: 0.0715539 Vali Loss: 0.1187462 Test Loss: 0.0568036
Validation loss decreased (0.119827 --> 0.118746).  Saving model ...
Updating learning rate to 9.99999401249548e-06
Epoch: 31 cost time: 3.4317166805267334
Epoch: 31, Steps: 29 | Train Loss: 0.0708686 Vali Loss: 0.1177513 Test Loss: 0.0563334
Validation loss decreased (0.118746 --> 0.117751).  Saving model ...
Updating learning rate to 9.994612212745642e-06
Epoch: 32 cost time: 3.4353737831115723
Epoch: 32, Steps: 29 | Train Loss: 0.0701627 Vali Loss: 0.1174180 Test Loss: 0.0556002
Validation loss decreased (0.117751 --> 0.117418).  Saving model ...
Updating learning rate to 9.979171968972798e-06
Epoch: 33 cost time: 3.4169721603393555
Epoch: 33, Steps: 29 | Train Loss: 0.0694852 Vali Loss: 0.1164980 Test Loss: 0.0552555
Validation loss decreased (0.117418 --> 0.116498).  Saving model ...
Updating learning rate to 9.953704375773079e-06
Epoch: 34 cost time: 3.4309473037719727
Epoch: 34, Steps: 29 | Train Loss: 0.0687712 Vali Loss: 0.1151490 Test Loss: 0.0550196
Validation loss decreased (0.116498 --> 0.115149).  Saving model ...
Updating learning rate to 9.918260721489893e-06
Epoch: 35 cost time: 3.4265990257263184
Epoch: 35, Steps: 29 | Train Loss: 0.0681346 Vali Loss: 0.1154853 Test Loss: 0.0543748
EarlyStopping counter: 1 out of 10
Updating learning rate to 9.872912384926035e-06
Epoch: 36 cost time: 3.425410032272339
Epoch: 36, Steps: 29 | Train Loss: 0.0674250 Vali Loss: 0.1151916 Test Loss: 0.0538644
EarlyStopping counter: 2 out of 10
Updating learning rate to 9.817750691596265e-06
Epoch: 37 cost time: 3.427628755569458
Epoch: 37, Steps: 29 | Train Loss: 0.0667448 Vali Loss: 0.1143680 Test Loss: 0.0532161
Validation loss decreased (0.115149 --> 0.114368).  Saving model ...
Updating learning rate to 9.752886729809889e-06
Epoch: 38 cost time: 3.480996608734131
Epoch: 38, Steps: 29 | Train Loss: 0.0661010 Vali Loss: 0.1134174 Test Loss: 0.0529454
Validation loss decreased (0.114368 --> 0.113417).  Saving model ...
Updating learning rate to 9.678451126953676e-06
Epoch: 39 cost time: 3.4321372509002686
Epoch: 39, Steps: 29 | Train Loss: 0.0654822 Vali Loss: 0.1118486 Test Loss: 0.0530660
Validation loss decreased (0.113417 --> 0.111849).  Saving model ...
Updating learning rate to 9.594593786425696e-06
Epoch: 40 cost time: 3.441608190536499
Epoch: 40, Steps: 29 | Train Loss: 0.0647902 Vali Loss: 0.1112616 Test Loss: 0.0524934
Validation loss decreased (0.111849 --> 0.111262).  Saving model ...
Updating learning rate to 9.501483585749811e-06
Epoch: 41 cost time: 3.440429210662842
Epoch: 41, Steps: 29 | Train Loss: 0.0641754 Vali Loss: 0.1113067 Test Loss: 0.0520878
EarlyStopping counter: 1 out of 10
Updating learning rate to 9.399308036478838e-06
Epoch: 42 cost time: 3.458397388458252
Epoch: 42, Steps: 29 | Train Loss: 0.0635015 Vali Loss: 0.1102000 Test Loss: 0.0516960
Validation loss decreased (0.111262 --> 0.110200).  Saving model ...
Updating learning rate to 9.288272906571216e-06
Epoch: 43 cost time: 3.4445314407348633
Epoch: 43, Steps: 29 | Train Loss: 0.0629354 Vali Loss: 0.1094040 Test Loss: 0.0516336
Validation loss decreased (0.110200 --> 0.109404).  Saving model ...
Updating learning rate to 9.16860180600173e-06
Epoch: 44 cost time: 3.445570945739746
Epoch: 44, Steps: 29 | Train Loss: 0.0623529 Vali Loss: 0.1099180 Test Loss: 0.0506060
EarlyStopping counter: 1 out of 10
Updating learning rate to 9.040535736440785e-06
Epoch: 45 cost time: 3.4505412578582764
Epoch: 45, Steps: 29 | Train Loss: 0.0616996 Vali Loss: 0.1091946 Test Loss: 0.0506142
Validation loss decreased (0.109404 --> 0.109195).  Saving model ...
Updating learning rate to 8.904332605909106e-06
Epoch: 46 cost time: 3.448613166809082
Epoch: 46, Steps: 29 | Train Loss: 0.0611446 Vali Loss: 0.1074726 Test Loss: 0.0505545
Validation loss decreased (0.109195 --> 0.107473).  Saving model ...
Updating learning rate to 8.760266709385311e-06
Epoch: 47 cost time: 3.444505453109741
Epoch: 47, Steps: 29 | Train Loss: 0.0605712 Vali Loss: 0.1063655 Test Loss: 0.0500282
Validation loss decreased (0.107473 --> 0.106366).  Saving model ...
Updating learning rate to 8.608628176412335e-06
Epoch: 48 cost time: 3.467428684234619
Epoch: 48, Steps: 29 | Train Loss: 0.0600129 Vali Loss: 0.1055067 Test Loss: 0.0499024
Validation loss decreased (0.106366 --> 0.105507).  Saving model ...
Updating learning rate to 8.449722386815127e-06
Epoch: 49 cost time: 3.461045503616333
Epoch: 49, Steps: 29 | Train Loss: 0.0593973 Vali Loss: 0.1042046 Test Loss: 0.0498974
Validation loss decreased (0.105507 --> 0.104205).  Saving model ...
Updating learning rate to 8.28386935570634e-06
Epoch: 50 cost time: 3.436549663543701
Epoch: 50, Steps: 29 | Train Loss: 0.0588973 Vali Loss: 0.1041244 Test Loss: 0.0491129
Validation loss decreased (0.104205 --> 0.104124).  Saving model ...
Updating learning rate to 8.111403089018465e-06
Epoch: 51 cost time: 3.453003406524658
Epoch: 51, Steps: 29 | Train Loss: 0.0583323 Vali Loss: 0.1028500 Test Loss: 0.0491450
Validation loss decreased (0.104124 --> 0.102850).  Saving model ...
Updating learning rate to 7.93267091086035e-06
Epoch: 52 cost time: 3.4499852657318115
Epoch: 52, Steps: 29 | Train Loss: 0.0578180 Vali Loss: 0.1028486 Test Loss: 0.0485662
Validation loss decreased (0.102850 --> 0.102849).  Saving model ...
Updating learning rate to 7.748032764052655e-06
Epoch: 53 cost time: 3.5102710723876953
Epoch: 53, Steps: 29 | Train Loss: 0.0572786 Vali Loss: 0.1022480 Test Loss: 0.0481159
Validation loss decreased (0.102849 --> 0.102248).  Saving model ...
Updating learning rate to 7.557860485250925e-06
Epoch: 54 cost time: 3.5011610984802246
Epoch: 54, Steps: 29 | Train Loss: 0.0567445 Vali Loss: 0.1007815 Test Loss: 0.0479983
Validation loss decreased (0.102248 --> 0.100781).  Saving model ...
Updating learning rate to 7.362537056116034e-06
Epoch: 55 cost time: 3.4653379917144775
Epoch: 55, Steps: 29 | Train Loss: 0.0562411 Vali Loss: 0.1014955 Test Loss: 0.0472530
EarlyStopping counter: 1 out of 10
Updating learning rate to 7.162455832040107e-06
Epoch: 56 cost time: 3.5064504146575928
Epoch: 56, Steps: 29 | Train Loss: 0.0557612 Vali Loss: 0.0995199 Test Loss: 0.0472469
Validation loss decreased (0.100781 --> 0.099520).  Saving model ...
Updating learning rate to 6.9580197499810984e-06
Epoch: 57 cost time: 3.451026439666748
Epoch: 57, Steps: 29 | Train Loss: 0.0552918 Vali Loss: 0.0989439 Test Loss: 0.0469577
Validation loss decreased (0.099520 --> 0.098944).  Saving model ...
Updating learning rate to 6.7496405170013816e-06
Epoch: 58 cost time: 3.494758367538452
Epoch: 58, Steps: 29 | Train Loss: 0.0547921 Vali Loss: 0.0978234 Test Loss: 0.0468759
Validation loss decreased (0.098944 --> 0.097823).  Saving model ...
Updating learning rate to 6.537737781144523e-06
Epoch: 59 cost time: 3.4600937366485596
Epoch: 59, Steps: 29 | Train Loss: 0.0543081 Vali Loss: 0.0977967 Test Loss: 0.0463845
Validation loss decreased (0.097823 --> 0.097797).  Saving model ...
Updating learning rate to 6.322738286319964e-06
Epoch: 60 cost time: 3.47343373298645
Epoch: 60, Steps: 29 | Train Loss: 0.0537766 Vali Loss: 0.0966851 Test Loss: 0.0461613
Validation loss decreased (0.097797 --> 0.096685).  Saving model ...
Updating learning rate to 6.105075012897585e-06
Epoch: 61 cost time: 3.5057456493377686
Epoch: 61, Steps: 29 | Train Loss: 0.0533675 Vali Loss: 0.0959558 Test Loss: 0.0457250
Validation loss decreased (0.096685 --> 0.095956).  Saving model ...
Updating learning rate to 5.885186305742857e-06
Epoch: 62 cost time: 3.461888074874878
Epoch: 62, Steps: 29 | Train Loss: 0.0528484 Vali Loss: 0.0951191 Test Loss: 0.0454793
Validation loss decreased (0.095956 --> 0.095119).  Saving model ...
Updating learning rate to 5.6635149914486225e-06
Epoch: 63 cost time: 3.4980857372283936
Epoch: 63, Steps: 29 | Train Loss: 0.0524161 Vali Loss: 0.0940502 Test Loss: 0.0453983
Validation loss decreased (0.095119 --> 0.094050).  Saving model ...
Updating learning rate to 5.440507486541268e-06
Epoch: 64 cost time: 3.4604644775390625
Epoch: 64, Steps: 29 | Train Loss: 0.0520138 Vali Loss: 0.0935546 Test Loss: 0.0449955
Validation loss decreased (0.094050 --> 0.093555).  Saving model ...
Updating learning rate to 5.216612898457253e-06
Epoch: 65 cost time: 3.491521120071411
Epoch: 65, Steps: 29 | Train Loss: 0.0515917 Vali Loss: 0.0923671 Test Loss: 0.0448698
Validation loss decreased (0.093555 --> 0.092367).  Saving model ...
Updating learning rate to 4.992282121100496e-06
Epoch: 66 cost time: 3.4997997283935547
Epoch: 66, Steps: 29 | Train Loss: 0.0511310 Vali Loss: 0.0921254 Test Loss: 0.0443721
Validation loss decreased (0.092367 --> 0.092125).  Saving model ...
Updating learning rate to 4.767966926802067e-06
Epoch: 67 cost time: 3.5159404277801514
Epoch: 67, Steps: 29 | Train Loss: 0.0507059 Vali Loss: 0.0913839 Test Loss: 0.0441497
Validation loss decreased (0.092125 --> 0.091384).  Saving model ...
Updating learning rate to 4.5441190565108235e-06
Epoch: 68 cost time: 3.549473524093628
Epoch: 68, Steps: 29 | Train Loss: 0.0502170 Vali Loss: 0.0913319 Test Loss: 0.0435855
Validation loss decreased (0.091384 --> 0.091332).  Saving model ...
Updating learning rate to 4.3211893100472735e-06
Epoch: 69 cost time: 3.4639739990234375
Epoch: 69, Steps: 29 | Train Loss: 0.0498437 Vali Loss: 0.0904895 Test Loss: 0.0433032
Validation loss decreased (0.091332 --> 0.090490).  Saving model ...
Updating learning rate to 4.099626638252712e-06
Epoch: 70 cost time: 3.4678866863250732
Epoch: 70, Steps: 29 | Train Loss: 0.0494186 Vali Loss: 0.0894782 Test Loss: 0.0430500
Validation loss decreased (0.090490 --> 0.089478).  Saving model ...
Updating learning rate to 3.879877238861997e-06
Epoch: 71 cost time: 3.472050189971924
Epoch: 71, Steps: 29 | Train Loss: 0.0489990 Vali Loss: 0.0885643 Test Loss: 0.0428465
Validation loss decreased (0.089478 --> 0.088564).  Saving model ...
Updating learning rate to 3.662383657920668e-06
Epoch: 72 cost time: 3.522214651107788
Epoch: 72, Steps: 29 | Train Loss: 0.0486404 Vali Loss: 0.0879598 Test Loss: 0.0424713
Validation loss decreased (0.088564 --> 0.087960).  Saving model ...
Updating learning rate to 3.447583898556124e-06
Epoch: 73 cost time: 3.491476535797119
Epoch: 73, Steps: 29 | Train Loss: 0.0482295 Vali Loss: 0.0874279 Test Loss: 0.0422379
Validation loss decreased (0.087960 --> 0.087428).  Saving model ...
Updating learning rate to 3.2359105388976132e-06
Epoch: 74 cost time: 3.4676899909973145
Epoch: 74, Steps: 29 | Train Loss: 0.0477895 Vali Loss: 0.0870350 Test Loss: 0.0418051
Validation loss decreased (0.087428 --> 0.087035).  Saving model ...
Updating learning rate to 3.027789860921434e-06
Epoch: 75 cost time: 3.482407331466675
Epoch: 75, Steps: 29 | Train Loss: 0.0474641 Vali Loss: 0.0861030 Test Loss: 0.0415154
Validation loss decreased (0.087035 --> 0.086103).  Saving model ...
Updating learning rate to 2.8236409919757893e-06
Epoch: 76 cost time: 3.4683456420898438
Epoch: 76, Steps: 29 | Train Loss: 0.0470414 Vali Loss: 0.0857662 Test Loss: 0.0412774
Validation loss decreased (0.086103 --> 0.085766).  Saving model ...
Updating learning rate to 2.6238750607140637e-06
Epoch: 77 cost time: 3.5039265155792236
Epoch: 77, Steps: 29 | Train Loss: 0.0467136 Vali Loss: 0.0850110 Test Loss: 0.0409143
Validation loss decreased (0.085766 --> 0.085011).  Saving model ...
Updating learning rate to 2.4288943691364434e-06
Epoch: 78 cost time: 3.4999659061431885
Epoch: 78, Steps: 29 | Train Loss: 0.0463625 Vali Loss: 0.0842238 Test Loss: 0.0406189
Validation loss decreased (0.085011 --> 0.084224).  Saving model ...
Updating learning rate to 2.2390915824072217e-06
Epoch: 79 cost time: 3.462327480316162
Epoch: 79, Steps: 29 | Train Loss: 0.0459471 Vali Loss: 0.0834665 Test Loss: 0.0403104
Validation loss decreased (0.084224 --> 0.083467).  Saving model ...
Updating learning rate to 2.0548489380794217e-06
Epoch: 80 cost time: 3.5161190032958984
Epoch: 80, Steps: 29 | Train Loss: 0.0455658 Vali Loss: 0.0829018 Test Loss: 0.0399666
Validation loss decreased (0.083467 --> 0.082902).  Saving model ...
Updating learning rate to 1.876537476319218e-06
Epoch: 81 cost time: 3.4635448455810547
Epoch: 81, Steps: 29 | Train Loss: 0.0453263 Vali Loss: 0.0825344 Test Loss: 0.0399361
Validation loss decreased (0.082902 --> 0.082534).  Saving model ...
Updating learning rate to 1.7045162926804444e-06
Epoch: 82 cost time: 3.507012128829956
Epoch: 82, Steps: 29 | Train Loss: 0.0453181 Vali Loss: 0.0823320 Test Loss: 0.0400848
Validation loss decreased (0.082534 --> 0.082332).  Saving model ...
Updating learning rate to 1.5391318149339123e-06
Epoch: 83 cost time: 4.0814855098724365
Epoch: 83, Steps: 29 | Train Loss: 0.0453036 Vali Loss: 0.0826933 Test Loss: 0.0400256
EarlyStopping counter: 1 out of 10
Updating learning rate to 1.3807171054080036e-06
Epoch: 84 cost time: 4.131138324737549
Epoch: 84, Steps: 29 | Train Loss: 0.0452783 Vali Loss: 0.0825052 Test Loss: 0.0401094
EarlyStopping counter: 2 out of 10
Updating learning rate to 1.2295911902454577e-06
Epoch: 85 cost time: 4.272686243057251
Epoch: 85, Steps: 29 | Train Loss: 0.0452858 Vali Loss: 0.0825921 Test Loss: 0.0400811
EarlyStopping counter: 3 out of 10
Updating learning rate to 1.0860584169271784e-06
Epoch: 86 cost time: 3.94950008392334
Epoch: 86, Steps: 29 | Train Loss: 0.0452946 Vali Loss: 0.0826103 Test Loss: 0.0400248
EarlyStopping counter: 4 out of 10
Updating learning rate to 9.504078413569088e-07
Epoch: 87 cost time: 4.121406555175781
Epoch: 87, Steps: 29 | Train Loss: 0.0452460 Vali Loss: 0.0823451 Test Loss: 0.0400761
EarlyStopping counter: 5 out of 10
Updating learning rate to 8.229126457411124e-07
Epoch: 88 cost time: 4.222898244857788
Epoch: 88, Steps: 29 | Train Loss: 0.0452912 Vali Loss: 0.0825743 Test Loss: 0.0400587
EarlyStopping counter: 6 out of 10
Updating learning rate to 7.038295884363647e-07
Epoch: 89 cost time: 4.1795690059661865
Epoch: 89, Steps: 29 | Train Loss: 0.0452398 Vali Loss: 0.0826629 Test Loss: 0.0400702
EarlyStopping counter: 7 out of 10
Updating learning rate to 5.933984868721898e-07
Epoch: 90 cost time: 4.1089372634887695
Epoch: 90, Steps: 29 | Train Loss: 0.0452671 Vali Loss: 0.0826305 Test Loss: 0.0400640
EarlyStopping counter: 8 out of 10
Updating learning rate to 4.918417345906772e-07
Epoch: 91 cost time: 4.239344358444214
Epoch: 91, Steps: 29 | Train Loss: 0.0452281 Vali Loss: 0.0826750 Test Loss: 0.0400567
EarlyStopping counter: 9 out of 10
Updating learning rate to 3.9936385337548097e-07
Epoch: 92 cost time: 4.312572240829468
Epoch: 92, Steps: 29 | Train Loss: 0.0452386 Vali Loss: 0.0825581 Test Loss: 0.0400779
EarlyStopping counter: 10 out of 10
Early stopping
>>>>>>>testing : ETTh1_336_720_DTFNet_ETTh1_ftM_sl336_ll0_pl720_dm128_nh16_el2_br2_dl1_df256_fc1_ebtimeF_dtTrue_'Exp'_0_'rel_sin'_16_8_16,24_8,12_3_1_256<<<<<<<<<<<<<<<<<<<<<<<<<<<<<<<<<
test 2161
mse:0.42548105120658875, mae:0.44775715470314026, rse:0.6265059113502502
