Args in experiment:
Namespace(is_training=1, model_id='ETTh1_336_720', model='DTFNet', data='ETTh1', root_path='./dataset/', data_path='ETTh1.csv', features='M', target='OT', freq='h', checkpoints='./checkpoints/', seq_len=336, label_len=0, pred_len=720, n_branches=2, patch_len_ls='16,24', stride_ls='8,12', d_model_ls='128', n_heads_ls='16', rel_pe="'rel_sin'", res_attn=False, head_type='flatten', fc_dropout=0.3, head_dropout=0.1, patch_len=16, stride=8, padding_patch="'end'", revin=1, affine=0, subtract_last=0, decomposition=0, kernel_size=25, individual=0, store_attn=False, pre_norm=False, pe='zeros', no_learn_pe=True, embed_type=0, enc_in=7, dec_in=7, c_out=7, d_model=128, n_heads=16, e_layers=2, d_layers=1, d_ff=256, moving_avg=25, factor=1, distil=True, dropout=0.3, embed='timeF', activation='gelu', output_attention=False, do_predict=False, num_workers=0, itr=1, train_epochs=100, batch_size=256, patience=10, learning_rate=1e-05, des="'Exp'", loss='mse', lradj='TST', pct_start=0.3, use_amp=False, l2=0.0, warmup_steps=0, use_gpu=True, gpu=0, use_multi_gpu=False, devices='0', test_flop=False, use_mlflow=False, mlflow_project='exp', loss_flag=2, sub_patch_len=16, sub_stride=8, stride_ls_list='16', model_type='linear', tfactor=3, dilation_rates='1', wavelet_layers=2, wavelet_type='db5', wavelet_mode='periodization', wavelet_dim=64, initTLV=0.2)
Use GPU: cuda:0
>>>>>>>start training : ETTh1_336_720_DTFNet_ETTh1_ftM_sl336_ll0_pl720_dm128_nh16_el2_br2_dl1_df256_fc1_ebtimeF_dtTrue_'Exp'_0_'rel_sin'_16_8_16,24_8,12_3_1_256>>>>>>>>>>>>>>>>>>>>>>>>>>
train 7585
val 2161
test 2161
Epoch: 1 cost time: 4.943534851074219
Epoch: 1, Steps: 29 | Train Loss: 0.1075819 Vali Loss: 0.1788663 Test Loss: 0.0996237
Validation loss decreased (inf --> 0.178866).  Saving model ...
Updating learning rate to 4.2635539919063106e-07
Epoch: 2 cost time: 4.17889142036438
Epoch: 2, Steps: 29 | Train Loss: 0.1066890 Vali Loss: 0.1771401 Test Loss: 0.0987832
Validation loss decreased (0.178866 --> 0.177140).  Saving model ...
Updating learning rate to 5.051321771514831e-07
Epoch: 3 cost time: 3.94535493850708
Epoch: 3, Steps: 29 | Train Loss: 0.1058321 Vali Loss: 0.1760904 Test Loss: 0.0978683
Validation loss decreased (0.177140 --> 0.176090).  Saving model ...
Updating learning rate to 6.354652532866785e-07
Epoch: 4 cost time: 4.191387414932251
Epoch: 4, Steps: 29 | Train Loss: 0.1048648 Vali Loss: 0.1739705 Test Loss: 0.0968913
Validation loss decreased (0.176090 --> 0.173970).  Saving model ...
Updating learning rate to 8.159233858256806e-07
Epoch: 5 cost time: 4.018917560577393
Epoch: 5, Steps: 29 | Train Loss: 0.1039431 Vali Loss: 0.1721602 Test Loss: 0.0958235
Validation loss decreased (0.173970 --> 0.172160).  Saving model ...
Updating learning rate to 1.0445248888850473e-06
Epoch: 6 cost time: 3.858098030090332
Epoch: 6, Steps: 29 | Train Loss: 0.1029223 Vali Loss: 0.1700721 Test Loss: 0.0946277
Validation loss decreased (0.172160 --> 0.170072).  Saving model ...
Updating learning rate to 1.3187593941861497e-06
Epoch: 7 cost time: 4.185125112533569
Epoch: 7, Steps: 29 | Train Loss: 0.1017610 Vali Loss: 0.1679589 Test Loss: 0.0932311
Validation loss decreased (0.170072 --> 0.167959).  Saving model ...
Updating learning rate to 1.6356154184543822e-06
Epoch: 8 cost time: 4.184124708175659
Epoch: 8, Steps: 29 | Train Loss: 0.1005423 Vali Loss: 0.1654687 Test Loss: 0.0915362
Validation loss decreased (0.167959 --> 0.165469).  Saving model ...
Updating learning rate to 1.9916134337707666e-06
Epoch: 9 cost time: 4.170360803604126
Epoch: 9, Steps: 29 | Train Loss: 0.0990380 Vali Loss: 0.1620854 Test Loss: 0.0893329
Validation loss decreased (0.165469 --> 0.162085).  Saving model ...
Updating learning rate to 2.3828440777166636e-06
Epoch: 10 cost time: 4.157151937484741
Epoch: 10, Steps: 29 | Train Loss: 0.0972222 Vali Loss: 0.1579079 Test Loss: 0.0862772
Validation loss decreased (0.162085 --> 0.157908).  Saving model ...
Updating learning rate to 2.805011083710071e-06
Epoch: 11 cost time: 4.089020729064941
Epoch: 11, Steps: 29 | Train Loss: 0.0949398 Vali Loss: 0.1526393 Test Loss: 0.0821767
Validation loss decreased (0.157908 --> 0.152639).  Saving model ...
Updating learning rate to 3.2534784600976295e-06
Epoch: 12 cost time: 4.232034683227539
Epoch: 12, Steps: 29 | Train Loss: 0.0923070 Vali Loss: 0.1469200 Test Loss: 0.0778904
Validation loss decreased (0.152639 --> 0.146920).  Saving model ...
Updating learning rate to 3.723321399909056e-06
Epoch: 13 cost time: 4.228559255599976
Epoch: 13, Steps: 29 | Train Loss: 0.0900451 Vali Loss: 0.1424732 Test Loss: 0.0751826
Validation loss decreased (0.146920 --> 0.142473).  Saving model ...
Updating learning rate to 4.209380362212844e-06
Epoch: 14 cost time: 4.181702136993408
Epoch: 14, Steps: 29 | Train Loss: 0.0882599 Vali Loss: 0.1397377 Test Loss: 0.0735381
Validation loss decreased (0.142473 --> 0.139738).  Saving model ...
Updating learning rate to 4.706317731183279e-06
Epoch: 15 cost time: 3.8178462982177734
Epoch: 15, Steps: 29 | Train Loss: 0.0865482 Vali Loss: 0.1371197 Test Loss: 0.0715089
Validation loss decreased (0.139738 --> 0.137120).  Saving model ...
Updating learning rate to 5.208676430682048e-06
Epoch: 16 cost time: 3.9677700996398926
Epoch: 16, Steps: 29 | Train Loss: 0.0848645 Vali Loss: 0.1341643 Test Loss: 0.0695886
Validation loss decreased (0.137120 --> 0.134164).  Saving model ...
Updating learning rate to 5.710939850683244e-06
Epoch: 17 cost time: 4.125843524932861
Epoch: 17, Steps: 29 | Train Loss: 0.0831497 Vali Loss: 0.1319069 Test Loss: 0.0676128
Validation loss decreased (0.134164 --> 0.131907).  Saving model ...
Updating learning rate to 6.207592427464792e-06
Epoch: 18 cost time: 3.9966681003570557
Epoch: 18, Steps: 29 | Train Loss: 0.0817711 Vali Loss: 0.1300587 Test Loss: 0.0660600
Validation loss decreased (0.131907 --> 0.130059).  Saving model ...
Updating learning rate to 6.693180212309968e-06
Epoch: 19 cost time: 4.00713324546814
Epoch: 19, Steps: 29 | Train Loss: 0.0805374 Vali Loss: 0.1289910 Test Loss: 0.0650615
Validation loss decreased (0.130059 --> 0.128991).  Saving model ...
Updating learning rate to 7.1623707635889015e-06
Epoch: 20 cost time: 3.9839534759521484
Epoch: 20, Steps: 29 | Train Loss: 0.0795476 Vali Loss: 0.1276141 Test Loss: 0.0640376
Validation loss decreased (0.128991 --> 0.127614).  Saving model ...
Updating learning rate to 7.610011704520164e-06
Epoch: 21 cost time: 4.170900106430054
Epoch: 21, Steps: 29 | Train Loss: 0.0787027 Vali Loss: 0.1267720 Test Loss: 0.0631183
Validation loss decreased (0.127614 --> 0.126772).  Saving model ...
Updating learning rate to 8.031187303565295e-06
Epoch: 22 cost time: 4.195518255233765
Epoch: 22, Steps: 29 | Train Loss: 0.0777991 Vali Loss: 0.1256353 Test Loss: 0.0624342
Validation loss decreased (0.126772 --> 0.125635).  Saving model ...
Updating learning rate to 8.421272456123378e-06
Epoch: 23 cost time: 4.197055101394653
Epoch: 23, Steps: 29 | Train Loss: 0.0769074 Vali Loss: 0.1249637 Test Loss: 0.0616757
Validation loss decreased (0.125635 --> 0.124964).  Saving model ...
Updating learning rate to 8.775983474730246e-06
Epoch: 24 cost time: 4.13392448425293
Epoch: 24, Steps: 29 | Train Loss: 0.0761836 Vali Loss: 0.1239955 Test Loss: 0.0607561
Validation loss decreased (0.124964 --> 0.123995).  Saving model ...
Updating learning rate to 9.091425130013939e-06
Epoch: 25 cost time: 4.069730043411255
Epoch: 25, Steps: 29 | Train Loss: 0.0754503 Vali Loss: 0.1228288 Test Loss: 0.0600959
Validation loss decreased (0.123995 --> 0.122829).  Saving model ...
Updating learning rate to 9.364133425830145e-06
Epoch: 26 cost time: 4.088507652282715
Epoch: 26, Steps: 29 | Train Loss: 0.0745922 Vali Loss: 0.1221008 Test Loss: 0.0595453
Validation loss decreased (0.122829 --> 0.122101).  Saving model ...
Updating learning rate to 9.591113638846019e-06
Epoch: 27 cost time: 4.085668325424194
Epoch: 27, Steps: 29 | Train Loss: 0.0738716 Vali Loss: 0.1209866 Test Loss: 0.0590012
Validation loss decreased (0.122101 --> 0.120987).  Saving model ...
Updating learning rate to 9.769873204843885e-06
Epoch: 28 cost time: 4.014350891113281
Epoch: 28, Steps: 29 | Train Loss: 0.0731430 Vali Loss: 0.1203880 Test Loss: 0.0581397
Validation loss decreased (0.120987 --> 0.120388).  Saving model ...
Updating learning rate to 9.898449090606656e-06
Epoch: 29 cost time: 3.7641358375549316
Epoch: 29, Steps: 29 | Train Loss: 0.0724183 Vali Loss: 0.1195987 Test Loss: 0.0575111
Validation loss decreased (0.120388 --> 0.119599).  Saving model ...
Updating learning rate to 9.975429350802846e-06
Epoch: 30 cost time: 4.03186821937561
Epoch: 30, Steps: 29 | Train Loss: 0.0716622 Vali Loss: 0.1187672 Test Loss: 0.0570753
Validation loss decreased (0.119599 --> 0.118767).  Saving model ...
Updating learning rate to 9.99999401249548e-06
Epoch: 31 cost time: 4.103521823883057
Epoch: 31, Steps: 29 | Train Loss: 0.0709371 Vali Loss: 0.1180195 Test Loss: 0.0567175
Validation loss decreased (0.118767 --> 0.118019).  Saving model ...
Updating learning rate to 9.994612212745642e-06
Epoch: 32 cost time: 4.03072190284729
Epoch: 32, Steps: 29 | Train Loss: 0.0702970 Vali Loss: 0.1172868 Test Loss: 0.0561684
Validation loss decreased (0.118019 --> 0.117287).  Saving model ...
Updating learning rate to 9.979171968972798e-06
Epoch: 33 cost time: 4.303567886352539
Epoch: 33, Steps: 29 | Train Loss: 0.0695338 Vali Loss: 0.1163008 Test Loss: 0.0557849
Validation loss decreased (0.117287 --> 0.116301).  Saving model ...
Updating learning rate to 9.953704375773079e-06
Epoch: 34 cost time: 4.036069393157959
Epoch: 34, Steps: 29 | Train Loss: 0.0688946 Vali Loss: 0.1154861 Test Loss: 0.0551863
Validation loss decreased (0.116301 --> 0.115486).  Saving model ...
Updating learning rate to 9.918260721489893e-06
Epoch: 35 cost time: 4.1646409034729
Epoch: 35, Steps: 29 | Train Loss: 0.0682623 Vali Loss: 0.1143667 Test Loss: 0.0549590
Validation loss decreased (0.115486 --> 0.114367).  Saving model ...
Updating learning rate to 9.872912384926035e-06
Epoch: 36 cost time: 4.232631206512451
Epoch: 36, Steps: 29 | Train Loss: 0.0675289 Vali Loss: 0.1138884 Test Loss: 0.0545435
Validation loss decreased (0.114367 --> 0.113888).  Saving model ...
Updating learning rate to 9.817750691596265e-06
Epoch: 37 cost time: 4.063122510910034
Epoch: 37, Steps: 29 | Train Loss: 0.0668462 Vali Loss: 0.1135197 Test Loss: 0.0536822
Validation loss decreased (0.113888 --> 0.113520).  Saving model ...
Updating learning rate to 9.752886729809889e-06
Epoch: 38 cost time: 4.089073657989502
Epoch: 38, Steps: 29 | Train Loss: 0.0662188 Vali Loss: 0.1123414 Test Loss: 0.0538194
Validation loss decreased (0.113520 --> 0.112341).  Saving model ...
Updating learning rate to 9.678451126953676e-06
Epoch: 39 cost time: 3.902411460876465
Epoch: 39, Steps: 29 | Train Loss: 0.0655568 Vali Loss: 0.1116009 Test Loss: 0.0530795
Validation loss decreased (0.112341 --> 0.111601).  Saving model ...
Updating learning rate to 9.594593786425696e-06
Epoch: 40 cost time: 4.1606526374816895
Epoch: 40, Steps: 29 | Train Loss: 0.0649644 Vali Loss: 0.1110823 Test Loss: 0.0526544
Validation loss decreased (0.111601 --> 0.111082).  Saving model ...
Updating learning rate to 9.501483585749811e-06
Epoch: 41 cost time: 4.144123554229736
Epoch: 41, Steps: 29 | Train Loss: 0.0643158 Vali Loss: 0.1108106 Test Loss: 0.0521632
Validation loss decreased (0.111082 --> 0.110811).  Saving model ...
Updating learning rate to 9.399308036478838e-06
Epoch: 42 cost time: 3.8721070289611816
Epoch: 42, Steps: 29 | Train Loss: 0.0636849 Vali Loss: 0.1095462 Test Loss: 0.0519135
Validation loss decreased (0.110811 --> 0.109546).  Saving model ...
Updating learning rate to 9.288272906571216e-06
Epoch: 43 cost time: 4.150105237960815
Epoch: 43, Steps: 29 | Train Loss: 0.0630631 Vali Loss: 0.1091023 Test Loss: 0.0516745
Validation loss decreased (0.109546 --> 0.109102).  Saving model ...
Updating learning rate to 9.16860180600173e-06
Epoch: 44 cost time: 4.055556774139404
Epoch: 44, Steps: 29 | Train Loss: 0.0624689 Vali Loss: 0.1077697 Test Loss: 0.0513833
Validation loss decreased (0.109102 --> 0.107770).  Saving model ...
Updating learning rate to 9.040535736440785e-06
Epoch: 45 cost time: 4.083362340927124
Epoch: 45, Steps: 29 | Train Loss: 0.0618786 Vali Loss: 0.1076104 Test Loss: 0.0509404
Validation loss decreased (0.107770 --> 0.107610).  Saving model ...
Updating learning rate to 8.904332605909106e-06
Epoch: 46 cost time: 4.073902130126953
Epoch: 46, Steps: 29 | Train Loss: 0.0612786 Vali Loss: 0.1075269 Test Loss: 0.0504744
Validation loss decreased (0.107610 --> 0.107527).  Saving model ...
Updating learning rate to 8.760266709385311e-06
Epoch: 47 cost time: 3.800774335861206
Epoch: 47, Steps: 29 | Train Loss: 0.0606770 Vali Loss: 0.1064233 Test Loss: 0.0500263
Validation loss decreased (0.107527 --> 0.106423).  Saving model ...
Updating learning rate to 8.608628176412335e-06
Epoch: 48 cost time: 3.7824158668518066
Epoch: 48, Steps: 29 | Train Loss: 0.0601520 Vali Loss: 0.1053870 Test Loss: 0.0500383
Validation loss decreased (0.106423 --> 0.105387).  Saving model ...
Updating learning rate to 8.449722386815127e-06
Epoch: 49 cost time: 4.228524684906006
Epoch: 49, Steps: 29 | Train Loss: 0.0595420 Vali Loss: 0.1051619 Test Loss: 0.0494861
Validation loss decreased (0.105387 --> 0.105162).  Saving model ...
Updating learning rate to 8.28386935570634e-06
Epoch: 50 cost time: 3.7564055919647217
Epoch: 50, Steps: 29 | Train Loss: 0.0589950 Vali Loss: 0.1038124 Test Loss: 0.0494474
Validation loss decreased (0.105162 --> 0.103812).  Saving model ...
Updating learning rate to 8.111403089018465e-06
Epoch: 51 cost time: 4.1257429122924805
Epoch: 51, Steps: 29 | Train Loss: 0.0584357 Vali Loss: 0.1038130 Test Loss: 0.0489053
EarlyStopping counter: 1 out of 10
Updating learning rate to 7.93267091086035e-06
Epoch: 52 cost time: 4.157982349395752
Epoch: 52, Steps: 29 | Train Loss: 0.0579073 Vali Loss: 0.1028108 Test Loss: 0.0488506
Validation loss decreased (0.103812 --> 0.102811).  Saving model ...
Updating learning rate to 7.748032764052655e-06
Epoch: 53 cost time: 4.072577476501465
Epoch: 53, Steps: 29 | Train Loss: 0.0573598 Vali Loss: 0.1025054 Test Loss: 0.0482673
Validation loss decreased (0.102811 --> 0.102505).  Saving model ...
Updating learning rate to 7.557860485250925e-06
Epoch: 54 cost time: 3.7748446464538574
Epoch: 54, Steps: 29 | Train Loss: 0.0568079 Vali Loss: 0.1017429 Test Loss: 0.0478663
Validation loss decreased (0.102505 --> 0.101743).  Saving model ...
Updating learning rate to 7.362537056116034e-06
Epoch: 55 cost time: 3.9737038612365723
Epoch: 55, Steps: 29 | Train Loss: 0.0563485 Vali Loss: 0.1009491 Test Loss: 0.0475864
Validation loss decreased (0.101743 --> 0.100949).  Saving model ...
Updating learning rate to 7.162455832040107e-06
Epoch: 56 cost time: 3.874758005142212
Epoch: 56, Steps: 29 | Train Loss: 0.0557957 Vali Loss: 0.1004087 Test Loss: 0.0471315
Validation loss decreased (0.100949 --> 0.100409).  Saving model ...
Updating learning rate to 6.9580197499810984e-06
Epoch: 57 cost time: 3.96870493888855
Epoch: 57, Steps: 29 | Train Loss: 0.0553566 Vali Loss: 0.0992793 Test Loss: 0.0473019
Validation loss decreased (0.100409 --> 0.099279).  Saving model ...
Updating learning rate to 6.7496405170013816e-06
Epoch: 58 cost time: 4.084631443023682
Epoch: 58, Steps: 29 | Train Loss: 0.0548629 Vali Loss: 0.0986872 Test Loss: 0.0469391
Validation loss decreased (0.099279 --> 0.098687).  Saving model ...
Updating learning rate to 6.537737781144523e-06
Epoch: 59 cost time: 3.746919631958008
Epoch: 59, Steps: 29 | Train Loss: 0.0543457 Vali Loss: 0.0984867 Test Loss: 0.0463346
Validation loss decreased (0.098687 --> 0.098487).  Saving model ...
Updating learning rate to 6.322738286319964e-06
Epoch: 60 cost time: 4.261460542678833
Epoch: 60, Steps: 29 | Train Loss: 0.0538616 Vali Loss: 0.0979037 Test Loss: 0.0459756
Validation loss decreased (0.098487 --> 0.097904).  Saving model ...
Updating learning rate to 6.105075012897585e-06
Epoch: 61 cost time: 4.055585145950317
Epoch: 61, Steps: 29 | Train Loss: 0.0533688 Vali Loss: 0.0975033 Test Loss: 0.0455721
Validation loss decreased (0.097904 --> 0.097503).  Saving model ...
Updating learning rate to 5.885186305742857e-06
Epoch: 62 cost time: 4.207561254501343
Epoch: 62, Steps: 29 | Train Loss: 0.0529089 Vali Loss: 0.0961233 Test Loss: 0.0455665
Validation loss decreased (0.097503 --> 0.096123).  Saving model ...
Updating learning rate to 5.6635149914486225e-06
Epoch: 63 cost time: 4.232893466949463
Epoch: 63, Steps: 29 | Train Loss: 0.0524757 Vali Loss: 0.0951530 Test Loss: 0.0452423
Validation loss decreased (0.096123 --> 0.095153).  Saving model ...
Updating learning rate to 5.440507486541268e-06
Epoch: 64 cost time: 4.105382442474365
Epoch: 64, Steps: 29 | Train Loss: 0.0520424 Vali Loss: 0.0943199 Test Loss: 0.0449905
Validation loss decreased (0.095153 --> 0.094320).  Saving model ...
Updating learning rate to 5.216612898457253e-06
Epoch: 65 cost time: 3.832728862762451
Epoch: 65, Steps: 29 | Train Loss: 0.0515750 Vali Loss: 0.0940177 Test Loss: 0.0445686
Validation loss decreased (0.094320 --> 0.094018).  Saving model ...
Updating learning rate to 4.992282121100496e-06
Epoch: 66 cost time: 4.164212226867676
Epoch: 66, Steps: 29 | Train Loss: 0.0511531 Vali Loss: 0.0931689 Test Loss: 0.0443980
Validation loss decreased (0.094018 --> 0.093169).  Saving model ...
Updating learning rate to 4.767966926802067e-06
Epoch: 67 cost time: 4.139067649841309
Epoch: 67, Steps: 29 | Train Loss: 0.0507402 Vali Loss: 0.0923394 Test Loss: 0.0440873
Validation loss decreased (0.093169 --> 0.092339).  Saving model ...
Updating learning rate to 4.5441190565108235e-06
Epoch: 68 cost time: 4.171372413635254
Epoch: 68, Steps: 29 | Train Loss: 0.0502798 Vali Loss: 0.0921656 Test Loss: 0.0436360
Validation loss decreased (0.092339 --> 0.092166).  Saving model ...
Updating learning rate to 4.3211893100472735e-06
Epoch: 69 cost time: 4.087740659713745
Epoch: 69, Steps: 29 | Train Loss: 0.0498554 Vali Loss: 0.0911496 Test Loss: 0.0434098
Validation loss decreased (0.092166 --> 0.091150).  Saving model ...
Updating learning rate to 4.099626638252712e-06
Epoch: 70 cost time: 4.24369740486145
Epoch: 70, Steps: 29 | Train Loss: 0.0494530 Vali Loss: 0.0904545 Test Loss: 0.0430721
Validation loss decreased (0.091150 --> 0.090454).  Saving model ...
Updating learning rate to 3.879877238861997e-06
Epoch: 71 cost time: 4.213627338409424
Epoch: 71, Steps: 29 | Train Loss: 0.0490863 Vali Loss: 0.0900500 Test Loss: 0.0427249
Validation loss decreased (0.090454 --> 0.090050).  Saving model ...
Updating learning rate to 3.662383657920668e-06
Epoch: 72 cost time: 4.254014015197754
Epoch: 72, Steps: 29 | Train Loss: 0.0486371 Vali Loss: 0.0891719 Test Loss: 0.0424212
Validation loss decreased (0.090050 --> 0.089172).  Saving model ...
Updating learning rate to 3.447583898556124e-06
Epoch: 73 cost time: 4.16723895072937
Epoch: 73, Steps: 29 | Train Loss: 0.0482655 Vali Loss: 0.0889021 Test Loss: 0.0420596
Validation loss decreased (0.089172 --> 0.088902).  Saving model ...
Updating learning rate to 3.2359105388976132e-06
Epoch: 74 cost time: 4.115955352783203
Epoch: 74, Steps: 29 | Train Loss: 0.0478624 Vali Loss: 0.0882426 Test Loss: 0.0417544
Validation loss decreased (0.088902 --> 0.088243).  Saving model ...
Updating learning rate to 3.027789860921434e-06
Epoch: 75 cost time: 4.0994226932525635
Epoch: 75, Steps: 29 | Train Loss: 0.0474571 Vali Loss: 0.0872607 Test Loss: 0.0414875
Validation loss decreased (0.088243 --> 0.087261).  Saving model ...
Updating learning rate to 2.8236409919757893e-06
Epoch: 76 cost time: 4.2615344524383545
Epoch: 76, Steps: 29 | Train Loss: 0.0470606 Vali Loss: 0.0871353 Test Loss: 0.0410751
Validation loss decreased (0.087261 --> 0.087135).  Saving model ...
Updating learning rate to 2.6238750607140637e-06
Epoch: 77 cost time: 4.238564968109131
Epoch: 77, Steps: 29 | Train Loss: 0.0467084 Vali Loss: 0.0859412 Test Loss: 0.0409405
Validation loss decreased (0.087135 --> 0.085941).  Saving model ...
Updating learning rate to 2.4288943691364434e-06
Epoch: 78 cost time: 4.040712356567383
Epoch: 78, Steps: 29 | Train Loss: 0.0463301 Vali Loss: 0.0853274 Test Loss: 0.0406093
Validation loss decreased (0.085941 --> 0.085327).  Saving model ...
Updating learning rate to 2.2390915824072217e-06
Epoch: 79 cost time: 3.955657482147217
Epoch: 79, Steps: 29 | Train Loss: 0.0460036 Vali Loss: 0.0847625 Test Loss: 0.0403479
Validation loss decreased (0.085327 --> 0.084762).  Saving model ...
Updating learning rate to 2.0548489380794217e-06
Epoch: 80 cost time: 3.8811464309692383
Epoch: 80, Steps: 29 | Train Loss: 0.0456077 Vali Loss: 0.0841691 Test Loss: 0.0400256
Validation loss decreased (0.084762 --> 0.084169).  Saving model ...
Updating learning rate to 1.876537476319218e-06
Epoch: 81 cost time: 4.065526723861694
Epoch: 81, Steps: 29 | Train Loss: 0.0452956 Vali Loss: 0.0835586 Test Loss: 0.0399885
Validation loss decreased (0.084169 --> 0.083559).  Saving model ...
Updating learning rate to 1.7045162926804444e-06
Epoch: 82 cost time: 3.8324930667877197
Epoch: 82, Steps: 29 | Train Loss: 0.0453254 Vali Loss: 0.0839816 Test Loss: 0.0398946
EarlyStopping counter: 1 out of 10
Updating learning rate to 1.5391318149339123e-06
Epoch: 83 cost time: 4.029531478881836
Epoch: 83, Steps: 29 | Train Loss: 0.0452777 Vali Loss: 0.0838886 Test Loss: 0.0399678
EarlyStopping counter: 2 out of 10
Updating learning rate to 1.3807171054080036e-06
Epoch: 84 cost time: 3.9722368717193604
Epoch: 84, Steps: 29 | Train Loss: 0.0452542 Vali Loss: 0.0839734 Test Loss: 0.0399781
EarlyStopping counter: 3 out of 10
Updating learning rate to 1.2295911902454577e-06
Epoch: 85 cost time: 4.165534019470215
Epoch: 85, Steps: 29 | Train Loss: 0.0452555 Vali Loss: 0.0839969 Test Loss: 0.0399827
EarlyStopping counter: 4 out of 10
Updating learning rate to 1.0860584169271784e-06
Epoch: 86 cost time: 3.9783217906951904
Epoch: 86, Steps: 29 | Train Loss: 0.0452646 Vali Loss: 0.0839909 Test Loss: 0.0399631
EarlyStopping counter: 5 out of 10
Updating learning rate to 9.504078413569088e-07
Epoch: 87 cost time: 4.09737753868103
Epoch: 87, Steps: 29 | Train Loss: 0.0452026 Vali Loss: 0.0840491 Test Loss: 0.0400377
EarlyStopping counter: 6 out of 10
Updating learning rate to 8.229126457411124e-07
Epoch: 88 cost time: 4.139065265655518
Epoch: 88, Steps: 29 | Train Loss: 0.0452433 Vali Loss: 0.0842981 Test Loss: 0.0399490
EarlyStopping counter: 7 out of 10
Updating learning rate to 7.038295884363647e-07
Epoch: 89 cost time: 3.926668882369995
Epoch: 89, Steps: 29 | Train Loss: 0.0452402 Vali Loss: 0.0838530 Test Loss: 0.0400152
EarlyStopping counter: 8 out of 10
Updating learning rate to 5.933984868721898e-07
Epoch: 90 cost time: 3.8472204208374023
Epoch: 90, Steps: 29 | Train Loss: 0.0452674 Vali Loss: 0.0841635 Test Loss: 0.0399386
EarlyStopping counter: 9 out of 10
Updating learning rate to 4.918417345906772e-07
Epoch: 91 cost time: 4.048084497451782
Epoch: 91, Steps: 29 | Train Loss: 0.0452217 Vali Loss: 0.0840876 Test Loss: 0.0400081
EarlyStopping counter: 10 out of 10
Early stopping
>>>>>>>testing : ETTh1_336_720_DTFNet_ETTh1_ftM_sl336_ll0_pl720_dm128_nh16_el2_br2_dl1_df256_fc1_ebtimeF_dtTrue_'Exp'_0_'rel_sin'_16_8_16,24_8,12_3_1_256<<<<<<<<<<<<<<<<<<<<<<<<<<<<<<<<<
test 2161
mse:0.42047011852264404, mae:0.44680002331733704, rse:0.6228057742118835
