Args in experiment:
Namespace(is_training=1, model_id='ETTh1_336_720', model='DTFNet', data='ETTh1', root_path='./dataset/', data_path='ETTh1.csv', features='M', target='OT', freq='h', checkpoints='./checkpoints/', seq_len=336, label_len=0, pred_len=720, n_branches=2, patch_len_ls='16,24', stride_ls='8,12', d_model_ls='128', n_heads_ls='16', rel_pe="'rel_sin'", res_attn=False, head_type='flatten', fc_dropout=0.3, head_dropout=0.1, patch_len=16, stride=8, padding_patch="'end'", revin=1, affine=0, subtract_last=0, decomposition=0, kernel_size=25, individual=0, store_attn=False, pre_norm=False, pe='zeros', no_learn_pe=True, embed_type=0, enc_in=7, dec_in=7, c_out=7, d_model=128, n_heads=16, e_layers=2, d_layers=1, d_ff=256, moving_avg=25, factor=1, distil=True, dropout=0.3, embed='timeF', activation='gelu', output_attention=False, do_predict=False, num_workers=0, itr=1, train_epochs=100, batch_size=256, patience=10, learning_rate=1e-05, des="'Exp'", loss='mse', lradj='TST', pct_start=0.3, use_amp=False, l2=0.0, warmup_steps=0, use_gpu=True, gpu=0, use_multi_gpu=False, devices='0', test_flop=False, use_mlflow=False, mlflow_project='exp', loss_flag=2, sub_patch_len=16, sub_stride=8, stride_ls_list='16', model_type='linear', tfactor=3, dilation_rates='1', wavelet_layers=2, wavelet_type='db5', wavelet_mode='periodization', wavelet_dim=64, initTLV=0.2)
Use GPU: cuda:0
>>>>>>>start training : ETTh1_336_720_DTFNet_ETTh1_ftM_sl336_ll0_pl720_dm128_nh16_el2_br2_dl1_df256_fc1_ebtimeF_dtTrue_'Exp'_0_'rel_sin'_16_8_16,24_8,12_3_1_256>>>>>>>>>>>>>>>>>>>>>>>>>>
train 7585
val 2161
test 2161
Epoch: 1 cost time: 4.075208425521851
Epoch: 1, Steps: 29 | Train Loss: 0.1075769 Vali Loss: 0.1791377 Test Loss: 0.0998219
Validation loss decreased (inf --> 0.179138).  Saving model ...
Updating learning rate to 4.2635539919063106e-07
Epoch: 2 cost time: 3.320481538772583
Epoch: 2, Steps: 29 | Train Loss: 0.1067565 Vali Loss: 0.1771657 Test Loss: 0.0989801
Validation loss decreased (0.179138 --> 0.177166).  Saving model ...
Updating learning rate to 5.051321771514831e-07
Epoch: 3 cost time: 3.4421098232269287
Epoch: 3, Steps: 29 | Train Loss: 0.1058484 Vali Loss: 0.1755632 Test Loss: 0.0980704
Validation loss decreased (0.177166 --> 0.175563).  Saving model ...
Updating learning rate to 6.354652532866785e-07
Epoch: 4 cost time: 3.5389699935913086
Epoch: 4, Steps: 29 | Train Loss: 0.1049478 Vali Loss: 0.1743279 Test Loss: 0.0970930
Validation loss decreased (0.175563 --> 0.174328).  Saving model ...
Updating learning rate to 8.159233858256806e-07
Epoch: 5 cost time: 3.398447275161743
Epoch: 5, Steps: 29 | Train Loss: 0.1039741 Vali Loss: 0.1718305 Test Loss: 0.0960236
Validation loss decreased (0.174328 --> 0.171830).  Saving model ...
Updating learning rate to 1.0445248888850473e-06
Epoch: 6 cost time: 3.4819507598876953
Epoch: 6, Steps: 29 | Train Loss: 0.1029939 Vali Loss: 0.1702431 Test Loss: 0.0948334
Validation loss decreased (0.171830 --> 0.170243).  Saving model ...
Updating learning rate to 1.3187593941861497e-06
Epoch: 7 cost time: 3.4644079208374023
Epoch: 7, Steps: 29 | Train Loss: 0.1018269 Vali Loss: 0.1682478 Test Loss: 0.0934471
Validation loss decreased (0.170243 --> 0.168248).  Saving model ...
Updating learning rate to 1.6356154184543822e-06
Epoch: 8 cost time: 3.4138121604919434
Epoch: 8, Steps: 29 | Train Loss: 0.1006771 Vali Loss: 0.1655508 Test Loss: 0.0917820
Validation loss decreased (0.168248 --> 0.165551).  Saving model ...
Updating learning rate to 1.9916134337707666e-06
Epoch: 9 cost time: 3.4448015689849854
Epoch: 9, Steps: 29 | Train Loss: 0.0991602 Vali Loss: 0.1628766 Test Loss: 0.0896323
Validation loss decreased (0.165551 --> 0.162877).  Saving model ...
Updating learning rate to 2.3828440777166636e-06
Epoch: 10 cost time: 3.4857730865478516
Epoch: 10, Steps: 29 | Train Loss: 0.0974348 Vali Loss: 0.1585919 Test Loss: 0.0866636
Validation loss decreased (0.162877 --> 0.158592).  Saving model ...
Updating learning rate to 2.805011083710071e-06
Epoch: 11 cost time: 3.405714511871338
Epoch: 11, Steps: 29 | Train Loss: 0.0951762 Vali Loss: 0.1530512 Test Loss: 0.0825894
Validation loss decreased (0.158592 --> 0.153051).  Saving model ...
Updating learning rate to 3.2534784600976295e-06
Epoch: 12 cost time: 3.4549505710601807
Epoch: 12, Steps: 29 | Train Loss: 0.0924700 Vali Loss: 0.1471353 Test Loss: 0.0780041
Validation loss decreased (0.153051 --> 0.147135).  Saving model ...
Updating learning rate to 3.723321399909056e-06
Epoch: 13 cost time: 3.4162375926971436
Epoch: 13, Steps: 29 | Train Loss: 0.0899903 Vali Loss: 0.1422962 Test Loss: 0.0748321
Validation loss decreased (0.147135 --> 0.142296).  Saving model ...
Updating learning rate to 4.209380362212844e-06
Epoch: 14 cost time: 3.5168776512145996
Epoch: 14, Steps: 29 | Train Loss: 0.0880634 Vali Loss: 0.1388567 Test Loss: 0.0730463
Validation loss decreased (0.142296 --> 0.138857).  Saving model ...
Updating learning rate to 4.706317731183279e-06
Epoch: 15 cost time: 3.481062650680542
Epoch: 15, Steps: 29 | Train Loss: 0.0863459 Vali Loss: 0.1359924 Test Loss: 0.0707449
Validation loss decreased (0.138857 --> 0.135992).  Saving model ...
Updating learning rate to 5.208676430682048e-06
Epoch: 16 cost time: 3.6047701835632324
Epoch: 16, Steps: 29 | Train Loss: 0.0844934 Vali Loss: 0.1328746 Test Loss: 0.0687180
Validation loss decreased (0.135992 --> 0.132875).  Saving model ...
Updating learning rate to 5.710939850683244e-06
Epoch: 17 cost time: 3.488140344619751
Epoch: 17, Steps: 29 | Train Loss: 0.0829169 Vali Loss: 0.1312692 Test Loss: 0.0666822
Validation loss decreased (0.132875 --> 0.131269).  Saving model ...
Updating learning rate to 6.207592427464792e-06
Epoch: 18 cost time: 3.4734582901000977
Epoch: 18, Steps: 29 | Train Loss: 0.0815971 Vali Loss: 0.1298894 Test Loss: 0.0655086
Validation loss decreased (0.131269 --> 0.129889).  Saving model ...
Updating learning rate to 6.693180212309968e-06
Epoch: 19 cost time: 3.5257480144500732
Epoch: 19, Steps: 29 | Train Loss: 0.0805176 Vali Loss: 0.1284540 Test Loss: 0.0650287
Validation loss decreased (0.129889 --> 0.128454).  Saving model ...
Updating learning rate to 7.1623707635889015e-06
Epoch: 20 cost time: 3.4527013301849365
Epoch: 20, Steps: 29 | Train Loss: 0.0795828 Vali Loss: 0.1274001 Test Loss: 0.0643400
Validation loss decreased (0.128454 --> 0.127400).  Saving model ...
Updating learning rate to 7.610011704520164e-06
Epoch: 21 cost time: 3.5185136795043945
Epoch: 21, Steps: 29 | Train Loss: 0.0786124 Vali Loss: 0.1265960 Test Loss: 0.0629632
Validation loss decreased (0.127400 --> 0.126596).  Saving model ...
Updating learning rate to 8.031187303565295e-06
Epoch: 22 cost time: 3.4990992546081543
Epoch: 22, Steps: 29 | Train Loss: 0.0777776 Vali Loss: 0.1255001 Test Loss: 0.0623211
Validation loss decreased (0.126596 --> 0.125500).  Saving model ...
Updating learning rate to 8.421272456123378e-06
Epoch: 23 cost time: 3.4478490352630615
Epoch: 23, Steps: 29 | Train Loss: 0.0769690 Vali Loss: 0.1246431 Test Loss: 0.0614398
Validation loss decreased (0.125500 --> 0.124643).  Saving model ...
Updating learning rate to 8.775983474730246e-06
Epoch: 24 cost time: 3.4808273315429688
Epoch: 24, Steps: 29 | Train Loss: 0.0761535 Vali Loss: 0.1236063 Test Loss: 0.0606503
Validation loss decreased (0.124643 --> 0.123606).  Saving model ...
Updating learning rate to 9.091425130013939e-06
Epoch: 25 cost time: 3.476917266845703
Epoch: 25, Steps: 29 | Train Loss: 0.0753250 Vali Loss: 0.1228560 Test Loss: 0.0602219
Validation loss decreased (0.123606 --> 0.122856).  Saving model ...
Updating learning rate to 9.364133425830145e-06
Epoch: 26 cost time: 3.501199722290039
Epoch: 26, Steps: 29 | Train Loss: 0.0745380 Vali Loss: 0.1219259 Test Loss: 0.0593496
Validation loss decreased (0.122856 --> 0.121926).  Saving model ...
Updating learning rate to 9.591113638846019e-06
Epoch: 27 cost time: 3.570747137069702
Epoch: 27, Steps: 29 | Train Loss: 0.0736734 Vali Loss: 0.1210120 Test Loss: 0.0589978
Validation loss decreased (0.121926 --> 0.121012).  Saving model ...
Updating learning rate to 9.769873204843885e-06
Epoch: 28 cost time: 3.504803419113159
Epoch: 28, Steps: 29 | Train Loss: 0.0729852 Vali Loss: 0.1204600 Test Loss: 0.0581198
Validation loss decreased (0.121012 --> 0.120460).  Saving model ...
Updating learning rate to 9.898449090606656e-06
Epoch: 29 cost time: 3.4911856651306152
Epoch: 29, Steps: 29 | Train Loss: 0.0722568 Vali Loss: 0.1192202 Test Loss: 0.0575160
Validation loss decreased (0.120460 --> 0.119220).  Saving model ...
Updating learning rate to 9.975429350802846e-06
Epoch: 30 cost time: 3.5466883182525635
Epoch: 30, Steps: 29 | Train Loss: 0.0715446 Vali Loss: 0.1188809 Test Loss: 0.0570819
Validation loss decreased (0.119220 --> 0.118881).  Saving model ...
Updating learning rate to 9.99999401249548e-06
Epoch: 31 cost time: 3.480503797531128
Epoch: 31, Steps: 29 | Train Loss: 0.0708035 Vali Loss: 0.1180311 Test Loss: 0.0567180
Validation loss decreased (0.118881 --> 0.118031).  Saving model ...
Updating learning rate to 9.994612212745642e-06
Epoch: 32 cost time: 3.4818804264068604
Epoch: 32, Steps: 29 | Train Loss: 0.0701102 Vali Loss: 0.1176157 Test Loss: 0.0560020
Validation loss decreased (0.118031 --> 0.117616).  Saving model ...
Updating learning rate to 9.979171968972798e-06
Epoch: 33 cost time: 3.5352869033813477
Epoch: 33, Steps: 29 | Train Loss: 0.0694230 Vali Loss: 0.1166304 Test Loss: 0.0558499
Validation loss decreased (0.117616 --> 0.116630).  Saving model ...
Updating learning rate to 9.953704375773079e-06
Epoch: 34 cost time: 3.5645763874053955
Epoch: 34, Steps: 29 | Train Loss: 0.0687396 Vali Loss: 0.1155510 Test Loss: 0.0554293
Validation loss decreased (0.116630 --> 0.115551).  Saving model ...
Updating learning rate to 9.918260721489893e-06
Epoch: 35 cost time: 3.540863037109375
Epoch: 35, Steps: 29 | Train Loss: 0.0680846 Vali Loss: 0.1147924 Test Loss: 0.0548815
Validation loss decreased (0.115551 --> 0.114792).  Saving model ...
Updating learning rate to 9.872912384926035e-06
Epoch: 36 cost time: 3.500217914581299
Epoch: 36, Steps: 29 | Train Loss: 0.0673503 Vali Loss: 0.1138954 Test Loss: 0.0547025
Validation loss decreased (0.114792 --> 0.113895).  Saving model ...
Updating learning rate to 9.817750691596265e-06
Epoch: 37 cost time: 3.5146095752716064
Epoch: 37, Steps: 29 | Train Loss: 0.0667311 Vali Loss: 0.1136397 Test Loss: 0.0539208
Validation loss decreased (0.113895 --> 0.113640).  Saving model ...
Updating learning rate to 9.752886729809889e-06
Epoch: 38 cost time: 3.450181245803833
Epoch: 38, Steps: 29 | Train Loss: 0.0660671 Vali Loss: 0.1124891 Test Loss: 0.0540086
Validation loss decreased (0.113640 --> 0.112489).  Saving model ...
Updating learning rate to 9.678451126953676e-06
Epoch: 39 cost time: 3.482419490814209
Epoch: 39, Steps: 29 | Train Loss: 0.0654097 Vali Loss: 0.1122327 Test Loss: 0.0530471
Validation loss decreased (0.112489 --> 0.112233).  Saving model ...
Updating learning rate to 9.594593786425696e-06
Epoch: 40 cost time: 3.4366047382354736
Epoch: 40, Steps: 29 | Train Loss: 0.0647700 Vali Loss: 0.1107463 Test Loss: 0.0530655
Validation loss decreased (0.112233 --> 0.110746).  Saving model ...
Updating learning rate to 9.501483585749811e-06
Epoch: 41 cost time: 3.492016553878784
Epoch: 41, Steps: 29 | Train Loss: 0.0641302 Vali Loss: 0.1099908 Test Loss: 0.0525297
Validation loss decreased (0.110746 --> 0.109991).  Saving model ...
Updating learning rate to 9.399308036478838e-06
Epoch: 42 cost time: 3.4893062114715576
Epoch: 42, Steps: 29 | Train Loss: 0.0635671 Vali Loss: 0.1090461 Test Loss: 0.0526795
Validation loss decreased (0.109991 --> 0.109046).  Saving model ...
Updating learning rate to 9.288272906571216e-06
Epoch: 43 cost time: 3.4891958236694336
Epoch: 43, Steps: 29 | Train Loss: 0.0630007 Vali Loss: 0.1088242 Test Loss: 0.0523667
Validation loss decreased (0.109046 --> 0.108824).  Saving model ...
Updating learning rate to 9.16860180600173e-06
Epoch: 44 cost time: 3.438455104827881
Epoch: 44, Steps: 29 | Train Loss: 0.0623355 Vali Loss: 0.1074321 Test Loss: 0.0519986
Validation loss decreased (0.108824 --> 0.107432).  Saving model ...
Updating learning rate to 9.040535736440785e-06
Epoch: 45 cost time: 3.455181837081909
Epoch: 45, Steps: 29 | Train Loss: 0.0617163 Vali Loss: 0.1076022 Test Loss: 0.0514557
EarlyStopping counter: 1 out of 10
Updating learning rate to 8.904332605909106e-06
Epoch: 46 cost time: 3.4645333290100098
Epoch: 46, Steps: 29 | Train Loss: 0.0611480 Vali Loss: 0.1066794 Test Loss: 0.0510119
Validation loss decreased (0.107432 --> 0.106679).  Saving model ...
Updating learning rate to 8.760266709385311e-06
Epoch: 47 cost time: 3.4408819675445557
Epoch: 47, Steps: 29 | Train Loss: 0.0605847 Vali Loss: 0.1062438 Test Loss: 0.0508045
Validation loss decreased (0.106679 --> 0.106244).  Saving model ...
Updating learning rate to 8.608628176412335e-06
Epoch: 48 cost time: 3.453859806060791
Epoch: 48, Steps: 29 | Train Loss: 0.0600184 Vali Loss: 0.1047241 Test Loss: 0.0507639
Validation loss decreased (0.106244 --> 0.104724).  Saving model ...
Updating learning rate to 8.449722386815127e-06
Epoch: 49 cost time: 3.451233386993408
Epoch: 49, Steps: 29 | Train Loss: 0.0595090 Vali Loss: 0.1048912 Test Loss: 0.0498435
EarlyStopping counter: 1 out of 10
Updating learning rate to 8.28386935570634e-06
Epoch: 50 cost time: 3.4535038471221924
Epoch: 50, Steps: 29 | Train Loss: 0.0589632 Vali Loss: 0.1035780 Test Loss: 0.0497361
Validation loss decreased (0.104724 --> 0.103578).  Saving model ...
Updating learning rate to 8.111403089018465e-06
Epoch: 51 cost time: 3.4784507751464844
Epoch: 51, Steps: 29 | Train Loss: 0.0583398 Vali Loss: 0.1026648 Test Loss: 0.0493556
Validation loss decreased (0.103578 --> 0.102665).  Saving model ...
Updating learning rate to 7.93267091086035e-06
Epoch: 52 cost time: 3.4455230236053467
Epoch: 52, Steps: 29 | Train Loss: 0.0577803 Vali Loss: 0.1023272 Test Loss: 0.0489404
Validation loss decreased (0.102665 --> 0.102327).  Saving model ...
Updating learning rate to 7.748032764052655e-06
Epoch: 53 cost time: 3.442828416824341
Epoch: 53, Steps: 29 | Train Loss: 0.0573131 Vali Loss: 0.1013992 Test Loss: 0.0487718
Validation loss decreased (0.102327 --> 0.101399).  Saving model ...
Updating learning rate to 7.557860485250925e-06
Epoch: 54 cost time: 3.5778775215148926
Epoch: 54, Steps: 29 | Train Loss: 0.0567795 Vali Loss: 0.1007388 Test Loss: 0.0485077
Validation loss decreased (0.101399 --> 0.100739).  Saving model ...
Updating learning rate to 7.362537056116034e-06
Epoch: 55 cost time: 3.4374780654907227
Epoch: 55, Steps: 29 | Train Loss: 0.0562570 Vali Loss: 0.1007558 Test Loss: 0.0479637
EarlyStopping counter: 1 out of 10
Updating learning rate to 7.162455832040107e-06
Epoch: 56 cost time: 3.443413257598877
Epoch: 56, Steps: 29 | Train Loss: 0.0557539 Vali Loss: 0.0995677 Test Loss: 0.0479477
Validation loss decreased (0.100739 --> 0.099568).  Saving model ...
Updating learning rate to 6.9580197499810984e-06
Epoch: 57 cost time: 3.4388234615325928
Epoch: 57, Steps: 29 | Train Loss: 0.0552927 Vali Loss: 0.0986488 Test Loss: 0.0474609
Validation loss decreased (0.099568 --> 0.098649).  Saving model ...
Updating learning rate to 6.7496405170013816e-06
Epoch: 58 cost time: 3.4387993812561035
Epoch: 58, Steps: 29 | Train Loss: 0.0547575 Vali Loss: 0.0980294 Test Loss: 0.0470720
Validation loss decreased (0.098649 --> 0.098029).  Saving model ...
Updating learning rate to 6.537737781144523e-06
Epoch: 59 cost time: 3.4581656455993652
Epoch: 59, Steps: 29 | Train Loss: 0.0542723 Vali Loss: 0.0974400 Test Loss: 0.0467351
Validation loss decreased (0.098029 --> 0.097440).  Saving model ...
Updating learning rate to 6.322738286319964e-06
Epoch: 60 cost time: 3.4495279788970947
Epoch: 60, Steps: 29 | Train Loss: 0.0537833 Vali Loss: 0.0969532 Test Loss: 0.0463891
Validation loss decreased (0.097440 --> 0.096953).  Saving model ...
Updating learning rate to 6.105075012897585e-06
Epoch: 61 cost time: 3.4237797260284424
Epoch: 61, Steps: 29 | Train Loss: 0.0533276 Vali Loss: 0.0969948 Test Loss: 0.0458362
EarlyStopping counter: 1 out of 10
Updating learning rate to 5.885186305742857e-06
Epoch: 62 cost time: 3.467146158218384
Epoch: 62, Steps: 29 | Train Loss: 0.0528733 Vali Loss: 0.0958638 Test Loss: 0.0457852
Validation loss decreased (0.096953 --> 0.095864).  Saving model ...
Updating learning rate to 5.6635149914486225e-06
Epoch: 63 cost time: 3.5047621726989746
Epoch: 63, Steps: 29 | Train Loss: 0.0524372 Vali Loss: 0.0949434 Test Loss: 0.0453097
Validation loss decreased (0.095864 --> 0.094943).  Saving model ...
Updating learning rate to 5.440507486541268e-06
Epoch: 64 cost time: 3.4384517669677734
Epoch: 64, Steps: 29 | Train Loss: 0.0519740 Vali Loss: 0.0941249 Test Loss: 0.0452674
Validation loss decreased (0.094943 --> 0.094125).  Saving model ...
Updating learning rate to 5.216612898457253e-06
Epoch: 65 cost time: 3.4439196586608887
Epoch: 65, Steps: 29 | Train Loss: 0.0515009 Vali Loss: 0.0933817 Test Loss: 0.0448144
Validation loss decreased (0.094125 --> 0.093382).  Saving model ...
Updating learning rate to 4.992282121100496e-06
Epoch: 66 cost time: 3.4458115100860596
Epoch: 66, Steps: 29 | Train Loss: 0.0510672 Vali Loss: 0.0923946 Test Loss: 0.0445761
Validation loss decreased (0.093382 --> 0.092395).  Saving model ...
Updating learning rate to 4.767966926802067e-06
Epoch: 67 cost time: 3.474480152130127
Epoch: 67, Steps: 29 | Train Loss: 0.0506551 Vali Loss: 0.0916468 Test Loss: 0.0443811
Validation loss decreased (0.092395 --> 0.091647).  Saving model ...
Updating learning rate to 4.5441190565108235e-06
Epoch: 68 cost time: 3.47361421585083
Epoch: 68, Steps: 29 | Train Loss: 0.0502446 Vali Loss: 0.0913775 Test Loss: 0.0439318
Validation loss decreased (0.091647 --> 0.091378).  Saving model ...
Updating learning rate to 4.3211893100472735e-06
Epoch: 69 cost time: 3.4655256271362305
Epoch: 69, Steps: 29 | Train Loss: 0.0497978 Vali Loss: 0.0904264 Test Loss: 0.0436854
Validation loss decreased (0.091378 --> 0.090426).  Saving model ...
Updating learning rate to 4.099626638252712e-06
Epoch: 70 cost time: 3.5030221939086914
Epoch: 70, Steps: 29 | Train Loss: 0.0493848 Vali Loss: 0.0890198 Test Loss: 0.0437206
Validation loss decreased (0.090426 --> 0.089020).  Saving model ...
Updating learning rate to 3.879877238861997e-06
Epoch: 71 cost time: 3.4256432056427
Epoch: 71, Steps: 29 | Train Loss: 0.0490207 Vali Loss: 0.0892849 Test Loss: 0.0429565
EarlyStopping counter: 1 out of 10
Updating learning rate to 3.662383657920668e-06
Epoch: 72 cost time: 3.429584503173828
Epoch: 72, Steps: 29 | Train Loss: 0.0485498 Vali Loss: 0.0883651 Test Loss: 0.0427916
Validation loss decreased (0.089020 --> 0.088365).  Saving model ...
Updating learning rate to 3.447583898556124e-06
Epoch: 73 cost time: 3.4495887756347656
Epoch: 73, Steps: 29 | Train Loss: 0.0481728 Vali Loss: 0.0875749 Test Loss: 0.0426262
Validation loss decreased (0.088365 --> 0.087575).  Saving model ...
Updating learning rate to 3.2359105388976132e-06
Epoch: 74 cost time: 3.463602304458618
Epoch: 74, Steps: 29 | Train Loss: 0.0477611 Vali Loss: 0.0870312 Test Loss: 0.0421019
Validation loss decreased (0.087575 --> 0.087031).  Saving model ...
Updating learning rate to 3.027789860921434e-06
Epoch: 75 cost time: 3.433499574661255
Epoch: 75, Steps: 29 | Train Loss: 0.0474048 Vali Loss: 0.0857939 Test Loss: 0.0419961
Validation loss decreased (0.087031 --> 0.085794).  Saving model ...
Updating learning rate to 2.8236409919757893e-06
Epoch: 76 cost time: 3.4254543781280518
Epoch: 76, Steps: 29 | Train Loss: 0.0470386 Vali Loss: 0.0854147 Test Loss: 0.0415923
Validation loss decreased (0.085794 --> 0.085415).  Saving model ...
Updating learning rate to 2.6238750607140637e-06
Epoch: 77 cost time: 3.441573143005371
Epoch: 77, Steps: 29 | Train Loss: 0.0466336 Vali Loss: 0.0846429 Test Loss: 0.0413924
Validation loss decreased (0.085415 --> 0.084643).  Saving model ...
Updating learning rate to 2.4288943691364434e-06
Epoch: 78 cost time: 3.4396421909332275
Epoch: 78, Steps: 29 | Train Loss: 0.0462690 Vali Loss: 0.0841841 Test Loss: 0.0410614
Validation loss decreased (0.084643 --> 0.084184).  Saving model ...
Updating learning rate to 2.2390915824072217e-06
Epoch: 79 cost time: 3.437262535095215
Epoch: 79, Steps: 29 | Train Loss: 0.0459535 Vali Loss: 0.0836595 Test Loss: 0.0406881
Validation loss decreased (0.084184 --> 0.083659).  Saving model ...
Updating learning rate to 2.0548489380794217e-06
Epoch: 80 cost time: 3.451660633087158
Epoch: 80, Steps: 29 | Train Loss: 0.0455795 Vali Loss: 0.0829949 Test Loss: 0.0403637
Validation loss decreased (0.083659 --> 0.082995).  Saving model ...
Updating learning rate to 1.876537476319218e-06
Epoch: 81 cost time: 3.468998908996582
Epoch: 81, Steps: 29 | Train Loss: 0.0452372 Vali Loss: 0.0829190 Test Loss: 0.0403101
Validation loss decreased (0.082995 --> 0.082919).  Saving model ...
Updating learning rate to 1.7045162926804444e-06
Epoch: 82 cost time: 3.4280285835266113
Epoch: 82, Steps: 29 | Train Loss: 0.0452375 Vali Loss: 0.0826739 Test Loss: 0.0403333
Validation loss decreased (0.082919 --> 0.082674).  Saving model ...
Updating learning rate to 1.5391318149339123e-06
Epoch: 83 cost time: 3.4600043296813965
Epoch: 83, Steps: 29 | Train Loss: 0.0452183 Vali Loss: 0.0826698 Test Loss: 0.0403214
Validation loss decreased (0.082674 --> 0.082670).  Saving model ...
Updating learning rate to 1.3807171054080036e-06
Epoch: 84 cost time: 3.4470813274383545
Epoch: 84, Steps: 29 | Train Loss: 0.0452435 Vali Loss: 0.0828060 Test Loss: 0.0402719
EarlyStopping counter: 1 out of 10
Updating learning rate to 1.2295911902454577e-06
Epoch: 85 cost time: 3.426715135574341
Epoch: 85, Steps: 29 | Train Loss: 0.0452149 Vali Loss: 0.0825086 Test Loss: 0.0403992
Validation loss decreased (0.082670 --> 0.082509).  Saving model ...
Updating learning rate to 1.0860584169271784e-06
Epoch: 86 cost time: 3.445094585418701
Epoch: 86, Steps: 29 | Train Loss: 0.0452523 Vali Loss: 0.0827522 Test Loss: 0.0403734
EarlyStopping counter: 1 out of 10
Updating learning rate to 9.504078413569088e-07
Epoch: 87 cost time: 3.454723596572876
Epoch: 87, Steps: 29 | Train Loss: 0.0452137 Vali Loss: 0.0827138 Test Loss: 0.0403583
EarlyStopping counter: 2 out of 10
Updating learning rate to 8.229126457411124e-07
Epoch: 88 cost time: 3.4342122077941895
Epoch: 88, Steps: 29 | Train Loss: 0.0452167 Vali Loss: 0.0825666 Test Loss: 0.0403917
EarlyStopping counter: 3 out of 10
Updating learning rate to 7.038295884363647e-07
Epoch: 89 cost time: 3.4387388229370117
Epoch: 89, Steps: 29 | Train Loss: 0.0451776 Vali Loss: 0.0828306 Test Loss: 0.0403904
EarlyStopping counter: 4 out of 10
Updating learning rate to 5.933984868721898e-07
Epoch: 90 cost time: 3.4369397163391113
Epoch: 90, Steps: 29 | Train Loss: 0.0451965 Vali Loss: 0.0826219 Test Loss: 0.0404027
EarlyStopping counter: 5 out of 10
Updating learning rate to 4.918417345906772e-07
Epoch: 91 cost time: 3.4446215629577637
Epoch: 91, Steps: 29 | Train Loss: 0.0451700 Vali Loss: 0.0826654 Test Loss: 0.0404266
EarlyStopping counter: 6 out of 10
Updating learning rate to 3.9936385337548097e-07
Epoch: 92 cost time: 3.450279951095581
Epoch: 92, Steps: 29 | Train Loss: 0.0451825 Vali Loss: 0.0828913 Test Loss: 0.0403439
EarlyStopping counter: 7 out of 10
Updating learning rate to 3.161510813721721e-07
Epoch: 93 cost time: 3.446878433227539
Epoch: 93, Steps: 29 | Train Loss: 0.0451943 Vali Loss: 0.0825615 Test Loss: 0.0403835
EarlyStopping counter: 8 out of 10
Updating learning rate to 2.4237099802938663e-07
Epoch: 94 cost time: 3.4308533668518066
Epoch: 94, Steps: 29 | Train Loss: 0.0451747 Vali Loss: 0.0827652 Test Loss: 0.0403899
EarlyStopping counter: 9 out of 10
Updating learning rate to 1.7817218661613333e-07
Epoch: 95 cost time: 3.460496425628662
Epoch: 95, Steps: 29 | Train Loss: 0.0452026 Vali Loss: 0.0826432 Test Loss: 0.0404061
EarlyStopping counter: 10 out of 10
Early stopping
>>>>>>>testing : ETTh1_336_720_DTFNet_ETTh1_ftM_sl336_ll0_pl720_dm128_nh16_el2_br2_dl1_df256_fc1_ebtimeF_dtTrue_'Exp'_0_'rel_sin'_16_8_16,24_8,12_3_1_256<<<<<<<<<<<<<<<<<<<<<<<<<<<<<<<<<
test 2161
mse:0.42981764674186707, mae:0.45094361901283264, rse:0.6296905279159546
