Args in experiment:
Namespace(is_training=1, model_id='ETTh1_336_720', model='DTFNet', data='ETTh1', root_path='./dataset/', data_path='ETTh1.csv', features='M', target='OT', freq='h', checkpoints='./checkpoints/', seq_len=336, label_len=0, pred_len=720, n_branches=2, patch_len_ls='16,24', stride_ls='8,12', d_model_ls='128', n_heads_ls='16', rel_pe="'rel_sin'", res_attn=False, head_type='flatten', fc_dropout=0.3, head_dropout=0.1, patch_len=16, stride=8, padding_patch="'end'", revin=1, affine=0, subtract_last=0, decomposition=0, kernel_size=25, individual=0, store_attn=False, pre_norm=False, pe='zeros', no_learn_pe=True, embed_type=0, enc_in=7, dec_in=7, c_out=7, d_model=128, n_heads=16, e_layers=2, d_layers=1, d_ff=256, moving_avg=25, factor=1, distil=True, dropout=0.3, embed='timeF', activation='gelu', output_attention=False, do_predict=False, num_workers=0, itr=1, train_epochs=100, batch_size=256, patience=10, learning_rate=1e-05, des="'Exp'", loss='mse', lradj='TST', pct_start=0.3, use_amp=False, l2=0.0, warmup_steps=0, use_gpu=True, gpu=0, use_multi_gpu=False, devices='0', test_flop=False, use_mlflow=False, mlflow_project='exp', loss_flag=2, sub_patch_len=16, sub_stride=8, stride_ls_list='16', model_type='linear', tfactor=3, dilation_rates='1', wavelet_layers=2, wavelet_type='db5', wavelet_mode='periodization', wavelet_dim=64, initTLV=0.2)
Use GPU: cuda:0
>>>>>>>start training : ETTh1_336_720_DTFNet_ETTh1_ftM_sl336_ll0_pl720_dm128_nh16_el2_br2_dl1_df256_fc1_ebtimeF_dtTrue_'Exp'_0_'rel_sin'_16_8_16,24_8,12_3_1_256>>>>>>>>>>>>>>>>>>>>>>>>>>
train 7585
val 2161
test 2161
Epoch: 1 cost time: 3.695798873901367
Epoch: 1, Steps: 29 | Train Loss: 0.1076117 Vali Loss: 0.1789696 Test Loss: 0.0998576
Validation loss decreased (inf --> 0.178970).  Saving model ...
Updating learning rate to 4.2635539919063106e-07
Epoch: 2 cost time: 3.2901418209075928
Epoch: 2, Steps: 29 | Train Loss: 0.1067586 Vali Loss: 0.1773627 Test Loss: 0.0990222
Validation loss decreased (0.178970 --> 0.177363).  Saving model ...
Updating learning rate to 5.051321771514831e-07
Epoch: 3 cost time: 3.289889335632324
Epoch: 3, Steps: 29 | Train Loss: 0.1058050 Vali Loss: 0.1763131 Test Loss: 0.0981087
Validation loss decreased (0.177363 --> 0.176313).  Saving model ...
Updating learning rate to 6.354652532866785e-07
Epoch: 4 cost time: 3.288123607635498
Epoch: 4, Steps: 29 | Train Loss: 0.1049222 Vali Loss: 0.1742792 Test Loss: 0.0971331
Validation loss decreased (0.176313 --> 0.174279).  Saving model ...
Updating learning rate to 8.159233858256806e-07
Epoch: 5 cost time: 3.290220260620117
Epoch: 5, Steps: 29 | Train Loss: 0.1039680 Vali Loss: 0.1721186 Test Loss: 0.0960562
Validation loss decreased (0.174279 --> 0.172119).  Saving model ...
Updating learning rate to 1.0445248888850473e-06
Epoch: 6 cost time: 3.2953054904937744
Epoch: 6, Steps: 29 | Train Loss: 0.1030325 Vali Loss: 0.1704463 Test Loss: 0.0948583
Validation loss decreased (0.172119 --> 0.170446).  Saving model ...
Updating learning rate to 1.3187593941861497e-06
Epoch: 7 cost time: 3.297070264816284
Epoch: 7, Steps: 29 | Train Loss: 0.1018691 Vali Loss: 0.1680609 Test Loss: 0.0934671
Validation loss decreased (0.170446 --> 0.168061).  Saving model ...
Updating learning rate to 1.6356154184543822e-06
Epoch: 8 cost time: 3.3164961338043213
Epoch: 8, Steps: 29 | Train Loss: 0.1006586 Vali Loss: 0.1658503 Test Loss: 0.0917793
Validation loss decreased (0.168061 --> 0.165850).  Saving model ...
Updating learning rate to 1.9916134337707666e-06
Epoch: 9 cost time: 3.3316376209259033
Epoch: 9, Steps: 29 | Train Loss: 0.0991463 Vali Loss: 0.1626407 Test Loss: 0.0896031
Validation loss decreased (0.165850 --> 0.162641).  Saving model ...
Updating learning rate to 2.3828440777166636e-06
Epoch: 10 cost time: 3.3395628929138184
Epoch: 10, Steps: 29 | Train Loss: 0.0974179 Vali Loss: 0.1587285 Test Loss: 0.0866026
Validation loss decreased (0.162641 --> 0.158729).  Saving model ...
Updating learning rate to 2.805011083710071e-06
Epoch: 11 cost time: 3.3372867107391357
Epoch: 11, Steps: 29 | Train Loss: 0.0951264 Vali Loss: 0.1531077 Test Loss: 0.0824954
Validation loss decreased (0.158729 --> 0.153108).  Saving model ...
Updating learning rate to 3.2534784600976295e-06
Epoch: 12 cost time: 3.3318402767181396
Epoch: 12, Steps: 29 | Train Loss: 0.0924902 Vali Loss: 0.1469769 Test Loss: 0.0778241
Validation loss decreased (0.153108 --> 0.146977).  Saving model ...
Updating learning rate to 3.723321399909056e-06
Epoch: 13 cost time: 3.349504232406616
Epoch: 13, Steps: 29 | Train Loss: 0.0900131 Vali Loss: 0.1424056 Test Loss: 0.0747833
Validation loss decreased (0.146977 --> 0.142406).  Saving model ...
Updating learning rate to 4.209380362212844e-06
Epoch: 14 cost time: 3.359700918197632
Epoch: 14, Steps: 29 | Train Loss: 0.0881799 Vali Loss: 0.1389843 Test Loss: 0.0729572
Validation loss decreased (0.142406 --> 0.138984).  Saving model ...
Updating learning rate to 4.706317731183279e-06
Epoch: 15 cost time: 3.3563835620880127
Epoch: 15, Steps: 29 | Train Loss: 0.0863880 Vali Loss: 0.1362699 Test Loss: 0.0708396
Validation loss decreased (0.138984 --> 0.136270).  Saving model ...
Updating learning rate to 5.208676430682048e-06
Epoch: 16 cost time: 3.35530948638916
Epoch: 16, Steps: 29 | Train Loss: 0.0845732 Vali Loss: 0.1334823 Test Loss: 0.0685895
Validation loss decreased (0.136270 --> 0.133482).  Saving model ...
Updating learning rate to 5.710939850683244e-06
Epoch: 17 cost time: 3.361311197280884
Epoch: 17, Steps: 29 | Train Loss: 0.0828889 Vali Loss: 0.1315163 Test Loss: 0.0666269
Validation loss decreased (0.133482 --> 0.131516).  Saving model ...
Updating learning rate to 6.207592427464792e-06
Epoch: 18 cost time: 3.36864972114563
Epoch: 18, Steps: 29 | Train Loss: 0.0815095 Vali Loss: 0.1298901 Test Loss: 0.0654323
Validation loss decreased (0.131516 --> 0.129890).  Saving model ...
Updating learning rate to 6.693180212309968e-06
Epoch: 19 cost time: 3.37929630279541
Epoch: 19, Steps: 29 | Train Loss: 0.0804247 Vali Loss: 0.1284410 Test Loss: 0.0647010
Validation loss decreased (0.129890 --> 0.128441).  Saving model ...
Updating learning rate to 7.1623707635889015e-06
Epoch: 20 cost time: 3.3866589069366455
Epoch: 20, Steps: 29 | Train Loss: 0.0793995 Vali Loss: 0.1275288 Test Loss: 0.0637104
Validation loss decreased (0.128441 --> 0.127529).  Saving model ...
Updating learning rate to 7.610011704520164e-06
Epoch: 21 cost time: 3.3873283863067627
Epoch: 21, Steps: 29 | Train Loss: 0.0785753 Vali Loss: 0.1266173 Test Loss: 0.0627807
Validation loss decreased (0.127529 --> 0.126617).  Saving model ...
Updating learning rate to 8.031187303565295e-06
Epoch: 22 cost time: 3.394458532333374
Epoch: 22, Steps: 29 | Train Loss: 0.0777199 Vali Loss: 0.1255725 Test Loss: 0.0621062
Validation loss decreased (0.126617 --> 0.125572).  Saving model ...
Updating learning rate to 8.421272456123378e-06
Epoch: 23 cost time: 3.4097001552581787
Epoch: 23, Steps: 29 | Train Loss: 0.0768788 Vali Loss: 0.1250217 Test Loss: 0.0610219
Validation loss decreased (0.125572 --> 0.125022).  Saving model ...
Updating learning rate to 8.775983474730246e-06
Epoch: 24 cost time: 3.417151689529419
Epoch: 24, Steps: 29 | Train Loss: 0.0761613 Vali Loss: 0.1237439 Test Loss: 0.0607113
Validation loss decreased (0.125022 --> 0.123744).  Saving model ...
Updating learning rate to 9.091425130013939e-06
Epoch: 25 cost time: 3.420212507247925
Epoch: 25, Steps: 29 | Train Loss: 0.0753604 Vali Loss: 0.1228392 Test Loss: 0.0599265
Validation loss decreased (0.123744 --> 0.122839).  Saving model ...
Updating learning rate to 9.364133425830145e-06
Epoch: 26 cost time: 3.4234185218811035
Epoch: 26, Steps: 29 | Train Loss: 0.0745642 Vali Loss: 0.1219763 Test Loss: 0.0591449
Validation loss decreased (0.122839 --> 0.121976).  Saving model ...
Updating learning rate to 9.591113638846019e-06
Epoch: 27 cost time: 3.4025096893310547
Epoch: 27, Steps: 29 | Train Loss: 0.0738091 Vali Loss: 0.1215110 Test Loss: 0.0580454
Validation loss decreased (0.121976 --> 0.121511).  Saving model ...
Updating learning rate to 9.769873204843885e-06
Epoch: 28 cost time: 3.4355270862579346
Epoch: 28, Steps: 29 | Train Loss: 0.0731168 Vali Loss: 0.1204921 Test Loss: 0.0577079
Validation loss decreased (0.121511 --> 0.120492).  Saving model ...
Updating learning rate to 9.898449090606656e-06
Epoch: 29 cost time: 3.419559955596924
Epoch: 29, Steps: 29 | Train Loss: 0.0723186 Vali Loss: 0.1198270 Test Loss: 0.0570861
Validation loss decreased (0.120492 --> 0.119827).  Saving model ...
Updating learning rate to 9.975429350802846e-06
Epoch: 30 cost time: 3.418919563293457
Epoch: 30, Steps: 29 | Train Loss: 0.0716134 Vali Loss: 0.1189241 Test Loss: 0.0565912
Validation loss decreased (0.119827 --> 0.118924).  Saving model ...
Updating learning rate to 9.99999401249548e-06
Epoch: 31 cost time: 3.445878028869629
Epoch: 31, Steps: 29 | Train Loss: 0.0708716 Vali Loss: 0.1177064 Test Loss: 0.0563190
Validation loss decreased (0.118924 --> 0.117706).  Saving model ...
Updating learning rate to 9.994612212745642e-06
Epoch: 32 cost time: 3.43363618850708
Epoch: 32, Steps: 29 | Train Loss: 0.0701972 Vali Loss: 0.1172431 Test Loss: 0.0556202
Validation loss decreased (0.117706 --> 0.117243).  Saving model ...
Updating learning rate to 9.979171968972798e-06
Epoch: 33 cost time: 3.420314073562622
Epoch: 33, Steps: 29 | Train Loss: 0.0694466 Vali Loss: 0.1167314 Test Loss: 0.0549997
Validation loss decreased (0.117243 --> 0.116731).  Saving model ...
Updating learning rate to 9.953704375773079e-06
Epoch: 34 cost time: 3.4363980293273926
Epoch: 34, Steps: 29 | Train Loss: 0.0688464 Vali Loss: 0.1152464 Test Loss: 0.0547896
Validation loss decreased (0.116731 --> 0.115246).  Saving model ...
Updating learning rate to 9.918260721489893e-06
Epoch: 35 cost time: 3.4778454303741455
Epoch: 35, Steps: 29 | Train Loss: 0.0681034 Vali Loss: 0.1155327 Test Loss: 0.0539791
EarlyStopping counter: 1 out of 10
Updating learning rate to 9.872912384926035e-06
Epoch: 36 cost time: 3.466866970062256
Epoch: 36, Steps: 29 | Train Loss: 0.0675086 Vali Loss: 0.1139765 Test Loss: 0.0539370
Validation loss decreased (0.115246 --> 0.113976).  Saving model ...
Updating learning rate to 9.817750691596265e-06
Epoch: 37 cost time: 3.445878744125366
Epoch: 37, Steps: 29 | Train Loss: 0.0667993 Vali Loss: 0.1135118 Test Loss: 0.0533018
Validation loss decreased (0.113976 --> 0.113512).  Saving model ...
Updating learning rate to 9.752886729809889e-06
Epoch: 38 cost time: 3.465517520904541
Epoch: 38, Steps: 29 | Train Loss: 0.0661176 Vali Loss: 0.1129687 Test Loss: 0.0528453
Validation loss decreased (0.113512 --> 0.112969).  Saving model ...
Updating learning rate to 9.678451126953676e-06
Epoch: 39 cost time: 3.4629077911376953
Epoch: 39, Steps: 29 | Train Loss: 0.0654822 Vali Loss: 0.1125176 Test Loss: 0.0525197
Validation loss decreased (0.112969 --> 0.112518).  Saving model ...
Updating learning rate to 9.594593786425696e-06
Epoch: 40 cost time: 3.436116933822632
Epoch: 40, Steps: 29 | Train Loss: 0.0648728 Vali Loss: 0.1118833 Test Loss: 0.0520563
Validation loss decreased (0.112518 --> 0.111883).  Saving model ...
Updating learning rate to 9.501483585749811e-06
Epoch: 41 cost time: 3.450366973876953
Epoch: 41, Steps: 29 | Train Loss: 0.0642474 Vali Loss: 0.1110100 Test Loss: 0.0518038
Validation loss decreased (0.111883 --> 0.111010).  Saving model ...
Updating learning rate to 9.399308036478838e-06
Epoch: 42 cost time: 3.4461917877197266
Epoch: 42, Steps: 29 | Train Loss: 0.0635678 Vali Loss: 0.1116766 Test Loss: 0.0511025
EarlyStopping counter: 1 out of 10
Updating learning rate to 9.288272906571216e-06
Epoch: 43 cost time: 3.4475655555725098
Epoch: 43, Steps: 29 | Train Loss: 0.0630065 Vali Loss: 0.1096589 Test Loss: 0.0511048
Validation loss decreased (0.111010 --> 0.109659).  Saving model ...
Updating learning rate to 9.16860180600173e-06
Epoch: 44 cost time: 3.443901300430298
Epoch: 44, Steps: 29 | Train Loss: 0.0623954 Vali Loss: 0.1093847 Test Loss: 0.0505991
Validation loss decreased (0.109659 --> 0.109385).  Saving model ...
Updating learning rate to 9.040535736440785e-06
Epoch: 45 cost time: 3.4522557258605957
Epoch: 45, Steps: 29 | Train Loss: 0.0617875 Vali Loss: 0.1090142 Test Loss: 0.0502828
Validation loss decreased (0.109385 --> 0.109014).  Saving model ...
Updating learning rate to 8.904332605909106e-06
Epoch: 46 cost time: 3.4598946571350098
Epoch: 46, Steps: 29 | Train Loss: 0.0612339 Vali Loss: 0.1074220 Test Loss: 0.0500171
Validation loss decreased (0.109014 --> 0.107422).  Saving model ...
Updating learning rate to 8.760266709385311e-06
Epoch: 47 cost time: 3.469148635864258
Epoch: 47, Steps: 29 | Train Loss: 0.0606472 Vali Loss: 0.1072342 Test Loss: 0.0496730
Validation loss decreased (0.107422 --> 0.107234).  Saving model ...
Updating learning rate to 8.608628176412335e-06
Epoch: 48 cost time: 3.4903388023376465
Epoch: 48, Steps: 29 | Train Loss: 0.0600757 Vali Loss: 0.1062663 Test Loss: 0.0493632
Validation loss decreased (0.107234 --> 0.106266).  Saving model ...
Updating learning rate to 8.449722386815127e-06
Epoch: 49 cost time: 3.487804889678955
Epoch: 49, Steps: 29 | Train Loss: 0.0595498 Vali Loss: 0.1061174 Test Loss: 0.0489776
Validation loss decreased (0.106266 --> 0.106117).  Saving model ...
Updating learning rate to 8.28386935570634e-06
Epoch: 50 cost time: 3.4665651321411133
Epoch: 50, Steps: 29 | Train Loss: 0.0590170 Vali Loss: 0.1049964 Test Loss: 0.0487505
Validation loss decreased (0.106117 --> 0.104996).  Saving model ...
Updating learning rate to 8.111403089018465e-06
Epoch: 51 cost time: 3.4713380336761475
Epoch: 51, Steps: 29 | Train Loss: 0.0584390 Vali Loss: 0.1041691 Test Loss: 0.0484236
Validation loss decreased (0.104996 --> 0.104169).  Saving model ...
Updating learning rate to 7.93267091086035e-06
Epoch: 52 cost time: 3.463162422180176
Epoch: 52, Steps: 29 | Train Loss: 0.0578520 Vali Loss: 0.1040744 Test Loss: 0.0479661
Validation loss decreased (0.104169 --> 0.104074).  Saving model ...
Updating learning rate to 7.748032764052655e-06
Epoch: 53 cost time: 3.542328357696533
Epoch: 53, Steps: 29 | Train Loss: 0.0573604 Vali Loss: 0.1023090 Test Loss: 0.0480663
Validation loss decreased (0.104074 --> 0.102309).  Saving model ...
Updating learning rate to 7.557860485250925e-06
Epoch: 54 cost time: 3.5953128337860107
Epoch: 54, Steps: 29 | Train Loss: 0.0568536 Vali Loss: 0.1014757 Test Loss: 0.0475835
Validation loss decreased (0.102309 --> 0.101476).  Saving model ...
Updating learning rate to 7.362537056116034e-06
Epoch: 55 cost time: 3.496852397918701
Epoch: 55, Steps: 29 | Train Loss: 0.0563509 Vali Loss: 0.1013778 Test Loss: 0.0471236
Validation loss decreased (0.101476 --> 0.101378).  Saving model ...
Updating learning rate to 7.162455832040107e-06
Epoch: 56 cost time: 3.5337743759155273
Epoch: 56, Steps: 29 | Train Loss: 0.0558424 Vali Loss: 0.1005326 Test Loss: 0.0468953
Validation loss decreased (0.101378 --> 0.100533).  Saving model ...
Updating learning rate to 6.9580197499810984e-06
Epoch: 57 cost time: 3.473236083984375
Epoch: 57, Steps: 29 | Train Loss: 0.0553199 Vali Loss: 0.0999825 Test Loss: 0.0463984
Validation loss decreased (0.100533 --> 0.099982).  Saving model ...
Updating learning rate to 6.7496405170013816e-06
Epoch: 58 cost time: 3.5097270011901855
Epoch: 58, Steps: 29 | Train Loss: 0.0548925 Vali Loss: 0.0986179 Test Loss: 0.0464523
Validation loss decreased (0.099982 --> 0.098618).  Saving model ...
Updating learning rate to 6.537737781144523e-06
Epoch: 59 cost time: 3.514942169189453
Epoch: 59, Steps: 29 | Train Loss: 0.0544015 Vali Loss: 0.0987974 Test Loss: 0.0458670
EarlyStopping counter: 1 out of 10
Updating learning rate to 6.322738286319964e-06
Epoch: 60 cost time: 3.5288896560668945
Epoch: 60, Steps: 29 | Train Loss: 0.0539301 Vali Loss: 0.0974004 Test Loss: 0.0456744
Validation loss decreased (0.098618 --> 0.097400).  Saving model ...
Updating learning rate to 6.105075012897585e-06
Epoch: 61 cost time: 3.4710581302642822
Epoch: 61, Steps: 29 | Train Loss: 0.0534143 Vali Loss: 0.0965641 Test Loss: 0.0454272
Validation loss decreased (0.097400 --> 0.096564).  Saving model ...
Updating learning rate to 5.885186305742857e-06
Epoch: 62 cost time: 3.4865846633911133
Epoch: 62, Steps: 29 | Train Loss: 0.0529971 Vali Loss: 0.0962912 Test Loss: 0.0450791
Validation loss decreased (0.096564 --> 0.096291).  Saving model ...
Updating learning rate to 5.6635149914486225e-06
Epoch: 63 cost time: 3.4854679107666016
Epoch: 63, Steps: 29 | Train Loss: 0.0525298 Vali Loss: 0.0956435 Test Loss: 0.0447644
Validation loss decreased (0.096291 --> 0.095644).  Saving model ...
Updating learning rate to 5.440507486541268e-06
Epoch: 64 cost time: 3.506246328353882
Epoch: 64, Steps: 29 | Train Loss: 0.0520643 Vali Loss: 0.0944492 Test Loss: 0.0445403
Validation loss decreased (0.095644 --> 0.094449).  Saving model ...
Updating learning rate to 5.216612898457253e-06
Epoch: 65 cost time: 3.466020107269287
Epoch: 65, Steps: 29 | Train Loss: 0.0516345 Vali Loss: 0.0945785 Test Loss: 0.0441467
EarlyStopping counter: 1 out of 10
Updating learning rate to 4.992282121100496e-06
Epoch: 66 cost time: 3.5102882385253906
Epoch: 66, Steps: 29 | Train Loss: 0.0511811 Vali Loss: 0.0937858 Test Loss: 0.0438052
Validation loss decreased (0.094449 --> 0.093786).  Saving model ...
Updating learning rate to 4.767966926802067e-06
Epoch: 67 cost time: 3.7566773891448975
Epoch: 67, Steps: 29 | Train Loss: 0.0507290 Vali Loss: 0.0927645 Test Loss: 0.0435497
Validation loss decreased (0.093786 --> 0.092764).  Saving model ...
Updating learning rate to 4.5441190565108235e-06
Epoch: 68 cost time: 3.493323802947998
Epoch: 68, Steps: 29 | Train Loss: 0.0503432 Vali Loss: 0.0919722 Test Loss: 0.0432054
Validation loss decreased (0.092764 --> 0.091972).  Saving model ...
Updating learning rate to 4.3211893100472735e-06
Epoch: 69 cost time: 3.5214953422546387
Epoch: 69, Steps: 29 | Train Loss: 0.0499513 Vali Loss: 0.0919175 Test Loss: 0.0428431
Validation loss decreased (0.091972 --> 0.091917).  Saving model ...
Updating learning rate to 4.099626638252712e-06
Epoch: 70 cost time: 3.5088019371032715
Epoch: 70, Steps: 29 | Train Loss: 0.0495318 Vali Loss: 0.0909688 Test Loss: 0.0425787
Validation loss decreased (0.091917 --> 0.090969).  Saving model ...
Updating learning rate to 3.879877238861997e-06
Epoch: 71 cost time: 3.5086872577667236
Epoch: 71, Steps: 29 | Train Loss: 0.0491365 Vali Loss: 0.0902027 Test Loss: 0.0422656
Validation loss decreased (0.090969 --> 0.090203).  Saving model ...
Updating learning rate to 3.662383657920668e-06
Epoch: 72 cost time: 3.54207706451416
Epoch: 72, Steps: 29 | Train Loss: 0.0487356 Vali Loss: 0.0887912 Test Loss: 0.0421904
Validation loss decreased (0.090203 --> 0.088791).  Saving model ...
Updating learning rate to 3.447583898556124e-06
Epoch: 73 cost time: 3.5313282012939453
Epoch: 73, Steps: 29 | Train Loss: 0.0483546 Vali Loss: 0.0892919 Test Loss: 0.0416026
EarlyStopping counter: 1 out of 10
Updating learning rate to 3.2359105388976132e-06
Epoch: 74 cost time: 3.488269329071045
Epoch: 74, Steps: 29 | Train Loss: 0.0479305 Vali Loss: 0.0878116 Test Loss: 0.0415058
Validation loss decreased (0.088791 --> 0.087812).  Saving model ...
Updating learning rate to 3.027789860921434e-06
Epoch: 75 cost time: 3.459615707397461
Epoch: 75, Steps: 29 | Train Loss: 0.0475676 Vali Loss: 0.0873634 Test Loss: 0.0411531
Validation loss decreased (0.087812 --> 0.087363).  Saving model ...
Updating learning rate to 2.8236409919757893e-06
Epoch: 76 cost time: 3.4916610717773438
Epoch: 76, Steps: 29 | Train Loss: 0.0471914 Vali Loss: 0.0867545 Test Loss: 0.0408314
Validation loss decreased (0.087363 --> 0.086755).  Saving model ...
Updating learning rate to 2.6238750607140637e-06
Epoch: 77 cost time: 3.4896535873413086
Epoch: 77, Steps: 29 | Train Loss: 0.0467970 Vali Loss: 0.0860069 Test Loss: 0.0405475
Validation loss decreased (0.086755 --> 0.086007).  Saving model ...
Updating learning rate to 2.4288943691364434e-06
Epoch: 78 cost time: 3.4737188816070557
Epoch: 78, Steps: 29 | Train Loss: 0.0464328 Vali Loss: 0.0849396 Test Loss: 0.0403415
Validation loss decreased (0.086007 --> 0.084940).  Saving model ...
Updating learning rate to 2.2390915824072217e-06
Epoch: 79 cost time: 3.467268943786621
Epoch: 79, Steps: 29 | Train Loss: 0.0461357 Vali Loss: 0.0843100 Test Loss: 0.0400216
Validation loss decreased (0.084940 --> 0.084310).  Saving model ...
Updating learning rate to 2.0548489380794217e-06
Epoch: 80 cost time: 3.4709036350250244
Epoch: 80, Steps: 29 | Train Loss: 0.0457082 Vali Loss: 0.0840250 Test Loss: 0.0396490
Validation loss decreased (0.084310 --> 0.084025).  Saving model ...
Updating learning rate to 1.876537476319218e-06
Epoch: 81 cost time: 3.4993906021118164
Epoch: 81, Steps: 29 | Train Loss: 0.0454158 Vali Loss: 0.0838925 Test Loss: 0.0395939
Validation loss decreased (0.084025 --> 0.083893).  Saving model ...
Updating learning rate to 1.7045162926804444e-06
Epoch: 82 cost time: 3.5235960483551025
Epoch: 82, Steps: 29 | Train Loss: 0.0453698 Vali Loss: 0.0836784 Test Loss: 0.0396139
Validation loss decreased (0.083893 --> 0.083678).  Saving model ...
Updating learning rate to 1.5391318149339123e-06
Epoch: 83 cost time: 3.4680161476135254
Epoch: 83, Steps: 29 | Train Loss: 0.0453758 Vali Loss: 0.0836446 Test Loss: 0.0396057
Validation loss decreased (0.083678 --> 0.083645).  Saving model ...
Updating learning rate to 1.3807171054080036e-06
Epoch: 84 cost time: 3.5105724334716797
Epoch: 84, Steps: 29 | Train Loss: 0.0453729 Vali Loss: 0.0840544 Test Loss: 0.0395876
EarlyStopping counter: 1 out of 10
Updating learning rate to 1.2295911902454577e-06
Epoch: 85 cost time: 3.477102279663086
Epoch: 85, Steps: 29 | Train Loss: 0.0453984 Vali Loss: 0.0840813 Test Loss: 0.0395792
EarlyStopping counter: 2 out of 10
Updating learning rate to 1.0860584169271784e-06
Epoch: 86 cost time: 3.4842312335968018
Epoch: 86, Steps: 29 | Train Loss: 0.0453578 Vali Loss: 0.0842622 Test Loss: 0.0395887
EarlyStopping counter: 3 out of 10
Updating learning rate to 9.504078413569088e-07
Epoch: 87 cost time: 3.515079975128174
Epoch: 87, Steps: 29 | Train Loss: 0.0453308 Vali Loss: 0.0839038 Test Loss: 0.0396119
EarlyStopping counter: 4 out of 10
Updating learning rate to 8.229126457411124e-07
Epoch: 88 cost time: 3.5298383235931396
Epoch: 88, Steps: 29 | Train Loss: 0.0453726 Vali Loss: 0.0838509 Test Loss: 0.0396018
EarlyStopping counter: 5 out of 10
Updating learning rate to 7.038295884363647e-07
Epoch: 89 cost time: 3.4793670177459717
Epoch: 89, Steps: 29 | Train Loss: 0.0453593 Vali Loss: 0.0839642 Test Loss: 0.0396215
EarlyStopping counter: 6 out of 10
Updating learning rate to 5.933984868721898e-07
Epoch: 90 cost time: 3.4726498126983643
Epoch: 90, Steps: 29 | Train Loss: 0.0452981 Vali Loss: 0.0840488 Test Loss: 0.0395889
EarlyStopping counter: 7 out of 10
Updating learning rate to 4.918417345906772e-07
Epoch: 91 cost time: 3.487107038497925
Epoch: 91, Steps: 29 | Train Loss: 0.0452924 Vali Loss: 0.0840490 Test Loss: 0.0396110
EarlyStopping counter: 8 out of 10
Updating learning rate to 3.9936385337548097e-07
Epoch: 92 cost time: 3.503920078277588
Epoch: 92, Steps: 29 | Train Loss: 0.0453254 Vali Loss: 0.0839998 Test Loss: 0.0396224
EarlyStopping counter: 9 out of 10
Updating learning rate to 3.161510813721721e-07
Epoch: 93 cost time: 3.487489938735962
Epoch: 93, Steps: 29 | Train Loss: 0.0452945 Vali Loss: 0.0841238 Test Loss: 0.0396049
EarlyStopping counter: 10 out of 10
Early stopping
>>>>>>>testing : ETTh1_336_720_DTFNet_ETTh1_ftM_sl336_ll0_pl720_dm128_nh16_el2_br2_dl1_df256_fc1_ebtimeF_dtTrue_'Exp'_0_'rel_sin'_16_8_16,24_8,12_3_1_256<<<<<<<<<<<<<<<<<<<<<<<<<<<<<<<<<
test 2161
mse:0.4169567823410034, mae:0.44290053844451904, rse:0.6201983094215393
