Args in experiment:
Namespace(is_training=1, model_id='ETTh1_336_720', model='DTFNet', data='ETTh1', root_path='./dataset/', data_path='ETTh1.csv', features='M', target='OT', freq='h', checkpoints='./checkpoints/', seq_len=336, label_len=0, pred_len=720, n_branches=2, patch_len_ls='16,24', stride_ls='8,12', d_model_ls='128', n_heads_ls='16', rel_pe="'rel_sin'", res_attn=False, head_type='flatten', fc_dropout=0.3, head_dropout=0.1, patch_len=16, stride=8, padding_patch="'end'", revin=1, affine=0, subtract_last=0, decomposition=0, kernel_size=25, individual=0, store_attn=False, pre_norm=False, pe='zeros', no_learn_pe=True, embed_type=0, enc_in=7, dec_in=7, c_out=7, d_model=128, n_heads=16, e_layers=2, d_layers=1, d_ff=256, moving_avg=25, factor=1, distil=True, dropout=0.3, embed='timeF', activation='gelu', output_attention=False, do_predict=False, num_workers=0, itr=1, train_epochs=100, batch_size=256, patience=10, learning_rate=1e-05, des="'Exp'", loss='mse', lradj='TST', pct_start=0.3, use_amp=False, l2=0.0, warmup_steps=0, use_gpu=True, gpu=0, use_multi_gpu=False, devices='0', test_flop=False, use_mlflow=False, mlflow_project='exp', loss_flag=2, sub_patch_len=16, sub_stride=8, stride_ls_list='16', model_type='linear', tfactor=3, dilation_rates='1', wavelet_layers=2, wavelet_type='db5', wavelet_mode='periodization', wavelet_dim=64, initTLV=0.2)
Use GPU: cuda:0
>>>>>>>start training : ETTh1_336_720_DTFNet_ETTh1_ftM_sl336_ll0_pl720_dm128_nh16_el2_br2_dl1_df256_fc1_ebtimeF_dtTrue_'Exp'_0_'rel_sin'_16_8_16,24_8,12_3_1_256>>>>>>>>>>>>>>>>>>>>>>>>>>
train 7585
val 2161
test 2161
Epoch: 1 cost time: 3.6848793029785156
Epoch: 1, Steps: 29 | Train Loss: 0.1076671 Vali Loss: 0.1791178 Test Loss: 0.0998359
Validation loss decreased (inf --> 0.179118).  Saving model ...
Updating learning rate to 4.2635539919063106e-07
Epoch: 2 cost time: 3.287672758102417
Epoch: 2, Steps: 29 | Train Loss: 0.1067303 Vali Loss: 0.1773970 Test Loss: 0.0990080
Validation loss decreased (0.179118 --> 0.177397).  Saving model ...
Updating learning rate to 5.051321771514831e-07
Epoch: 3 cost time: 3.2903013229370117
Epoch: 3, Steps: 29 | Train Loss: 0.1058395 Vali Loss: 0.1761291 Test Loss: 0.0981169
Validation loss decreased (0.177397 --> 0.176129).  Saving model ...
Updating learning rate to 6.354652532866785e-07
Epoch: 4 cost time: 3.293288230895996
Epoch: 4, Steps: 29 | Train Loss: 0.1049368 Vali Loss: 0.1741957 Test Loss: 0.0971575
Validation loss decreased (0.176129 --> 0.174196).  Saving model ...
Updating learning rate to 8.159233858256806e-07
Epoch: 5 cost time: 3.307593584060669
Epoch: 5, Steps: 29 | Train Loss: 0.1040228 Vali Loss: 0.1725502 Test Loss: 0.0961219
Validation loss decreased (0.174196 --> 0.172550).  Saving model ...
Updating learning rate to 1.0445248888850473e-06
Epoch: 6 cost time: 3.3080155849456787
Epoch: 6, Steps: 29 | Train Loss: 0.1029956 Vali Loss: 0.1704389 Test Loss: 0.0949669
Validation loss decreased (0.172550 --> 0.170439).  Saving model ...
Updating learning rate to 1.3187593941861497e-06
Epoch: 7 cost time: 3.3154118061065674
Epoch: 7, Steps: 29 | Train Loss: 0.1019675 Vali Loss: 0.1682706 Test Loss: 0.0936420
Validation loss decreased (0.170439 --> 0.168271).  Saving model ...
Updating learning rate to 1.6356154184543822e-06
Epoch: 8 cost time: 3.3345391750335693
Epoch: 8, Steps: 29 | Train Loss: 0.1006981 Vali Loss: 0.1655882 Test Loss: 0.0920415
Validation loss decreased (0.168271 --> 0.165588).  Saving model ...
Updating learning rate to 1.9916134337707666e-06
Epoch: 9 cost time: 3.3341562747955322
Epoch: 9, Steps: 29 | Train Loss: 0.0992754 Vali Loss: 0.1626358 Test Loss: 0.0900164
Validation loss decreased (0.165588 --> 0.162636).  Saving model ...
Updating learning rate to 2.3828440777166636e-06
Epoch: 10 cost time: 3.3368074893951416
Epoch: 10, Steps: 29 | Train Loss: 0.0975391 Vali Loss: 0.1587625 Test Loss: 0.0872371
Validation loss decreased (0.162636 --> 0.158763).  Saving model ...
Updating learning rate to 2.805011083710071e-06
Epoch: 11 cost time: 3.3476479053497314
Epoch: 11, Steps: 29 | Train Loss: 0.0954262 Vali Loss: 0.1536897 Test Loss: 0.0833809
Validation loss decreased (0.158763 --> 0.153690).  Saving model ...
Updating learning rate to 3.2534784600976295e-06
Epoch: 12 cost time: 3.3438637256622314
Epoch: 12, Steps: 29 | Train Loss: 0.0927816 Vali Loss: 0.1476635 Test Loss: 0.0786754
Validation loss decreased (0.153690 --> 0.147663).  Saving model ...
Updating learning rate to 3.723321399909056e-06
Epoch: 13 cost time: 3.355839729309082
Epoch: 13, Steps: 29 | Train Loss: 0.0901347 Vali Loss: 0.1425462 Test Loss: 0.0754574
Validation loss decreased (0.147663 --> 0.142546).  Saving model ...
Updating learning rate to 4.209380362212844e-06
Epoch: 14 cost time: 3.353307008743286
Epoch: 14, Steps: 29 | Train Loss: 0.0881651 Vali Loss: 0.1389925 Test Loss: 0.0735491
Validation loss decreased (0.142546 --> 0.138993).  Saving model ...
Updating learning rate to 4.706317731183279e-06
Epoch: 15 cost time: 3.3586931228637695
Epoch: 15, Steps: 29 | Train Loss: 0.0863684 Vali Loss: 0.1359691 Test Loss: 0.0717228
Validation loss decreased (0.138993 --> 0.135969).  Saving model ...
Updating learning rate to 5.208676430682048e-06
Epoch: 16 cost time: 3.377505302429199
Epoch: 16, Steps: 29 | Train Loss: 0.0847469 Vali Loss: 0.1336780 Test Loss: 0.0698949
Validation loss decreased (0.135969 --> 0.133678).  Saving model ...
Updating learning rate to 5.710939850683244e-06
Epoch: 17 cost time: 3.394887685775757
Epoch: 17, Steps: 29 | Train Loss: 0.0832768 Vali Loss: 0.1314965 Test Loss: 0.0678785
Validation loss decreased (0.133678 --> 0.131497).  Saving model ...
Updating learning rate to 6.207592427464792e-06
Epoch: 18 cost time: 3.3789656162261963
Epoch: 18, Steps: 29 | Train Loss: 0.0818966 Vali Loss: 0.1300943 Test Loss: 0.0661878
Validation loss decreased (0.131497 --> 0.130094).  Saving model ...
Updating learning rate to 6.693180212309968e-06
Epoch: 19 cost time: 3.3736984729766846
Epoch: 19, Steps: 29 | Train Loss: 0.0806463 Vali Loss: 0.1285620 Test Loss: 0.0650626
Validation loss decreased (0.130094 --> 0.128562).  Saving model ...
Updating learning rate to 7.1623707635889015e-06
Epoch: 20 cost time: 3.3908944129943848
Epoch: 20, Steps: 29 | Train Loss: 0.0795811 Vali Loss: 0.1276050 Test Loss: 0.0640436
Validation loss decreased (0.128562 --> 0.127605).  Saving model ...
Updating learning rate to 7.610011704520164e-06
Epoch: 21 cost time: 3.400787115097046
Epoch: 21, Steps: 29 | Train Loss: 0.0786482 Vali Loss: 0.1264032 Test Loss: 0.0634779
Validation loss decreased (0.127605 --> 0.126403).  Saving model ...
Updating learning rate to 8.031187303565295e-06
Epoch: 22 cost time: 3.3987200260162354
Epoch: 22, Steps: 29 | Train Loss: 0.0778487 Vali Loss: 0.1249741 Test Loss: 0.0626379
Validation loss decreased (0.126403 --> 0.124974).  Saving model ...
Updating learning rate to 8.421272456123378e-06
Epoch: 23 cost time: 3.417207717895508
Epoch: 23, Steps: 29 | Train Loss: 0.0770200 Vali Loss: 0.1244384 Test Loss: 0.0620729
Validation loss decreased (0.124974 --> 0.124438).  Saving model ...
Updating learning rate to 8.775983474730246e-06
Epoch: 24 cost time: 3.4050283432006836
Epoch: 24, Steps: 29 | Train Loss: 0.0761864 Vali Loss: 0.1237257 Test Loss: 0.0611791
Validation loss decreased (0.124438 --> 0.123726).  Saving model ...
Updating learning rate to 9.091425130013939e-06
Epoch: 25 cost time: 3.4111595153808594
Epoch: 25, Steps: 29 | Train Loss: 0.0753759 Vali Loss: 0.1229583 Test Loss: 0.0602716
Validation loss decreased (0.123726 --> 0.122958).  Saving model ...
Updating learning rate to 9.364133425830145e-06
Epoch: 26 cost time: 3.401819944381714
Epoch: 26, Steps: 29 | Train Loss: 0.0746250 Vali Loss: 0.1217096 Test Loss: 0.0597646
Validation loss decreased (0.122958 --> 0.121710).  Saving model ...
Updating learning rate to 9.591113638846019e-06
Epoch: 27 cost time: 3.434870719909668
Epoch: 27, Steps: 29 | Train Loss: 0.0739254 Vali Loss: 0.1207115 Test Loss: 0.0594270
Validation loss decreased (0.121710 --> 0.120711).  Saving model ...
Updating learning rate to 9.769873204843885e-06
Epoch: 28 cost time: 3.422996997833252
Epoch: 28, Steps: 29 | Train Loss: 0.0731726 Vali Loss: 0.1198893 Test Loss: 0.0587099
Validation loss decreased (0.120711 --> 0.119889).  Saving model ...
Updating learning rate to 9.898449090606656e-06
Epoch: 29 cost time: 3.4256129264831543
Epoch: 29, Steps: 29 | Train Loss: 0.0724553 Vali Loss: 0.1190749 Test Loss: 0.0581176
Validation loss decreased (0.119889 --> 0.119075).  Saving model ...
Updating learning rate to 9.975429350802846e-06
Epoch: 30 cost time: 3.481031656265259
Epoch: 30, Steps: 29 | Train Loss: 0.0716803 Vali Loss: 0.1184965 Test Loss: 0.0577457
Validation loss decreased (0.119075 --> 0.118497).  Saving model ...
Updating learning rate to 9.99999401249548e-06
Epoch: 31 cost time: 3.407576322555542
Epoch: 31, Steps: 29 | Train Loss: 0.0709695 Vali Loss: 0.1175144 Test Loss: 0.0571148
Validation loss decreased (0.118497 --> 0.117514).  Saving model ...
Updating learning rate to 9.994612212745642e-06
Epoch: 32 cost time: 3.4543912410736084
Epoch: 32, Steps: 29 | Train Loss: 0.0703343 Vali Loss: 0.1167340 Test Loss: 0.0567480
Validation loss decreased (0.117514 --> 0.116734).  Saving model ...
Updating learning rate to 9.979171968972798e-06
Epoch: 33 cost time: 3.4209721088409424
Epoch: 33, Steps: 29 | Train Loss: 0.0696002 Vali Loss: 0.1160175 Test Loss: 0.0561641
Validation loss decreased (0.116734 --> 0.116017).  Saving model ...
Updating learning rate to 9.953704375773079e-06
Epoch: 34 cost time: 3.426217555999756
Epoch: 34, Steps: 29 | Train Loss: 0.0687795 Vali Loss: 0.1155126 Test Loss: 0.0557958
Validation loss decreased (0.116017 --> 0.115513).  Saving model ...
Updating learning rate to 9.918260721489893e-06
Epoch: 35 cost time: 3.434387683868408
Epoch: 35, Steps: 29 | Train Loss: 0.0682044 Vali Loss: 0.1143471 Test Loss: 0.0556790
Validation loss decreased (0.115513 --> 0.114347).  Saving model ...
Updating learning rate to 9.872912384926035e-06
Epoch: 36 cost time: 3.4861395359039307
Epoch: 36, Steps: 29 | Train Loss: 0.0675337 Vali Loss: 0.1133597 Test Loss: 0.0552362
Validation loss decreased (0.114347 --> 0.113360).  Saving model ...
Updating learning rate to 9.817750691596265e-06
Epoch: 37 cost time: 3.4466469287872314
Epoch: 37, Steps: 29 | Train Loss: 0.0668296 Vali Loss: 0.1125215 Test Loss: 0.0549400
Validation loss decreased (0.113360 --> 0.112522).  Saving model ...
Updating learning rate to 9.752886729809889e-06
Epoch: 38 cost time: 3.437574625015259
Epoch: 38, Steps: 29 | Train Loss: 0.0662240 Vali Loss: 0.1133385 Test Loss: 0.0539421
EarlyStopping counter: 1 out of 10
Updating learning rate to 9.678451126953676e-06
Epoch: 39 cost time: 3.444368362426758
Epoch: 39, Steps: 29 | Train Loss: 0.0655592 Vali Loss: 0.1116217 Test Loss: 0.0538158
Validation loss decreased (0.112522 --> 0.111622).  Saving model ...
Updating learning rate to 9.594593786425696e-06
Epoch: 40 cost time: 3.4410057067871094
Epoch: 40, Steps: 29 | Train Loss: 0.0648732 Vali Loss: 0.1115202 Test Loss: 0.0533733
Validation loss decreased (0.111622 --> 0.111520).  Saving model ...
Updating learning rate to 9.501483585749811e-06
Epoch: 41 cost time: 3.4350943565368652
Epoch: 41, Steps: 29 | Train Loss: 0.0642924 Vali Loss: 0.1103474 Test Loss: 0.0530229
Validation loss decreased (0.111520 --> 0.110347).  Saving model ...
Updating learning rate to 9.399308036478838e-06
Epoch: 42 cost time: 3.4427077770233154
Epoch: 42, Steps: 29 | Train Loss: 0.0636067 Vali Loss: 0.1096515 Test Loss: 0.0527229
Validation loss decreased (0.110347 --> 0.109652).  Saving model ...
Updating learning rate to 9.288272906571216e-06
Epoch: 43 cost time: 3.444856643676758
Epoch: 43, Steps: 29 | Train Loss: 0.0630597 Vali Loss: 0.1096418 Test Loss: 0.0520595
Validation loss decreased (0.109652 --> 0.109642).  Saving model ...
Updating learning rate to 9.16860180600173e-06
Epoch: 44 cost time: 3.431196928024292
Epoch: 44, Steps: 29 | Train Loss: 0.0624823 Vali Loss: 0.1083155 Test Loss: 0.0517085
Validation loss decreased (0.109642 --> 0.108316).  Saving model ...
Updating learning rate to 9.040535736440785e-06
Epoch: 45 cost time: 3.461806535720825
Epoch: 45, Steps: 29 | Train Loss: 0.0618575 Vali Loss: 0.1072993 Test Loss: 0.0514566
Validation loss decreased (0.108316 --> 0.107299).  Saving model ...
Updating learning rate to 8.904332605909106e-06
Epoch: 46 cost time: 3.4333832263946533
Epoch: 46, Steps: 29 | Train Loss: 0.0612411 Vali Loss: 0.1063795 Test Loss: 0.0511991
Validation loss decreased (0.107299 --> 0.106380).  Saving model ...
Updating learning rate to 8.760266709385311e-06
Epoch: 47 cost time: 3.4496045112609863
Epoch: 47, Steps: 29 | Train Loss: 0.0606945 Vali Loss: 0.1064302 Test Loss: 0.0508328
EarlyStopping counter: 1 out of 10
Updating learning rate to 8.608628176412335e-06
Epoch: 48 cost time: 3.4835598468780518
Epoch: 48, Steps: 29 | Train Loss: 0.0600959 Vali Loss: 0.1049898 Test Loss: 0.0505666
Validation loss decreased (0.106380 --> 0.104990).  Saving model ...
Updating learning rate to 8.449722386815127e-06
Epoch: 49 cost time: 3.4520139694213867
Epoch: 49, Steps: 29 | Train Loss: 0.0595748 Vali Loss: 0.1049602 Test Loss: 0.0499587
Validation loss decreased (0.104990 --> 0.104960).  Saving model ...
Updating learning rate to 8.28386935570634e-06
Epoch: 50 cost time: 3.4431748390197754
Epoch: 50, Steps: 29 | Train Loss: 0.0590202 Vali Loss: 0.1036133 Test Loss: 0.0498843
Validation loss decreased (0.104960 --> 0.103613).  Saving model ...
Updating learning rate to 8.111403089018465e-06
Epoch: 51 cost time: 3.4477996826171875
Epoch: 51, Steps: 29 | Train Loss: 0.0584719 Vali Loss: 0.1034294 Test Loss: 0.0492414
Validation loss decreased (0.103613 --> 0.103429).  Saving model ...
Updating learning rate to 7.93267091086035e-06
Epoch: 52 cost time: 3.477454662322998
Epoch: 52, Steps: 29 | Train Loss: 0.0579510 Vali Loss: 0.1016054 Test Loss: 0.0497007
Validation loss decreased (0.103429 --> 0.101605).  Saving model ...
Updating learning rate to 7.748032764052655e-06
Epoch: 53 cost time: 3.441885471343994
Epoch: 53, Steps: 29 | Train Loss: 0.0573849 Vali Loss: 0.1018410 Test Loss: 0.0487104
EarlyStopping counter: 1 out of 10
Updating learning rate to 7.557860485250925e-06
Epoch: 54 cost time: 3.459306001663208
Epoch: 54, Steps: 29 | Train Loss: 0.0569030 Vali Loss: 0.1010947 Test Loss: 0.0481772
Validation loss decreased (0.101605 --> 0.101095).  Saving model ...
Updating learning rate to 7.362537056116034e-06
Epoch: 55 cost time: 3.5112624168395996
Epoch: 55, Steps: 29 | Train Loss: 0.0564099 Vali Loss: 0.0997338 Test Loss: 0.0483733
Validation loss decreased (0.101095 --> 0.099734).  Saving model ...
Updating learning rate to 7.162455832040107e-06
Epoch: 56 cost time: 3.4559805393218994
Epoch: 56, Steps: 29 | Train Loss: 0.0558933 Vali Loss: 0.1000541 Test Loss: 0.0476642
EarlyStopping counter: 1 out of 10
Updating learning rate to 6.9580197499810984e-06
Epoch: 57 cost time: 3.45767879486084
Epoch: 57, Steps: 29 | Train Loss: 0.0553440 Vali Loss: 0.0993185 Test Loss: 0.0471033
Validation loss decreased (0.099734 --> 0.099319).  Saving model ...
Updating learning rate to 6.7496405170013816e-06
Epoch: 58 cost time: 3.513655662536621
Epoch: 58, Steps: 29 | Train Loss: 0.0548798 Vali Loss: 0.0979003 Test Loss: 0.0473231
Validation loss decreased (0.099319 --> 0.097900).  Saving model ...
Updating learning rate to 6.537737781144523e-06
Epoch: 59 cost time: 3.462972640991211
Epoch: 59, Steps: 29 | Train Loss: 0.0544337 Vali Loss: 0.0971059 Test Loss: 0.0468142
Validation loss decreased (0.097900 --> 0.097106).  Saving model ...
Updating learning rate to 6.322738286319964e-06
Epoch: 60 cost time: 3.461318254470825
Epoch: 60, Steps: 29 | Train Loss: 0.0539679 Vali Loss: 0.0968928 Test Loss: 0.0463126
Validation loss decreased (0.097106 --> 0.096893).  Saving model ...
Updating learning rate to 6.105075012897585e-06
Epoch: 61 cost time: 3.4727768898010254
Epoch: 61, Steps: 29 | Train Loss: 0.0534827 Vali Loss: 0.0964911 Test Loss: 0.0459144
Validation loss decreased (0.096893 --> 0.096491).  Saving model ...
Updating learning rate to 5.885186305742857e-06
Epoch: 62 cost time: 3.4647274017333984
Epoch: 62, Steps: 29 | Train Loss: 0.0530632 Vali Loss: 0.0955119 Test Loss: 0.0457353
Validation loss decreased (0.096491 --> 0.095512).  Saving model ...
Updating learning rate to 5.6635149914486225e-06
Epoch: 63 cost time: 3.4731407165527344
Epoch: 63, Steps: 29 | Train Loss: 0.0525735 Vali Loss: 0.0947242 Test Loss: 0.0454453
Validation loss decreased (0.095512 --> 0.094724).  Saving model ...
Updating learning rate to 5.440507486541268e-06
Epoch: 64 cost time: 3.4632210731506348
Epoch: 64, Steps: 29 | Train Loss: 0.0521137 Vali Loss: 0.0937136 Test Loss: 0.0451028
Validation loss decreased (0.094724 --> 0.093714).  Saving model ...
Updating learning rate to 5.216612898457253e-06
Epoch: 65 cost time: 3.4848086833953857
Epoch: 65, Steps: 29 | Train Loss: 0.0516900 Vali Loss: 0.0931257 Test Loss: 0.0447400
Validation loss decreased (0.093714 --> 0.093126).  Saving model ...
Updating learning rate to 4.992282121100496e-06
Epoch: 66 cost time: 3.474187135696411
Epoch: 66, Steps: 29 | Train Loss: 0.0512380 Vali Loss: 0.0918916 Test Loss: 0.0447344
Validation loss decreased (0.093126 --> 0.091892).  Saving model ...
Updating learning rate to 4.767966926802067e-06
Epoch: 67 cost time: 3.4752204418182373
Epoch: 67, Steps: 29 | Train Loss: 0.0508001 Vali Loss: 0.0917128 Test Loss: 0.0443378
Validation loss decreased (0.091892 --> 0.091713).  Saving model ...
Updating learning rate to 4.5441190565108235e-06
Epoch: 68 cost time: 3.5133626461029053
Epoch: 68, Steps: 29 | Train Loss: 0.0503582 Vali Loss: 0.0909976 Test Loss: 0.0439426
Validation loss decreased (0.091713 --> 0.090998).  Saving model ...
Updating learning rate to 4.3211893100472735e-06
Epoch: 69 cost time: 3.4625189304351807
Epoch: 69, Steps: 29 | Train Loss: 0.0500201 Vali Loss: 0.0899992 Test Loss: 0.0436367
Validation loss decreased (0.090998 --> 0.089999).  Saving model ...
Updating learning rate to 4.099626638252712e-06
Epoch: 70 cost time: 3.468622922897339
Epoch: 70, Steps: 29 | Train Loss: 0.0495786 Vali Loss: 0.0896185 Test Loss: 0.0432412
Validation loss decreased (0.089999 --> 0.089619).  Saving model ...
Updating learning rate to 3.879877238861997e-06
Epoch: 71 cost time: 3.474750518798828
Epoch: 71, Steps: 29 | Train Loss: 0.0491896 Vali Loss: 0.0893050 Test Loss: 0.0428032
Validation loss decreased (0.089619 --> 0.089305).  Saving model ...
Updating learning rate to 3.662383657920668e-06
Epoch: 72 cost time: 3.4763221740722656
Epoch: 72, Steps: 29 | Train Loss: 0.0487795 Vali Loss: 0.0886047 Test Loss: 0.0426561
Validation loss decreased (0.089305 --> 0.088605).  Saving model ...
Updating learning rate to 3.447583898556124e-06
Epoch: 73 cost time: 3.4687020778656006
Epoch: 73, Steps: 29 | Train Loss: 0.0483606 Vali Loss: 0.0877849 Test Loss: 0.0422660
Validation loss decreased (0.088605 --> 0.087785).  Saving model ...
Updating learning rate to 3.2359105388976132e-06
Epoch: 74 cost time: 3.4771077632904053
Epoch: 74, Steps: 29 | Train Loss: 0.0479767 Vali Loss: 0.0875049 Test Loss: 0.0418394
Validation loss decreased (0.087785 --> 0.087505).  Saving model ...
Updating learning rate to 3.027789860921434e-06
Epoch: 75 cost time: 3.4756407737731934
Epoch: 75, Steps: 29 | Train Loss: 0.0476456 Vali Loss: 0.0860704 Test Loss: 0.0417726
Validation loss decreased (0.087505 --> 0.086070).  Saving model ...
Updating learning rate to 2.8236409919757893e-06
Epoch: 76 cost time: 3.4560117721557617
Epoch: 76, Steps: 29 | Train Loss: 0.0471687 Vali Loss: 0.0856166 Test Loss: 0.0414012
Validation loss decreased (0.086070 --> 0.085617).  Saving model ...
Updating learning rate to 2.6238750607140637e-06
Epoch: 77 cost time: 3.4702134132385254
Epoch: 77, Steps: 29 | Train Loss: 0.0468319 Vali Loss: 0.0845429 Test Loss: 0.0411801
Validation loss decreased (0.085617 --> 0.084543).  Saving model ...
Updating learning rate to 2.4288943691364434e-06
Epoch: 78 cost time: 3.5263757705688477
Epoch: 78, Steps: 29 | Train Loss: 0.0464795 Vali Loss: 0.0843311 Test Loss: 0.0408170
Validation loss decreased (0.084543 --> 0.084331).  Saving model ...
Updating learning rate to 2.2390915824072217e-06
Epoch: 79 cost time: 3.4745359420776367
Epoch: 79, Steps: 29 | Train Loss: 0.0461202 Vali Loss: 0.0838113 Test Loss: 0.0404878
Validation loss decreased (0.084331 --> 0.083811).  Saving model ...
Updating learning rate to 2.0548489380794217e-06
Epoch: 80 cost time: 3.482905864715576
Epoch: 80, Steps: 29 | Train Loss: 0.0457530 Vali Loss: 0.0827425 Test Loss: 0.0402911
Validation loss decreased (0.083811 --> 0.082743).  Saving model ...
Updating learning rate to 1.876537476319218e-06
Epoch: 81 cost time: 3.524512529373169
Epoch: 81, Steps: 29 | Train Loss: 0.0454469 Vali Loss: 0.0824020 Test Loss: 0.0402235
Validation loss decreased (0.082743 --> 0.082402).  Saving model ...
Updating learning rate to 1.7045162926804444e-06
Epoch: 82 cost time: 3.477637767791748
Epoch: 82, Steps: 29 | Train Loss: 0.0453985 Vali Loss: 0.0826378 Test Loss: 0.0401369
EarlyStopping counter: 1 out of 10
Updating learning rate to 1.5391318149339123e-06
Epoch: 83 cost time: 3.4800853729248047
Epoch: 83, Steps: 29 | Train Loss: 0.0453543 Vali Loss: 0.0827848 Test Loss: 0.0401103
EarlyStopping counter: 2 out of 10
Updating learning rate to 1.3807171054080036e-06
Epoch: 84 cost time: 3.475158214569092
Epoch: 84, Steps: 29 | Train Loss: 0.0453560 Vali Loss: 0.0829854 Test Loss: 0.0401089
EarlyStopping counter: 3 out of 10
Updating learning rate to 1.2295911902454577e-06
Epoch: 85 cost time: 3.497938394546509
Epoch: 85, Steps: 29 | Train Loss: 0.0453616 Vali Loss: 0.0827149 Test Loss: 0.0401361
EarlyStopping counter: 4 out of 10
Updating learning rate to 1.0860584169271784e-06
Epoch: 86 cost time: 3.518152952194214
Epoch: 86, Steps: 29 | Train Loss: 0.0453436 Vali Loss: 0.0825763 Test Loss: 0.0400545
EarlyStopping counter: 5 out of 10
Updating learning rate to 9.504078413569088e-07
Epoch: 87 cost time: 3.465890884399414
Epoch: 87, Steps: 29 | Train Loss: 0.0453669 Vali Loss: 0.0826401 Test Loss: 0.0401268
EarlyStopping counter: 6 out of 10
Updating learning rate to 8.229126457411124e-07
Epoch: 88 cost time: 3.470721960067749
Epoch: 88, Steps: 29 | Train Loss: 0.0453909 Vali Loss: 0.0826974 Test Loss: 0.0401162
EarlyStopping counter: 7 out of 10
Updating learning rate to 7.038295884363647e-07
Epoch: 89 cost time: 3.4757156372070312
Epoch: 89, Steps: 29 | Train Loss: 0.0453463 Vali Loss: 0.0828171 Test Loss: 0.0401208
EarlyStopping counter: 8 out of 10
Updating learning rate to 5.933984868721898e-07
Epoch: 90 cost time: 3.4899652004241943
Epoch: 90, Steps: 29 | Train Loss: 0.0453484 Vali Loss: 0.0827014 Test Loss: 0.0401461
EarlyStopping counter: 9 out of 10
Updating learning rate to 4.918417345906772e-07
Epoch: 91 cost time: 3.484631061553955
Epoch: 91, Steps: 29 | Train Loss: 0.0453211 Vali Loss: 0.0827797 Test Loss: 0.0401243
EarlyStopping counter: 10 out of 10
Early stopping
>>>>>>>testing : ETTh1_336_720_DTFNet_ETTh1_ftM_sl336_ll0_pl720_dm128_nh16_el2_br2_dl1_df256_fc1_ebtimeF_dtTrue_'Exp'_0_'rel_sin'_16_8_16,24_8,12_3_1_256<<<<<<<<<<<<<<<<<<<<<<<<<<<<<<<<<
test 2161
mse:0.4270326793193817, mae:0.4491514265537262, rse:0.6276472210884094
