Args in experiment:
Namespace(is_training=1, model_id='ETTh1_336_720', model='DTFNet', data='ETTh1', root_path='./dataset/', data_path='ETTh1.csv', features='M', target='OT', freq='h', checkpoints='./checkpoints/', seq_len=336, label_len=0, pred_len=720, n_branches=2, patch_len_ls='16,24', stride_ls='8,12', d_model_ls='128', n_heads_ls='16', rel_pe="'rel_sin'", res_attn=False, head_type='flatten', fc_dropout=0.3, head_dropout=0.1, patch_len=16, stride=8, padding_patch="'end'", revin=1, affine=0, subtract_last=0, decomposition=0, kernel_size=25, individual=0, store_attn=False, pre_norm=False, pe='zeros', no_learn_pe=True, embed_type=0, enc_in=7, dec_in=7, c_out=7, d_model=128, n_heads=16, e_layers=2, d_layers=1, d_ff=256, moving_avg=25, factor=1, distil=True, dropout=0.3, embed='timeF', activation='gelu', output_attention=False, do_predict=False, num_workers=0, itr=1, train_epochs=100, batch_size=256, patience=10, learning_rate=1e-05, des="'Exp'", loss='mse', lradj='TST', pct_start=0.3, use_amp=False, l2=0.0, warmup_steps=0, use_gpu=True, gpu=0, use_multi_gpu=False, devices='0', test_flop=False, use_mlflow=False, mlflow_project='exp', loss_flag=2, sub_patch_len=16, sub_stride=8, stride_ls_list='16', model_type='linear', tfactor=3, dilation_rates='1', wavelet_layers=2, wavelet_type='db5', wavelet_mode='periodization', wavelet_dim=64, initTLV=0.2)
Use GPU: cuda:0
>>>>>>>start training : ETTh1_336_720_DTFNet_ETTh1_ftM_sl336_ll0_pl720_dm128_nh16_el2_br2_dl1_df256_fc1_ebtimeF_dtTrue_'Exp'_0_'rel_sin'_16_8_16,24_8,12_3_1_256>>>>>>>>>>>>>>>>>>>>>>>>>>
train 7585
val 2161
test 2161
Epoch: 1 cost time: 3.6896824836730957
Epoch: 1, Steps: 29 | Train Loss: 0.1075967 Vali Loss: 0.1789776 Test Loss: 0.0996713
Validation loss decreased (inf --> 0.178978).  Saving model ...
Updating learning rate to 4.2635539919063106e-07
Epoch: 2 cost time: 3.296929359436035
Epoch: 2, Steps: 29 | Train Loss: 0.1066870 Vali Loss: 0.1775126 Test Loss: 0.0988355
Validation loss decreased (0.178978 --> 0.177513).  Saving model ...
Updating learning rate to 5.051321771514831e-07
Epoch: 3 cost time: 3.312326192855835
Epoch: 3, Steps: 29 | Train Loss: 0.1058571 Vali Loss: 0.1759021 Test Loss: 0.0979279
Validation loss decreased (0.177513 --> 0.175902).  Saving model ...
Updating learning rate to 6.354652532866785e-07
Epoch: 4 cost time: 3.322523832321167
Epoch: 4, Steps: 29 | Train Loss: 0.1049967 Vali Loss: 0.1738913 Test Loss: 0.0969530
Validation loss decreased (0.175902 --> 0.173891).  Saving model ...
Updating learning rate to 8.159233858256806e-07
Epoch: 5 cost time: 3.3362793922424316
Epoch: 5, Steps: 29 | Train Loss: 0.1040093 Vali Loss: 0.1725873 Test Loss: 0.0958970
Validation loss decreased (0.173891 --> 0.172587).  Saving model ...
Updating learning rate to 1.0445248888850473e-06
Epoch: 6 cost time: 3.348309278488159
Epoch: 6, Steps: 29 | Train Loss: 0.1029434 Vali Loss: 0.1704638 Test Loss: 0.0947083
Validation loss decreased (0.172587 --> 0.170464).  Saving model ...
Updating learning rate to 1.3187593941861497e-06
Epoch: 7 cost time: 3.363314390182495
Epoch: 7, Steps: 29 | Train Loss: 0.1018604 Vali Loss: 0.1681846 Test Loss: 0.0933199
Validation loss decreased (0.170464 --> 0.168185).  Saving model ...
Updating learning rate to 1.6356154184543822e-06
Epoch: 8 cost time: 3.3885302543640137
Epoch: 8, Steps: 29 | Train Loss: 0.1006257 Vali Loss: 0.1654937 Test Loss: 0.0916385
Validation loss decreased (0.168185 --> 0.165494).  Saving model ...
Updating learning rate to 1.9916134337707666e-06
Epoch: 9 cost time: 3.4033873081207275
Epoch: 9, Steps: 29 | Train Loss: 0.0991070 Vali Loss: 0.1623152 Test Loss: 0.0894499
Validation loss decreased (0.165494 --> 0.162315).  Saving model ...
Updating learning rate to 2.3828440777166636e-06
Epoch: 10 cost time: 3.404942035675049
Epoch: 10, Steps: 29 | Train Loss: 0.0974137 Vali Loss: 0.1583807 Test Loss: 0.0864409
Validation loss decreased (0.162315 --> 0.158381).  Saving model ...
Updating learning rate to 2.805011083710071e-06
Epoch: 11 cost time: 3.4634861946105957
Epoch: 11, Steps: 29 | Train Loss: 0.0950533 Vali Loss: 0.1528071 Test Loss: 0.0823240
Validation loss decreased (0.158381 --> 0.152807).  Saving model ...
Updating learning rate to 3.2534784600976295e-06
Epoch: 12 cost time: 3.422638416290283
Epoch: 12, Steps: 29 | Train Loss: 0.0923982 Vali Loss: 0.1469327 Test Loss: 0.0777944
Validation loss decreased (0.152807 --> 0.146933).  Saving model ...
Updating learning rate to 3.723321399909056e-06
Epoch: 13 cost time: 3.4252097606658936
Epoch: 13, Steps: 29 | Train Loss: 0.0899810 Vali Loss: 0.1424222 Test Loss: 0.0749056
Validation loss decreased (0.146933 --> 0.142422).  Saving model ...
Updating learning rate to 4.209380362212844e-06
Epoch: 14 cost time: 3.42498517036438
Epoch: 14, Steps: 29 | Train Loss: 0.0881471 Vali Loss: 0.1394565 Test Loss: 0.0732253
Validation loss decreased (0.142422 --> 0.139457).  Saving model ...
Updating learning rate to 4.706317731183279e-06
Epoch: 15 cost time: 3.435133695602417
Epoch: 15, Steps: 29 | Train Loss: 0.0863928 Vali Loss: 0.1363223 Test Loss: 0.0713557
Validation loss decreased (0.139457 --> 0.136322).  Saving model ...
Updating learning rate to 5.208676430682048e-06
Epoch: 16 cost time: 3.4757320880889893
Epoch: 16, Steps: 29 | Train Loss: 0.0845688 Vali Loss: 0.1340075 Test Loss: 0.0691198
Validation loss decreased (0.136322 --> 0.134007).  Saving model ...
Updating learning rate to 5.710939850683244e-06
Epoch: 17 cost time: 3.4484686851501465
Epoch: 17, Steps: 29 | Train Loss: 0.0829129 Vali Loss: 0.1318493 Test Loss: 0.0671764
Validation loss decreased (0.134007 --> 0.131849).  Saving model ...
Updating learning rate to 6.207592427464792e-06
Epoch: 18 cost time: 3.453847885131836
Epoch: 18, Steps: 29 | Train Loss: 0.0815355 Vali Loss: 0.1297030 Test Loss: 0.0656029
Validation loss decreased (0.131849 --> 0.129703).  Saving model ...
Updating learning rate to 6.693180212309968e-06
Epoch: 19 cost time: 3.4492335319519043
Epoch: 19, Steps: 29 | Train Loss: 0.0803854 Vali Loss: 0.1289145 Test Loss: 0.0646131
Validation loss decreased (0.129703 --> 0.128915).  Saving model ...
Updating learning rate to 7.1623707635889015e-06
Epoch: 20 cost time: 3.476755142211914
Epoch: 20, Steps: 29 | Train Loss: 0.0794442 Vali Loss: 0.1272305 Test Loss: 0.0638119
Validation loss decreased (0.128915 --> 0.127230).  Saving model ...
Updating learning rate to 7.610011704520164e-06
Epoch: 21 cost time: 3.458001136779785
Epoch: 21, Steps: 29 | Train Loss: 0.0785702 Vali Loss: 0.1263080 Test Loss: 0.0630588
Validation loss decreased (0.127230 --> 0.126308).  Saving model ...
Updating learning rate to 8.031187303565295e-06
Epoch: 22 cost time: 3.462383270263672
Epoch: 22, Steps: 29 | Train Loss: 0.0777263 Vali Loss: 0.1257403 Test Loss: 0.0622483
Validation loss decreased (0.126308 --> 0.125740).  Saving model ...
Updating learning rate to 8.421272456123378e-06
Epoch: 23 cost time: 3.50357723236084
Epoch: 23, Steps: 29 | Train Loss: 0.0768714 Vali Loss: 0.1242894 Test Loss: 0.0614626
Validation loss decreased (0.125740 --> 0.124289).  Saving model ...
Updating learning rate to 8.775983474730246e-06
Epoch: 24 cost time: 3.4685566425323486
Epoch: 24, Steps: 29 | Train Loss: 0.0760600 Vali Loss: 0.1239924 Test Loss: 0.0603667
Validation loss decreased (0.124289 --> 0.123992).  Saving model ...
Updating learning rate to 9.091425130013939e-06
Epoch: 25 cost time: 3.471945285797119
Epoch: 25, Steps: 29 | Train Loss: 0.0753010 Vali Loss: 0.1227666 Test Loss: 0.0599687
Validation loss decreased (0.123992 --> 0.122767).  Saving model ...
Updating learning rate to 9.364133425830145e-06
Epoch: 26 cost time: 3.4869461059570312
Epoch: 26, Steps: 29 | Train Loss: 0.0744661 Vali Loss: 0.1219981 Test Loss: 0.0593966
Validation loss decreased (0.122767 --> 0.121998).  Saving model ...
Updating learning rate to 9.591113638846019e-06
Epoch: 27 cost time: 3.4860591888427734
Epoch: 27, Steps: 29 | Train Loss: 0.0736994 Vali Loss: 0.1209295 Test Loss: 0.0586428
Validation loss decreased (0.121998 --> 0.120930).  Saving model ...
Updating learning rate to 9.769873204843885e-06
Epoch: 28 cost time: 3.5059592723846436
Epoch: 28, Steps: 29 | Train Loss: 0.0729728 Vali Loss: 0.1200104 Test Loss: 0.0577516
Validation loss decreased (0.120930 --> 0.120010).  Saving model ...
Updating learning rate to 9.898449090606656e-06
Epoch: 29 cost time: 3.4806888103485107
Epoch: 29, Steps: 29 | Train Loss: 0.0722678 Vali Loss: 0.1191010 Test Loss: 0.0576247
Validation loss decreased (0.120010 --> 0.119101).  Saving model ...
Updating learning rate to 9.975429350802846e-06
Epoch: 30 cost time: 3.4839775562286377
Epoch: 30, Steps: 29 | Train Loss: 0.0715561 Vali Loss: 0.1184309 Test Loss: 0.0570628
Validation loss decreased (0.119101 --> 0.118431).  Saving model ...
Updating learning rate to 9.99999401249548e-06
Epoch: 31 cost time: 3.48370623588562
Epoch: 31, Steps: 29 | Train Loss: 0.0708066 Vali Loss: 0.1172819 Test Loss: 0.0566701
Validation loss decreased (0.118431 --> 0.117282).  Saving model ...
Updating learning rate to 9.994612212745642e-06
Epoch: 32 cost time: 3.4849448204040527
Epoch: 32, Steps: 29 | Train Loss: 0.0700701 Vali Loss: 0.1167570 Test Loss: 0.0561980
Validation loss decreased (0.117282 --> 0.116757).  Saving model ...
Updating learning rate to 9.979171968972798e-06
Epoch: 33 cost time: 3.487767457962036
Epoch: 33, Steps: 29 | Train Loss: 0.0693750 Vali Loss: 0.1159225 Test Loss: 0.0560252
Validation loss decreased (0.116757 --> 0.115922).  Saving model ...
Updating learning rate to 9.953704375773079e-06
Epoch: 34 cost time: 3.4831948280334473
Epoch: 34, Steps: 29 | Train Loss: 0.0687030 Vali Loss: 0.1150862 Test Loss: 0.0554360
Validation loss decreased (0.115922 --> 0.115086).  Saving model ...
Updating learning rate to 9.918260721489893e-06
Epoch: 35 cost time: 3.5113179683685303
Epoch: 35, Steps: 29 | Train Loss: 0.0679845 Vali Loss: 0.1147772 Test Loss: 0.0549083
Validation loss decreased (0.115086 --> 0.114777).  Saving model ...
Updating learning rate to 9.872912384926035e-06
Epoch: 36 cost time: 3.5267138481140137
Epoch: 36, Steps: 29 | Train Loss: 0.0672641 Vali Loss: 0.1134341 Test Loss: 0.0547641
Validation loss decreased (0.114777 --> 0.113434).  Saving model ...
Updating learning rate to 9.817750691596265e-06
Epoch: 37 cost time: 3.500115394592285
Epoch: 37, Steps: 29 | Train Loss: 0.0666768 Vali Loss: 0.1130409 Test Loss: 0.0544430
Validation loss decreased (0.113434 --> 0.113041).  Saving model ...
Updating learning rate to 9.752886729809889e-06
Epoch: 38 cost time: 3.5094592571258545
Epoch: 38, Steps: 29 | Train Loss: 0.0659554 Vali Loss: 0.1122368 Test Loss: 0.0539359
Validation loss decreased (0.113041 --> 0.112237).  Saving model ...
Updating learning rate to 9.678451126953676e-06
Epoch: 39 cost time: 3.492246150970459
Epoch: 39, Steps: 29 | Train Loss: 0.0653586 Vali Loss: 0.1111771 Test Loss: 0.0536328
Validation loss decreased (0.112237 --> 0.111177).  Saving model ...
Updating learning rate to 9.594593786425696e-06
Epoch: 40 cost time: 3.497023820877075
Epoch: 40, Steps: 29 | Train Loss: 0.0646820 Vali Loss: 0.1103968 Test Loss: 0.0533692
Validation loss decreased (0.111177 --> 0.110397).  Saving model ...
Updating learning rate to 9.501483585749811e-06
Epoch: 41 cost time: 3.501042127609253
Epoch: 41, Steps: 29 | Train Loss: 0.0640744 Vali Loss: 0.1103691 Test Loss: 0.0528764
Validation loss decreased (0.110397 --> 0.110369).  Saving model ...
Updating learning rate to 9.399308036478838e-06
Epoch: 42 cost time: 3.494363784790039
Epoch: 42, Steps: 29 | Train Loss: 0.0634019 Vali Loss: 0.1099448 Test Loss: 0.0522799
Validation loss decreased (0.110369 --> 0.109945).  Saving model ...
Updating learning rate to 9.288272906571216e-06
Epoch: 43 cost time: 3.5439293384552
Epoch: 43, Steps: 29 | Train Loss: 0.0628419 Vali Loss: 0.1089189 Test Loss: 0.0523371
Validation loss decreased (0.109945 --> 0.108919).  Saving model ...
Updating learning rate to 9.16860180600173e-06
Epoch: 44 cost time: 3.5068657398223877
Epoch: 44, Steps: 29 | Train Loss: 0.0622006 Vali Loss: 0.1078354 Test Loss: 0.0521024
Validation loss decreased (0.108919 --> 0.107835).  Saving model ...
Updating learning rate to 9.040535736440785e-06
Epoch: 45 cost time: 3.5046987533569336
Epoch: 45, Steps: 29 | Train Loss: 0.0615986 Vali Loss: 0.1076381 Test Loss: 0.0514960
Validation loss decreased (0.107835 --> 0.107638).  Saving model ...
Updating learning rate to 8.904332605909106e-06
Epoch: 46 cost time: 3.5044853687286377
Epoch: 46, Steps: 29 | Train Loss: 0.0610544 Vali Loss: 0.1065013 Test Loss: 0.0512377
Validation loss decreased (0.107638 --> 0.106501).  Saving model ...
Updating learning rate to 8.760266709385311e-06
Epoch: 47 cost time: 3.706000328063965
Epoch: 47, Steps: 29 | Train Loss: 0.0604499 Vali Loss: 0.1062547 Test Loss: 0.0509687
Validation loss decreased (0.106501 --> 0.106255).  Saving model ...
Updating learning rate to 8.608628176412335e-06
Epoch: 48 cost time: 3.729078531265259
Epoch: 48, Steps: 29 | Train Loss: 0.0598706 Vali Loss: 0.1055641 Test Loss: 0.0505791
Validation loss decreased (0.106255 --> 0.105564).  Saving model ...
Updating learning rate to 8.449722386815127e-06
Epoch: 49 cost time: 3.4985404014587402
Epoch: 49, Steps: 29 | Train Loss: 0.0593275 Vali Loss: 0.1049275 Test Loss: 0.0500496
Validation loss decreased (0.105564 --> 0.104927).  Saving model ...
Updating learning rate to 8.28386935570634e-06
Epoch: 50 cost time: 3.5551490783691406
Epoch: 50, Steps: 29 | Train Loss: 0.0586979 Vali Loss: 0.1037834 Test Loss: 0.0501001
Validation loss decreased (0.104927 --> 0.103783).  Saving model ...
Updating learning rate to 8.111403089018465e-06
Epoch: 51 cost time: 3.5131888389587402
Epoch: 51, Steps: 29 | Train Loss: 0.0582364 Vali Loss: 0.1025854 Test Loss: 0.0498852
Validation loss decreased (0.103783 --> 0.102585).  Saving model ...
Updating learning rate to 7.93267091086035e-06
Epoch: 52 cost time: 3.5118143558502197
Epoch: 52, Steps: 29 | Train Loss: 0.0576957 Vali Loss: 0.1030682 Test Loss: 0.0494215
EarlyStopping counter: 1 out of 10
Updating learning rate to 7.748032764052655e-06
Epoch: 53 cost time: 3.5578372478485107
Epoch: 53, Steps: 29 | Train Loss: 0.0571830 Vali Loss: 0.1018270 Test Loss: 0.0491053
Validation loss decreased (0.102585 --> 0.101827).  Saving model ...
Updating learning rate to 7.557860485250925e-06
Epoch: 54 cost time: 3.5331902503967285
Epoch: 54, Steps: 29 | Train Loss: 0.0566059 Vali Loss: 0.1016120 Test Loss: 0.0485677
Validation loss decreased (0.101827 --> 0.101612).  Saving model ...
Updating learning rate to 7.362537056116034e-06
Epoch: 55 cost time: 3.521200656890869
Epoch: 55, Steps: 29 | Train Loss: 0.0560883 Vali Loss: 0.1007221 Test Loss: 0.0483105
Validation loss decreased (0.101612 --> 0.100722).  Saving model ...
Updating learning rate to 7.162455832040107e-06
Epoch: 56 cost time: 3.5917694568634033
Epoch: 56, Steps: 29 | Train Loss: 0.0555554 Vali Loss: 0.0991567 Test Loss: 0.0482137
Validation loss decreased (0.100722 --> 0.099157).  Saving model ...
Updating learning rate to 6.9580197499810984e-06
Epoch: 57 cost time: 3.518197536468506
Epoch: 57, Steps: 29 | Train Loss: 0.0550933 Vali Loss: 0.0990087 Test Loss: 0.0478885
Validation loss decreased (0.099157 --> 0.099009).  Saving model ...
Updating learning rate to 6.7496405170013816e-06
Epoch: 58 cost time: 3.756887674331665
Epoch: 58, Steps: 29 | Train Loss: 0.0546648 Vali Loss: 0.0987135 Test Loss: 0.0473151
Validation loss decreased (0.099009 --> 0.098713).  Saving model ...
Updating learning rate to 6.537737781144523e-06
Epoch: 59 cost time: 3.52288818359375
Epoch: 59, Steps: 29 | Train Loss: 0.0541768 Vali Loss: 0.0980610 Test Loss: 0.0468011
Validation loss decreased (0.098713 --> 0.098061).  Saving model ...
Updating learning rate to 6.322738286319964e-06
Epoch: 60 cost time: 3.530200481414795
Epoch: 60, Steps: 29 | Train Loss: 0.0536722 Vali Loss: 0.0966663 Test Loss: 0.0468782
Validation loss decreased (0.098061 --> 0.096666).  Saving model ...
Updating learning rate to 6.105075012897585e-06
Epoch: 61 cost time: 3.5876431465148926
Epoch: 61, Steps: 29 | Train Loss: 0.0531729 Vali Loss: 0.0961601 Test Loss: 0.0464727
Validation loss decreased (0.096666 --> 0.096160).  Saving model ...
Updating learning rate to 5.885186305742857e-06
Epoch: 62 cost time: 3.511239528656006
Epoch: 62, Steps: 29 | Train Loss: 0.0527728 Vali Loss: 0.0952061 Test Loss: 0.0461668
Validation loss decreased (0.096160 --> 0.095206).  Saving model ...
Updating learning rate to 5.6635149914486225e-06
Epoch: 63 cost time: 3.5520777702331543
Epoch: 63, Steps: 29 | Train Loss: 0.0523057 Vali Loss: 0.0944676 Test Loss: 0.0459132
Validation loss decreased (0.095206 --> 0.094468).  Saving model ...
Updating learning rate to 5.440507486541268e-06
Epoch: 64 cost time: 3.51090669631958
Epoch: 64, Steps: 29 | Train Loss: 0.0518441 Vali Loss: 0.0941161 Test Loss: 0.0453690
Validation loss decreased (0.094468 --> 0.094116).  Saving model ...
Updating learning rate to 5.216612898457253e-06
Epoch: 65 cost time: 3.5884344577789307
Epoch: 65, Steps: 29 | Train Loss: 0.0514608 Vali Loss: 0.0930547 Test Loss: 0.0451708
Validation loss decreased (0.094116 --> 0.093055).  Saving model ...
Updating learning rate to 4.992282121100496e-06
Epoch: 66 cost time: 3.5199501514434814
Epoch: 66, Steps: 29 | Train Loss: 0.0509755 Vali Loss: 0.0931367 Test Loss: 0.0447498
EarlyStopping counter: 1 out of 10
Updating learning rate to 4.767966926802067e-06
Epoch: 67 cost time: 3.523045301437378
Epoch: 67, Steps: 29 | Train Loss: 0.0505651 Vali Loss: 0.0916211 Test Loss: 0.0445934
Validation loss decreased (0.093055 --> 0.091621).  Saving model ...
Updating learning rate to 4.5441190565108235e-06
Epoch: 68 cost time: 3.521033763885498
Epoch: 68, Steps: 29 | Train Loss: 0.0501205 Vali Loss: 0.0910538 Test Loss: 0.0441728
Validation loss decreased (0.091621 --> 0.091054).  Saving model ...
Updating learning rate to 4.3211893100472735e-06
Epoch: 69 cost time: 3.5644023418426514
Epoch: 69, Steps: 29 | Train Loss: 0.0496824 Vali Loss: 0.0907864 Test Loss: 0.0438150
Validation loss decreased (0.091054 --> 0.090786).  Saving model ...
Updating learning rate to 4.099626638252712e-06
Epoch: 70 cost time: 3.4915807247161865
Epoch: 70, Steps: 29 | Train Loss: 0.0493355 Vali Loss: 0.0900198 Test Loss: 0.0434197
Validation loss decreased (0.090786 --> 0.090020).  Saving model ...
Updating learning rate to 3.879877238861997e-06
Epoch: 71 cost time: 3.5022690296173096
Epoch: 71, Steps: 29 | Train Loss: 0.0488887 Vali Loss: 0.0889850 Test Loss: 0.0432762
Validation loss decreased (0.090020 --> 0.088985).  Saving model ...
Updating learning rate to 3.662383657920668e-06
Epoch: 72 cost time: 3.5378432273864746
Epoch: 72, Steps: 29 | Train Loss: 0.0485442 Vali Loss: 0.0883993 Test Loss: 0.0428777
Validation loss decreased (0.088985 --> 0.088399).  Saving model ...
Updating learning rate to 3.447583898556124e-06
Epoch: 73 cost time: 3.5174343585968018
Epoch: 73, Steps: 29 | Train Loss: 0.0480891 Vali Loss: 0.0880376 Test Loss: 0.0424965
Validation loss decreased (0.088399 --> 0.088038).  Saving model ...
Updating learning rate to 3.2359105388976132e-06
Epoch: 74 cost time: 3.5162601470947266
Epoch: 74, Steps: 29 | Train Loss: 0.0476825 Vali Loss: 0.0871723 Test Loss: 0.0422368
Validation loss decreased (0.088038 --> 0.087172).  Saving model ...
Updating learning rate to 3.027789860921434e-06
Epoch: 75 cost time: 3.4851326942443848
Epoch: 75, Steps: 29 | Train Loss: 0.0473736 Vali Loss: 0.0866415 Test Loss: 0.0418989
Validation loss decreased (0.087172 --> 0.086642).  Saving model ...
Updating learning rate to 2.8236409919757893e-06
Epoch: 76 cost time: 3.547773838043213
Epoch: 76, Steps: 29 | Train Loss: 0.0469666 Vali Loss: 0.0861379 Test Loss: 0.0414887
Validation loss decreased (0.086642 --> 0.086138).  Saving model ...
Updating learning rate to 2.6238750607140637e-06
Epoch: 77 cost time: 3.4991791248321533
Epoch: 77, Steps: 29 | Train Loss: 0.0465920 Vali Loss: 0.0850858 Test Loss: 0.0413229
Validation loss decreased (0.086138 --> 0.085086).  Saving model ...
Updating learning rate to 2.4288943691364434e-06
Epoch: 78 cost time: 3.532517671585083
Epoch: 78, Steps: 29 | Train Loss: 0.0462226 Vali Loss: 0.0845557 Test Loss: 0.0411011
Validation loss decreased (0.085086 --> 0.084556).  Saving model ...
Updating learning rate to 2.2390915824072217e-06
Epoch: 79 cost time: 3.516693592071533
Epoch: 79, Steps: 29 | Train Loss: 0.0458556 Vali Loss: 0.0835703 Test Loss: 0.0407563
Validation loss decreased (0.084556 --> 0.083570).  Saving model ...
Updating learning rate to 2.0548489380794217e-06
Epoch: 80 cost time: 3.492638349533081
Epoch: 80, Steps: 29 | Train Loss: 0.0454913 Vali Loss: 0.0834797 Test Loss: 0.0403647
Validation loss decreased (0.083570 --> 0.083480).  Saving model ...
Updating learning rate to 1.876537476319218e-06
Epoch: 81 cost time: 3.734551191329956
Epoch: 81, Steps: 29 | Train Loss: 0.0451909 Vali Loss: 0.0830049 Test Loss: 0.0403439
Validation loss decreased (0.083480 --> 0.083005).  Saving model ...
Updating learning rate to 1.7045162926804444e-06
Epoch: 82 cost time: 3.551952362060547
Epoch: 82, Steps: 29 | Train Loss: 0.0452025 Vali Loss: 0.0828875 Test Loss: 0.0403454
Validation loss decreased (0.083005 --> 0.082887).  Saving model ...
Updating learning rate to 1.5391318149339123e-06
Epoch: 83 cost time: 3.5433313846588135
Epoch: 83, Steps: 29 | Train Loss: 0.0451302 Vali Loss: 0.0830135 Test Loss: 0.0402751
EarlyStopping counter: 1 out of 10
Updating learning rate to 1.3807171054080036e-06
Epoch: 84 cost time: 3.5125856399536133
Epoch: 84, Steps: 29 | Train Loss: 0.0451548 Vali Loss: 0.0831522 Test Loss: 0.0402990
EarlyStopping counter: 2 out of 10
Updating learning rate to 1.2295911902454577e-06
Epoch: 85 cost time: 3.530242443084717
Epoch: 85, Steps: 29 | Train Loss: 0.0451894 Vali Loss: 0.0831417 Test Loss: 0.0403689
EarlyStopping counter: 3 out of 10
Updating learning rate to 1.0860584169271784e-06
Epoch: 86 cost time: 3.8382179737091064
Epoch: 86, Steps: 29 | Train Loss: 0.0451376 Vali Loss: 0.0833686 Test Loss: 0.0402881
EarlyStopping counter: 4 out of 10
Updating learning rate to 9.504078413569088e-07
Epoch: 87 cost time: 3.5471489429473877
Epoch: 87, Steps: 29 | Train Loss: 0.0451332 Vali Loss: 0.0831645 Test Loss: 0.0403500
EarlyStopping counter: 5 out of 10
Updating learning rate to 8.229126457411124e-07
Epoch: 88 cost time: 3.5360002517700195
Epoch: 88, Steps: 29 | Train Loss: 0.0451220 Vali Loss: 0.0831881 Test Loss: 0.0403276
EarlyStopping counter: 6 out of 10
Updating learning rate to 7.038295884363647e-07
Epoch: 89 cost time: 3.552884340286255
Epoch: 89, Steps: 29 | Train Loss: 0.0451491 Vali Loss: 0.0831392 Test Loss: 0.0402888
EarlyStopping counter: 7 out of 10
Updating learning rate to 5.933984868721898e-07
Epoch: 90 cost time: 3.541795492172241
Epoch: 90, Steps: 29 | Train Loss: 0.0451725 Vali Loss: 0.0833420 Test Loss: 0.0403025
EarlyStopping counter: 8 out of 10
Updating learning rate to 4.918417345906772e-07
Epoch: 91 cost time: 3.521944522857666
Epoch: 91, Steps: 29 | Train Loss: 0.0450944 Vali Loss: 0.0830622 Test Loss: 0.0403419
EarlyStopping counter: 9 out of 10
Updating learning rate to 3.9936385337548097e-07
Epoch: 92 cost time: 3.6155543327331543
Epoch: 92, Steps: 29 | Train Loss: 0.0451366 Vali Loss: 0.0833007 Test Loss: 0.0403159
EarlyStopping counter: 10 out of 10
Early stopping
>>>>>>>testing : ETTh1_336_720_DTFNet_ETTh1_ftM_sl336_ll0_pl720_dm128_nh16_el2_br2_dl1_df256_fc1_ebtimeF_dtTrue_'Exp'_0_'rel_sin'_16_8_16,24_8,12_3_1_256<<<<<<<<<<<<<<<<<<<<<<<<<<<<<<<<<
test 2161
mse:0.4308725893497467, mae:0.4503574073314667, rse:0.6304628252983093
