Args in experiment:
Namespace(is_training=1, model_id='ETTh1_336_192', model='DTFNet', data='ETTh1', root_path='./dataset/', data_path='ETTh1.csv', features='M', target='OT', freq='h', checkpoints='./checkpoints/', seq_len=336, label_len=0, pred_len=192, n_branches=2, patch_len_ls='16,24', stride_ls='8,12', d_model_ls='128', n_heads_ls='16', rel_pe="'rel_sin'", res_attn=False, head_type='flatten', fc_dropout=0.3, head_dropout=0.1, patch_len=16, stride=8, padding_patch="'end'", revin=1, affine=0, subtract_last=0, decomposition=0, kernel_size=25, individual=0, store_attn=False, pre_norm=False, pe='zeros', no_learn_pe=True, embed_type=0, enc_in=7, dec_in=7, c_out=7, d_model=128, n_heads=16, e_layers=2, d_layers=1, d_ff=256, moving_avg=25, factor=1, distil=True, dropout=0.3, embed='timeF', activation='gelu', output_attention=False, do_predict=False, num_workers=0, itr=1, train_epochs=100, batch_size=256, patience=10, learning_rate=1e-05, des="'Exp'", loss='mse', lradj='TST', pct_start=0.3, use_amp=False, l2=0.0, warmup_steps=0, use_gpu=True, gpu=0, use_multi_gpu=False, devices='0', test_flop=False, use_mlflow=False, mlflow_project='exp', loss_flag=2, sub_patch_len=16, sub_stride=8, stride_ls_list='16', model_type='linear', tfactor=3, dilation_rates='1', wavelet_layers=2, wavelet_type='db5', wavelet_mode='periodization', wavelet_dim=64, initTLV=0.2)
Use GPU: cuda:0
>>>>>>>start training : ETTh1_336_192_DTFNet_ETTh1_ftM_sl336_ll0_pl192_dm128_nh16_el2_br2_dl1_df256_fc1_ebtimeF_dtTrue_'Exp'_0_'rel_sin'_16_8_16,24_8,12_3_1_256>>>>>>>>>>>>>>>>>>>>>>>>>>
train 8113
val 2689
test 2689
Epoch: 1 cost time: 3.137162685394287
Epoch: 1, Steps: 31 | Train Loss: 0.0949882 Vali Loss: 0.1562719 Test Loss: 0.0952262
Validation loss decreased (inf --> 0.156272).  Saving model ...
Updating learning rate to 4.2635148986572395e-07
Epoch: 2 cost time: 2.7994065284729004
Epoch: 2, Steps: 31 | Train Loss: 0.0940521 Vali Loss: 0.1544323 Test Loss: 0.0942792
Validation loss decreased (0.156272 --> 0.154432).  Saving model ...
Updating learning rate to 5.051166257053371e-07
Epoch: 3 cost time: 2.7191519737243652
Epoch: 3, Steps: 31 | Train Loss: 0.0931113 Vali Loss: 0.1531764 Test Loss: 0.0932647
Validation loss decreased (0.154432 --> 0.153176).  Saving model ...
Updating learning rate to 6.354305830693182e-07
Epoch: 4 cost time: 2.7136974334716797
Epoch: 4, Steps: 31 | Train Loss: 0.0920732 Vali Loss: 0.1513988 Test Loss: 0.0921862
Validation loss decreased (0.153176 --> 0.151399).  Saving model ...
Updating learning rate to 8.158625424048165e-07
Epoch: 5 cost time: 2.718785047531128
Epoch: 5, Steps: 31 | Train Loss: 0.0910961 Vali Loss: 0.1492533 Test Loss: 0.0910308
Validation loss decreased (0.151399 --> 0.149253).  Saving model ...
Updating learning rate to 1.0444313991502185e-06
Epoch: 6 cost time: 2.7181124687194824
Epoch: 6, Steps: 31 | Train Loss: 0.0900298 Vali Loss: 0.1476192 Test Loss: 0.0897672
Validation loss decreased (0.149253 --> 0.147619).  Saving model ...
Updating learning rate to 1.3186275158421247e-06
Epoch: 7 cost time: 2.712876558303833
Epoch: 7, Steps: 31 | Train Loss: 0.0888009 Vali Loss: 0.1453884 Test Loss: 0.0883602
Validation loss decreased (0.147619 --> 0.145388).  Saving model ...
Updating learning rate to 1.6354402774012767e-06
Epoch: 8 cost time: 2.7126874923706055
Epoch: 8, Steps: 31 | Train Loss: 0.0876455 Vali Loss: 0.1430490 Test Loss: 0.0867418
Validation loss decreased (0.145388 --> 0.143049).  Saving model ...
Updating learning rate to 1.99139114704619e-06
Epoch: 9 cost time: 2.724064350128174
Epoch: 9, Steps: 31 | Train Loss: 0.0861488 Vali Loss: 0.1399233 Test Loss: 0.0848283
Validation loss decreased (0.143049 --> 0.139923).  Saving model ...
Updating learning rate to 2.3825718598876392e-06
Epoch: 10 cost time: 2.706355333328247
Epoch: 10, Steps: 31 | Train Loss: 0.0844503 Vali Loss: 0.1362813 Test Loss: 0.0824268
Validation loss decreased (0.139923 --> 0.136281).  Saving model ...
Updating learning rate to 2.8046873348464134e-06
Epoch: 11 cost time: 2.7174103260040283
Epoch: 11, Steps: 31 | Train Loss: 0.0822989 Vali Loss: 0.1322412 Test Loss: 0.0793365
Validation loss decreased (0.136281 --> 0.132241).  Saving model ...
Updating learning rate to 3.2531028337306174e-06
Epoch: 12 cost time: 2.7135727405548096
Epoch: 12, Steps: 31 | Train Loss: 0.0799249 Vali Loss: 0.1270358 Test Loss: 0.0756156
Validation loss decreased (0.132241 --> 0.127036).  Saving model ...
Updating learning rate to 3.7228948496758864e-06
Epoch: 13 cost time: 2.710059881210327
Epoch: 13, Steps: 31 | Train Loss: 0.0771338 Vali Loss: 0.1217572 Test Loss: 0.0717774
Validation loss decreased (0.127036 --> 0.121757).  Saving model ...
Updating learning rate to 4.20890516620423e-06
Epoch: 14 cost time: 2.710777759552002
Epoch: 14, Steps: 31 | Train Loss: 0.0744559 Vali Loss: 0.1164865 Test Loss: 0.0687163
Validation loss decreased (0.121757 --> 0.116487).  Saving model ...
Updating learning rate to 4.705797493344547e-06
Epoch: 15 cost time: 2.7103652954101562
Epoch: 15, Steps: 31 | Train Loss: 0.0721630 Vali Loss: 0.1123773 Test Loss: 0.0663668
Validation loss decreased (0.116487 --> 0.112377).  Saving model ...
Updating learning rate to 5.208116058962259e-06
Epoch: 16 cost time: 2.7336788177490234
Epoch: 16, Steps: 31 | Train Loss: 0.0701025 Vali Loss: 0.1081371 Test Loss: 0.0643663
Validation loss decreased (0.112377 --> 0.108137).  Saving model ...
Updating learning rate to 5.710345511977682e-06
Epoch: 17 cost time: 2.7265465259552
Epoch: 17, Steps: 31 | Train Loss: 0.0682041 Vali Loss: 0.1045473 Test Loss: 0.0624413
Validation loss decreased (0.108137 --> 0.104547).  Saving model ...
Updating learning rate to 6.206971479748566e-06
Epoch: 18 cost time: 2.7305703163146973
Epoch: 18, Steps: 31 | Train Loss: 0.0665321 Vali Loss: 0.1015004 Test Loss: 0.0606887
Validation loss decreased (0.104547 --> 0.101500).  Saving model ...
Updating learning rate to 6.6925411147095855e-06
Epoch: 19 cost time: 2.7452657222747803
Epoch: 19, Steps: 31 | Train Loss: 0.0649352 Vali Loss: 0.0993221 Test Loss: 0.0591904
Validation loss decreased (0.101500 --> 0.099322).  Saving model ...
Updating learning rate to 7.161722965479587e-06
Epoch: 20 cost time: 2.737337112426758
Epoch: 20, Steps: 31 | Train Loss: 0.0636815 Vali Loss: 0.0971030 Test Loss: 0.0577448
Validation loss decreased (0.099322 --> 0.097103).  Saving model ...
Updating learning rate to 7.609365515064509e-06
Epoch: 21 cost time: 2.7231974601745605
Epoch: 21, Steps: 31 | Train Loss: 0.0625477 Vali Loss: 0.0954638 Test Loss: 0.0567584
Validation loss decreased (0.097103 --> 0.095464).  Saving model ...
Updating learning rate to 8.030553743418992e-06
Epoch: 22 cost time: 2.721210241317749
Epoch: 22, Steps: 31 | Train Loss: 0.0616564 Vali Loss: 0.0941475 Test Loss: 0.0558134
Validation loss decreased (0.095464 --> 0.094147).  Saving model ...
Updating learning rate to 8.420663093321771e-06
Epoch: 23 cost time: 2.7190661430358887
Epoch: 23, Steps: 31 | Train Loss: 0.0607420 Vali Loss: 0.0925662 Test Loss: 0.0551480
Validation loss decreased (0.094147 --> 0.092566).  Saving model ...
Updating learning rate to 8.775410247030974e-06
Epoch: 24 cost time: 2.7254691123962402
Epoch: 24, Steps: 31 | Train Loss: 0.0599437 Vali Loss: 0.0914726 Test Loss: 0.0542955
Validation loss decreased (0.092566 --> 0.091473).  Saving model ...
Updating learning rate to 9.09090015620249e-06
Epoch: 25 cost time: 2.7441823482513428
Epoch: 25, Steps: 31 | Train Loss: 0.0591170 Vali Loss: 0.0904157 Test Loss: 0.0534092
Validation loss decreased (0.091473 --> 0.090416).  Saving model ...
Updating learning rate to 9.363668808692879e-06
Epoch: 26 cost time: 2.744347095489502
Epoch: 26, Steps: 31 | Train Loss: 0.0584731 Vali Loss: 0.0895570 Test Loss: 0.0527410
Validation loss decreased (0.090416 --> 0.089557).  Saving model ...
Updating learning rate to 9.59072126267639e-06
Epoch: 27 cost time: 2.7466466426849365
Epoch: 27, Steps: 31 | Train Loss: 0.0576578 Vali Loss: 0.0885765 Test Loss: 0.0521421
Validation loss decreased (0.089557 --> 0.088576).  Saving model ...
Updating learning rate to 9.769564530469635e-06
Epoch: 28 cost time: 2.753208637237549
Epoch: 28, Steps: 31 | Train Loss: 0.0569514 Vali Loss: 0.0874902 Test Loss: 0.0515200
Validation loss decreased (0.088576 --> 0.087490).  Saving model ...
Updating learning rate to 9.898234951006446e-06
Epoch: 29 cost time: 2.716416597366333
Epoch: 29, Steps: 31 | Train Loss: 0.0562611 Vali Loss: 0.0863532 Test Loss: 0.0509331
Validation loss decreased (0.087490 --> 0.086353).  Saving model ...
Updating learning rate to 9.97531975041899e-06
Epoch: 30 cost time: 2.7137086391448975
Epoch: 30, Steps: 31 | Train Loss: 0.0555925 Vali Loss: 0.0856973 Test Loss: 0.0503363
Validation loss decreased (0.086353 --> 0.085697).  Saving model ...
Updating learning rate to 9.999994760154602e-06
Epoch: 31 cost time: 2.7121617794036865
Epoch: 31, Steps: 31 | Train Loss: 0.0549690 Vali Loss: 0.0846448 Test Loss: 0.0498035
Validation loss decreased (0.085697 --> 0.084645).  Saving model ...
Updating learning rate to 9.994635356966321e-06
Epoch: 32 cost time: 2.7114663124084473
Epoch: 32, Steps: 31 | Train Loss: 0.0543377 Vali Loss: 0.0837537 Test Loss: 0.0492027
Validation loss decreased (0.084645 --> 0.083754).  Saving model ...
Updating learning rate to 9.979217463145653e-06
Epoch: 33 cost time: 2.7183432579040527
Epoch: 33, Steps: 31 | Train Loss: 0.0536860 Vali Loss: 0.0829196 Test Loss: 0.0486070
Validation loss decreased (0.083754 --> 0.082920).  Saving model ...
Updating learning rate to 9.953772128278901e-06
Epoch: 34 cost time: 2.7286458015441895
Epoch: 34, Steps: 31 | Train Loss: 0.0531081 Vali Loss: 0.0818355 Test Loss: 0.0481116
Validation loss decreased (0.082920 --> 0.081836).  Saving model ...
Updating learning rate to 9.918350595884151e-06
Epoch: 35 cost time: 2.7303669452667236
Epoch: 35, Steps: 31 | Train Loss: 0.0525389 Vali Loss: 0.0812178 Test Loss: 0.0476465
Validation loss decreased (0.081836 --> 0.081218).  Saving model ...
Updating learning rate to 9.873024200213661e-06
Epoch: 36 cost time: 2.7154037952423096
Epoch: 36, Steps: 31 | Train Loss: 0.0519351 Vali Loss: 0.0805344 Test Loss: 0.0471141
Validation loss decreased (0.081218 --> 0.080534).  Saving model ...
Updating learning rate to 9.817884222596151e-06
Epoch: 37 cost time: 2.711878538131714
Epoch: 37, Steps: 31 | Train Loss: 0.0513319 Vali Loss: 0.0795263 Test Loss: 0.0467014
Validation loss decreased (0.080534 --> 0.079526).  Saving model ...
Updating learning rate to 9.75304170760837e-06
Epoch: 38 cost time: 2.7198679447174072
Epoch: 38, Steps: 31 | Train Loss: 0.0507455 Vali Loss: 0.0788201 Test Loss: 0.0461828
Validation loss decreased (0.079526 --> 0.078820).  Saving model ...
Updating learning rate to 9.678627239446092e-06
Epoch: 39 cost time: 2.7217395305633545
Epoch: 39, Steps: 31 | Train Loss: 0.0502497 Vali Loss: 0.0778304 Test Loss: 0.0457596
Validation loss decreased (0.078820 --> 0.077830).  Saving model ...
Updating learning rate to 9.594790678944921e-06
Epoch: 40 cost time: 2.7284293174743652
Epoch: 40, Steps: 31 | Train Loss: 0.0496901 Vali Loss: 0.0772721 Test Loss: 0.0453238
Validation loss decreased (0.077830 --> 0.077272).  Saving model ...
Updating learning rate to 9.50170086178052e-06
Epoch: 41 cost time: 2.7135097980499268
Epoch: 41, Steps: 31 | Train Loss: 0.0491796 Vali Loss: 0.0760695 Test Loss: 0.0448166
Validation loss decreased (0.077272 --> 0.076070).  Saving model ...
Updating learning rate to 9.399545258456017e-06
Epoch: 42 cost time: 2.724299907684326
Epoch: 42, Steps: 31 | Train Loss: 0.0486055 Vali Loss: 0.0757639 Test Loss: 0.0443826
Validation loss decreased (0.076070 --> 0.075764).  Saving model ...
Updating learning rate to 9.288529596761373e-06
Epoch: 43 cost time: 2.724916934967041
Epoch: 43, Steps: 31 | Train Loss: 0.0481118 Vali Loss: 0.0748821 Test Loss: 0.0439971
Validation loss decreased (0.075764 --> 0.074882).  Saving model ...
Updating learning rate to 9.168877447464985e-06
Epoch: 44 cost time: 2.7152090072631836
Epoch: 44, Steps: 31 | Train Loss: 0.0475282 Vali Loss: 0.0744605 Test Loss: 0.0435485
Validation loss decreased (0.074882 --> 0.074460).  Saving model ...
Updating learning rate to 9.040829774071914e-06
Epoch: 45 cost time: 2.721489191055298
Epoch: 45, Steps: 31 | Train Loss: 0.0470347 Vali Loss: 0.0734307 Test Loss: 0.0431855
Validation loss decreased (0.074460 --> 0.073431).  Saving model ...
Updating learning rate to 8.904644447555448e-06
Epoch: 46 cost time: 2.730680227279663
Epoch: 46, Steps: 31 | Train Loss: 0.0465666 Vali Loss: 0.0731264 Test Loss: 0.0426839
Validation loss decreased (0.073431 --> 0.073126).  Saving model ...
Updating learning rate to 8.760595727039295e-06
Epoch: 47 cost time: 2.7147512435913086
Epoch: 47, Steps: 31 | Train Loss: 0.0460536 Vali Loss: 0.0722914 Test Loss: 0.0423165
Validation loss decreased (0.073126 --> 0.072291).  Saving model ...
Updating learning rate to 8.608973707476191e-06
Epoch: 48 cost time: 2.7183523178100586
Epoch: 48, Steps: 31 | Train Loss: 0.0455342 Vali Loss: 0.0714128 Test Loss: 0.0419700
Validation loss decreased (0.072291 --> 0.071413).  Saving model ...
Updating learning rate to 8.450083735435278e-06
Epoch: 49 cost time: 2.7307257652282715
Epoch: 49, Steps: 31 | Train Loss: 0.0450875 Vali Loss: 0.0708684 Test Loss: 0.0415170
Validation loss decreased (0.071413 --> 0.070868).  Saving model ...
Updating learning rate to 8.284245794174751e-06
Epoch: 50 cost time: 2.749152660369873
Epoch: 50, Steps: 31 | Train Loss: 0.0446045 Vali Loss: 0.0698773 Test Loss: 0.0411214
Validation loss decreased (0.070868 --> 0.069877).  Saving model ...
Updating learning rate to 8.111793859238162e-06
Epoch: 51 cost time: 2.720869541168213
Epoch: 51, Steps: 31 | Train Loss: 0.0441362 Vali Loss: 0.0695101 Test Loss: 0.0407376
Validation loss decreased (0.069877 --> 0.069510).  Saving model ...
Updating learning rate to 7.93307522587211e-06
Epoch: 52 cost time: 2.7430059909820557
Epoch: 52, Steps: 31 | Train Loss: 0.0436665 Vali Loss: 0.0687120 Test Loss: 0.0403605
Validation loss decreased (0.069510 --> 0.068712).  Saving model ...
Updating learning rate to 7.748449809619857e-06
Epoch: 53 cost time: 2.716726303100586
Epoch: 53, Steps: 31 | Train Loss: 0.0431609 Vali Loss: 0.0680309 Test Loss: 0.0399589
Validation loss decreased (0.068712 --> 0.068031).  Saving model ...
Updating learning rate to 7.558289421499295e-06
Epoch: 54 cost time: 2.719257354736328
Epoch: 54, Steps: 31 | Train Loss: 0.0427301 Vali Loss: 0.0673164 Test Loss: 0.0396195
Validation loss decreased (0.068031 --> 0.067316).  Saving model ...
Updating learning rate to 7.362977019225052e-06
Epoch: 55 cost time: 2.7275397777557373
Epoch: 55, Steps: 31 | Train Loss: 0.0423046 Vali Loss: 0.0667487 Test Loss: 0.0391777
Validation loss decreased (0.067316 --> 0.066749).  Saving model ...
Updating learning rate to 7.162905935982624e-06
Epoch: 56 cost time: 2.7398059368133545
Epoch: 56, Steps: 31 | Train Loss: 0.0418898 Vali Loss: 0.0660870 Test Loss: 0.0388535
Validation loss decreased (0.066749 --> 0.066087).  Saving model ...
Updating learning rate to 6.958479088307673e-06
Epoch: 57 cost time: 2.734102487564087
Epoch: 57, Steps: 31 | Train Loss: 0.0414297 Vali Loss: 0.0654198 Test Loss: 0.0385104
Validation loss decreased (0.066087 --> 0.065420).  Saving model ...
Updating learning rate to 6.7501081646657556e-06
Epoch: 58 cost time: 2.7334342002868652
Epoch: 58, Steps: 31 | Train Loss: 0.0409795 Vali Loss: 0.0647728 Test Loss: 0.0381641
Validation loss decreased (0.065420 --> 0.064773).  Saving model ...
Updating learning rate to 6.538212796366537e-06
Epoch: 59 cost time: 2.7304399013519287
Epoch: 59, Steps: 31 | Train Loss: 0.0405654 Vali Loss: 0.0643619 Test Loss: 0.0377908
Validation loss decreased (0.064773 --> 0.064362).  Saving model ...
Updating learning rate to 6.323219712482178e-06
Epoch: 60 cost time: 2.7274487018585205
Epoch: 60, Steps: 31 | Train Loss: 0.0401648 Vali Loss: 0.0636581 Test Loss: 0.0374533
Validation loss decreased (0.064362 --> 0.063658).  Saving model ...
Updating learning rate to 6.1055618804717764e-06
Epoch: 61 cost time: 2.740492343902588
Epoch: 61, Steps: 31 | Train Loss: 0.0397705 Vali Loss: 0.0631152 Test Loss: 0.0370723
Validation loss decreased (0.063658 --> 0.063115).  Saving model ...
Updating learning rate to 5.8856776342425235e-06
Epoch: 62 cost time: 2.7231204509735107
Epoch: 62, Steps: 31 | Train Loss: 0.0393737 Vali Loss: 0.0624737 Test Loss: 0.0367359
Validation loss decreased (0.063115 --> 0.062474).  Saving model ...
Updating learning rate to 5.664009791403554e-06
Epoch: 63 cost time: 2.7280516624450684
Epoch: 63, Steps: 31 | Train Loss: 0.0389330 Vali Loss: 0.0618197 Test Loss: 0.0364216
Validation loss decreased (0.062474 --> 0.061820).  Saving model ...
Updating learning rate to 5.441004761490205e-06
Epoch: 64 cost time: 2.743197441101074
Epoch: 64, Steps: 31 | Train Loss: 0.0385650 Vali Loss: 0.0611822 Test Loss: 0.0360542
Validation loss decreased (0.061820 --> 0.061182).  Saving model ...
Updating learning rate to 5.217111646954626e-06
Epoch: 65 cost time: 2.737611770629883
Epoch: 65, Steps: 31 | Train Loss: 0.0381644 Vali Loss: 0.0606168 Test Loss: 0.0358570
Validation loss decreased (0.061182 --> 0.060617).  Saving model ...
Updating learning rate to 4.992781338733208e-06
Epoch: 66 cost time: 2.779968500137329
Epoch: 66, Steps: 31 | Train Loss: 0.0380862 Vali Loss: 0.0606054 Test Loss: 0.0358751
Validation loss decreased (0.060617 --> 0.060605).  Saving model ...
Updating learning rate to 4.768465608212241e-06
Epoch: 67 cost time: 2.769055128097534
Epoch: 67, Steps: 31 | Train Loss: 0.0380238 Vali Loss: 0.0609527 Test Loss: 0.0358724
EarlyStopping counter: 1 out of 10
Updating learning rate to 4.544616197420465e-06
Epoch: 68 cost time: 2.778977155685425
Epoch: 68, Steps: 31 | Train Loss: 0.0379790 Vali Loss: 0.0609156 Test Loss: 0.0359125
EarlyStopping counter: 2 out of 10
Updating learning rate to 4.321683909280753e-06
Epoch: 69 cost time: 2.774433135986328
Epoch: 69, Steps: 31 | Train Loss: 0.0379938 Vali Loss: 0.0608086 Test Loss: 0.0358533
EarlyStopping counter: 3 out of 10
Updating learning rate to 4.100117699752996e-06
Epoch: 70 cost time: 2.77303409576416
Epoch: 70, Steps: 31 | Train Loss: 0.0379748 Vali Loss: 0.0607041 Test Loss: 0.0358812
EarlyStopping counter: 4 out of 10
Updating learning rate to 3.8803637736965736e-06
Epoch: 71 cost time: 2.760594606399536
Epoch: 71, Steps: 31 | Train Loss: 0.0379101 Vali Loss: 0.0608518 Test Loss: 0.0358861
EarlyStopping counter: 5 out of 10
Updating learning rate to 3.66286468627313e-06
Epoch: 72 cost time: 2.967064619064331
Epoch: 72, Steps: 31 | Train Loss: 0.0379169 Vali Loss: 0.0607033 Test Loss: 0.0358892
EarlyStopping counter: 6 out of 10
Updating learning rate to 3.4480584516993903e-06
Epoch: 73 cost time: 3.1272060871124268
Epoch: 73, Steps: 31 | Train Loss: 0.0379079 Vali Loss: 0.0606823 Test Loss: 0.0358684
EarlyStopping counter: 7 out of 10
Updating learning rate to 3.2363776611448018e-06
Epoch: 74 cost time: 2.8857169151306152
Epoch: 74, Steps: 31 | Train Loss: 0.0379021 Vali Loss: 0.0608415 Test Loss: 0.0359270
EarlyStopping counter: 8 out of 10
Updating learning rate to 3.0282486115505108e-06
Epoch: 75 cost time: 2.8951144218444824
Epoch: 75, Steps: 31 | Train Loss: 0.0378135 Vali Loss: 0.0609072 Test Loss: 0.0359138
EarlyStopping counter: 9 out of 10
Updating learning rate to 2.8240904471240344e-06
Epoch: 76 cost time: 2.8878676891326904
Epoch: 76, Steps: 31 | Train Loss: 0.0378718 Vali Loss: 0.0608667 Test Loss: 0.0358872
EarlyStopping counter: 10 out of 10
Early stopping
>>>>>>>testing : ETTh1_336_192_DTFNet_ETTh1_ftM_sl336_ll0_pl192_dm128_nh16_el2_br2_dl1_df256_fc1_ebtimeF_dtTrue_'Exp'_0_'rel_sin'_16_8_16,24_8,12_3_1_256<<<<<<<<<<<<<<<<<<<<<<<<<<<<<<<<<
test 2689
mse:0.3876830041408539, mae:0.40504881739616394, rse:0.592232346534729
