Args in experiment:
Namespace(is_training=1, model_id='ETTh1_336_192', model='DTFNet', data='ETTh1', root_path='./dataset/', data_path='ETTh1.csv', features='M', target='OT', freq='h', checkpoints='./checkpoints/', seq_len=336, label_len=0, pred_len=192, n_branches=2, patch_len_ls='16,24', stride_ls='8,12', d_model_ls='128', n_heads_ls='16', rel_pe="'rel_sin'", res_attn=False, head_type='flatten', fc_dropout=0.3, head_dropout=0.1, patch_len=16, stride=8, padding_patch="'end'", revin=1, affine=0, subtract_last=0, decomposition=0, kernel_size=25, individual=0, store_attn=False, pre_norm=False, pe='zeros', no_learn_pe=True, embed_type=0, enc_in=7, dec_in=7, c_out=7, d_model=128, n_heads=16, e_layers=2, d_layers=1, d_ff=256, moving_avg=25, factor=1, distil=True, dropout=0.3, embed='timeF', activation='gelu', output_attention=False, do_predict=False, num_workers=0, itr=1, train_epochs=100, batch_size=256, patience=10, learning_rate=1e-05, des="'Exp'", loss='mse', lradj='TST', pct_start=0.3, use_amp=False, l2=0.0, warmup_steps=0, use_gpu=True, gpu=0, use_multi_gpu=False, devices='0', test_flop=False, use_mlflow=False, mlflow_project='exp', loss_flag=2, sub_patch_len=16, sub_stride=8, stride_ls_list='16', model_type='linear', tfactor=3, dilation_rates='1', wavelet_layers=2, wavelet_type='db5', wavelet_mode='periodization', wavelet_dim=64, initTLV=0.2)
Use GPU: cuda:0
>>>>>>>start training : ETTh1_336_192_DTFNet_ETTh1_ftM_sl336_ll0_pl192_dm128_nh16_el2_br2_dl1_df256_fc1_ebtimeF_dtTrue_'Exp'_0_'rel_sin'_16_8_16,24_8,12_3_1_256>>>>>>>>>>>>>>>>>>>>>>>>>>
train 8113
val 2689
test 2689
Epoch: 1 cost time: 4.3201799392700195
Epoch: 1, Steps: 31 | Train Loss: 0.0948745 Vali Loss: 0.1568015 Test Loss: 0.0953672
Validation loss decreased (inf --> 0.156802).  Saving model ...
Updating learning rate to 4.2635148986572395e-07
Epoch: 2 cost time: 3.561779022216797
Epoch: 2, Steps: 31 | Train Loss: 0.0939806 Vali Loss: 0.1547100 Test Loss: 0.0944290
Validation loss decreased (0.156802 --> 0.154710).  Saving model ...
Updating learning rate to 5.051166257053371e-07
Epoch: 3 cost time: 3.3521924018859863
Epoch: 3, Steps: 31 | Train Loss: 0.0931294 Vali Loss: 0.1534348 Test Loss: 0.0934274
Validation loss decreased (0.154710 --> 0.153435).  Saving model ...
Updating learning rate to 6.354305830693182e-07
Epoch: 4 cost time: 3.5744740962982178
Epoch: 4, Steps: 31 | Train Loss: 0.0921193 Vali Loss: 0.1517611 Test Loss: 0.0923704
Validation loss decreased (0.153435 --> 0.151761).  Saving model ...
Updating learning rate to 8.158625424048165e-07
Epoch: 5 cost time: 3.55924129486084
Epoch: 5, Steps: 31 | Train Loss: 0.0911575 Vali Loss: 0.1494246 Test Loss: 0.0912334
Validation loss decreased (0.151761 --> 0.149425).  Saving model ...
Updating learning rate to 1.0444313991502185e-06
Epoch: 6 cost time: 3.469964027404785
Epoch: 6, Steps: 31 | Train Loss: 0.0900749 Vali Loss: 0.1477494 Test Loss: 0.0899994
Validation loss decreased (0.149425 --> 0.147749).  Saving model ...
Updating learning rate to 1.3186275158421247e-06
Epoch: 7 cost time: 3.629523515701294
Epoch: 7, Steps: 31 | Train Loss: 0.0889771 Vali Loss: 0.1455745 Test Loss: 0.0886309
Validation loss decreased (0.147749 --> 0.145574).  Saving model ...
Updating learning rate to 1.6354402774012767e-06
Epoch: 8 cost time: 3.7071409225463867
Epoch: 8, Steps: 31 | Train Loss: 0.0876739 Vali Loss: 0.1430744 Test Loss: 0.0870623
Validation loss decreased (0.145574 --> 0.143074).  Saving model ...
Updating learning rate to 1.99139114704619e-06
Epoch: 9 cost time: 3.528841018676758
Epoch: 9, Steps: 31 | Train Loss: 0.0862003 Vali Loss: 0.1406536 Test Loss: 0.0851909
Validation loss decreased (0.143074 --> 0.140654).  Saving model ...
Updating learning rate to 2.3825718598876392e-06
Epoch: 10 cost time: 3.694739818572998
Epoch: 10, Steps: 31 | Train Loss: 0.0846462 Vali Loss: 0.1369796 Test Loss: 0.0828316
Validation loss decreased (0.140654 --> 0.136980).  Saving model ...
Updating learning rate to 2.8046873348464134e-06
Epoch: 11 cost time: 3.4291038513183594
Epoch: 11, Steps: 31 | Train Loss: 0.0825152 Vali Loss: 0.1328088 Test Loss: 0.0797287
Validation loss decreased (0.136980 --> 0.132809).  Saving model ...
Updating learning rate to 3.2531028337306174e-06
Epoch: 12 cost time: 3.678605318069458
Epoch: 12, Steps: 31 | Train Loss: 0.0800319 Vali Loss: 0.1276055 Test Loss: 0.0758874
Validation loss decreased (0.132809 --> 0.127605).  Saving model ...
Updating learning rate to 3.7228948496758864e-06
Epoch: 13 cost time: 3.5215954780578613
Epoch: 13, Steps: 31 | Train Loss: 0.0771604 Vali Loss: 0.1220652 Test Loss: 0.0719580
Validation loss decreased (0.127605 --> 0.122065).  Saving model ...
Updating learning rate to 4.20890516620423e-06
Epoch: 14 cost time: 3.474344253540039
Epoch: 14, Steps: 31 | Train Loss: 0.0745505 Vali Loss: 0.1175468 Test Loss: 0.0689938
Validation loss decreased (0.122065 --> 0.117547).  Saving model ...
Updating learning rate to 4.705797493344547e-06
Epoch: 15 cost time: 3.523008346557617
Epoch: 15, Steps: 31 | Train Loss: 0.0722489 Vali Loss: 0.1135739 Test Loss: 0.0668429
Validation loss decreased (0.117547 --> 0.113574).  Saving model ...
Updating learning rate to 5.208116058962259e-06
Epoch: 16 cost time: 3.359251022338867
Epoch: 16, Steps: 31 | Train Loss: 0.0703123 Vali Loss: 0.1097079 Test Loss: 0.0647955
Validation loss decreased (0.113574 --> 0.109708).  Saving model ...
Updating learning rate to 5.710345511977682e-06
Epoch: 17 cost time: 3.368013858795166
Epoch: 17, Steps: 31 | Train Loss: 0.0683728 Vali Loss: 0.1060676 Test Loss: 0.0627829
Validation loss decreased (0.109708 --> 0.106068).  Saving model ...
Updating learning rate to 6.206971479748566e-06
Epoch: 18 cost time: 3.2464449405670166
Epoch: 18, Steps: 31 | Train Loss: 0.0665499 Vali Loss: 0.1026144 Test Loss: 0.0609632
Validation loss decreased (0.106068 --> 0.102614).  Saving model ...
Updating learning rate to 6.6925411147095855e-06
Epoch: 19 cost time: 3.448411703109741
Epoch: 19, Steps: 31 | Train Loss: 0.0649518 Vali Loss: 0.0999338 Test Loss: 0.0593145
Validation loss decreased (0.102614 --> 0.099934).  Saving model ...
Updating learning rate to 7.161722965479587e-06
Epoch: 20 cost time: 3.3075220584869385
Epoch: 20, Steps: 31 | Train Loss: 0.0636234 Vali Loss: 0.0979153 Test Loss: 0.0581262
Validation loss decreased (0.099934 --> 0.097915).  Saving model ...
Updating learning rate to 7.609365515064509e-06
Epoch: 21 cost time: 3.4188790321350098
Epoch: 21, Steps: 31 | Train Loss: 0.0625540 Vali Loss: 0.0961350 Test Loss: 0.0569572
Validation loss decreased (0.097915 --> 0.096135).  Saving model ...
Updating learning rate to 8.030553743418992e-06
Epoch: 22 cost time: 3.5332345962524414
Epoch: 22, Steps: 31 | Train Loss: 0.0616679 Vali Loss: 0.0946039 Test Loss: 0.0560704
Validation loss decreased (0.096135 --> 0.094604).  Saving model ...
Updating learning rate to 8.420663093321771e-06
Epoch: 23 cost time: 3.456944704055786
Epoch: 23, Steps: 31 | Train Loss: 0.0607720 Vali Loss: 0.0937062 Test Loss: 0.0551226
Validation loss decreased (0.094604 --> 0.093706).  Saving model ...
Updating learning rate to 8.775410247030974e-06
Epoch: 24 cost time: 3.2874948978424072
Epoch: 24, Steps: 31 | Train Loss: 0.0599782 Vali Loss: 0.0925504 Test Loss: 0.0543800
Validation loss decreased (0.093706 --> 0.092550).  Saving model ...
Updating learning rate to 9.09090015620249e-06
Epoch: 25 cost time: 3.681403875350952
Epoch: 25, Steps: 31 | Train Loss: 0.0591849 Vali Loss: 0.0909130 Test Loss: 0.0536987
Validation loss decreased (0.092550 --> 0.090913).  Saving model ...
Updating learning rate to 9.363668808692879e-06
Epoch: 26 cost time: 3.5252573490142822
Epoch: 26, Steps: 31 | Train Loss: 0.0584000 Vali Loss: 0.0900204 Test Loss: 0.0529199
Validation loss decreased (0.090913 --> 0.090020).  Saving model ...
Updating learning rate to 9.59072126267639e-06
Epoch: 27 cost time: 3.517077922821045
Epoch: 27, Steps: 31 | Train Loss: 0.0577395 Vali Loss: 0.0891307 Test Loss: 0.0523080
Validation loss decreased (0.090020 --> 0.089131).  Saving model ...
Updating learning rate to 9.769564530469635e-06
Epoch: 28 cost time: 3.5246450901031494
Epoch: 28, Steps: 31 | Train Loss: 0.0570088 Vali Loss: 0.0875248 Test Loss: 0.0516055
Validation loss decreased (0.089131 --> 0.087525).  Saving model ...
Updating learning rate to 9.898234951006446e-06
Epoch: 29 cost time: 3.5869593620300293
Epoch: 29, Steps: 31 | Train Loss: 0.0563001 Vali Loss: 0.0870445 Test Loss: 0.0510526
Validation loss decreased (0.087525 --> 0.087044).  Saving model ...
Updating learning rate to 9.97531975041899e-06
Epoch: 30 cost time: 3.367441177368164
Epoch: 30, Steps: 31 | Train Loss: 0.0556398 Vali Loss: 0.0858966 Test Loss: 0.0504386
Validation loss decreased (0.087044 --> 0.085897).  Saving model ...
Updating learning rate to 9.999994760154602e-06
Epoch: 31 cost time: 3.4062693119049072
Epoch: 31, Steps: 31 | Train Loss: 0.0550846 Vali Loss: 0.0850693 Test Loss: 0.0499363
Validation loss decreased (0.085897 --> 0.085069).  Saving model ...
Updating learning rate to 9.994635356966321e-06
Epoch: 32 cost time: 3.390428066253662
Epoch: 32, Steps: 31 | Train Loss: 0.0543450 Vali Loss: 0.0841417 Test Loss: 0.0493240
Validation loss decreased (0.085069 --> 0.084142).  Saving model ...
Updating learning rate to 9.979217463145653e-06
Epoch: 33 cost time: 3.2656607627868652
Epoch: 33, Steps: 31 | Train Loss: 0.0537762 Vali Loss: 0.0830755 Test Loss: 0.0488265
Validation loss decreased (0.084142 --> 0.083075).  Saving model ...
Updating learning rate to 9.953772128278901e-06
Epoch: 34 cost time: 3.4195525646209717
Epoch: 34, Steps: 31 | Train Loss: 0.0531431 Vali Loss: 0.0824228 Test Loss: 0.0482901
Validation loss decreased (0.083075 --> 0.082423).  Saving model ...
Updating learning rate to 9.918350595884151e-06
Epoch: 35 cost time: 3.3168447017669678
Epoch: 35, Steps: 31 | Train Loss: 0.0525461 Vali Loss: 0.0815187 Test Loss: 0.0478091
Validation loss decreased (0.082423 --> 0.081519).  Saving model ...
Updating learning rate to 9.873024200213661e-06
Epoch: 36 cost time: 3.490509271621704
Epoch: 36, Steps: 31 | Train Loss: 0.0519364 Vali Loss: 0.0805704 Test Loss: 0.0472747
Validation loss decreased (0.081519 --> 0.080570).  Saving model ...
Updating learning rate to 9.817884222596151e-06
Epoch: 37 cost time: 3.178973436355591
Epoch: 37, Steps: 31 | Train Loss: 0.0513769 Vali Loss: 0.0800884 Test Loss: 0.0468220
Validation loss decreased (0.080570 --> 0.080088).  Saving model ...
Updating learning rate to 9.75304170760837e-06
Epoch: 38 cost time: 3.3998000621795654
Epoch: 38, Steps: 31 | Train Loss: 0.0508219 Vali Loss: 0.0790093 Test Loss: 0.0463558
Validation loss decreased (0.080088 --> 0.079009).  Saving model ...
Updating learning rate to 9.678627239446092e-06
Epoch: 39 cost time: 3.630939245223999
Epoch: 39, Steps: 31 | Train Loss: 0.0502306 Vali Loss: 0.0781312 Test Loss: 0.0458717
Validation loss decreased (0.079009 --> 0.078131).  Saving model ...
Updating learning rate to 9.594790678944921e-06
Epoch: 40 cost time: 3.6469573974609375
Epoch: 40, Steps: 31 | Train Loss: 0.0497189 Vali Loss: 0.0774462 Test Loss: 0.0454458
Validation loss decreased (0.078131 --> 0.077446).  Saving model ...
Updating learning rate to 9.50170086178052e-06
Epoch: 41 cost time: 3.787912130355835
Epoch: 41, Steps: 31 | Train Loss: 0.0491368 Vali Loss: 0.0769302 Test Loss: 0.0449789
Validation loss decreased (0.077446 --> 0.076930).  Saving model ...
Updating learning rate to 9.399545258456017e-06
Epoch: 42 cost time: 3.701512098312378
Epoch: 42, Steps: 31 | Train Loss: 0.0486418 Vali Loss: 0.0757262 Test Loss: 0.0445718
Validation loss decreased (0.076930 --> 0.075726).  Saving model ...
Updating learning rate to 9.288529596761373e-06
Epoch: 43 cost time: 3.7750887870788574
Epoch: 43, Steps: 31 | Train Loss: 0.0480893 Vali Loss: 0.0750681 Test Loss: 0.0441222
Validation loss decreased (0.075726 --> 0.075068).  Saving model ...
Updating learning rate to 9.168877447464985e-06
Epoch: 44 cost time: 3.4982211589813232
Epoch: 44, Steps: 31 | Train Loss: 0.0476226 Vali Loss: 0.0745601 Test Loss: 0.0436911
Validation loss decreased (0.075068 --> 0.074560).  Saving model ...
Updating learning rate to 9.040829774071914e-06
Epoch: 45 cost time: 3.6386919021606445
Epoch: 45, Steps: 31 | Train Loss: 0.0470445 Vali Loss: 0.0737298 Test Loss: 0.0432433
Validation loss decreased (0.074560 --> 0.073730).  Saving model ...
Updating learning rate to 8.904644447555448e-06
Epoch: 46 cost time: 3.7521419525146484
Epoch: 46, Steps: 31 | Train Loss: 0.0466013 Vali Loss: 0.0730270 Test Loss: 0.0428475
Validation loss decreased (0.073730 --> 0.073027).  Saving model ...
Updating learning rate to 8.760595727039295e-06
Epoch: 47 cost time: 3.7926418781280518
Epoch: 47, Steps: 31 | Train Loss: 0.0460833 Vali Loss: 0.0722830 Test Loss: 0.0424213
Validation loss decreased (0.073027 --> 0.072283).  Saving model ...
Updating learning rate to 8.608973707476191e-06
Epoch: 48 cost time: 3.7455050945281982
Epoch: 48, Steps: 31 | Train Loss: 0.0455636 Vali Loss: 0.0714929 Test Loss: 0.0420411
Validation loss decreased (0.072283 --> 0.071493).  Saving model ...
Updating learning rate to 8.450083735435278e-06
Epoch: 49 cost time: 3.678307294845581
Epoch: 49, Steps: 31 | Train Loss: 0.0450969 Vali Loss: 0.0709569 Test Loss: 0.0416272
Validation loss decreased (0.071493 --> 0.070957).  Saving model ...
Updating learning rate to 8.284245794174751e-06
Epoch: 50 cost time: 3.7807672023773193
Epoch: 50, Steps: 31 | Train Loss: 0.0446464 Vali Loss: 0.0702070 Test Loss: 0.0412183
Validation loss decreased (0.070957 --> 0.070207).  Saving model ...
Updating learning rate to 8.111793859238162e-06
Epoch: 51 cost time: 3.8463704586029053
Epoch: 51, Steps: 31 | Train Loss: 0.0441717 Vali Loss: 0.0695487 Test Loss: 0.0408576
Validation loss decreased (0.070207 --> 0.069549).  Saving model ...
Updating learning rate to 7.93307522587211e-06
Epoch: 52 cost time: 3.6578352451324463
Epoch: 52, Steps: 31 | Train Loss: 0.0437057 Vali Loss: 0.0690475 Test Loss: 0.0404456
Validation loss decreased (0.069549 --> 0.069048).  Saving model ...
Updating learning rate to 7.748449809619857e-06
Epoch: 53 cost time: 3.8182003498077393
Epoch: 53, Steps: 31 | Train Loss: 0.0432271 Vali Loss: 0.0681602 Test Loss: 0.0401009
Validation loss decreased (0.069048 --> 0.068160).  Saving model ...
Updating learning rate to 7.558289421499295e-06
Epoch: 54 cost time: 3.5192835330963135
Epoch: 54, Steps: 31 | Train Loss: 0.0427563 Vali Loss: 0.0674894 Test Loss: 0.0397131
Validation loss decreased (0.068160 --> 0.067489).  Saving model ...
Updating learning rate to 7.362977019225052e-06
Epoch: 55 cost time: 3.453786849975586
Epoch: 55, Steps: 31 | Train Loss: 0.0423154 Vali Loss: 0.0667535 Test Loss: 0.0393683
Validation loss decreased (0.067489 --> 0.066753).  Saving model ...
Updating learning rate to 7.162905935982624e-06
Epoch: 56 cost time: 2.9319193363189697
Epoch: 56, Steps: 31 | Train Loss: 0.0418742 Vali Loss: 0.0664578 Test Loss: 0.0389611
Validation loss decreased (0.066753 --> 0.066458).  Saving model ...
Updating learning rate to 6.958479088307673e-06
Epoch: 57 cost time: 3.2610204219818115
Epoch: 57, Steps: 31 | Train Loss: 0.0414825 Vali Loss: 0.0655610 Test Loss: 0.0386094
Validation loss decreased (0.066458 --> 0.065561).  Saving model ...
Updating learning rate to 6.7501081646657556e-06
Epoch: 58 cost time: 3.689349889755249
Epoch: 58, Steps: 31 | Train Loss: 0.0410155 Vali Loss: 0.0650070 Test Loss: 0.0382252
Validation loss decreased (0.065561 --> 0.065007).  Saving model ...
Updating learning rate to 6.538212796366537e-06
Epoch: 59 cost time: 3.709449052810669
Epoch: 59, Steps: 31 | Train Loss: 0.0406252 Vali Loss: 0.0644996 Test Loss: 0.0378607
Validation loss decreased (0.065007 --> 0.064500).  Saving model ...
Updating learning rate to 6.323219712482178e-06
Epoch: 60 cost time: 3.792377471923828
Epoch: 60, Steps: 31 | Train Loss: 0.0402374 Vali Loss: 0.0639778 Test Loss: 0.0375202
Validation loss decreased (0.064500 --> 0.063978).  Saving model ...
Updating learning rate to 6.1055618804717764e-06
Epoch: 61 cost time: 3.6806154251098633
Epoch: 61, Steps: 31 | Train Loss: 0.0397795 Vali Loss: 0.0631400 Test Loss: 0.0372146
Validation loss decreased (0.063978 --> 0.063140).  Saving model ...
Updating learning rate to 5.8856776342425235e-06
Epoch: 62 cost time: 3.3817059993743896
Epoch: 62, Steps: 31 | Train Loss: 0.0393380 Vali Loss: 0.0624453 Test Loss: 0.0368273
Validation loss decreased (0.063140 --> 0.062445).  Saving model ...
Updating learning rate to 5.664009791403554e-06
Epoch: 63 cost time: 3.5229761600494385
Epoch: 63, Steps: 31 | Train Loss: 0.0389862 Vali Loss: 0.0617834 Test Loss: 0.0364945
Validation loss decreased (0.062445 --> 0.061783).  Saving model ...
Updating learning rate to 5.441004761490205e-06
Epoch: 64 cost time: 3.6959891319274902
Epoch: 64, Steps: 31 | Train Loss: 0.0385815 Vali Loss: 0.0610720 Test Loss: 0.0361751
Validation loss decreased (0.061783 --> 0.061072).  Saving model ...
Updating learning rate to 5.217111646954626e-06
Epoch: 65 cost time: 3.4479055404663086
Epoch: 65, Steps: 31 | Train Loss: 0.0382011 Vali Loss: 0.0606602 Test Loss: 0.0359368
Validation loss decreased (0.061072 --> 0.060660).  Saving model ...
Updating learning rate to 4.992781338733208e-06
Epoch: 66 cost time: 3.6353933811187744
Epoch: 66, Steps: 31 | Train Loss: 0.0380769 Vali Loss: 0.0606608 Test Loss: 0.0359485
EarlyStopping counter: 1 out of 10
Updating learning rate to 4.768465608212241e-06
Epoch: 67 cost time: 3.6909406185150146
Epoch: 67, Steps: 31 | Train Loss: 0.0380569 Vali Loss: 0.0607936 Test Loss: 0.0359305
EarlyStopping counter: 2 out of 10
Updating learning rate to 4.544616197420465e-06
Epoch: 68 cost time: 3.474761962890625
Epoch: 68, Steps: 31 | Train Loss: 0.0380509 Vali Loss: 0.0607480 Test Loss: 0.0359566
EarlyStopping counter: 3 out of 10
Updating learning rate to 4.321683909280753e-06
Epoch: 69 cost time: 3.642576217651367
Epoch: 69, Steps: 31 | Train Loss: 0.0380115 Vali Loss: 0.0607792 Test Loss: 0.0359378
EarlyStopping counter: 4 out of 10
Updating learning rate to 4.100117699752996e-06
Epoch: 70 cost time: 3.513629913330078
Epoch: 70, Steps: 31 | Train Loss: 0.0379754 Vali Loss: 0.0607744 Test Loss: 0.0359357
EarlyStopping counter: 5 out of 10
Updating learning rate to 3.8803637736965736e-06
Epoch: 71 cost time: 3.6313698291778564
Epoch: 71, Steps: 31 | Train Loss: 0.0379713 Vali Loss: 0.0608194 Test Loss: 0.0359433
EarlyStopping counter: 6 out of 10
Updating learning rate to 3.66286468627313e-06
Epoch: 72 cost time: 3.5549566745758057
Epoch: 72, Steps: 31 | Train Loss: 0.0379882 Vali Loss: 0.0607121 Test Loss: 0.0359484
EarlyStopping counter: 7 out of 10
Updating learning rate to 3.4480584516993903e-06
Epoch: 73 cost time: 3.690044403076172
Epoch: 73, Steps: 31 | Train Loss: 0.0379542 Vali Loss: 0.0610381 Test Loss: 0.0359348
EarlyStopping counter: 8 out of 10
Updating learning rate to 3.2363776611448018e-06
Epoch: 74 cost time: 3.5448384284973145
Epoch: 74, Steps: 31 | Train Loss: 0.0378981 Vali Loss: 0.0608531 Test Loss: 0.0359560
EarlyStopping counter: 9 out of 10
Updating learning rate to 3.0282486115505108e-06
Epoch: 75 cost time: 3.636117458343506
Epoch: 75, Steps: 31 | Train Loss: 0.0378632 Vali Loss: 0.0607515 Test Loss: 0.0359521
EarlyStopping counter: 10 out of 10
Early stopping
>>>>>>>testing : ETTh1_336_192_DTFNet_ETTh1_ftM_sl336_ll0_pl192_dm128_nh16_el2_br2_dl1_df256_fc1_ebtimeF_dtTrue_'Exp'_0_'rel_sin'_16_8_16,24_8,12_3_1_256<<<<<<<<<<<<<<<<<<<<<<<<<<<<<<<<<
test 2689
mse:0.39004096388816833, mae:0.40566396713256836, rse:0.5940306186676025
