Args in experiment:
Namespace(is_training=1, model_id='ETTh1_336_192', model='DTFNet', data='ETTh1', root_path='./dataset/', data_path='ETTh1.csv', features='M', target='OT', freq='h', checkpoints='./checkpoints/', seq_len=336, label_len=0, pred_len=192, n_branches=2, patch_len_ls='16,24', stride_ls='8,12', d_model_ls='128', n_heads_ls='16', rel_pe="'rel_sin'", res_attn=False, head_type='flatten', fc_dropout=0.3, head_dropout=0.1, patch_len=16, stride=8, padding_patch="'end'", revin=1, affine=0, subtract_last=0, decomposition=0, kernel_size=25, individual=0, store_attn=False, pre_norm=False, pe='zeros', no_learn_pe=True, embed_type=0, enc_in=7, dec_in=7, c_out=7, d_model=128, n_heads=16, e_layers=2, d_layers=1, d_ff=256, moving_avg=25, factor=1, distil=True, dropout=0.3, embed='timeF', activation='gelu', output_attention=False, do_predict=False, num_workers=0, itr=1, train_epochs=100, batch_size=256, patience=10, learning_rate=1e-05, des="'Exp'", loss='mse', lradj='TST', pct_start=0.3, use_amp=False, l2=0.0, warmup_steps=0, use_gpu=True, gpu=0, use_multi_gpu=False, devices='0', test_flop=False, use_mlflow=False, mlflow_project='exp', loss_flag=2, sub_patch_len=16, sub_stride=8, stride_ls_list='16', model_type='linear', tfactor=3, dilation_rates='1', wavelet_layers=2, wavelet_type='db5', wavelet_mode='periodization', wavelet_dim=64, initTLV=0.2)
Use GPU: cuda:0
>>>>>>>start training : ETTh1_336_192_DTFNet_ETTh1_ftM_sl336_ll0_pl192_dm128_nh16_el2_br2_dl1_df256_fc1_ebtimeF_dtTrue_'Exp'_0_'rel_sin'_16_8_16,24_8,12_3_1_256>>>>>>>>>>>>>>>>>>>>>>>>>>
train 8113
val 2689
test 2689
Epoch: 1 cost time: 3.157764196395874
Epoch: 1, Steps: 31 | Train Loss: 0.0949405 Vali Loss: 0.1564644 Test Loss: 0.0953550
Validation loss decreased (inf --> 0.156464).  Saving model ...
Updating learning rate to 4.2635148986572395e-07
Epoch: 2 cost time: 2.696492910385132
Epoch: 2, Steps: 31 | Train Loss: 0.0939924 Vali Loss: 0.1546951 Test Loss: 0.0944175
Validation loss decreased (0.156464 --> 0.154695).  Saving model ...
Updating learning rate to 5.051166257053371e-07
Epoch: 3 cost time: 2.703298807144165
Epoch: 3, Steps: 31 | Train Loss: 0.0931020 Vali Loss: 0.1533323 Test Loss: 0.0934157
Validation loss decreased (0.154695 --> 0.153332).  Saving model ...
Updating learning rate to 6.354305830693182e-07
Epoch: 4 cost time: 2.7385616302490234
Epoch: 4, Steps: 31 | Train Loss: 0.0920343 Vali Loss: 0.1513320 Test Loss: 0.0923585
Validation loss decreased (0.153332 --> 0.151332).  Saving model ...
Updating learning rate to 8.158625424048165e-07
Epoch: 5 cost time: 2.7296783924102783
Epoch: 5, Steps: 31 | Train Loss: 0.0910159 Vali Loss: 0.1497544 Test Loss: 0.0912326
Validation loss decreased (0.151332 --> 0.149754).  Saving model ...
Updating learning rate to 1.0444313991502185e-06
Epoch: 6 cost time: 2.729074478149414
Epoch: 6, Steps: 31 | Train Loss: 0.0900305 Vali Loss: 0.1476701 Test Loss: 0.0900050
Validation loss decreased (0.149754 --> 0.147670).  Saving model ...
Updating learning rate to 1.3186275158421247e-06
Epoch: 7 cost time: 2.7282748222351074
Epoch: 7, Steps: 31 | Train Loss: 0.0888788 Vali Loss: 0.1453728 Test Loss: 0.0886484
Validation loss decreased (0.147670 --> 0.145373).  Saving model ...
Updating learning rate to 1.6354402774012767e-06
Epoch: 8 cost time: 2.73443603515625
Epoch: 8, Steps: 31 | Train Loss: 0.0876272 Vali Loss: 0.1429384 Test Loss: 0.0870900
Validation loss decreased (0.145373 --> 0.142938).  Saving model ...
Updating learning rate to 1.99139114704619e-06
Epoch: 9 cost time: 2.726149797439575
Epoch: 9, Steps: 31 | Train Loss: 0.0861917 Vali Loss: 0.1399873 Test Loss: 0.0852537
Validation loss decreased (0.142938 --> 0.139987).  Saving model ...
Updating learning rate to 2.3825718598876392e-06
Epoch: 10 cost time: 2.731860637664795
Epoch: 10, Steps: 31 | Train Loss: 0.0845341 Vali Loss: 0.1366730 Test Loss: 0.0829514
Validation loss decreased (0.139987 --> 0.136673).  Saving model ...
Updating learning rate to 2.8046873348464134e-06
Epoch: 11 cost time: 2.733572006225586
Epoch: 11, Steps: 31 | Train Loss: 0.0825743 Vali Loss: 0.1326648 Test Loss: 0.0799791
Validation loss decreased (0.136673 --> 0.132665).  Saving model ...
Updating learning rate to 3.2531028337306174e-06
Epoch: 12 cost time: 2.7383296489715576
Epoch: 12, Steps: 31 | Train Loss: 0.0799487 Vali Loss: 0.1276212 Test Loss: 0.0762421
Validation loss decreased (0.132665 --> 0.127621).  Saving model ...
Updating learning rate to 3.7228948496758864e-06
Epoch: 13 cost time: 2.733722686767578
Epoch: 13, Steps: 31 | Train Loss: 0.0771088 Vali Loss: 0.1216491 Test Loss: 0.0723852
Validation loss decreased (0.127621 --> 0.121649).  Saving model ...
Updating learning rate to 4.20890516620423e-06
Epoch: 14 cost time: 2.7399415969848633
Epoch: 14, Steps: 31 | Train Loss: 0.0743252 Vali Loss: 0.1160843 Test Loss: 0.0692067
Validation loss decreased (0.121649 --> 0.116084).  Saving model ...
Updating learning rate to 4.705797493344547e-06
Epoch: 15 cost time: 2.724700689315796
Epoch: 15, Steps: 31 | Train Loss: 0.0718238 Vali Loss: 0.1116362 Test Loss: 0.0667644
Validation loss decreased (0.116084 --> 0.111636).  Saving model ...
Updating learning rate to 5.208116058962259e-06
Epoch: 16 cost time: 2.7627851963043213
Epoch: 16, Steps: 31 | Train Loss: 0.0697137 Vali Loss: 0.1072410 Test Loss: 0.0645970
Validation loss decreased (0.111636 --> 0.107241).  Saving model ...
Updating learning rate to 5.710345511977682e-06
Epoch: 17 cost time: 3.0198965072631836
Epoch: 17, Steps: 31 | Train Loss: 0.0678708 Vali Loss: 0.1038104 Test Loss: 0.0625356
Validation loss decreased (0.107241 --> 0.103810).  Saving model ...
Updating learning rate to 6.206971479748566e-06
Epoch: 18 cost time: 3.0235049724578857
Epoch: 18, Steps: 31 | Train Loss: 0.0662163 Vali Loss: 0.1010734 Test Loss: 0.0606806
Validation loss decreased (0.103810 --> 0.101073).  Saving model ...
Updating learning rate to 6.6925411147095855e-06
Epoch: 19 cost time: 3.4755892753601074
Epoch: 19, Steps: 31 | Train Loss: 0.0647605 Vali Loss: 0.0986883 Test Loss: 0.0590980
Validation loss decreased (0.101073 --> 0.098688).  Saving model ...
Updating learning rate to 7.161722965479587e-06
Epoch: 20 cost time: 3.5521600246429443
Epoch: 20, Steps: 31 | Train Loss: 0.0634813 Vali Loss: 0.0967279 Test Loss: 0.0579340
Validation loss decreased (0.098688 --> 0.096728).  Saving model ...
Updating learning rate to 7.609365515064509e-06
Epoch: 21 cost time: 3.4421496391296387
Epoch: 21, Steps: 31 | Train Loss: 0.0625068 Vali Loss: 0.0948201 Test Loss: 0.0569108
Validation loss decreased (0.096728 --> 0.094820).  Saving model ...
Updating learning rate to 8.030553743418992e-06
Epoch: 22 cost time: 3.453894853591919
Epoch: 22, Steps: 31 | Train Loss: 0.0615579 Vali Loss: 0.0939016 Test Loss: 0.0559978
Validation loss decreased (0.094820 --> 0.093902).  Saving model ...
Updating learning rate to 8.420663093321771e-06
Epoch: 23 cost time: 3.3348348140716553
Epoch: 23, Steps: 31 | Train Loss: 0.0607008 Vali Loss: 0.0922877 Test Loss: 0.0552053
Validation loss decreased (0.093902 --> 0.092288).  Saving model ...
Updating learning rate to 8.775410247030974e-06
Epoch: 24 cost time: 3.3865156173706055
Epoch: 24, Steps: 31 | Train Loss: 0.0599149 Vali Loss: 0.0912262 Test Loss: 0.0544178
Validation loss decreased (0.092288 --> 0.091226).  Saving model ...
Updating learning rate to 9.09090015620249e-06
Epoch: 25 cost time: 3.4944262504577637
Epoch: 25, Steps: 31 | Train Loss: 0.0591458 Vali Loss: 0.0903273 Test Loss: 0.0536430
Validation loss decreased (0.091226 --> 0.090327).  Saving model ...
Updating learning rate to 9.363668808692879e-06
Epoch: 26 cost time: 3.59981632232666
Epoch: 26, Steps: 31 | Train Loss: 0.0584274 Vali Loss: 0.0889640 Test Loss: 0.0529166
Validation loss decreased (0.090327 --> 0.088964).  Saving model ...
Updating learning rate to 9.59072126267639e-06
Epoch: 27 cost time: 3.627530813217163
Epoch: 27, Steps: 31 | Train Loss: 0.0576668 Vali Loss: 0.0881588 Test Loss: 0.0522792
Validation loss decreased (0.088964 --> 0.088159).  Saving model ...
Updating learning rate to 9.769564530469635e-06
Epoch: 28 cost time: 3.5763914585113525
Epoch: 28, Steps: 31 | Train Loss: 0.0569647 Vali Loss: 0.0871267 Test Loss: 0.0515628
Validation loss decreased (0.088159 --> 0.087127).  Saving model ...
Updating learning rate to 9.898234951006446e-06
Epoch: 29 cost time: 3.299812078475952
Epoch: 29, Steps: 31 | Train Loss: 0.0562915 Vali Loss: 0.0860040 Test Loss: 0.0509934
Validation loss decreased (0.087127 --> 0.086004).  Saving model ...
Updating learning rate to 9.97531975041899e-06
Epoch: 30 cost time: 2.722233295440674
Epoch: 30, Steps: 31 | Train Loss: 0.0556077 Vali Loss: 0.0853232 Test Loss: 0.0504135
Validation loss decreased (0.086004 --> 0.085323).  Saving model ...
Updating learning rate to 9.999994760154602e-06
Epoch: 31 cost time: 2.720524549484253
Epoch: 31, Steps: 31 | Train Loss: 0.0550109 Vali Loss: 0.0841984 Test Loss: 0.0498574
Validation loss decreased (0.085323 --> 0.084198).  Saving model ...
Updating learning rate to 9.994635356966321e-06
Epoch: 32 cost time: 2.7423267364501953
Epoch: 32, Steps: 31 | Train Loss: 0.0543257 Vali Loss: 0.0831502 Test Loss: 0.0492243
Validation loss decreased (0.084198 --> 0.083150).  Saving model ...
Updating learning rate to 9.979217463145653e-06
Epoch: 33 cost time: 2.7421886920928955
Epoch: 33, Steps: 31 | Train Loss: 0.0536870 Vali Loss: 0.0822054 Test Loss: 0.0487932
Validation loss decreased (0.083150 --> 0.082205).  Saving model ...
Updating learning rate to 9.953772128278901e-06
Epoch: 34 cost time: 2.734281539916992
Epoch: 34, Steps: 31 | Train Loss: 0.0530606 Vali Loss: 0.0815803 Test Loss: 0.0483061
Validation loss decreased (0.082205 --> 0.081580).  Saving model ...
Updating learning rate to 9.918350595884151e-06
Epoch: 35 cost time: 2.726548671722412
Epoch: 35, Steps: 31 | Train Loss: 0.0524390 Vali Loss: 0.0808439 Test Loss: 0.0477400
Validation loss decreased (0.081580 --> 0.080844).  Saving model ...
Updating learning rate to 9.873024200213661e-06
Epoch: 36 cost time: 2.7280077934265137
Epoch: 36, Steps: 31 | Train Loss: 0.0518648 Vali Loss: 0.0798741 Test Loss: 0.0472886
Validation loss decreased (0.080844 --> 0.079874).  Saving model ...
Updating learning rate to 9.817884222596151e-06
Epoch: 37 cost time: 2.7274367809295654
Epoch: 37, Steps: 31 | Train Loss: 0.0512752 Vali Loss: 0.0787774 Test Loss: 0.0467963
Validation loss decreased (0.079874 --> 0.078777).  Saving model ...
Updating learning rate to 9.75304170760837e-06
Epoch: 38 cost time: 2.737368106842041
Epoch: 38, Steps: 31 | Train Loss: 0.0507376 Vali Loss: 0.0782580 Test Loss: 0.0463195
Validation loss decreased (0.078777 --> 0.078258).  Saving model ...
Updating learning rate to 9.678627239446092e-06
Epoch: 39 cost time: 2.707109212875366
Epoch: 39, Steps: 31 | Train Loss: 0.0501188 Vali Loss: 0.0776822 Test Loss: 0.0458309
Validation loss decreased (0.078258 --> 0.077682).  Saving model ...
Updating learning rate to 9.594790678944921e-06
Epoch: 40 cost time: 2.7193174362182617
Epoch: 40, Steps: 31 | Train Loss: 0.0496136 Vali Loss: 0.0766783 Test Loss: 0.0453926
Validation loss decreased (0.077682 --> 0.076678).  Saving model ...
Updating learning rate to 9.50170086178052e-06
Epoch: 41 cost time: 2.7209513187408447
Epoch: 41, Steps: 31 | Train Loss: 0.0490887 Vali Loss: 0.0760826 Test Loss: 0.0449608
Validation loss decreased (0.076678 --> 0.076083).  Saving model ...
Updating learning rate to 9.399545258456017e-06
Epoch: 42 cost time: 2.7364394664764404
Epoch: 42, Steps: 31 | Train Loss: 0.0485239 Vali Loss: 0.0753803 Test Loss: 0.0445284
Validation loss decreased (0.076083 --> 0.075380).  Saving model ...
Updating learning rate to 9.288529596761373e-06
Epoch: 43 cost time: 2.7191548347473145
Epoch: 43, Steps: 31 | Train Loss: 0.0479860 Vali Loss: 0.0744653 Test Loss: 0.0440736
Validation loss decreased (0.075380 --> 0.074465).  Saving model ...
Updating learning rate to 9.168877447464985e-06
Epoch: 44 cost time: 2.714749336242676
Epoch: 44, Steps: 31 | Train Loss: 0.0474702 Vali Loss: 0.0737126 Test Loss: 0.0436698
Validation loss decreased (0.074465 --> 0.073713).  Saving model ...
Updating learning rate to 9.040829774071914e-06
Epoch: 45 cost time: 2.722329616546631
Epoch: 45, Steps: 31 | Train Loss: 0.0469711 Vali Loss: 0.0731190 Test Loss: 0.0432093
Validation loss decreased (0.073713 --> 0.073119).  Saving model ...
Updating learning rate to 8.904644447555448e-06
Epoch: 46 cost time: 2.752735137939453
Epoch: 46, Steps: 31 | Train Loss: 0.0464268 Vali Loss: 0.0724020 Test Loss: 0.0428128
Validation loss decreased (0.073119 --> 0.072402).  Saving model ...
Updating learning rate to 8.760595727039295e-06
Epoch: 47 cost time: 2.719163417816162
Epoch: 47, Steps: 31 | Train Loss: 0.0459728 Vali Loss: 0.0717381 Test Loss: 0.0424195
Validation loss decreased (0.072402 --> 0.071738).  Saving model ...
Updating learning rate to 8.608973707476191e-06
Epoch: 48 cost time: 2.7272884845733643
Epoch: 48, Steps: 31 | Train Loss: 0.0454493 Vali Loss: 0.0709190 Test Loss: 0.0420268
Validation loss decreased (0.071738 --> 0.070919).  Saving model ...
Updating learning rate to 8.450083735435278e-06
Epoch: 49 cost time: 2.728466272354126
Epoch: 49, Steps: 31 | Train Loss: 0.0449877 Vali Loss: 0.0705166 Test Loss: 0.0415760
Validation loss decreased (0.070919 --> 0.070517).  Saving model ...
Updating learning rate to 8.284245794174751e-06
Epoch: 50 cost time: 2.7283220291137695
Epoch: 50, Steps: 31 | Train Loss: 0.0445322 Vali Loss: 0.0697078 Test Loss: 0.0412793
Validation loss decreased (0.070517 --> 0.069708).  Saving model ...
Updating learning rate to 8.111793859238162e-06
Epoch: 51 cost time: 2.7400779724121094
Epoch: 51, Steps: 31 | Train Loss: 0.0440276 Vali Loss: 0.0691865 Test Loss: 0.0407975
Validation loss decreased (0.069708 --> 0.069187).  Saving model ...
Updating learning rate to 7.93307522587211e-06
Epoch: 52 cost time: 2.7321248054504395
Epoch: 52, Steps: 31 | Train Loss: 0.0435448 Vali Loss: 0.0683334 Test Loss: 0.0404182
Validation loss decreased (0.069187 --> 0.068333).  Saving model ...
Updating learning rate to 7.748449809619857e-06
Epoch: 53 cost time: 2.740596055984497
Epoch: 53, Steps: 31 | Train Loss: 0.0430866 Vali Loss: 0.0677993 Test Loss: 0.0401087
Validation loss decreased (0.068333 --> 0.067799).  Saving model ...
Updating learning rate to 7.558289421499295e-06
Epoch: 54 cost time: 2.7389912605285645
Epoch: 54, Steps: 31 | Train Loss: 0.0426799 Vali Loss: 0.0670573 Test Loss: 0.0397215
Validation loss decreased (0.067799 --> 0.067057).  Saving model ...
Updating learning rate to 7.362977019225052e-06
Epoch: 55 cost time: 2.72619891166687
Epoch: 55, Steps: 31 | Train Loss: 0.0421909 Vali Loss: 0.0662840 Test Loss: 0.0393643
Validation loss decreased (0.067057 --> 0.066284).  Saving model ...
Updating learning rate to 7.162905935982624e-06
Epoch: 56 cost time: 2.72402024269104
Epoch: 56, Steps: 31 | Train Loss: 0.0417587 Vali Loss: 0.0655538 Test Loss: 0.0389542
Validation loss decreased (0.066284 --> 0.065554).  Saving model ...
Updating learning rate to 6.958479088307673e-06
Epoch: 57 cost time: 2.727076292037964
Epoch: 57, Steps: 31 | Train Loss: 0.0413294 Vali Loss: 0.0650257 Test Loss: 0.0386090
Validation loss decreased (0.065554 --> 0.065026).  Saving model ...
Updating learning rate to 6.7501081646657556e-06
Epoch: 58 cost time: 2.7282509803771973
Epoch: 58, Steps: 31 | Train Loss: 0.0409008 Vali Loss: 0.0645576 Test Loss: 0.0382625
Validation loss decreased (0.065026 --> 0.064558).  Saving model ...
Updating learning rate to 6.538212796366537e-06
Epoch: 59 cost time: 2.8630053997039795
Epoch: 59, Steps: 31 | Train Loss: 0.0404969 Vali Loss: 0.0639319 Test Loss: 0.0379124
Validation loss decreased (0.064558 --> 0.063932).  Saving model ...
Updating learning rate to 6.323219712482178e-06
Epoch: 60 cost time: 2.780071973800659
Epoch: 60, Steps: 31 | Train Loss: 0.0400802 Vali Loss: 0.0633078 Test Loss: 0.0375366
Validation loss decreased (0.063932 --> 0.063308).  Saving model ...
Updating learning rate to 6.1055618804717764e-06
Epoch: 61 cost time: 2.8176040649414062
Epoch: 61, Steps: 31 | Train Loss: 0.0396786 Vali Loss: 0.0625715 Test Loss: 0.0372160
Validation loss decreased (0.063308 --> 0.062571).  Saving model ...
Updating learning rate to 5.8856776342425235e-06
Epoch: 62 cost time: 2.7555181980133057
Epoch: 62, Steps: 31 | Train Loss: 0.0392448 Vali Loss: 0.0622359 Test Loss: 0.0368102
Validation loss decreased (0.062571 --> 0.062236).  Saving model ...
Updating learning rate to 5.664009791403554e-06
Epoch: 63 cost time: 2.7311737537384033
Epoch: 63, Steps: 31 | Train Loss: 0.0388559 Vali Loss: 0.0614498 Test Loss: 0.0365075
Validation loss decreased (0.062236 --> 0.061450).  Saving model ...
Updating learning rate to 5.441004761490205e-06
Epoch: 64 cost time: 2.7451155185699463
Epoch: 64, Steps: 31 | Train Loss: 0.0384524 Vali Loss: 0.0609130 Test Loss: 0.0361424
Validation loss decreased (0.061450 --> 0.060913).  Saving model ...
Updating learning rate to 5.217111646954626e-06
Epoch: 65 cost time: 2.7476096153259277
Epoch: 65, Steps: 31 | Train Loss: 0.0380606 Vali Loss: 0.0604875 Test Loss: 0.0359793
Validation loss decreased (0.060913 --> 0.060487).  Saving model ...
Updating learning rate to 4.992781338733208e-06
Epoch: 66 cost time: 2.766732931137085
Epoch: 66, Steps: 31 | Train Loss: 0.0379823 Vali Loss: 0.0606129 Test Loss: 0.0360249
EarlyStopping counter: 1 out of 10
Updating learning rate to 4.768465608212241e-06
Epoch: 67 cost time: 2.7772529125213623
Epoch: 67, Steps: 31 | Train Loss: 0.0379724 Vali Loss: 0.0604607 Test Loss: 0.0359965
Validation loss decreased (0.060487 --> 0.060461).  Saving model ...
Updating learning rate to 4.544616197420465e-06
Epoch: 68 cost time: 2.756739616394043
Epoch: 68, Steps: 31 | Train Loss: 0.0379118 Vali Loss: 0.0603028 Test Loss: 0.0359952
Validation loss decreased (0.060461 --> 0.060303).  Saving model ...
Updating learning rate to 4.321683909280753e-06
Epoch: 69 cost time: 2.9823548793792725
Epoch: 69, Steps: 31 | Train Loss: 0.0379417 Vali Loss: 0.0604061 Test Loss: 0.0359732
EarlyStopping counter: 1 out of 10
Updating learning rate to 4.100117699752996e-06
Epoch: 70 cost time: 3.464695692062378
Epoch: 70, Steps: 31 | Train Loss: 0.0379085 Vali Loss: 0.0604079 Test Loss: 0.0360194
EarlyStopping counter: 2 out of 10
Updating learning rate to 3.8803637736965736e-06
Epoch: 71 cost time: 3.527594566345215
Epoch: 71, Steps: 31 | Train Loss: 0.0378399 Vali Loss: 0.0605992 Test Loss: 0.0359657
EarlyStopping counter: 3 out of 10
Updating learning rate to 3.66286468627313e-06
Epoch: 72 cost time: 3.594029664993286
Epoch: 72, Steps: 31 | Train Loss: 0.0378300 Vali Loss: 0.0605708 Test Loss: 0.0360087
EarlyStopping counter: 4 out of 10
Updating learning rate to 3.4480584516993903e-06
Epoch: 73 cost time: 3.564131498336792
Epoch: 73, Steps: 31 | Train Loss: 0.0378749 Vali Loss: 0.0605186 Test Loss: 0.0359700
EarlyStopping counter: 5 out of 10
Updating learning rate to 3.2363776611448018e-06
Epoch: 74 cost time: 3.548328399658203
Epoch: 74, Steps: 31 | Train Loss: 0.0378499 Vali Loss: 0.0606049 Test Loss: 0.0360117
EarlyStopping counter: 6 out of 10
Updating learning rate to 3.0282486115505108e-06
Epoch: 75 cost time: 3.5397369861602783
Epoch: 75, Steps: 31 | Train Loss: 0.0378059 Vali Loss: 0.0605207 Test Loss: 0.0359942
EarlyStopping counter: 7 out of 10
Updating learning rate to 2.8240904471240344e-06
Epoch: 76 cost time: 3.657514810562134
Epoch: 76, Steps: 31 | Train Loss: 0.0377561 Vali Loss: 0.0606493 Test Loss: 0.0360111
EarlyStopping counter: 8 out of 10
Updating learning rate to 2.624314315238625e-06
Epoch: 77 cost time: 3.5625290870666504
Epoch: 77, Steps: 31 | Train Loss: 0.0377981 Vali Loss: 0.0604967 Test Loss: 0.0359972
EarlyStopping counter: 9 out of 10
Updating learning rate to 2.429322538437165e-06
Epoch: 78 cost time: 3.6039679050445557
Epoch: 78, Steps: 31 | Train Loss: 0.0377611 Vali Loss: 0.0606358 Test Loss: 0.0360059
EarlyStopping counter: 10 out of 10
Early stopping
>>>>>>>testing : ETTh1_336_192_DTFNet_ETTh1_ftM_sl336_ll0_pl192_dm128_nh16_el2_br2_dl1_df256_fc1_ebtimeF_dtTrue_'Exp'_0_'rel_sin'_16_8_16,24_8,12_3_1_256<<<<<<<<<<<<<<<<<<<<<<<<<<<<<<<<<
test 2689
mse:0.3899361789226532, mae:0.40625831484794617, rse:0.5939508080482483
