Args in experiment:
Namespace(random_seed=21, is_training=1, model_id='ETTh1_336_720', model='DTFNet', data='ETTh1', root_path='./dataset/', data_path='ETTh1.csv', features='M', target='OT', freq='h', checkpoints='./checkpoints/', seq_len=336, label_len=0, pred_len=720, n_branches=2, patch_len_ls='16,24', stride_ls='8,12', d_model_ls='128', n_heads_ls='16', rel_pe="'rel_sin'", res_attn=False, head_type='flatten', fc_dropout=0.3, head_dropout=0.1, patch_len=16, stride=8, padding_patch="'end'", revin=1, affine=0, subtract_last=0, decomposition=0, kernel_size=25, individual=0, store_attn=False, pre_norm=False, pe='zeros', no_learn_pe=True, embed_type=0, enc_in=7, dec_in=7, c_out=7, d_model=128, n_heads=16, e_layers=2, d_layers=1, d_ff=256, moving_avg=25, factor=1, distil=True, dropout=0.3, embed='timeF', activation='gelu', output_attention=False, do_predict=False, num_workers=0, itr=1, train_epochs=100, batch_size=256, patience=10, learning_rate=1e-05, des="'Exp'", loss='mse', lradj='TST', pct_start=0.3, use_amp=False, l2=0.0, warmup_steps=0, use_gpu=True, gpu=0, use_multi_gpu=False, devices='0', test_flop=False, use_mlflow=False, mlflow_project='exp', loss_flag=2, sub_patch_len=16, sub_stride=8, stride_ls_list='16', model_type='linear', tfactor=3, dilation_rates='1', wavelet_layers=2, wavelet_type='db5', wavelet_mode='periodization', wavelet_dim=64, initTLV=0.2)
Use GPU: cuda:0
>>>>>>>start training : ETTh1_336_720_DTFNet_ETTh1_ftM_sl336_ll0_pl720_dm128_nh16_el2_br2_dl1_df256_fc1_ebtimeF_dtTrue_'Exp'_0_'rel_sin'_16_8_16,24_8,12_3_1_256>>>>>>>>>>>>>>>>>>>>>>>>>>
train 7585
val 2161
test 2161
Epoch: 1 cost time: 1.5495755672454834
Epoch: 1, Steps: 29 | Train Loss: 0.1075567 Vali Loss: 0.1793165 Test Loss: 0.0998217
Validation loss decreased (inf --> 0.179316).  Saving model ...
Updating learning rate to 4.2635539919063106e-07
Epoch: 2 cost time: 1.1774179935455322
Epoch: 2, Steps: 29 | Train Loss: 0.1066888 Vali Loss: 0.1773836 Test Loss: 0.0989783
Validation loss decreased (0.179316 --> 0.177384).  Saving model ...
Updating learning rate to 5.051321771514831e-07
Epoch: 3 cost time: 1.1756975650787354
Epoch: 3, Steps: 29 | Train Loss: 0.1058131 Vali Loss: 0.1758817 Test Loss: 0.0980647
Validation loss decreased (0.177384 --> 0.175882).  Saving model ...
Updating learning rate to 6.354652532866785e-07
Epoch: 4 cost time: 1.1835544109344482
Epoch: 4, Steps: 29 | Train Loss: 0.1048593 Vali Loss: 0.1740128 Test Loss: 0.0970921
Validation loss decreased (0.175882 --> 0.174013).  Saving model ...
Updating learning rate to 8.159233858256806e-07
Epoch: 5 cost time: 1.186692237854004
Epoch: 5, Steps: 29 | Train Loss: 0.1039252 Vali Loss: 0.1726582 Test Loss: 0.0960307
Validation loss decreased (0.174013 --> 0.172658).  Saving model ...
Updating learning rate to 1.0445248888850473e-06
Epoch: 6 cost time: 1.1850159168243408
Epoch: 6, Steps: 29 | Train Loss: 0.1029244 Vali Loss: 0.1704802 Test Loss: 0.0948463
Validation loss decreased (0.172658 --> 0.170480).  Saving model ...
Updating learning rate to 1.3187593941861497e-06
Epoch: 7 cost time: 1.1823043823242188
Epoch: 7, Steps: 29 | Train Loss: 0.1018150 Vali Loss: 0.1679977 Test Loss: 0.0934688
Validation loss decreased (0.170480 --> 0.167998).  Saving model ...
Updating learning rate to 1.6356154184543822e-06
Epoch: 8 cost time: 1.180419921875
Epoch: 8, Steps: 29 | Train Loss: 0.1005931 Vali Loss: 0.1653089 Test Loss: 0.0917807
Validation loss decreased (0.167998 --> 0.165309).  Saving model ...
Updating learning rate to 1.9916134337707666e-06
Epoch: 9 cost time: 1.1850168704986572
Epoch: 9, Steps: 29 | Train Loss: 0.0991136 Vali Loss: 0.1622657 Test Loss: 0.0896143
Validation loss decreased (0.165309 --> 0.162266).  Saving model ...
Updating learning rate to 2.3828440777166636e-06
Epoch: 10 cost time: 1.1769061088562012
Epoch: 10, Steps: 29 | Train Loss: 0.0973060 Vali Loss: 0.1582987 Test Loss: 0.0866278
Validation loss decreased (0.162266 --> 0.158299).  Saving model ...
Updating learning rate to 2.805011083710071e-06
Epoch: 11 cost time: 1.177839756011963
Epoch: 11, Steps: 29 | Train Loss: 0.0950601 Vali Loss: 0.1529704 Test Loss: 0.0825616
Validation loss decreased (0.158299 --> 0.152970).  Saving model ...
Updating learning rate to 3.2534784600976295e-06
Epoch: 12 cost time: 1.188688039779663
Epoch: 12, Steps: 29 | Train Loss: 0.0923933 Vali Loss: 0.1467329 Test Loss: 0.0779712
Validation loss decreased (0.152970 --> 0.146733).  Saving model ...
Updating learning rate to 3.723321399909056e-06
Epoch: 13 cost time: 1.1830837726593018
Epoch: 13, Steps: 29 | Train Loss: 0.0899425 Vali Loss: 0.1425811 Test Loss: 0.0750456
Validation loss decreased (0.146733 --> 0.142581).  Saving model ...
Updating learning rate to 4.209380362212844e-06
Epoch: 14 cost time: 1.1870014667510986
Epoch: 14, Steps: 29 | Train Loss: 0.0882091 Vali Loss: 0.1395154 Test Loss: 0.0733355
Validation loss decreased (0.142581 --> 0.139515).  Saving model ...
Updating learning rate to 4.706317731183279e-06
Epoch: 15 cost time: 1.184135913848877
Epoch: 15, Steps: 29 | Train Loss: 0.0864468 Vali Loss: 0.1360900 Test Loss: 0.0713461
Validation loss decreased (0.139515 --> 0.136090).  Saving model ...
Updating learning rate to 5.208676430682048e-06
Epoch: 16 cost time: 1.1778199672698975
Epoch: 16, Steps: 29 | Train Loss: 0.0846793 Vali Loss: 0.1333223 Test Loss: 0.0691337
Validation loss decreased (0.136090 --> 0.133322).  Saving model ...
Updating learning rate to 5.710939850683244e-06
Epoch: 17 cost time: 1.1830244064331055
Epoch: 17, Steps: 29 | Train Loss: 0.0830504 Vali Loss: 0.1315841 Test Loss: 0.0675100
Validation loss decreased (0.133322 --> 0.131584).  Saving model ...
Updating learning rate to 6.207592427464792e-06
Epoch: 18 cost time: 1.182896375656128
Epoch: 18, Steps: 29 | Train Loss: 0.0816757 Vali Loss: 0.1298483 Test Loss: 0.0657086
Validation loss decreased (0.131584 --> 0.129848).  Saving model ...
Updating learning rate to 6.693180212309968e-06
Epoch: 19 cost time: 1.1816792488098145
Epoch: 19, Steps: 29 | Train Loss: 0.0805125 Vali Loss: 0.1285515 Test Loss: 0.0646693
Validation loss decreased (0.129848 --> 0.128551).  Saving model ...
Updating learning rate to 7.1623707635889015e-06
Epoch: 20 cost time: 1.1761908531188965
Epoch: 20, Steps: 29 | Train Loss: 0.0795267 Vali Loss: 0.1277173 Test Loss: 0.0636725
Validation loss decreased (0.128551 --> 0.127717).  Saving model ...
Updating learning rate to 7.610011704520164e-06
Epoch: 21 cost time: 1.1803505420684814
Epoch: 21, Steps: 29 | Train Loss: 0.0785438 Vali Loss: 0.1268596 Test Loss: 0.0628867
Validation loss decreased (0.127717 --> 0.126860).  Saving model ...
Updating learning rate to 8.031187303565295e-06
Epoch: 22 cost time: 1.186030387878418
Epoch: 22, Steps: 29 | Train Loss: 0.0777819 Vali Loss: 0.1260011 Test Loss: 0.0616766
Validation loss decreased (0.126860 --> 0.126001).  Saving model ...
Updating learning rate to 8.421272456123378e-06
Epoch: 23 cost time: 1.1795525550842285
Epoch: 23, Steps: 29 | Train Loss: 0.0768873 Vali Loss: 0.1247970 Test Loss: 0.0615002
Validation loss decreased (0.126001 --> 0.124797).  Saving model ...
Updating learning rate to 8.775983474730246e-06
Epoch: 24 cost time: 1.1842405796051025
Epoch: 24, Steps: 29 | Train Loss: 0.0761441 Vali Loss: 0.1235913 Test Loss: 0.0606418
Validation loss decreased (0.124797 --> 0.123591).  Saving model ...
Updating learning rate to 9.091425130013939e-06
Epoch: 25 cost time: 1.1728835105895996
Epoch: 25, Steps: 29 | Train Loss: 0.0752996 Vali Loss: 0.1231001 Test Loss: 0.0596098
Validation loss decreased (0.123591 --> 0.123100).  Saving model ...
Updating learning rate to 9.364133425830145e-06
Epoch: 26 cost time: 1.1871626377105713
Epoch: 26, Steps: 29 | Train Loss: 0.0744841 Vali Loss: 0.1225526 Test Loss: 0.0591337
Validation loss decreased (0.123100 --> 0.122553).  Saving model ...
Updating learning rate to 9.591113638846019e-06
Epoch: 27 cost time: 1.177260398864746
Epoch: 27, Steps: 29 | Train Loss: 0.0737639 Vali Loss: 0.1218380 Test Loss: 0.0581683
Validation loss decreased (0.122553 --> 0.121838).  Saving model ...
Updating learning rate to 9.769873204843885e-06
Epoch: 28 cost time: 1.1821880340576172
Epoch: 28, Steps: 29 | Train Loss: 0.0730514 Vali Loss: 0.1212957 Test Loss: 0.0575388
Validation loss decreased (0.121838 --> 0.121296).  Saving model ...
Updating learning rate to 9.898449090606656e-06
Epoch: 29 cost time: 1.1921908855438232
Epoch: 29, Steps: 29 | Train Loss: 0.0722551 Vali Loss: 0.1204190 Test Loss: 0.0569290
Validation loss decreased (0.121296 --> 0.120419).  Saving model ...
Updating learning rate to 9.975429350802846e-06
Epoch: 30 cost time: 1.1881210803985596
Epoch: 30, Steps: 29 | Train Loss: 0.0715238 Vali Loss: 0.1197499 Test Loss: 0.0563502
Validation loss decreased (0.120419 --> 0.119750).  Saving model ...
Updating learning rate to 9.99999401249548e-06
Epoch: 31 cost time: 1.1863815784454346
Epoch: 31, Steps: 29 | Train Loss: 0.0708537 Vali Loss: 0.1188037 Test Loss: 0.0561750
Validation loss decreased (0.119750 --> 0.118804).  Saving model ...
Updating learning rate to 9.994612212745642e-06
Epoch: 32 cost time: 1.191431999206543
Epoch: 32, Steps: 29 | Train Loss: 0.0701907 Vali Loss: 0.1185540 Test Loss: 0.0552483
Validation loss decreased (0.118804 --> 0.118554).  Saving model ...
Updating learning rate to 9.979171968972798e-06
Epoch: 33 cost time: 1.1781749725341797
Epoch: 33, Steps: 29 | Train Loss: 0.0694238 Vali Loss: 0.1173521 Test Loss: 0.0549790
Validation loss decreased (0.118554 --> 0.117352).  Saving model ...
Updating learning rate to 9.953704375773079e-06
Epoch: 34 cost time: 1.1776926517486572
Epoch: 34, Steps: 29 | Train Loss: 0.0687813 Vali Loss: 0.1174469 Test Loss: 0.0543955
EarlyStopping counter: 1 out of 10
Updating learning rate to 9.918260721489893e-06
Epoch: 35 cost time: 1.1815361976623535
Epoch: 35, Steps: 29 | Train Loss: 0.0680920 Vali Loss: 0.1159316 Test Loss: 0.0542782
Validation loss decreased (0.117352 --> 0.115932).  Saving model ...
Updating learning rate to 9.872912384926035e-06
Epoch: 36 cost time: 1.176001787185669
Epoch: 36, Steps: 29 | Train Loss: 0.0674002 Vali Loss: 0.1161020 Test Loss: 0.0534500
EarlyStopping counter: 1 out of 10
Updating learning rate to 9.817750691596265e-06
Epoch: 37 cost time: 1.1735494136810303
Epoch: 37, Steps: 29 | Train Loss: 0.0667826 Vali Loss: 0.1163074 Test Loss: 0.0529639
EarlyStopping counter: 2 out of 10
Updating learning rate to 9.752886729809889e-06
Epoch: 38 cost time: 1.1889066696166992
Epoch: 38, Steps: 29 | Train Loss: 0.0661674 Vali Loss: 0.1146984 Test Loss: 0.0526117
Validation loss decreased (0.115932 --> 0.114698).  Saving model ...
Updating learning rate to 9.678451126953676e-06
Epoch: 39 cost time: 1.1844403743743896
Epoch: 39, Steps: 29 | Train Loss: 0.0654389 Vali Loss: 0.1142103 Test Loss: 0.0522629
Validation loss decreased (0.114698 --> 0.114210).  Saving model ...
Updating learning rate to 9.594593786425696e-06
Epoch: 40 cost time: 1.1916794776916504
Epoch: 40, Steps: 29 | Train Loss: 0.0648750 Vali Loss: 0.1133139 Test Loss: 0.0519748
Validation loss decreased (0.114210 --> 0.113314).  Saving model ...
Updating learning rate to 9.501483585749811e-06
Epoch: 41 cost time: 1.1765713691711426
Epoch: 41, Steps: 29 | Train Loss: 0.0642697 Vali Loss: 0.1131134 Test Loss: 0.0514325
Validation loss decreased (0.113314 --> 0.113113).  Saving model ...
Updating learning rate to 9.399308036478838e-06
Epoch: 42 cost time: 1.1809101104736328
Epoch: 42, Steps: 29 | Train Loss: 0.0635685 Vali Loss: 0.1128977 Test Loss: 0.0509825
Validation loss decreased (0.113113 --> 0.112898).  Saving model ...
Updating learning rate to 9.288272906571216e-06
Epoch: 43 cost time: 1.1828334331512451
Epoch: 43, Steps: 29 | Train Loss: 0.0629868 Vali Loss: 0.1109158 Test Loss: 0.0509927
Validation loss decreased (0.112898 --> 0.110916).  Saving model ...
Updating learning rate to 9.16860180600173e-06
Epoch: 44 cost time: 1.1876425743103027
Epoch: 44, Steps: 29 | Train Loss: 0.0624290 Vali Loss: 0.1112251 Test Loss: 0.0502947
EarlyStopping counter: 1 out of 10
Updating learning rate to 9.040535736440785e-06
Epoch: 45 cost time: 1.186072826385498
Epoch: 45, Steps: 29 | Train Loss: 0.0618128 Vali Loss: 0.1103556 Test Loss: 0.0499977
Validation loss decreased (0.110916 --> 0.110356).  Saving model ...
Updating learning rate to 8.904332605909106e-06
Epoch: 46 cost time: 1.1888673305511475
Epoch: 46, Steps: 29 | Train Loss: 0.0612861 Vali Loss: 0.1090123 Test Loss: 0.0496723
Validation loss decreased (0.110356 --> 0.109012).  Saving model ...
Updating learning rate to 8.760266709385311e-06
Epoch: 47 cost time: 1.184981346130371
Epoch: 47, Steps: 29 | Train Loss: 0.0606896 Vali Loss: 0.1086868 Test Loss: 0.0492120
Validation loss decreased (0.109012 --> 0.108687).  Saving model ...
Updating learning rate to 8.608628176412335e-06
Epoch: 48 cost time: 1.1857447624206543
Epoch: 48, Steps: 29 | Train Loss: 0.0601127 Vali Loss: 0.1076372 Test Loss: 0.0490670
Validation loss decreased (0.108687 --> 0.107637).  Saving model ...
Updating learning rate to 8.449722386815127e-06
Epoch: 49 cost time: 1.1890697479248047
Epoch: 49, Steps: 29 | Train Loss: 0.0595761 Vali Loss: 0.1070198 Test Loss: 0.0487330
Validation loss decreased (0.107637 --> 0.107020).  Saving model ...
Updating learning rate to 8.28386935570634e-06
Epoch: 50 cost time: 1.18648099899292
Epoch: 50, Steps: 29 | Train Loss: 0.0590225 Vali Loss: 0.1073425 Test Loss: 0.0483158
EarlyStopping counter: 1 out of 10
Updating learning rate to 8.111403089018465e-06
Epoch: 51 cost time: 1.1754193305969238
Epoch: 51, Steps: 29 | Train Loss: 0.0584711 Vali Loss: 0.1062484 Test Loss: 0.0480755
Validation loss decreased (0.107020 --> 0.106248).  Saving model ...
Updating learning rate to 7.93267091086035e-06
Epoch: 52 cost time: 1.1956737041473389
Epoch: 52, Steps: 29 | Train Loss: 0.0579589 Vali Loss: 0.1045695 Test Loss: 0.0478861
Validation loss decreased (0.106248 --> 0.104570).  Saving model ...
Updating learning rate to 7.748032764052655e-06
Epoch: 53 cost time: 1.1838674545288086
Epoch: 53, Steps: 29 | Train Loss: 0.0574277 Vali Loss: 0.1041094 Test Loss: 0.0475264
Validation loss decreased (0.104570 --> 0.104109).  Saving model ...
Updating learning rate to 7.557860485250925e-06
Epoch: 54 cost time: 1.1850409507751465
Epoch: 54, Steps: 29 | Train Loss: 0.0569258 Vali Loss: 0.1039320 Test Loss: 0.0470832
Validation loss decreased (0.104109 --> 0.103932).  Saving model ...
Updating learning rate to 7.362537056116034e-06
Epoch: 55 cost time: 1.1854150295257568
Epoch: 55, Steps: 29 | Train Loss: 0.0563886 Vali Loss: 0.1031389 Test Loss: 0.0468513
Validation loss decreased (0.103932 --> 0.103139).  Saving model ...
Updating learning rate to 7.162455832040107e-06
Epoch: 56 cost time: 1.1876332759857178
Epoch: 56, Steps: 29 | Train Loss: 0.0558705 Vali Loss: 0.1020323 Test Loss: 0.0465882
Validation loss decreased (0.103139 --> 0.102032).  Saving model ...
Updating learning rate to 6.9580197499810984e-06
Epoch: 57 cost time: 1.174133539199829
Epoch: 57, Steps: 29 | Train Loss: 0.0553839 Vali Loss: 0.1018704 Test Loss: 0.0461508
Validation loss decreased (0.102032 --> 0.101870).  Saving model ...
Updating learning rate to 6.7496405170013816e-06
Epoch: 58 cost time: 1.1768746376037598
Epoch: 58, Steps: 29 | Train Loss: 0.0549128 Vali Loss: 0.1000466 Test Loss: 0.0460552
Validation loss decreased (0.101870 --> 0.100047).  Saving model ...
Updating learning rate to 6.537737781144523e-06
Epoch: 59 cost time: 1.1820509433746338
Epoch: 59, Steps: 29 | Train Loss: 0.0544529 Vali Loss: 0.0998981 Test Loss: 0.0455889
Validation loss decreased (0.100047 --> 0.099898).  Saving model ...
Updating learning rate to 6.322738286319964e-06
Epoch: 60 cost time: 1.1840505599975586
Epoch: 60, Steps: 29 | Train Loss: 0.0539432 Vali Loss: 0.0996245 Test Loss: 0.0452305
Validation loss decreased (0.099898 --> 0.099624).  Saving model ...
Updating learning rate to 6.105075012897585e-06
Epoch: 61 cost time: 1.190774917602539
Epoch: 61, Steps: 29 | Train Loss: 0.0535474 Vali Loss: 0.0982085 Test Loss: 0.0451006
Validation loss decreased (0.099624 --> 0.098208).  Saving model ...
Updating learning rate to 5.885186305742857e-06
Epoch: 62 cost time: 1.1890308856964111
Epoch: 62, Steps: 29 | Train Loss: 0.0530272 Vali Loss: 0.0985985 Test Loss: 0.0446246
EarlyStopping counter: 1 out of 10
Updating learning rate to 5.6635149914486225e-06
Epoch: 63 cost time: 1.1870057582855225
Epoch: 63, Steps: 29 | Train Loss: 0.0526340 Vali Loss: 0.0972406 Test Loss: 0.0443787
Validation loss decreased (0.098208 --> 0.097241).  Saving model ...
Updating learning rate to 5.440507486541268e-06
Epoch: 64 cost time: 1.1861424446105957
Epoch: 64, Steps: 29 | Train Loss: 0.0521601 Vali Loss: 0.0970332 Test Loss: 0.0440309
Validation loss decreased (0.097241 --> 0.097033).  Saving model ...
Updating learning rate to 5.216612898457253e-06
Epoch: 65 cost time: 1.180286169052124
Epoch: 65, Steps: 29 | Train Loss: 0.0516392 Vali Loss: 0.0960610 Test Loss: 0.0437537
Validation loss decreased (0.097033 --> 0.096061).  Saving model ...
Updating learning rate to 4.992282121100496e-06
Epoch: 66 cost time: 1.1902492046356201
Epoch: 66, Steps: 29 | Train Loss: 0.0512472 Vali Loss: 0.0953225 Test Loss: 0.0434686
Validation loss decreased (0.096061 --> 0.095323).  Saving model ...
Updating learning rate to 4.767966926802067e-06
Epoch: 67 cost time: 1.1755053997039795
Epoch: 67, Steps: 29 | Train Loss: 0.0508675 Vali Loss: 0.0946143 Test Loss: 0.0432178
Validation loss decreased (0.095323 --> 0.094614).  Saving model ...
Updating learning rate to 4.5441190565108235e-06
Epoch: 68 cost time: 1.1925864219665527
Epoch: 68, Steps: 29 | Train Loss: 0.0503855 Vali Loss: 0.0943147 Test Loss: 0.0428297
Validation loss decreased (0.094614 --> 0.094315).  Saving model ...
Updating learning rate to 4.3211893100472735e-06
Epoch: 69 cost time: 1.1823177337646484
Epoch: 69, Steps: 29 | Train Loss: 0.0500166 Vali Loss: 0.0928692 Test Loss: 0.0426671
Validation loss decreased (0.094315 --> 0.092869).  Saving model ...
Updating learning rate to 4.099626638252712e-06
Epoch: 70 cost time: 1.1869041919708252
Epoch: 70, Steps: 29 | Train Loss: 0.0495593 Vali Loss: 0.0921155 Test Loss: 0.0423495
Validation loss decreased (0.092869 --> 0.092115).  Saving model ...
Updating learning rate to 3.879877238861997e-06
Epoch: 71 cost time: 1.1858460903167725
Epoch: 71, Steps: 29 | Train Loss: 0.0491659 Vali Loss: 0.0912728 Test Loss: 0.0421555
Validation loss decreased (0.092115 --> 0.091273).  Saving model ...
Updating learning rate to 3.662383657920668e-06
Epoch: 72 cost time: 1.184931755065918
Epoch: 72, Steps: 29 | Train Loss: 0.0487572 Vali Loss: 0.0912464 Test Loss: 0.0416923
Validation loss decreased (0.091273 --> 0.091246).  Saving model ...
Updating learning rate to 3.447583898556124e-06
Epoch: 73 cost time: 1.1880226135253906
Epoch: 73, Steps: 29 | Train Loss: 0.0483953 Vali Loss: 0.0900813 Test Loss: 0.0414170
Validation loss decreased (0.091246 --> 0.090081).  Saving model ...
Updating learning rate to 3.2359105388976132e-06
Epoch: 74 cost time: 1.1813161373138428
Epoch: 74, Steps: 29 | Train Loss: 0.0479839 Vali Loss: 0.0897341 Test Loss: 0.0411176
Validation loss decreased (0.090081 --> 0.089734).  Saving model ...
Updating learning rate to 3.027789860921434e-06
Epoch: 75 cost time: 1.1913633346557617
Epoch: 75, Steps: 29 | Train Loss: 0.0476254 Vali Loss: 0.0889048 Test Loss: 0.0408719
Validation loss decreased (0.089734 --> 0.088905).  Saving model ...
Updating learning rate to 2.8236409919757893e-06
Epoch: 76 cost time: 1.1903581619262695
Epoch: 76, Steps: 29 | Train Loss: 0.0472417 Vali Loss: 0.0881949 Test Loss: 0.0405444
Validation loss decreased (0.088905 --> 0.088195).  Saving model ...
Updating learning rate to 2.6238750607140637e-06
Epoch: 77 cost time: 1.1856865882873535
Epoch: 77, Steps: 29 | Train Loss: 0.0468618 Vali Loss: 0.0874542 Test Loss: 0.0403164
Validation loss decreased (0.088195 --> 0.087454).  Saving model ...
Updating learning rate to 2.4288943691364434e-06
Epoch: 78 cost time: 1.1849188804626465
Epoch: 78, Steps: 29 | Train Loss: 0.0464696 Vali Loss: 0.0873797 Test Loss: 0.0399282
Validation loss decreased (0.087454 --> 0.087380).  Saving model ...
Updating learning rate to 2.2390915824072217e-06
Epoch: 79 cost time: 1.1856184005737305
Epoch: 79, Steps: 29 | Train Loss: 0.0461344 Vali Loss: 0.0864066 Test Loss: 0.0396721
Validation loss decreased (0.087380 --> 0.086407).  Saving model ...
Updating learning rate to 2.0548489380794217e-06
Epoch: 80 cost time: 1.1832494735717773
Epoch: 80, Steps: 29 | Train Loss: 0.0457552 Vali Loss: 0.0855286 Test Loss: 0.0394394
Validation loss decreased (0.086407 --> 0.085529).  Saving model ...
Updating learning rate to 1.876537476319218e-06
Epoch: 81 cost time: 1.1770243644714355
Epoch: 81, Steps: 29 | Train Loss: 0.0454136 Vali Loss: 0.0852102 Test Loss: 0.0393465
Validation loss decreased (0.085529 --> 0.085210).  Saving model ...
Updating learning rate to 1.7045162926804444e-06
Epoch: 82 cost time: 1.1834890842437744
Epoch: 82, Steps: 29 | Train Loss: 0.0453984 Vali Loss: 0.0853196 Test Loss: 0.0392816
EarlyStopping counter: 1 out of 10
Updating learning rate to 1.5391318149339123e-06
Epoch: 83 cost time: 1.1864409446716309
Epoch: 83, Steps: 29 | Train Loss: 0.0453882 Vali Loss: 0.0852323 Test Loss: 0.0393041
EarlyStopping counter: 2 out of 10
Updating learning rate to 1.3807171054080036e-06
Epoch: 84 cost time: 1.1851630210876465
Epoch: 84, Steps: 29 | Train Loss: 0.0453448 Vali Loss: 0.0850065 Test Loss: 0.0393464
Validation loss decreased (0.085210 --> 0.085006).  Saving model ...
Updating learning rate to 1.2295911902454577e-06
Epoch: 85 cost time: 1.1916730403900146
Epoch: 85, Steps: 29 | Train Loss: 0.0453851 Vali Loss: 0.0851943 Test Loss: 0.0393335
EarlyStopping counter: 1 out of 10
Updating learning rate to 1.0860584169271784e-06
Epoch: 86 cost time: 1.18192458152771
Epoch: 86, Steps: 29 | Train Loss: 0.0453490 Vali Loss: 0.0852925 Test Loss: 0.0393526
EarlyStopping counter: 2 out of 10
Updating learning rate to 9.504078413569088e-07
Epoch: 87 cost time: 1.18593168258667
Epoch: 87, Steps: 29 | Train Loss: 0.0453208 Vali Loss: 0.0851694 Test Loss: 0.0393853
EarlyStopping counter: 3 out of 10
Updating learning rate to 8.229126457411124e-07
Epoch: 88 cost time: 1.1784610748291016
Epoch: 88, Steps: 29 | Train Loss: 0.0453561 Vali Loss: 0.0853600 Test Loss: 0.0393738
EarlyStopping counter: 4 out of 10
Updating learning rate to 7.038295884363647e-07
Epoch: 89 cost time: 1.180725336074829
Epoch: 89, Steps: 29 | Train Loss: 0.0453324 Vali Loss: 0.0854512 Test Loss: 0.0393669
EarlyStopping counter: 5 out of 10
Updating learning rate to 5.933984868721898e-07
Epoch: 90 cost time: 1.1777629852294922
Epoch: 90, Steps: 29 | Train Loss: 0.0453673 Vali Loss: 0.0854925 Test Loss: 0.0393571
EarlyStopping counter: 6 out of 10
Updating learning rate to 4.918417345906772e-07
Epoch: 91 cost time: 1.1821391582489014
Epoch: 91, Steps: 29 | Train Loss: 0.0453205 Vali Loss: 0.0853852 Test Loss: 0.0393807
EarlyStopping counter: 7 out of 10
Updating learning rate to 3.9936385337548097e-07
Epoch: 92 cost time: 1.1854150295257568
Epoch: 92, Steps: 29 | Train Loss: 0.0452986 Vali Loss: 0.0851355 Test Loss: 0.0393790
EarlyStopping counter: 8 out of 10
Updating learning rate to 3.161510813721721e-07
Epoch: 93 cost time: 1.1828229427337646
Epoch: 93, Steps: 29 | Train Loss: 0.0452912 Vali Loss: 0.0851814 Test Loss: 0.0393826
EarlyStopping counter: 9 out of 10
Updating learning rate to 2.4237099802938663e-07
Epoch: 94 cost time: 1.1839895248413086
Epoch: 94, Steps: 29 | Train Loss: 0.0453360 Vali Loss: 0.0853196 Test Loss: 0.0393695
EarlyStopping counter: 10 out of 10
Early stopping
>>>>>>>testing : ETTh1_336_720_DTFNet_ETTh1_ftM_sl336_ll0_pl720_dm128_nh16_el2_br2_dl1_df256_fc1_ebtimeF_dtTrue_'Exp'_0_'rel_sin'_16_8_16,24_8,12_3_1_256<<<<<<<<<<<<<<<<<<<<<<<<<<<<<<<<<
test 2161
mse:0.41255372762680054, mae:0.4402756094932556, rse:0.6169149875640869
