Args in experiment:
Namespace(is_training=1, model_id='ETTh1_336_720', model='DTFNet', data='ETTh1', root_path='./dataset/', data_path='ETTh1.csv', features='M', target='OT', freq='h', checkpoints='./checkpoints/', seq_len=336, label_len=0, pred_len=720, n_branches=2, patch_len_ls='16,24', stride_ls='8,12', d_model_ls='128', n_heads_ls='16', rel_pe="'rel_sin'", res_attn=False, head_type='flatten', fc_dropout=0.3, head_dropout=0.1, patch_len=16, stride=8, padding_patch="'end'", revin=1, affine=0, subtract_last=0, decomposition=0, kernel_size=25, individual=0, store_attn=False, pre_norm=False, pe='zeros', no_learn_pe=True, embed_type=0, enc_in=7, dec_in=7, c_out=7, d_model=128, n_heads=16, e_layers=2, d_layers=1, d_ff=256, moving_avg=25, factor=1, distil=True, dropout=0.3, embed='timeF', activation='gelu', output_attention=False, do_predict=False, num_workers=0, itr=1, train_epochs=100, batch_size=256, patience=10, learning_rate=1e-05, des="'Exp'", loss='mse', lradj='TST', pct_start=0.3, use_amp=False, l2=0.0, warmup_steps=0, use_gpu=True, gpu=0, use_multi_gpu=False, devices='0', test_flop=False, use_mlflow=False, mlflow_project='exp', loss_flag=2, sub_patch_len=16, sub_stride=8, stride_ls_list='16', model_type='linear', tfactor=3, dilation_rates='1', wavelet_layers=2, wavelet_type='db5', wavelet_mode='periodization', wavelet_dim=64, initTLV=0.2)
Use GPU: cuda:0
>>>>>>>start training : ETTh1_336_720_DTFNet_ETTh1_ftM_sl336_ll0_pl720_dm128_nh16_el2_br2_dl1_df256_fc1_ebtimeF_dtTrue_'Exp'_0_'rel_sin'_16_8_16,24_8,12_3_1_256>>>>>>>>>>>>>>>>>>>>>>>>>>
train 7585
val 2161
test 2161
Epoch: 1 cost time: 1.5679495334625244
Epoch: 1, Steps: 29 | Train Loss: 0.1076221 Vali Loss: 0.1788105 Test Loss: 0.0996968
Validation loss decreased (inf --> 0.178810).  Saving model ...
Updating learning rate to 4.2635539919063106e-07
Epoch: 2 cost time: 1.1937532424926758
Epoch: 2, Steps: 29 | Train Loss: 0.1067438 Vali Loss: 0.1775378 Test Loss: 0.0988524
Validation loss decreased (0.178810 --> 0.177538).  Saving model ...
Updating learning rate to 5.051321771514831e-07
Epoch: 3 cost time: 1.1927692890167236
Epoch: 3, Steps: 29 | Train Loss: 0.1058312 Vali Loss: 0.1755507 Test Loss: 0.0979449
Validation loss decreased (0.177538 --> 0.175551).  Saving model ...
Updating learning rate to 6.354652532866785e-07
Epoch: 4 cost time: 1.19211745262146
Epoch: 4, Steps: 29 | Train Loss: 0.1049697 Vali Loss: 0.1744553 Test Loss: 0.0969705
Validation loss decreased (0.175551 --> 0.174455).  Saving model ...
Updating learning rate to 8.159233858256806e-07
Epoch: 5 cost time: 1.195295810699463
Epoch: 5, Steps: 29 | Train Loss: 0.1039789 Vali Loss: 0.1720417 Test Loss: 0.0959101
Validation loss decreased (0.174455 --> 0.172042).  Saving model ...
Updating learning rate to 1.0445248888850473e-06
Epoch: 6 cost time: 1.1831674575805664
Epoch: 6, Steps: 29 | Train Loss: 0.1029622 Vali Loss: 0.1703297 Test Loss: 0.0947241
Validation loss decreased (0.172042 --> 0.170330).  Saving model ...
Updating learning rate to 1.3187593941861497e-06
Epoch: 7 cost time: 1.2001028060913086
Epoch: 7, Steps: 29 | Train Loss: 0.1018347 Vali Loss: 0.1680352 Test Loss: 0.0933616
Validation loss decreased (0.170330 --> 0.168035).  Saving model ...
Updating learning rate to 1.6356154184543822e-06
Epoch: 8 cost time: 1.193147897720337
Epoch: 8, Steps: 29 | Train Loss: 0.1006434 Vali Loss: 0.1656864 Test Loss: 0.0916853
Validation loss decreased (0.168035 --> 0.165686).  Saving model ...
Updating learning rate to 1.9916134337707666e-06
Epoch: 9 cost time: 1.1895041465759277
Epoch: 9, Steps: 29 | Train Loss: 0.0992239 Vali Loss: 0.1623690 Test Loss: 0.0895767
Validation loss decreased (0.165686 --> 0.162369).  Saving model ...
Updating learning rate to 2.3828440777166636e-06
Epoch: 10 cost time: 1.1951019763946533
Epoch: 10, Steps: 29 | Train Loss: 0.0974245 Vali Loss: 0.1582498 Test Loss: 0.0866947
Validation loss decreased (0.162369 --> 0.158250).  Saving model ...
Updating learning rate to 2.805011083710071e-06
Epoch: 11 cost time: 1.163789987564087
Epoch: 11, Steps: 29 | Train Loss: 0.0951340 Vali Loss: 0.1530727 Test Loss: 0.0827404
Validation loss decreased (0.158250 --> 0.153073).  Saving model ...
Updating learning rate to 3.2534784600976295e-06
Epoch: 12 cost time: 1.1924505233764648
Epoch: 12, Steps: 29 | Train Loss: 0.0924868 Vali Loss: 0.1469352 Test Loss: 0.0781872
Validation loss decreased (0.153073 --> 0.146935).  Saving model ...
Updating learning rate to 3.723321399909056e-06
Epoch: 13 cost time: 1.187565565109253
Epoch: 13, Steps: 29 | Train Loss: 0.0899473 Vali Loss: 0.1423651 Test Loss: 0.0749978
Validation loss decreased (0.146935 --> 0.142365).  Saving model ...
Updating learning rate to 4.209380362212844e-06
Epoch: 14 cost time: 1.1922221183776855
Epoch: 14, Steps: 29 | Train Loss: 0.0880293 Vali Loss: 0.1392077 Test Loss: 0.0732113
Validation loss decreased (0.142365 --> 0.139208).  Saving model ...
Updating learning rate to 4.706317731183279e-06
Epoch: 15 cost time: 1.190375566482544
Epoch: 15, Steps: 29 | Train Loss: 0.0862580 Vali Loss: 0.1363195 Test Loss: 0.0713359
Validation loss decreased (0.139208 --> 0.136319).  Saving model ...
Updating learning rate to 5.208676430682048e-06
Epoch: 16 cost time: 1.1872289180755615
Epoch: 16, Steps: 29 | Train Loss: 0.0846532 Vali Loss: 0.1339009 Test Loss: 0.0692598
Validation loss decreased (0.136319 --> 0.133901).  Saving model ...
Updating learning rate to 5.710939850683244e-06
Epoch: 17 cost time: 1.1888678073883057
Epoch: 17, Steps: 29 | Train Loss: 0.0830665 Vali Loss: 0.1319446 Test Loss: 0.0674441
Validation loss decreased (0.133901 --> 0.131945).  Saving model ...
Updating learning rate to 6.207592427464792e-06
Epoch: 18 cost time: 1.1929185390472412
Epoch: 18, Steps: 29 | Train Loss: 0.0816073 Vali Loss: 0.1303082 Test Loss: 0.0657720
Validation loss decreased (0.131945 --> 0.130308).  Saving model ...
Updating learning rate to 6.693180212309968e-06
Epoch: 19 cost time: 1.2009282112121582
Epoch: 19, Steps: 29 | Train Loss: 0.0805949 Vali Loss: 0.1289613 Test Loss: 0.0646344
Validation loss decreased (0.130308 --> 0.128961).  Saving model ...
Updating learning rate to 7.1623707635889015e-06
Epoch: 20 cost time: 1.1936273574829102
Epoch: 20, Steps: 29 | Train Loss: 0.0796840 Vali Loss: 0.1279331 Test Loss: 0.0637549
Validation loss decreased (0.128961 --> 0.127933).  Saving model ...
Updating learning rate to 7.610011704520164e-06
Epoch: 21 cost time: 1.1978414058685303
Epoch: 21, Steps: 29 | Train Loss: 0.0787435 Vali Loss: 0.1268611 Test Loss: 0.0632153
Validation loss decreased (0.127933 --> 0.126861).  Saving model ...
Updating learning rate to 8.031187303565295e-06
Epoch: 22 cost time: 1.1876263618469238
Epoch: 22, Steps: 29 | Train Loss: 0.0778812 Vali Loss: 0.1257586 Test Loss: 0.0622860
Validation loss decreased (0.126861 --> 0.125759).  Saving model ...
Updating learning rate to 8.421272456123378e-06
Epoch: 23 cost time: 1.188857078552246
Epoch: 23, Steps: 29 | Train Loss: 0.0769938 Vali Loss: 0.1248672 Test Loss: 0.0616294
Validation loss decreased (0.125759 --> 0.124867).  Saving model ...
Updating learning rate to 8.775983474730246e-06
Epoch: 24 cost time: 1.1884169578552246
Epoch: 24, Steps: 29 | Train Loss: 0.0762259 Vali Loss: 0.1241994 Test Loss: 0.0605380
Validation loss decreased (0.124867 --> 0.124199).  Saving model ...
Updating learning rate to 9.091425130013939e-06
Epoch: 25 cost time: 1.1847331523895264
Epoch: 25, Steps: 29 | Train Loss: 0.0754160 Vali Loss: 0.1230593 Test Loss: 0.0601335
Validation loss decreased (0.124199 --> 0.123059).  Saving model ...
Updating learning rate to 9.364133425830145e-06
Epoch: 26 cost time: 1.1934747695922852
Epoch: 26, Steps: 29 | Train Loss: 0.0745746 Vali Loss: 0.1222143 Test Loss: 0.0596958
Validation loss decreased (0.123059 --> 0.122214).  Saving model ...
Updating learning rate to 9.591113638846019e-06
Epoch: 27 cost time: 1.1868889331817627
Epoch: 27, Steps: 29 | Train Loss: 0.0738311 Vali Loss: 0.1215327 Test Loss: 0.0588967
Validation loss decreased (0.122214 --> 0.121533).  Saving model ...
Updating learning rate to 9.769873204843885e-06
Epoch: 28 cost time: 1.1919879913330078
Epoch: 28, Steps: 29 | Train Loss: 0.0731141 Vali Loss: 0.1209351 Test Loss: 0.0584200
Validation loss decreased (0.121533 --> 0.120935).  Saving model ...
Updating learning rate to 9.898449090606656e-06
Epoch: 29 cost time: 1.1931538581848145
Epoch: 29, Steps: 29 | Train Loss: 0.0723211 Vali Loss: 0.1193628 Test Loss: 0.0578907
Validation loss decreased (0.120935 --> 0.119363).  Saving model ...
Updating learning rate to 9.975429350802846e-06
Epoch: 30 cost time: 1.1679790019989014
Epoch: 30, Steps: 29 | Train Loss: 0.0717063 Vali Loss: 0.1192029 Test Loss: 0.0569023
Validation loss decreased (0.119363 --> 0.119203).  Saving model ...
Updating learning rate to 9.99999401249548e-06
Epoch: 31 cost time: 1.1969001293182373
Epoch: 31, Steps: 29 | Train Loss: 0.0709363 Vali Loss: 0.1187910 Test Loss: 0.0564738
Validation loss decreased (0.119203 --> 0.118791).  Saving model ...
Updating learning rate to 9.994612212745642e-06
Epoch: 32 cost time: 1.1892976760864258
Epoch: 32, Steps: 29 | Train Loss: 0.0702232 Vali Loss: 0.1174663 Test Loss: 0.0558961
Validation loss decreased (0.118791 --> 0.117466).  Saving model ...
Updating learning rate to 9.979171968972798e-06
Epoch: 33 cost time: 1.1871185302734375
Epoch: 33, Steps: 29 | Train Loss: 0.0695804 Vali Loss: 0.1171641 Test Loss: 0.0556648
Validation loss decreased (0.117466 --> 0.117164).  Saving model ...
Updating learning rate to 9.953704375773079e-06
Epoch: 34 cost time: 1.1932191848754883
Epoch: 34, Steps: 29 | Train Loss: 0.0688995 Vali Loss: 0.1162156 Test Loss: 0.0551366
Validation loss decreased (0.117164 --> 0.116216).  Saving model ...
Updating learning rate to 9.918260721489893e-06
Epoch: 35 cost time: 1.190500259399414
Epoch: 35, Steps: 29 | Train Loss: 0.0682038 Vali Loss: 0.1145495 Test Loss: 0.0551219
Validation loss decreased (0.116216 --> 0.114549).  Saving model ...
Updating learning rate to 9.872912384926035e-06
Epoch: 36 cost time: 1.1861751079559326
Epoch: 36, Steps: 29 | Train Loss: 0.0675295 Vali Loss: 0.1143925 Test Loss: 0.0541367
Validation loss decreased (0.114549 --> 0.114392).  Saving model ...
Updating learning rate to 9.817750691596265e-06
Epoch: 37 cost time: 1.1919870376586914
Epoch: 37, Steps: 29 | Train Loss: 0.0668369 Vali Loss: 0.1135195 Test Loss: 0.0538718
Validation loss decreased (0.114392 --> 0.113520).  Saving model ...
Updating learning rate to 9.752886729809889e-06
Epoch: 38 cost time: 1.1895272731781006
Epoch: 38, Steps: 29 | Train Loss: 0.0662054 Vali Loss: 0.1125821 Test Loss: 0.0536313
Validation loss decreased (0.113520 --> 0.112582).  Saving model ...
Updating learning rate to 9.678451126953676e-06
Epoch: 39 cost time: 1.1879901885986328
Epoch: 39, Steps: 29 | Train Loss: 0.0655290 Vali Loss: 0.1127916 Test Loss: 0.0528471
EarlyStopping counter: 1 out of 10
Updating learning rate to 9.594593786425696e-06
Epoch: 40 cost time: 1.1883699893951416
Epoch: 40, Steps: 29 | Train Loss: 0.0648748 Vali Loss: 0.1126866 Test Loss: 0.0523071
EarlyStopping counter: 2 out of 10
Updating learning rate to 9.501483585749811e-06
Epoch: 41 cost time: 1.1869401931762695
Epoch: 41, Steps: 29 | Train Loss: 0.0642443 Vali Loss: 0.1110630 Test Loss: 0.0521276
Validation loss decreased (0.112582 --> 0.111063).  Saving model ...
Updating learning rate to 9.399308036478838e-06
Epoch: 42 cost time: 1.18656325340271
Epoch: 42, Steps: 29 | Train Loss: 0.0636313 Vali Loss: 0.1102210 Test Loss: 0.0518137
Validation loss decreased (0.111063 --> 0.110221).  Saving model ...
Updating learning rate to 9.288272906571216e-06
Epoch: 43 cost time: 1.192974328994751
Epoch: 43, Steps: 29 | Train Loss: 0.0630597 Vali Loss: 0.1092909 Test Loss: 0.0513912
Validation loss decreased (0.110221 --> 0.109291).  Saving model ...
Updating learning rate to 9.16860180600173e-06
Epoch: 44 cost time: 1.1917901039123535
Epoch: 44, Steps: 29 | Train Loss: 0.0624079 Vali Loss: 0.1089641 Test Loss: 0.0512421
Validation loss decreased (0.109291 --> 0.108964).  Saving model ...
Updating learning rate to 9.040535736440785e-06
Epoch: 45 cost time: 1.197187900543213
Epoch: 45, Steps: 29 | Train Loss: 0.0618312 Vali Loss: 0.1084531 Test Loss: 0.0506186
Validation loss decreased (0.108964 --> 0.108453).  Saving model ...
Updating learning rate to 8.904332605909106e-06
Epoch: 46 cost time: 1.1907870769500732
Epoch: 46, Steps: 29 | Train Loss: 0.0612449 Vali Loss: 0.1074904 Test Loss: 0.0506222
Validation loss decreased (0.108453 --> 0.107490).  Saving model ...
Updating learning rate to 8.760266709385311e-06
Epoch: 47 cost time: 1.1575438976287842
Epoch: 47, Steps: 29 | Train Loss: 0.0606820 Vali Loss: 0.1072443 Test Loss: 0.0499996
Validation loss decreased (0.107490 --> 0.107244).  Saving model ...
Updating learning rate to 8.608628176412335e-06
Epoch: 48 cost time: 1.1890597343444824
Epoch: 48, Steps: 29 | Train Loss: 0.0601044 Vali Loss: 0.1068215 Test Loss: 0.0496067
Validation loss decreased (0.107244 --> 0.106821).  Saving model ...
Updating learning rate to 8.449722386815127e-06
Epoch: 49 cost time: 1.191913366317749
Epoch: 49, Steps: 29 | Train Loss: 0.0594960 Vali Loss: 0.1061314 Test Loss: 0.0492608
Validation loss decreased (0.106821 --> 0.106131).  Saving model ...
Updating learning rate to 8.28386935570634e-06
Epoch: 50 cost time: 1.1915063858032227
Epoch: 50, Steps: 29 | Train Loss: 0.0590012 Vali Loss: 0.1051953 Test Loss: 0.0489290
Validation loss decreased (0.106131 --> 0.105195).  Saving model ...
Updating learning rate to 8.111403089018465e-06
Epoch: 51 cost time: 1.193380355834961
Epoch: 51, Steps: 29 | Train Loss: 0.0583577 Vali Loss: 0.1040109 Test Loss: 0.0485930
Validation loss decreased (0.105195 --> 0.104011).  Saving model ...
Updating learning rate to 7.93267091086035e-06
Epoch: 52 cost time: 1.1906969547271729
Epoch: 52, Steps: 29 | Train Loss: 0.0578956 Vali Loss: 0.1040277 Test Loss: 0.0482419
EarlyStopping counter: 1 out of 10
Updating learning rate to 7.748032764052655e-06
Epoch: 53 cost time: 1.1892611980438232
Epoch: 53, Steps: 29 | Train Loss: 0.0574084 Vali Loss: 0.1030245 Test Loss: 0.0478536
Validation loss decreased (0.104011 --> 0.103025).  Saving model ...
Updating learning rate to 7.557860485250925e-06
Epoch: 54 cost time: 1.1929197311401367
Epoch: 54, Steps: 29 | Train Loss: 0.0568335 Vali Loss: 0.1022466 Test Loss: 0.0475365
Validation loss decreased (0.103025 --> 0.102247).  Saving model ...
Updating learning rate to 7.362537056116034e-06
Epoch: 55 cost time: 1.1896097660064697
Epoch: 55, Steps: 29 | Train Loss: 0.0563223 Vali Loss: 0.1023537 Test Loss: 0.0472897
EarlyStopping counter: 1 out of 10
Updating learning rate to 7.162455832040107e-06
Epoch: 56 cost time: 1.1834492683410645
Epoch: 56, Steps: 29 | Train Loss: 0.0558711 Vali Loss: 0.1008721 Test Loss: 0.0470057
Validation loss decreased (0.102247 --> 0.100872).  Saving model ...
Updating learning rate to 6.9580197499810984e-06
Epoch: 57 cost time: 1.1917166709899902
Epoch: 57, Steps: 29 | Train Loss: 0.0553599 Vali Loss: 0.1001288 Test Loss: 0.0468661
Validation loss decreased (0.100872 --> 0.100129).  Saving model ...
Updating learning rate to 6.7496405170013816e-06
Epoch: 58 cost time: 1.1895692348480225
Epoch: 58, Steps: 29 | Train Loss: 0.0548434 Vali Loss: 0.0997966 Test Loss: 0.0462717
Validation loss decreased (0.100129 --> 0.099797).  Saving model ...
Updating learning rate to 6.537737781144523e-06
Epoch: 59 cost time: 1.1904993057250977
Epoch: 59, Steps: 29 | Train Loss: 0.0543566 Vali Loss: 0.0987746 Test Loss: 0.0460284
Validation loss decreased (0.099797 --> 0.098775).  Saving model ...
Updating learning rate to 6.322738286319964e-06
Epoch: 60 cost time: 1.195281982421875
Epoch: 60, Steps: 29 | Train Loss: 0.0539054 Vali Loss: 0.0980742 Test Loss: 0.0458434
Validation loss decreased (0.098775 --> 0.098074).  Saving model ...
Updating learning rate to 6.105075012897585e-06
Epoch: 61 cost time: 1.1960299015045166
Epoch: 61, Steps: 29 | Train Loss: 0.0534133 Vali Loss: 0.0977889 Test Loss: 0.0453733
Validation loss decreased (0.098074 --> 0.097789).  Saving model ...
Updating learning rate to 5.885186305742857e-06
Epoch: 62 cost time: 1.185786247253418
Epoch: 62, Steps: 29 | Train Loss: 0.0529164 Vali Loss: 0.0965671 Test Loss: 0.0452234
Validation loss decreased (0.097789 --> 0.096567).  Saving model ...
Updating learning rate to 5.6635149914486225e-06
Epoch: 63 cost time: 1.187349557876587
Epoch: 63, Steps: 29 | Train Loss: 0.0524586 Vali Loss: 0.0963446 Test Loss: 0.0448011
Validation loss decreased (0.096567 --> 0.096345).  Saving model ...
Updating learning rate to 5.440507486541268e-06
Epoch: 64 cost time: 1.192075490951538
Epoch: 64, Steps: 29 | Train Loss: 0.0520822 Vali Loss: 0.0954641 Test Loss: 0.0444336
Validation loss decreased (0.096345 --> 0.095464).  Saving model ...
Updating learning rate to 5.216612898457253e-06
Epoch: 65 cost time: 1.193605899810791
Epoch: 65, Steps: 29 | Train Loss: 0.0515717 Vali Loss: 0.0950284 Test Loss: 0.0441288
Validation loss decreased (0.095464 --> 0.095028).  Saving model ...
Updating learning rate to 4.992282121100496e-06
Epoch: 66 cost time: 1.191901445388794
Epoch: 66, Steps: 29 | Train Loss: 0.0511668 Vali Loss: 0.0943608 Test Loss: 0.0438045
Validation loss decreased (0.095028 --> 0.094361).  Saving model ...
Updating learning rate to 4.767966926802067e-06
Epoch: 67 cost time: 1.1993954181671143
Epoch: 67, Steps: 29 | Train Loss: 0.0507206 Vali Loss: 0.0937311 Test Loss: 0.0434425
Validation loss decreased (0.094361 --> 0.093731).  Saving model ...
Updating learning rate to 4.5441190565108235e-06
Epoch: 68 cost time: 1.198293685913086
Epoch: 68, Steps: 29 | Train Loss: 0.0503439 Vali Loss: 0.0931018 Test Loss: 0.0431723
Validation loss decreased (0.093731 --> 0.093102).  Saving model ...
Updating learning rate to 4.3211893100472735e-06
Epoch: 69 cost time: 1.161184549331665
Epoch: 69, Steps: 29 | Train Loss: 0.0498740 Vali Loss: 0.0922929 Test Loss: 0.0429599
Validation loss decreased (0.093102 --> 0.092293).  Saving model ...
Updating learning rate to 4.099626638252712e-06
Epoch: 70 cost time: 1.1900336742401123
Epoch: 70, Steps: 29 | Train Loss: 0.0494939 Vali Loss: 0.0915254 Test Loss: 0.0426563
Validation loss decreased (0.092293 --> 0.091525).  Saving model ...
Updating learning rate to 3.879877238861997e-06
Epoch: 71 cost time: 1.1925897598266602
Epoch: 71, Steps: 29 | Train Loss: 0.0491043 Vali Loss: 0.0906752 Test Loss: 0.0423695
Validation loss decreased (0.091525 --> 0.090675).  Saving model ...
Updating learning rate to 3.662383657920668e-06
Epoch: 72 cost time: 1.1953494548797607
Epoch: 72, Steps: 29 | Train Loss: 0.0486757 Vali Loss: 0.0902578 Test Loss: 0.0420480
Validation loss decreased (0.090675 --> 0.090258).  Saving model ...
Updating learning rate to 3.447583898556124e-06
Epoch: 73 cost time: 1.191735029220581
Epoch: 73, Steps: 29 | Train Loss: 0.0482950 Vali Loss: 0.0895607 Test Loss: 0.0416999
Validation loss decreased (0.090258 --> 0.089561).  Saving model ...
Updating learning rate to 3.2359105388976132e-06
Epoch: 74 cost time: 1.1915950775146484
Epoch: 74, Steps: 29 | Train Loss: 0.0478882 Vali Loss: 0.0888345 Test Loss: 0.0414143
Validation loss decreased (0.089561 --> 0.088835).  Saving model ...
Updating learning rate to 3.027789860921434e-06
Epoch: 75 cost time: 1.188258409500122
Epoch: 75, Steps: 29 | Train Loss: 0.0474950 Vali Loss: 0.0885554 Test Loss: 0.0410579
Validation loss decreased (0.088835 --> 0.088555).  Saving model ...
Updating learning rate to 2.8236409919757893e-06
Epoch: 76 cost time: 1.1848809719085693
Epoch: 76, Steps: 29 | Train Loss: 0.0471270 Vali Loss: 0.0876150 Test Loss: 0.0407387
Validation loss decreased (0.088555 --> 0.087615).  Saving model ...
Updating learning rate to 2.6238750607140637e-06
Epoch: 77 cost time: 1.1905665397644043
Epoch: 77, Steps: 29 | Train Loss: 0.0466924 Vali Loss: 0.0869616 Test Loss: 0.0404769
Validation loss decreased (0.087615 --> 0.086962).  Saving model ...
Updating learning rate to 2.4288943691364434e-06
Epoch: 78 cost time: 1.1810126304626465
Epoch: 78, Steps: 29 | Train Loss: 0.0463961 Vali Loss: 0.0863942 Test Loss: 0.0401756
Validation loss decreased (0.086962 --> 0.086394).  Saving model ...
Updating learning rate to 2.2390915824072217e-06
Epoch: 79 cost time: 1.18276047706604
Epoch: 79, Steps: 29 | Train Loss: 0.0460042 Vali Loss: 0.0858584 Test Loss: 0.0398700
Validation loss decreased (0.086394 --> 0.085858).  Saving model ...
Updating learning rate to 2.0548489380794217e-06
Epoch: 80 cost time: 1.1916449069976807
Epoch: 80, Steps: 29 | Train Loss: 0.0456450 Vali Loss: 0.0853451 Test Loss: 0.0395712
Validation loss decreased (0.085858 --> 0.085345).  Saving model ...
Updating learning rate to 1.876537476319218e-06
Epoch: 81 cost time: 1.189361810684204
Epoch: 81, Steps: 29 | Train Loss: 0.0453375 Vali Loss: 0.0848284 Test Loss: 0.0395840
Validation loss decreased (0.085345 --> 0.084828).  Saving model ...
Updating learning rate to 1.7045162926804444e-06
Epoch: 82 cost time: 1.1937978267669678
Epoch: 82, Steps: 29 | Train Loss: 0.0453242 Vali Loss: 0.0843600 Test Loss: 0.0395982
Validation loss decreased (0.084828 --> 0.084360).  Saving model ...
Updating learning rate to 1.5391318149339123e-06
Epoch: 83 cost time: 1.1912407875061035
Epoch: 83, Steps: 29 | Train Loss: 0.0452700 Vali Loss: 0.0847885 Test Loss: 0.0395296
EarlyStopping counter: 1 out of 10
Updating learning rate to 1.3807171054080036e-06
Epoch: 84 cost time: 1.1849095821380615
Epoch: 84, Steps: 29 | Train Loss: 0.0452504 Vali Loss: 0.0848645 Test Loss: 0.0395377
EarlyStopping counter: 2 out of 10
Updating learning rate to 1.2295911902454577e-06
Epoch: 85 cost time: 1.186589002609253
Epoch: 85, Steps: 29 | Train Loss: 0.0452695 Vali Loss: 0.0845635 Test Loss: 0.0395803
EarlyStopping counter: 3 out of 10
Updating learning rate to 1.0860584169271784e-06
Epoch: 86 cost time: 1.1840217113494873
Epoch: 86, Steps: 29 | Train Loss: 0.0452935 Vali Loss: 0.0849792 Test Loss: 0.0395749
EarlyStopping counter: 4 out of 10
Updating learning rate to 9.504078413569088e-07
Epoch: 87 cost time: 1.1889464855194092
Epoch: 87, Steps: 29 | Train Loss: 0.0452606 Vali Loss: 0.0849594 Test Loss: 0.0395576
EarlyStopping counter: 5 out of 10
Updating learning rate to 8.229126457411124e-07
Epoch: 88 cost time: 1.1619820594787598
Epoch: 88, Steps: 29 | Train Loss: 0.0452392 Vali Loss: 0.0848737 Test Loss: 0.0395741
EarlyStopping counter: 6 out of 10
Updating learning rate to 7.038295884363647e-07
Epoch: 89 cost time: 1.1895697116851807
Epoch: 89, Steps: 29 | Train Loss: 0.0452072 Vali Loss: 0.0846753 Test Loss: 0.0395870
EarlyStopping counter: 7 out of 10
Updating learning rate to 5.933984868721898e-07
Epoch: 90 cost time: 1.1852130889892578
Epoch: 90, Steps: 29 | Train Loss: 0.0452087 Vali Loss: 0.0847411 Test Loss: 0.0395758
EarlyStopping counter: 8 out of 10
Updating learning rate to 4.918417345906772e-07
Epoch: 91 cost time: 1.1889207363128662
Epoch: 91, Steps: 29 | Train Loss: 0.0452136 Vali Loss: 0.0846529 Test Loss: 0.0396263
EarlyStopping counter: 9 out of 10
Updating learning rate to 3.9936385337548097e-07
Epoch: 92 cost time: 1.1935079097747803
Epoch: 92, Steps: 29 | Train Loss: 0.0452254 Vali Loss: 0.0847056 Test Loss: 0.0395706
EarlyStopping counter: 10 out of 10
Early stopping
>>>>>>>testing : ETTh1_336_720_DTFNet_ETTh1_ftM_sl336_ll0_pl720_dm128_nh16_el2_br2_dl1_df256_fc1_ebtimeF_dtTrue_'Exp'_0_'rel_sin'_16_8_16,24_8,12_3_1_256<<<<<<<<<<<<<<<<<<<<<<<<<<<<<<<<<
test 2161
mse:0.4151512086391449, mae:0.4428400993347168, rse:0.6188540458679199
