Args in experiment:
Namespace(is_training=1, model_id='ETTh1_336_720', model='DTFNet', data='ETTh1', root_path='./dataset/', data_path='ETTh1.csv', features='M', target='OT', freq='h', checkpoints='./checkpoints/', seq_len=336, label_len=0, pred_len=720, n_branches=2, patch_len_ls='16,24', stride_ls='8,12', d_model_ls='128', n_heads_ls='16', rel_pe="'rel_sin'", res_attn=False, head_type='flatten', fc_dropout=0.3, head_dropout=0.1, patch_len=16, stride=8, padding_patch="'end'", revin=1, affine=0, subtract_last=0, decomposition=0, kernel_size=25, individual=0, store_attn=False, pre_norm=False, pe='zeros', no_learn_pe=True, embed_type=0, enc_in=7, dec_in=7, c_out=7, d_model=128, n_heads=16, e_layers=2, d_layers=1, d_ff=256, moving_avg=25, factor=1, distil=True, dropout=0.3, embed='timeF', activation='gelu', output_attention=False, do_predict=False, num_workers=0, itr=1, train_epochs=100, batch_size=256, patience=10, learning_rate=1e-05, des="'Exp'", loss='mse', lradj='TST', pct_start=0.3, use_amp=False, l2=0.0, warmup_steps=0, use_gpu=True, gpu=0, use_multi_gpu=False, devices='0', test_flop=False, use_mlflow=False, mlflow_project='exp', loss_flag=2, sub_patch_len=16, sub_stride=8, stride_ls_list='16', model_type='linear', tfactor=3, dilation_rates='1', wavelet_layers=2, wavelet_type='db5', wavelet_mode='periodization', wavelet_dim=64, initTLV=0.2)
Use GPU: cuda:0
>>>>>>>start training : ETTh1_336_720_DTFNet_ETTh1_ftM_sl336_ll0_pl720_dm128_nh16_el2_br2_dl1_df256_fc1_ebtimeF_dtTrue_'Exp'_0_'rel_sin'_16_8_16,24_8,12_3_1_256>>>>>>>>>>>>>>>>>>>>>>>>>>
train 7585
val 2161
test 2161
Epoch: 1 cost time: 1.576169490814209
Epoch: 1, Steps: 29 | Train Loss: 0.1076389 Vali Loss: 0.1787645 Test Loss: 0.0997314
Validation loss decreased (inf --> 0.178764).  Saving model ...
Updating learning rate to 4.2635539919063106e-07
Epoch: 2 cost time: 1.1970367431640625
Epoch: 2, Steps: 29 | Train Loss: 0.1067654 Vali Loss: 0.1772113 Test Loss: 0.0988835
Validation loss decreased (0.178764 --> 0.177211).  Saving model ...
Updating learning rate to 5.051321771514831e-07
Epoch: 3 cost time: 1.1997056007385254
Epoch: 3, Steps: 29 | Train Loss: 0.1058646 Vali Loss: 0.1756508 Test Loss: 0.0979589
Validation loss decreased (0.177211 --> 0.175651).  Saving model ...
Updating learning rate to 6.354652532866785e-07
Epoch: 4 cost time: 1.1979470252990723
Epoch: 4, Steps: 29 | Train Loss: 0.1049566 Vali Loss: 0.1741062 Test Loss: 0.0969712
Validation loss decreased (0.175651 --> 0.174106).  Saving model ...
Updating learning rate to 8.159233858256806e-07
Epoch: 5 cost time: 1.2038905620574951
Epoch: 5, Steps: 29 | Train Loss: 0.1039987 Vali Loss: 0.1721465 Test Loss: 0.0958842
Validation loss decreased (0.174106 --> 0.172146).  Saving model ...
Updating learning rate to 1.0445248888850473e-06
Epoch: 6 cost time: 1.2010421752929688
Epoch: 6, Steps: 29 | Train Loss: 0.1029881 Vali Loss: 0.1700379 Test Loss: 0.0946619
Validation loss decreased (0.172146 --> 0.170038).  Saving model ...
Updating learning rate to 1.3187593941861497e-06
Epoch: 7 cost time: 1.1750431060791016
Epoch: 7, Steps: 29 | Train Loss: 0.1018714 Vali Loss: 0.1680809 Test Loss: 0.0932328
Validation loss decreased (0.170038 --> 0.168081).  Saving model ...
Updating learning rate to 1.6356154184543822e-06
Epoch: 8 cost time: 1.1986589431762695
Epoch: 8, Steps: 29 | Train Loss: 0.1005576 Vali Loss: 0.1656398 Test Loss: 0.0915285
Validation loss decreased (0.168081 --> 0.165640).  Saving model ...
Updating learning rate to 1.9916134337707666e-06
Epoch: 9 cost time: 1.198056697845459
Epoch: 9, Steps: 29 | Train Loss: 0.0991107 Vali Loss: 0.1621006 Test Loss: 0.0892671
Validation loss decreased (0.165640 --> 0.162101).  Saving model ...
Updating learning rate to 2.3828440777166636e-06
Epoch: 10 cost time: 1.198723316192627
Epoch: 10, Steps: 29 | Train Loss: 0.0972771 Vali Loss: 0.1575583 Test Loss: 0.0861886
Validation loss decreased (0.162101 --> 0.157558).  Saving model ...
Updating learning rate to 2.805011083710071e-06
Epoch: 11 cost time: 1.198173999786377
Epoch: 11, Steps: 29 | Train Loss: 0.0949002 Vali Loss: 0.1525078 Test Loss: 0.0820073
Validation loss decreased (0.157558 --> 0.152508).  Saving model ...
Updating learning rate to 3.2534784600976295e-06
Epoch: 12 cost time: 1.200139045715332
Epoch: 12, Steps: 29 | Train Loss: 0.0924073 Vali Loss: 0.1467670 Test Loss: 0.0774868
Validation loss decreased (0.152508 --> 0.146767).  Saving model ...
Updating learning rate to 3.723321399909056e-06
Epoch: 13 cost time: 1.2017426490783691
Epoch: 13, Steps: 29 | Train Loss: 0.0899764 Vali Loss: 0.1422546 Test Loss: 0.0747548
Validation loss decreased (0.146767 --> 0.142255).  Saving model ...
Updating learning rate to 4.209380362212844e-06
Epoch: 14 cost time: 1.2051303386688232
Epoch: 14, Steps: 29 | Train Loss: 0.0882012 Vali Loss: 0.1392280 Test Loss: 0.0731229
Validation loss decreased (0.142255 --> 0.139228).  Saving model ...
Updating learning rate to 4.706317731183279e-06
Epoch: 15 cost time: 1.2053277492523193
Epoch: 15, Steps: 29 | Train Loss: 0.0865218 Vali Loss: 0.1361464 Test Loss: 0.0710997
Validation loss decreased (0.139228 --> 0.136146).  Saving model ...
Updating learning rate to 5.208676430682048e-06
Epoch: 16 cost time: 1.1703345775604248
Epoch: 16, Steps: 29 | Train Loss: 0.0847267 Vali Loss: 0.1332596 Test Loss: 0.0688501
Validation loss decreased (0.136146 --> 0.133260).  Saving model ...
Updating learning rate to 5.710939850683244e-06
Epoch: 17 cost time: 1.1974403858184814
Epoch: 17, Steps: 29 | Train Loss: 0.0830513 Vali Loss: 0.1310103 Test Loss: 0.0669804
Validation loss decreased (0.133260 --> 0.131010).  Saving model ...
Updating learning rate to 6.207592427464792e-06
Epoch: 18 cost time: 1.2036218643188477
Epoch: 18, Steps: 29 | Train Loss: 0.0816643 Vali Loss: 0.1294819 Test Loss: 0.0656711
Validation loss decreased (0.131010 --> 0.129482).  Saving model ...
Updating learning rate to 6.693180212309968e-06
Epoch: 19 cost time: 1.1952967643737793
Epoch: 19, Steps: 29 | Train Loss: 0.0805956 Vali Loss: 0.1282769 Test Loss: 0.0647823
Validation loss decreased (0.129482 --> 0.128277).  Saving model ...
Updating learning rate to 7.1623707635889015e-06
Epoch: 20 cost time: 1.1988210678100586
Epoch: 20, Steps: 29 | Train Loss: 0.0795473 Vali Loss: 0.1269371 Test Loss: 0.0638901
Validation loss decreased (0.128277 --> 0.126937).  Saving model ...
Updating learning rate to 7.610011704520164e-06
Epoch: 21 cost time: 1.20208740234375
Epoch: 21, Steps: 29 | Train Loss: 0.0786587 Vali Loss: 0.1260888 Test Loss: 0.0634352
Validation loss decreased (0.126937 --> 0.126089).  Saving model ...
Updating learning rate to 8.031187303565295e-06
Epoch: 22 cost time: 1.2004873752593994
Epoch: 22, Steps: 29 | Train Loss: 0.0778569 Vali Loss: 0.1253194 Test Loss: 0.0622519
Validation loss decreased (0.126089 --> 0.125319).  Saving model ...
Updating learning rate to 8.421272456123378e-06
Epoch: 23 cost time: 1.197437047958374
Epoch: 23, Steps: 29 | Train Loss: 0.0769849 Vali Loss: 0.1246074 Test Loss: 0.0617041
Validation loss decreased (0.125319 --> 0.124607).  Saving model ...
Updating learning rate to 8.775983474730246e-06
Epoch: 24 cost time: 1.2010161876678467
Epoch: 24, Steps: 29 | Train Loss: 0.0761783 Vali Loss: 0.1232726 Test Loss: 0.0606917
Validation loss decreased (0.124607 --> 0.123273).  Saving model ...
Updating learning rate to 9.091425130013939e-06
Epoch: 25 cost time: 1.1759576797485352
Epoch: 25, Steps: 29 | Train Loss: 0.0754356 Vali Loss: 0.1224001 Test Loss: 0.0602088
Validation loss decreased (0.123273 --> 0.122400).  Saving model ...
Updating learning rate to 9.364133425830145e-06
Epoch: 26 cost time: 1.198427677154541
Epoch: 26, Steps: 29 | Train Loss: 0.0746405 Vali Loss: 0.1214840 Test Loss: 0.0595584
Validation loss decreased (0.122400 --> 0.121484).  Saving model ...
Updating learning rate to 9.591113638846019e-06
Epoch: 27 cost time: 1.2017533779144287
Epoch: 27, Steps: 29 | Train Loss: 0.0739140 Vali Loss: 0.1206416 Test Loss: 0.0586674
Validation loss decreased (0.121484 --> 0.120642).  Saving model ...
Updating learning rate to 9.769873204843885e-06
Epoch: 28 cost time: 1.2011744976043701
Epoch: 28, Steps: 29 | Train Loss: 0.0731315 Vali Loss: 0.1197882 Test Loss: 0.0581404
Validation loss decreased (0.120642 --> 0.119788).  Saving model ...
Updating learning rate to 9.898449090606656e-06
Epoch: 29 cost time: 1.2039871215820312
Epoch: 29, Steps: 29 | Train Loss: 0.0724226 Vali Loss: 0.1191967 Test Loss: 0.0577106
Validation loss decreased (0.119788 --> 0.119197).  Saving model ...
Updating learning rate to 9.975429350802846e-06
Epoch: 30 cost time: 1.2075343132019043
Epoch: 30, Steps: 29 | Train Loss: 0.0717441 Vali Loss: 0.1179120 Test Loss: 0.0571867
Validation loss decreased (0.119197 --> 0.117912).  Saving model ...
Updating learning rate to 9.99999401249548e-06
Epoch: 31 cost time: 1.2074189186096191
Epoch: 31, Steps: 29 | Train Loss: 0.0710045 Vali Loss: 0.1174382 Test Loss: 0.0565230
Validation loss decreased (0.117912 --> 0.117438).  Saving model ...
Updating learning rate to 9.994612212745642e-06
Epoch: 32 cost time: 1.1929817199707031
Epoch: 32, Steps: 29 | Train Loss: 0.0703117 Vali Loss: 0.1173571 Test Loss: 0.0556731
Validation loss decreased (0.117438 --> 0.117357).  Saving model ...
Updating learning rate to 9.979171968972798e-06
Epoch: 33 cost time: 1.1952049732208252
Epoch: 33, Steps: 29 | Train Loss: 0.0696811 Vali Loss: 0.1159637 Test Loss: 0.0556540
Validation loss decreased (0.117357 --> 0.115964).  Saving model ...
Updating learning rate to 9.953704375773079e-06
Epoch: 34 cost time: 1.167285442352295
Epoch: 34, Steps: 29 | Train Loss: 0.0689451 Vali Loss: 0.1156897 Test Loss: 0.0547822
Validation loss decreased (0.115964 --> 0.115690).  Saving model ...
Updating learning rate to 9.918260721489893e-06
Epoch: 35 cost time: 1.1970419883728027
Epoch: 35, Steps: 29 | Train Loss: 0.0682800 Vali Loss: 0.1141830 Test Loss: 0.0547576
Validation loss decreased (0.115690 --> 0.114183).  Saving model ...
Updating learning rate to 9.872912384926035e-06
Epoch: 36 cost time: 1.196730613708496
Epoch: 36, Steps: 29 | Train Loss: 0.0676192 Vali Loss: 0.1138193 Test Loss: 0.0541389
Validation loss decreased (0.114183 --> 0.113819).  Saving model ...
Updating learning rate to 9.817750691596265e-06
Epoch: 37 cost time: 1.2023646831512451
Epoch: 37, Steps: 29 | Train Loss: 0.0669610 Vali Loss: 0.1134657 Test Loss: 0.0536796
Validation loss decreased (0.113819 --> 0.113466).  Saving model ...
Updating learning rate to 9.752886729809889e-06
Epoch: 38 cost time: 1.2036747932434082
Epoch: 38, Steps: 29 | Train Loss: 0.0662543 Vali Loss: 0.1123495 Test Loss: 0.0536839
Validation loss decreased (0.113466 --> 0.112349).  Saving model ...
Updating learning rate to 9.678451126953676e-06
Epoch: 39 cost time: 1.2057058811187744
Epoch: 39, Steps: 29 | Train Loss: 0.0656793 Vali Loss: 0.1116471 Test Loss: 0.0531722
Validation loss decreased (0.112349 --> 0.111647).  Saving model ...
Updating learning rate to 9.594593786425696e-06
Epoch: 40 cost time: 1.194993257522583
Epoch: 40, Steps: 29 | Train Loss: 0.0650171 Vali Loss: 0.1105298 Test Loss: 0.0528688
Validation loss decreased (0.111647 --> 0.110530).  Saving model ...
Updating learning rate to 9.501483585749811e-06
Epoch: 41 cost time: 1.199855089187622
Epoch: 41, Steps: 29 | Train Loss: 0.0644083 Vali Loss: 0.1096144 Test Loss: 0.0525065
Validation loss decreased (0.110530 --> 0.109614).  Saving model ...
Updating learning rate to 9.399308036478838e-06
Epoch: 42 cost time: 1.1955857276916504
Epoch: 42, Steps: 29 | Train Loss: 0.0638195 Vali Loss: 0.1094879 Test Loss: 0.0521677
Validation loss decreased (0.109614 --> 0.109488).  Saving model ...
Updating learning rate to 9.288272906571216e-06
Epoch: 43 cost time: 1.170811414718628
Epoch: 43, Steps: 29 | Train Loss: 0.0631467 Vali Loss: 0.1089960 Test Loss: 0.0515492
Validation loss decreased (0.109488 --> 0.108996).  Saving model ...
Updating learning rate to 9.16860180600173e-06
Epoch: 44 cost time: 1.1994595527648926
Epoch: 44, Steps: 29 | Train Loss: 0.0625397 Vali Loss: 0.1085461 Test Loss: 0.0512236
Validation loss decreased (0.108996 --> 0.108546).  Saving model ...
Updating learning rate to 9.040535736440785e-06
Epoch: 45 cost time: 1.1993522644042969
Epoch: 45, Steps: 29 | Train Loss: 0.0619791 Vali Loss: 0.1082193 Test Loss: 0.0506893
Validation loss decreased (0.108546 --> 0.108219).  Saving model ...
Updating learning rate to 8.904332605909106e-06
Epoch: 46 cost time: 1.2062835693359375
Epoch: 46, Steps: 29 | Train Loss: 0.0613236 Vali Loss: 0.1070242 Test Loss: 0.0505403
Validation loss decreased (0.108219 --> 0.107024).  Saving model ...
Updating learning rate to 8.760266709385311e-06
Epoch: 47 cost time: 1.1911897659301758
Epoch: 47, Steps: 29 | Train Loss: 0.0607603 Vali Loss: 0.1068711 Test Loss: 0.0499440
Validation loss decreased (0.107024 --> 0.106871).  Saving model ...
Updating learning rate to 8.608628176412335e-06
Epoch: 48 cost time: 1.1928911209106445
Epoch: 48, Steps: 29 | Train Loss: 0.0602368 Vali Loss: 0.1054162 Test Loss: 0.0501341
Validation loss decreased (0.106871 --> 0.105416).  Saving model ...
Updating learning rate to 8.449722386815127e-06
Epoch: 49 cost time: 1.1963534355163574
Epoch: 49, Steps: 29 | Train Loss: 0.0596160 Vali Loss: 0.1046580 Test Loss: 0.0497159
Validation loss decreased (0.105416 --> 0.104658).  Saving model ...
Updating learning rate to 8.28386935570634e-06
Epoch: 50 cost time: 1.1924095153808594
Epoch: 50, Steps: 29 | Train Loss: 0.0591423 Vali Loss: 0.1044875 Test Loss: 0.0492420
Validation loss decreased (0.104658 --> 0.104487).  Saving model ...
Updating learning rate to 8.111403089018465e-06
Epoch: 51 cost time: 1.2079358100891113
Epoch: 51, Steps: 29 | Train Loss: 0.0585424 Vali Loss: 0.1028048 Test Loss: 0.0493979
Validation loss decreased (0.104487 --> 0.102805).  Saving model ...
Updating learning rate to 7.93267091086035e-06
Epoch: 52 cost time: 1.169271469116211
Epoch: 52, Steps: 29 | Train Loss: 0.0580253 Vali Loss: 0.1025530 Test Loss: 0.0488536
Validation loss decreased (0.102805 --> 0.102553).  Saving model ...
Updating learning rate to 7.748032764052655e-06
Epoch: 53 cost time: 1.2002208232879639
Epoch: 53, Steps: 29 | Train Loss: 0.0574727 Vali Loss: 0.1015425 Test Loss: 0.0485140
Validation loss decreased (0.102553 --> 0.101543).  Saving model ...
Updating learning rate to 7.557860485250925e-06
Epoch: 54 cost time: 1.1993882656097412
Epoch: 54, Steps: 29 | Train Loss: 0.0569975 Vali Loss: 0.1018541 Test Loss: 0.0478410
EarlyStopping counter: 1 out of 10
Updating learning rate to 7.362537056116034e-06
Epoch: 55 cost time: 1.1954843997955322
Epoch: 55, Steps: 29 | Train Loss: 0.0565310 Vali Loss: 0.0996674 Test Loss: 0.0482293
Validation loss decreased (0.101543 --> 0.099667).  Saving model ...
Updating learning rate to 7.162455832040107e-06
Epoch: 56 cost time: 1.1975698471069336
Epoch: 56, Steps: 29 | Train Loss: 0.0560411 Vali Loss: 0.0997276 Test Loss: 0.0477023
EarlyStopping counter: 1 out of 10
Updating learning rate to 6.9580197499810984e-06
Epoch: 57 cost time: 1.1655077934265137
Epoch: 57, Steps: 29 | Train Loss: 0.0554958 Vali Loss: 0.0991755 Test Loss: 0.0470950
Validation loss decreased (0.099667 --> 0.099176).  Saving model ...
Updating learning rate to 6.7496405170013816e-06
Epoch: 58 cost time: 1.1982784271240234
Epoch: 58, Steps: 29 | Train Loss: 0.0549943 Vali Loss: 0.0985672 Test Loss: 0.0468405
Validation loss decreased (0.099176 --> 0.098567).  Saving model ...
Updating learning rate to 6.537737781144523e-06
Epoch: 59 cost time: 1.2001874446868896
Epoch: 59, Steps: 29 | Train Loss: 0.0544937 Vali Loss: 0.0979257 Test Loss: 0.0465753
Validation loss decreased (0.098567 --> 0.097926).  Saving model ...
Updating learning rate to 6.322738286319964e-06
Epoch: 60 cost time: 1.193824291229248
Epoch: 60, Steps: 29 | Train Loss: 0.0540188 Vali Loss: 0.0972241 Test Loss: 0.0461936
Validation loss decreased (0.097926 --> 0.097224).  Saving model ...
Updating learning rate to 6.105075012897585e-06
Epoch: 61 cost time: 1.1921617984771729
Epoch: 61, Steps: 29 | Train Loss: 0.0535737 Vali Loss: 0.0963855 Test Loss: 0.0460219
Validation loss decreased (0.097224 --> 0.096385).  Saving model ...
Updating learning rate to 5.885186305742857e-06
Epoch: 62 cost time: 1.1986870765686035
Epoch: 62, Steps: 29 | Train Loss: 0.0530749 Vali Loss: 0.0957154 Test Loss: 0.0456643
Validation loss decreased (0.096385 --> 0.095715).  Saving model ...
Updating learning rate to 5.6635149914486225e-06
Epoch: 63 cost time: 1.1898884773254395
Epoch: 63, Steps: 29 | Train Loss: 0.0526479 Vali Loss: 0.0949956 Test Loss: 0.0453711
Validation loss decreased (0.095715 --> 0.094996).  Saving model ...
Updating learning rate to 5.440507486541268e-06
Epoch: 64 cost time: 1.1895239353179932
Epoch: 64, Steps: 29 | Train Loss: 0.0522040 Vali Loss: 0.0940353 Test Loss: 0.0450231
Validation loss decreased (0.094996 --> 0.094035).  Saving model ...
Updating learning rate to 5.216612898457253e-06
Epoch: 65 cost time: 1.1910138130187988
Epoch: 65, Steps: 29 | Train Loss: 0.0518278 Vali Loss: 0.0935386 Test Loss: 0.0448079
Validation loss decreased (0.094035 --> 0.093539).  Saving model ...
Updating learning rate to 4.992282121100496e-06
Epoch: 66 cost time: 1.1880981922149658
Epoch: 66, Steps: 29 | Train Loss: 0.0513191 Vali Loss: 0.0924237 Test Loss: 0.0445666
Validation loss decreased (0.093539 --> 0.092424).  Saving model ...
Updating learning rate to 4.767966926802067e-06
Epoch: 67 cost time: 1.1918892860412598
Epoch: 67, Steps: 29 | Train Loss: 0.0508997 Vali Loss: 0.0916894 Test Loss: 0.0443328
Validation loss decreased (0.092424 --> 0.091689).  Saving model ...
Updating learning rate to 4.5441190565108235e-06
Epoch: 68 cost time: 1.1926720142364502
Epoch: 68, Steps: 29 | Train Loss: 0.0504616 Vali Loss: 0.0909217 Test Loss: 0.0439901
Validation loss decreased (0.091689 --> 0.090922).  Saving model ...
Updating learning rate to 4.3211893100472735e-06
Epoch: 69 cost time: 1.1970059871673584
Epoch: 69, Steps: 29 | Train Loss: 0.0500553 Vali Loss: 0.0901589 Test Loss: 0.0436653
Validation loss decreased (0.090922 --> 0.090159).  Saving model ...
Updating learning rate to 4.099626638252712e-06
Epoch: 70 cost time: 1.1952407360076904
Epoch: 70, Steps: 29 | Train Loss: 0.0496454 Vali Loss: 0.0899531 Test Loss: 0.0432603
Validation loss decreased (0.090159 --> 0.089953).  Saving model ...
Updating learning rate to 3.879877238861997e-06
Epoch: 71 cost time: 1.1901788711547852
Epoch: 71, Steps: 29 | Train Loss: 0.0492082 Vali Loss: 0.0896327 Test Loss: 0.0427373
Validation loss decreased (0.089953 --> 0.089633).  Saving model ...
Updating learning rate to 3.662383657920668e-06
Epoch: 72 cost time: 1.1910464763641357
Epoch: 72, Steps: 29 | Train Loss: 0.0488350 Vali Loss: 0.0877331 Test Loss: 0.0429424
Validation loss decreased (0.089633 --> 0.087733).  Saving model ...
Updating learning rate to 3.447583898556124e-06
Epoch: 73 cost time: 1.1924095153808594
Epoch: 73, Steps: 29 | Train Loss: 0.0484497 Vali Loss: 0.0877348 Test Loss: 0.0423314
EarlyStopping counter: 1 out of 10
Updating learning rate to 3.2359105388976132e-06
Epoch: 74 cost time: 1.1888353824615479
Epoch: 74, Steps: 29 | Train Loss: 0.0480506 Vali Loss: 0.0870159 Test Loss: 0.0421629
Validation loss decreased (0.087733 --> 0.087016).  Saving model ...
Updating learning rate to 3.027789860921434e-06
Epoch: 75 cost time: 1.1671366691589355
Epoch: 75, Steps: 29 | Train Loss: 0.0476874 Vali Loss: 0.0866855 Test Loss: 0.0417314
Validation loss decreased (0.087016 --> 0.086685).  Saving model ...
Updating learning rate to 2.8236409919757893e-06
Epoch: 76 cost time: 1.1938207149505615
Epoch: 76, Steps: 29 | Train Loss: 0.0472772 Vali Loss: 0.0861925 Test Loss: 0.0413106
Validation loss decreased (0.086685 --> 0.086192).  Saving model ...
Updating learning rate to 2.6238750607140637e-06
Epoch: 77 cost time: 1.193446159362793
Epoch: 77, Steps: 29 | Train Loss: 0.0469319 Vali Loss: 0.0850966 Test Loss: 0.0412362
Validation loss decreased (0.086192 --> 0.085097).  Saving model ...
Updating learning rate to 2.4288943691364434e-06
Epoch: 78 cost time: 1.191040277481079
Epoch: 78, Steps: 29 | Train Loss: 0.0465630 Vali Loss: 0.0844446 Test Loss: 0.0408933
Validation loss decreased (0.085097 --> 0.084445).  Saving model ...
Updating learning rate to 2.2390915824072217e-06
Epoch: 79 cost time: 1.186187505722046
Epoch: 79, Steps: 29 | Train Loss: 0.0461765 Vali Loss: 0.0836764 Test Loss: 0.0406725
Validation loss decreased (0.084445 --> 0.083676).  Saving model ...
Updating learning rate to 2.0548489380794217e-06
Epoch: 80 cost time: 1.1771833896636963
Epoch: 80, Steps: 29 | Train Loss: 0.0458456 Vali Loss: 0.0832183 Test Loss: 0.0404092
Validation loss decreased (0.083676 --> 0.083218).  Saving model ...
Updating learning rate to 1.876537476319218e-06
Epoch: 81 cost time: 1.1944901943206787
Epoch: 81, Steps: 29 | Train Loss: 0.0454990 Vali Loss: 0.0828338 Test Loss: 0.0402877
Validation loss decreased (0.083218 --> 0.082834).  Saving model ...
Updating learning rate to 1.7045162926804444e-06
Epoch: 82 cost time: 1.1938612461090088
Epoch: 82, Steps: 29 | Train Loss: 0.0455456 Vali Loss: 0.0830010 Test Loss: 0.0402516
EarlyStopping counter: 1 out of 10
Updating learning rate to 1.5391318149339123e-06
Epoch: 83 cost time: 1.195052146911621
Epoch: 83, Steps: 29 | Train Loss: 0.0455256 Vali Loss: 0.0827622 Test Loss: 0.0402285
Validation loss decreased (0.082834 --> 0.082762).  Saving model ...
Updating learning rate to 1.3807171054080036e-06
Epoch: 84 cost time: 1.179473638534546
Epoch: 84, Steps: 29 | Train Loss: 0.0454681 Vali Loss: 0.0826200 Test Loss: 0.0402731
Validation loss decreased (0.082762 --> 0.082620).  Saving model ...
Updating learning rate to 1.2295911902454577e-06
Epoch: 85 cost time: 1.20363450050354
Epoch: 85, Steps: 29 | Train Loss: 0.0454439 Vali Loss: 0.0830218 Test Loss: 0.0401761
EarlyStopping counter: 1 out of 10
Updating learning rate to 1.0860584169271784e-06
Epoch: 86 cost time: 1.1894426345825195
Epoch: 86, Steps: 29 | Train Loss: 0.0454601 Vali Loss: 0.0828535 Test Loss: 0.0402300
EarlyStopping counter: 2 out of 10
Updating learning rate to 9.504078413569088e-07
Epoch: 87 cost time: 1.1914770603179932
Epoch: 87, Steps: 29 | Train Loss: 0.0454364 Vali Loss: 0.0830577 Test Loss: 0.0402808
EarlyStopping counter: 3 out of 10
Updating learning rate to 8.229126457411124e-07
Epoch: 88 cost time: 1.1872544288635254
Epoch: 88, Steps: 29 | Train Loss: 0.0454490 Vali Loss: 0.0832308 Test Loss: 0.0401772
EarlyStopping counter: 4 out of 10
Updating learning rate to 7.038295884363647e-07
Epoch: 89 cost time: 1.160336971282959
Epoch: 89, Steps: 29 | Train Loss: 0.0454699 Vali Loss: 0.0828667 Test Loss: 0.0402894
EarlyStopping counter: 5 out of 10
Updating learning rate to 5.933984868721898e-07
Epoch: 90 cost time: 1.1917603015899658
Epoch: 90, Steps: 29 | Train Loss: 0.0454351 Vali Loss: 0.0830425 Test Loss: 0.0402321
EarlyStopping counter: 6 out of 10
Updating learning rate to 4.918417345906772e-07
Epoch: 91 cost time: 1.1932399272918701
Epoch: 91, Steps: 29 | Train Loss: 0.0453956 Vali Loss: 0.0828629 Test Loss: 0.0402229
EarlyStopping counter: 7 out of 10
Updating learning rate to 3.9936385337548097e-07
Epoch: 92 cost time: 1.1851413249969482
Epoch: 92, Steps: 29 | Train Loss: 0.0454150 Vali Loss: 0.0829354 Test Loss: 0.0402447
EarlyStopping counter: 8 out of 10
Updating learning rate to 3.161510813721721e-07
Epoch: 93 cost time: 1.1862330436706543
Epoch: 93, Steps: 29 | Train Loss: 0.0453948 Vali Loss: 0.0830228 Test Loss: 0.0402876
EarlyStopping counter: 9 out of 10
Updating learning rate to 2.4237099802938663e-07
Epoch: 94 cost time: 1.195918321609497
Epoch: 94, Steps: 29 | Train Loss: 0.0454044 Vali Loss: 0.0829209 Test Loss: 0.0402711
EarlyStopping counter: 10 out of 10
Early stopping
>>>>>>>testing : ETTh1_336_720_DTFNet_ETTh1_ftM_sl336_ll0_pl720_dm128_nh16_el2_br2_dl1_df256_fc1_ebtimeF_dtTrue_'Exp'_0_'rel_sin'_16_8_16,24_8,12_3_1_256<<<<<<<<<<<<<<<<<<<<<<<<<<<<<<<<<
test 2161
mse:0.4278065860271454, mae:0.44965922832489014, rse:0.6282157301902771
