Args in experiment:
Namespace(random_seed=2004, is_training=1, model_id='ETTh1_336_720', model='DTFNet', data='ETTh1', root_path='./dataset/', data_path='ETTh1.csv', features='M', target='OT', freq='h', checkpoints='./checkpoints/', seq_len=336, label_len=0, pred_len=720, n_branches=2, patch_len_ls='16,24', stride_ls='8,12', d_model_ls='128', n_heads_ls='16', rel_pe="'rel_sin'", res_attn=False, head_type='flatten', fc_dropout=0.3, head_dropout=0.1, patch_len=16, stride=8, padding_patch="'end'", revin=1, affine=0, subtract_last=0, decomposition=0, kernel_size=25, individual=0, store_attn=False, pre_norm=False, pe='zeros', no_learn_pe=True, embed_type=0, enc_in=7, dec_in=7, c_out=7, d_model=128, n_heads=16, e_layers=2, d_layers=1, d_ff=256, moving_avg=25, factor=1, distil=True, dropout=0.3, embed='timeF', activation='gelu', output_attention=False, do_predict=False, num_workers=0, itr=1, train_epochs=100, batch_size=256, patience=10, learning_rate=1e-05, des="'Exp'", loss='mse', lradj='TST', pct_start=0.3, use_amp=False, l2=0.0, warmup_steps=0, use_gpu=True, gpu=0, use_multi_gpu=False, devices='0', test_flop=False, use_mlflow=False, mlflow_project='exp', loss_flag=2, sub_patch_len=16, sub_stride=8, stride_ls_list='16', model_type='linear', tfactor=3, dilation_rates='1', wavelet_layers=2, wavelet_type='db5', wavelet_mode='periodization', wavelet_dim=64, initTLV=0.2)
Use GPU: cuda:0
>>>>>>>start training : ETTh1_336_720_DTFNet_ETTh1_ftM_sl336_ll0_pl720_dm128_nh16_el2_br2_dl1_df256_fc1_ebtimeF_dtTrue_'Exp'_0_'rel_sin'_16_8_16,24_8,12_3_1_256>>>>>>>>>>>>>>>>>>>>>>>>>>
train 7585
val 2161
test 2161
Epoch: 1 cost time: 1.5658493041992188
Epoch: 1, Steps: 29 | Train Loss: 0.1076713 Vali Loss: 0.1787358 Test Loss: 0.0997442
Validation loss decreased (inf --> 0.178736).  Saving model ...
Updating learning rate to 4.2635539919063106e-07
Epoch: 2 cost time: 1.1816649436950684
Epoch: 2, Steps: 29 | Train Loss: 0.1067067 Vali Loss: 0.1773366 Test Loss: 0.0989146
Validation loss decreased (0.178736 --> 0.177337).  Saving model ...
Updating learning rate to 5.051321771514831e-07
Epoch: 3 cost time: 1.1841461658477783
Epoch: 3, Steps: 29 | Train Loss: 0.1058238 Vali Loss: 0.1758605 Test Loss: 0.0980108
Validation loss decreased (0.177337 --> 0.175860).  Saving model ...
Updating learning rate to 6.354652532866785e-07
Epoch: 4 cost time: 1.184931755065918
Epoch: 4, Steps: 29 | Train Loss: 0.1049345 Vali Loss: 0.1740955 Test Loss: 0.0970494
Validation loss decreased (0.175860 --> 0.174096).  Saving model ...
Updating learning rate to 8.159233858256806e-07
Epoch: 5 cost time: 1.1862127780914307
Epoch: 5, Steps: 29 | Train Loss: 0.1040088 Vali Loss: 0.1723090 Test Loss: 0.0959930
Validation loss decreased (0.174096 --> 0.172309).  Saving model ...
Updating learning rate to 1.0445248888850473e-06
Epoch: 6 cost time: 1.189272165298462
Epoch: 6, Steps: 29 | Train Loss: 0.1030038 Vali Loss: 0.1705433 Test Loss: 0.0948098
Validation loss decreased (0.172309 --> 0.170543).  Saving model ...
Updating learning rate to 1.3187593941861497e-06
Epoch: 7 cost time: 1.1865293979644775
Epoch: 7, Steps: 29 | Train Loss: 0.1018883 Vali Loss: 0.1682952 Test Loss: 0.0934486
Validation loss decreased (0.170543 --> 0.168295).  Saving model ...
Updating learning rate to 1.6356154184543822e-06
Epoch: 8 cost time: 1.1863157749176025
Epoch: 8, Steps: 29 | Train Loss: 0.1006509 Vali Loss: 0.1657650 Test Loss: 0.0918116
Validation loss decreased (0.168295 --> 0.165765).  Saving model ...
Updating learning rate to 1.9916134337707666e-06
Epoch: 9 cost time: 1.1900343894958496
Epoch: 9, Steps: 29 | Train Loss: 0.0992460 Vali Loss: 0.1623852 Test Loss: 0.0897268
Validation loss decreased (0.165765 --> 0.162385).  Saving model ...
Updating learning rate to 2.3828440777166636e-06
Epoch: 10 cost time: 1.1863582134246826
Epoch: 10, Steps: 29 | Train Loss: 0.0974566 Vali Loss: 0.1585509 Test Loss: 0.0868146
Validation loss decreased (0.162385 --> 0.158551).  Saving model ...
Updating learning rate to 2.805011083710071e-06
Epoch: 11 cost time: 1.1813633441925049
Epoch: 11, Steps: 29 | Train Loss: 0.0952148 Vali Loss: 0.1532614 Test Loss: 0.0828643
Validation loss decreased (0.158551 --> 0.153261).  Saving model ...
Updating learning rate to 3.2534784600976295e-06
Epoch: 12 cost time: 1.1817810535430908
Epoch: 12, Steps: 29 | Train Loss: 0.0925848 Vali Loss: 0.1472431 Test Loss: 0.0782169
Validation loss decreased (0.153261 --> 0.147243).  Saving model ...
Updating learning rate to 3.723321399909056e-06
Epoch: 13 cost time: 1.1949524879455566
Epoch: 13, Steps: 29 | Train Loss: 0.0900232 Vali Loss: 0.1422223 Test Loss: 0.0750013
Validation loss decreased (0.147243 --> 0.142222).  Saving model ...
Updating learning rate to 4.209380362212844e-06
Epoch: 14 cost time: 1.191906213760376
Epoch: 14, Steps: 29 | Train Loss: 0.0880692 Vali Loss: 0.1389108 Test Loss: 0.0732405
Validation loss decreased (0.142222 --> 0.138911).  Saving model ...
Updating learning rate to 4.706317731183279e-06
Epoch: 15 cost time: 1.189840316772461
Epoch: 15, Steps: 29 | Train Loss: 0.0863480 Vali Loss: 0.1360658 Test Loss: 0.0712781
Validation loss decreased (0.138911 --> 0.136066).  Saving model ...
Updating learning rate to 5.208676430682048e-06
Epoch: 16 cost time: 1.1983158588409424
Epoch: 16, Steps: 29 | Train Loss: 0.0846295 Vali Loss: 0.1336550 Test Loss: 0.0692878
Validation loss decreased (0.136066 --> 0.133655).  Saving model ...
Updating learning rate to 5.710939850683244e-06
Epoch: 17 cost time: 1.1847591400146484
Epoch: 17, Steps: 29 | Train Loss: 0.0831687 Vali Loss: 0.1316613 Test Loss: 0.0677806
Validation loss decreased (0.133655 --> 0.131661).  Saving model ...
Updating learning rate to 6.207592427464792e-06
Epoch: 18 cost time: 1.1845626831054688
Epoch: 18, Steps: 29 | Train Loss: 0.0817640 Vali Loss: 0.1302917 Test Loss: 0.0661001
Validation loss decreased (0.131661 --> 0.130292).  Saving model ...
Updating learning rate to 6.693180212309968e-06
Epoch: 19 cost time: 1.1825149059295654
Epoch: 19, Steps: 29 | Train Loss: 0.0806091 Vali Loss: 0.1287965 Test Loss: 0.0649725
Validation loss decreased (0.130292 --> 0.128797).  Saving model ...
Updating learning rate to 7.1623707635889015e-06
Epoch: 20 cost time: 1.1838626861572266
Epoch: 20, Steps: 29 | Train Loss: 0.0795394 Vali Loss: 0.1277301 Test Loss: 0.0639975
Validation loss decreased (0.128797 --> 0.127730).  Saving model ...
Updating learning rate to 7.610011704520164e-06
Epoch: 21 cost time: 1.1971831321716309
Epoch: 21, Steps: 29 | Train Loss: 0.0786985 Vali Loss: 0.1265241 Test Loss: 0.0632302
Validation loss decreased (0.127730 --> 0.126524).  Saving model ...
Updating learning rate to 8.031187303565295e-06
Epoch: 22 cost time: 1.1888909339904785
Epoch: 22, Steps: 29 | Train Loss: 0.0778558 Vali Loss: 0.1255950 Test Loss: 0.0625962
Validation loss decreased (0.126524 --> 0.125595).  Saving model ...
Updating learning rate to 8.421272456123378e-06
Epoch: 23 cost time: 1.1850249767303467
Epoch: 23, Steps: 29 | Train Loss: 0.0769440 Vali Loss: 0.1246043 Test Loss: 0.0615222
Validation loss decreased (0.125595 --> 0.124604).  Saving model ...
Updating learning rate to 8.775983474730246e-06
Epoch: 24 cost time: 1.1840262413024902
Epoch: 24, Steps: 29 | Train Loss: 0.0762510 Vali Loss: 0.1237069 Test Loss: 0.0609780
Validation loss decreased (0.124604 --> 0.123707).  Saving model ...
Updating learning rate to 9.091425130013939e-06
Epoch: 25 cost time: 1.176997423171997
Epoch: 25, Steps: 29 | Train Loss: 0.0754429 Vali Loss: 0.1224883 Test Loss: 0.0602557
Validation loss decreased (0.123707 --> 0.122488).  Saving model ...
Updating learning rate to 9.364133425830145e-06
Epoch: 26 cost time: 1.1832990646362305
Epoch: 26, Steps: 29 | Train Loss: 0.0746383 Vali Loss: 0.1220432 Test Loss: 0.0597291
Validation loss decreased (0.122488 --> 0.122043).  Saving model ...
Updating learning rate to 9.591113638846019e-06
Epoch: 27 cost time: 1.1772465705871582
Epoch: 27, Steps: 29 | Train Loss: 0.0738545 Vali Loss: 0.1210075 Test Loss: 0.0592154
Validation loss decreased (0.122043 --> 0.121008).  Saving model ...
Updating learning rate to 9.769873204843885e-06
Epoch: 28 cost time: 1.1873581409454346
Epoch: 28, Steps: 29 | Train Loss: 0.0731155 Vali Loss: 0.1203293 Test Loss: 0.0586214
Validation loss decreased (0.121008 --> 0.120329).  Saving model ...
Updating learning rate to 9.898449090606656e-06
Epoch: 29 cost time: 1.1837379932403564
Epoch: 29, Steps: 29 | Train Loss: 0.0723727 Vali Loss: 0.1191128 Test Loss: 0.0578859
Validation loss decreased (0.120329 --> 0.119113).  Saving model ...
Updating learning rate to 9.975429350802846e-06
Epoch: 30 cost time: 1.192547082901001
Epoch: 30, Steps: 29 | Train Loss: 0.0716628 Vali Loss: 0.1182942 Test Loss: 0.0574049
Validation loss decreased (0.119113 --> 0.118294).  Saving model ...
Updating learning rate to 9.99999401249548e-06
Epoch: 31 cost time: 1.191107988357544
Epoch: 31, Steps: 29 | Train Loss: 0.0710050 Vali Loss: 0.1173624 Test Loss: 0.0570102
Validation loss decreased (0.118294 --> 0.117362).  Saving model ...
Updating learning rate to 9.994612212745642e-06
Epoch: 32 cost time: 1.185455322265625
Epoch: 32, Steps: 29 | Train Loss: 0.0703343 Vali Loss: 0.1175698 Test Loss: 0.0561769
EarlyStopping counter: 1 out of 10
Updating learning rate to 9.979171968972798e-06
Epoch: 33 cost time: 1.1804442405700684
Epoch: 33, Steps: 29 | Train Loss: 0.0695535 Vali Loss: 0.1160476 Test Loss: 0.0560119
Validation loss decreased (0.117362 --> 0.116048).  Saving model ...
Updating learning rate to 9.953704375773079e-06
Epoch: 34 cost time: 1.1872317790985107
Epoch: 34, Steps: 29 | Train Loss: 0.0689019 Vali Loss: 0.1151749 Test Loss: 0.0555966
Validation loss decreased (0.116048 --> 0.115175).  Saving model ...
Updating learning rate to 9.918260721489893e-06
Epoch: 35 cost time: 1.184096097946167
Epoch: 35, Steps: 29 | Train Loss: 0.0682329 Vali Loss: 0.1141336 Test Loss: 0.0556879
Validation loss decreased (0.115175 --> 0.114134).  Saving model ...
Updating learning rate to 9.872912384926035e-06
Epoch: 36 cost time: 1.1942968368530273
Epoch: 36, Steps: 29 | Train Loss: 0.0676323 Vali Loss: 0.1140725 Test Loss: 0.0546554
Validation loss decreased (0.114134 --> 0.114073).  Saving model ...
Updating learning rate to 9.817750691596265e-06
Epoch: 37 cost time: 1.1842455863952637
Epoch: 37, Steps: 29 | Train Loss: 0.0669955 Vali Loss: 0.1133509 Test Loss: 0.0541027
Validation loss decreased (0.114073 --> 0.113351).  Saving model ...
Updating learning rate to 9.752886729809889e-06
Epoch: 38 cost time: 1.1871685981750488
Epoch: 38, Steps: 29 | Train Loss: 0.0663058 Vali Loss: 0.1123219 Test Loss: 0.0538415
Validation loss decreased (0.113351 --> 0.112322).  Saving model ...
Updating learning rate to 9.678451126953676e-06
Epoch: 39 cost time: 1.1871120929718018
Epoch: 39, Steps: 29 | Train Loss: 0.0656424 Vali Loss: 0.1108487 Test Loss: 0.0537256
Validation loss decreased (0.112322 --> 0.110849).  Saving model ...
Updating learning rate to 9.594593786425696e-06
Epoch: 40 cost time: 1.1852474212646484
Epoch: 40, Steps: 29 | Train Loss: 0.0650364 Vali Loss: 0.1103522 Test Loss: 0.0539082
Validation loss decreased (0.110849 --> 0.110352).  Saving model ...
Updating learning rate to 9.501483585749811e-06
Epoch: 41 cost time: 1.1873350143432617
Epoch: 41, Steps: 29 | Train Loss: 0.0644287 Vali Loss: 0.1098562 Test Loss: 0.0529532
Validation loss decreased (0.110352 --> 0.109856).  Saving model ...
Updating learning rate to 9.399308036478838e-06
Epoch: 42 cost time: 1.1756064891815186
Epoch: 42, Steps: 29 | Train Loss: 0.0637705 Vali Loss: 0.1088729 Test Loss: 0.0525015
Validation loss decreased (0.109856 --> 0.108873).  Saving model ...
Updating learning rate to 9.288272906571216e-06
Epoch: 43 cost time: 1.1888861656188965
Epoch: 43, Steps: 29 | Train Loss: 0.0632140 Vali Loss: 0.1083766 Test Loss: 0.0521883
Validation loss decreased (0.108873 --> 0.108377).  Saving model ...
Updating learning rate to 9.16860180600173e-06
Epoch: 44 cost time: 1.1892518997192383
Epoch: 44, Steps: 29 | Train Loss: 0.0625832 Vali Loss: 0.1076687 Test Loss: 0.0520107
Validation loss decreased (0.108377 --> 0.107669).  Saving model ...
Updating learning rate to 9.040535736440785e-06
Epoch: 45 cost time: 1.1915180683135986
Epoch: 45, Steps: 29 | Train Loss: 0.0619919 Vali Loss: 0.1065571 Test Loss: 0.0516704
Validation loss decreased (0.107669 --> 0.106557).  Saving model ...
Updating learning rate to 8.904332605909106e-06
Epoch: 46 cost time: 1.1786677837371826
Epoch: 46, Steps: 29 | Train Loss: 0.0614834 Vali Loss: 0.1062586 Test Loss: 0.0509456
Validation loss decreased (0.106557 --> 0.106259).  Saving model ...
Updating learning rate to 8.760266709385311e-06
Epoch: 47 cost time: 1.1922166347503662
Epoch: 47, Steps: 29 | Train Loss: 0.0609125 Vali Loss: 0.1046160 Test Loss: 0.0514209
Validation loss decreased (0.106259 --> 0.104616).  Saving model ...
Updating learning rate to 8.608628176412335e-06
Epoch: 48 cost time: 1.1837806701660156
Epoch: 48, Steps: 29 | Train Loss: 0.0603359 Vali Loss: 0.1045168 Test Loss: 0.0507858
Validation loss decreased (0.104616 --> 0.104517).  Saving model ...
Updating learning rate to 8.449722386815127e-06
Epoch: 49 cost time: 1.1912167072296143
Epoch: 49, Steps: 29 | Train Loss: 0.0597674 Vali Loss: 0.1036409 Test Loss: 0.0505189
Validation loss decreased (0.104517 --> 0.103641).  Saving model ...
Updating learning rate to 8.28386935570634e-06
Epoch: 50 cost time: 1.1798067092895508
Epoch: 50, Steps: 29 | Train Loss: 0.0592166 Vali Loss: 0.1029930 Test Loss: 0.0501884
Validation loss decreased (0.103641 --> 0.102993).  Saving model ...
Updating learning rate to 8.111403089018465e-06
Epoch: 51 cost time: 1.183964490890503
Epoch: 51, Steps: 29 | Train Loss: 0.0587482 Vali Loss: 0.1020631 Test Loss: 0.0500203
Validation loss decreased (0.102993 --> 0.102063).  Saving model ...
Updating learning rate to 7.93267091086035e-06
Epoch: 52 cost time: 1.1919009685516357
Epoch: 52, Steps: 29 | Train Loss: 0.0581762 Vali Loss: 0.1010357 Test Loss: 0.0497460
Validation loss decreased (0.102063 --> 0.101036).  Saving model ...
Updating learning rate to 7.748032764052655e-06
Epoch: 53 cost time: 1.182554006576538
Epoch: 53, Steps: 29 | Train Loss: 0.0576630 Vali Loss: 0.1010334 Test Loss: 0.0489599
Validation loss decreased (0.101036 --> 0.101033).  Saving model ...
Updating learning rate to 7.557860485250925e-06
Epoch: 54 cost time: 1.1863455772399902
Epoch: 54, Steps: 29 | Train Loss: 0.0571293 Vali Loss: 0.1003398 Test Loss: 0.0488908
Validation loss decreased (0.101033 --> 0.100340).  Saving model ...
Updating learning rate to 7.362537056116034e-06
Epoch: 55 cost time: 1.1838018894195557
Epoch: 55, Steps: 29 | Train Loss: 0.0566410 Vali Loss: 0.0991099 Test Loss: 0.0485885
Validation loss decreased (0.100340 --> 0.099110).  Saving model ...
Updating learning rate to 7.162455832040107e-06
Epoch: 56 cost time: 1.1817235946655273
Epoch: 56, Steps: 29 | Train Loss: 0.0561269 Vali Loss: 0.0984098 Test Loss: 0.0482004
Validation loss decreased (0.099110 --> 0.098410).  Saving model ...
Updating learning rate to 6.9580197499810984e-06
Epoch: 57 cost time: 1.1808223724365234
Epoch: 57, Steps: 29 | Train Loss: 0.0556808 Vali Loss: 0.0977842 Test Loss: 0.0479306
Validation loss decreased (0.098410 --> 0.097784).  Saving model ...
Updating learning rate to 6.7496405170013816e-06
Epoch: 58 cost time: 1.1794202327728271
Epoch: 58, Steps: 29 | Train Loss: 0.0552192 Vali Loss: 0.0970855 Test Loss: 0.0475414
Validation loss decreased (0.097784 --> 0.097085).  Saving model ...
Updating learning rate to 6.537737781144523e-06
Epoch: 59 cost time: 1.1831283569335938
Epoch: 59, Steps: 29 | Train Loss: 0.0547052 Vali Loss: 0.0968935 Test Loss: 0.0470277
Validation loss decreased (0.097085 --> 0.096893).  Saving model ...
Updating learning rate to 6.322738286319964e-06
Epoch: 60 cost time: 1.1950585842132568
Epoch: 60, Steps: 29 | Train Loss: 0.0542387 Vali Loss: 0.0956974 Test Loss: 0.0469070
Validation loss decreased (0.096893 --> 0.095697).  Saving model ...
Updating learning rate to 6.105075012897585e-06
Epoch: 61 cost time: 1.1808216571807861
Epoch: 61, Steps: 29 | Train Loss: 0.0537590 Vali Loss: 0.0945057 Test Loss: 0.0466814
Validation loss decreased (0.095697 --> 0.094506).  Saving model ...
Updating learning rate to 5.885186305742857e-06
Epoch: 62 cost time: 1.1812477111816406
Epoch: 62, Steps: 29 | Train Loss: 0.0533182 Vali Loss: 0.0945035 Test Loss: 0.0463645
Validation loss decreased (0.094506 --> 0.094504).  Saving model ...
Updating learning rate to 5.6635149914486225e-06
Epoch: 63 cost time: 1.1817009449005127
Epoch: 63, Steps: 29 | Train Loss: 0.0528098 Vali Loss: 0.0933399 Test Loss: 0.0459963
Validation loss decreased (0.094504 --> 0.093340).  Saving model ...
Updating learning rate to 5.440507486541268e-06
Epoch: 64 cost time: 1.1818478107452393
Epoch: 64, Steps: 29 | Train Loss: 0.0523753 Vali Loss: 0.0926288 Test Loss: 0.0458057
Validation loss decreased (0.093340 --> 0.092629).  Saving model ...
Updating learning rate to 5.216612898457253e-06
Epoch: 65 cost time: 1.1858675479888916
Epoch: 65, Steps: 29 | Train Loss: 0.0519356 Vali Loss: 0.0915055 Test Loss: 0.0457240
Validation loss decreased (0.092629 --> 0.091506).  Saving model ...
Updating learning rate to 4.992282121100496e-06
Epoch: 66 cost time: 1.1849184036254883
Epoch: 66, Steps: 29 | Train Loss: 0.0514775 Vali Loss: 0.0910107 Test Loss: 0.0450964
Validation loss decreased (0.091506 --> 0.091011).  Saving model ...
Updating learning rate to 4.767966926802067e-06
Epoch: 67 cost time: 1.1818761825561523
Epoch: 67, Steps: 29 | Train Loss: 0.0510594 Vali Loss: 0.0909027 Test Loss: 0.0446990
Validation loss decreased (0.091011 --> 0.090903).  Saving model ...
Updating learning rate to 4.5441190565108235e-06
Epoch: 68 cost time: 1.1867945194244385
Epoch: 68, Steps: 29 | Train Loss: 0.0506630 Vali Loss: 0.0898388 Test Loss: 0.0443887
Validation loss decreased (0.090903 --> 0.089839).  Saving model ...
Updating learning rate to 4.3211893100472735e-06
Epoch: 69 cost time: 1.1851229667663574
Epoch: 69, Steps: 29 | Train Loss: 0.0502491 Vali Loss: 0.0892339 Test Loss: 0.0440106
Validation loss decreased (0.089839 --> 0.089234).  Saving model ...
Updating learning rate to 4.099626638252712e-06
Epoch: 70 cost time: 1.1803300380706787
Epoch: 70, Steps: 29 | Train Loss: 0.0498252 Vali Loss: 0.0885497 Test Loss: 0.0439789
Validation loss decreased (0.089234 --> 0.088550).  Saving model ...
Updating learning rate to 3.879877238861997e-06
Epoch: 71 cost time: 1.187795877456665
Epoch: 71, Steps: 29 | Train Loss: 0.0494387 Vali Loss: 0.0876155 Test Loss: 0.0436872
Validation loss decreased (0.088550 --> 0.087615).  Saving model ...
Updating learning rate to 3.662383657920668e-06
Epoch: 72 cost time: 1.1813879013061523
Epoch: 72, Steps: 29 | Train Loss: 0.0490000 Vali Loss: 0.0875049 Test Loss: 0.0431304
Validation loss decreased (0.087615 --> 0.087505).  Saving model ...
Updating learning rate to 3.447583898556124e-06
Epoch: 73 cost time: 1.1820898056030273
Epoch: 73, Steps: 29 | Train Loss: 0.0486215 Vali Loss: 0.0861143 Test Loss: 0.0430627
Validation loss decreased (0.087505 --> 0.086114).  Saving model ...
Updating learning rate to 3.2359105388976132e-06
Epoch: 74 cost time: 1.188737392425537
Epoch: 74, Steps: 29 | Train Loss: 0.0482444 Vali Loss: 0.0859283 Test Loss: 0.0425137
Validation loss decreased (0.086114 --> 0.085928).  Saving model ...
Updating learning rate to 3.027789860921434e-06
Epoch: 75 cost time: 1.1833481788635254
Epoch: 75, Steps: 29 | Train Loss: 0.0478637 Vali Loss: 0.0849511 Test Loss: 0.0424243
Validation loss decreased (0.085928 --> 0.084951).  Saving model ...
Updating learning rate to 2.8236409919757893e-06
Epoch: 76 cost time: 1.1918389797210693
Epoch: 76, Steps: 29 | Train Loss: 0.0474978 Vali Loss: 0.0841290 Test Loss: 0.0423019
Validation loss decreased (0.084951 --> 0.084129).  Saving model ...
Updating learning rate to 2.6238750607140637e-06
Epoch: 77 cost time: 1.184680700302124
Epoch: 77, Steps: 29 | Train Loss: 0.0471094 Vali Loss: 0.0834843 Test Loss: 0.0418351
Validation loss decreased (0.084129 --> 0.083484).  Saving model ...
Updating learning rate to 2.4288943691364434e-06
Epoch: 78 cost time: 1.1834187507629395
Epoch: 78, Steps: 29 | Train Loss: 0.0467435 Vali Loss: 0.0829900 Test Loss: 0.0415111
Validation loss decreased (0.083484 --> 0.082990).  Saving model ...
Updating learning rate to 2.2390915824072217e-06
Epoch: 79 cost time: 1.170966386795044
Epoch: 79, Steps: 29 | Train Loss: 0.0463449 Vali Loss: 0.0820840 Test Loss: 0.0412380
Validation loss decreased (0.082990 --> 0.082084).  Saving model ...
Updating learning rate to 2.0548489380794217e-06
Epoch: 80 cost time: 1.1841511726379395
Epoch: 80, Steps: 29 | Train Loss: 0.0459777 Vali Loss: 0.0819626 Test Loss: 0.0408512
Validation loss decreased (0.082084 --> 0.081963).  Saving model ...
Updating learning rate to 1.876537476319218e-06
Epoch: 81 cost time: 1.1834657192230225
Epoch: 81, Steps: 29 | Train Loss: 0.0456603 Vali Loss: 0.0815014 Test Loss: 0.0407437
Validation loss decreased (0.081963 --> 0.081501).  Saving model ...
Updating learning rate to 1.7045162926804444e-06
Epoch: 82 cost time: 1.1833465099334717
Epoch: 82, Steps: 29 | Train Loss: 0.0456403 Vali Loss: 0.0816342 Test Loss: 0.0407409
EarlyStopping counter: 1 out of 10
Updating learning rate to 1.5391318149339123e-06
Epoch: 83 cost time: 1.1876907348632812
Epoch: 83, Steps: 29 | Train Loss: 0.0456387 Vali Loss: 0.0813086 Test Loss: 0.0408483
Validation loss decreased (0.081501 --> 0.081309).  Saving model ...
Updating learning rate to 1.3807171054080036e-06
Epoch: 84 cost time: 1.1756591796875
Epoch: 84, Steps: 29 | Train Loss: 0.0456175 Vali Loss: 0.0817062 Test Loss: 0.0407498
EarlyStopping counter: 1 out of 10
Updating learning rate to 1.2295911902454577e-06
Epoch: 85 cost time: 1.1854772567749023
Epoch: 85, Steps: 29 | Train Loss: 0.0456613 Vali Loss: 0.0815810 Test Loss: 0.0407422
EarlyStopping counter: 2 out of 10
Updating learning rate to 1.0860584169271784e-06
Epoch: 86 cost time: 1.1790554523468018
Epoch: 86, Steps: 29 | Train Loss: 0.0455959 Vali Loss: 0.0814311 Test Loss: 0.0408121
EarlyStopping counter: 3 out of 10
Updating learning rate to 9.504078413569088e-07
Epoch: 87 cost time: 1.1795690059661865
Epoch: 87, Steps: 29 | Train Loss: 0.0456296 Vali Loss: 0.0815379 Test Loss: 0.0408110
EarlyStopping counter: 4 out of 10
Updating learning rate to 8.229126457411124e-07
Epoch: 88 cost time: 1.181082010269165
Epoch: 88, Steps: 29 | Train Loss: 0.0456020 Vali Loss: 0.0812867 Test Loss: 0.0408992
Validation loss decreased (0.081309 --> 0.081287).  Saving model ...
Updating learning rate to 7.038295884363647e-07
Epoch: 89 cost time: 1.1782798767089844
Epoch: 89, Steps: 29 | Train Loss: 0.0455534 Vali Loss: 0.0816749 Test Loss: 0.0407978
EarlyStopping counter: 1 out of 10
Updating learning rate to 5.933984868721898e-07
Epoch: 90 cost time: 1.1735284328460693
Epoch: 90, Steps: 29 | Train Loss: 0.0455942 Vali Loss: 0.0816678 Test Loss: 0.0408247
EarlyStopping counter: 2 out of 10
Updating learning rate to 4.918417345906772e-07
Epoch: 91 cost time: 1.1814088821411133
Epoch: 91, Steps: 29 | Train Loss: 0.0455654 Vali Loss: 0.0815896 Test Loss: 0.0407795
EarlyStopping counter: 3 out of 10
Updating learning rate to 3.9936385337548097e-07
Epoch: 92 cost time: 1.1750130653381348
Epoch: 92, Steps: 29 | Train Loss: 0.0455860 Vali Loss: 0.0815611 Test Loss: 0.0408468
EarlyStopping counter: 4 out of 10
Updating learning rate to 3.161510813721721e-07
Epoch: 93 cost time: 1.177370548248291
Epoch: 93, Steps: 29 | Train Loss: 0.0455838 Vali Loss: 0.0815955 Test Loss: 0.0407955
EarlyStopping counter: 5 out of 10
Updating learning rate to 2.4237099802938663e-07
Epoch: 94 cost time: 1.1805717945098877
Epoch: 94, Steps: 29 | Train Loss: 0.0455878 Vali Loss: 0.0815451 Test Loss: 0.0408254
EarlyStopping counter: 6 out of 10
Updating learning rate to 1.7817218661613333e-07
Epoch: 95 cost time: 1.169513463973999
Epoch: 95, Steps: 29 | Train Loss: 0.0455992 Vali Loss: 0.0816784 Test Loss: 0.0408292
EarlyStopping counter: 7 out of 10
Updating learning rate to 1.236839349948492e-07
Epoch: 96 cost time: 1.176361322402954
Epoch: 96, Steps: 29 | Train Loss: 0.0456090 Vali Loss: 0.0815241 Test Loss: 0.0408323
EarlyStopping counter: 8 out of 10
Updating learning rate to 7.90159752528609e-08
Epoch: 97 cost time: 1.177293300628662
Epoch: 97, Steps: 29 | Train Loss: 0.0455573 Vali Loss: 0.0815635 Test Loss: 0.0408466
EarlyStopping counter: 9 out of 10
Updating learning rate to 4.425826271655888e-08
Epoch: 98 cost time: 1.176292896270752
Epoch: 98, Steps: 29 | Train Loss: 0.0455626 Vali Loss: 0.0814784 Test Loss: 0.0408227
EarlyStopping counter: 10 out of 10
Early stopping
>>>>>>>testing : ETTh1_336_720_DTFNet_ETTh1_ftM_sl336_ll0_pl720_dm128_nh16_el2_br2_dl1_df256_fc1_ebtimeF_dtTrue_'Exp'_0_'rel_sin'_16_8_16,24_8,12_3_1_256<<<<<<<<<<<<<<<<<<<<<<<<<<<<<<<<<
test 2161
mse:0.4387545585632324, mae:0.45599496364593506, rse:0.6362032294273376
