Args in experiment:
Namespace(random_seed=123, is_training=1, model_id='ETTh1_336_720', model='DTFNet', data='ETTh1', root_path='./dataset/', data_path='ETTh1.csv', features='M', target='OT', freq='h', checkpoints='./checkpoints/', seq_len=336, label_len=0, pred_len=720, n_branches=2, patch_len_ls='16,24', stride_ls='8,12', d_model_ls='128', n_heads_ls='16', rel_pe="'rel_sin'", res_attn=False, head_type='flatten', fc_dropout=0.3, head_dropout=0.1, patch_len=16, stride=8, padding_patch="'end'", revin=1, affine=0, subtract_last=0, decomposition=0, kernel_size=25, individual=0, store_attn=False, pre_norm=False, pe='zeros', no_learn_pe=True, embed_type=0, enc_in=7, dec_in=7, c_out=7, d_model=128, n_heads=16, e_layers=2, d_layers=1, d_ff=256, moving_avg=25, factor=1, distil=True, dropout=0.3, embed='timeF', activation='gelu', output_attention=False, do_predict=False, num_workers=0, itr=1, train_epochs=100, batch_size=256, patience=10, learning_rate=1e-05, des="'Exp'", loss='mse', lradj='TST', pct_start=0.3, use_amp=False, l2=0.0, warmup_steps=0, use_gpu=True, gpu=0, use_multi_gpu=False, devices='0', test_flop=False, use_mlflow=False, mlflow_project='exp', loss_flag=2, sub_patch_len=16, sub_stride=8, stride_ls_list='16', model_type='linear', tfactor=3, dilation_rates='1', wavelet_layers=2, wavelet_type='db5', wavelet_mode='periodization', wavelet_dim=64, initTLV=0.2)
Use GPU: cuda:0
>>>>>>>start training : ETTh1_336_720_DTFNet_ETTh1_ftM_sl336_ll0_pl720_dm128_nh16_el2_br2_dl1_df256_fc1_ebtimeF_dtTrue_'Exp'_0_'rel_sin'_16_8_16,24_8,12_3_1_256>>>>>>>>>>>>>>>>>>>>>>>>>>
train 7585
val 2161
test 2161
Epoch: 1 cost time: 1.5592665672302246
Epoch: 1, Steps: 29 | Train Loss: 0.1076060 Vali Loss: 0.1791392 Test Loss: 0.0997298
Validation loss decreased (inf --> 0.179139).  Saving model ...
Updating learning rate to 4.2635539919063106e-07
Epoch: 2 cost time: 1.1851615905761719
Epoch: 2, Steps: 29 | Train Loss: 0.1067593 Vali Loss: 0.1775247 Test Loss: 0.0988960
Validation loss decreased (0.179139 --> 0.177525).  Saving model ...
Updating learning rate to 5.051321771514831e-07
Epoch: 3 cost time: 1.1742093563079834
Epoch: 3, Steps: 29 | Train Loss: 0.1058761 Vali Loss: 0.1754915 Test Loss: 0.0979922
Validation loss decreased (0.177525 --> 0.175492).  Saving model ...
Updating learning rate to 6.354652532866785e-07
Epoch: 4 cost time: 1.187837839126587
Epoch: 4, Steps: 29 | Train Loss: 0.1049522 Vali Loss: 0.1740471 Test Loss: 0.0970193
Validation loss decreased (0.175492 --> 0.174047).  Saving model ...
Updating learning rate to 8.159233858256806e-07
Epoch: 5 cost time: 1.1773388385772705
Epoch: 5, Steps: 29 | Train Loss: 0.1039831 Vali Loss: 0.1722179 Test Loss: 0.0959605
Validation loss decreased (0.174047 --> 0.172218).  Saving model ...
Updating learning rate to 1.0445248888850473e-06
Epoch: 6 cost time: 1.1831300258636475
Epoch: 6, Steps: 29 | Train Loss: 0.1030085 Vali Loss: 0.1702121 Test Loss: 0.0947868
Validation loss decreased (0.172218 --> 0.170212).  Saving model ...
Updating learning rate to 1.3187593941861497e-06
Epoch: 7 cost time: 1.1764709949493408
Epoch: 7, Steps: 29 | Train Loss: 0.1018630 Vali Loss: 0.1680795 Test Loss: 0.0934312
Validation loss decreased (0.170212 --> 0.168079).  Saving model ...
Updating learning rate to 1.6356154184543822e-06
Epoch: 8 cost time: 1.1793005466461182
Epoch: 8, Steps: 29 | Train Loss: 0.1006774 Vali Loss: 0.1654866 Test Loss: 0.0917923
Validation loss decreased (0.168079 --> 0.165487).  Saving model ...
Updating learning rate to 1.9916134337707666e-06
Epoch: 9 cost time: 1.1820604801177979
Epoch: 9, Steps: 29 | Train Loss: 0.0991872 Vali Loss: 0.1625892 Test Loss: 0.0897195
Validation loss decreased (0.165487 --> 0.162589).  Saving model ...
Updating learning rate to 2.3828440777166636e-06
Epoch: 10 cost time: 1.190835952758789
Epoch: 10, Steps: 29 | Train Loss: 0.0974507 Vali Loss: 0.1586753 Test Loss: 0.0868770
Validation loss decreased (0.162589 --> 0.158675).  Saving model ...
Updating learning rate to 2.805011083710071e-06
Epoch: 11 cost time: 1.1776149272918701
Epoch: 11, Steps: 29 | Train Loss: 0.0952761 Vali Loss: 0.1531926 Test Loss: 0.0829756
Validation loss decreased (0.158675 --> 0.153193).  Saving model ...
Updating learning rate to 3.2534784600976295e-06
Epoch: 12 cost time: 1.1867549419403076
Epoch: 12, Steps: 29 | Train Loss: 0.0926707 Vali Loss: 0.1471252 Test Loss: 0.0783805
Validation loss decreased (0.153193 --> 0.147125).  Saving model ...
Updating learning rate to 3.723321399909056e-06
Epoch: 13 cost time: 1.17919921875
Epoch: 13, Steps: 29 | Train Loss: 0.0900291 Vali Loss: 0.1426558 Test Loss: 0.0751000
Validation loss decreased (0.147125 --> 0.142656).  Saving model ...
Updating learning rate to 4.209380362212844e-06
Epoch: 14 cost time: 1.188568353652954
Epoch: 14, Steps: 29 | Train Loss: 0.0880943 Vali Loss: 0.1387705 Test Loss: 0.0732584
Validation loss decreased (0.142656 --> 0.138770).  Saving model ...
Updating learning rate to 4.706317731183279e-06
Epoch: 15 cost time: 1.1850526332855225
Epoch: 15, Steps: 29 | Train Loss: 0.0862857 Vali Loss: 0.1359224 Test Loss: 0.0711086
Validation loss decreased (0.138770 --> 0.135922).  Saving model ...
Updating learning rate to 5.208676430682048e-06
Epoch: 16 cost time: 1.1841208934783936
Epoch: 16, Steps: 29 | Train Loss: 0.0845510 Vali Loss: 0.1332864 Test Loss: 0.0691778
Validation loss decreased (0.135922 --> 0.133286).  Saving model ...
Updating learning rate to 5.710939850683244e-06
Epoch: 17 cost time: 1.176295518875122
Epoch: 17, Steps: 29 | Train Loss: 0.0829990 Vali Loss: 0.1312687 Test Loss: 0.0673815
Validation loss decreased (0.133286 --> 0.131269).  Saving model ...
Updating learning rate to 6.207592427464792e-06
Epoch: 18 cost time: 1.1828246116638184
Epoch: 18, Steps: 29 | Train Loss: 0.0816332 Vali Loss: 0.1298039 Test Loss: 0.0658960
Validation loss decreased (0.131269 --> 0.129804).  Saving model ...
Updating learning rate to 6.693180212309968e-06
Epoch: 19 cost time: 1.177088975906372
Epoch: 19, Steps: 29 | Train Loss: 0.0804602 Vali Loss: 0.1284437 Test Loss: 0.0648788
Validation loss decreased (0.129804 --> 0.128444).  Saving model ...
Updating learning rate to 7.1623707635889015e-06
Epoch: 20 cost time: 1.1815669536590576
Epoch: 20, Steps: 29 | Train Loss: 0.0794749 Vali Loss: 0.1273585 Test Loss: 0.0638638
Validation loss decreased (0.128444 --> 0.127358).  Saving model ...
Updating learning rate to 7.610011704520164e-06
Epoch: 21 cost time: 1.1857500076293945
Epoch: 21, Steps: 29 | Train Loss: 0.0786080 Vali Loss: 0.1263371 Test Loss: 0.0630419
Validation loss decreased (0.127358 --> 0.126337).  Saving model ...
Updating learning rate to 8.031187303565295e-06
Epoch: 22 cost time: 1.1780006885528564
Epoch: 22, Steps: 29 | Train Loss: 0.0777573 Vali Loss: 0.1256185 Test Loss: 0.0620674
Validation loss decreased (0.126337 --> 0.125618).  Saving model ...
Updating learning rate to 8.421272456123378e-06
Epoch: 23 cost time: 1.1864526271820068
Epoch: 23, Steps: 29 | Train Loss: 0.0769352 Vali Loss: 0.1248032 Test Loss: 0.0614750
Validation loss decreased (0.125618 --> 0.124803).  Saving model ...
Updating learning rate to 8.775983474730246e-06
Epoch: 24 cost time: 1.1846187114715576
Epoch: 24, Steps: 29 | Train Loss: 0.0761820 Vali Loss: 0.1234808 Test Loss: 0.0607570
Validation loss decreased (0.124803 --> 0.123481).  Saving model ...
Updating learning rate to 9.091425130013939e-06
Epoch: 25 cost time: 1.181112289428711
Epoch: 25, Steps: 29 | Train Loss: 0.0753339 Vali Loss: 0.1228016 Test Loss: 0.0600027
Validation loss decreased (0.123481 --> 0.122802).  Saving model ...
Updating learning rate to 9.364133425830145e-06
Epoch: 26 cost time: 1.1735119819641113
Epoch: 26, Steps: 29 | Train Loss: 0.0745798 Vali Loss: 0.1219914 Test Loss: 0.0593437
Validation loss decreased (0.122802 --> 0.121991).  Saving model ...
Updating learning rate to 9.591113638846019e-06
Epoch: 27 cost time: 1.1755285263061523
Epoch: 27, Steps: 29 | Train Loss: 0.0738596 Vali Loss: 0.1209555 Test Loss: 0.0588638
Validation loss decreased (0.121991 --> 0.120956).  Saving model ...
Updating learning rate to 9.769873204843885e-06
Epoch: 28 cost time: 1.185828685760498
Epoch: 28, Steps: 29 | Train Loss: 0.0730956 Vali Loss: 0.1200376 Test Loss: 0.0582538
Validation loss decreased (0.120956 --> 0.120038).  Saving model ...
Updating learning rate to 9.898449090606656e-06
Epoch: 29 cost time: 1.176973581314087
Epoch: 29, Steps: 29 | Train Loss: 0.0723827 Vali Loss: 0.1193433 Test Loss: 0.0576412
Validation loss decreased (0.120038 --> 0.119343).  Saving model ...
Updating learning rate to 9.975429350802846e-06
Epoch: 30 cost time: 1.1815736293792725
Epoch: 30, Steps: 29 | Train Loss: 0.0716299 Vali Loss: 0.1179388 Test Loss: 0.0573799
Validation loss decreased (0.119343 --> 0.117939).  Saving model ...
Updating learning rate to 9.99999401249548e-06
Epoch: 31 cost time: 1.1785087585449219
Epoch: 31, Steps: 29 | Train Loss: 0.0709303 Vali Loss: 0.1180290 Test Loss: 0.0565817
EarlyStopping counter: 1 out of 10
Updating learning rate to 9.994612212745642e-06
Epoch: 32 cost time: 1.179593563079834
Epoch: 32, Steps: 29 | Train Loss: 0.0702544 Vali Loss: 0.1166693 Test Loss: 0.0561709
Validation loss decreased (0.117939 --> 0.116669).  Saving model ...
Updating learning rate to 9.979171968972798e-06
Epoch: 33 cost time: 1.17972731590271
Epoch: 33, Steps: 29 | Train Loss: 0.0695385 Vali Loss: 0.1161684 Test Loss: 0.0556984
Validation loss decreased (0.116669 --> 0.116168).  Saving model ...
Updating learning rate to 9.953704375773079e-06
Epoch: 34 cost time: 1.1813368797302246
Epoch: 34, Steps: 29 | Train Loss: 0.0688546 Vali Loss: 0.1156575 Test Loss: 0.0550709
Validation loss decreased (0.116168 --> 0.115657).  Saving model ...
Updating learning rate to 9.918260721489893e-06
Epoch: 35 cost time: 1.1740260124206543
Epoch: 35, Steps: 29 | Train Loss: 0.0681664 Vali Loss: 0.1148124 Test Loss: 0.0545727
Validation loss decreased (0.115657 --> 0.114812).  Saving model ...
Updating learning rate to 9.872912384926035e-06
Epoch: 36 cost time: 1.1804821491241455
Epoch: 36, Steps: 29 | Train Loss: 0.0675133 Vali Loss: 0.1133020 Test Loss: 0.0543608
Validation loss decreased (0.114812 --> 0.113302).  Saving model ...
Updating learning rate to 9.817750691596265e-06
Epoch: 37 cost time: 1.182508945465088
Epoch: 37, Steps: 29 | Train Loss: 0.0668570 Vali Loss: 0.1127338 Test Loss: 0.0541076
Validation loss decreased (0.113302 --> 0.112734).  Saving model ...
Updating learning rate to 9.752886729809889e-06
Epoch: 38 cost time: 1.1862149238586426
Epoch: 38, Steps: 29 | Train Loss: 0.0661759 Vali Loss: 0.1132073 Test Loss: 0.0530482
EarlyStopping counter: 1 out of 10
Updating learning rate to 9.678451126953676e-06
Epoch: 39 cost time: 1.1680371761322021
Epoch: 39, Steps: 29 | Train Loss: 0.0655681 Vali Loss: 0.1121614 Test Loss: 0.0531272
Validation loss decreased (0.112734 --> 0.112161).  Saving model ...
Updating learning rate to 9.594593786425696e-06
Epoch: 40 cost time: 1.1779649257659912
Epoch: 40, Steps: 29 | Train Loss: 0.0648709 Vali Loss: 0.1112164 Test Loss: 0.0525992
Validation loss decreased (0.112161 --> 0.111216).  Saving model ...
Updating learning rate to 9.501483585749811e-06
Epoch: 41 cost time: 1.1784217357635498
Epoch: 41, Steps: 29 | Train Loss: 0.0642854 Vali Loss: 0.1114959 Test Loss: 0.0519754
EarlyStopping counter: 1 out of 10
Updating learning rate to 9.399308036478838e-06
Epoch: 42 cost time: 1.1779587268829346
Epoch: 42, Steps: 29 | Train Loss: 0.0635756 Vali Loss: 0.1102273 Test Loss: 0.0517180
Validation loss decreased (0.111216 --> 0.110227).  Saving model ...
Updating learning rate to 9.288272906571216e-06
Epoch: 43 cost time: 1.1779956817626953
Epoch: 43, Steps: 29 | Train Loss: 0.0630759 Vali Loss: 0.1100419 Test Loss: 0.0513226
Validation loss decreased (0.110227 --> 0.110042).  Saving model ...
Updating learning rate to 9.16860180600173e-06
Epoch: 44 cost time: 1.1838748455047607
Epoch: 44, Steps: 29 | Train Loss: 0.0624736 Vali Loss: 0.1085068 Test Loss: 0.0511334
Validation loss decreased (0.110042 --> 0.108507).  Saving model ...
Updating learning rate to 9.040535736440785e-06
Epoch: 45 cost time: 1.1894798278808594
Epoch: 45, Steps: 29 | Train Loss: 0.0618521 Vali Loss: 0.1078195 Test Loss: 0.0508700
Validation loss decreased (0.108507 --> 0.107819).  Saving model ...
Updating learning rate to 8.904332605909106e-06
Epoch: 46 cost time: 1.189070463180542
Epoch: 46, Steps: 29 | Train Loss: 0.0612671 Vali Loss: 0.1072924 Test Loss: 0.0503734
Validation loss decreased (0.107819 --> 0.107292).  Saving model ...
Updating learning rate to 8.760266709385311e-06
Epoch: 47 cost time: 1.1866822242736816
Epoch: 47, Steps: 29 | Train Loss: 0.0606198 Vali Loss: 0.1063939 Test Loss: 0.0501289
Validation loss decreased (0.107292 --> 0.106394).  Saving model ...
Updating learning rate to 8.608628176412335e-06
Epoch: 48 cost time: 1.1837413311004639
Epoch: 48, Steps: 29 | Train Loss: 0.0601219 Vali Loss: 0.1056892 Test Loss: 0.0497894
Validation loss decreased (0.106394 --> 0.105689).  Saving model ...
Updating learning rate to 8.449722386815127e-06
Epoch: 49 cost time: 1.1774957180023193
Epoch: 49, Steps: 29 | Train Loss: 0.0595800 Vali Loss: 0.1054874 Test Loss: 0.0494430
Validation loss decreased (0.105689 --> 0.105487).  Saving model ...
Updating learning rate to 8.28386935570634e-06
Epoch: 50 cost time: 1.181049108505249
Epoch: 50, Steps: 29 | Train Loss: 0.0589899 Vali Loss: 0.1033086 Test Loss: 0.0495157
Validation loss decreased (0.105487 --> 0.103309).  Saving model ...
Updating learning rate to 8.111403089018465e-06
Epoch: 51 cost time: 1.1802196502685547
Epoch: 51, Steps: 29 | Train Loss: 0.0584132 Vali Loss: 0.1035341 Test Loss: 0.0484858
EarlyStopping counter: 1 out of 10
Updating learning rate to 7.93267091086035e-06
Epoch: 52 cost time: 1.1825509071350098
Epoch: 52, Steps: 29 | Train Loss: 0.0579602 Vali Loss: 0.1026629 Test Loss: 0.0483875
Validation loss decreased (0.103309 --> 0.102663).  Saving model ...
Updating learning rate to 7.748032764052655e-06
Epoch: 53 cost time: 1.1845448017120361
Epoch: 53, Steps: 29 | Train Loss: 0.0573943 Vali Loss: 0.1026668 Test Loss: 0.0479658
EarlyStopping counter: 1 out of 10
Updating learning rate to 7.557860485250925e-06
Epoch: 54 cost time: 1.1887850761413574
Epoch: 54, Steps: 29 | Train Loss: 0.0568546 Vali Loss: 0.1007106 Test Loss: 0.0481346
Validation loss decreased (0.102663 --> 0.100711).  Saving model ...
Updating learning rate to 7.362537056116034e-06
Epoch: 55 cost time: 1.1871240139007568
Epoch: 55, Steps: 29 | Train Loss: 0.0563440 Vali Loss: 0.1005736 Test Loss: 0.0474546
Validation loss decreased (0.100711 --> 0.100574).  Saving model ...
Updating learning rate to 7.162455832040107e-06
Epoch: 56 cost time: 1.182852029800415
Epoch: 56, Steps: 29 | Train Loss: 0.0558698 Vali Loss: 0.0995966 Test Loss: 0.0472051
Validation loss decreased (0.100574 --> 0.099597).  Saving model ...
Updating learning rate to 6.9580197499810984e-06
Epoch: 57 cost time: 1.18233323097229
Epoch: 57, Steps: 29 | Train Loss: 0.0553593 Vali Loss: 0.0995826 Test Loss: 0.0466806
Validation loss decreased (0.099597 --> 0.099583).  Saving model ...
Updating learning rate to 6.7496405170013816e-06
Epoch: 58 cost time: 1.1837904453277588
Epoch: 58, Steps: 29 | Train Loss: 0.0549137 Vali Loss: 0.0981190 Test Loss: 0.0467842
Validation loss decreased (0.099583 --> 0.098119).  Saving model ...
Updating learning rate to 6.537737781144523e-06
Epoch: 59 cost time: 1.1794567108154297
Epoch: 59, Steps: 29 | Train Loss: 0.0544201 Vali Loss: 0.0979576 Test Loss: 0.0461207
Validation loss decreased (0.098119 --> 0.097958).  Saving model ...
Updating learning rate to 6.322738286319964e-06
Epoch: 60 cost time: 1.183192491531372
Epoch: 60, Steps: 29 | Train Loss: 0.0539200 Vali Loss: 0.0964966 Test Loss: 0.0462093
Validation loss decreased (0.097958 --> 0.096497).  Saving model ...
Updating learning rate to 6.105075012897585e-06
Epoch: 61 cost time: 1.1733434200286865
Epoch: 61, Steps: 29 | Train Loss: 0.0534838 Vali Loss: 0.0953903 Test Loss: 0.0458665
Validation loss decreased (0.096497 --> 0.095390).  Saving model ...
Updating learning rate to 5.885186305742857e-06
Epoch: 62 cost time: 1.1864681243896484
Epoch: 62, Steps: 29 | Train Loss: 0.0529934 Vali Loss: 0.0958539 Test Loss: 0.0452224
EarlyStopping counter: 1 out of 10
Updating learning rate to 5.6635149914486225e-06
Epoch: 63 cost time: 1.181229591369629
Epoch: 63, Steps: 29 | Train Loss: 0.0525274 Vali Loss: 0.0946907 Test Loss: 0.0449969
Validation loss decreased (0.095390 --> 0.094691).  Saving model ...
Updating learning rate to 5.440507486541268e-06
Epoch: 64 cost time: 1.180431842803955
Epoch: 64, Steps: 29 | Train Loss: 0.0520975 Vali Loss: 0.0936300 Test Loss: 0.0447337
Validation loss decreased (0.094691 --> 0.093630).  Saving model ...
Updating learning rate to 5.216612898457253e-06
Epoch: 65 cost time: 1.1838037967681885
Epoch: 65, Steps: 29 | Train Loss: 0.0516454 Vali Loss: 0.0925992 Test Loss: 0.0447052
Validation loss decreased (0.093630 --> 0.092599).  Saving model ...
Updating learning rate to 4.992282121100496e-06
Epoch: 66 cost time: 1.184476375579834
Epoch: 66, Steps: 29 | Train Loss: 0.0512282 Vali Loss: 0.0921114 Test Loss: 0.0443193
Validation loss decreased (0.092599 --> 0.092111).  Saving model ...
Updating learning rate to 4.767966926802067e-06
Epoch: 67 cost time: 1.1759226322174072
Epoch: 67, Steps: 29 | Train Loss: 0.0507820 Vali Loss: 0.0915247 Test Loss: 0.0438865
Validation loss decreased (0.092111 --> 0.091525).  Saving model ...
Updating learning rate to 4.5441190565108235e-06
Epoch: 68 cost time: 1.188230037689209
Epoch: 68, Steps: 29 | Train Loss: 0.0503379 Vali Loss: 0.0908086 Test Loss: 0.0436228
Validation loss decreased (0.091525 --> 0.090809).  Saving model ...
Updating learning rate to 4.3211893100472735e-06
Epoch: 69 cost time: 1.1843748092651367
Epoch: 69, Steps: 29 | Train Loss: 0.0499911 Vali Loss: 0.0905155 Test Loss: 0.0430946
Validation loss decreased (0.090809 --> 0.090516).  Saving model ...
Updating learning rate to 4.099626638252712e-06
Epoch: 70 cost time: 1.1805791854858398
Epoch: 70, Steps: 29 | Train Loss: 0.0495311 Vali Loss: 0.0900424 Test Loss: 0.0428438
Validation loss decreased (0.090516 --> 0.090042).  Saving model ...
Updating learning rate to 3.879877238861997e-06
Epoch: 71 cost time: 1.181504249572754
Epoch: 71, Steps: 29 | Train Loss: 0.0491668 Vali Loss: 0.0887849 Test Loss: 0.0426635
Validation loss decreased (0.090042 --> 0.088785).  Saving model ...
Updating learning rate to 3.662383657920668e-06
Epoch: 72 cost time: 1.179734706878662
Epoch: 72, Steps: 29 | Train Loss: 0.0487185 Vali Loss: 0.0881274 Test Loss: 0.0423415
Validation loss decreased (0.088785 --> 0.088127).  Saving model ...
Updating learning rate to 3.447583898556124e-06
Epoch: 73 cost time: 1.1797709465026855
Epoch: 73, Steps: 29 | Train Loss: 0.0483190 Vali Loss: 0.0874603 Test Loss: 0.0419426
Validation loss decreased (0.088127 --> 0.087460).  Saving model ...
Updating learning rate to 3.2359105388976132e-06
Epoch: 74 cost time: 1.1881036758422852
Epoch: 74, Steps: 29 | Train Loss: 0.0478997 Vali Loss: 0.0868410 Test Loss: 0.0417231
Validation loss decreased (0.087460 --> 0.086841).  Saving model ...
Updating learning rate to 3.027789860921434e-06
Epoch: 75 cost time: 1.1843907833099365
Epoch: 75, Steps: 29 | Train Loss: 0.0475644 Vali Loss: 0.0855737 Test Loss: 0.0415555
Validation loss decreased (0.086841 --> 0.085574).  Saving model ...
Updating learning rate to 2.8236409919757893e-06
Epoch: 76 cost time: 1.1897845268249512
Epoch: 76, Steps: 29 | Train Loss: 0.0471475 Vali Loss: 0.0851577 Test Loss: 0.0412341
Validation loss decreased (0.085574 --> 0.085158).  Saving model ...
Updating learning rate to 2.6238750607140637e-06
Epoch: 77 cost time: 1.1861915588378906
Epoch: 77, Steps: 29 | Train Loss: 0.0468325 Vali Loss: 0.0844121 Test Loss: 0.0410154
Validation loss decreased (0.085158 --> 0.084412).  Saving model ...
Updating learning rate to 2.4288943691364434e-06
Epoch: 78 cost time: 1.1907687187194824
Epoch: 78, Steps: 29 | Train Loss: 0.0464180 Vali Loss: 0.0839242 Test Loss: 0.0406736
Validation loss decreased (0.084412 --> 0.083924).  Saving model ...
Updating learning rate to 2.2390915824072217e-06
Epoch: 79 cost time: 1.1839630603790283
Epoch: 79, Steps: 29 | Train Loss: 0.0460330 Vali Loss: 0.0834085 Test Loss: 0.0403326
Validation loss decreased (0.083924 --> 0.083409).  Saving model ...
Updating learning rate to 2.0548489380794217e-06
Epoch: 80 cost time: 1.1809453964233398
Epoch: 80, Steps: 29 | Train Loss: 0.0457070 Vali Loss: 0.0826695 Test Loss: 0.0399766
Validation loss decreased (0.083409 --> 0.082669).  Saving model ...
Updating learning rate to 1.876537476319218e-06
Epoch: 81 cost time: 1.1877591609954834
Epoch: 81, Steps: 29 | Train Loss: 0.0453607 Vali Loss: 0.0829199 Test Loss: 0.0398423
EarlyStopping counter: 1 out of 10
Updating learning rate to 1.7045162926804444e-06
Epoch: 82 cost time: 1.1724939346313477
Epoch: 82, Steps: 29 | Train Loss: 0.0453875 Vali Loss: 0.0825781 Test Loss: 0.0398592
Validation loss decreased (0.082669 --> 0.082578).  Saving model ...
Updating learning rate to 1.5391318149339123e-06
Epoch: 83 cost time: 1.1877782344818115
Epoch: 83, Steps: 29 | Train Loss: 0.0453778 Vali Loss: 0.0824081 Test Loss: 0.0400472
Validation loss decreased (0.082578 --> 0.082408).  Saving model ...
Updating learning rate to 1.3807171054080036e-06
Epoch: 84 cost time: 1.1910815238952637
Epoch: 84, Steps: 29 | Train Loss: 0.0453449 Vali Loss: 0.0825461 Test Loss: 0.0399512
EarlyStopping counter: 1 out of 10
Updating learning rate to 1.2295911902454577e-06
Epoch: 85 cost time: 1.1779067516326904
Epoch: 85, Steps: 29 | Train Loss: 0.0453655 Vali Loss: 0.0827368 Test Loss: 0.0399157
EarlyStopping counter: 2 out of 10
Updating learning rate to 1.0860584169271784e-06
Epoch: 86 cost time: 1.1807982921600342
Epoch: 86, Steps: 29 | Train Loss: 0.0453633 Vali Loss: 0.0826748 Test Loss: 0.0399363
EarlyStopping counter: 3 out of 10
Updating learning rate to 9.504078413569088e-07
Epoch: 87 cost time: 1.1724464893341064
Epoch: 87, Steps: 29 | Train Loss: 0.0453544 Vali Loss: 0.0825054 Test Loss: 0.0399922
EarlyStopping counter: 4 out of 10
Updating learning rate to 8.229126457411124e-07
Epoch: 88 cost time: 1.1780731678009033
Epoch: 88, Steps: 29 | Train Loss: 0.0453208 Vali Loss: 0.0826978 Test Loss: 0.0399205
EarlyStopping counter: 5 out of 10
Updating learning rate to 7.038295884363647e-07
Epoch: 89 cost time: 1.1853535175323486
Epoch: 89, Steps: 29 | Train Loss: 0.0453314 Vali Loss: 0.0825403 Test Loss: 0.0399921
EarlyStopping counter: 6 out of 10
Updating learning rate to 5.933984868721898e-07
Epoch: 90 cost time: 1.1837749481201172
Epoch: 90, Steps: 29 | Train Loss: 0.0452849 Vali Loss: 0.0824790 Test Loss: 0.0399581
EarlyStopping counter: 7 out of 10
Updating learning rate to 4.918417345906772e-07
Epoch: 91 cost time: 1.182978868484497
Epoch: 91, Steps: 29 | Train Loss: 0.0453289 Vali Loss: 0.0825215 Test Loss: 0.0399697
EarlyStopping counter: 8 out of 10
Updating learning rate to 3.9936385337548097e-07
Epoch: 92 cost time: 1.185075283050537
Epoch: 92, Steps: 29 | Train Loss: 0.0452892 Vali Loss: 0.0825296 Test Loss: 0.0399534
EarlyStopping counter: 9 out of 10
Updating learning rate to 3.161510813721721e-07
Epoch: 93 cost time: 1.1882719993591309
Epoch: 93, Steps: 29 | Train Loss: 0.0453268 Vali Loss: 0.0826240 Test Loss: 0.0399763
EarlyStopping counter: 10 out of 10
Early stopping
>>>>>>>testing : ETTh1_336_720_DTFNet_ETTh1_ftM_sl336_ll0_pl720_dm128_nh16_el2_br2_dl1_df256_fc1_ebtimeF_dtTrue_'Exp'_0_'rel_sin'_16_8_16,24_8,12_3_1_256<<<<<<<<<<<<<<<<<<<<<<<<<<<<<<<<<
test 2161
mse:0.4232599139213562, mae:0.4473898708820343, rse:0.6248685121536255
