Args in experiment:
Namespace(random_seed=2008, is_training=1, model_id='ETTh1_336_720', model='DTFNet', data='ETTh1', root_path='./dataset/', data_path='ETTh1.csv', features='M', target='OT', freq='h', checkpoints='./checkpoints/', seq_len=336, label_len=0, pred_len=720, n_branches=2, patch_len_ls='16,24', stride_ls='8,12', d_model_ls='128', n_heads_ls='16', rel_pe="'rel_sin'", res_attn=False, head_type='flatten', fc_dropout=0.3, head_dropout=0.1, patch_len=16, stride=8, padding_patch="'end'", revin=1, affine=0, subtract_last=0, decomposition=0, kernel_size=25, individual=0, store_attn=False, pre_norm=False, pe='zeros', no_learn_pe=True, embed_type=0, enc_in=7, dec_in=7, c_out=7, d_model=128, n_heads=16, e_layers=2, d_layers=1, d_ff=256, moving_avg=25, factor=1, distil=True, dropout=0.3, embed='timeF', activation='gelu', output_attention=False, do_predict=False, num_workers=0, itr=1, train_epochs=100, batch_size=256, patience=10, learning_rate=1e-05, des="'Exp'", loss='mse', lradj='TST', pct_start=0.3, use_amp=False, l2=0.0, warmup_steps=0, use_gpu=True, gpu=0, use_multi_gpu=False, devices='0', test_flop=False, use_mlflow=False, mlflow_project='exp', loss_flag=2, sub_patch_len=16, sub_stride=8, stride_ls_list='16', model_type='linear', tfactor=3, dilation_rates='1', wavelet_layers=2, wavelet_type='db5', wavelet_mode='periodization', wavelet_dim=64, initTLV=0.2)
Use GPU: cuda:0
>>>>>>>start training : ETTh1_336_720_DTFNet_ETTh1_ftM_sl336_ll0_pl720_dm128_nh16_el2_br2_dl1_df256_fc1_ebtimeF_dtTrue_'Exp'_0_'rel_sin'_16_8_16,24_8,12_3_1_256>>>>>>>>>>>>>>>>>>>>>>>>>>
train 7585
val 2161
test 2161
Epoch: 1 cost time: 1.5554237365722656
Epoch: 1, Steps: 29 | Train Loss: 0.1076631 Vali Loss: 0.1793834 Test Loss: 0.0997715
Validation loss decreased (inf --> 0.179383).  Saving model ...
Updating learning rate to 4.2635539919063106e-07
Epoch: 2 cost time: 1.1864516735076904
Epoch: 2, Steps: 29 | Train Loss: 0.1067356 Vali Loss: 0.1773315 Test Loss: 0.0989349
Validation loss decreased (0.179383 --> 0.177331).  Saving model ...
Updating learning rate to 5.051321771514831e-07
Epoch: 3 cost time: 1.181356430053711
Epoch: 3, Steps: 29 | Train Loss: 0.1059096 Vali Loss: 0.1758787 Test Loss: 0.0980305
Validation loss decreased (0.177331 --> 0.175879).  Saving model ...
Updating learning rate to 6.354652532866785e-07
Epoch: 4 cost time: 1.1792676448822021
Epoch: 4, Steps: 29 | Train Loss: 0.1050080 Vali Loss: 0.1739471 Test Loss: 0.0970649
Validation loss decreased (0.175879 --> 0.173947).  Saving model ...
Updating learning rate to 8.159233858256806e-07
Epoch: 5 cost time: 1.1848475933074951
Epoch: 5, Steps: 29 | Train Loss: 0.1040112 Vali Loss: 0.1726628 Test Loss: 0.0960097
Validation loss decreased (0.173947 --> 0.172663).  Saving model ...
Updating learning rate to 1.0445248888850473e-06
Epoch: 6 cost time: 1.1890645027160645
Epoch: 6, Steps: 29 | Train Loss: 0.1030667 Vali Loss: 0.1703155 Test Loss: 0.0948267
Validation loss decreased (0.172663 --> 0.170316).  Saving model ...
Updating learning rate to 1.3187593941861497e-06
Epoch: 7 cost time: 1.185642957687378
Epoch: 7, Steps: 29 | Train Loss: 0.1019535 Vali Loss: 0.1684164 Test Loss: 0.0934761
Validation loss decreased (0.170316 --> 0.168416).  Saving model ...
Updating learning rate to 1.6356154184543822e-06
Epoch: 8 cost time: 1.1802868843078613
Epoch: 8, Steps: 29 | Train Loss: 0.1006904 Vali Loss: 0.1660878 Test Loss: 0.0918359
Validation loss decreased (0.168416 --> 0.166088).  Saving model ...
Updating learning rate to 1.9916134337707666e-06
Epoch: 9 cost time: 1.1818275451660156
Epoch: 9, Steps: 29 | Train Loss: 0.0991929 Vali Loss: 0.1624804 Test Loss: 0.0897085
Validation loss decreased (0.166088 --> 0.162480).  Saving model ...
Updating learning rate to 2.3828440777166636e-06
Epoch: 10 cost time: 1.183213233947754
Epoch: 10, Steps: 29 | Train Loss: 0.0974304 Vali Loss: 0.1586573 Test Loss: 0.0868174
Validation loss decreased (0.162480 --> 0.158657).  Saving model ...
Updating learning rate to 2.805011083710071e-06
Epoch: 11 cost time: 1.1854655742645264
Epoch: 11, Steps: 29 | Train Loss: 0.0951757 Vali Loss: 0.1532591 Test Loss: 0.0827743
Validation loss decreased (0.158657 --> 0.153259).  Saving model ...
Updating learning rate to 3.2534784600976295e-06
Epoch: 12 cost time: 1.180816411972046
Epoch: 12, Steps: 29 | Train Loss: 0.0924677 Vali Loss: 0.1471495 Test Loss: 0.0781930
Validation loss decreased (0.153259 --> 0.147149).  Saving model ...
Updating learning rate to 3.723321399909056e-06
Epoch: 13 cost time: 1.1817851066589355
Epoch: 13, Steps: 29 | Train Loss: 0.0899690 Vali Loss: 0.1423820 Test Loss: 0.0751131
Validation loss decreased (0.147149 --> 0.142382).  Saving model ...
Updating learning rate to 4.209380362212844e-06
Epoch: 14 cost time: 1.1801986694335938
Epoch: 14, Steps: 29 | Train Loss: 0.0880630 Vali Loss: 0.1391508 Test Loss: 0.0733850
Validation loss decreased (0.142382 --> 0.139151).  Saving model ...
Updating learning rate to 4.706317731183279e-06
Epoch: 15 cost time: 1.1862778663635254
Epoch: 15, Steps: 29 | Train Loss: 0.0863983 Vali Loss: 0.1359321 Test Loss: 0.0710782
Validation loss decreased (0.139151 --> 0.135932).  Saving model ...
Updating learning rate to 5.208676430682048e-06
Epoch: 16 cost time: 1.1846444606781006
Epoch: 16, Steps: 29 | Train Loss: 0.0846015 Vali Loss: 0.1334105 Test Loss: 0.0693107
Validation loss decreased (0.135932 --> 0.133410).  Saving model ...
Updating learning rate to 5.710939850683244e-06
Epoch: 17 cost time: 1.1832716464996338
Epoch: 17, Steps: 29 | Train Loss: 0.0830931 Vali Loss: 0.1313282 Test Loss: 0.0672127
Validation loss decreased (0.133410 --> 0.131328).  Saving model ...
Updating learning rate to 6.207592427464792e-06
Epoch: 18 cost time: 1.189260721206665
Epoch: 18, Steps: 29 | Train Loss: 0.0816336 Vali Loss: 0.1297854 Test Loss: 0.0655507
Validation loss decreased (0.131328 --> 0.129785).  Saving model ...
Updating learning rate to 6.693180212309968e-06
Epoch: 19 cost time: 1.18827486038208
Epoch: 19, Steps: 29 | Train Loss: 0.0804814 Vali Loss: 0.1284197 Test Loss: 0.0646306
Validation loss decreased (0.129785 --> 0.128420).  Saving model ...
Updating learning rate to 7.1623707635889015e-06
Epoch: 20 cost time: 1.1823697090148926
Epoch: 20, Steps: 29 | Train Loss: 0.0794783 Vali Loss: 0.1276215 Test Loss: 0.0634384
Validation loss decreased (0.128420 --> 0.127621).  Saving model ...
Updating learning rate to 7.610011704520164e-06
Epoch: 21 cost time: 1.1802458763122559
Epoch: 21, Steps: 29 | Train Loss: 0.0785564 Vali Loss: 0.1267015 Test Loss: 0.0625916
Validation loss decreased (0.127621 --> 0.126701).  Saving model ...
Updating learning rate to 8.031187303565295e-06
Epoch: 22 cost time: 1.1792759895324707
Epoch: 22, Steps: 29 | Train Loss: 0.0777278 Vali Loss: 0.1259292 Test Loss: 0.0614270
Validation loss decreased (0.126701 --> 0.125929).  Saving model ...
Updating learning rate to 8.421272456123378e-06
Epoch: 23 cost time: 1.1835904121398926
Epoch: 23, Steps: 29 | Train Loss: 0.0768995 Vali Loss: 0.1243095 Test Loss: 0.0609329
Validation loss decreased (0.125929 --> 0.124309).  Saving model ...
Updating learning rate to 8.775983474730246e-06
Epoch: 24 cost time: 1.1782934665679932
Epoch: 24, Steps: 29 | Train Loss: 0.0760863 Vali Loss: 0.1238688 Test Loss: 0.0602095
Validation loss decreased (0.124309 --> 0.123869).  Saving model ...
Updating learning rate to 9.091425130013939e-06
Epoch: 25 cost time: 1.1864027976989746
Epoch: 25, Steps: 29 | Train Loss: 0.0753414 Vali Loss: 0.1230106 Test Loss: 0.0594086
Validation loss decreased (0.123869 --> 0.123011).  Saving model ...
Updating learning rate to 9.364133425830145e-06
Epoch: 26 cost time: 1.1877236366271973
Epoch: 26, Steps: 29 | Train Loss: 0.0745824 Vali Loss: 0.1223629 Test Loss: 0.0588583
Validation loss decreased (0.123011 --> 0.122363).  Saving model ...
Updating learning rate to 9.591113638846019e-06
Epoch: 27 cost time: 1.186513900756836
Epoch: 27, Steps: 29 | Train Loss: 0.0737545 Vali Loss: 0.1215035 Test Loss: 0.0581531
Validation loss decreased (0.122363 --> 0.121503).  Saving model ...
Updating learning rate to 9.769873204843885e-06
Epoch: 28 cost time: 1.1927719116210938
Epoch: 28, Steps: 29 | Train Loss: 0.0730118 Vali Loss: 0.1206006 Test Loss: 0.0576168
Validation loss decreased (0.121503 --> 0.120601).  Saving model ...
Updating learning rate to 9.898449090606656e-06
Epoch: 29 cost time: 1.1882708072662354
Epoch: 29, Steps: 29 | Train Loss: 0.0722981 Vali Loss: 0.1196477 Test Loss: 0.0570002
Validation loss decreased (0.120601 --> 0.119648).  Saving model ...
Updating learning rate to 9.975429350802846e-06
Epoch: 30 cost time: 1.1797411441802979
Epoch: 30, Steps: 29 | Train Loss: 0.0716175 Vali Loss: 0.1187221 Test Loss: 0.0564529
Validation loss decreased (0.119648 --> 0.118722).  Saving model ...
Updating learning rate to 9.99999401249548e-06
Epoch: 31 cost time: 1.1888508796691895
Epoch: 31, Steps: 29 | Train Loss: 0.0709314 Vali Loss: 0.1177708 Test Loss: 0.0561684
Validation loss decreased (0.118722 --> 0.117771).  Saving model ...
Updating learning rate to 9.994612212745642e-06
Epoch: 32 cost time: 1.1885206699371338
Epoch: 32, Steps: 29 | Train Loss: 0.0702252 Vali Loss: 0.1179825 Test Loss: 0.0553302
EarlyStopping counter: 1 out of 10
Updating learning rate to 9.979171968972798e-06
Epoch: 33 cost time: 1.184154987335205
Epoch: 33, Steps: 29 | Train Loss: 0.0694796 Vali Loss: 0.1165320 Test Loss: 0.0549763
Validation loss decreased (0.117771 --> 0.116532).  Saving model ...
Updating learning rate to 9.953704375773079e-06
Epoch: 34 cost time: 1.1826815605163574
Epoch: 34, Steps: 29 | Train Loss: 0.0687991 Vali Loss: 0.1157436 Test Loss: 0.0545786
Validation loss decreased (0.116532 --> 0.115744).  Saving model ...
Updating learning rate to 9.918260721489893e-06
Epoch: 35 cost time: 1.1865627765655518
Epoch: 35, Steps: 29 | Train Loss: 0.0681867 Vali Loss: 0.1155453 Test Loss: 0.0538944
Validation loss decreased (0.115744 --> 0.115545).  Saving model ...
Updating learning rate to 9.872912384926035e-06
Epoch: 36 cost time: 1.1816258430480957
Epoch: 36, Steps: 29 | Train Loss: 0.0675073 Vali Loss: 0.1146313 Test Loss: 0.0534662
Validation loss decreased (0.115545 --> 0.114631).  Saving model ...
Updating learning rate to 9.817750691596265e-06
Epoch: 37 cost time: 1.1806774139404297
Epoch: 37, Steps: 29 | Train Loss: 0.0668144 Vali Loss: 0.1139680 Test Loss: 0.0529851
Validation loss decreased (0.114631 --> 0.113968).  Saving model ...
Updating learning rate to 9.752886729809889e-06
Epoch: 38 cost time: 1.1908743381500244
Epoch: 38, Steps: 29 | Train Loss: 0.0661553 Vali Loss: 0.1135850 Test Loss: 0.0527354
Validation loss decreased (0.113968 --> 0.113585).  Saving model ...
Updating learning rate to 9.678451126953676e-06
Epoch: 39 cost time: 1.1872787475585938
Epoch: 39, Steps: 29 | Train Loss: 0.0655670 Vali Loss: 0.1124585 Test Loss: 0.0524164
Validation loss decreased (0.113585 --> 0.112459).  Saving model ...
Updating learning rate to 9.594593786425696e-06
Epoch: 40 cost time: 1.183669090270996
Epoch: 40, Steps: 29 | Train Loss: 0.0649116 Vali Loss: 0.1122659 Test Loss: 0.0517253
Validation loss decreased (0.112459 --> 0.112266).  Saving model ...
Updating learning rate to 9.501483585749811e-06
Epoch: 41 cost time: 1.1850898265838623
Epoch: 41, Steps: 29 | Train Loss: 0.0642796 Vali Loss: 0.1112531 Test Loss: 0.0514670
Validation loss decreased (0.112266 --> 0.111253).  Saving model ...
Updating learning rate to 9.399308036478838e-06
Epoch: 42 cost time: 1.1852219104766846
Epoch: 42, Steps: 29 | Train Loss: 0.0637115 Vali Loss: 0.1103971 Test Loss: 0.0511052
Validation loss decreased (0.111253 --> 0.110397).  Saving model ...
Updating learning rate to 9.288272906571216e-06
Epoch: 43 cost time: 1.1914997100830078
Epoch: 43, Steps: 29 | Train Loss: 0.0630890 Vali Loss: 0.1103979 Test Loss: 0.0505643
EarlyStopping counter: 1 out of 10
Updating learning rate to 9.16860180600173e-06
Epoch: 44 cost time: 1.182997226715088
Epoch: 44, Steps: 29 | Train Loss: 0.0625399 Vali Loss: 0.1089853 Test Loss: 0.0503980
Validation loss decreased (0.110397 --> 0.108985).  Saving model ...
Updating learning rate to 9.040535736440785e-06
Epoch: 45 cost time: 1.198768138885498
Epoch: 45, Steps: 29 | Train Loss: 0.0619152 Vali Loss: 0.1089124 Test Loss: 0.0498421
Validation loss decreased (0.108985 --> 0.108912).  Saving model ...
Updating learning rate to 8.904332605909106e-06
Epoch: 46 cost time: 1.1880838871002197
Epoch: 46, Steps: 29 | Train Loss: 0.0613160 Vali Loss: 0.1074726 Test Loss: 0.0498817
Validation loss decreased (0.108912 --> 0.107473).  Saving model ...
Updating learning rate to 8.760266709385311e-06
Epoch: 47 cost time: 1.1864526271820068
Epoch: 47, Steps: 29 | Train Loss: 0.0606875 Vali Loss: 0.1067993 Test Loss: 0.0493987
Validation loss decreased (0.107473 --> 0.106799).  Saving model ...
Updating learning rate to 8.608628176412335e-06
Epoch: 48 cost time: 1.183741807937622
Epoch: 48, Steps: 29 | Train Loss: 0.0601578 Vali Loss: 0.1060750 Test Loss: 0.0491319
Validation loss decreased (0.106799 --> 0.106075).  Saving model ...
Updating learning rate to 8.449722386815127e-06
Epoch: 49 cost time: 1.1809837818145752
Epoch: 49, Steps: 29 | Train Loss: 0.0595778 Vali Loss: 0.1052480 Test Loss: 0.0489090
Validation loss decreased (0.106075 --> 0.105248).  Saving model ...
Updating learning rate to 8.28386935570634e-06
Epoch: 50 cost time: 1.1890513896942139
Epoch: 50, Steps: 29 | Train Loss: 0.0590560 Vali Loss: 0.1047581 Test Loss: 0.0485330
Validation loss decreased (0.105248 --> 0.104758).  Saving model ...
Updating learning rate to 8.111403089018465e-06
Epoch: 51 cost time: 1.182236671447754
Epoch: 51, Steps: 29 | Train Loss: 0.0585149 Vali Loss: 0.1039486 Test Loss: 0.0482170
Validation loss decreased (0.104758 --> 0.103949).  Saving model ...
Updating learning rate to 7.93267091086035e-06
Epoch: 52 cost time: 1.1909878253936768
Epoch: 52, Steps: 29 | Train Loss: 0.0580090 Vali Loss: 0.1035198 Test Loss: 0.0475906
Validation loss decreased (0.103949 --> 0.103520).  Saving model ...
Updating learning rate to 7.748032764052655e-06
Epoch: 53 cost time: 1.1901161670684814
Epoch: 53, Steps: 29 | Train Loss: 0.0574841 Vali Loss: 0.1027859 Test Loss: 0.0473798
Validation loss decreased (0.103520 --> 0.102786).  Saving model ...
Updating learning rate to 7.557860485250925e-06
Epoch: 54 cost time: 1.187563419342041
Epoch: 54, Steps: 29 | Train Loss: 0.0569807 Vali Loss: 0.1018830 Test Loss: 0.0472092
Validation loss decreased (0.102786 --> 0.101883).  Saving model ...
Updating learning rate to 7.362537056116034e-06
Epoch: 55 cost time: 1.1818954944610596
Epoch: 55, Steps: 29 | Train Loss: 0.0564430 Vali Loss: 0.1010205 Test Loss: 0.0468476
Validation loss decreased (0.101883 --> 0.101020).  Saving model ...
Updating learning rate to 7.162455832040107e-06
Epoch: 56 cost time: 1.1882500648498535
Epoch: 56, Steps: 29 | Train Loss: 0.0559185 Vali Loss: 0.1003132 Test Loss: 0.0465268
Validation loss decreased (0.101020 --> 0.100313).  Saving model ...
Updating learning rate to 6.9580197499810984e-06
Epoch: 57 cost time: 1.182889699935913
Epoch: 57, Steps: 29 | Train Loss: 0.0554338 Vali Loss: 0.0992468 Test Loss: 0.0463704
Validation loss decreased (0.100313 --> 0.099247).  Saving model ...
Updating learning rate to 6.7496405170013816e-06
Epoch: 58 cost time: 1.1862702369689941
Epoch: 58, Steps: 29 | Train Loss: 0.0549938 Vali Loss: 0.0998903 Test Loss: 0.0456918
EarlyStopping counter: 1 out of 10
Updating learning rate to 6.537737781144523e-06
Epoch: 59 cost time: 1.1801178455352783
Epoch: 59, Steps: 29 | Train Loss: 0.0544779 Vali Loss: 0.0984189 Test Loss: 0.0454624
Validation loss decreased (0.099247 --> 0.098419).  Saving model ...
Updating learning rate to 6.322738286319964e-06
Epoch: 60 cost time: 1.1874380111694336
Epoch: 60, Steps: 29 | Train Loss: 0.0539455 Vali Loss: 0.0973492 Test Loss: 0.0452099
Validation loss decreased (0.098419 --> 0.097349).  Saving model ...
Updating learning rate to 6.105075012897585e-06
Epoch: 61 cost time: 1.1918349266052246
Epoch: 61, Steps: 29 | Train Loss: 0.0535411 Vali Loss: 0.0971630 Test Loss: 0.0447435
Validation loss decreased (0.097349 --> 0.097163).  Saving model ...
Updating learning rate to 5.885186305742857e-06
Epoch: 62 cost time: 1.1871111392974854
Epoch: 62, Steps: 29 | Train Loss: 0.0530999 Vali Loss: 0.0961229 Test Loss: 0.0445865
Validation loss decreased (0.097163 --> 0.096123).  Saving model ...
Updating learning rate to 5.6635149914486225e-06
Epoch: 63 cost time: 1.1872918605804443
Epoch: 63, Steps: 29 | Train Loss: 0.0525886 Vali Loss: 0.0951694 Test Loss: 0.0443573
Validation loss decreased (0.096123 --> 0.095169).  Saving model ...
Updating learning rate to 5.440507486541268e-06
Epoch: 64 cost time: 1.1849424839019775
Epoch: 64, Steps: 29 | Train Loss: 0.0521465 Vali Loss: 0.0946827 Test Loss: 0.0440174
Validation loss decreased (0.095169 --> 0.094683).  Saving model ...
Updating learning rate to 5.216612898457253e-06
Epoch: 65 cost time: 1.1837291717529297
Epoch: 65, Steps: 29 | Train Loss: 0.0516920 Vali Loss: 0.0941086 Test Loss: 0.0436427
Validation loss decreased (0.094683 --> 0.094109).  Saving model ...
Updating learning rate to 4.992282121100496e-06
Epoch: 66 cost time: 1.1849830150604248
Epoch: 66, Steps: 29 | Train Loss: 0.0513059 Vali Loss: 0.0933306 Test Loss: 0.0433196
Validation loss decreased (0.094109 --> 0.093331).  Saving model ...
Updating learning rate to 4.767966926802067e-06
Epoch: 67 cost time: 1.1872870922088623
Epoch: 67, Steps: 29 | Train Loss: 0.0509045 Vali Loss: 0.0930277 Test Loss: 0.0429651
Validation loss decreased (0.093331 --> 0.093028).  Saving model ...
Updating learning rate to 4.5441190565108235e-06
Epoch: 68 cost time: 1.1847875118255615
Epoch: 68, Steps: 29 | Train Loss: 0.0504677 Vali Loss: 0.0917379 Test Loss: 0.0428710
Validation loss decreased (0.093028 --> 0.091738).  Saving model ...
Updating learning rate to 4.3211893100472735e-06
Epoch: 69 cost time: 1.188391923904419
Epoch: 69, Steps: 29 | Train Loss: 0.0500605 Vali Loss: 0.0904719 Test Loss: 0.0426574
Validation loss decreased (0.091738 --> 0.090472).  Saving model ...
Updating learning rate to 4.099626638252712e-06
Epoch: 70 cost time: 1.1978645324707031
Epoch: 70, Steps: 29 | Train Loss: 0.0496480 Vali Loss: 0.0904580 Test Loss: 0.0422145
Validation loss decreased (0.090472 --> 0.090458).  Saving model ...
Updating learning rate to 3.879877238861997e-06
Epoch: 71 cost time: 1.1849684715270996
Epoch: 71, Steps: 29 | Train Loss: 0.0492076 Vali Loss: 0.0898750 Test Loss: 0.0418927
Validation loss decreased (0.090458 --> 0.089875).  Saving model ...
Updating learning rate to 3.662383657920668e-06
Epoch: 72 cost time: 1.1820340156555176
Epoch: 72, Steps: 29 | Train Loss: 0.0488061 Vali Loss: 0.0892156 Test Loss: 0.0415531
Validation loss decreased (0.089875 --> 0.089216).  Saving model ...
Updating learning rate to 3.447583898556124e-06
Epoch: 73 cost time: 1.1839191913604736
Epoch: 73, Steps: 29 | Train Loss: 0.0484362 Vali Loss: 0.0883379 Test Loss: 0.0413383
Validation loss decreased (0.089216 --> 0.088338).  Saving model ...
Updating learning rate to 3.2359105388976132e-06
Epoch: 74 cost time: 1.1905114650726318
Epoch: 74, Steps: 29 | Train Loss: 0.0480497 Vali Loss: 0.0883332 Test Loss: 0.0408771
Validation loss decreased (0.088338 --> 0.088333).  Saving model ...
Updating learning rate to 3.027789860921434e-06
Epoch: 75 cost time: 1.1883070468902588
Epoch: 75, Steps: 29 | Train Loss: 0.0476399 Vali Loss: 0.0869707 Test Loss: 0.0407675
Validation loss decreased (0.088333 --> 0.086971).  Saving model ...
Updating learning rate to 2.8236409919757893e-06
Epoch: 76 cost time: 1.1791481971740723
Epoch: 76, Steps: 29 | Train Loss: 0.0472325 Vali Loss: 0.0863899 Test Loss: 0.0403857
Validation loss decreased (0.086971 --> 0.086390).  Saving model ...
Updating learning rate to 2.6238750607140637e-06
Epoch: 77 cost time: 1.183992862701416
Epoch: 77, Steps: 29 | Train Loss: 0.0468898 Vali Loss: 0.0858376 Test Loss: 0.0401137
Validation loss decreased (0.086390 --> 0.085838).  Saving model ...
Updating learning rate to 2.4288943691364434e-06
Epoch: 78 cost time: 1.1886975765228271
Epoch: 78, Steps: 29 | Train Loss: 0.0465291 Vali Loss: 0.0850689 Test Loss: 0.0398126
Validation loss decreased (0.085838 --> 0.085069).  Saving model ...
Updating learning rate to 2.2390915824072217e-06
Epoch: 79 cost time: 1.1832141876220703
Epoch: 79, Steps: 29 | Train Loss: 0.0461596 Vali Loss: 0.0844258 Test Loss: 0.0395727
Validation loss decreased (0.085069 --> 0.084426).  Saving model ...
Updating learning rate to 2.0548489380794217e-06
Epoch: 80 cost time: 1.1852993965148926
Epoch: 80, Steps: 29 | Train Loss: 0.0457980 Vali Loss: 0.0839947 Test Loss: 0.0392493
Validation loss decreased (0.084426 --> 0.083995).  Saving model ...
Updating learning rate to 1.876537476319218e-06
Epoch: 81 cost time: 1.1769418716430664
Epoch: 81, Steps: 29 | Train Loss: 0.0454933 Vali Loss: 0.0835631 Test Loss: 0.0391941
Validation loss decreased (0.083995 --> 0.083563).  Saving model ...
Updating learning rate to 1.7045162926804444e-06
Epoch: 82 cost time: 1.187577486038208
Epoch: 82, Steps: 29 | Train Loss: 0.0454546 Vali Loss: 0.0834413 Test Loss: 0.0391968
Validation loss decreased (0.083563 --> 0.083441).  Saving model ...
Updating learning rate to 1.5391318149339123e-06
Epoch: 83 cost time: 1.1930584907531738
Epoch: 83, Steps: 29 | Train Loss: 0.0454241 Vali Loss: 0.0834010 Test Loss: 0.0392662
Validation loss decreased (0.083441 --> 0.083401).  Saving model ...
Updating learning rate to 1.3807171054080036e-06
Epoch: 84 cost time: 1.1913361549377441
Epoch: 84, Steps: 29 | Train Loss: 0.0454236 Vali Loss: 0.0835869 Test Loss: 0.0391848
EarlyStopping counter: 1 out of 10
Updating learning rate to 1.2295911902454577e-06
Epoch: 85 cost time: 1.1883418560028076
Epoch: 85, Steps: 29 | Train Loss: 0.0454413 Vali Loss: 0.0836261 Test Loss: 0.0391823
EarlyStopping counter: 2 out of 10
Updating learning rate to 1.0860584169271784e-06
Epoch: 86 cost time: 1.1813552379608154
Epoch: 86, Steps: 29 | Train Loss: 0.0454220 Vali Loss: 0.0834966 Test Loss: 0.0392091
EarlyStopping counter: 3 out of 10
Updating learning rate to 9.504078413569088e-07
Epoch: 87 cost time: 1.1778945922851562
Epoch: 87, Steps: 29 | Train Loss: 0.0454227 Vali Loss: 0.0836829 Test Loss: 0.0391751
EarlyStopping counter: 4 out of 10
Updating learning rate to 8.229126457411124e-07
Epoch: 88 cost time: 1.1798121929168701
Epoch: 88, Steps: 29 | Train Loss: 0.0454202 Vali Loss: 0.0836375 Test Loss: 0.0391921
EarlyStopping counter: 5 out of 10
Updating learning rate to 7.038295884363647e-07
Epoch: 89 cost time: 1.1816065311431885
Epoch: 89, Steps: 29 | Train Loss: 0.0454375 Vali Loss: 0.0839265 Test Loss: 0.0392218
EarlyStopping counter: 6 out of 10
Updating learning rate to 5.933984868721898e-07
Epoch: 90 cost time: 1.181197166442871
Epoch: 90, Steps: 29 | Train Loss: 0.0454139 Vali Loss: 0.0836217 Test Loss: 0.0392225
EarlyStopping counter: 7 out of 10
Updating learning rate to 4.918417345906772e-07
Epoch: 91 cost time: 1.1825509071350098
Epoch: 91, Steps: 29 | Train Loss: 0.0454005 Vali Loss: 0.0836123 Test Loss: 0.0391966
EarlyStopping counter: 8 out of 10
Updating learning rate to 3.9936385337548097e-07
Epoch: 92 cost time: 1.181854248046875
Epoch: 92, Steps: 29 | Train Loss: 0.0454023 Vali Loss: 0.0835923 Test Loss: 0.0392269
EarlyStopping counter: 9 out of 10
Updating learning rate to 3.161510813721721e-07
Epoch: 93 cost time: 1.1885106563568115
Epoch: 93, Steps: 29 | Train Loss: 0.0453972 Vali Loss: 0.0838287 Test Loss: 0.0391921
EarlyStopping counter: 10 out of 10
Early stopping
>>>>>>>testing : ETTh1_336_720_DTFNet_ETTh1_ftM_sl336_ll0_pl720_dm128_nh16_el2_br2_dl1_df256_fc1_ebtimeF_dtTrue_'Exp'_0_'rel_sin'_16_8_16,24_8,12_3_1_256<<<<<<<<<<<<<<<<<<<<<<<<<<<<<<<<<
test 2161
mse:0.4123584032058716, mae:0.43946459889411926, rse:0.6167689561843872
