Args in experiment:
Namespace(is_training=1, model_id='ETTh1_336_720', model='DTFNet', data='ETTh1', root_path='./dataset/', data_path='ETTh1.csv', features='M', target='OT', freq='h', checkpoints='./checkpoints/', seq_len=336, label_len=0, pred_len=720, n_branches=2, patch_len_ls='16,24', stride_ls='8,12', d_model_ls='128', n_heads_ls='16', rel_pe="'rel_sin'", res_attn=False, head_type='flatten', fc_dropout=0.3, head_dropout=0.1, patch_len=16, stride=8, padding_patch="'end'", revin=1, affine=0, subtract_last=0, decomposition=0, kernel_size=25, individual=0, store_attn=False, pre_norm=False, pe='zeros', no_learn_pe=True, embed_type=0, enc_in=7, dec_in=7, c_out=7, d_model=128, n_heads=16, e_layers=2, d_layers=1, d_ff=256, moving_avg=25, factor=1, distil=True, dropout=0.3, embed='timeF', activation='gelu', output_attention=False, do_predict=False, num_workers=0, itr=1, train_epochs=100, batch_size=256, patience=10, learning_rate=1e-05, des="'Exp'", loss='mse', lradj='TST', pct_start=0.3, use_amp=False, l2=0.0, warmup_steps=0, use_gpu=True, gpu=0, use_multi_gpu=False, devices='0', test_flop=False, use_mlflow=False, mlflow_project='exp', loss_flag=2, sub_patch_len=16, sub_stride=8, stride_ls_list='16', model_type='linear', tfactor=3, dilation_rates='1', wavelet_layers=2, wavelet_type='db5', wavelet_mode='periodization', wavelet_dim=64, initTLV=0.2)
Use GPU: cuda:0
>>>>>>>start training : ETTh1_336_720_DTFNet_ETTh1_ftM_sl336_ll0_pl720_dm128_nh16_el2_br2_dl1_df256_fc1_ebtimeF_dtTrue_'Exp'_0_'rel_sin'_16_8_16,24_8,12_3_1_256>>>>>>>>>>>>>>>>>>>>>>>>>>
train 7585
val 2161
test 2161
Epoch: 1 cost time: 1.5481476783752441
Epoch: 1, Steps: 29 | Train Loss: 0.1076001 Vali Loss: 0.1789167 Test Loss: 0.0997840
Validation loss decreased (inf --> 0.178917).  Saving model ...
Updating learning rate to 4.2635539919063106e-07
Epoch: 2 cost time: 1.173431158065796
Epoch: 2, Steps: 29 | Train Loss: 0.1067470 Vali Loss: 0.1773054 Test Loss: 0.0989692
Validation loss decreased (0.178917 --> 0.177305).  Saving model ...
Updating learning rate to 5.051321771514831e-07
Epoch: 3 cost time: 1.1803574562072754
Epoch: 3, Steps: 29 | Train Loss: 0.1058779 Vali Loss: 0.1760062 Test Loss: 0.0980887
Validation loss decreased (0.177305 --> 0.176006).  Saving model ...
Updating learning rate to 6.354652532866785e-07
Epoch: 4 cost time: 1.1795845031738281
Epoch: 4, Steps: 29 | Train Loss: 0.1049027 Vali Loss: 0.1740487 Test Loss: 0.0971460
Validation loss decreased (0.176006 --> 0.174049).  Saving model ...
Updating learning rate to 8.159233858256806e-07
Epoch: 5 cost time: 1.1802213191986084
Epoch: 5, Steps: 29 | Train Loss: 0.1040247 Vali Loss: 0.1723862 Test Loss: 0.0961378
Validation loss decreased (0.174049 --> 0.172386).  Saving model ...
Updating learning rate to 1.0445248888850473e-06
Epoch: 6 cost time: 1.172034740447998
Epoch: 6, Steps: 29 | Train Loss: 0.1030808 Vali Loss: 0.1706418 Test Loss: 0.0950151
Validation loss decreased (0.172386 --> 0.170642).  Saving model ...
Updating learning rate to 1.3187593941861497e-06
Epoch: 7 cost time: 1.1891906261444092
Epoch: 7, Steps: 29 | Train Loss: 0.1019934 Vali Loss: 0.1683151 Test Loss: 0.0937240
Validation loss decreased (0.170642 --> 0.168315).  Saving model ...
Updating learning rate to 1.6356154184543822e-06
Epoch: 8 cost time: 1.1907844543457031
Epoch: 8, Steps: 29 | Train Loss: 0.1008743 Vali Loss: 0.1658323 Test Loss: 0.0921993
Validation loss decreased (0.168315 --> 0.165832).  Saving model ...
Updating learning rate to 1.9916134337707666e-06
Epoch: 9 cost time: 1.1931507587432861
Epoch: 9, Steps: 29 | Train Loss: 0.0994571 Vali Loss: 0.1632260 Test Loss: 0.0902542
Validation loss decreased (0.165832 --> 0.163226).  Saving model ...
Updating learning rate to 2.3828440777166636e-06
Epoch: 10 cost time: 1.1817290782928467
Epoch: 10, Steps: 29 | Train Loss: 0.0977931 Vali Loss: 0.1592741 Test Loss: 0.0875962
Validation loss decreased (0.163226 --> 0.159274).  Saving model ...
Updating learning rate to 2.805011083710071e-06
Epoch: 11 cost time: 1.1787827014923096
Epoch: 11, Steps: 29 | Train Loss: 0.0956669 Vali Loss: 0.1545147 Test Loss: 0.0838380
Validation loss decreased (0.159274 --> 0.154515).  Saving model ...
Updating learning rate to 3.2534784600976295e-06
Epoch: 12 cost time: 1.1836249828338623
Epoch: 12, Steps: 29 | Train Loss: 0.0930921 Vali Loss: 0.1481031 Test Loss: 0.0791864
Validation loss decreased (0.154515 --> 0.148103).  Saving model ...
Updating learning rate to 3.723321399909056e-06
Epoch: 13 cost time: 1.184081792831421
Epoch: 13, Steps: 29 | Train Loss: 0.0902856 Vali Loss: 0.1429096 Test Loss: 0.0753687
Validation loss decreased (0.148103 --> 0.142910).  Saving model ...
Updating learning rate to 4.209380362212844e-06
Epoch: 14 cost time: 1.183532953262329
Epoch: 14, Steps: 29 | Train Loss: 0.0882255 Vali Loss: 0.1392603 Test Loss: 0.0734621
Validation loss decreased (0.142910 --> 0.139260).  Saving model ...
Updating learning rate to 4.706317731183279e-06
Epoch: 15 cost time: 1.1651880741119385
Epoch: 15, Steps: 29 | Train Loss: 0.0864292 Vali Loss: 0.1359550 Test Loss: 0.0715289
Validation loss decreased (0.139260 --> 0.135955).  Saving model ...
Updating learning rate to 5.208676430682048e-06
Epoch: 16 cost time: 1.1794400215148926
Epoch: 16, Steps: 29 | Train Loss: 0.0847413 Vali Loss: 0.1335155 Test Loss: 0.0696549
Validation loss decreased (0.135955 --> 0.133516).  Saving model ...
Updating learning rate to 5.710939850683244e-06
Epoch: 17 cost time: 1.1821534633636475
Epoch: 17, Steps: 29 | Train Loss: 0.0832500 Vali Loss: 0.1318833 Test Loss: 0.0677645
Validation loss decreased (0.133516 --> 0.131883).  Saving model ...
Updating learning rate to 6.207592427464792e-06
Epoch: 18 cost time: 1.1730742454528809
Epoch: 18, Steps: 29 | Train Loss: 0.0817854 Vali Loss: 0.1299612 Test Loss: 0.0661718
Validation loss decreased (0.131883 --> 0.129961).  Saving model ...
Updating learning rate to 6.693180212309968e-06
Epoch: 19 cost time: 1.1801388263702393
Epoch: 19, Steps: 29 | Train Loss: 0.0807109 Vali Loss: 0.1286150 Test Loss: 0.0648751
Validation loss decreased (0.129961 --> 0.128615).  Saving model ...
Updating learning rate to 7.1623707635889015e-06
Epoch: 20 cost time: 1.181868553161621
Epoch: 20, Steps: 29 | Train Loss: 0.0796752 Vali Loss: 0.1275862 Test Loss: 0.0640678
Validation loss decreased (0.128615 --> 0.127586).  Saving model ...
Updating learning rate to 7.610011704520164e-06
Epoch: 21 cost time: 1.1822590827941895
Epoch: 21, Steps: 29 | Train Loss: 0.0787649 Vali Loss: 0.1262182 Test Loss: 0.0633797
Validation loss decreased (0.127586 --> 0.126218).  Saving model ...
Updating learning rate to 8.031187303565295e-06
Epoch: 22 cost time: 1.1854276657104492
Epoch: 22, Steps: 29 | Train Loss: 0.0779464 Vali Loss: 0.1255014 Test Loss: 0.0624722
Validation loss decreased (0.126218 --> 0.125501).  Saving model ...
Updating learning rate to 8.421272456123378e-06
Epoch: 23 cost time: 1.1851778030395508
Epoch: 23, Steps: 29 | Train Loss: 0.0770549 Vali Loss: 0.1247941 Test Loss: 0.0617410
Validation loss decreased (0.125501 --> 0.124794).  Saving model ...
Updating learning rate to 8.775983474730246e-06
Epoch: 24 cost time: 1.1622676849365234
Epoch: 24, Steps: 29 | Train Loss: 0.0762253 Vali Loss: 0.1233127 Test Loss: 0.0612872
Validation loss decreased (0.124794 --> 0.123313).  Saving model ...
Updating learning rate to 9.091425130013939e-06
Epoch: 25 cost time: 1.1841950416564941
Epoch: 25, Steps: 29 | Train Loss: 0.0755127 Vali Loss: 0.1223547 Test Loss: 0.0602643
Validation loss decreased (0.123313 --> 0.122355).  Saving model ...
Updating learning rate to 9.364133425830145e-06
Epoch: 26 cost time: 1.1785500049591064
Epoch: 26, Steps: 29 | Train Loss: 0.0747645 Vali Loss: 0.1217421 Test Loss: 0.0598668
Validation loss decreased (0.122355 --> 0.121742).  Saving model ...
Updating learning rate to 9.591113638846019e-06
Epoch: 27 cost time: 1.1770377159118652
Epoch: 27, Steps: 29 | Train Loss: 0.0739334 Vali Loss: 0.1209599 Test Loss: 0.0589717
Validation loss decreased (0.121742 --> 0.120960).  Saving model ...
Updating learning rate to 9.769873204843885e-06
Epoch: 28 cost time: 1.1866750717163086
Epoch: 28, Steps: 29 | Train Loss: 0.0731554 Vali Loss: 0.1199062 Test Loss: 0.0585275
Validation loss decreased (0.120960 --> 0.119906).  Saving model ...
Updating learning rate to 9.898449090606656e-06
Epoch: 29 cost time: 1.1640629768371582
Epoch: 29, Steps: 29 | Train Loss: 0.0723633 Vali Loss: 0.1195255 Test Loss: 0.0578193
Validation loss decreased (0.119906 --> 0.119525).  Saving model ...
Updating learning rate to 9.975429350802846e-06
Epoch: 30 cost time: 1.1905229091644287
Epoch: 30, Steps: 29 | Train Loss: 0.0717010 Vali Loss: 0.1182787 Test Loss: 0.0573094
Validation loss decreased (0.119525 --> 0.118279).  Saving model ...
Updating learning rate to 9.99999401249548e-06
Epoch: 31 cost time: 1.1858303546905518
Epoch: 31, Steps: 29 | Train Loss: 0.0709825 Vali Loss: 0.1184184 Test Loss: 0.0564914
EarlyStopping counter: 1 out of 10
Updating learning rate to 9.994612212745642e-06
Epoch: 32 cost time: 1.1793277263641357
Epoch: 32, Steps: 29 | Train Loss: 0.0702417 Vali Loss: 0.1172920 Test Loss: 0.0563121
Validation loss decreased (0.118279 --> 0.117292).  Saving model ...
Updating learning rate to 9.979171968972798e-06
Epoch: 33 cost time: 1.182065725326538
Epoch: 33, Steps: 29 | Train Loss: 0.0695286 Vali Loss: 0.1168038 Test Loss: 0.0559031
Validation loss decreased (0.117292 --> 0.116804).  Saving model ...
Updating learning rate to 9.953704375773079e-06
Epoch: 34 cost time: 1.1764628887176514
Epoch: 34, Steps: 29 | Train Loss: 0.0688729 Vali Loss: 0.1154423 Test Loss: 0.0559440
Validation loss decreased (0.116804 --> 0.115442).  Saving model ...
Updating learning rate to 9.918260721489893e-06
Epoch: 35 cost time: 1.17930269241333
Epoch: 35, Steps: 29 | Train Loss: 0.0682324 Vali Loss: 0.1148571 Test Loss: 0.0550173
Validation loss decreased (0.115442 --> 0.114857).  Saving model ...
Updating learning rate to 9.872912384926035e-06
Epoch: 36 cost time: 1.1808531284332275
Epoch: 36, Steps: 29 | Train Loss: 0.0674773 Vali Loss: 0.1138520 Test Loss: 0.0546907
Validation loss decreased (0.114857 --> 0.113852).  Saving model ...
Updating learning rate to 9.817750691596265e-06
Epoch: 37 cost time: 1.1773006916046143
Epoch: 37, Steps: 29 | Train Loss: 0.0669151 Vali Loss: 0.1131821 Test Loss: 0.0542901
Validation loss decreased (0.113852 --> 0.113182).  Saving model ...
Updating learning rate to 9.752886729809889e-06
Epoch: 38 cost time: 1.1806890964508057
Epoch: 38, Steps: 29 | Train Loss: 0.0662171 Vali Loss: 0.1128692 Test Loss: 0.0539115
Validation loss decreased (0.113182 --> 0.112869).  Saving model ...
Updating learning rate to 9.678451126953676e-06
Epoch: 39 cost time: 1.1774911880493164
Epoch: 39, Steps: 29 | Train Loss: 0.0655870 Vali Loss: 0.1120095 Test Loss: 0.0539652
Validation loss decreased (0.112869 --> 0.112009).  Saving model ...
Updating learning rate to 9.594593786425696e-06
Epoch: 40 cost time: 1.1831626892089844
Epoch: 40, Steps: 29 | Train Loss: 0.0649914 Vali Loss: 0.1120479 Test Loss: 0.0528442
EarlyStopping counter: 1 out of 10
Updating learning rate to 9.501483585749811e-06
Epoch: 41 cost time: 1.174039602279663
Epoch: 41, Steps: 29 | Train Loss: 0.0643298 Vali Loss: 0.1110173 Test Loss: 0.0527515
Validation loss decreased (0.112009 --> 0.111017).  Saving model ...
Updating learning rate to 9.399308036478838e-06
Epoch: 42 cost time: 1.1863055229187012
Epoch: 42, Steps: 29 | Train Loss: 0.0637078 Vali Loss: 0.1109271 Test Loss: 0.0520003
Validation loss decreased (0.111017 --> 0.110927).  Saving model ...
Updating learning rate to 9.288272906571216e-06
Epoch: 43 cost time: 1.1578969955444336
Epoch: 43, Steps: 29 | Train Loss: 0.0630961 Vali Loss: 0.1094366 Test Loss: 0.0519081
Validation loss decreased (0.110927 --> 0.109437).  Saving model ...
Updating learning rate to 9.16860180600173e-06
Epoch: 44 cost time: 1.1782877445220947
Epoch: 44, Steps: 29 | Train Loss: 0.0625230 Vali Loss: 0.1089038 Test Loss: 0.0515334
Validation loss decreased (0.109437 --> 0.108904).  Saving model ...
Updating learning rate to 9.040535736440785e-06
Epoch: 45 cost time: 1.1797294616699219
Epoch: 45, Steps: 29 | Train Loss: 0.0619118 Vali Loss: 0.1081478 Test Loss: 0.0509444
Validation loss decreased (0.108904 --> 0.108148).  Saving model ...
Updating learning rate to 8.904332605909106e-06
Epoch: 46 cost time: 1.1771540641784668
Epoch: 46, Steps: 29 | Train Loss: 0.0613356 Vali Loss: 0.1073051 Test Loss: 0.0506738
Validation loss decreased (0.108148 --> 0.107305).  Saving model ...
Updating learning rate to 8.760266709385311e-06
Epoch: 47 cost time: 1.173461675643921
Epoch: 47, Steps: 29 | Train Loss: 0.0607582 Vali Loss: 0.1068975 Test Loss: 0.0506089
Validation loss decreased (0.107305 --> 0.106897).  Saving model ...
Updating learning rate to 8.608628176412335e-06
Epoch: 48 cost time: 1.1783931255340576
Epoch: 48, Steps: 29 | Train Loss: 0.0601872 Vali Loss: 0.1064296 Test Loss: 0.0500247
Validation loss decreased (0.106897 --> 0.106430).  Saving model ...
Updating learning rate to 8.449722386815127e-06
Epoch: 49 cost time: 1.1740703582763672
Epoch: 49, Steps: 29 | Train Loss: 0.0596844 Vali Loss: 0.1056905 Test Loss: 0.0496022
Validation loss decreased (0.106430 --> 0.105690).  Saving model ...
Updating learning rate to 8.28386935570634e-06
Epoch: 50 cost time: 1.1774406433105469
Epoch: 50, Steps: 29 | Train Loss: 0.0590660 Vali Loss: 0.1045171 Test Loss: 0.0494881
Validation loss decreased (0.105690 --> 0.104517).  Saving model ...
Updating learning rate to 8.111403089018465e-06
Epoch: 51 cost time: 1.174623727798462
Epoch: 51, Steps: 29 | Train Loss: 0.0585630 Vali Loss: 0.1036519 Test Loss: 0.0491271
Validation loss decreased (0.104517 --> 0.103652).  Saving model ...
Updating learning rate to 7.93267091086035e-06
Epoch: 52 cost time: 1.1756391525268555
Epoch: 52, Steps: 29 | Train Loss: 0.0580492 Vali Loss: 0.1028255 Test Loss: 0.0490521
Validation loss decreased (0.103652 --> 0.102825).  Saving model ...
Updating learning rate to 7.748032764052655e-06
Epoch: 53 cost time: 1.179943323135376
Epoch: 53, Steps: 29 | Train Loss: 0.0575282 Vali Loss: 0.1019541 Test Loss: 0.0485272
Validation loss decreased (0.102825 --> 0.101954).  Saving model ...
Updating learning rate to 7.557860485250925e-06
Epoch: 54 cost time: 1.177198886871338
Epoch: 54, Steps: 29 | Train Loss: 0.0570029 Vali Loss: 0.1011288 Test Loss: 0.0483086
Validation loss decreased (0.101954 --> 0.101129).  Saving model ...
Updating learning rate to 7.362537056116034e-06
Epoch: 55 cost time: 1.1776926517486572
Epoch: 55, Steps: 29 | Train Loss: 0.0565187 Vali Loss: 0.1010426 Test Loss: 0.0478747
Validation loss decreased (0.101129 --> 0.101043).  Saving model ...
Updating learning rate to 7.162455832040107e-06
Epoch: 56 cost time: 1.177995204925537
Epoch: 56, Steps: 29 | Train Loss: 0.0559923 Vali Loss: 0.0998847 Test Loss: 0.0475554
Validation loss decreased (0.101043 --> 0.099885).  Saving model ...
Updating learning rate to 6.9580197499810984e-06
Epoch: 57 cost time: 1.1769568920135498
Epoch: 57, Steps: 29 | Train Loss: 0.0555098 Vali Loss: 0.0995460 Test Loss: 0.0471657
Validation loss decreased (0.099885 --> 0.099546).  Saving model ...
Updating learning rate to 6.7496405170013816e-06
Epoch: 58 cost time: 1.1748173236846924
Epoch: 58, Steps: 29 | Train Loss: 0.0550502 Vali Loss: 0.0989265 Test Loss: 0.0467848
Validation loss decreased (0.099546 --> 0.098926).  Saving model ...
Updating learning rate to 6.537737781144523e-06
Epoch: 59 cost time: 1.1836681365966797
Epoch: 59, Steps: 29 | Train Loss: 0.0546147 Vali Loss: 0.0980397 Test Loss: 0.0464930
Validation loss decreased (0.098926 --> 0.098040).  Saving model ...
Updating learning rate to 6.322738286319964e-06
Epoch: 60 cost time: 1.1781187057495117
Epoch: 60, Steps: 29 | Train Loss: 0.0540892 Vali Loss: 0.0972507 Test Loss: 0.0461609
Validation loss decreased (0.098040 --> 0.097251).  Saving model ...
Updating learning rate to 6.105075012897585e-06
Epoch: 61 cost time: 1.1596651077270508
Epoch: 61, Steps: 29 | Train Loss: 0.0536334 Vali Loss: 0.0958233 Test Loss: 0.0460429
Validation loss decreased (0.097251 --> 0.095823).  Saving model ...
Updating learning rate to 5.885186305742857e-06
Epoch: 62 cost time: 1.1802599430084229
Epoch: 62, Steps: 29 | Train Loss: 0.0531811 Vali Loss: 0.0956727 Test Loss: 0.0455431
Validation loss decreased (0.095823 --> 0.095673).  Saving model ...
Updating learning rate to 5.6635149914486225e-06
Epoch: 63 cost time: 1.1785366535186768
Epoch: 63, Steps: 29 | Train Loss: 0.0527018 Vali Loss: 0.0945463 Test Loss: 0.0455196
Validation loss decreased (0.095673 --> 0.094546).  Saving model ...
Updating learning rate to 5.440507486541268e-06
Epoch: 64 cost time: 1.1792075634002686
Epoch: 64, Steps: 29 | Train Loss: 0.0522835 Vali Loss: 0.0941452 Test Loss: 0.0449941
Validation loss decreased (0.094546 --> 0.094145).  Saving model ...
Updating learning rate to 5.216612898457253e-06
Epoch: 65 cost time: 1.1726171970367432
Epoch: 65, Steps: 29 | Train Loss: 0.0518326 Vali Loss: 0.0931858 Test Loss: 0.0448344
Validation loss decreased (0.094145 --> 0.093186).  Saving model ...
Updating learning rate to 4.992282121100496e-06
Epoch: 66 cost time: 1.161207675933838
Epoch: 66, Steps: 29 | Train Loss: 0.0513975 Vali Loss: 0.0929688 Test Loss: 0.0443195
Validation loss decreased (0.093186 --> 0.092969).  Saving model ...
Updating learning rate to 4.767966926802067e-06
Epoch: 67 cost time: 1.17698335647583
Epoch: 67, Steps: 29 | Train Loss: 0.0509342 Vali Loss: 0.0924618 Test Loss: 0.0439767
Validation loss decreased (0.092969 --> 0.092462).  Saving model ...
Updating learning rate to 4.5441190565108235e-06
Epoch: 68 cost time: 1.1833038330078125
Epoch: 68, Steps: 29 | Train Loss: 0.0505532 Vali Loss: 0.0920359 Test Loss: 0.0433900
Validation loss decreased (0.092462 --> 0.092036).  Saving model ...
Updating learning rate to 4.3211893100472735e-06
Epoch: 69 cost time: 1.178663730621338
Epoch: 69, Steps: 29 | Train Loss: 0.0501275 Vali Loss: 0.0904073 Test Loss: 0.0434672
Validation loss decreased (0.092036 --> 0.090407).  Saving model ...
Updating learning rate to 4.099626638252712e-06
Epoch: 70 cost time: 1.1760566234588623
Epoch: 70, Steps: 29 | Train Loss: 0.0497274 Vali Loss: 0.0903002 Test Loss: 0.0429412
Validation loss decreased (0.090407 --> 0.090300).  Saving model ...
Updating learning rate to 3.879877238861997e-06
Epoch: 71 cost time: 1.1794588565826416
Epoch: 71, Steps: 29 | Train Loss: 0.0492842 Vali Loss: 0.0896310 Test Loss: 0.0426342
Validation loss decreased (0.090300 --> 0.089631).  Saving model ...
Updating learning rate to 3.662383657920668e-06
Epoch: 72 cost time: 1.1777071952819824
Epoch: 72, Steps: 29 | Train Loss: 0.0489017 Vali Loss: 0.0884171 Test Loss: 0.0425319
Validation loss decreased (0.089631 --> 0.088417).  Saving model ...
Updating learning rate to 3.447583898556124e-06
Epoch: 73 cost time: 1.1778607368469238
Epoch: 73, Steps: 29 | Train Loss: 0.0484931 Vali Loss: 0.0882557 Test Loss: 0.0421169
Validation loss decreased (0.088417 --> 0.088256).  Saving model ...
Updating learning rate to 3.2359105388976132e-06
Epoch: 74 cost time: 1.1758201122283936
Epoch: 74, Steps: 29 | Train Loss: 0.0480959 Vali Loss: 0.0872206 Test Loss: 0.0418973
Validation loss decreased (0.088256 --> 0.087221).  Saving model ...
Updating learning rate to 3.027789860921434e-06
Epoch: 75 cost time: 1.1838693618774414
Epoch: 75, Steps: 29 | Train Loss: 0.0477766 Vali Loss: 0.0867736 Test Loss: 0.0414759
Validation loss decreased (0.087221 --> 0.086774).  Saving model ...
Updating learning rate to 2.8236409919757893e-06
Epoch: 76 cost time: 1.1769053936004639
Epoch: 76, Steps: 29 | Train Loss: 0.0473423 Vali Loss: 0.0865234 Test Loss: 0.0411473
Validation loss decreased (0.086774 --> 0.086523).  Saving model ...
Updating learning rate to 2.6238750607140637e-06
Epoch: 77 cost time: 1.1804149150848389
Epoch: 77, Steps: 29 | Train Loss: 0.0469855 Vali Loss: 0.0854066 Test Loss: 0.0409046
Validation loss decreased (0.086523 --> 0.085407).  Saving model ...
Updating learning rate to 2.4288943691364434e-06
Epoch: 78 cost time: 1.176480770111084
Epoch: 78, Steps: 29 | Train Loss: 0.0466134 Vali Loss: 0.0849797 Test Loss: 0.0405881
Validation loss decreased (0.085407 --> 0.084980).  Saving model ...
Updating learning rate to 2.2390915824072217e-06
Epoch: 79 cost time: 1.1815319061279297
Epoch: 79, Steps: 29 | Train Loss: 0.0462409 Vali Loss: 0.0839157 Test Loss: 0.0403369
Validation loss decreased (0.084980 --> 0.083916).  Saving model ...
Updating learning rate to 2.0548489380794217e-06
Epoch: 80 cost time: 1.1522045135498047
Epoch: 80, Steps: 29 | Train Loss: 0.0458227 Vali Loss: 0.0834456 Test Loss: 0.0400509
Validation loss decreased (0.083916 --> 0.083446).  Saving model ...
Updating learning rate to 1.876537476319218e-06
Epoch: 81 cost time: 1.175600290298462
Epoch: 81, Steps: 29 | Train Loss: 0.0455579 Vali Loss: 0.0832649 Test Loss: 0.0398508
Validation loss decreased (0.083446 --> 0.083265).  Saving model ...
Updating learning rate to 1.7045162926804444e-06
Epoch: 82 cost time: 1.1816651821136475
Epoch: 82, Steps: 29 | Train Loss: 0.0455587 Vali Loss: 0.0833806 Test Loss: 0.0398605
EarlyStopping counter: 1 out of 10
Updating learning rate to 1.5391318149339123e-06
Epoch: 83 cost time: 1.178473949432373
Epoch: 83, Steps: 29 | Train Loss: 0.0454693 Vali Loss: 0.0833184 Test Loss: 0.0398540
EarlyStopping counter: 2 out of 10
Updating learning rate to 1.3807171054080036e-06
Epoch: 84 cost time: 1.1757259368896484
Epoch: 84, Steps: 29 | Train Loss: 0.0455071 Vali Loss: 0.0833830 Test Loss: 0.0398092
EarlyStopping counter: 3 out of 10
Updating learning rate to 1.2295911902454577e-06
Epoch: 85 cost time: 1.174666404724121
Epoch: 85, Steps: 29 | Train Loss: 0.0454805 Vali Loss: 0.0830825 Test Loss: 0.0399654
Validation loss decreased (0.083265 --> 0.083083).  Saving model ...
Updating learning rate to 1.0860584169271784e-06
Epoch: 86 cost time: 1.1712377071380615
Epoch: 86, Steps: 29 | Train Loss: 0.0454550 Vali Loss: 0.0830319 Test Loss: 0.0399496
Validation loss decreased (0.083083 --> 0.083032).  Saving model ...
Updating learning rate to 9.504078413569088e-07
Epoch: 87 cost time: 1.1810789108276367
Epoch: 87, Steps: 29 | Train Loss: 0.0454675 Vali Loss: 0.0832271 Test Loss: 0.0399415
EarlyStopping counter: 1 out of 10
Updating learning rate to 8.229126457411124e-07
Epoch: 88 cost time: 1.1770238876342773
Epoch: 88, Steps: 29 | Train Loss: 0.0454674 Vali Loss: 0.0830794 Test Loss: 0.0399402
EarlyStopping counter: 2 out of 10
Updating learning rate to 7.038295884363647e-07
Epoch: 89 cost time: 1.1739561557769775
Epoch: 89, Steps: 29 | Train Loss: 0.0454778 Vali Loss: 0.0829994 Test Loss: 0.0399673
Validation loss decreased (0.083032 --> 0.082999).  Saving model ...
Updating learning rate to 5.933984868721898e-07
Epoch: 90 cost time: 1.1744520664215088
Epoch: 90, Steps: 29 | Train Loss: 0.0454554 Vali Loss: 0.0831305 Test Loss: 0.0399383
EarlyStopping counter: 1 out of 10
Updating learning rate to 4.918417345906772e-07
Epoch: 91 cost time: 1.1715114116668701
Epoch: 91, Steps: 29 | Train Loss: 0.0454114 Vali Loss: 0.0831364 Test Loss: 0.0399490
EarlyStopping counter: 2 out of 10
Updating learning rate to 3.9936385337548097e-07
Epoch: 92 cost time: 1.1795520782470703
Epoch: 92, Steps: 29 | Train Loss: 0.0454821 Vali Loss: 0.0830851 Test Loss: 0.0399780
EarlyStopping counter: 3 out of 10
Updating learning rate to 3.161510813721721e-07
Epoch: 93 cost time: 1.170783281326294
Epoch: 93, Steps: 29 | Train Loss: 0.0454397 Vali Loss: 0.0830979 Test Loss: 0.0399490
EarlyStopping counter: 4 out of 10
Updating learning rate to 2.4237099802938663e-07
Epoch: 94 cost time: 1.1781249046325684
Epoch: 94, Steps: 29 | Train Loss: 0.0454484 Vali Loss: 0.0831073 Test Loss: 0.0399406
EarlyStopping counter: 5 out of 10
Updating learning rate to 1.7817218661613333e-07
Epoch: 95 cost time: 1.1697564125061035
Epoch: 95, Steps: 29 | Train Loss: 0.0454461 Vali Loss: 0.0831517 Test Loss: 0.0399574
EarlyStopping counter: 6 out of 10
Updating learning rate to 1.236839349948492e-07
Epoch: 96 cost time: 1.170274019241333
Epoch: 96, Steps: 29 | Train Loss: 0.0454452 Vali Loss: 0.0833041 Test Loss: 0.0399430
EarlyStopping counter: 7 out of 10
Updating learning rate to 7.90159752528609e-08
Epoch: 97 cost time: 1.1756958961486816
Epoch: 97, Steps: 29 | Train Loss: 0.0454707 Vali Loss: 0.0831960 Test Loss: 0.0399750
EarlyStopping counter: 8 out of 10
Updating learning rate to 4.425826271655888e-08
Epoch: 98 cost time: 1.1735658645629883
Epoch: 98, Steps: 29 | Train Loss: 0.0454903 Vali Loss: 0.0833113 Test Loss: 0.0399598
EarlyStopping counter: 9 out of 10
Updating learning rate to 1.948079479334324e-08
Epoch: 99 cost time: 1.1662664413452148
Epoch: 99, Steps: 29 | Train Loss: 0.0454306 Vali Loss: 0.0830345 Test Loss: 0.0399627
EarlyStopping counter: 10 out of 10
Early stopping
>>>>>>>testing : ETTh1_336_720_DTFNet_ETTh1_ftM_sl336_ll0_pl720_dm128_nh16_el2_br2_dl1_df256_fc1_ebtimeF_dtTrue_'Exp'_0_'rel_sin'_16_8_16,24_8,12_3_1_256<<<<<<<<<<<<<<<<<<<<<<<<<<<<<<<<<
test 2161
mse:0.4236381947994232, mae:0.44657284021377563, rse:0.6251477003097534
