Args in experiment:
Namespace(random_seed=2003, is_training=1, model_id='ETTh1_336_720', model='DTFNet', data='ETTh1', root_path='./dataset/', data_path='ETTh1.csv', features='M', target='OT', freq='h', checkpoints='./checkpoints/', seq_len=336, label_len=0, pred_len=720, n_branches=2, patch_len_ls='16,24', stride_ls='8,12', d_model_ls='128', n_heads_ls='16', rel_pe="'rel_sin'", res_attn=False, head_type='flatten', fc_dropout=0.3, head_dropout=0.1, patch_len=16, stride=8, padding_patch="'end'", revin=1, affine=0, subtract_last=0, decomposition=0, kernel_size=25, individual=0, store_attn=False, pre_norm=False, pe='zeros', no_learn_pe=True, embed_type=0, enc_in=7, dec_in=7, c_out=7, d_model=128, n_heads=16, e_layers=2, d_layers=1, d_ff=256, moving_avg=25, factor=1, distil=True, dropout=0.3, embed='timeF', activation='gelu', output_attention=False, do_predict=False, num_workers=0, itr=1, train_epochs=100, batch_size=256, patience=10, learning_rate=1e-05, des="'Exp'", loss='mse', lradj='TST', pct_start=0.3, use_amp=False, l2=0.0, warmup_steps=0, use_gpu=True, gpu=0, use_multi_gpu=False, devices='0', test_flop=False, use_mlflow=False, mlflow_project='exp', loss_flag=2, sub_patch_len=16, sub_stride=8, stride_ls_list='16', model_type='linear', tfactor=3, dilation_rates='1', wavelet_layers=2, wavelet_type='db5', wavelet_mode='periodization', wavelet_dim=64, initTLV=0.2)
Use GPU: cuda:0
>>>>>>>start training : ETTh1_336_720_DTFNet_ETTh1_ftM_sl336_ll0_pl720_dm128_nh16_el2_br2_dl1_df256_fc1_ebtimeF_dtTrue_'Exp'_0_'rel_sin'_16_8_16,24_8,12_3_1_256>>>>>>>>>>>>>>>>>>>>>>>>>>
train 7585
val 2161
test 2161
Epoch: 1 cost time: 1.5502331256866455
Epoch: 1, Steps: 29 | Train Loss: 0.1076399 Vali Loss: 0.1790808 Test Loss: 0.0997875
Validation loss decreased (inf --> 0.179081).  Saving model ...
Updating learning rate to 4.2635539919063106e-07
Epoch: 2 cost time: 1.1804530620574951
Epoch: 2, Steps: 29 | Train Loss: 0.1067224 Vali Loss: 0.1773056 Test Loss: 0.0989633
Validation loss decreased (0.179081 --> 0.177306).  Saving model ...
Updating learning rate to 5.051321771514831e-07
Epoch: 3 cost time: 1.1854970455169678
Epoch: 3, Steps: 29 | Train Loss: 0.1058989 Vali Loss: 0.1757955 Test Loss: 0.0980629
Validation loss decreased (0.177306 --> 0.175795).  Saving model ...
Updating learning rate to 6.354652532866785e-07
Epoch: 4 cost time: 1.1876227855682373
Epoch: 4, Steps: 29 | Train Loss: 0.1049401 Vali Loss: 0.1742131 Test Loss: 0.0971014
Validation loss decreased (0.175795 --> 0.174213).  Saving model ...
Updating learning rate to 8.159233858256806e-07
Epoch: 5 cost time: 1.1787683963775635
Epoch: 5, Steps: 29 | Train Loss: 0.1040272 Vali Loss: 0.1725168 Test Loss: 0.0960581
Validation loss decreased (0.174213 --> 0.172517).  Saving model ...
Updating learning rate to 1.0445248888850473e-06
Epoch: 6 cost time: 1.1849100589752197
Epoch: 6, Steps: 29 | Train Loss: 0.1030958 Vali Loss: 0.1705329 Test Loss: 0.0948944
Validation loss decreased (0.172517 --> 0.170533).  Saving model ...
Updating learning rate to 1.3187593941861497e-06
Epoch: 7 cost time: 1.1868112087249756
Epoch: 7, Steps: 29 | Train Loss: 0.1019681 Vali Loss: 0.1681575 Test Loss: 0.0935582
Validation loss decreased (0.170533 --> 0.168158).  Saving model ...
Updating learning rate to 1.6356154184543822e-06
Epoch: 8 cost time: 1.1766479015350342
Epoch: 8, Steps: 29 | Train Loss: 0.1007242 Vali Loss: 0.1657945 Test Loss: 0.0919148
Validation loss decreased (0.168158 --> 0.165794).  Saving model ...
Updating learning rate to 1.9916134337707666e-06
Epoch: 9 cost time: 1.183405876159668
Epoch: 9, Steps: 29 | Train Loss: 0.0992965 Vali Loss: 0.1627621 Test Loss: 0.0897671
Validation loss decreased (0.165794 --> 0.162762).  Saving model ...
Updating learning rate to 2.3828440777166636e-06
Epoch: 10 cost time: 1.181175708770752
Epoch: 10, Steps: 29 | Train Loss: 0.0975891 Vali Loss: 0.1588978 Test Loss: 0.0868596
Validation loss decreased (0.162762 --> 0.158898).  Saving model ...
Updating learning rate to 2.805011083710071e-06
Epoch: 11 cost time: 1.1784729957580566
Epoch: 11, Steps: 29 | Train Loss: 0.0953387 Vali Loss: 0.1532082 Test Loss: 0.0828124
Validation loss decreased (0.158898 --> 0.153208).  Saving model ...
Updating learning rate to 3.2534784600976295e-06
Epoch: 12 cost time: 1.181861400604248
Epoch: 12, Steps: 29 | Train Loss: 0.0927151 Vali Loss: 0.1477101 Test Loss: 0.0782204
Validation loss decreased (0.153208 --> 0.147710).  Saving model ...
Updating learning rate to 3.723321399909056e-06
Epoch: 13 cost time: 1.1863024234771729
Epoch: 13, Steps: 29 | Train Loss: 0.0903221 Vali Loss: 0.1429603 Test Loss: 0.0751487
Validation loss decreased (0.147710 --> 0.142960).  Saving model ...
Updating learning rate to 4.209380362212844e-06
Epoch: 14 cost time: 1.1833479404449463
Epoch: 14, Steps: 29 | Train Loss: 0.0883947 Vali Loss: 0.1397097 Test Loss: 0.0733647
Validation loss decreased (0.142960 --> 0.139710).  Saving model ...
Updating learning rate to 4.706317731183279e-06
Epoch: 15 cost time: 1.171996831893921
Epoch: 15, Steps: 29 | Train Loss: 0.0867352 Vali Loss: 0.1367508 Test Loss: 0.0715085
Validation loss decreased (0.139710 --> 0.136751).  Saving model ...
Updating learning rate to 5.208676430682048e-06
Epoch: 16 cost time: 1.1830801963806152
Epoch: 16, Steps: 29 | Train Loss: 0.0849403 Vali Loss: 0.1336620 Test Loss: 0.0694772
Validation loss decreased (0.136751 --> 0.133662).  Saving model ...
Updating learning rate to 5.710939850683244e-06
Epoch: 17 cost time: 1.182852029800415
Epoch: 17, Steps: 29 | Train Loss: 0.0832597 Vali Loss: 0.1314835 Test Loss: 0.0674858
Validation loss decreased (0.133662 --> 0.131483).  Saving model ...
Updating learning rate to 6.207592427464792e-06
Epoch: 18 cost time: 1.1889498233795166
Epoch: 18, Steps: 29 | Train Loss: 0.0817505 Vali Loss: 0.1295130 Test Loss: 0.0657936
Validation loss decreased (0.131483 --> 0.129513).  Saving model ...
Updating learning rate to 6.693180212309968e-06
Epoch: 19 cost time: 1.1807303428649902
Epoch: 19, Steps: 29 | Train Loss: 0.0805175 Vali Loss: 0.1285057 Test Loss: 0.0648041
Validation loss decreased (0.129513 --> 0.128506).  Saving model ...
Updating learning rate to 7.1623707635889015e-06
Epoch: 20 cost time: 1.1801493167877197
Epoch: 20, Steps: 29 | Train Loss: 0.0795457 Vali Loss: 0.1277696 Test Loss: 0.0637451
Validation loss decreased (0.128506 --> 0.127770).  Saving model ...
Updating learning rate to 7.610011704520164e-06
Epoch: 21 cost time: 1.1892762184143066
Epoch: 21, Steps: 29 | Train Loss: 0.0786633 Vali Loss: 0.1266383 Test Loss: 0.0628617
Validation loss decreased (0.127770 --> 0.126638).  Saving model ...
Updating learning rate to 8.031187303565295e-06
Epoch: 22 cost time: 1.180884838104248
Epoch: 22, Steps: 29 | Train Loss: 0.0777952 Vali Loss: 0.1256348 Test Loss: 0.0621281
Validation loss decreased (0.126638 --> 0.125635).  Saving model ...
Updating learning rate to 8.421272456123378e-06
Epoch: 23 cost time: 1.1839144229888916
Epoch: 23, Steps: 29 | Train Loss: 0.0770365 Vali Loss: 0.1248248 Test Loss: 0.0610108
Validation loss decreased (0.125635 --> 0.124825).  Saving model ...
Updating learning rate to 8.775983474730246e-06
Epoch: 24 cost time: 1.184718132019043
Epoch: 24, Steps: 29 | Train Loss: 0.0761522 Vali Loss: 0.1234768 Test Loss: 0.0602117
Validation loss decreased (0.124825 --> 0.123477).  Saving model ...
Updating learning rate to 9.091425130013939e-06
Epoch: 25 cost time: 1.1794185638427734
Epoch: 25, Steps: 29 | Train Loss: 0.0753735 Vali Loss: 0.1227095 Test Loss: 0.0597124
Validation loss decreased (0.123477 --> 0.122710).  Saving model ...
Updating learning rate to 9.364133425830145e-06
Epoch: 26 cost time: 1.1837444305419922
Epoch: 26, Steps: 29 | Train Loss: 0.0746178 Vali Loss: 0.1219844 Test Loss: 0.0587479
Validation loss decreased (0.122710 --> 0.121984).  Saving model ...
Updating learning rate to 9.591113638846019e-06
Epoch: 27 cost time: 1.1805636882781982
Epoch: 27, Steps: 29 | Train Loss: 0.0738286 Vali Loss: 0.1215313 Test Loss: 0.0582100
Validation loss decreased (0.121984 --> 0.121531).  Saving model ...
Updating learning rate to 9.769873204843885e-06
Epoch: 28 cost time: 1.1822435855865479
Epoch: 28, Steps: 29 | Train Loss: 0.0731550 Vali Loss: 0.1208059 Test Loss: 0.0576107
Validation loss decreased (0.121531 --> 0.120806).  Saving model ...
Updating learning rate to 9.898449090606656e-06
Epoch: 29 cost time: 1.1765398979187012
Epoch: 29, Steps: 29 | Train Loss: 0.0723107 Vali Loss: 0.1200238 Test Loss: 0.0570776
Validation loss decreased (0.120806 --> 0.120024).  Saving model ...
Updating learning rate to 9.975429350802846e-06
Epoch: 30 cost time: 1.1788694858551025
Epoch: 30, Steps: 29 | Train Loss: 0.0716362 Vali Loss: 0.1190766 Test Loss: 0.0563617
Validation loss decreased (0.120024 --> 0.119077).  Saving model ...
Updating learning rate to 9.99999401249548e-06
Epoch: 31 cost time: 1.1864902973175049
Epoch: 31, Steps: 29 | Train Loss: 0.0709180 Vali Loss: 0.1179188 Test Loss: 0.0559396
Validation loss decreased (0.119077 --> 0.117919).  Saving model ...
Updating learning rate to 9.994612212745642e-06
Epoch: 32 cost time: 1.182612657546997
Epoch: 32, Steps: 29 | Train Loss: 0.0701809 Vali Loss: 0.1178401 Test Loss: 0.0552261
Validation loss decreased (0.117919 --> 0.117840).  Saving model ...
Updating learning rate to 9.979171968972798e-06
Epoch: 33 cost time: 1.1776032447814941
Epoch: 33, Steps: 29 | Train Loss: 0.0695291 Vali Loss: 0.1168694 Test Loss: 0.0548349
Validation loss decreased (0.117840 --> 0.116869).  Saving model ...
Updating learning rate to 9.953704375773079e-06
Epoch: 34 cost time: 1.1843585968017578
Epoch: 34, Steps: 29 | Train Loss: 0.0687807 Vali Loss: 0.1158047 Test Loss: 0.0544433
Validation loss decreased (0.116869 --> 0.115805).  Saving model ...
Updating learning rate to 9.918260721489893e-06
Epoch: 35 cost time: 1.1788091659545898
Epoch: 35, Steps: 29 | Train Loss: 0.0680859 Vali Loss: 0.1151701 Test Loss: 0.0542339
Validation loss decreased (0.115805 --> 0.115170).  Saving model ...
Updating learning rate to 9.872912384926035e-06
Epoch: 36 cost time: 1.1868925094604492
Epoch: 36, Steps: 29 | Train Loss: 0.0674315 Vali Loss: 0.1147370 Test Loss: 0.0536692
Validation loss decreased (0.115170 --> 0.114737).  Saving model ...
Updating learning rate to 9.817750691596265e-06
Epoch: 37 cost time: 1.174544334411621
Epoch: 37, Steps: 29 | Train Loss: 0.0667718 Vali Loss: 0.1141446 Test Loss: 0.0531727
Validation loss decreased (0.114737 --> 0.114145).  Saving model ...
Updating learning rate to 9.752886729809889e-06
Epoch: 38 cost time: 1.1784813404083252
Epoch: 38, Steps: 29 | Train Loss: 0.0661202 Vali Loss: 0.1136201 Test Loss: 0.0526557
Validation loss decreased (0.114145 --> 0.113620).  Saving model ...
Updating learning rate to 9.678451126953676e-06
Epoch: 39 cost time: 1.1781060695648193
Epoch: 39, Steps: 29 | Train Loss: 0.0655088 Vali Loss: 0.1119624 Test Loss: 0.0527577
Validation loss decreased (0.113620 --> 0.111962).  Saving model ...
Updating learning rate to 9.594593786425696e-06
Epoch: 40 cost time: 1.1767795085906982
Epoch: 40, Steps: 29 | Train Loss: 0.0648845 Vali Loss: 0.1125175 Test Loss: 0.0519961
EarlyStopping counter: 1 out of 10
Updating learning rate to 9.501483585749811e-06
Epoch: 41 cost time: 1.1844682693481445
Epoch: 41, Steps: 29 | Train Loss: 0.0642148 Vali Loss: 0.1124277 Test Loss: 0.0516437
EarlyStopping counter: 2 out of 10
Updating learning rate to 9.399308036478838e-06
Epoch: 42 cost time: 1.1775884628295898
Epoch: 42, Steps: 29 | Train Loss: 0.0636122 Vali Loss: 0.1102896 Test Loss: 0.0515624
Validation loss decreased (0.111962 --> 0.110290).  Saving model ...
Updating learning rate to 9.288272906571216e-06
Epoch: 43 cost time: 1.1694831848144531
Epoch: 43, Steps: 29 | Train Loss: 0.0630354 Vali Loss: 0.1100721 Test Loss: 0.0509474
Validation loss decreased (0.110290 --> 0.110072).  Saving model ...
Updating learning rate to 9.16860180600173e-06
Epoch: 44 cost time: 1.183903694152832
Epoch: 44, Steps: 29 | Train Loss: 0.0624159 Vali Loss: 0.1092876 Test Loss: 0.0506485
Validation loss decreased (0.110072 --> 0.109288).  Saving model ...
Updating learning rate to 9.040535736440785e-06
Epoch: 45 cost time: 1.1823961734771729
Epoch: 45, Steps: 29 | Train Loss: 0.0618267 Vali Loss: 0.1083504 Test Loss: 0.0503181
Validation loss decreased (0.109288 --> 0.108350).  Saving model ...
Updating learning rate to 8.904332605909106e-06
Epoch: 46 cost time: 1.1827929019927979
Epoch: 46, Steps: 29 | Train Loss: 0.0612997 Vali Loss: 0.1086675 Test Loss: 0.0498124
EarlyStopping counter: 1 out of 10
Updating learning rate to 8.760266709385311e-06
Epoch: 47 cost time: 1.1731739044189453
Epoch: 47, Steps: 29 | Train Loss: 0.0606944 Vali Loss: 0.1078045 Test Loss: 0.0496841
Validation loss decreased (0.108350 --> 0.107804).  Saving model ...
Updating learning rate to 8.608628176412335e-06
Epoch: 48 cost time: 1.1867477893829346
Epoch: 48, Steps: 29 | Train Loss: 0.0600912 Vali Loss: 0.1066905 Test Loss: 0.0492772
Validation loss decreased (0.107804 --> 0.106690).  Saving model ...
Updating learning rate to 8.449722386815127e-06
Epoch: 49 cost time: 1.1752066612243652
Epoch: 49, Steps: 29 | Train Loss: 0.0596045 Vali Loss: 0.1060994 Test Loss: 0.0490741
Validation loss decreased (0.106690 --> 0.106099).  Saving model ...
Updating learning rate to 8.28386935570634e-06
Epoch: 50 cost time: 1.1803436279296875
Epoch: 50, Steps: 29 | Train Loss: 0.0590053 Vali Loss: 0.1056806 Test Loss: 0.0486665
Validation loss decreased (0.106099 --> 0.105681).  Saving model ...
Updating learning rate to 8.111403089018465e-06
Epoch: 51 cost time: 1.1825292110443115
Epoch: 51, Steps: 29 | Train Loss: 0.0585778 Vali Loss: 0.1043231 Test Loss: 0.0484567
Validation loss decreased (0.105681 --> 0.104323).  Saving model ...
Updating learning rate to 7.93267091086035e-06
Epoch: 52 cost time: 1.1754226684570312
Epoch: 52, Steps: 29 | Train Loss: 0.0579869 Vali Loss: 0.1037079 Test Loss: 0.0480638
Validation loss decreased (0.104323 --> 0.103708).  Saving model ...
Updating learning rate to 7.748032764052655e-06
Epoch: 53 cost time: 1.1886777877807617
Epoch: 53, Steps: 29 | Train Loss: 0.0575219 Vali Loss: 0.1035035 Test Loss: 0.0476888
Validation loss decreased (0.103708 --> 0.103503).  Saving model ...
Updating learning rate to 7.557860485250925e-06
Epoch: 54 cost time: 1.179560899734497
Epoch: 54, Steps: 29 | Train Loss: 0.0569666 Vali Loss: 0.1028887 Test Loss: 0.0474637
Validation loss decreased (0.103503 --> 0.102889).  Saving model ...
Updating learning rate to 7.362537056116034e-06
Epoch: 55 cost time: 1.1766996383666992
Epoch: 55, Steps: 29 | Train Loss: 0.0565003 Vali Loss: 0.1018383 Test Loss: 0.0472208
Validation loss decreased (0.102889 --> 0.101838).  Saving model ...
Updating learning rate to 7.162455832040107e-06
Epoch: 56 cost time: 1.175703525543213
Epoch: 56, Steps: 29 | Train Loss: 0.0559191 Vali Loss: 0.1006982 Test Loss: 0.0468139
Validation loss decreased (0.101838 --> 0.100698).  Saving model ...
Updating learning rate to 6.9580197499810984e-06
Epoch: 57 cost time: 1.1827037334442139
Epoch: 57, Steps: 29 | Train Loss: 0.0554376 Vali Loss: 0.1002074 Test Loss: 0.0465561
Validation loss decreased (0.100698 --> 0.100207).  Saving model ...
Updating learning rate to 6.7496405170013816e-06
Epoch: 58 cost time: 1.1860325336456299
Epoch: 58, Steps: 29 | Train Loss: 0.0549692 Vali Loss: 0.0993043 Test Loss: 0.0463054
Validation loss decreased (0.100207 --> 0.099304).  Saving model ...
Updating learning rate to 6.537737781144523e-06
Epoch: 59 cost time: 1.1830370426177979
Epoch: 59, Steps: 29 | Train Loss: 0.0545001 Vali Loss: 0.0993856 Test Loss: 0.0458217
EarlyStopping counter: 1 out of 10
Updating learning rate to 6.322738286319964e-06
Epoch: 60 cost time: 1.1787207126617432
Epoch: 60, Steps: 29 | Train Loss: 0.0540492 Vali Loss: 0.0978916 Test Loss: 0.0456331
Validation loss decreased (0.099304 --> 0.097892).  Saving model ...
Updating learning rate to 6.105075012897585e-06
Epoch: 61 cost time: 1.182786226272583
Epoch: 61, Steps: 29 | Train Loss: 0.0535880 Vali Loss: 0.0979564 Test Loss: 0.0451619
EarlyStopping counter: 1 out of 10
Updating learning rate to 5.885186305742857e-06
Epoch: 62 cost time: 1.181563138961792
Epoch: 62, Steps: 29 | Train Loss: 0.0530801 Vali Loss: 0.0975590 Test Loss: 0.0448889
Validation loss decreased (0.097892 --> 0.097559).  Saving model ...
Updating learning rate to 5.6635149914486225e-06
Epoch: 63 cost time: 1.1798536777496338
Epoch: 63, Steps: 29 | Train Loss: 0.0527068 Vali Loss: 0.0960313 Test Loss: 0.0446206
Validation loss decreased (0.097559 --> 0.096031).  Saving model ...
Updating learning rate to 5.440507486541268e-06
Epoch: 64 cost time: 1.1862118244171143
Epoch: 64, Steps: 29 | Train Loss: 0.0521965 Vali Loss: 0.0960475 Test Loss: 0.0443185
EarlyStopping counter: 1 out of 10
Updating learning rate to 5.216612898457253e-06
Epoch: 65 cost time: 1.1813278198242188
Epoch: 65, Steps: 29 | Train Loss: 0.0517789 Vali Loss: 0.0949984 Test Loss: 0.0439238
Validation loss decreased (0.096031 --> 0.094998).  Saving model ...
Updating learning rate to 4.992282121100496e-06
Epoch: 66 cost time: 1.1785976886749268
Epoch: 66, Steps: 29 | Train Loss: 0.0513530 Vali Loss: 0.0945475 Test Loss: 0.0436861
Validation loss decreased (0.094998 --> 0.094548).  Saving model ...
Updating learning rate to 4.767966926802067e-06
Epoch: 67 cost time: 1.1857469081878662
Epoch: 67, Steps: 29 | Train Loss: 0.0509392 Vali Loss: 0.0930507 Test Loss: 0.0435408
Validation loss decreased (0.094548 --> 0.093051).  Saving model ...
Updating learning rate to 4.5441190565108235e-06
Epoch: 68 cost time: 1.1780095100402832
Epoch: 68, Steps: 29 | Train Loss: 0.0504866 Vali Loss: 0.0921645 Test Loss: 0.0432265
Validation loss decreased (0.093051 --> 0.092165).  Saving model ...
Updating learning rate to 4.3211893100472735e-06
Epoch: 69 cost time: 1.178718090057373
Epoch: 69, Steps: 29 | Train Loss: 0.0500534 Vali Loss: 0.0923079 Test Loss: 0.0427244
EarlyStopping counter: 1 out of 10
Updating learning rate to 4.099626638252712e-06
Epoch: 70 cost time: 1.178145408630371
Epoch: 70, Steps: 29 | Train Loss: 0.0496903 Vali Loss: 0.0911089 Test Loss: 0.0425593
Validation loss decreased (0.092165 --> 0.091109).  Saving model ...
Updating learning rate to 3.879877238861997e-06
Epoch: 71 cost time: 1.1820950508117676
Epoch: 71, Steps: 29 | Train Loss: 0.0492970 Vali Loss: 0.0904026 Test Loss: 0.0423306
Validation loss decreased (0.091109 --> 0.090403).  Saving model ...
Updating learning rate to 3.662383657920668e-06
Epoch: 72 cost time: 1.1744966506958008
Epoch: 72, Steps: 29 | Train Loss: 0.0488774 Vali Loss: 0.0897619 Test Loss: 0.0420242
Validation loss decreased (0.090403 --> 0.089762).  Saving model ...
Updating learning rate to 3.447583898556124e-06
Epoch: 73 cost time: 1.180102825164795
Epoch: 73, Steps: 29 | Train Loss: 0.0484750 Vali Loss: 0.0891588 Test Loss: 0.0416614
Validation loss decreased (0.089762 --> 0.089159).  Saving model ...
Updating learning rate to 3.2359105388976132e-06
Epoch: 74 cost time: 1.1863677501678467
Epoch: 74, Steps: 29 | Train Loss: 0.0480807 Vali Loss: 0.0889012 Test Loss: 0.0412834
Validation loss decreased (0.089159 --> 0.088901).  Saving model ...
Updating learning rate to 3.027789860921434e-06
Epoch: 75 cost time: 1.1817238330841064
Epoch: 75, Steps: 29 | Train Loss: 0.0477063 Vali Loss: 0.0881349 Test Loss: 0.0409873
Validation loss decreased (0.088901 --> 0.088135).  Saving model ...
Updating learning rate to 2.8236409919757893e-06
Epoch: 76 cost time: 1.179262638092041
Epoch: 76, Steps: 29 | Train Loss: 0.0472844 Vali Loss: 0.0867593 Test Loss: 0.0408750
Validation loss decreased (0.088135 --> 0.086759).  Saving model ...
Updating learning rate to 2.6238750607140637e-06
Epoch: 77 cost time: 1.1790542602539062
Epoch: 77, Steps: 29 | Train Loss: 0.0469536 Vali Loss: 0.0867724 Test Loss: 0.0404507
EarlyStopping counter: 1 out of 10
Updating learning rate to 2.4288943691364434e-06
Epoch: 78 cost time: 1.1762683391571045
Epoch: 78, Steps: 29 | Train Loss: 0.0465767 Vali Loss: 0.0859030 Test Loss: 0.0402006
Validation loss decreased (0.086759 --> 0.085903).  Saving model ...
Updating learning rate to 2.2390915824072217e-06
Epoch: 79 cost time: 1.1803793907165527
Epoch: 79, Steps: 29 | Train Loss: 0.0461786 Vali Loss: 0.0850073 Test Loss: 0.0399489
Validation loss decreased (0.085903 --> 0.085007).  Saving model ...
Updating learning rate to 2.0548489380794217e-06
Epoch: 80 cost time: 1.183610200881958
Epoch: 80, Steps: 29 | Train Loss: 0.0458134 Vali Loss: 0.0844647 Test Loss: 0.0396360
Validation loss decreased (0.085007 --> 0.084465).  Saving model ...
Updating learning rate to 1.876537476319218e-06
Epoch: 81 cost time: 1.1758224964141846
Epoch: 81, Steps: 29 | Train Loss: 0.0455640 Vali Loss: 0.0840063 Test Loss: 0.0395346
Validation loss decreased (0.084465 --> 0.084006).  Saving model ...
Updating learning rate to 1.7045162926804444e-06
Epoch: 82 cost time: 1.1841142177581787
Epoch: 82, Steps: 29 | Train Loss: 0.0454907 Vali Loss: 0.0842406 Test Loss: 0.0395351
EarlyStopping counter: 1 out of 10
Updating learning rate to 1.5391318149339123e-06
Epoch: 83 cost time: 1.182701826095581
Epoch: 83, Steps: 29 | Train Loss: 0.0455107 Vali Loss: 0.0839392 Test Loss: 0.0395731
Validation loss decreased (0.084006 --> 0.083939).  Saving model ...
Updating learning rate to 1.3807171054080036e-06
Epoch: 84 cost time: 1.1922204494476318
Epoch: 84, Steps: 29 | Train Loss: 0.0454458 Vali Loss: 0.0842438 Test Loss: 0.0395011
EarlyStopping counter: 1 out of 10
Updating learning rate to 1.2295911902454577e-06
Epoch: 85 cost time: 1.1878159046173096
Epoch: 85, Steps: 29 | Train Loss: 0.0454949 Vali Loss: 0.0845170 Test Loss: 0.0395039
EarlyStopping counter: 2 out of 10
Updating learning rate to 1.0860584169271784e-06
Epoch: 86 cost time: 1.1914989948272705
Epoch: 86, Steps: 29 | Train Loss: 0.0454572 Vali Loss: 0.0842898 Test Loss: 0.0395156
EarlyStopping counter: 3 out of 10
Updating learning rate to 9.504078413569088e-07
Epoch: 87 cost time: 1.1846582889556885
Epoch: 87, Steps: 29 | Train Loss: 0.0454578 Vali Loss: 0.0844338 Test Loss: 0.0395298
EarlyStopping counter: 4 out of 10
Updating learning rate to 8.229126457411124e-07
Epoch: 88 cost time: 1.1891117095947266
Epoch: 88, Steps: 29 | Train Loss: 0.0454660 Vali Loss: 0.0843841 Test Loss: 0.0395426
EarlyStopping counter: 5 out of 10
Updating learning rate to 7.038295884363647e-07
Epoch: 89 cost time: 1.1763427257537842
Epoch: 89, Steps: 29 | Train Loss: 0.0454101 Vali Loss: 0.0844010 Test Loss: 0.0395558
EarlyStopping counter: 6 out of 10
Updating learning rate to 5.933984868721898e-07
Epoch: 90 cost time: 1.1842288970947266
Epoch: 90, Steps: 29 | Train Loss: 0.0454462 Vali Loss: 0.0842037 Test Loss: 0.0395396
EarlyStopping counter: 7 out of 10
Updating learning rate to 4.918417345906772e-07
Epoch: 91 cost time: 1.179826021194458
Epoch: 91, Steps: 29 | Train Loss: 0.0454580 Vali Loss: 0.0844597 Test Loss: 0.0395277
EarlyStopping counter: 8 out of 10
Updating learning rate to 3.9936385337548097e-07
Epoch: 92 cost time: 1.1868300437927246
Epoch: 92, Steps: 29 | Train Loss: 0.0454347 Vali Loss: 0.0842956 Test Loss: 0.0395588
EarlyStopping counter: 9 out of 10
Updating learning rate to 3.161510813721721e-07
Epoch: 93 cost time: 1.1898305416107178
Epoch: 93, Steps: 29 | Train Loss: 0.0454581 Vali Loss: 0.0843552 Test Loss: 0.0395308
EarlyStopping counter: 10 out of 10
Early stopping
>>>>>>>testing : ETTh1_336_720_DTFNet_ETTh1_ftM_sl336_ll0_pl720_dm128_nh16_el2_br2_dl1_df256_fc1_ebtimeF_dtTrue_'Exp'_0_'rel_sin'_16_8_16,24_8,12_3_1_256<<<<<<<<<<<<<<<<<<<<<<<<<<<<<<<<<
test 2161
mse:0.418010950088501, mae:0.44256141781806946, rse:0.6209818124771118
