Args in experiment:
Namespace(random_seed=2011, is_training=1, model_id='ETTh1_336_720', model='DTFNet', data='ETTh1', root_path='./dataset/', data_path='ETTh1.csv', features='M', target='OT', freq='h', checkpoints='./checkpoints/', seq_len=336, label_len=0, pred_len=720, n_branches=2, patch_len_ls='16,24', stride_ls='8,12', d_model_ls='128', n_heads_ls='16', rel_pe="'rel_sin'", res_attn=False, head_type='flatten', fc_dropout=0.3, head_dropout=0.1, patch_len=16, stride=8, padding_patch="'end'", revin=1, affine=0, subtract_last=0, decomposition=0, kernel_size=25, individual=0, store_attn=False, pre_norm=False, pe='zeros', no_learn_pe=True, embed_type=0, enc_in=7, dec_in=7, c_out=7, d_model=128, n_heads=16, e_layers=2, d_layers=1, d_ff=256, moving_avg=25, factor=1, distil=True, dropout=0.3, embed='timeF', activation='gelu', output_attention=False, do_predict=False, num_workers=0, itr=1, train_epochs=100, batch_size=256, patience=10, learning_rate=1e-05, des="'Exp'", loss='mse', lradj='TST', pct_start=0.3, use_amp=False, l2=0.0, warmup_steps=0, use_gpu=True, gpu=0, use_multi_gpu=False, devices='0', test_flop=False, use_mlflow=False, mlflow_project='exp', loss_flag=2, sub_patch_len=16, sub_stride=8, stride_ls_list='16', model_type='linear', tfactor=3, dilation_rates='1', wavelet_layers=2, wavelet_type='db5', wavelet_mode='periodization', wavelet_dim=64, initTLV=0.2)
Use GPU: cuda:0
>>>>>>>start training : ETTh1_336_720_DTFNet_ETTh1_ftM_sl336_ll0_pl720_dm128_nh16_el2_br2_dl1_df256_fc1_ebtimeF_dtTrue_'Exp'_0_'rel_sin'_16_8_16,24_8,12_3_1_256>>>>>>>>>>>>>>>>>>>>>>>>>>
train 7585
val 2161
test 2161
Epoch: 1 cost time: 1.5503034591674805
Epoch: 1, Steps: 29 | Train Loss: 0.1076974 Vali Loss: 0.1793744 Test Loss: 0.0997307
Validation loss decreased (inf --> 0.179374).  Saving model ...
Updating learning rate to 4.2635539919063106e-07
Epoch: 2 cost time: 1.1795921325683594
Epoch: 2, Steps: 29 | Train Loss: 0.1067486 Vali Loss: 0.1775136 Test Loss: 0.0988835
Validation loss decreased (0.179374 --> 0.177514).  Saving model ...
Updating learning rate to 5.051321771514831e-07
Epoch: 3 cost time: 1.1835103034973145
Epoch: 3, Steps: 29 | Train Loss: 0.1058785 Vali Loss: 0.1756924 Test Loss: 0.0979568
Validation loss decreased (0.177514 --> 0.175692).  Saving model ...
Updating learning rate to 6.354652532866785e-07
Epoch: 4 cost time: 1.180847406387329
Epoch: 4, Steps: 29 | Train Loss: 0.1048409 Vali Loss: 0.1738518 Test Loss: 0.0969664
Validation loss decreased (0.175692 --> 0.173852).  Saving model ...
Updating learning rate to 8.159233858256806e-07
Epoch: 5 cost time: 1.1784629821777344
Epoch: 5, Steps: 29 | Train Loss: 0.1039517 Vali Loss: 0.1722621 Test Loss: 0.0958741
Validation loss decreased (0.173852 --> 0.172262).  Saving model ...
Updating learning rate to 1.0445248888850473e-06
Epoch: 6 cost time: 1.1867763996124268
Epoch: 6, Steps: 29 | Train Loss: 0.1029471 Vali Loss: 0.1700095 Test Loss: 0.0946567
Validation loss decreased (0.172262 --> 0.170009).  Saving model ...
Updating learning rate to 1.3187593941861497e-06
Epoch: 7 cost time: 1.1894562244415283
Epoch: 7, Steps: 29 | Train Loss: 0.1017527 Vali Loss: 0.1676192 Test Loss: 0.0932206
Validation loss decreased (0.170009 --> 0.167619).  Saving model ...
Updating learning rate to 1.6356154184543822e-06
Epoch: 8 cost time: 1.1837692260742188
Epoch: 8, Steps: 29 | Train Loss: 0.1004668 Vali Loss: 0.1650953 Test Loss: 0.0914753
Validation loss decreased (0.167619 --> 0.165095).  Saving model ...
Updating learning rate to 1.9916134337707666e-06
Epoch: 9 cost time: 1.1891944408416748
Epoch: 9, Steps: 29 | Train Loss: 0.0990296 Vali Loss: 0.1619092 Test Loss: 0.0892210
Validation loss decreased (0.165095 --> 0.161909).  Saving model ...
Updating learning rate to 2.3828440777166636e-06
Epoch: 10 cost time: 1.1753227710723877
Epoch: 10, Steps: 29 | Train Loss: 0.0971066 Vali Loss: 0.1574287 Test Loss: 0.0861357
Validation loss decreased (0.161909 --> 0.157429).  Saving model ...
Updating learning rate to 2.805011083710071e-06
Epoch: 11 cost time: 1.1876165866851807
Epoch: 11, Steps: 29 | Train Loss: 0.0947675 Vali Loss: 0.1519291 Test Loss: 0.0819247
Validation loss decreased (0.157429 --> 0.151929).  Saving model ...
Updating learning rate to 3.2534784600976295e-06
Epoch: 12 cost time: 1.1824233531951904
Epoch: 12, Steps: 29 | Train Loss: 0.0920706 Vali Loss: 0.1458260 Test Loss: 0.0775056
Validation loss decreased (0.151929 --> 0.145826).  Saving model ...
Updating learning rate to 3.723321399909056e-06
Epoch: 13 cost time: 1.1840229034423828
Epoch: 13, Steps: 29 | Train Loss: 0.0896300 Vali Loss: 0.1416940 Test Loss: 0.0747421
Validation loss decreased (0.145826 --> 0.141694).  Saving model ...
Updating learning rate to 4.209380362212844e-06
Epoch: 14 cost time: 1.1876940727233887
Epoch: 14, Steps: 29 | Train Loss: 0.0877248 Vali Loss: 0.1378671 Test Loss: 0.0728948
Validation loss decreased (0.141694 --> 0.137867).  Saving model ...
Updating learning rate to 4.706317731183279e-06
Epoch: 15 cost time: 1.1906206607818604
Epoch: 15, Steps: 29 | Train Loss: 0.0859309 Vali Loss: 0.1353443 Test Loss: 0.0707982
Validation loss decreased (0.137867 --> 0.135344).  Saving model ...
Updating learning rate to 5.208676430682048e-06
Epoch: 16 cost time: 1.1787564754486084
Epoch: 16, Steps: 29 | Train Loss: 0.0843235 Vali Loss: 0.1333759 Test Loss: 0.0689840
Validation loss decreased (0.135344 --> 0.133376).  Saving model ...
Updating learning rate to 5.710939850683244e-06
Epoch: 17 cost time: 1.1830744743347168
Epoch: 17, Steps: 29 | Train Loss: 0.0829624 Vali Loss: 0.1312698 Test Loss: 0.0671069
Validation loss decreased (0.133376 --> 0.131270).  Saving model ...
Updating learning rate to 6.207592427464792e-06
Epoch: 18 cost time: 1.1796729564666748
Epoch: 18, Steps: 29 | Train Loss: 0.0814798 Vali Loss: 0.1299364 Test Loss: 0.0657912
Validation loss decreased (0.131270 --> 0.129936).  Saving model ...
Updating learning rate to 6.693180212309968e-06
Epoch: 19 cost time: 1.1698400974273682
Epoch: 19, Steps: 29 | Train Loss: 0.0803288 Vali Loss: 0.1283780 Test Loss: 0.0647842
Validation loss decreased (0.129936 --> 0.128378).  Saving model ...
Updating learning rate to 7.1623707635889015e-06
Epoch: 20 cost time: 1.1859424114227295
Epoch: 20, Steps: 29 | Train Loss: 0.0793582 Vali Loss: 0.1278109 Test Loss: 0.0634876
Validation loss decreased (0.128378 --> 0.127811).  Saving model ...
Updating learning rate to 7.610011704520164e-06
Epoch: 21 cost time: 1.186006784439087
Epoch: 21, Steps: 29 | Train Loss: 0.0785216 Vali Loss: 0.1264318 Test Loss: 0.0629604
Validation loss decreased (0.127811 --> 0.126432).  Saving model ...
Updating learning rate to 8.031187303565295e-06
Epoch: 22 cost time: 1.1822054386138916
Epoch: 22, Steps: 29 | Train Loss: 0.0776223 Vali Loss: 0.1256893 Test Loss: 0.0620029
Validation loss decreased (0.126432 --> 0.125689).  Saving model ...
Updating learning rate to 8.421272456123378e-06
Epoch: 23 cost time: 1.1873788833618164
Epoch: 23, Steps: 29 | Train Loss: 0.0767512 Vali Loss: 0.1250223 Test Loss: 0.0611282
Validation loss decreased (0.125689 --> 0.125022).  Saving model ...
Updating learning rate to 8.775983474730246e-06
Epoch: 24 cost time: 1.1822495460510254
Epoch: 24, Steps: 29 | Train Loss: 0.0758653 Vali Loss: 0.1240305 Test Loss: 0.0603655
Validation loss decreased (0.125022 --> 0.124030).  Saving model ...
Updating learning rate to 9.091425130013939e-06
Epoch: 25 cost time: 1.18400239944458
Epoch: 25, Steps: 29 | Train Loss: 0.0751372 Vali Loss: 0.1233039 Test Loss: 0.0594966
Validation loss decreased (0.124030 --> 0.123304).  Saving model ...
Updating learning rate to 9.364133425830145e-06
Epoch: 26 cost time: 1.181086778640747
Epoch: 26, Steps: 29 | Train Loss: 0.0742995 Vali Loss: 0.1223512 Test Loss: 0.0592121
Validation loss decreased (0.123304 --> 0.122351).  Saving model ...
Updating learning rate to 9.591113638846019e-06
Epoch: 27 cost time: 1.177936315536499
Epoch: 27, Steps: 29 | Train Loss: 0.0735284 Vali Loss: 0.1216600 Test Loss: 0.0583653
Validation loss decreased (0.122351 --> 0.121660).  Saving model ...
Updating learning rate to 9.769873204843885e-06
Epoch: 28 cost time: 1.1840169429779053
Epoch: 28, Steps: 29 | Train Loss: 0.0727993 Vali Loss: 0.1211001 Test Loss: 0.0578711
Validation loss decreased (0.121660 --> 0.121100).  Saving model ...
Updating learning rate to 9.898449090606656e-06
Epoch: 29 cost time: 1.1832218170166016
Epoch: 29, Steps: 29 | Train Loss: 0.0721138 Vali Loss: 0.1199443 Test Loss: 0.0575337
Validation loss decreased (0.121100 --> 0.119944).  Saving model ...
Updating learning rate to 9.975429350802846e-06
Epoch: 30 cost time: 1.180626392364502
Epoch: 30, Steps: 29 | Train Loss: 0.0713033 Vali Loss: 0.1197983 Test Loss: 0.0567509
Validation loss decreased (0.119944 --> 0.119798).  Saving model ...
Updating learning rate to 9.99999401249548e-06
Epoch: 31 cost time: 1.1828656196594238
Epoch: 31, Steps: 29 | Train Loss: 0.0705649 Vali Loss: 0.1184583 Test Loss: 0.0566691
Validation loss decreased (0.119798 --> 0.118458).  Saving model ...
Updating learning rate to 9.994612212745642e-06
Epoch: 32 cost time: 1.1860148906707764
Epoch: 32, Steps: 29 | Train Loss: 0.0698570 Vali Loss: 0.1180112 Test Loss: 0.0560251
Validation loss decreased (0.118458 --> 0.118011).  Saving model ...
Updating learning rate to 9.979171968972798e-06
Epoch: 33 cost time: 1.1790640354156494
Epoch: 33, Steps: 29 | Train Loss: 0.0692030 Vali Loss: 0.1175694 Test Loss: 0.0555848
Validation loss decreased (0.118011 --> 0.117569).  Saving model ...
Updating learning rate to 9.953704375773079e-06
Epoch: 34 cost time: 1.1813263893127441
Epoch: 34, Steps: 29 | Train Loss: 0.0685491 Vali Loss: 0.1168675 Test Loss: 0.0549547
Validation loss decreased (0.117569 --> 0.116868).  Saving model ...
Updating learning rate to 9.918260721489893e-06
Epoch: 35 cost time: 1.1748857498168945
Epoch: 35, Steps: 29 | Train Loss: 0.0678421 Vali Loss: 0.1161243 Test Loss: 0.0545422
Validation loss decreased (0.116868 --> 0.116124).  Saving model ...
Updating learning rate to 9.872912384926035e-06
Epoch: 36 cost time: 1.182664394378662
Epoch: 36, Steps: 29 | Train Loss: 0.0672054 Vali Loss: 0.1151508 Test Loss: 0.0542994
Validation loss decreased (0.116124 --> 0.115151).  Saving model ...
Updating learning rate to 9.817750691596265e-06
Epoch: 37 cost time: 1.1803138256072998
Epoch: 37, Steps: 29 | Train Loss: 0.0665614 Vali Loss: 0.1149804 Test Loss: 0.0540557
Validation loss decreased (0.115151 --> 0.114980).  Saving model ...
Updating learning rate to 9.752886729809889e-06
Epoch: 38 cost time: 1.1850144863128662
Epoch: 38, Steps: 29 | Train Loss: 0.0659236 Vali Loss: 0.1133033 Test Loss: 0.0538746
Validation loss decreased (0.114980 --> 0.113303).  Saving model ...
Updating learning rate to 9.678451126953676e-06
Epoch: 39 cost time: 1.180422306060791
Epoch: 39, Steps: 29 | Train Loss: 0.0652090 Vali Loss: 0.1134304 Test Loss: 0.0530422
EarlyStopping counter: 1 out of 10
Updating learning rate to 9.594593786425696e-06
Epoch: 40 cost time: 1.181178331375122
Epoch: 40, Steps: 29 | Train Loss: 0.0646911 Vali Loss: 0.1136481 Test Loss: 0.0523393
EarlyStopping counter: 2 out of 10
Updating learning rate to 9.501483585749811e-06
Epoch: 41 cost time: 1.1760447025299072
Epoch: 41, Steps: 29 | Train Loss: 0.0639609 Vali Loss: 0.1110497 Test Loss: 0.0526963
Validation loss decreased (0.113303 --> 0.111050).  Saving model ...
Updating learning rate to 9.399308036478838e-06
Epoch: 42 cost time: 1.1795871257781982
Epoch: 42, Steps: 29 | Train Loss: 0.0634067 Vali Loss: 0.1111003 Test Loss: 0.0519962
EarlyStopping counter: 1 out of 10
Updating learning rate to 9.288272906571216e-06
Epoch: 43 cost time: 1.1757450103759766
Epoch: 43, Steps: 29 | Train Loss: 0.0627342 Vali Loss: 0.1111402 Test Loss: 0.0515229
EarlyStopping counter: 2 out of 10
Updating learning rate to 9.16860180600173e-06
Epoch: 44 cost time: 1.1763107776641846
Epoch: 44, Steps: 29 | Train Loss: 0.0622099 Vali Loss: 0.1094241 Test Loss: 0.0516163
Validation loss decreased (0.111050 --> 0.109424).  Saving model ...
Updating learning rate to 9.040535736440785e-06
Epoch: 45 cost time: 1.175595998764038
Epoch: 45, Steps: 29 | Train Loss: 0.0616210 Vali Loss: 0.1082691 Test Loss: 0.0514574
Validation loss decreased (0.109424 --> 0.108269).  Saving model ...
Updating learning rate to 8.904332605909106e-06
Epoch: 46 cost time: 1.177497386932373
Epoch: 46, Steps: 29 | Train Loss: 0.0610039 Vali Loss: 0.1088574 Test Loss: 0.0505587
EarlyStopping counter: 1 out of 10
Updating learning rate to 8.760266709385311e-06
Epoch: 47 cost time: 1.1766018867492676
Epoch: 47, Steps: 29 | Train Loss: 0.0604616 Vali Loss: 0.1072286 Test Loss: 0.0505831
Validation loss decreased (0.108269 --> 0.107229).  Saving model ...
Updating learning rate to 8.608628176412335e-06
Epoch: 48 cost time: 1.1812968254089355
Epoch: 48, Steps: 29 | Train Loss: 0.0599221 Vali Loss: 0.1063605 Test Loss: 0.0503786
Validation loss decreased (0.107229 --> 0.106361).  Saving model ...
Updating learning rate to 8.449722386815127e-06
Epoch: 49 cost time: 1.1845834255218506
Epoch: 49, Steps: 29 | Train Loss: 0.0593381 Vali Loss: 0.1057213 Test Loss: 0.0498939
Validation loss decreased (0.106361 --> 0.105721).  Saving model ...
Updating learning rate to 8.28386935570634e-06
Epoch: 50 cost time: 1.1793649196624756
Epoch: 50, Steps: 29 | Train Loss: 0.0588471 Vali Loss: 0.1055690 Test Loss: 0.0493831
Validation loss decreased (0.105721 --> 0.105569).  Saving model ...
Updating learning rate to 8.111403089018465e-06
Epoch: 51 cost time: 1.1760914325714111
Epoch: 51, Steps: 29 | Train Loss: 0.0582595 Vali Loss: 0.1046915 Test Loss: 0.0491677
Validation loss decreased (0.105569 --> 0.104691).  Saving model ...
Updating learning rate to 7.93267091086035e-06
Epoch: 52 cost time: 1.181260347366333
Epoch: 52, Steps: 29 | Train Loss: 0.0577662 Vali Loss: 0.1039348 Test Loss: 0.0487354
Validation loss decreased (0.104691 --> 0.103935).  Saving model ...
Updating learning rate to 7.748032764052655e-06
Epoch: 53 cost time: 1.1781718730926514
Epoch: 53, Steps: 29 | Train Loss: 0.0572172 Vali Loss: 0.1029700 Test Loss: 0.0484883
Validation loss decreased (0.103935 --> 0.102970).  Saving model ...
Updating learning rate to 7.557860485250925e-06
Epoch: 54 cost time: 1.1774380207061768
Epoch: 54, Steps: 29 | Train Loss: 0.0567292 Vali Loss: 0.1026399 Test Loss: 0.0480826
Validation loss decreased (0.102970 --> 0.102640).  Saving model ...
Updating learning rate to 7.362537056116034e-06
Epoch: 55 cost time: 1.1838839054107666
Epoch: 55, Steps: 29 | Train Loss: 0.0562790 Vali Loss: 0.1009526 Test Loss: 0.0480612
Validation loss decreased (0.102640 --> 0.100953).  Saving model ...
Updating learning rate to 7.162455832040107e-06
Epoch: 56 cost time: 1.1819853782653809
Epoch: 56, Steps: 29 | Train Loss: 0.0557603 Vali Loss: 0.1003925 Test Loss: 0.0477601
Validation loss decreased (0.100953 --> 0.100392).  Saving model ...
Updating learning rate to 6.9580197499810984e-06
Epoch: 57 cost time: 1.1787898540496826
Epoch: 57, Steps: 29 | Train Loss: 0.0552695 Vali Loss: 0.0997120 Test Loss: 0.0474651
Validation loss decreased (0.100392 --> 0.099712).  Saving model ...
Updating learning rate to 6.7496405170013816e-06
Epoch: 58 cost time: 1.1761374473571777
Epoch: 58, Steps: 29 | Train Loss: 0.0546961 Vali Loss: 0.0990321 Test Loss: 0.0471497
Validation loss decreased (0.099712 --> 0.099032).  Saving model ...
Updating learning rate to 6.537737781144523e-06
Epoch: 59 cost time: 1.1767776012420654
Epoch: 59, Steps: 29 | Train Loss: 0.0543213 Vali Loss: 0.0986564 Test Loss: 0.0465308
Validation loss decreased (0.099032 --> 0.098656).  Saving model ...
Updating learning rate to 6.322738286319964e-06
Epoch: 60 cost time: 1.1805908679962158
Epoch: 60, Steps: 29 | Train Loss: 0.0538225 Vali Loss: 0.0973171 Test Loss: 0.0465803
Validation loss decreased (0.098656 --> 0.097317).  Saving model ...
Updating learning rate to 6.105075012897585e-06
Epoch: 61 cost time: 1.1705114841461182
Epoch: 61, Steps: 29 | Train Loss: 0.0533528 Vali Loss: 0.0967150 Test Loss: 0.0460685
Validation loss decreased (0.097317 --> 0.096715).  Saving model ...
Updating learning rate to 5.885186305742857e-06
Epoch: 62 cost time: 1.1760210990905762
Epoch: 62, Steps: 29 | Train Loss: 0.0529227 Vali Loss: 0.0964784 Test Loss: 0.0456341
Validation loss decreased (0.096715 --> 0.096478).  Saving model ...
Updating learning rate to 5.6635149914486225e-06
Epoch: 63 cost time: 1.1811580657958984
Epoch: 63, Steps: 29 | Train Loss: 0.0524943 Vali Loss: 0.0958244 Test Loss: 0.0452319
Validation loss decreased (0.096478 --> 0.095824).  Saving model ...
Updating learning rate to 5.440507486541268e-06
Epoch: 64 cost time: 1.1833527088165283
Epoch: 64, Steps: 29 | Train Loss: 0.0519798 Vali Loss: 0.0947339 Test Loss: 0.0451024
Validation loss decreased (0.095824 --> 0.094734).  Saving model ...
Updating learning rate to 5.216612898457253e-06
Epoch: 65 cost time: 1.1831603050231934
Epoch: 65, Steps: 29 | Train Loss: 0.0516027 Vali Loss: 0.0939897 Test Loss: 0.0447106
Validation loss decreased (0.094734 --> 0.093990).  Saving model ...
Updating learning rate to 4.992282121100496e-06
Epoch: 66 cost time: 1.180518388748169
Epoch: 66, Steps: 29 | Train Loss: 0.0511511 Vali Loss: 0.0931472 Test Loss: 0.0445379
Validation loss decreased (0.093990 --> 0.093147).  Saving model ...
Updating learning rate to 4.767966926802067e-06
Epoch: 67 cost time: 1.1781260967254639
Epoch: 67, Steps: 29 | Train Loss: 0.0506919 Vali Loss: 0.0928283 Test Loss: 0.0441238
Validation loss decreased (0.093147 --> 0.092828).  Saving model ...
Updating learning rate to 4.5441190565108235e-06
Epoch: 68 cost time: 1.1775662899017334
Epoch: 68, Steps: 29 | Train Loss: 0.0503121 Vali Loss: 0.0920620 Test Loss: 0.0438975
Validation loss decreased (0.092828 --> 0.092062).  Saving model ...
Updating learning rate to 4.3211893100472735e-06
Epoch: 69 cost time: 1.1707842350006104
Epoch: 69, Steps: 29 | Train Loss: 0.0498346 Vali Loss: 0.0916702 Test Loss: 0.0433830
Validation loss decreased (0.092062 --> 0.091670).  Saving model ...
Updating learning rate to 4.099626638252712e-06
Epoch: 70 cost time: 1.181593894958496
Epoch: 70, Steps: 29 | Train Loss: 0.0494793 Vali Loss: 0.0905981 Test Loss: 0.0432310
Validation loss decreased (0.091670 --> 0.090598).  Saving model ...
Updating learning rate to 3.879877238861997e-06
Epoch: 71 cost time: 1.1861369609832764
Epoch: 71, Steps: 29 | Train Loss: 0.0490699 Vali Loss: 0.0894822 Test Loss: 0.0432235
Validation loss decreased (0.090598 --> 0.089482).  Saving model ...
Updating learning rate to 3.662383657920668e-06
Epoch: 72 cost time: 1.1791188716888428
Epoch: 72, Steps: 29 | Train Loss: 0.0486384 Vali Loss: 0.0894841 Test Loss: 0.0424630
EarlyStopping counter: 1 out of 10
Updating learning rate to 3.447583898556124e-06
Epoch: 73 cost time: 1.183032751083374
Epoch: 73, Steps: 29 | Train Loss: 0.0482917 Vali Loss: 0.0888981 Test Loss: 0.0422165
Validation loss decreased (0.089482 --> 0.088898).  Saving model ...
Updating learning rate to 3.2359105388976132e-06
Epoch: 74 cost time: 1.1802635192871094
Epoch: 74, Steps: 29 | Train Loss: 0.0478573 Vali Loss: 0.0876640 Test Loss: 0.0420778
Validation loss decreased (0.088898 --> 0.087664).  Saving model ...
Updating learning rate to 3.027789860921434e-06
Epoch: 75 cost time: 1.1734755039215088
Epoch: 75, Steps: 29 | Train Loss: 0.0474907 Vali Loss: 0.0872094 Test Loss: 0.0416500
Validation loss decreased (0.087664 --> 0.087209).  Saving model ...
Updating learning rate to 2.8236409919757893e-06
Epoch: 76 cost time: 1.1813430786132812
Epoch: 76, Steps: 29 | Train Loss: 0.0471293 Vali Loss: 0.0871007 Test Loss: 0.0412627
Validation loss decreased (0.087209 --> 0.087101).  Saving model ...
Updating learning rate to 2.6238750607140637e-06
Epoch: 77 cost time: 1.1800165176391602
Epoch: 77, Steps: 29 | Train Loss: 0.0467431 Vali Loss: 0.0861038 Test Loss: 0.0410437
Validation loss decreased (0.087101 --> 0.086104).  Saving model ...
Updating learning rate to 2.4288943691364434e-06
Epoch: 78 cost time: 1.1841137409210205
Epoch: 78, Steps: 29 | Train Loss: 0.0463415 Vali Loss: 0.0856533 Test Loss: 0.0406537
Validation loss decreased (0.086104 --> 0.085653).  Saving model ...
Updating learning rate to 2.2390915824072217e-06
Epoch: 79 cost time: 1.1841397285461426
Epoch: 79, Steps: 29 | Train Loss: 0.0460117 Vali Loss: 0.0847793 Test Loss: 0.0404337
Validation loss decreased (0.085653 --> 0.084779).  Saving model ...
Updating learning rate to 2.0548489380794217e-06
Epoch: 80 cost time: 1.183565378189087
Epoch: 80, Steps: 29 | Train Loss: 0.0456724 Vali Loss: 0.0842549 Test Loss: 0.0400704
Validation loss decreased (0.084779 --> 0.084255).  Saving model ...
Updating learning rate to 1.876537476319218e-06
Epoch: 81 cost time: 1.1757667064666748
Epoch: 81, Steps: 29 | Train Loss: 0.0453337 Vali Loss: 0.0837300 Test Loss: 0.0400564
Validation loss decreased (0.084255 --> 0.083730).  Saving model ...
Updating learning rate to 1.7045162926804444e-06
Epoch: 82 cost time: 1.178581714630127
Epoch: 82, Steps: 29 | Train Loss: 0.0453303 Vali Loss: 0.0836507 Test Loss: 0.0401296
Validation loss decreased (0.083730 --> 0.083651).  Saving model ...
Updating learning rate to 1.5391318149339123e-06
Epoch: 83 cost time: 1.179891586303711
Epoch: 83, Steps: 29 | Train Loss: 0.0453173 Vali Loss: 0.0839639 Test Loss: 0.0400779
EarlyStopping counter: 1 out of 10
Updating learning rate to 1.3807171054080036e-06
Epoch: 84 cost time: 1.1808695793151855
Epoch: 84, Steps: 29 | Train Loss: 0.0453149 Vali Loss: 0.0836632 Test Loss: 0.0401591
EarlyStopping counter: 2 out of 10
Updating learning rate to 1.2295911902454577e-06
Epoch: 85 cost time: 1.1788074970245361
Epoch: 85, Steps: 29 | Train Loss: 0.0452747 Vali Loss: 0.0836320 Test Loss: 0.0401717
Validation loss decreased (0.083651 --> 0.083632).  Saving model ...
Updating learning rate to 1.0860584169271784e-06
Epoch: 86 cost time: 1.1759986877441406
Epoch: 86, Steps: 29 | Train Loss: 0.0452833 Vali Loss: 0.0838667 Test Loss: 0.0400824
EarlyStopping counter: 1 out of 10
Updating learning rate to 9.504078413569088e-07
Epoch: 87 cost time: 1.1724803447723389
Epoch: 87, Steps: 29 | Train Loss: 0.0452829 Vali Loss: 0.0837208 Test Loss: 0.0401674
EarlyStopping counter: 2 out of 10
Updating learning rate to 8.229126457411124e-07
Epoch: 88 cost time: 1.1718578338623047
Epoch: 88, Steps: 29 | Train Loss: 0.0452652 Vali Loss: 0.0837675 Test Loss: 0.0401438
EarlyStopping counter: 3 out of 10
Updating learning rate to 7.038295884363647e-07
Epoch: 89 cost time: 1.179100513458252
Epoch: 89, Steps: 29 | Train Loss: 0.0452815 Vali Loss: 0.0839184 Test Loss: 0.0401227
EarlyStopping counter: 4 out of 10
Updating learning rate to 5.933984868721898e-07
Epoch: 90 cost time: 1.1802558898925781
Epoch: 90, Steps: 29 | Train Loss: 0.0452574 Vali Loss: 0.0834982 Test Loss: 0.0401646
Validation loss decreased (0.083632 --> 0.083498).  Saving model ...
Updating learning rate to 4.918417345906772e-07
Epoch: 91 cost time: 1.181412935256958
Epoch: 91, Steps: 29 | Train Loss: 0.0452835 Vali Loss: 0.0838771 Test Loss: 0.0401238
EarlyStopping counter: 1 out of 10
Updating learning rate to 3.9936385337548097e-07
Epoch: 92 cost time: 1.180495023727417
Epoch: 92, Steps: 29 | Train Loss: 0.0452597 Vali Loss: 0.0838760 Test Loss: 0.0401285
EarlyStopping counter: 2 out of 10
Updating learning rate to 3.161510813721721e-07
Epoch: 93 cost time: 1.1799941062927246
Epoch: 93, Steps: 29 | Train Loss: 0.0452677 Vali Loss: 0.0837202 Test Loss: 0.0401412
EarlyStopping counter: 3 out of 10
Updating learning rate to 2.4237099802938663e-07
Epoch: 94 cost time: 1.1864862442016602
Epoch: 94, Steps: 29 | Train Loss: 0.0452735 Vali Loss: 0.0835976 Test Loss: 0.0401375
EarlyStopping counter: 4 out of 10
Updating learning rate to 1.7817218661613333e-07
Epoch: 95 cost time: 1.1798014640808105
Epoch: 95, Steps: 29 | Train Loss: 0.0452554 Vali Loss: 0.0839019 Test Loss: 0.0401548
EarlyStopping counter: 5 out of 10
Updating learning rate to 1.236839349948492e-07
Epoch: 96 cost time: 1.1833012104034424
Epoch: 96, Steps: 29 | Train Loss: 0.0452945 Vali Loss: 0.0839389 Test Loss: 0.0401459
EarlyStopping counter: 6 out of 10
Updating learning rate to 7.90159752528609e-08
Epoch: 97 cost time: 1.1768879890441895
Epoch: 97, Steps: 29 | Train Loss: 0.0452227 Vali Loss: 0.0837077 Test Loss: 0.0401472
EarlyStopping counter: 7 out of 10
Updating learning rate to 4.425826271655888e-08
Epoch: 98 cost time: 1.180492639541626
Epoch: 98, Steps: 29 | Train Loss: 0.0452487 Vali Loss: 0.0838651 Test Loss: 0.0401357
EarlyStopping counter: 8 out of 10
Updating learning rate to 1.948079479334324e-08
Epoch: 99 cost time: 1.1841471195220947
Epoch: 99, Steps: 29 | Train Loss: 0.0452729 Vali Loss: 0.0837390 Test Loss: 0.0401363
EarlyStopping counter: 9 out of 10
Updating learning rate to 4.7334700061613195e-09
Epoch: 100 cost time: 1.1847388744354248
Epoch: 100, Steps: 29 | Train Loss: 0.0452769 Vali Loss: 0.0838707 Test Loss: 0.0401563
EarlyStopping counter: 10 out of 10
Early stopping
>>>>>>>testing : ETTh1_336_720_DTFNet_ETTh1_ftM_sl336_ll0_pl720_dm128_nh16_el2_br2_dl1_df256_fc1_ebtimeF_dtTrue_'Exp'_0_'rel_sin'_16_8_16,24_8,12_3_1_256<<<<<<<<<<<<<<<<<<<<<<<<<<<<<<<<<
test 2161
mse:0.42434048652648926, mae:0.4485544264316559, rse:0.6256656050682068
