Args in experiment:
Namespace(random_seed=4321, is_training=1, model_id='ETTh1_336_720', model='DTFNet', data='ETTh1', root_path='./dataset/', data_path='ETTh1.csv', features='M', target='OT', freq='h', checkpoints='./checkpoints/', seq_len=336, label_len=0, pred_len=720, n_branches=2, patch_len_ls='16,24', stride_ls='8,12', d_model_ls='128', n_heads_ls='16', rel_pe="'rel_sin'", res_attn=False, head_type='flatten', fc_dropout=0.3, head_dropout=0.1, patch_len=16, stride=8, padding_patch="'end'", revin=1, affine=0, subtract_last=0, decomposition=0, kernel_size=25, individual=0, store_attn=False, pre_norm=False, pe='zeros', no_learn_pe=True, embed_type=0, enc_in=7, dec_in=7, c_out=7, d_model=128, n_heads=16, e_layers=2, d_layers=1, d_ff=256, moving_avg=25, factor=1, distil=True, dropout=0.3, embed='timeF', activation='gelu', output_attention=False, do_predict=False, num_workers=0, itr=1, train_epochs=100, batch_size=256, patience=10, learning_rate=1e-05, des="'Exp'", loss='mse', lradj='TST', pct_start=0.3, use_amp=False, l2=0.0, warmup_steps=0, use_gpu=True, gpu=0, use_multi_gpu=False, devices='0', test_flop=False, use_mlflow=False, mlflow_project='exp', loss_flag=2, sub_patch_len=16, sub_stride=8, stride_ls_list='16', model_type='linear', tfactor=3, dilation_rates='1', wavelet_layers=2, wavelet_type='db5', wavelet_mode='periodization', wavelet_dim=64, initTLV=0.2)
Use GPU: cuda:0
>>>>>>>start training : ETTh1_336_720_DTFNet_ETTh1_ftM_sl336_ll0_pl720_dm128_nh16_el2_br2_dl1_df256_fc1_ebtimeF_dtTrue_'Exp'_0_'rel_sin'_16_8_16,24_8,12_3_1_256>>>>>>>>>>>>>>>>>>>>>>>>>>
train 7585
val 2161
test 2161
Epoch: 1 cost time: 1.545189619064331
Epoch: 1, Steps: 29 | Train Loss: 0.1076269 Vali Loss: 0.1790715 Test Loss: 0.0998262
Validation loss decreased (inf --> 0.179072).  Saving model ...
Updating learning rate to 4.2635539919063106e-07
Epoch: 2 cost time: 1.1776909828186035
Epoch: 2, Steps: 29 | Train Loss: 0.1067395 Vali Loss: 0.1774455 Test Loss: 0.0989737
Validation loss decreased (0.179072 --> 0.177446).  Saving model ...
Updating learning rate to 5.051321771514831e-07
Epoch: 3 cost time: 1.178196907043457
Epoch: 3, Steps: 29 | Train Loss: 0.1058553 Vali Loss: 0.1759401 Test Loss: 0.0980596
Validation loss decreased (0.177446 --> 0.175940).  Saving model ...
Updating learning rate to 6.354652532866785e-07
Epoch: 4 cost time: 1.1830480098724365
Epoch: 4, Steps: 29 | Train Loss: 0.1049708 Vali Loss: 0.1745172 Test Loss: 0.0970792
Validation loss decreased (0.175940 --> 0.174517).  Saving model ...
Updating learning rate to 8.159233858256806e-07
Epoch: 5 cost time: 1.1816182136535645
Epoch: 5, Steps: 29 | Train Loss: 0.1039914 Vali Loss: 0.1722580 Test Loss: 0.0960059
Validation loss decreased (0.174517 --> 0.172258).  Saving model ...
Updating learning rate to 1.0445248888850473e-06
Epoch: 6 cost time: 1.175295352935791
Epoch: 6, Steps: 29 | Train Loss: 0.1030650 Vali Loss: 0.1699895 Test Loss: 0.0947970
Validation loss decreased (0.172258 --> 0.169990).  Saving model ...
Updating learning rate to 1.3187593941861497e-06
Epoch: 7 cost time: 1.1817617416381836
Epoch: 7, Steps: 29 | Train Loss: 0.1019093 Vali Loss: 0.1681746 Test Loss: 0.0934126
Validation loss decreased (0.169990 --> 0.168175).  Saving model ...
Updating learning rate to 1.6356154184543822e-06
Epoch: 8 cost time: 1.1827964782714844
Epoch: 8, Steps: 29 | Train Loss: 0.1006311 Vali Loss: 0.1652752 Test Loss: 0.0917246
Validation loss decreased (0.168175 --> 0.165275).  Saving model ...
Updating learning rate to 1.9916134337707666e-06
Epoch: 9 cost time: 1.1794540882110596
Epoch: 9, Steps: 29 | Train Loss: 0.0992129 Vali Loss: 0.1623252 Test Loss: 0.0895299
Validation loss decreased (0.165275 --> 0.162325).  Saving model ...
Updating learning rate to 2.3828440777166636e-06
Epoch: 10 cost time: 1.1774511337280273
Epoch: 10, Steps: 29 | Train Loss: 0.0974420 Vali Loss: 0.1581249 Test Loss: 0.0865659
Validation loss decreased (0.162325 --> 0.158125).  Saving model ...
Updating learning rate to 2.805011083710071e-06
Epoch: 11 cost time: 1.1804912090301514
Epoch: 11, Steps: 29 | Train Loss: 0.0950425 Vali Loss: 0.1527701 Test Loss: 0.0824921
Validation loss decreased (0.158125 --> 0.152770).  Saving model ...
Updating learning rate to 3.2534784600976295e-06
Epoch: 12 cost time: 1.1731235980987549
Epoch: 12, Steps: 29 | Train Loss: 0.0924562 Vali Loss: 0.1467054 Test Loss: 0.0778920
Validation loss decreased (0.152770 --> 0.146705).  Saving model ...
Updating learning rate to 3.723321399909056e-06
Epoch: 13 cost time: 1.1807188987731934
Epoch: 13, Steps: 29 | Train Loss: 0.0900025 Vali Loss: 0.1425864 Test Loss: 0.0749406
Validation loss decreased (0.146705 --> 0.142586).  Saving model ...
Updating learning rate to 4.209380362212844e-06
Epoch: 14 cost time: 1.1724467277526855
Epoch: 14, Steps: 29 | Train Loss: 0.0881182 Vali Loss: 0.1387888 Test Loss: 0.0732127
Validation loss decreased (0.142586 --> 0.138789).  Saving model ...
Updating learning rate to 4.706317731183279e-06
Epoch: 15 cost time: 1.1809923648834229
Epoch: 15, Steps: 29 | Train Loss: 0.0864535 Vali Loss: 0.1361781 Test Loss: 0.0713364
Validation loss decreased (0.138789 --> 0.136178).  Saving model ...
Updating learning rate to 5.208676430682048e-06
Epoch: 16 cost time: 1.1789259910583496
Epoch: 16, Steps: 29 | Train Loss: 0.0847134 Vali Loss: 0.1334278 Test Loss: 0.0691753
Validation loss decreased (0.136178 --> 0.133428).  Saving model ...
Updating learning rate to 5.710939850683244e-06
Epoch: 17 cost time: 1.1781525611877441
Epoch: 17, Steps: 29 | Train Loss: 0.0831898 Vali Loss: 0.1316500 Test Loss: 0.0675059
Validation loss decreased (0.133428 --> 0.131650).  Saving model ...
Updating learning rate to 6.207592427464792e-06
Epoch: 18 cost time: 1.1750900745391846
Epoch: 18, Steps: 29 | Train Loss: 0.0817829 Vali Loss: 0.1296319 Test Loss: 0.0659441
Validation loss decreased (0.131650 --> 0.129632).  Saving model ...
Updating learning rate to 6.693180212309968e-06
Epoch: 19 cost time: 1.1775426864624023
Epoch: 19, Steps: 29 | Train Loss: 0.0806017 Vali Loss: 0.1283001 Test Loss: 0.0646498
Validation loss decreased (0.129632 --> 0.128300).  Saving model ...
Updating learning rate to 7.1623707635889015e-06
Epoch: 20 cost time: 1.1838209629058838
Epoch: 20, Steps: 29 | Train Loss: 0.0795939 Vali Loss: 0.1272600 Test Loss: 0.0638244
Validation loss decreased (0.128300 --> 0.127260).  Saving model ...
Updating learning rate to 7.610011704520164e-06
Epoch: 21 cost time: 1.1848235130310059
Epoch: 21, Steps: 29 | Train Loss: 0.0787381 Vali Loss: 0.1263857 Test Loss: 0.0629577
Validation loss decreased (0.127260 --> 0.126386).  Saving model ...
Updating learning rate to 8.031187303565295e-06
Epoch: 22 cost time: 1.1860949993133545
Epoch: 22, Steps: 29 | Train Loss: 0.0778348 Vali Loss: 0.1253754 Test Loss: 0.0618827
Validation loss decreased (0.126386 --> 0.125375).  Saving model ...
Updating learning rate to 8.421272456123378e-06
Epoch: 23 cost time: 1.177933692932129
Epoch: 23, Steps: 29 | Train Loss: 0.0770371 Vali Loss: 0.1245953 Test Loss: 0.0613223
Validation loss decreased (0.125375 --> 0.124595).  Saving model ...
Updating learning rate to 8.775983474730246e-06
Epoch: 24 cost time: 1.1792752742767334
Epoch: 24, Steps: 29 | Train Loss: 0.0761537 Vali Loss: 0.1237272 Test Loss: 0.0610603
Validation loss decreased (0.124595 --> 0.123727).  Saving model ...
Updating learning rate to 9.091425130013939e-06
Epoch: 25 cost time: 1.1772217750549316
Epoch: 25, Steps: 29 | Train Loss: 0.0754197 Vali Loss: 0.1224022 Test Loss: 0.0600716
Validation loss decreased (0.123727 --> 0.122402).  Saving model ...
Updating learning rate to 9.364133425830145e-06
Epoch: 26 cost time: 1.1793560981750488
Epoch: 26, Steps: 29 | Train Loss: 0.0746144 Vali Loss: 0.1216371 Test Loss: 0.0595727
Validation loss decreased (0.122402 --> 0.121637).  Saving model ...
Updating learning rate to 9.591113638846019e-06
Epoch: 27 cost time: 1.1752257347106934
Epoch: 27, Steps: 29 | Train Loss: 0.0738424 Vali Loss: 0.1208394 Test Loss: 0.0589935
Validation loss decreased (0.121637 --> 0.120839).  Saving model ...
Updating learning rate to 9.769873204843885e-06
Epoch: 28 cost time: 1.1780307292938232
Epoch: 28, Steps: 29 | Train Loss: 0.0731724 Vali Loss: 0.1202749 Test Loss: 0.0581952
Validation loss decreased (0.120839 --> 0.120275).  Saving model ...
Updating learning rate to 9.898449090606656e-06
Epoch: 29 cost time: 1.1834723949432373
Epoch: 29, Steps: 29 | Train Loss: 0.0723481 Vali Loss: 0.1196441 Test Loss: 0.0575307
Validation loss decreased (0.120275 --> 0.119644).  Saving model ...
Updating learning rate to 9.975429350802846e-06
Epoch: 30 cost time: 1.1787335872650146
Epoch: 30, Steps: 29 | Train Loss: 0.0717161 Vali Loss: 0.1185568 Test Loss: 0.0569531
Validation loss decreased (0.119644 --> 0.118557).  Saving model ...
Updating learning rate to 9.99999401249548e-06
Epoch: 31 cost time: 1.1811339855194092
Epoch: 31, Steps: 29 | Train Loss: 0.0709889 Vali Loss: 0.1177667 Test Loss: 0.0566390
Validation loss decreased (0.118557 --> 0.117767).  Saving model ...
Updating learning rate to 9.994612212745642e-06
Epoch: 32 cost time: 1.1803748607635498
Epoch: 32, Steps: 29 | Train Loss: 0.0702809 Vali Loss: 0.1168569 Test Loss: 0.0562262
Validation loss decreased (0.117767 --> 0.116857).  Saving model ...
Updating learning rate to 9.979171968972798e-06
Epoch: 33 cost time: 1.1795194149017334
Epoch: 33, Steps: 29 | Train Loss: 0.0695886 Vali Loss: 0.1163170 Test Loss: 0.0557153
Validation loss decreased (0.116857 --> 0.116317).  Saving model ...
Updating learning rate to 9.953704375773079e-06
Epoch: 34 cost time: 1.1773488521575928
Epoch: 34, Steps: 29 | Train Loss: 0.0688794 Vali Loss: 0.1157188 Test Loss: 0.0553058
Validation loss decreased (0.116317 --> 0.115719).  Saving model ...
Updating learning rate to 9.918260721489893e-06
Epoch: 35 cost time: 1.1713967323303223
Epoch: 35, Steps: 29 | Train Loss: 0.0682128 Vali Loss: 0.1157565 Test Loss: 0.0545788
EarlyStopping counter: 1 out of 10
Updating learning rate to 9.872912384926035e-06
Epoch: 36 cost time: 1.1780400276184082
Epoch: 36, Steps: 29 | Train Loss: 0.0675328 Vali Loss: 0.1144674 Test Loss: 0.0543890
Validation loss decreased (0.115719 --> 0.114467).  Saving model ...
Updating learning rate to 9.817750691596265e-06
Epoch: 37 cost time: 1.167888879776001
Epoch: 37, Steps: 29 | Train Loss: 0.0668888 Vali Loss: 0.1141555 Test Loss: 0.0536310
Validation loss decreased (0.114467 --> 0.114155).  Saving model ...
Updating learning rate to 9.752886729809889e-06
Epoch: 38 cost time: 1.1808977127075195
Epoch: 38, Steps: 29 | Train Loss: 0.0663063 Vali Loss: 0.1124417 Test Loss: 0.0536598
Validation loss decreased (0.114155 --> 0.112442).  Saving model ...
Updating learning rate to 9.678451126953676e-06
Epoch: 39 cost time: 1.182703971862793
Epoch: 39, Steps: 29 | Train Loss: 0.0656062 Vali Loss: 0.1121122 Test Loss: 0.0531649
Validation loss decreased (0.112442 --> 0.112112).  Saving model ...
Updating learning rate to 9.594593786425696e-06
Epoch: 40 cost time: 1.1798570156097412
Epoch: 40, Steps: 29 | Train Loss: 0.0649078 Vali Loss: 0.1118268 Test Loss: 0.0525150
Validation loss decreased (0.112112 --> 0.111827).  Saving model ...
Updating learning rate to 9.501483585749811e-06
Epoch: 41 cost time: 1.1737513542175293
Epoch: 41, Steps: 29 | Train Loss: 0.0642860 Vali Loss: 0.1094741 Test Loss: 0.0530534
Validation loss decreased (0.111827 --> 0.109474).  Saving model ...
Updating learning rate to 9.399308036478838e-06
Epoch: 42 cost time: 1.1796138286590576
Epoch: 42, Steps: 29 | Train Loss: 0.0637134 Vali Loss: 0.1096847 Test Loss: 0.0523097
EarlyStopping counter: 1 out of 10
Updating learning rate to 9.288272906571216e-06
Epoch: 43 cost time: 1.1743621826171875
Epoch: 43, Steps: 29 | Train Loss: 0.0630990 Vali Loss: 0.1091646 Test Loss: 0.0516397
Validation loss decreased (0.109474 --> 0.109165).  Saving model ...
Updating learning rate to 9.16860180600173e-06
Epoch: 44 cost time: 1.1882860660552979
Epoch: 44, Steps: 29 | Train Loss: 0.0624981 Vali Loss: 0.1088949 Test Loss: 0.0513354
Validation loss decreased (0.109165 --> 0.108895).  Saving model ...
Updating learning rate to 9.040535736440785e-06
Epoch: 45 cost time: 1.1824429035186768
Epoch: 45, Steps: 29 | Train Loss: 0.0618839 Vali Loss: 0.1074430 Test Loss: 0.0513244
Validation loss decreased (0.108895 --> 0.107443).  Saving model ...
Updating learning rate to 8.904332605909106e-06
Epoch: 46 cost time: 1.1759662628173828
Epoch: 46, Steps: 29 | Train Loss: 0.0613581 Vali Loss: 0.1067434 Test Loss: 0.0512162
Validation loss decreased (0.107443 --> 0.106743).  Saving model ...
Updating learning rate to 8.760266709385311e-06
Epoch: 47 cost time: 1.174882411956787
Epoch: 47, Steps: 29 | Train Loss: 0.0606937 Vali Loss: 0.1057916 Test Loss: 0.0506969
Validation loss decreased (0.106743 --> 0.105792).  Saving model ...
Updating learning rate to 8.608628176412335e-06
Epoch: 48 cost time: 1.1797337532043457
Epoch: 48, Steps: 29 | Train Loss: 0.0602343 Vali Loss: 0.1055848 Test Loss: 0.0504425
Validation loss decreased (0.105792 --> 0.105585).  Saving model ...
Updating learning rate to 8.449722386815127e-06
Epoch: 49 cost time: 1.17811918258667
Epoch: 49, Steps: 29 | Train Loss: 0.0596223 Vali Loss: 0.1046469 Test Loss: 0.0498659
Validation loss decreased (0.105585 --> 0.104647).  Saving model ...
Updating learning rate to 8.28386935570634e-06
Epoch: 50 cost time: 1.1800789833068848
Epoch: 50, Steps: 29 | Train Loss: 0.0590086 Vali Loss: 0.1039880 Test Loss: 0.0497382
Validation loss decreased (0.104647 --> 0.103988).  Saving model ...
Updating learning rate to 8.111403089018465e-06
Epoch: 51 cost time: 1.1756227016448975
Epoch: 51, Steps: 29 | Train Loss: 0.0585852 Vali Loss: 0.1028766 Test Loss: 0.0494979
Validation loss decreased (0.103988 --> 0.102877).  Saving model ...
Updating learning rate to 7.93267091086035e-06
Epoch: 52 cost time: 1.1780095100402832
Epoch: 52, Steps: 29 | Train Loss: 0.0580273 Vali Loss: 0.1022025 Test Loss: 0.0490191
Validation loss decreased (0.102877 --> 0.102203).  Saving model ...
Updating learning rate to 7.748032764052655e-06
Epoch: 53 cost time: 1.1841223239898682
Epoch: 53, Steps: 29 | Train Loss: 0.0575083 Vali Loss: 0.1024908 Test Loss: 0.0483897
EarlyStopping counter: 1 out of 10
Updating learning rate to 7.557860485250925e-06
Epoch: 54 cost time: 1.1723253726959229
Epoch: 54, Steps: 29 | Train Loss: 0.0569259 Vali Loss: 0.1006468 Test Loss: 0.0484521
Validation loss decreased (0.102203 --> 0.100647).  Saving model ...
Updating learning rate to 7.362537056116034e-06
Epoch: 55 cost time: 1.1796104907989502
Epoch: 55, Steps: 29 | Train Loss: 0.0564585 Vali Loss: 0.0996452 Test Loss: 0.0481645
Validation loss decreased (0.100647 --> 0.099645).  Saving model ...
Updating learning rate to 7.162455832040107e-06
Epoch: 56 cost time: 1.1792805194854736
Epoch: 56, Steps: 29 | Train Loss: 0.0559176 Vali Loss: 0.0995121 Test Loss: 0.0477934
Validation loss decreased (0.099645 --> 0.099512).  Saving model ...
Updating learning rate to 6.9580197499810984e-06
Epoch: 57 cost time: 1.1790356636047363
Epoch: 57, Steps: 29 | Train Loss: 0.0553794 Vali Loss: 0.0991482 Test Loss: 0.0471359
Validation loss decreased (0.099512 --> 0.099148).  Saving model ...
Updating learning rate to 6.7496405170013816e-06
Epoch: 58 cost time: 1.1814782619476318
Epoch: 58, Steps: 29 | Train Loss: 0.0549481 Vali Loss: 0.0984017 Test Loss: 0.0470321
Validation loss decreased (0.099148 --> 0.098402).  Saving model ...
Updating learning rate to 6.537737781144523e-06
Epoch: 59 cost time: 1.173234462738037
Epoch: 59, Steps: 29 | Train Loss: 0.0544863 Vali Loss: 0.0972269 Test Loss: 0.0470032
Validation loss decreased (0.098402 --> 0.097227).  Saving model ...
Updating learning rate to 6.322738286319964e-06
Epoch: 60 cost time: 1.175389051437378
Epoch: 60, Steps: 29 | Train Loss: 0.0540638 Vali Loss: 0.0971228 Test Loss: 0.0462414
Validation loss decreased (0.097227 --> 0.097123).  Saving model ...
Updating learning rate to 6.105075012897585e-06
Epoch: 61 cost time: 1.1817119121551514
Epoch: 61, Steps: 29 | Train Loss: 0.0535457 Vali Loss: 0.0959719 Test Loss: 0.0461427
Validation loss decreased (0.097123 --> 0.095972).  Saving model ...
Updating learning rate to 5.885186305742857e-06
Epoch: 62 cost time: 1.180241584777832
Epoch: 62, Steps: 29 | Train Loss: 0.0531221 Vali Loss: 0.0952584 Test Loss: 0.0458333
Validation loss decreased (0.095972 --> 0.095258).  Saving model ...
Updating learning rate to 5.6635149914486225e-06
Epoch: 63 cost time: 1.1729083061218262
Epoch: 63, Steps: 29 | Train Loss: 0.0526038 Vali Loss: 0.0941699 Test Loss: 0.0456906
Validation loss decreased (0.095258 --> 0.094170).  Saving model ...
Updating learning rate to 5.440507486541268e-06
Epoch: 64 cost time: 1.1783597469329834
Epoch: 64, Steps: 29 | Train Loss: 0.0521874 Vali Loss: 0.0937623 Test Loss: 0.0453436
Validation loss decreased (0.094170 --> 0.093762).  Saving model ...
Updating learning rate to 5.216612898457253e-06
Epoch: 65 cost time: 1.1734492778778076
Epoch: 65, Steps: 29 | Train Loss: 0.0517462 Vali Loss: 0.0932597 Test Loss: 0.0450460
Validation loss decreased (0.093762 --> 0.093260).  Saving model ...
Updating learning rate to 4.992282121100496e-06
Epoch: 66 cost time: 1.1781368255615234
Epoch: 66, Steps: 29 | Train Loss: 0.0513028 Vali Loss: 0.0925115 Test Loss: 0.0448616
Validation loss decreased (0.093260 --> 0.092511).  Saving model ...
Updating learning rate to 4.767966926802067e-06
Epoch: 67 cost time: 1.1774702072143555
Epoch: 67, Steps: 29 | Train Loss: 0.0508826 Vali Loss: 0.0916520 Test Loss: 0.0443247
Validation loss decreased (0.092511 --> 0.091652).  Saving model ...
Updating learning rate to 4.5441190565108235e-06
Epoch: 68 cost time: 1.1898350715637207
Epoch: 68, Steps: 29 | Train Loss: 0.0504571 Vali Loss: 0.0914705 Test Loss: 0.0438880
Validation loss decreased (0.091652 --> 0.091471).  Saving model ...
Updating learning rate to 4.3211893100472735e-06
Epoch: 69 cost time: 1.1784508228302002
Epoch: 69, Steps: 29 | Train Loss: 0.0500445 Vali Loss: 0.0902127 Test Loss: 0.0438639
Validation loss decreased (0.091471 --> 0.090213).  Saving model ...
Updating learning rate to 4.099626638252712e-06
Epoch: 70 cost time: 1.1793546676635742
Epoch: 70, Steps: 29 | Train Loss: 0.0496429 Vali Loss: 0.0896385 Test Loss: 0.0435070
Validation loss decreased (0.090213 --> 0.089639).  Saving model ...
Updating learning rate to 3.879877238861997e-06
Epoch: 71 cost time: 1.1812968254089355
Epoch: 71, Steps: 29 | Train Loss: 0.0492040 Vali Loss: 0.0887250 Test Loss: 0.0433333
Validation loss decreased (0.089639 --> 0.088725).  Saving model ...
Updating learning rate to 3.662383657920668e-06
Epoch: 72 cost time: 1.1774656772613525
Epoch: 72, Steps: 29 | Train Loss: 0.0488775 Vali Loss: 0.0882435 Test Loss: 0.0429963
Validation loss decreased (0.088725 --> 0.088244).  Saving model ...
Updating learning rate to 3.447583898556124e-06
Epoch: 73 cost time: 1.1797294616699219
Epoch: 73, Steps: 29 | Train Loss: 0.0484259 Vali Loss: 0.0874566 Test Loss: 0.0428383
Validation loss decreased (0.088244 --> 0.087457).  Saving model ...
Updating learning rate to 3.2359105388976132e-06
Epoch: 74 cost time: 1.179140329360962
Epoch: 74, Steps: 29 | Train Loss: 0.0480692 Vali Loss: 0.0867983 Test Loss: 0.0424168
Validation loss decreased (0.087457 --> 0.086798).  Saving model ...
Updating learning rate to 3.027789860921434e-06
Epoch: 75 cost time: 1.1814968585968018
Epoch: 75, Steps: 29 | Train Loss: 0.0476207 Vali Loss: 0.0868069 Test Loss: 0.0418620
EarlyStopping counter: 1 out of 10
Updating learning rate to 2.8236409919757893e-06
Epoch: 76 cost time: 1.174891471862793
Epoch: 76, Steps: 29 | Train Loss: 0.0472761 Vali Loss: 0.0853457 Test Loss: 0.0419417
Validation loss decreased (0.086798 --> 0.085346).  Saving model ...
Updating learning rate to 2.6238750607140637e-06
Epoch: 77 cost time: 1.1826891899108887
Epoch: 77, Steps: 29 | Train Loss: 0.0468896 Vali Loss: 0.0850668 Test Loss: 0.0415175
Validation loss decreased (0.085346 --> 0.085067).  Saving model ...
Updating learning rate to 2.4288943691364434e-06
Epoch: 78 cost time: 1.1818428039550781
Epoch: 78, Steps: 29 | Train Loss: 0.0465101 Vali Loss: 0.0841746 Test Loss: 0.0412695
Validation loss decreased (0.085067 --> 0.084175).  Saving model ...
Updating learning rate to 2.2390915824072217e-06
Epoch: 79 cost time: 1.1833698749542236
Epoch: 79, Steps: 29 | Train Loss: 0.0461351 Vali Loss: 0.0837814 Test Loss: 0.0408300
Validation loss decreased (0.084175 --> 0.083781).  Saving model ...
Updating learning rate to 2.0548489380794217e-06
Epoch: 80 cost time: 1.186666488647461
Epoch: 80, Steps: 29 | Train Loss: 0.0457824 Vali Loss: 0.0829608 Test Loss: 0.0405466
Validation loss decreased (0.083781 --> 0.082961).  Saving model ...
Updating learning rate to 1.876537476319218e-06
Epoch: 81 cost time: 1.1794769763946533
Epoch: 81, Steps: 29 | Train Loss: 0.0454932 Vali Loss: 0.0828432 Test Loss: 0.0404741
Validation loss decreased (0.082961 --> 0.082843).  Saving model ...
Updating learning rate to 1.7045162926804444e-06
Epoch: 82 cost time: 1.1833856105804443
Epoch: 82, Steps: 29 | Train Loss: 0.0454499 Vali Loss: 0.0829176 Test Loss: 0.0404778
EarlyStopping counter: 1 out of 10
Updating learning rate to 1.5391318149339123e-06
Epoch: 83 cost time: 1.176091194152832
Epoch: 83, Steps: 29 | Train Loss: 0.0454209 Vali Loss: 0.0826694 Test Loss: 0.0405168
Validation loss decreased (0.082843 --> 0.082669).  Saving model ...
Updating learning rate to 1.3807171054080036e-06
Epoch: 84 cost time: 1.1738567352294922
Epoch: 84, Steps: 29 | Train Loss: 0.0454583 Vali Loss: 0.0829472 Test Loss: 0.0404434
EarlyStopping counter: 1 out of 10
Updating learning rate to 1.2295911902454577e-06
Epoch: 85 cost time: 1.1721205711364746
Epoch: 85, Steps: 29 | Train Loss: 0.0454334 Vali Loss: 0.0826721 Test Loss: 0.0405078
EarlyStopping counter: 2 out of 10
Updating learning rate to 1.0860584169271784e-06
Epoch: 86 cost time: 1.1803641319274902
Epoch: 86, Steps: 29 | Train Loss: 0.0454214 Vali Loss: 0.0830858 Test Loss: 0.0404571
EarlyStopping counter: 3 out of 10
Updating learning rate to 9.504078413569088e-07
Epoch: 87 cost time: 1.1789205074310303
Epoch: 87, Steps: 29 | Train Loss: 0.0453862 Vali Loss: 0.0827065 Test Loss: 0.0404790
EarlyStopping counter: 4 out of 10
Updating learning rate to 8.229126457411124e-07
Epoch: 88 cost time: 1.1703169345855713
Epoch: 88, Steps: 29 | Train Loss: 0.0453843 Vali Loss: 0.0828373 Test Loss: 0.0404715
EarlyStopping counter: 5 out of 10
Updating learning rate to 7.038295884363647e-07
Epoch: 89 cost time: 1.1826908588409424
Epoch: 89, Steps: 29 | Train Loss: 0.0453875 Vali Loss: 0.0828223 Test Loss: 0.0405101
EarlyStopping counter: 6 out of 10
Updating learning rate to 5.933984868721898e-07
Epoch: 90 cost time: 1.1789600849151611
Epoch: 90, Steps: 29 | Train Loss: 0.0453780 Vali Loss: 0.0827674 Test Loss: 0.0404768
EarlyStopping counter: 7 out of 10
Updating learning rate to 4.918417345906772e-07
Epoch: 91 cost time: 1.1776783466339111
Epoch: 91, Steps: 29 | Train Loss: 0.0454122 Vali Loss: 0.0828370 Test Loss: 0.0404864
EarlyStopping counter: 8 out of 10
Updating learning rate to 3.9936385337548097e-07
Epoch: 92 cost time: 1.1736125946044922
Epoch: 92, Steps: 29 | Train Loss: 0.0453885 Vali Loss: 0.0829987 Test Loss: 0.0404557
EarlyStopping counter: 9 out of 10
Updating learning rate to 3.161510813721721e-07
Epoch: 93 cost time: 1.1764261722564697
Epoch: 93, Steps: 29 | Train Loss: 0.0453731 Vali Loss: 0.0828791 Test Loss: 0.0405022
EarlyStopping counter: 10 out of 10
Early stopping
>>>>>>>testing : ETTh1_336_720_DTFNet_ETTh1_ftM_sl336_ll0_pl720_dm128_nh16_el2_br2_dl1_df256_fc1_ebtimeF_dtTrue_'Exp'_0_'rel_sin'_16_8_16,24_8,12_3_1_256<<<<<<<<<<<<<<<<<<<<<<<<<<<<<<<<<
test 2161
mse:0.4318676292896271, mae:0.4521361291408539, rse:0.6311904191970825
