Args in experiment:
Namespace(random_seed=2023, is_training=1, model_id='ETTh1_336_720', model='DTFNet', data='ETTh1', root_path='./dataset/', data_path='ETTh1.csv', features='M', target='OT', freq='h', checkpoints='./checkpoints/', seq_len=336, label_len=0, pred_len=720, n_branches=2, patch_len_ls='16,24', stride_ls='8,12', d_model_ls='128', n_heads_ls='16', rel_pe="'rel_sin'", res_attn=False, head_type='flatten', fc_dropout=0.3, head_dropout=0.1, patch_len=16, stride=8, padding_patch="'end'", revin=1, affine=0, subtract_last=0, decomposition=0, kernel_size=25, individual=0, store_attn=False, pre_norm=False, pe='zeros', no_learn_pe=True, embed_type=0, enc_in=7, dec_in=7, c_out=7, d_model=128, n_heads=16, e_layers=2, d_layers=1, d_ff=256, moving_avg=25, factor=1, distil=True, dropout=0.3, embed='timeF', activation='gelu', output_attention=False, do_predict=False, num_workers=0, itr=1, train_epochs=100, batch_size=256, patience=10, learning_rate=1e-05, des="'Exp'", loss='mse', lradj='TST', pct_start=0.3, use_amp=False, l2=0.0, warmup_steps=0, use_gpu=True, gpu=0, use_multi_gpu=False, devices='0', test_flop=False, use_mlflow=False, mlflow_project='exp', loss_flag=2, sub_patch_len=16, sub_stride=8, stride_ls_list='16', model_type='linear', tfactor=3, dilation_rates='1', wavelet_layers=2, wavelet_type='db5', wavelet_mode='periodization', wavelet_dim=64, initTLV=0.2)
Use GPU: cuda:0
>>>>>>>start training : ETTh1_336_720_DTFNet_ETTh1_ftM_sl336_ll0_pl720_dm128_nh16_el2_br2_dl1_df256_fc1_ebtimeF_dtTrue_'Exp'_0_'rel_sin'_16_8_16,24_8,12_3_1_256>>>>>>>>>>>>>>>>>>>>>>>>>>
train 7585
val 2161
test 2161
Epoch: 1 cost time: 1.550691843032837
Epoch: 1, Steps: 29 | Train Loss: 0.1076056 Vali Loss: 0.1787067 Test Loss: 0.0997126
Validation loss decreased (inf --> 0.178707).  Saving model ...
Updating learning rate to 4.2635539919063106e-07
Epoch: 2 cost time: 1.185244083404541
Epoch: 2, Steps: 29 | Train Loss: 0.1066419 Vali Loss: 0.1774844 Test Loss: 0.0988613
Validation loss decreased (0.178707 --> 0.177484).  Saving model ...
Updating learning rate to 5.051321771514831e-07
Epoch: 3 cost time: 1.1816365718841553
Epoch: 3, Steps: 29 | Train Loss: 0.1058370 Vali Loss: 0.1755952 Test Loss: 0.0979472
Validation loss decreased (0.177484 --> 0.175595).  Saving model ...
Updating learning rate to 6.354652532866785e-07
Epoch: 4 cost time: 1.1894659996032715
Epoch: 4, Steps: 29 | Train Loss: 0.1049130 Vali Loss: 0.1737669 Test Loss: 0.0969664
Validation loss decreased (0.175595 --> 0.173767).  Saving model ...
Updating learning rate to 8.159233858256806e-07
Epoch: 5 cost time: 1.181037187576294
Epoch: 5, Steps: 29 | Train Loss: 0.1039297 Vali Loss: 0.1724923 Test Loss: 0.0958964
Validation loss decreased (0.173767 --> 0.172492).  Saving model ...
Updating learning rate to 1.0445248888850473e-06
Epoch: 6 cost time: 1.190786600112915
Epoch: 6, Steps: 29 | Train Loss: 0.1029730 Vali Loss: 0.1704341 Test Loss: 0.0946930
Validation loss decreased (0.172492 --> 0.170434).  Saving model ...
Updating learning rate to 1.3187593941861497e-06
Epoch: 7 cost time: 1.1886093616485596
Epoch: 7, Steps: 29 | Train Loss: 0.1018211 Vali Loss: 0.1680253 Test Loss: 0.0933004
Validation loss decreased (0.170434 --> 0.168025).  Saving model ...
Updating learning rate to 1.6356154184543822e-06
Epoch: 8 cost time: 1.186805009841919
Epoch: 8, Steps: 29 | Train Loss: 0.1005658 Vali Loss: 0.1653232 Test Loss: 0.0916138
Validation loss decreased (0.168025 --> 0.165323).  Saving model ...
Updating learning rate to 1.9916134337707666e-06
Epoch: 9 cost time: 1.1878232955932617
Epoch: 9, Steps: 29 | Train Loss: 0.0990550 Vali Loss: 0.1623994 Test Loss: 0.0894319
Validation loss decreased (0.165323 --> 0.162399).  Saving model ...
Updating learning rate to 2.3828440777166636e-06
Epoch: 10 cost time: 1.1845850944519043
Epoch: 10, Steps: 29 | Train Loss: 0.0973166 Vali Loss: 0.1580233 Test Loss: 0.0864274
Validation loss decreased (0.162399 --> 0.158023).  Saving model ...
Updating learning rate to 2.805011083710071e-06
Epoch: 11 cost time: 1.1844193935394287
Epoch: 11, Steps: 29 | Train Loss: 0.0949869 Vali Loss: 0.1528248 Test Loss: 0.0823928
Validation loss decreased (0.158023 --> 0.152825).  Saving model ...
Updating learning rate to 3.2534784600976295e-06
Epoch: 12 cost time: 1.1877484321594238
Epoch: 12, Steps: 29 | Train Loss: 0.0923834 Vali Loss: 0.1469465 Test Loss: 0.0779493
Validation loss decreased (0.152825 --> 0.146947).  Saving model ...
Updating learning rate to 3.723321399909056e-06
Epoch: 13 cost time: 1.183913230895996
Epoch: 13, Steps: 29 | Train Loss: 0.0899258 Vali Loss: 0.1425007 Test Loss: 0.0749968
Validation loss decreased (0.146947 --> 0.142501).  Saving model ...
Updating learning rate to 4.209380362212844e-06
Epoch: 14 cost time: 1.1796975135803223
Epoch: 14, Steps: 29 | Train Loss: 0.0880106 Vali Loss: 0.1388536 Test Loss: 0.0731138
Validation loss decreased (0.142501 --> 0.138854).  Saving model ...
Updating learning rate to 4.706317731183279e-06
Epoch: 15 cost time: 1.1763312816619873
Epoch: 15, Steps: 29 | Train Loss: 0.0862444 Vali Loss: 0.1361421 Test Loss: 0.0711034
Validation loss decreased (0.138854 --> 0.136142).  Saving model ...
Updating learning rate to 5.208676430682048e-06
Epoch: 16 cost time: 1.1829566955566406
Epoch: 16, Steps: 29 | Train Loss: 0.0845627 Vali Loss: 0.1335548 Test Loss: 0.0689004
Validation loss decreased (0.136142 --> 0.133555).  Saving model ...
Updating learning rate to 5.710939850683244e-06
Epoch: 17 cost time: 1.1820118427276611
Epoch: 17, Steps: 29 | Train Loss: 0.0830081 Vali Loss: 0.1319446 Test Loss: 0.0667157
Validation loss decreased (0.133555 --> 0.131945).  Saving model ...
Updating learning rate to 6.207592427464792e-06
Epoch: 18 cost time: 1.1824424266815186
Epoch: 18, Steps: 29 | Train Loss: 0.0816772 Vali Loss: 0.1301335 Test Loss: 0.0658778
Validation loss decreased (0.131945 --> 0.130134).  Saving model ...
Updating learning rate to 6.693180212309968e-06
Epoch: 19 cost time: 1.1760997772216797
Epoch: 19, Steps: 29 | Train Loss: 0.0805697 Vali Loss: 0.1288323 Test Loss: 0.0649598
Validation loss decreased (0.130134 --> 0.128832).  Saving model ...
Updating learning rate to 7.1623707635889015e-06
Epoch: 20 cost time: 1.1785035133361816
Epoch: 20, Steps: 29 | Train Loss: 0.0795799 Vali Loss: 0.1277765 Test Loss: 0.0639096
Validation loss decreased (0.128832 --> 0.127776).  Saving model ...
Updating learning rate to 7.610011704520164e-06
Epoch: 21 cost time: 1.1845123767852783
Epoch: 21, Steps: 29 | Train Loss: 0.0786996 Vali Loss: 0.1267461 Test Loss: 0.0631845
Validation loss decreased (0.127776 --> 0.126746).  Saving model ...
Updating learning rate to 8.031187303565295e-06
Epoch: 22 cost time: 1.1740314960479736
Epoch: 22, Steps: 29 | Train Loss: 0.0778505 Vali Loss: 0.1254108 Test Loss: 0.0625727
Validation loss decreased (0.126746 --> 0.125411).  Saving model ...
Updating learning rate to 8.421272456123378e-06
Epoch: 23 cost time: 1.1842281818389893
Epoch: 23, Steps: 29 | Train Loss: 0.0770438 Vali Loss: 0.1248425 Test Loss: 0.0609857
Validation loss decreased (0.125411 --> 0.124843).  Saving model ...
Updating learning rate to 8.775983474730246e-06
Epoch: 24 cost time: 1.1811988353729248
Epoch: 24, Steps: 29 | Train Loss: 0.0762447 Vali Loss: 0.1237263 Test Loss: 0.0608983
Validation loss decreased (0.124843 --> 0.123726).  Saving model ...
Updating learning rate to 9.091425130013939e-06
Epoch: 25 cost time: 1.1811671257019043
Epoch: 25, Steps: 29 | Train Loss: 0.0754908 Vali Loss: 0.1224125 Test Loss: 0.0602828
Validation loss decreased (0.123726 --> 0.122413).  Saving model ...
Updating learning rate to 9.364133425830145e-06
Epoch: 26 cost time: 1.183875322341919
Epoch: 26, Steps: 29 | Train Loss: 0.0746677 Vali Loss: 0.1216991 Test Loss: 0.0594190
Validation loss decreased (0.122413 --> 0.121699).  Saving model ...
Updating learning rate to 9.591113638846019e-06
Epoch: 27 cost time: 1.1771550178527832
Epoch: 27, Steps: 29 | Train Loss: 0.0739254 Vali Loss: 0.1211307 Test Loss: 0.0583791
Validation loss decreased (0.121699 --> 0.121131).  Saving model ...
Updating learning rate to 9.769873204843885e-06
Epoch: 28 cost time: 1.1766877174377441
Epoch: 28, Steps: 29 | Train Loss: 0.0730920 Vali Loss: 0.1207902 Test Loss: 0.0577369
Validation loss decreased (0.121131 --> 0.120790).  Saving model ...
Updating learning rate to 9.898449090606656e-06
Epoch: 29 cost time: 1.180790662765503
Epoch: 29, Steps: 29 | Train Loss: 0.0723605 Vali Loss: 0.1194063 Test Loss: 0.0573326
Validation loss decreased (0.120790 --> 0.119406).  Saving model ...
Updating learning rate to 9.975429350802846e-06
Epoch: 30 cost time: 1.180321216583252
Epoch: 30, Steps: 29 | Train Loss: 0.0716604 Vali Loss: 0.1186998 Test Loss: 0.0568912
Validation loss decreased (0.119406 --> 0.118700).  Saving model ...
Updating learning rate to 9.99999401249548e-06
Epoch: 31 cost time: 1.1779913902282715
Epoch: 31, Steps: 29 | Train Loss: 0.0709501 Vali Loss: 0.1175954 Test Loss: 0.0564104
Validation loss decreased (0.118700 --> 0.117595).  Saving model ...
Updating learning rate to 9.994612212745642e-06
Epoch: 32 cost time: 1.1760337352752686
Epoch: 32, Steps: 29 | Train Loss: 0.0703102 Vali Loss: 0.1177961 Test Loss: 0.0554681
EarlyStopping counter: 1 out of 10
Updating learning rate to 9.979171968972798e-06
Epoch: 33 cost time: 1.171996831893921
Epoch: 33, Steps: 29 | Train Loss: 0.0696295 Vali Loss: 0.1164366 Test Loss: 0.0551844
Validation loss decreased (0.117595 --> 0.116437).  Saving model ...
Updating learning rate to 9.953704375773079e-06
Epoch: 34 cost time: 1.1834638118743896
Epoch: 34, Steps: 29 | Train Loss: 0.0688342 Vali Loss: 0.1153063 Test Loss: 0.0547476
Validation loss decreased (0.116437 --> 0.115306).  Saving model ...
Updating learning rate to 9.918260721489893e-06
Epoch: 35 cost time: 1.1755146980285645
Epoch: 35, Steps: 29 | Train Loss: 0.0682417 Vali Loss: 0.1149738 Test Loss: 0.0539886
Validation loss decreased (0.115306 --> 0.114974).  Saving model ...
Updating learning rate to 9.872912384926035e-06
Epoch: 36 cost time: 1.1784439086914062
Epoch: 36, Steps: 29 | Train Loss: 0.0675118 Vali Loss: 0.1139829 Test Loss: 0.0536752
Validation loss decreased (0.114974 --> 0.113983).  Saving model ...
Updating learning rate to 9.817750691596265e-06
Epoch: 37 cost time: 1.1719493865966797
Epoch: 37, Steps: 29 | Train Loss: 0.0668966 Vali Loss: 0.1131822 Test Loss: 0.0534768
Validation loss decreased (0.113983 --> 0.113182).  Saving model ...
Updating learning rate to 9.752886729809889e-06
Epoch: 38 cost time: 1.1762633323669434
Epoch: 38, Steps: 29 | Train Loss: 0.0662694 Vali Loss: 0.1126377 Test Loss: 0.0529693
Validation loss decreased (0.113182 --> 0.112638).  Saving model ...
Updating learning rate to 9.678451126953676e-06
Epoch: 39 cost time: 1.1792454719543457
Epoch: 39, Steps: 29 | Train Loss: 0.0656097 Vali Loss: 0.1123721 Test Loss: 0.0523160
Validation loss decreased (0.112638 --> 0.112372).  Saving model ...
Updating learning rate to 9.594593786425696e-06
Epoch: 40 cost time: 1.1789143085479736
Epoch: 40, Steps: 29 | Train Loss: 0.0649379 Vali Loss: 0.1116811 Test Loss: 0.0517142
Validation loss decreased (0.112372 --> 0.111681).  Saving model ...
Updating learning rate to 9.501483585749811e-06
Epoch: 41 cost time: 1.1730272769927979
Epoch: 41, Steps: 29 | Train Loss: 0.0643148 Vali Loss: 0.1105325 Test Loss: 0.0515970
Validation loss decreased (0.111681 --> 0.110533).  Saving model ...
Updating learning rate to 9.399308036478838e-06
Epoch: 42 cost time: 1.1794049739837646
Epoch: 42, Steps: 29 | Train Loss: 0.0636698 Vali Loss: 0.1103353 Test Loss: 0.0510687
Validation loss decreased (0.110533 --> 0.110335).  Saving model ...
Updating learning rate to 9.288272906571216e-06
Epoch: 43 cost time: 1.1807050704956055
Epoch: 43, Steps: 29 | Train Loss: 0.0631026 Vali Loss: 0.1095722 Test Loss: 0.0507054
Validation loss decreased (0.110335 --> 0.109572).  Saving model ...
Updating learning rate to 9.16860180600173e-06
Epoch: 44 cost time: 1.1783673763275146
Epoch: 44, Steps: 29 | Train Loss: 0.0624830 Vali Loss: 0.1088503 Test Loss: 0.0503525
Validation loss decreased (0.109572 --> 0.108850).  Saving model ...
Updating learning rate to 9.040535736440785e-06
Epoch: 45 cost time: 1.1788666248321533
Epoch: 45, Steps: 29 | Train Loss: 0.0618907 Vali Loss: 0.1080756 Test Loss: 0.0498834
Validation loss decreased (0.108850 --> 0.108076).  Saving model ...
Updating learning rate to 8.904332605909106e-06
Epoch: 46 cost time: 1.1788864135742188
Epoch: 46, Steps: 29 | Train Loss: 0.0613030 Vali Loss: 0.1079852 Test Loss: 0.0494840
Validation loss decreased (0.108076 --> 0.107985).  Saving model ...
Updating learning rate to 8.760266709385311e-06
Epoch: 47 cost time: 1.1824021339416504
Epoch: 47, Steps: 29 | Train Loss: 0.0607774 Vali Loss: 0.1074202 Test Loss: 0.0492221
Validation loss decreased (0.107985 --> 0.107420).  Saving model ...
Updating learning rate to 8.608628176412335e-06
Epoch: 48 cost time: 1.172560691833496
Epoch: 48, Steps: 29 | Train Loss: 0.0601074 Vali Loss: 0.1060413 Test Loss: 0.0488613
Validation loss decreased (0.107420 --> 0.106041).  Saving model ...
Updating learning rate to 8.449722386815127e-06
Epoch: 49 cost time: 1.1818821430206299
Epoch: 49, Steps: 29 | Train Loss: 0.0595715 Vali Loss: 0.1052017 Test Loss: 0.0486442
Validation loss decreased (0.106041 --> 0.105202).  Saving model ...
Updating learning rate to 8.28386935570634e-06
Epoch: 50 cost time: 1.1788406372070312
Epoch: 50, Steps: 29 | Train Loss: 0.0590795 Vali Loss: 0.1041329 Test Loss: 0.0483825
Validation loss decreased (0.105202 --> 0.104133).  Saving model ...
Updating learning rate to 8.111403089018465e-06
Epoch: 51 cost time: 1.1807363033294678
Epoch: 51, Steps: 29 | Train Loss: 0.0585180 Vali Loss: 0.1036031 Test Loss: 0.0479886
Validation loss decreased (0.104133 --> 0.103603).  Saving model ...
Updating learning rate to 7.93267091086035e-06
Epoch: 52 cost time: 1.1807520389556885
Epoch: 52, Steps: 29 | Train Loss: 0.0579380 Vali Loss: 0.1041437 Test Loss: 0.0475776
EarlyStopping counter: 1 out of 10
Updating learning rate to 7.748032764052655e-06
Epoch: 53 cost time: 1.1824984550476074
Epoch: 53, Steps: 29 | Train Loss: 0.0574000 Vali Loss: 0.1024384 Test Loss: 0.0473301
Validation loss decreased (0.103603 --> 0.102438).  Saving model ...
Updating learning rate to 7.557860485250925e-06
Epoch: 54 cost time: 1.1831660270690918
Epoch: 54, Steps: 29 | Train Loss: 0.0568803 Vali Loss: 0.1013229 Test Loss: 0.0470658
Validation loss decreased (0.102438 --> 0.101323).  Saving model ...
Updating learning rate to 7.362537056116034e-06
Epoch: 55 cost time: 1.1758449077606201
Epoch: 55, Steps: 29 | Train Loss: 0.0564360 Vali Loss: 0.1012498 Test Loss: 0.0467692
Validation loss decreased (0.101323 --> 0.101250).  Saving model ...
Updating learning rate to 7.162455832040107e-06
Epoch: 56 cost time: 1.1687595844268799
Epoch: 56, Steps: 29 | Train Loss: 0.0558960 Vali Loss: 0.0998036 Test Loss: 0.0465944
Validation loss decreased (0.101250 --> 0.099804).  Saving model ...
Updating learning rate to 6.9580197499810984e-06
Epoch: 57 cost time: 1.1821155548095703
Epoch: 57, Steps: 29 | Train Loss: 0.0554347 Vali Loss: 0.0998111 Test Loss: 0.0461045
EarlyStopping counter: 1 out of 10
Updating learning rate to 6.7496405170013816e-06
Epoch: 58 cost time: 1.1739485263824463
Epoch: 58, Steps: 29 | Train Loss: 0.0548542 Vali Loss: 0.0985877 Test Loss: 0.0458843
Validation loss decreased (0.099804 --> 0.098588).  Saving model ...
Updating learning rate to 6.537737781144523e-06
Epoch: 59 cost time: 1.1749536991119385
Epoch: 59, Steps: 29 | Train Loss: 0.0544657 Vali Loss: 0.0986081 Test Loss: 0.0454390
EarlyStopping counter: 1 out of 10
Updating learning rate to 6.322738286319964e-06
Epoch: 60 cost time: 1.1782817840576172
Epoch: 60, Steps: 29 | Train Loss: 0.0539964 Vali Loss: 0.0980836 Test Loss: 0.0451060
Validation loss decreased (0.098588 --> 0.098084).  Saving model ...
Updating learning rate to 6.105075012897585e-06
Epoch: 61 cost time: 1.17561936378479
Epoch: 61, Steps: 29 | Train Loss: 0.0534492 Vali Loss: 0.0967598 Test Loss: 0.0449392
Validation loss decreased (0.098084 --> 0.096760).  Saving model ...
Updating learning rate to 5.885186305742857e-06
Epoch: 62 cost time: 1.171966314315796
Epoch: 62, Steps: 29 | Train Loss: 0.0530626 Vali Loss: 0.0965976 Test Loss: 0.0445906
Validation loss decreased (0.096760 --> 0.096598).  Saving model ...
Updating learning rate to 5.6635149914486225e-06
Epoch: 63 cost time: 1.1795032024383545
Epoch: 63, Steps: 29 | Train Loss: 0.0525931 Vali Loss: 0.0955314 Test Loss: 0.0442858
Validation loss decreased (0.096598 --> 0.095531).  Saving model ...
Updating learning rate to 5.440507486541268e-06
Epoch: 64 cost time: 1.1819894313812256
Epoch: 64, Steps: 29 | Train Loss: 0.0521477 Vali Loss: 0.0950272 Test Loss: 0.0439527
Validation loss decreased (0.095531 --> 0.095027).  Saving model ...
Updating learning rate to 5.216612898457253e-06
Epoch: 65 cost time: 1.1797208786010742
Epoch: 65, Steps: 29 | Train Loss: 0.0517208 Vali Loss: 0.0946600 Test Loss: 0.0436734
Validation loss decreased (0.095027 --> 0.094660).  Saving model ...
Updating learning rate to 4.992282121100496e-06
Epoch: 66 cost time: 1.1804430484771729
Epoch: 66, Steps: 29 | Train Loss: 0.0512373 Vali Loss: 0.0933184 Test Loss: 0.0434614
Validation loss decreased (0.094660 --> 0.093318).  Saving model ...
Updating learning rate to 4.767966926802067e-06
Epoch: 67 cost time: 1.1801087856292725
Epoch: 67, Steps: 29 | Train Loss: 0.0508110 Vali Loss: 0.0930536 Test Loss: 0.0430703
Validation loss decreased (0.093318 --> 0.093054).  Saving model ...
Updating learning rate to 4.5441190565108235e-06
Epoch: 68 cost time: 1.1832239627838135
Epoch: 68, Steps: 29 | Train Loss: 0.0503772 Vali Loss: 0.0918366 Test Loss: 0.0428761
Validation loss decreased (0.093054 --> 0.091837).  Saving model ...
Updating learning rate to 4.3211893100472735e-06
Epoch: 69 cost time: 1.1864895820617676
Epoch: 69, Steps: 29 | Train Loss: 0.0499851 Vali Loss: 0.0917212 Test Loss: 0.0424803
Validation loss decreased (0.091837 --> 0.091721).  Saving model ...
Updating learning rate to 4.099626638252712e-06
Epoch: 70 cost time: 1.1768851280212402
Epoch: 70, Steps: 29 | Train Loss: 0.0495445 Vali Loss: 0.0914217 Test Loss: 0.0420911
Validation loss decreased (0.091721 --> 0.091422).  Saving model ...
Updating learning rate to 3.879877238861997e-06
Epoch: 71 cost time: 1.1820073127746582
Epoch: 71, Steps: 29 | Train Loss: 0.0491412 Vali Loss: 0.0900761 Test Loss: 0.0419510
Validation loss decreased (0.091422 --> 0.090076).  Saving model ...
Updating learning rate to 3.662383657920668e-06
Epoch: 72 cost time: 1.1834192276000977
Epoch: 72, Steps: 29 | Train Loss: 0.0487961 Vali Loss: 0.0896930 Test Loss: 0.0415670
Validation loss decreased (0.090076 --> 0.089693).  Saving model ...
Updating learning rate to 3.447583898556124e-06
Epoch: 73 cost time: 1.1743512153625488
Epoch: 73, Steps: 29 | Train Loss: 0.0483544 Vali Loss: 0.0891626 Test Loss: 0.0412532
Validation loss decreased (0.089693 --> 0.089163).  Saving model ...
Updating learning rate to 3.2359105388976132e-06
Epoch: 74 cost time: 1.1719207763671875
Epoch: 74, Steps: 29 | Train Loss: 0.0479970 Vali Loss: 0.0887774 Test Loss: 0.0409453
Validation loss decreased (0.089163 --> 0.088777).  Saving model ...
Updating learning rate to 3.027789860921434e-06
Epoch: 75 cost time: 1.1704113483428955
Epoch: 75, Steps: 29 | Train Loss: 0.0475863 Vali Loss: 0.0877071 Test Loss: 0.0407495
Validation loss decreased (0.088777 --> 0.087707).  Saving model ...
Updating learning rate to 2.8236409919757893e-06
Epoch: 76 cost time: 1.1841280460357666
Epoch: 76, Steps: 29 | Train Loss: 0.0472291 Vali Loss: 0.0871580 Test Loss: 0.0403942
Validation loss decreased (0.087707 --> 0.087158).  Saving model ...
Updating learning rate to 2.6238750607140637e-06
Epoch: 77 cost time: 1.1787011623382568
Epoch: 77, Steps: 29 | Train Loss: 0.0468304 Vali Loss: 0.0866168 Test Loss: 0.0400662
Validation loss decreased (0.087158 --> 0.086617).  Saving model ...
Updating learning rate to 2.4288943691364434e-06
Epoch: 78 cost time: 1.1839492321014404
Epoch: 78, Steps: 29 | Train Loss: 0.0464330 Vali Loss: 0.0859528 Test Loss: 0.0397949
Validation loss decreased (0.086617 --> 0.085953).  Saving model ...
Updating learning rate to 2.2390915824072217e-06
Epoch: 79 cost time: 1.1750860214233398
Epoch: 79, Steps: 29 | Train Loss: 0.0461410 Vali Loss: 0.0853592 Test Loss: 0.0395506
Validation loss decreased (0.085953 --> 0.085359).  Saving model ...
Updating learning rate to 2.0548489380794217e-06
Epoch: 80 cost time: 1.178490161895752
Epoch: 80, Steps: 29 | Train Loss: 0.0457376 Vali Loss: 0.0846269 Test Loss: 0.0392251
Validation loss decreased (0.085359 --> 0.084627).  Saving model ...
Updating learning rate to 1.876537476319218e-06
Epoch: 81 cost time: 1.1715688705444336
Epoch: 81, Steps: 29 | Train Loss: 0.0454391 Vali Loss: 0.0842861 Test Loss: 0.0391534
Validation loss decreased (0.084627 --> 0.084286).  Saving model ...
Updating learning rate to 1.7045162926804444e-06
Epoch: 82 cost time: 1.1824772357940674
Epoch: 82, Steps: 29 | Train Loss: 0.0454037 Vali Loss: 0.0843128 Test Loss: 0.0391963
EarlyStopping counter: 1 out of 10
Updating learning rate to 1.5391318149339123e-06
Epoch: 83 cost time: 1.1712472438812256
Epoch: 83, Steps: 29 | Train Loss: 0.0453761 Vali Loss: 0.0839364 Test Loss: 0.0392199
Validation loss decreased (0.084286 --> 0.083936).  Saving model ...
Updating learning rate to 1.3807171054080036e-06
Epoch: 84 cost time: 1.1655051708221436
Epoch: 84, Steps: 29 | Train Loss: 0.0453746 Vali Loss: 0.0839068 Test Loss: 0.0392436
Validation loss decreased (0.083936 --> 0.083907).  Saving model ...
Updating learning rate to 1.2295911902454577e-06
Epoch: 85 cost time: 1.1807255744934082
Epoch: 85, Steps: 29 | Train Loss: 0.0453747 Vali Loss: 0.0838606 Test Loss: 0.0392623
Validation loss decreased (0.083907 --> 0.083861).  Saving model ...
Updating learning rate to 1.0860584169271784e-06
Epoch: 86 cost time: 1.1801464557647705
Epoch: 86, Steps: 29 | Train Loss: 0.0453970 Vali Loss: 0.0840663 Test Loss: 0.0392467
EarlyStopping counter: 1 out of 10
Updating learning rate to 9.504078413569088e-07
Epoch: 87 cost time: 1.1704390048980713
Epoch: 87, Steps: 29 | Train Loss: 0.0454119 Vali Loss: 0.0843510 Test Loss: 0.0391987
EarlyStopping counter: 2 out of 10
Updating learning rate to 8.229126457411124e-07
Epoch: 88 cost time: 1.17271089553833
Epoch: 88, Steps: 29 | Train Loss: 0.0453972 Vali Loss: 0.0841453 Test Loss: 0.0392329
EarlyStopping counter: 3 out of 10
Updating learning rate to 7.038295884363647e-07
Epoch: 89 cost time: 1.1771550178527832
Epoch: 89, Steps: 29 | Train Loss: 0.0453829 Vali Loss: 0.0841032 Test Loss: 0.0392404
EarlyStopping counter: 4 out of 10
Updating learning rate to 5.933984868721898e-07
Epoch: 90 cost time: 1.172804355621338
Epoch: 90, Steps: 29 | Train Loss: 0.0453815 Vali Loss: 0.0841602 Test Loss: 0.0392548
EarlyStopping counter: 5 out of 10
Updating learning rate to 4.918417345906772e-07
Epoch: 91 cost time: 1.1795828342437744
Epoch: 91, Steps: 29 | Train Loss: 0.0454097 Vali Loss: 0.0842049 Test Loss: 0.0392602
EarlyStopping counter: 6 out of 10
Updating learning rate to 3.9936385337548097e-07
Epoch: 92 cost time: 1.1766798496246338
Epoch: 92, Steps: 29 | Train Loss: 0.0453479 Vali Loss: 0.0841114 Test Loss: 0.0392456
EarlyStopping counter: 7 out of 10
Updating learning rate to 3.161510813721721e-07
Epoch: 93 cost time: 1.174919843673706
Epoch: 93, Steps: 29 | Train Loss: 0.0453621 Vali Loss: 0.0843486 Test Loss: 0.0392516
EarlyStopping counter: 8 out of 10
Updating learning rate to 2.4237099802938663e-07
Epoch: 94 cost time: 1.1834335327148438
Epoch: 94, Steps: 29 | Train Loss: 0.0453774 Vali Loss: 0.0841296 Test Loss: 0.0392527
EarlyStopping counter: 9 out of 10
Updating learning rate to 1.7817218661613333e-07
Epoch: 95 cost time: 1.1806247234344482
Epoch: 95, Steps: 29 | Train Loss: 0.0453783 Vali Loss: 0.0842188 Test Loss: 0.0392545
EarlyStopping counter: 10 out of 10
Early stopping
>>>>>>>testing : ETTh1_336_720_DTFNet_ETTh1_ftM_sl336_ll0_pl720_dm128_nh16_el2_br2_dl1_df256_fc1_ebtimeF_dtTrue_'Exp'_0_'rel_sin'_16_8_16,24_8,12_3_1_256<<<<<<<<<<<<<<<<<<<<<<<<<<<<<<<<<
test 2161
mse:0.41059261560440063, mae:0.43943166732788086, rse:0.615446925163269
