Args in experiment:
Namespace(random_seed=2025, is_training=1, model_id='ETTh1_336_720', model='DTFNet', data='ETTh1', root_path='./dataset/', data_path='ETTh1.csv', features='M', target='OT', freq='h', checkpoints='./checkpoints/', seq_len=336, label_len=0, pred_len=720, n_branches=2, patch_len_ls='16,24', stride_ls='8,12', d_model_ls='128', n_heads_ls='16', rel_pe="'rel_sin'", res_attn=False, head_type='flatten', fc_dropout=0.3, head_dropout=0.1, patch_len=16, stride=8, padding_patch="'end'", revin=1, affine=0, subtract_last=0, decomposition=0, kernel_size=25, individual=0, store_attn=False, pre_norm=False, pe='zeros', no_learn_pe=True, embed_type=0, enc_in=7, dec_in=7, c_out=7, d_model=128, n_heads=16, e_layers=2, d_layers=1, d_ff=256, moving_avg=25, factor=1, distil=True, dropout=0.3, embed='timeF', activation='gelu', output_attention=False, do_predict=False, num_workers=0, itr=1, train_epochs=100, batch_size=256, patience=10, learning_rate=1e-05, des="'Exp'", loss='mse', lradj='TST', pct_start=0.3, use_amp=False, l2=0.0, warmup_steps=0, use_gpu=True, gpu=0, use_multi_gpu=False, devices='0', test_flop=False, use_mlflow=False, mlflow_project='exp', loss_flag=2, sub_patch_len=16, sub_stride=8, stride_ls_list='16', model_type='linear', tfactor=3, dilation_rates='1', wavelet_layers=2, wavelet_type='db5', wavelet_mode='periodization', wavelet_dim=64, initTLV=0.2)
Use GPU: cuda:0
>>>>>>>start training : ETTh1_336_720_DTFNet_ETTh1_ftM_sl336_ll0_pl720_dm128_nh16_el2_br2_dl1_df256_fc1_ebtimeF_dtTrue_'Exp'_0_'rel_sin'_16_8_16,24_8,12_3_1_256>>>>>>>>>>>>>>>>>>>>>>>>>>
train 7585
val 2161
test 2161
Epoch: 1 cost time: 1.6072652339935303
Epoch: 1, Steps: 29 | Train Loss: 0.1076321 Vali Loss: 0.1789970 Test Loss: 0.0998128
Validation loss decreased (inf --> 0.178997).  Saving model ...
Updating learning rate to 4.2635539919063106e-07
Epoch: 2 cost time: 1.2177526950836182
Epoch: 2, Steps: 29 | Train Loss: 0.1067736 Vali Loss: 0.1774508 Test Loss: 0.0989916
Validation loss decreased (0.178997 --> 0.177451).  Saving model ...
Updating learning rate to 5.051321771514831e-07
Epoch: 3 cost time: 1.2190229892730713
Epoch: 3, Steps: 29 | Train Loss: 0.1058440 Vali Loss: 0.1759000 Test Loss: 0.0981011
Validation loss decreased (0.177451 --> 0.175900).  Saving model ...
Updating learning rate to 6.354652532866785e-07
Epoch: 4 cost time: 1.2140836715698242
Epoch: 4, Steps: 29 | Train Loss: 0.1049261 Vali Loss: 0.1741522 Test Loss: 0.0971461
Validation loss decreased (0.175900 --> 0.174152).  Saving model ...
Updating learning rate to 8.159233858256806e-07
Epoch: 5 cost time: 1.234811544418335
Epoch: 5, Steps: 29 | Train Loss: 0.1040284 Vali Loss: 0.1721497 Test Loss: 0.0961103
Validation loss decreased (0.174152 --> 0.172150).  Saving model ...
Updating learning rate to 1.0445248888850473e-06
Epoch: 6 cost time: 1.199096918106079
Epoch: 6, Steps: 29 | Train Loss: 0.1029799 Vali Loss: 0.1703694 Test Loss: 0.0949505
Validation loss decreased (0.172150 --> 0.170369).  Saving model ...
Updating learning rate to 1.3187593941861497e-06
Epoch: 7 cost time: 1.2023131847381592
Epoch: 7, Steps: 29 | Train Loss: 0.1019340 Vali Loss: 0.1681704 Test Loss: 0.0936243
Validation loss decreased (0.170369 --> 0.168170).  Saving model ...
Updating learning rate to 1.6356154184543822e-06
Epoch: 8 cost time: 1.2556734085083008
Epoch: 8, Steps: 29 | Train Loss: 0.1007412 Vali Loss: 0.1658379 Test Loss: 0.0920479
Validation loss decreased (0.168170 --> 0.165838).  Saving model ...
Updating learning rate to 1.9916134337707666e-06
Epoch: 9 cost time: 1.2274284362792969
Epoch: 9, Steps: 29 | Train Loss: 0.0992773 Vali Loss: 0.1629771 Test Loss: 0.0900275
Validation loss decreased (0.165838 --> 0.162977).  Saving model ...
Updating learning rate to 2.3828440777166636e-06
Epoch: 10 cost time: 1.2055273056030273
Epoch: 10, Steps: 29 | Train Loss: 0.0975639 Vali Loss: 0.1589233 Test Loss: 0.0872657
Validation loss decreased (0.162977 --> 0.158923).  Saving model ...
Updating learning rate to 2.805011083710071e-06
Epoch: 11 cost time: 1.2042713165283203
Epoch: 11, Steps: 29 | Train Loss: 0.0953790 Vali Loss: 0.1537655 Test Loss: 0.0834520
Validation loss decreased (0.158923 --> 0.153766).  Saving model ...
Updating learning rate to 3.2534784600976295e-06
Epoch: 12 cost time: 1.2259607315063477
Epoch: 12, Steps: 29 | Train Loss: 0.0927476 Vali Loss: 0.1476303 Test Loss: 0.0788210
Validation loss decreased (0.153766 --> 0.147630).  Saving model ...
Updating learning rate to 3.723321399909056e-06
Epoch: 13 cost time: 1.2007184028625488
Epoch: 13, Steps: 29 | Train Loss: 0.0900791 Vali Loss: 0.1427967 Test Loss: 0.0753210
Validation loss decreased (0.147630 --> 0.142797).  Saving model ...
Updating learning rate to 4.209380362212844e-06
Epoch: 14 cost time: 1.2129104137420654
Epoch: 14, Steps: 29 | Train Loss: 0.0880586 Vali Loss: 0.1387724 Test Loss: 0.0734867
Validation loss decreased (0.142797 --> 0.138772).  Saving model ...
Updating learning rate to 4.706317731183279e-06
Epoch: 15 cost time: 1.202254295349121
Epoch: 15, Steps: 29 | Train Loss: 0.0863172 Vali Loss: 0.1358368 Test Loss: 0.0713772
Validation loss decreased (0.138772 --> 0.135837).  Saving model ...
Updating learning rate to 5.208676430682048e-06
Epoch: 16 cost time: 1.2015748023986816
Epoch: 16, Steps: 29 | Train Loss: 0.0845578 Vali Loss: 0.1335852 Test Loss: 0.0694026
Validation loss decreased (0.135837 --> 0.133585).  Saving model ...
Updating learning rate to 5.710939850683244e-06
Epoch: 17 cost time: 1.226109266281128
Epoch: 17, Steps: 29 | Train Loss: 0.0830113 Vali Loss: 0.1313940 Test Loss: 0.0674381
Validation loss decreased (0.133585 --> 0.131394).  Saving model ...
Updating learning rate to 6.207592427464792e-06
Epoch: 18 cost time: 1.2108368873596191
Epoch: 18, Steps: 29 | Train Loss: 0.0816346 Vali Loss: 0.1296273 Test Loss: 0.0659814
Validation loss decreased (0.131394 --> 0.129627).  Saving model ...
Updating learning rate to 6.693180212309968e-06
Epoch: 19 cost time: 1.1802685260772705
Epoch: 19, Steps: 29 | Train Loss: 0.0805794 Vali Loss: 0.1284240 Test Loss: 0.0648582
Validation loss decreased (0.129627 --> 0.128424).  Saving model ...
Updating learning rate to 7.1623707635889015e-06
Epoch: 20 cost time: 1.1694023609161377
Epoch: 20, Steps: 29 | Train Loss: 0.0795037 Vali Loss: 0.1272349 Test Loss: 0.0642251
Validation loss decreased (0.128424 --> 0.127235).  Saving model ...
Updating learning rate to 7.610011704520164e-06
Epoch: 21 cost time: 1.1844017505645752
Epoch: 21, Steps: 29 | Train Loss: 0.0786931 Vali Loss: 0.1264022 Test Loss: 0.0629810
Validation loss decreased (0.127235 --> 0.126402).  Saving model ...
Updating learning rate to 8.031187303565295e-06
Epoch: 22 cost time: 1.179379940032959
Epoch: 22, Steps: 29 | Train Loss: 0.0777570 Vali Loss: 0.1252827 Test Loss: 0.0625542
Validation loss decreased (0.126402 --> 0.125283).  Saving model ...
Updating learning rate to 8.421272456123378e-06
Epoch: 23 cost time: 1.1780369281768799
Epoch: 23, Steps: 29 | Train Loss: 0.0769604 Vali Loss: 0.1246475 Test Loss: 0.0613794
Validation loss decreased (0.125283 --> 0.124647).  Saving model ...
Updating learning rate to 8.775983474730246e-06
Epoch: 24 cost time: 1.1786201000213623
Epoch: 24, Steps: 29 | Train Loss: 0.0761379 Vali Loss: 0.1238051 Test Loss: 0.0605372
Validation loss decreased (0.124647 --> 0.123805).  Saving model ...
Updating learning rate to 9.091425130013939e-06
Epoch: 25 cost time: 1.1840832233428955
Epoch: 25, Steps: 29 | Train Loss: 0.0754278 Vali Loss: 0.1226922 Test Loss: 0.0601615
Validation loss decreased (0.123805 --> 0.122692).  Saving model ...
Updating learning rate to 9.364133425830145e-06
Epoch: 26 cost time: 1.1875567436218262
Epoch: 26, Steps: 29 | Train Loss: 0.0745744 Vali Loss: 0.1222840 Test Loss: 0.0593735
Validation loss decreased (0.122692 --> 0.122284).  Saving model ...
Updating learning rate to 9.591113638846019e-06
Epoch: 27 cost time: 1.1903867721557617
Epoch: 27, Steps: 29 | Train Loss: 0.0738958 Vali Loss: 0.1207501 Test Loss: 0.0585797
Validation loss decreased (0.122284 --> 0.120750).  Saving model ...
Updating learning rate to 9.769873204843885e-06
Epoch: 28 cost time: 1.170973777770996
Epoch: 28, Steps: 29 | Train Loss: 0.0731634 Vali Loss: 0.1203815 Test Loss: 0.0579850
Validation loss decreased (0.120750 --> 0.120382).  Saving model ...
Updating learning rate to 9.898449090606656e-06
Epoch: 29 cost time: 1.1808490753173828
Epoch: 29, Steps: 29 | Train Loss: 0.0723474 Vali Loss: 0.1197214 Test Loss: 0.0576340
Validation loss decreased (0.120382 --> 0.119721).  Saving model ...
Updating learning rate to 9.975429350802846e-06
Epoch: 30 cost time: 1.1758396625518799
Epoch: 30, Steps: 29 | Train Loss: 0.0716526 Vali Loss: 0.1183395 Test Loss: 0.0571455
Validation loss decreased (0.119721 --> 0.118340).  Saving model ...
Updating learning rate to 9.99999401249548e-06
Epoch: 31 cost time: 1.1723551750183105
Epoch: 31, Steps: 29 | Train Loss: 0.0708839 Vali Loss: 0.1179845 Test Loss: 0.0565257
Validation loss decreased (0.118340 --> 0.117984).  Saving model ...
Updating learning rate to 9.994612212745642e-06
Epoch: 32 cost time: 1.1965956687927246
Epoch: 32, Steps: 29 | Train Loss: 0.0702267 Vali Loss: 0.1170832 Test Loss: 0.0559426
Validation loss decreased (0.117984 --> 0.117083).  Saving model ...
Updating learning rate to 9.979171968972798e-06
Epoch: 33 cost time: 1.1768550872802734
Epoch: 33, Steps: 29 | Train Loss: 0.0695201 Vali Loss: 0.1164797 Test Loss: 0.0554725
Validation loss decreased (0.117083 --> 0.116480).  Saving model ...
Updating learning rate to 9.953704375773079e-06
Epoch: 34 cost time: 1.178328514099121
Epoch: 34, Steps: 29 | Train Loss: 0.0688628 Vali Loss: 0.1160402 Test Loss: 0.0550631
Validation loss decreased (0.116480 --> 0.116040).  Saving model ...
Updating learning rate to 9.918260721489893e-06
Epoch: 35 cost time: 1.1822631359100342
Epoch: 35, Steps: 29 | Train Loss: 0.0681665 Vali Loss: 0.1148519 Test Loss: 0.0549275
Validation loss decreased (0.116040 --> 0.114852).  Saving model ...
Updating learning rate to 9.872912384926035e-06
Epoch: 36 cost time: 1.1785998344421387
Epoch: 36, Steps: 29 | Train Loss: 0.0674369 Vali Loss: 0.1139591 Test Loss: 0.0544297
Validation loss decreased (0.114852 --> 0.113959).  Saving model ...
Updating learning rate to 9.817750691596265e-06
Epoch: 37 cost time: 1.1764640808105469
Epoch: 37, Steps: 29 | Train Loss: 0.0668367 Vali Loss: 0.1136803 Test Loss: 0.0539364
Validation loss decreased (0.113959 --> 0.113680).  Saving model ...
Updating learning rate to 9.752886729809889e-06
Epoch: 38 cost time: 1.1764037609100342
Epoch: 38, Steps: 29 | Train Loss: 0.0661522 Vali Loss: 0.1128861 Test Loss: 0.0536879
Validation loss decreased (0.113680 --> 0.112886).  Saving model ...
Updating learning rate to 9.678451126953676e-06
Epoch: 39 cost time: 1.1819660663604736
Epoch: 39, Steps: 29 | Train Loss: 0.0655024 Vali Loss: 0.1120339 Test Loss: 0.0534310
Validation loss decreased (0.112886 --> 0.112034).  Saving model ...
Updating learning rate to 9.594593786425696e-06
Epoch: 40 cost time: 1.177765130996704
Epoch: 40, Steps: 29 | Train Loss: 0.0648571 Vali Loss: 0.1108960 Test Loss: 0.0532495
Validation loss decreased (0.112034 --> 0.110896).  Saving model ...
Updating learning rate to 9.501483585749811e-06
Epoch: 41 cost time: 1.1774752140045166
Epoch: 41, Steps: 29 | Train Loss: 0.0641904 Vali Loss: 0.1107735 Test Loss: 0.0526744
Validation loss decreased (0.110896 --> 0.110774).  Saving model ...
Updating learning rate to 9.399308036478838e-06
Epoch: 42 cost time: 1.1803946495056152
Epoch: 42, Steps: 29 | Train Loss: 0.0635991 Vali Loss: 0.1104847 Test Loss: 0.0520227
Validation loss decreased (0.110774 --> 0.110485).  Saving model ...
Updating learning rate to 9.288272906571216e-06
Epoch: 43 cost time: 1.1759679317474365
Epoch: 43, Steps: 29 | Train Loss: 0.0630302 Vali Loss: 0.1088763 Test Loss: 0.0522105
Validation loss decreased (0.110485 --> 0.108876).  Saving model ...
Updating learning rate to 9.16860180600173e-06
Epoch: 44 cost time: 1.1779398918151855
Epoch: 44, Steps: 29 | Train Loss: 0.0623559 Vali Loss: 0.1075296 Test Loss: 0.0522623
Validation loss decreased (0.108876 --> 0.107530).  Saving model ...
Updating learning rate to 9.040535736440785e-06
Epoch: 45 cost time: 1.1768198013305664
Epoch: 45, Steps: 29 | Train Loss: 0.0618003 Vali Loss: 0.1081786 Test Loss: 0.0511180
EarlyStopping counter: 1 out of 10
Updating learning rate to 8.904332605909106e-06
Epoch: 46 cost time: 1.1720268726348877
Epoch: 46, Steps: 29 | Train Loss: 0.0611796 Vali Loss: 0.1072291 Test Loss: 0.0511407
Validation loss decreased (0.107530 --> 0.107229).  Saving model ...
Updating learning rate to 8.760266709385311e-06
Epoch: 47 cost time: 1.1780097484588623
Epoch: 47, Steps: 29 | Train Loss: 0.0606471 Vali Loss: 0.1061417 Test Loss: 0.0510062
Validation loss decreased (0.107229 --> 0.106142).  Saving model ...
Updating learning rate to 8.608628176412335e-06
Epoch: 48 cost time: 1.1806559562683105
Epoch: 48, Steps: 29 | Train Loss: 0.0600870 Vali Loss: 0.1055735 Test Loss: 0.0503617
Validation loss decreased (0.106142 --> 0.105573).  Saving model ...
Updating learning rate to 8.449722386815127e-06
Epoch: 49 cost time: 1.1812167167663574
Epoch: 49, Steps: 29 | Train Loss: 0.0594581 Vali Loss: 0.1046642 Test Loss: 0.0503020
Validation loss decreased (0.105573 --> 0.104664).  Saving model ...
Updating learning rate to 8.28386935570634e-06
Epoch: 50 cost time: 1.1791553497314453
Epoch: 50, Steps: 29 | Train Loss: 0.0589482 Vali Loss: 0.1045496 Test Loss: 0.0495750
Validation loss decreased (0.104664 --> 0.104550).  Saving model ...
Updating learning rate to 8.111403089018465e-06
Epoch: 51 cost time: 1.1797008514404297
Epoch: 51, Steps: 29 | Train Loss: 0.0584439 Vali Loss: 0.1030921 Test Loss: 0.0496898
Validation loss decreased (0.104550 --> 0.103092).  Saving model ...
Updating learning rate to 7.93267091086035e-06
Epoch: 52 cost time: 1.1802661418914795
Epoch: 52, Steps: 29 | Train Loss: 0.0578875 Vali Loss: 0.1019755 Test Loss: 0.0496727
Validation loss decreased (0.103092 --> 0.101975).  Saving model ...
Updating learning rate to 7.748032764052655e-06
Epoch: 53 cost time: 1.1890993118286133
Epoch: 53, Steps: 29 | Train Loss: 0.0573673 Vali Loss: 0.1014998 Test Loss: 0.0490426
Validation loss decreased (0.101975 --> 0.101500).  Saving model ...
Updating learning rate to 7.557860485250925e-06
Epoch: 54 cost time: 1.1903364658355713
Epoch: 54, Steps: 29 | Train Loss: 0.0568457 Vali Loss: 0.1014510 Test Loss: 0.0485722
Validation loss decreased (0.101500 --> 0.101451).  Saving model ...
Updating learning rate to 7.362537056116034e-06
Epoch: 55 cost time: 1.17958402633667
Epoch: 55, Steps: 29 | Train Loss: 0.0563749 Vali Loss: 0.1001746 Test Loss: 0.0483686
Validation loss decreased (0.101451 --> 0.100175).  Saving model ...
Updating learning rate to 7.162455832040107e-06
Epoch: 56 cost time: 1.180387020111084
Epoch: 56, Steps: 29 | Train Loss: 0.0558644 Vali Loss: 0.0991082 Test Loss: 0.0482000
Validation loss decreased (0.100175 --> 0.099108).  Saving model ...
Updating learning rate to 6.9580197499810984e-06
Epoch: 57 cost time: 1.1788699626922607
Epoch: 57, Steps: 29 | Train Loss: 0.0553408 Vali Loss: 0.0986921 Test Loss: 0.0477907
Validation loss decreased (0.099108 --> 0.098692).  Saving model ...
Updating learning rate to 6.7496405170013816e-06
Epoch: 58 cost time: 1.179408073425293
Epoch: 58, Steps: 29 | Train Loss: 0.0548933 Vali Loss: 0.0975794 Test Loss: 0.0476680
Validation loss decreased (0.098692 --> 0.097579).  Saving model ...
Updating learning rate to 6.537737781144523e-06
Epoch: 59 cost time: 1.1855278015136719
Epoch: 59, Steps: 29 | Train Loss: 0.0543512 Vali Loss: 0.0970814 Test Loss: 0.0470756
Validation loss decreased (0.097579 --> 0.097081).  Saving model ...
Updating learning rate to 6.322738286319964e-06
Epoch: 60 cost time: 1.1831145286560059
Epoch: 60, Steps: 29 | Train Loss: 0.0539409 Vali Loss: 0.0957379 Test Loss: 0.0471199
Validation loss decreased (0.097081 --> 0.095738).  Saving model ...
Updating learning rate to 6.105075012897585e-06
Epoch: 61 cost time: 1.1864652633666992
Epoch: 61, Steps: 29 | Train Loss: 0.0534503 Vali Loss: 0.0954834 Test Loss: 0.0465345
Validation loss decreased (0.095738 --> 0.095483).  Saving model ...
Updating learning rate to 5.885186305742857e-06
Epoch: 62 cost time: 1.1900105476379395
Epoch: 62, Steps: 29 | Train Loss: 0.0530282 Vali Loss: 0.0945695 Test Loss: 0.0462709
Validation loss decreased (0.095483 --> 0.094570).  Saving model ...
Updating learning rate to 5.6635149914486225e-06
Epoch: 63 cost time: 1.1828787326812744
Epoch: 63, Steps: 29 | Train Loss: 0.0525443 Vali Loss: 0.0937575 Test Loss: 0.0459239
Validation loss decreased (0.094570 --> 0.093757).  Saving model ...
Updating learning rate to 5.440507486541268e-06
Epoch: 64 cost time: 1.1846840381622314
Epoch: 64, Steps: 29 | Train Loss: 0.0520891 Vali Loss: 0.0931489 Test Loss: 0.0454473
Validation loss decreased (0.093757 --> 0.093149).  Saving model ...
Updating learning rate to 5.216612898457253e-06
Epoch: 65 cost time: 1.1791856288909912
Epoch: 65, Steps: 29 | Train Loss: 0.0516596 Vali Loss: 0.0923670 Test Loss: 0.0451509
Validation loss decreased (0.093149 --> 0.092367).  Saving model ...
Updating learning rate to 4.992282121100496e-06
Epoch: 66 cost time: 1.1823186874389648
Epoch: 66, Steps: 29 | Train Loss: 0.0512569 Vali Loss: 0.0916072 Test Loss: 0.0450263
Validation loss decreased (0.092367 --> 0.091607).  Saving model ...
Updating learning rate to 4.767966926802067e-06
Epoch: 67 cost time: 1.1803796291351318
Epoch: 67, Steps: 29 | Train Loss: 0.0508580 Vali Loss: 0.0911905 Test Loss: 0.0446037
Validation loss decreased (0.091607 --> 0.091191).  Saving model ...
Updating learning rate to 4.5441190565108235e-06
Epoch: 68 cost time: 1.1846554279327393
Epoch: 68, Steps: 29 | Train Loss: 0.0503860 Vali Loss: 0.0898314 Test Loss: 0.0445173
Validation loss decreased (0.091191 --> 0.089831).  Saving model ...
Updating learning rate to 4.3211893100472735e-06
Epoch: 69 cost time: 1.1828019618988037
Epoch: 69, Steps: 29 | Train Loss: 0.0500051 Vali Loss: 0.0896318 Test Loss: 0.0439202
Validation loss decreased (0.089831 --> 0.089632).  Saving model ...
Updating learning rate to 4.099626638252712e-06
Epoch: 70 cost time: 1.1778855323791504
Epoch: 70, Steps: 29 | Train Loss: 0.0495392 Vali Loss: 0.0885180 Test Loss: 0.0438114
Validation loss decreased (0.089632 --> 0.088518).  Saving model ...
Updating learning rate to 3.879877238861997e-06
Epoch: 71 cost time: 1.1741321086883545
Epoch: 71, Steps: 29 | Train Loss: 0.0491319 Vali Loss: 0.0880182 Test Loss: 0.0433905
Validation loss decreased (0.088518 --> 0.088018).  Saving model ...
Updating learning rate to 3.662383657920668e-06
Epoch: 72 cost time: 1.175708532333374
Epoch: 72, Steps: 29 | Train Loss: 0.0487689 Vali Loss: 0.0875372 Test Loss: 0.0429872
Validation loss decreased (0.088018 --> 0.087537).  Saving model ...
Updating learning rate to 3.447583898556124e-06
Epoch: 73 cost time: 1.1887462139129639
Epoch: 73, Steps: 29 | Train Loss: 0.0484096 Vali Loss: 0.0867752 Test Loss: 0.0427797
Validation loss decreased (0.087537 --> 0.086775).  Saving model ...
Updating learning rate to 3.2359105388976132e-06
Epoch: 74 cost time: 1.1873176097869873
Epoch: 74, Steps: 29 | Train Loss: 0.0479850 Vali Loss: 0.0861497 Test Loss: 0.0424616
Validation loss decreased (0.086775 --> 0.086150).  Saving model ...
Updating learning rate to 3.027789860921434e-06
Epoch: 75 cost time: 1.1874768733978271
Epoch: 75, Steps: 29 | Train Loss: 0.0475297 Vali Loss: 0.0855993 Test Loss: 0.0421338
Validation loss decreased (0.086150 --> 0.085599).  Saving model ...
Updating learning rate to 2.8236409919757893e-06
Epoch: 76 cost time: 1.182906150817871
Epoch: 76, Steps: 29 | Train Loss: 0.0471814 Vali Loss: 0.0849501 Test Loss: 0.0418577
Validation loss decreased (0.085599 --> 0.084950).  Saving model ...
Updating learning rate to 2.6238750607140637e-06
Epoch: 77 cost time: 1.190462350845337
Epoch: 77, Steps: 29 | Train Loss: 0.0468158 Vali Loss: 0.0839507 Test Loss: 0.0416479
Validation loss decreased (0.084950 --> 0.083951).  Saving model ...
Updating learning rate to 2.4288943691364434e-06
Epoch: 78 cost time: 1.1773831844329834
Epoch: 78, Steps: 29 | Train Loss: 0.0464619 Vali Loss: 0.0838295 Test Loss: 0.0411711
Validation loss decreased (0.083951 --> 0.083830).  Saving model ...
Updating learning rate to 2.2390915824072217e-06
Epoch: 79 cost time: 1.187504529953003
Epoch: 79, Steps: 29 | Train Loss: 0.0461127 Vali Loss: 0.0831077 Test Loss: 0.0408814
Validation loss decreased (0.083830 --> 0.083108).  Saving model ...
Updating learning rate to 2.0548489380794217e-06
Epoch: 80 cost time: 1.1725835800170898
Epoch: 80, Steps: 29 | Train Loss: 0.0457393 Vali Loss: 0.0824840 Test Loss: 0.0405316
Validation loss decreased (0.083108 --> 0.082484).  Saving model ...
Updating learning rate to 1.876537476319218e-06
Epoch: 81 cost time: 1.179847240447998
Epoch: 81, Steps: 29 | Train Loss: 0.0454499 Vali Loss: 0.0821076 Test Loss: 0.0405042
Validation loss decreased (0.082484 --> 0.082108).  Saving model ...
Updating learning rate to 1.7045162926804444e-06
Epoch: 82 cost time: 1.1813700199127197
Epoch: 82, Steps: 29 | Train Loss: 0.0454262 Vali Loss: 0.0819050 Test Loss: 0.0406005
Validation loss decreased (0.082108 --> 0.081905).  Saving model ...
Updating learning rate to 1.5391318149339123e-06
Epoch: 83 cost time: 1.1715052127838135
Epoch: 83, Steps: 29 | Train Loss: 0.0454355 Vali Loss: 0.0822352 Test Loss: 0.0404819
EarlyStopping counter: 1 out of 10
Updating learning rate to 1.3807171054080036e-06
Epoch: 84 cost time: 1.184765338897705
Epoch: 84, Steps: 29 | Train Loss: 0.0453930 Vali Loss: 0.0822954 Test Loss: 0.0404628
EarlyStopping counter: 2 out of 10
Updating learning rate to 1.2295911902454577e-06
Epoch: 85 cost time: 1.1928741931915283
Epoch: 85, Steps: 29 | Train Loss: 0.0453253 Vali Loss: 0.0817326 Test Loss: 0.0406720
Validation loss decreased (0.081905 --> 0.081733).  Saving model ...
Updating learning rate to 1.0860584169271784e-06
Epoch: 86 cost time: 1.1808791160583496
Epoch: 86, Steps: 29 | Train Loss: 0.0453571 Vali Loss: 0.0819936 Test Loss: 0.0405999
EarlyStopping counter: 1 out of 10
Updating learning rate to 9.504078413569088e-07
Epoch: 87 cost time: 1.174246072769165
Epoch: 87, Steps: 29 | Train Loss: 0.0453511 Vali Loss: 0.0818173 Test Loss: 0.0406086
EarlyStopping counter: 2 out of 10
Updating learning rate to 8.229126457411124e-07
Epoch: 88 cost time: 1.1734395027160645
Epoch: 88, Steps: 29 | Train Loss: 0.0453491 Vali Loss: 0.0819695 Test Loss: 0.0405293
EarlyStopping counter: 3 out of 10
Updating learning rate to 7.038295884363647e-07
Epoch: 89 cost time: 1.1755552291870117
Epoch: 89, Steps: 29 | Train Loss: 0.0453761 Vali Loss: 0.0820665 Test Loss: 0.0406256
EarlyStopping counter: 4 out of 10
Updating learning rate to 5.933984868721898e-07
Epoch: 90 cost time: 1.1770520210266113
Epoch: 90, Steps: 29 | Train Loss: 0.0453521 Vali Loss: 0.0819671 Test Loss: 0.0405625
EarlyStopping counter: 5 out of 10
Updating learning rate to 4.918417345906772e-07
Epoch: 91 cost time: 1.1843762397766113
Epoch: 91, Steps: 29 | Train Loss: 0.0453719 Vali Loss: 0.0820063 Test Loss: 0.0405923
EarlyStopping counter: 6 out of 10
Updating learning rate to 3.9936385337548097e-07
Epoch: 92 cost time: 1.185232162475586
Epoch: 92, Steps: 29 | Train Loss: 0.0453388 Vali Loss: 0.0819951 Test Loss: 0.0406122
EarlyStopping counter: 7 out of 10
Updating learning rate to 3.161510813721721e-07
Epoch: 93 cost time: 1.18473482131958
Epoch: 93, Steps: 29 | Train Loss: 0.0453612 Vali Loss: 0.0822413 Test Loss: 0.0405262
EarlyStopping counter: 8 out of 10
Updating learning rate to 2.4237099802938663e-07
Epoch: 94 cost time: 1.1765010356903076
Epoch: 94, Steps: 29 | Train Loss: 0.0453526 Vali Loss: 0.0821273 Test Loss: 0.0405947
EarlyStopping counter: 9 out of 10
Updating learning rate to 1.7817218661613333e-07
Epoch: 95 cost time: 1.1821303367614746
Epoch: 95, Steps: 29 | Train Loss: 0.0453587 Vali Loss: 0.0821813 Test Loss: 0.0405914
EarlyStopping counter: 10 out of 10
Early stopping
>>>>>>>testing : ETTh1_336_720_DTFNet_ETTh1_ftM_sl336_ll0_pl720_dm128_nh16_el2_br2_dl1_df256_fc1_ebtimeF_dtTrue_'Exp'_0_'rel_sin'_16_8_16,24_8,12_3_1_256<<<<<<<<<<<<<<<<<<<<<<<<<<<<<<<<<
test 2161
mse:0.4350768029689789, mae:0.45367392897605896, rse:0.6335312724113464
