Args in experiment:
Namespace(random_seed=1, is_training=1, model_id='ETTh1_336_720', model='DTFNet', data='ETTh1', root_path='./dataset/', data_path='ETTh1.csv', features='M', target='OT', freq='h', checkpoints='./checkpoints/', seq_len=336, label_len=0, pred_len=720, n_branches=2, patch_len_ls='16,24', stride_ls='8,12', d_model_ls='128', n_heads_ls='16', rel_pe="'rel_sin'", res_attn=False, head_type='flatten', fc_dropout=0.3, head_dropout=0.1, patch_len=16, stride=8, padding_patch="'end'", revin=1, affine=0, subtract_last=0, decomposition=0, kernel_size=25, individual=0, store_attn=False, pre_norm=False, pe='zeros', no_learn_pe=True, embed_type=0, enc_in=7, dec_in=7, c_out=7, d_model=128, n_heads=16, e_layers=2, d_layers=1, d_ff=256, moving_avg=25, factor=1, distil=True, dropout=0.3, embed='timeF', activation='gelu', output_attention=False, do_predict=False, num_workers=0, itr=1, train_epochs=100, batch_size=256, patience=10, learning_rate=1e-05, des="'Exp'", loss='mse', lradj='TST', pct_start=0.3, use_amp=False, l2=0.0, warmup_steps=0, use_gpu=True, gpu=0, use_multi_gpu=False, devices='0', test_flop=False, use_mlflow=False, mlflow_project='exp', loss_flag=2, sub_patch_len=16, sub_stride=8, stride_ls_list='16', model_type='linear', tfactor=3, dilation_rates='1', wavelet_layers=2, wavelet_type='db5', wavelet_mode='periodization', wavelet_dim=64, initTLV=0.2)
Use GPU: cuda:0
>>>>>>>start training : ETTh1_336_720_DTFNet_ETTh1_ftM_sl336_ll0_pl720_dm128_nh16_el2_br2_dl1_df256_fc1_ebtimeF_dtTrue_'Exp'_0_'rel_sin'_16_8_16,24_8,12_3_1_256>>>>>>>>>>>>>>>>>>>>>>>>>>
train 7585
val 2161
test 2161
Epoch: 1 cost time: 1.5604283809661865
Epoch: 1, Steps: 29 | Train Loss: 0.1075954 Vali Loss: 0.1790357 Test Loss: 0.0997563
Validation loss decreased (inf --> 0.179036).  Saving model ...
Updating learning rate to 4.2635539919063106e-07
Epoch: 2 cost time: 1.1816456317901611
Epoch: 2, Steps: 29 | Train Loss: 0.1067486 Vali Loss: 0.1772022 Test Loss: 0.0989523
Validation loss decreased (0.179036 --> 0.177202).  Saving model ...
Updating learning rate to 5.051321771514831e-07
Epoch: 3 cost time: 1.1793155670166016
Epoch: 3, Steps: 29 | Train Loss: 0.1058679 Vali Loss: 0.1757042 Test Loss: 0.0980855
Validation loss decreased (0.177202 --> 0.175704).  Saving model ...
Updating learning rate to 6.354652532866785e-07
Epoch: 4 cost time: 1.1862549781799316
Epoch: 4, Steps: 29 | Train Loss: 0.1049915 Vali Loss: 0.1746919 Test Loss: 0.0971693
Validation loss decreased (0.175704 --> 0.174692).  Saving model ...
Updating learning rate to 8.159233858256806e-07
Epoch: 5 cost time: 1.1864726543426514
Epoch: 5, Steps: 29 | Train Loss: 0.1040731 Vali Loss: 0.1724801 Test Loss: 0.0961770
Validation loss decreased (0.174692 --> 0.172480).  Saving model ...
Updating learning rate to 1.0445248888850473e-06
Epoch: 6 cost time: 1.1778674125671387
Epoch: 6, Steps: 29 | Train Loss: 0.1030569 Vali Loss: 0.1703914 Test Loss: 0.0950839
Validation loss decreased (0.172480 --> 0.170391).  Saving model ...
Updating learning rate to 1.3187593941861497e-06
Epoch: 7 cost time: 1.1867024898529053
Epoch: 7, Steps: 29 | Train Loss: 0.1020336 Vali Loss: 0.1684535 Test Loss: 0.0938253
Validation loss decreased (0.170391 --> 0.168454).  Saving model ...
Updating learning rate to 1.6356154184543822e-06
Epoch: 8 cost time: 1.1892237663269043
Epoch: 8, Steps: 29 | Train Loss: 0.1008306 Vali Loss: 0.1661398 Test Loss: 0.0923188
Validation loss decreased (0.168454 --> 0.166140).  Saving model ...
Updating learning rate to 1.9916134337707666e-06
Epoch: 9 cost time: 1.1854348182678223
Epoch: 9, Steps: 29 | Train Loss: 0.0994491 Vali Loss: 0.1634272 Test Loss: 0.0904265
Validation loss decreased (0.166140 --> 0.163427).  Saving model ...
Updating learning rate to 2.3828440777166636e-06
Epoch: 10 cost time: 1.1840636730194092
Epoch: 10, Steps: 29 | Train Loss: 0.0978145 Vali Loss: 0.1594854 Test Loss: 0.0878111
Validation loss decreased (0.163427 --> 0.159485).  Saving model ...
Updating learning rate to 2.805011083710071e-06
Epoch: 11 cost time: 1.1866297721862793
Epoch: 11, Steps: 29 | Train Loss: 0.0956331 Vali Loss: 0.1545129 Test Loss: 0.0841528
Validation loss decreased (0.159485 --> 0.154513).  Saving model ...
Updating learning rate to 3.2534784600976295e-06
Epoch: 12 cost time: 1.1849265098571777
Epoch: 12, Steps: 29 | Train Loss: 0.0929564 Vali Loss: 0.1482054 Test Loss: 0.0794254
Validation loss decreased (0.154513 --> 0.148205).  Saving model ...
Updating learning rate to 3.723321399909056e-06
Epoch: 13 cost time: 1.1944859027862549
Epoch: 13, Steps: 29 | Train Loss: 0.0901084 Vali Loss: 0.1426877 Test Loss: 0.0755679
Validation loss decreased (0.148205 --> 0.142688).  Saving model ...
Updating learning rate to 4.209380362212844e-06
Epoch: 14 cost time: 1.1868250370025635
Epoch: 14, Steps: 29 | Train Loss: 0.0879483 Vali Loss: 0.1386784 Test Loss: 0.0735187
Validation loss decreased (0.142688 --> 0.138678).  Saving model ...
Updating learning rate to 4.706317731183279e-06
Epoch: 15 cost time: 1.1874470710754395
Epoch: 15, Steps: 29 | Train Loss: 0.0861263 Vali Loss: 0.1356227 Test Loss: 0.0714522
Validation loss decreased (0.138678 --> 0.135623).  Saving model ...
Updating learning rate to 5.208676430682048e-06
Epoch: 16 cost time: 1.1818797588348389
Epoch: 16, Steps: 29 | Train Loss: 0.0845185 Vali Loss: 0.1338246 Test Loss: 0.0697488
Validation loss decreased (0.135623 --> 0.133825).  Saving model ...
Updating learning rate to 5.710939850683244e-06
Epoch: 17 cost time: 1.179624080657959
Epoch: 17, Steps: 29 | Train Loss: 0.0829918 Vali Loss: 0.1317683 Test Loss: 0.0677255
Validation loss decreased (0.133825 --> 0.131768).  Saving model ...
Updating learning rate to 6.207592427464792e-06
Epoch: 18 cost time: 1.189640760421753
Epoch: 18, Steps: 29 | Train Loss: 0.0816014 Vali Loss: 0.1303898 Test Loss: 0.0661056
Validation loss decreased (0.131768 --> 0.130390).  Saving model ...
Updating learning rate to 6.693180212309968e-06
Epoch: 19 cost time: 1.1819334030151367
Epoch: 19, Steps: 29 | Train Loss: 0.0805122 Vali Loss: 0.1292684 Test Loss: 0.0645990
Validation loss decreased (0.130390 --> 0.129268).  Saving model ...
Updating learning rate to 7.1623707635889015e-06
Epoch: 20 cost time: 1.1911451816558838
Epoch: 20, Steps: 29 | Train Loss: 0.0795255 Vali Loss: 0.1277007 Test Loss: 0.0638577
Validation loss decreased (0.129268 --> 0.127701).  Saving model ...
Updating learning rate to 7.610011704520164e-06
Epoch: 21 cost time: 1.1841473579406738
Epoch: 21, Steps: 29 | Train Loss: 0.0785911 Vali Loss: 0.1268104 Test Loss: 0.0629007
Validation loss decreased (0.127701 --> 0.126810).  Saving model ...
Updating learning rate to 8.031187303565295e-06
Epoch: 22 cost time: 1.1838130950927734
Epoch: 22, Steps: 29 | Train Loss: 0.0777311 Vali Loss: 0.1259671 Test Loss: 0.0618750
Validation loss decreased (0.126810 --> 0.125967).  Saving model ...
Updating learning rate to 8.421272456123378e-06
Epoch: 23 cost time: 1.1864306926727295
Epoch: 23, Steps: 29 | Train Loss: 0.0768725 Vali Loss: 0.1250526 Test Loss: 0.0611283
Validation loss decreased (0.125967 --> 0.125053).  Saving model ...
Updating learning rate to 8.775983474730246e-06
Epoch: 24 cost time: 1.178591251373291
Epoch: 24, Steps: 29 | Train Loss: 0.0760625 Vali Loss: 0.1242597 Test Loss: 0.0604038
Validation loss decreased (0.125053 --> 0.124260).  Saving model ...
Updating learning rate to 9.091425130013939e-06
Epoch: 25 cost time: 1.183793544769287
Epoch: 25, Steps: 29 | Train Loss: 0.0752679 Vali Loss: 0.1232672 Test Loss: 0.0596182
Validation loss decreased (0.124260 --> 0.123267).  Saving model ...
Updating learning rate to 9.364133425830145e-06
Epoch: 26 cost time: 1.1738815307617188
Epoch: 26, Steps: 29 | Train Loss: 0.0745243 Vali Loss: 0.1220677 Test Loss: 0.0591279
Validation loss decreased (0.123267 --> 0.122068).  Saving model ...
Updating learning rate to 9.591113638846019e-06
Epoch: 27 cost time: 1.1805298328399658
Epoch: 27, Steps: 29 | Train Loss: 0.0737475 Vali Loss: 0.1218269 Test Loss: 0.0584280
Validation loss decreased (0.122068 --> 0.121827).  Saving model ...
Updating learning rate to 9.769873204843885e-06
Epoch: 28 cost time: 1.180851697921753
Epoch: 28, Steps: 29 | Train Loss: 0.0729940 Vali Loss: 0.1212051 Test Loss: 0.0577573
Validation loss decreased (0.121827 --> 0.121205).  Saving model ...
Updating learning rate to 9.898449090606656e-06
Epoch: 29 cost time: 1.1777260303497314
Epoch: 29, Steps: 29 | Train Loss: 0.0723148 Vali Loss: 0.1203187 Test Loss: 0.0572130
Validation loss decreased (0.121205 --> 0.120319).  Saving model ...
Updating learning rate to 9.975429350802846e-06
Epoch: 30 cost time: 1.1838252544403076
Epoch: 30, Steps: 29 | Train Loss: 0.0715326 Vali Loss: 0.1198519 Test Loss: 0.0564753
Validation loss decreased (0.120319 --> 0.119852).  Saving model ...
Updating learning rate to 9.99999401249548e-06
Epoch: 31 cost time: 1.183621883392334
Epoch: 31, Steps: 29 | Train Loss: 0.0708913 Vali Loss: 0.1181725 Test Loss: 0.0564954
Validation loss decreased (0.119852 --> 0.118173).  Saving model ...
Updating learning rate to 9.994612212745642e-06
Epoch: 32 cost time: 1.180856704711914
Epoch: 32, Steps: 29 | Train Loss: 0.0701316 Vali Loss: 0.1182677 Test Loss: 0.0557179
EarlyStopping counter: 1 out of 10
Updating learning rate to 9.979171968972798e-06
Epoch: 33 cost time: 1.1754064559936523
Epoch: 33, Steps: 29 | Train Loss: 0.0694217 Vali Loss: 0.1178492 Test Loss: 0.0553960
Validation loss decreased (0.118173 --> 0.117849).  Saving model ...
Updating learning rate to 9.953704375773079e-06
Epoch: 34 cost time: 1.1845591068267822
Epoch: 34, Steps: 29 | Train Loss: 0.0687608 Vali Loss: 0.1164408 Test Loss: 0.0548942
Validation loss decreased (0.117849 --> 0.116441).  Saving model ...
Updating learning rate to 9.918260721489893e-06
Epoch: 35 cost time: 1.1900980472564697
Epoch: 35, Steps: 29 | Train Loss: 0.0680934 Vali Loss: 0.1163051 Test Loss: 0.0543128
Validation loss decreased (0.116441 --> 0.116305).  Saving model ...
Updating learning rate to 9.872912384926035e-06
Epoch: 36 cost time: 1.184471845626831
Epoch: 36, Steps: 29 | Train Loss: 0.0674571 Vali Loss: 0.1154357 Test Loss: 0.0541513
Validation loss decreased (0.116305 --> 0.115436).  Saving model ...
Updating learning rate to 9.817750691596265e-06
Epoch: 37 cost time: 1.1775846481323242
Epoch: 37, Steps: 29 | Train Loss: 0.0667888 Vali Loss: 0.1150503 Test Loss: 0.0537116
Validation loss decreased (0.115436 --> 0.115050).  Saving model ...
Updating learning rate to 9.752886729809889e-06
Epoch: 38 cost time: 1.1840887069702148
Epoch: 38, Steps: 29 | Train Loss: 0.0661530 Vali Loss: 0.1148285 Test Loss: 0.0530005
Validation loss decreased (0.115050 --> 0.114829).  Saving model ...
Updating learning rate to 9.678451126953676e-06
Epoch: 39 cost time: 1.1807911396026611
Epoch: 39, Steps: 29 | Train Loss: 0.0655126 Vali Loss: 0.1129786 Test Loss: 0.0527906
Validation loss decreased (0.114829 --> 0.112979).  Saving model ...
Updating learning rate to 9.594593786425696e-06
Epoch: 40 cost time: 1.183044195175171
Epoch: 40, Steps: 29 | Train Loss: 0.0648913 Vali Loss: 0.1122433 Test Loss: 0.0526986
Validation loss decreased (0.112979 --> 0.112243).  Saving model ...
Updating learning rate to 9.501483585749811e-06
Epoch: 41 cost time: 1.1829438209533691
Epoch: 41, Steps: 29 | Train Loss: 0.0642180 Vali Loss: 0.1118374 Test Loss: 0.0521184
Validation loss decreased (0.112243 --> 0.111837).  Saving model ...
Updating learning rate to 9.399308036478838e-06
Epoch: 42 cost time: 1.1825296878814697
Epoch: 42, Steps: 29 | Train Loss: 0.0636850 Vali Loss: 0.1112037 Test Loss: 0.0518128
Validation loss decreased (0.111837 --> 0.111204).  Saving model ...
Updating learning rate to 9.288272906571216e-06
Epoch: 43 cost time: 1.1822688579559326
Epoch: 43, Steps: 29 | Train Loss: 0.0630521 Vali Loss: 0.1107500 Test Loss: 0.0514180
Validation loss decreased (0.111204 --> 0.110750).  Saving model ...
Updating learning rate to 9.16860180600173e-06
Epoch: 44 cost time: 1.1780116558074951
Epoch: 44, Steps: 29 | Train Loss: 0.0624596 Vali Loss: 0.1100323 Test Loss: 0.0511155
Validation loss decreased (0.110750 --> 0.110032).  Saving model ...
Updating learning rate to 9.040535736440785e-06
Epoch: 45 cost time: 1.178088665008545
Epoch: 45, Steps: 29 | Train Loss: 0.0617978 Vali Loss: 0.1083936 Test Loss: 0.0507667
Validation loss decreased (0.110032 --> 0.108394).  Saving model ...
Updating learning rate to 8.904332605909106e-06
Epoch: 46 cost time: 1.1826832294464111
Epoch: 46, Steps: 29 | Train Loss: 0.0612867 Vali Loss: 0.1086523 Test Loss: 0.0502579
EarlyStopping counter: 1 out of 10
Updating learning rate to 8.760266709385311e-06
Epoch: 47 cost time: 1.1787967681884766
Epoch: 47, Steps: 29 | Train Loss: 0.0607398 Vali Loss: 0.1080216 Test Loss: 0.0498964
Validation loss decreased (0.108394 --> 0.108022).  Saving model ...
Updating learning rate to 8.608628176412335e-06
Epoch: 48 cost time: 1.181743860244751
Epoch: 48, Steps: 29 | Train Loss: 0.0601377 Vali Loss: 0.1064861 Test Loss: 0.0498991
Validation loss decreased (0.108022 --> 0.106486).  Saving model ...
Updating learning rate to 8.449722386815127e-06
Epoch: 49 cost time: 1.174555778503418
Epoch: 49, Steps: 29 | Train Loss: 0.0595613 Vali Loss: 0.1065055 Test Loss: 0.0493461
EarlyStopping counter: 1 out of 10
Updating learning rate to 8.28386935570634e-06
Epoch: 50 cost time: 1.1750521659851074
Epoch: 50, Steps: 29 | Train Loss: 0.0590126 Vali Loss: 0.1056632 Test Loss: 0.0491483
Validation loss decreased (0.106486 --> 0.105663).  Saving model ...
Updating learning rate to 8.111403089018465e-06
Epoch: 51 cost time: 1.1787006855010986
Epoch: 51, Steps: 29 | Train Loss: 0.0585228 Vali Loss: 0.1052583 Test Loss: 0.0485742
Validation loss decreased (0.105663 --> 0.105258).  Saving model ...
Updating learning rate to 7.93267091086035e-06
Epoch: 52 cost time: 1.1813578605651855
Epoch: 52, Steps: 29 | Train Loss: 0.0580049 Vali Loss: 0.1044245 Test Loss: 0.0481868
Validation loss decreased (0.105258 --> 0.104425).  Saving model ...
Updating learning rate to 7.748032764052655e-06
Epoch: 53 cost time: 1.1803998947143555
Epoch: 53, Steps: 29 | Train Loss: 0.0574572 Vali Loss: 0.1035164 Test Loss: 0.0480570
Validation loss decreased (0.104425 --> 0.103516).  Saving model ...
Updating learning rate to 7.557860485250925e-06
Epoch: 54 cost time: 1.1774976253509521
Epoch: 54, Steps: 29 | Train Loss: 0.0569467 Vali Loss: 0.1033701 Test Loss: 0.0475726
Validation loss decreased (0.103516 --> 0.103370).  Saving model ...
Updating learning rate to 7.362537056116034e-06
Epoch: 55 cost time: 1.1808311939239502
Epoch: 55, Steps: 29 | Train Loss: 0.0564316 Vali Loss: 0.1023595 Test Loss: 0.0473857
Validation loss decreased (0.103370 --> 0.102359).  Saving model ...
Updating learning rate to 7.162455832040107e-06
Epoch: 56 cost time: 1.1801812648773193
Epoch: 56, Steps: 29 | Train Loss: 0.0559364 Vali Loss: 0.1010899 Test Loss: 0.0471062
Validation loss decreased (0.102359 --> 0.101090).  Saving model ...
Updating learning rate to 6.9580197499810984e-06
Epoch: 57 cost time: 1.181372880935669
Epoch: 57, Steps: 29 | Train Loss: 0.0555117 Vali Loss: 0.1012030 Test Loss: 0.0466083
EarlyStopping counter: 1 out of 10
Updating learning rate to 6.7496405170013816e-06
Epoch: 58 cost time: 1.172900676727295
Epoch: 58, Steps: 29 | Train Loss: 0.0549574 Vali Loss: 0.0997353 Test Loss: 0.0464591
Validation loss decreased (0.101090 --> 0.099735).  Saving model ...
Updating learning rate to 6.537737781144523e-06
Epoch: 59 cost time: 1.1806769371032715
Epoch: 59, Steps: 29 | Train Loss: 0.0544929 Vali Loss: 0.0993206 Test Loss: 0.0461003
Validation loss decreased (0.099735 --> 0.099321).  Saving model ...
Updating learning rate to 6.322738286319964e-06
Epoch: 60 cost time: 1.1743199825286865
Epoch: 60, Steps: 29 | Train Loss: 0.0539842 Vali Loss: 0.0984168 Test Loss: 0.0458061
Validation loss decreased (0.099321 --> 0.098417).  Saving model ...
Updating learning rate to 6.105075012897585e-06
Epoch: 61 cost time: 1.177893877029419
Epoch: 61, Steps: 29 | Train Loss: 0.0535369 Vali Loss: 0.0978528 Test Loss: 0.0454793
Validation loss decreased (0.098417 --> 0.097853).  Saving model ...
Updating learning rate to 5.885186305742857e-06
Epoch: 62 cost time: 1.177565336227417
Epoch: 62, Steps: 29 | Train Loss: 0.0530359 Vali Loss: 0.0976533 Test Loss: 0.0450406
Validation loss decreased (0.097853 --> 0.097653).  Saving model ...
Updating learning rate to 5.6635149914486225e-06
Epoch: 63 cost time: 1.1826038360595703
Epoch: 63, Steps: 29 | Train Loss: 0.0526063 Vali Loss: 0.0965080 Test Loss: 0.0448705
Validation loss decreased (0.097653 --> 0.096508).  Saving model ...
Updating learning rate to 5.440507486541268e-06
Epoch: 64 cost time: 1.1844637393951416
Epoch: 64, Steps: 29 | Train Loss: 0.0521740 Vali Loss: 0.0953589 Test Loss: 0.0446401
Validation loss decreased (0.096508 --> 0.095359).  Saving model ...
Updating learning rate to 5.216612898457253e-06
Epoch: 65 cost time: 1.185861587524414
Epoch: 65, Steps: 29 | Train Loss: 0.0517551 Vali Loss: 0.0947113 Test Loss: 0.0442422
Validation loss decreased (0.095359 --> 0.094711).  Saving model ...
Updating learning rate to 4.992282121100496e-06
Epoch: 66 cost time: 1.1800248622894287
Epoch: 66, Steps: 29 | Train Loss: 0.0513628 Vali Loss: 0.0949679 Test Loss: 0.0437667
EarlyStopping counter: 1 out of 10
Updating learning rate to 4.767966926802067e-06
Epoch: 67 cost time: 1.1839416027069092
Epoch: 67, Steps: 29 | Train Loss: 0.0509063 Vali Loss: 0.0939459 Test Loss: 0.0435252
Validation loss decreased (0.094711 --> 0.093946).  Saving model ...
Updating learning rate to 4.5441190565108235e-06
Epoch: 68 cost time: 1.1781554222106934
Epoch: 68, Steps: 29 | Train Loss: 0.0504655 Vali Loss: 0.0927478 Test Loss: 0.0433120
Validation loss decreased (0.093946 --> 0.092748).  Saving model ...
Updating learning rate to 4.3211893100472735e-06
Epoch: 69 cost time: 1.176975965499878
Epoch: 69, Steps: 29 | Train Loss: 0.0500421 Vali Loss: 0.0925080 Test Loss: 0.0428939
Validation loss decreased (0.092748 --> 0.092508).  Saving model ...
Updating learning rate to 4.099626638252712e-06
Epoch: 70 cost time: 1.1783990859985352
Epoch: 70, Steps: 29 | Train Loss: 0.0496008 Vali Loss: 0.0912972 Test Loss: 0.0427551
Validation loss decreased (0.092508 --> 0.091297).  Saving model ...
Updating learning rate to 3.879877238861997e-06
Epoch: 71 cost time: 1.182107925415039
Epoch: 71, Steps: 29 | Train Loss: 0.0492317 Vali Loss: 0.0908768 Test Loss: 0.0423164
Validation loss decreased (0.091297 --> 0.090877).  Saving model ...
Updating learning rate to 3.662383657920668e-06
Epoch: 72 cost time: 1.1739113330841064
Epoch: 72, Steps: 29 | Train Loss: 0.0487552 Vali Loss: 0.0899568 Test Loss: 0.0420745
Validation loss decreased (0.090877 --> 0.089957).  Saving model ...
Updating learning rate to 3.447583898556124e-06
Epoch: 73 cost time: 1.173755407333374
Epoch: 73, Steps: 29 | Train Loss: 0.0484217 Vali Loss: 0.0893337 Test Loss: 0.0417936
Validation loss decreased (0.089957 --> 0.089334).  Saving model ...
Updating learning rate to 3.2359105388976132e-06
Epoch: 74 cost time: 1.1796975135803223
Epoch: 74, Steps: 29 | Train Loss: 0.0480403 Vali Loss: 0.0898845 Test Loss: 0.0413333
EarlyStopping counter: 1 out of 10
Updating learning rate to 3.027789860921434e-06
Epoch: 75 cost time: 1.1715259552001953
Epoch: 75, Steps: 29 | Train Loss: 0.0476656 Vali Loss: 0.0884986 Test Loss: 0.0411158
Validation loss decreased (0.089334 --> 0.088499).  Saving model ...
Updating learning rate to 2.8236409919757893e-06
Epoch: 76 cost time: 1.181701898574829
Epoch: 76, Steps: 29 | Train Loss: 0.0472372 Vali Loss: 0.0874988 Test Loss: 0.0408257
Validation loss decreased (0.088499 --> 0.087499).  Saving model ...
Updating learning rate to 2.6238750607140637e-06
Epoch: 77 cost time: 1.1779358386993408
Epoch: 77, Steps: 29 | Train Loss: 0.0468545 Vali Loss: 0.0871666 Test Loss: 0.0404773
Validation loss decreased (0.087499 --> 0.087167).  Saving model ...
Updating learning rate to 2.4288943691364434e-06
Epoch: 78 cost time: 1.179696798324585
Epoch: 78, Steps: 29 | Train Loss: 0.0464761 Vali Loss: 0.0864397 Test Loss: 0.0402109
Validation loss decreased (0.087167 --> 0.086440).  Saving model ...
Updating learning rate to 2.2390915824072217e-06
Epoch: 79 cost time: 1.1845557689666748
Epoch: 79, Steps: 29 | Train Loss: 0.0461898 Vali Loss: 0.0861220 Test Loss: 0.0399176
Validation loss decreased (0.086440 --> 0.086122).  Saving model ...
Updating learning rate to 2.0548489380794217e-06
Epoch: 80 cost time: 1.1767349243164062
Epoch: 80, Steps: 29 | Train Loss: 0.0457784 Vali Loss: 0.0852731 Test Loss: 0.0396262
Validation loss decreased (0.086122 --> 0.085273).  Saving model ...
Updating learning rate to 1.876537476319218e-06
Epoch: 81 cost time: 1.1752192974090576
Epoch: 81, Steps: 29 | Train Loss: 0.0454710 Vali Loss: 0.0849393 Test Loss: 0.0395018
Validation loss decreased (0.085273 --> 0.084939).  Saving model ...
Updating learning rate to 1.7045162926804444e-06
Epoch: 82 cost time: 1.173877477645874
Epoch: 82, Steps: 29 | Train Loss: 0.0453965 Vali Loss: 0.0845631 Test Loss: 0.0395748
Validation loss decreased (0.084939 --> 0.084563).  Saving model ...
Updating learning rate to 1.5391318149339123e-06
Epoch: 83 cost time: 1.1768181324005127
Epoch: 83, Steps: 29 | Train Loss: 0.0454216 Vali Loss: 0.0843899 Test Loss: 0.0395939
Validation loss decreased (0.084563 --> 0.084390).  Saving model ...
Updating learning rate to 1.3807171054080036e-06
Epoch: 84 cost time: 1.180346965789795
Epoch: 84, Steps: 29 | Train Loss: 0.0454069 Vali Loss: 0.0847223 Test Loss: 0.0395722
EarlyStopping counter: 1 out of 10
Updating learning rate to 1.2295911902454577e-06
Epoch: 85 cost time: 1.1739270687103271
Epoch: 85, Steps: 29 | Train Loss: 0.0454432 Vali Loss: 0.0845620 Test Loss: 0.0395682
EarlyStopping counter: 2 out of 10
Updating learning rate to 1.0860584169271784e-06
Epoch: 86 cost time: 1.1763668060302734
Epoch: 86, Steps: 29 | Train Loss: 0.0453786 Vali Loss: 0.0847265 Test Loss: 0.0395584
EarlyStopping counter: 3 out of 10
Updating learning rate to 9.504078413569088e-07
Epoch: 87 cost time: 1.1831116676330566
Epoch: 87, Steps: 29 | Train Loss: 0.0453896 Vali Loss: 0.0847835 Test Loss: 0.0395622
EarlyStopping counter: 4 out of 10
Updating learning rate to 8.229126457411124e-07
Epoch: 88 cost time: 1.1757807731628418
Epoch: 88, Steps: 29 | Train Loss: 0.0453655 Vali Loss: 0.0846386 Test Loss: 0.0395703
EarlyStopping counter: 5 out of 10
Updating learning rate to 7.038295884363647e-07
Epoch: 89 cost time: 1.1752092838287354
Epoch: 89, Steps: 29 | Train Loss: 0.0453027 Vali Loss: 0.0847022 Test Loss: 0.0395906
EarlyStopping counter: 6 out of 10
Updating learning rate to 5.933984868721898e-07
Epoch: 90 cost time: 1.1750638484954834
Epoch: 90, Steps: 29 | Train Loss: 0.0453801 Vali Loss: 0.0845924 Test Loss: 0.0395875
EarlyStopping counter: 7 out of 10
Updating learning rate to 4.918417345906772e-07
Epoch: 91 cost time: 1.1731681823730469
Epoch: 91, Steps: 29 | Train Loss: 0.0453308 Vali Loss: 0.0848544 Test Loss: 0.0395666
EarlyStopping counter: 8 out of 10
Updating learning rate to 3.9936385337548097e-07
Epoch: 92 cost time: 1.1820094585418701
Epoch: 92, Steps: 29 | Train Loss: 0.0453474 Vali Loss: 0.0848519 Test Loss: 0.0395716
EarlyStopping counter: 9 out of 10
Updating learning rate to 3.161510813721721e-07
Epoch: 93 cost time: 1.1780531406402588
Epoch: 93, Steps: 29 | Train Loss: 0.0453255 Vali Loss: 0.0849501 Test Loss: 0.0395753
EarlyStopping counter: 10 out of 10
Early stopping
>>>>>>>testing : ETTh1_336_720_DTFNet_ETTh1_ftM_sl336_ll0_pl720_dm128_nh16_el2_br2_dl1_df256_fc1_ebtimeF_dtTrue_'Exp'_0_'rel_sin'_16_8_16,24_8,12_3_1_256<<<<<<<<<<<<<<<<<<<<<<<<<<<<<<<<<
test 2161
mse:0.4154770076274872, mae:0.44276636838912964, rse:0.6190968155860901
