Args in experiment:
Namespace(is_training=1, model_id='ETTh1_336_720', model='DTFNet', data='ETTh1', root_path='./dataset/', data_path='ETTh1.csv', features='M', target='OT', freq='h', checkpoints='./checkpoints/', seq_len=336, label_len=0, pred_len=720, n_branches=2, patch_len_ls='16,24', stride_ls='8,12', d_model_ls='128', n_heads_ls='16', rel_pe="'rel_sin'", res_attn=False, head_type='flatten', fc_dropout=0.3, head_dropout=0.1, patch_len=16, stride=8, padding_patch="'end'", revin=1, affine=0, subtract_last=0, decomposition=0, kernel_size=25, individual=0, store_attn=False, pre_norm=False, pe='zeros', no_learn_pe=True, embed_type=0, enc_in=7, dec_in=7, c_out=7, d_model=128, n_heads=16, e_layers=2, d_layers=1, d_ff=256, moving_avg=25, factor=1, distil=True, dropout=0.3, embed='timeF', activation='gelu', output_attention=False, do_predict=False, num_workers=0, itr=1, train_epochs=100, batch_size=256, patience=10, learning_rate=1e-05, des="'Exp'", loss='mse', lradj='TST', pct_start=0.3, use_amp=False, l2=0.0, warmup_steps=0, use_gpu=True, gpu=0, use_multi_gpu=False, devices='0', test_flop=False, use_mlflow=False, mlflow_project='exp', loss_flag=2, sub_patch_len=16, sub_stride=8, stride_ls_list='16', model_type='linear', tfactor=3, dilation_rates='1', wavelet_layers=2, wavelet_type='db5', wavelet_mode='periodization', wavelet_dim=64, initTLV=0.2)
Use GPU: cuda:0
>>>>>>>start training : ETTh1_336_720_DTFNet_ETTh1_ftM_sl336_ll0_pl720_dm128_nh16_el2_br2_dl1_df256_fc1_ebtimeF_dtTrue_'Exp'_0_'rel_sin'_16_8_16,24_8,12_3_1_256>>>>>>>>>>>>>>>>>>>>>>>>>>
train 7585
val 2161
test 2161
Epoch: 1 cost time: 1.573455810546875
Epoch: 1, Steps: 29 | Train Loss: 0.1076588 Vali Loss: 0.1790844 Test Loss: 0.0997913
Validation loss decreased (inf --> 0.179084).  Saving model ...
Updating learning rate to 4.2635539919063106e-07
Epoch: 2 cost time: 1.1889212131500244
Epoch: 2, Steps: 29 | Train Loss: 0.1067476 Vali Loss: 0.1774378 Test Loss: 0.0989758
Validation loss decreased (0.179084 --> 0.177438).  Saving model ...
Updating learning rate to 5.051321771514831e-07
Epoch: 3 cost time: 1.1986894607543945
Epoch: 3, Steps: 29 | Train Loss: 0.1058565 Vali Loss: 0.1759335 Test Loss: 0.0980850
Validation loss decreased (0.177438 --> 0.175933).  Saving model ...
Updating learning rate to 6.354652532866785e-07
Epoch: 4 cost time: 1.2033717632293701
Epoch: 4, Steps: 29 | Train Loss: 0.1049536 Vali Loss: 0.1744128 Test Loss: 0.0971392
Validation loss decreased (0.175933 --> 0.174413).  Saving model ...
Updating learning rate to 8.159233858256806e-07
Epoch: 5 cost time: 1.1961791515350342
Epoch: 5, Steps: 29 | Train Loss: 0.1041189 Vali Loss: 0.1725331 Test Loss: 0.0961080
Validation loss decreased (0.174413 --> 0.172533).  Saving model ...
Updating learning rate to 1.0445248888850473e-06
Epoch: 6 cost time: 1.1710987091064453
Epoch: 6, Steps: 29 | Train Loss: 0.1030305 Vali Loss: 0.1707248 Test Loss: 0.0949591
Validation loss decreased (0.172533 --> 0.170725).  Saving model ...
Updating learning rate to 1.3187593941861497e-06
Epoch: 7 cost time: 1.1881659030914307
Epoch: 7, Steps: 29 | Train Loss: 0.1020248 Vali Loss: 0.1683066 Test Loss: 0.0936463
Validation loss decreased (0.170725 --> 0.168307).  Saving model ...
Updating learning rate to 1.6356154184543822e-06
Epoch: 8 cost time: 1.1988542079925537
Epoch: 8, Steps: 29 | Train Loss: 0.1007796 Vali Loss: 0.1663067 Test Loss: 0.0920838
Validation loss decreased (0.168307 --> 0.166307).  Saving model ...
Updating learning rate to 1.9916134337707666e-06
Epoch: 9 cost time: 1.1893479824066162
Epoch: 9, Steps: 29 | Train Loss: 0.0993766 Vali Loss: 0.1630514 Test Loss: 0.0900657
Validation loss decreased (0.166307 --> 0.163051).  Saving model ...
Updating learning rate to 2.3828440777166636e-06
Epoch: 10 cost time: 1.1952369213104248
Epoch: 10, Steps: 29 | Train Loss: 0.0976908 Vali Loss: 0.1592510 Test Loss: 0.0873012
Validation loss decreased (0.163051 --> 0.159251).  Saving model ...
Updating learning rate to 2.805011083710071e-06
Epoch: 11 cost time: 1.1953895092010498
Epoch: 11, Steps: 29 | Train Loss: 0.0955710 Vali Loss: 0.1544452 Test Loss: 0.0834247
Validation loss decreased (0.159251 --> 0.154445).  Saving model ...
Updating learning rate to 3.2534784600976295e-06
Epoch: 12 cost time: 1.2026042938232422
Epoch: 12, Steps: 29 | Train Loss: 0.0928551 Vali Loss: 0.1479800 Test Loss: 0.0786445
Validation loss decreased (0.154445 --> 0.147980).  Saving model ...
Updating learning rate to 3.723321399909056e-06
Epoch: 13 cost time: 1.197479248046875
Epoch: 13, Steps: 29 | Train Loss: 0.0902150 Vali Loss: 0.1432582 Test Loss: 0.0750814
Validation loss decreased (0.147980 --> 0.143258).  Saving model ...
Updating learning rate to 4.209380362212844e-06
Epoch: 14 cost time: 1.1985437870025635
Epoch: 14, Steps: 29 | Train Loss: 0.0882797 Vali Loss: 0.1398311 Test Loss: 0.0733283
Validation loss decreased (0.143258 --> 0.139831).  Saving model ...
Updating learning rate to 4.706317731183279e-06
Epoch: 15 cost time: 1.201012372970581
Epoch: 15, Steps: 29 | Train Loss: 0.0865978 Vali Loss: 0.1369937 Test Loss: 0.0711825
Validation loss decreased (0.139831 --> 0.136994).  Saving model ...
Updating learning rate to 5.208676430682048e-06
Epoch: 16 cost time: 1.197073221206665
Epoch: 16, Steps: 29 | Train Loss: 0.0847897 Vali Loss: 0.1341587 Test Loss: 0.0689097
Validation loss decreased (0.136994 --> 0.134159).  Saving model ...
Updating learning rate to 5.710939850683244e-06
Epoch: 17 cost time: 1.19276762008667
Epoch: 17, Steps: 29 | Train Loss: 0.0830677 Vali Loss: 0.1321581 Test Loss: 0.0670919
Validation loss decreased (0.134159 --> 0.132158).  Saving model ...
Updating learning rate to 6.207592427464792e-06
Epoch: 18 cost time: 1.1976110935211182
Epoch: 18, Steps: 29 | Train Loss: 0.0817031 Vali Loss: 0.1303777 Test Loss: 0.0657983
Validation loss decreased (0.132158 --> 0.130378).  Saving model ...
Updating learning rate to 6.693180212309968e-06
Epoch: 19 cost time: 1.190532922744751
Epoch: 19, Steps: 29 | Train Loss: 0.0805607 Vali Loss: 0.1289565 Test Loss: 0.0649181
Validation loss decreased (0.130378 --> 0.128956).  Saving model ...
Updating learning rate to 7.1623707635889015e-06
Epoch: 20 cost time: 1.1723582744598389
Epoch: 20, Steps: 29 | Train Loss: 0.0795390 Vali Loss: 0.1280409 Test Loss: 0.0636923
Validation loss decreased (0.128956 --> 0.128041).  Saving model ...
Updating learning rate to 7.610011704520164e-06
Epoch: 21 cost time: 1.1904985904693604
Epoch: 21, Steps: 29 | Train Loss: 0.0787417 Vali Loss: 0.1269444 Test Loss: 0.0631026
Validation loss decreased (0.128041 --> 0.126944).  Saving model ...
Updating learning rate to 8.031187303565295e-06
Epoch: 22 cost time: 1.1938552856445312
Epoch: 22, Steps: 29 | Train Loss: 0.0777687 Vali Loss: 0.1257392 Test Loss: 0.0620993
Validation loss decreased (0.126944 --> 0.125739).  Saving model ...
Updating learning rate to 8.421272456123378e-06
Epoch: 23 cost time: 1.199702262878418
Epoch: 23, Steps: 29 | Train Loss: 0.0769707 Vali Loss: 0.1250691 Test Loss: 0.0615142
Validation loss decreased (0.125739 --> 0.125069).  Saving model ...
Updating learning rate to 8.775983474730246e-06
Epoch: 24 cost time: 1.1956934928894043
Epoch: 24, Steps: 29 | Train Loss: 0.0761739 Vali Loss: 0.1243553 Test Loss: 0.0606810
Validation loss decreased (0.125069 --> 0.124355).  Saving model ...
Updating learning rate to 9.091425130013939e-06
Epoch: 25 cost time: 1.1917295455932617
Epoch: 25, Steps: 29 | Train Loss: 0.0753572 Vali Loss: 0.1230429 Test Loss: 0.0598740
Validation loss decreased (0.124355 --> 0.123043).  Saving model ...
Updating learning rate to 9.364133425830145e-06
Epoch: 26 cost time: 1.1925108432769775
Epoch: 26, Steps: 29 | Train Loss: 0.0745342 Vali Loss: 0.1225491 Test Loss: 0.0594602
Validation loss decreased (0.123043 --> 0.122549).  Saving model ...
Updating learning rate to 9.591113638846019e-06
Epoch: 27 cost time: 1.192918062210083
Epoch: 27, Steps: 29 | Train Loss: 0.0737781 Vali Loss: 0.1213557 Test Loss: 0.0589394
Validation loss decreased (0.122549 --> 0.121356).  Saving model ...
Updating learning rate to 9.769873204843885e-06
Epoch: 28 cost time: 1.2026517391204834
Epoch: 28, Steps: 29 | Train Loss: 0.0730075 Vali Loss: 0.1205650 Test Loss: 0.0581308
Validation loss decreased (0.121356 --> 0.120565).  Saving model ...
Updating learning rate to 9.898449090606656e-06
Epoch: 29 cost time: 1.1959865093231201
Epoch: 29, Steps: 29 | Train Loss: 0.0722668 Vali Loss: 0.1194919 Test Loss: 0.0578875
Validation loss decreased (0.120565 --> 0.119492).  Saving model ...
Updating learning rate to 9.975429350802846e-06
Epoch: 30 cost time: 1.1948611736297607
Epoch: 30, Steps: 29 | Train Loss: 0.0715348 Vali Loss: 0.1190549 Test Loss: 0.0571654
Validation loss decreased (0.119492 --> 0.119055).  Saving model ...
Updating learning rate to 9.99999401249548e-06
Epoch: 31 cost time: 1.192162275314331
Epoch: 31, Steps: 29 | Train Loss: 0.0708979 Vali Loss: 0.1182843 Test Loss: 0.0564388
Validation loss decreased (0.119055 --> 0.118284).  Saving model ...
Updating learning rate to 9.994612212745642e-06
Epoch: 32 cost time: 1.1913342475891113
Epoch: 32, Steps: 29 | Train Loss: 0.0702099 Vali Loss: 0.1177360 Test Loss: 0.0560564
Validation loss decreased (0.118284 --> 0.117736).  Saving model ...
Updating learning rate to 9.979171968972798e-06
Epoch: 33 cost time: 1.1873550415039062
Epoch: 33, Steps: 29 | Train Loss: 0.0694921 Vali Loss: 0.1168037 Test Loss: 0.0557255
Validation loss decreased (0.117736 --> 0.116804).  Saving model ...
Updating learning rate to 9.953704375773079e-06
Epoch: 34 cost time: 1.1995742321014404
Epoch: 34, Steps: 29 | Train Loss: 0.0688059 Vali Loss: 0.1160252 Test Loss: 0.0551733
Validation loss decreased (0.116804 --> 0.116025).  Saving model ...
Updating learning rate to 9.918260721489893e-06
Epoch: 35 cost time: 1.1968469619750977
Epoch: 35, Steps: 29 | Train Loss: 0.0681048 Vali Loss: 0.1151631 Test Loss: 0.0547636
Validation loss decreased (0.116025 --> 0.115163).  Saving model ...
Updating learning rate to 9.872912384926035e-06
Epoch: 36 cost time: 1.1903231143951416
Epoch: 36, Steps: 29 | Train Loss: 0.0674215 Vali Loss: 0.1144260 Test Loss: 0.0545090
Validation loss decreased (0.115163 --> 0.114426).  Saving model ...
Updating learning rate to 9.817750691596265e-06
Epoch: 37 cost time: 1.1919152736663818
Epoch: 37, Steps: 29 | Train Loss: 0.0667552 Vali Loss: 0.1146430 Test Loss: 0.0537730
EarlyStopping counter: 1 out of 10
Updating learning rate to 9.752886729809889e-06
Epoch: 38 cost time: 1.1688694953918457
Epoch: 38, Steps: 29 | Train Loss: 0.0661128 Vali Loss: 0.1126745 Test Loss: 0.0538070
Validation loss decreased (0.114426 --> 0.112675).  Saving model ...
Updating learning rate to 9.678451126953676e-06
Epoch: 39 cost time: 1.1972339153289795
Epoch: 39, Steps: 29 | Train Loss: 0.0654785 Vali Loss: 0.1121737 Test Loss: 0.0533326
Validation loss decreased (0.112675 --> 0.112174).  Saving model ...
Updating learning rate to 9.594593786425696e-06
Epoch: 40 cost time: 1.1910226345062256
Epoch: 40, Steps: 29 | Train Loss: 0.0648461 Vali Loss: 0.1120078 Test Loss: 0.0527333
Validation loss decreased (0.112174 --> 0.112008).  Saving model ...
Updating learning rate to 9.501483585749811e-06
Epoch: 41 cost time: 1.1893095970153809
Epoch: 41, Steps: 29 | Train Loss: 0.0641310 Vali Loss: 0.1109127 Test Loss: 0.0524347
Validation loss decreased (0.112008 --> 0.110913).  Saving model ...
Updating learning rate to 9.399308036478838e-06
Epoch: 42 cost time: 1.1928551197052002
Epoch: 42, Steps: 29 | Train Loss: 0.0635909 Vali Loss: 0.1102823 Test Loss: 0.0521677
Validation loss decreased (0.110913 --> 0.110282).  Saving model ...
Updating learning rate to 9.288272906571216e-06
Epoch: 43 cost time: 1.1765336990356445
Epoch: 43, Steps: 29 | Train Loss: 0.0629553 Vali Loss: 0.1098447 Test Loss: 0.0517582
Validation loss decreased (0.110282 --> 0.109845).  Saving model ...
Updating learning rate to 9.16860180600173e-06
Epoch: 44 cost time: 1.1886909008026123
Epoch: 44, Steps: 29 | Train Loss: 0.0623648 Vali Loss: 0.1092374 Test Loss: 0.0512550
Validation loss decreased (0.109845 --> 0.109237).  Saving model ...
Updating learning rate to 9.040535736440785e-06
Epoch: 45 cost time: 1.1939952373504639
Epoch: 45, Steps: 29 | Train Loss: 0.0618024 Vali Loss: 0.1076013 Test Loss: 0.0512803
Validation loss decreased (0.109237 --> 0.107601).  Saving model ...
Updating learning rate to 8.904332605909106e-06
Epoch: 46 cost time: 1.1887524127960205
Epoch: 46, Steps: 29 | Train Loss: 0.0611802 Vali Loss: 0.1076383 Test Loss: 0.0505887
EarlyStopping counter: 1 out of 10
Updating learning rate to 8.760266709385311e-06
Epoch: 47 cost time: 1.1781973838806152
Epoch: 47, Steps: 29 | Train Loss: 0.0606078 Vali Loss: 0.1066797 Test Loss: 0.0505684
Validation loss decreased (0.107601 --> 0.106680).  Saving model ...
Updating learning rate to 8.608628176412335e-06
Epoch: 48 cost time: 1.1894505023956299
Epoch: 48, Steps: 29 | Train Loss: 0.0600316 Vali Loss: 0.1067502 Test Loss: 0.0498007
EarlyStopping counter: 1 out of 10
Updating learning rate to 8.449722386815127e-06
Epoch: 49 cost time: 1.185316801071167
Epoch: 49, Steps: 29 | Train Loss: 0.0594896 Vali Loss: 0.1053552 Test Loss: 0.0498705
Validation loss decreased (0.106680 --> 0.105355).  Saving model ...
Updating learning rate to 8.28386935570634e-06
Epoch: 50 cost time: 1.191579818725586
Epoch: 50, Steps: 29 | Train Loss: 0.0589219 Vali Loss: 0.1043489 Test Loss: 0.0493801
Validation loss decreased (0.105355 --> 0.104349).  Saving model ...
Updating learning rate to 8.111403089018465e-06
Epoch: 51 cost time: 1.1916170120239258
Epoch: 51, Steps: 29 | Train Loss: 0.0583659 Vali Loss: 0.1034010 Test Loss: 0.0490209
Validation loss decreased (0.104349 --> 0.103401).  Saving model ...
Updating learning rate to 7.93267091086035e-06
Epoch: 52 cost time: 1.1725575923919678
Epoch: 52, Steps: 29 | Train Loss: 0.0578441 Vali Loss: 0.1023297 Test Loss: 0.0488468
Validation loss decreased (0.103401 --> 0.102330).  Saving model ...
Updating learning rate to 7.748032764052655e-06
Epoch: 53 cost time: 1.1874501705169678
Epoch: 53, Steps: 29 | Train Loss: 0.0573089 Vali Loss: 0.1022085 Test Loss: 0.0484409
Validation loss decreased (0.102330 --> 0.102208).  Saving model ...
Updating learning rate to 7.557860485250925e-06
Epoch: 54 cost time: 1.191436529159546
Epoch: 54, Steps: 29 | Train Loss: 0.0568107 Vali Loss: 0.1017741 Test Loss: 0.0481145
Validation loss decreased (0.102208 --> 0.101774).  Saving model ...
Updating learning rate to 7.362537056116034e-06
Epoch: 55 cost time: 1.1919353008270264
Epoch: 55, Steps: 29 | Train Loss: 0.0562708 Vali Loss: 0.1004623 Test Loss: 0.0480739
Validation loss decreased (0.101774 --> 0.100462).  Saving model ...
Updating learning rate to 7.162455832040107e-06
Epoch: 56 cost time: 1.1882624626159668
Epoch: 56, Steps: 29 | Train Loss: 0.0557717 Vali Loss: 0.0999181 Test Loss: 0.0474979
Validation loss decreased (0.100462 --> 0.099918).  Saving model ...
Updating learning rate to 6.9580197499810984e-06
Epoch: 57 cost time: 1.1951968669891357
Epoch: 57, Steps: 29 | Train Loss: 0.0552635 Vali Loss: 0.0987164 Test Loss: 0.0476807
Validation loss decreased (0.099918 --> 0.098716).  Saving model ...
Updating learning rate to 6.7496405170013816e-06
Epoch: 58 cost time: 1.1954665184020996
Epoch: 58, Steps: 29 | Train Loss: 0.0547959 Vali Loss: 0.0983903 Test Loss: 0.0470403
Validation loss decreased (0.098716 --> 0.098390).  Saving model ...
Updating learning rate to 6.537737781144523e-06
Epoch: 59 cost time: 1.198176622390747
Epoch: 59, Steps: 29 | Train Loss: 0.0543532 Vali Loss: 0.0979716 Test Loss: 0.0462758
Validation loss decreased (0.098390 --> 0.097972).  Saving model ...
Updating learning rate to 6.322738286319964e-06
Epoch: 60 cost time: 1.1873059272766113
Epoch: 60, Steps: 29 | Train Loss: 0.0538867 Vali Loss: 0.0966926 Test Loss: 0.0461717
Validation loss decreased (0.097972 --> 0.096693).  Saving model ...
Updating learning rate to 6.105075012897585e-06
Epoch: 61 cost time: 1.1641192436218262
Epoch: 61, Steps: 29 | Train Loss: 0.0533990 Vali Loss: 0.0951852 Test Loss: 0.0464901
Validation loss decreased (0.096693 --> 0.095185).  Saving model ...
Updating learning rate to 5.885186305742857e-06
Epoch: 62 cost time: 1.1938436031341553
Epoch: 62, Steps: 29 | Train Loss: 0.0529072 Vali Loss: 0.0954023 Test Loss: 0.0456171
EarlyStopping counter: 1 out of 10
Updating learning rate to 5.6635149914486225e-06
Epoch: 63 cost time: 1.1939094066619873
Epoch: 63, Steps: 29 | Train Loss: 0.0524585 Vali Loss: 0.0940728 Test Loss: 0.0455848
Validation loss decreased (0.095185 --> 0.094073).  Saving model ...
Updating learning rate to 5.440507486541268e-06
Epoch: 64 cost time: 1.1937391757965088
Epoch: 64, Steps: 29 | Train Loss: 0.0520238 Vali Loss: 0.0932145 Test Loss: 0.0453829
Validation loss decreased (0.094073 --> 0.093214).  Saving model ...
Updating learning rate to 5.216612898457253e-06
Epoch: 65 cost time: 1.1913135051727295
Epoch: 65, Steps: 29 | Train Loss: 0.0515730 Vali Loss: 0.0928371 Test Loss: 0.0448276
Validation loss decreased (0.093214 --> 0.092837).  Saving model ...
Updating learning rate to 4.992282121100496e-06
Epoch: 66 cost time: 1.1779985427856445
Epoch: 66, Steps: 29 | Train Loss: 0.0511238 Vali Loss: 0.0924321 Test Loss: 0.0444221
Validation loss decreased (0.092837 --> 0.092432).  Saving model ...
Updating learning rate to 4.767966926802067e-06
Epoch: 67 cost time: 1.1906685829162598
Epoch: 67, Steps: 29 | Train Loss: 0.0507159 Vali Loss: 0.0912094 Test Loss: 0.0443049
Validation loss decreased (0.092432 --> 0.091209).  Saving model ...
Updating learning rate to 4.5441190565108235e-06
Epoch: 68 cost time: 1.1882708072662354
Epoch: 68, Steps: 29 | Train Loss: 0.0502814 Vali Loss: 0.0909527 Test Loss: 0.0437815
Validation loss decreased (0.091209 --> 0.090953).  Saving model ...
Updating learning rate to 4.3211893100472735e-06
Epoch: 69 cost time: 1.196448802947998
Epoch: 69, Steps: 29 | Train Loss: 0.0498810 Vali Loss: 0.0901653 Test Loss: 0.0433633
Validation loss decreased (0.090953 --> 0.090165).  Saving model ...
Updating learning rate to 4.099626638252712e-06
Epoch: 70 cost time: 1.1681296825408936
Epoch: 70, Steps: 29 | Train Loss: 0.0494256 Vali Loss: 0.0889940 Test Loss: 0.0434977
Validation loss decreased (0.090165 --> 0.088994).  Saving model ...
Updating learning rate to 3.879877238861997e-06
Epoch: 71 cost time: 1.1915061473846436
Epoch: 71, Steps: 29 | Train Loss: 0.0490646 Vali Loss: 0.0888449 Test Loss: 0.0428788
Validation loss decreased (0.088994 --> 0.088845).  Saving model ...
Updating learning rate to 3.662383657920668e-06
Epoch: 72 cost time: 1.194227695465088
Epoch: 72, Steps: 29 | Train Loss: 0.0486519 Vali Loss: 0.0880452 Test Loss: 0.0426041
Validation loss decreased (0.088845 --> 0.088045).  Saving model ...
Updating learning rate to 3.447583898556124e-06
Epoch: 73 cost time: 1.1873493194580078
Epoch: 73, Steps: 29 | Train Loss: 0.0482460 Vali Loss: 0.0874049 Test Loss: 0.0421423
Validation loss decreased (0.088045 --> 0.087405).  Saving model ...
Updating learning rate to 3.2359105388976132e-06
Epoch: 74 cost time: 1.1923422813415527
Epoch: 74, Steps: 29 | Train Loss: 0.0478523 Vali Loss: 0.0865056 Test Loss: 0.0420780
Validation loss decreased (0.087405 --> 0.086506).  Saving model ...
Updating learning rate to 3.027789860921434e-06
Epoch: 75 cost time: 1.1708042621612549
Epoch: 75, Steps: 29 | Train Loss: 0.0474848 Vali Loss: 0.0856377 Test Loss: 0.0417546
Validation loss decreased (0.086506 --> 0.085638).  Saving model ...
Updating learning rate to 2.8236409919757893e-06
Epoch: 76 cost time: 1.2039766311645508
Epoch: 76, Steps: 29 | Train Loss: 0.0470879 Vali Loss: 0.0848285 Test Loss: 0.0415181
Validation loss decreased (0.085638 --> 0.084829).  Saving model ...
Updating learning rate to 2.6238750607140637e-06
Epoch: 77 cost time: 1.2042124271392822
Epoch: 77, Steps: 29 | Train Loss: 0.0467094 Vali Loss: 0.0842959 Test Loss: 0.0412575
Validation loss decreased (0.084829 --> 0.084296).  Saving model ...
Updating learning rate to 2.4288943691364434e-06
Epoch: 78 cost time: 1.1978344917297363
Epoch: 78, Steps: 29 | Train Loss: 0.0463946 Vali Loss: 0.0836520 Test Loss: 0.0409603
Validation loss decreased (0.084296 --> 0.083652).  Saving model ...
Updating learning rate to 2.2390915824072217e-06
Epoch: 79 cost time: 1.1900193691253662
Epoch: 79, Steps: 29 | Train Loss: 0.0459690 Vali Loss: 0.0830739 Test Loss: 0.0405322
Validation loss decreased (0.083652 --> 0.083074).  Saving model ...
Updating learning rate to 2.0548489380794217e-06
Epoch: 80 cost time: 1.195676565170288
Epoch: 80, Steps: 29 | Train Loss: 0.0456253 Vali Loss: 0.0823547 Test Loss: 0.0403126
Validation loss decreased (0.083074 --> 0.082355).  Saving model ...
Updating learning rate to 1.876537476319218e-06
Epoch: 81 cost time: 1.190638542175293
Epoch: 81, Steps: 29 | Train Loss: 0.0453162 Vali Loss: 0.0821689 Test Loss: 0.0402210
Validation loss decreased (0.082355 --> 0.082169).  Saving model ...
Updating learning rate to 1.7045162926804444e-06
Epoch: 82 cost time: 1.1953842639923096
Epoch: 82, Steps: 29 | Train Loss: 0.0452875 Vali Loss: 0.0823827 Test Loss: 0.0401630
EarlyStopping counter: 1 out of 10
Updating learning rate to 1.5391318149339123e-06
Epoch: 83 cost time: 1.197990894317627
Epoch: 83, Steps: 29 | Train Loss: 0.0452800 Vali Loss: 0.0822629 Test Loss: 0.0402467
EarlyStopping counter: 2 out of 10
Updating learning rate to 1.3807171054080036e-06
Epoch: 84 cost time: 1.1713063716888428
Epoch: 84, Steps: 29 | Train Loss: 0.0452684 Vali Loss: 0.0821871 Test Loss: 0.0401976
EarlyStopping counter: 3 out of 10
Updating learning rate to 1.2295911902454577e-06
Epoch: 85 cost time: 1.1931071281433105
Epoch: 85, Steps: 29 | Train Loss: 0.0452385 Vali Loss: 0.0822300 Test Loss: 0.0401322
EarlyStopping counter: 4 out of 10
Updating learning rate to 1.0860584169271784e-06
Epoch: 86 cost time: 1.1933462619781494
Epoch: 86, Steps: 29 | Train Loss: 0.0452461 Vali Loss: 0.0823944 Test Loss: 0.0401288
EarlyStopping counter: 5 out of 10
Updating learning rate to 9.504078413569088e-07
Epoch: 87 cost time: 1.1925804615020752
Epoch: 87, Steps: 29 | Train Loss: 0.0452597 Vali Loss: 0.0820837 Test Loss: 0.0402189
Validation loss decreased (0.082169 --> 0.082084).  Saving model ...
Updating learning rate to 8.229126457411124e-07
Epoch: 88 cost time: 1.1994102001190186
Epoch: 88, Steps: 29 | Train Loss: 0.0452631 Vali Loss: 0.0824039 Test Loss: 0.0401149
EarlyStopping counter: 1 out of 10
Updating learning rate to 7.038295884363647e-07
Epoch: 89 cost time: 1.1573610305786133
Epoch: 89, Steps: 29 | Train Loss: 0.0452266 Vali Loss: 0.0823062 Test Loss: 0.0402227
EarlyStopping counter: 2 out of 10
Updating learning rate to 5.933984868721898e-07
Epoch: 90 cost time: 1.1972999572753906
Epoch: 90, Steps: 29 | Train Loss: 0.0452448 Vali Loss: 0.0822738 Test Loss: 0.0401614
EarlyStopping counter: 3 out of 10
Updating learning rate to 4.918417345906772e-07
Epoch: 91 cost time: 1.1976394653320312
Epoch: 91, Steps: 29 | Train Loss: 0.0452632 Vali Loss: 0.0822109 Test Loss: 0.0401888
EarlyStopping counter: 4 out of 10
Updating learning rate to 3.9936385337548097e-07
Epoch: 92 cost time: 1.1981456279754639
Epoch: 92, Steps: 29 | Train Loss: 0.0452050 Vali Loss: 0.0824220 Test Loss: 0.0401826
EarlyStopping counter: 5 out of 10
Updating learning rate to 3.161510813721721e-07
Epoch: 93 cost time: 1.1960644721984863
Epoch: 93, Steps: 29 | Train Loss: 0.0452087 Vali Loss: 0.0821874 Test Loss: 0.0401865
EarlyStopping counter: 6 out of 10
Updating learning rate to 2.4237099802938663e-07
Epoch: 94 cost time: 1.1957190036773682
Epoch: 94, Steps: 29 | Train Loss: 0.0452241 Vali Loss: 0.0821704 Test Loss: 0.0402258
EarlyStopping counter: 7 out of 10
Updating learning rate to 1.7817218661613333e-07
Epoch: 95 cost time: 1.188992977142334
Epoch: 95, Steps: 29 | Train Loss: 0.0452611 Vali Loss: 0.0822745 Test Loss: 0.0401909
EarlyStopping counter: 8 out of 10
Updating learning rate to 1.236839349948492e-07
Epoch: 96 cost time: 1.1935908794403076
Epoch: 96, Steps: 29 | Train Loss: 0.0452060 Vali Loss: 0.0820519 Test Loss: 0.0401870
Validation loss decreased (0.082084 --> 0.082052).  Saving model ...
Updating learning rate to 7.90159752528609e-08
Epoch: 97 cost time: 1.1962075233459473
Epoch: 97, Steps: 29 | Train Loss: 0.0452125 Vali Loss: 0.0822383 Test Loss: 0.0402174
EarlyStopping counter: 1 out of 10
Updating learning rate to 4.425826271655888e-08
Epoch: 98 cost time: 1.1970484256744385
Epoch: 98, Steps: 29 | Train Loss: 0.0451997 Vali Loss: 0.0823861 Test Loss: 0.0402052
EarlyStopping counter: 2 out of 10
Updating learning rate to 1.948079479334324e-08
Epoch: 99 cost time: 1.1935346126556396
Epoch: 99, Steps: 29 | Train Loss: 0.0452735 Vali Loss: 0.0821629 Test Loss: 0.0401835
EarlyStopping counter: 3 out of 10
Updating learning rate to 4.7334700061613195e-09
Epoch: 100 cost time: 1.199152946472168
Epoch: 100, Steps: 29 | Train Loss: 0.0452342 Vali Loss: 0.0822031 Test Loss: 0.0402019
EarlyStopping counter: 4 out of 10
Updating learning rate to 4.5987504521248976e-11
>>>>>>>testing : ETTh1_336_720_DTFNet_ETTh1_ftM_sl336_ll0_pl720_dm128_nh16_el2_br2_dl1_df256_fc1_ebtimeF_dtTrue_'Exp'_0_'rel_sin'_16_8_16,24_8,12_3_1_256<<<<<<<<<<<<<<<<<<<<<<<<<<<<<<<<<
test 2161
mse:0.42688190937042236, mae:0.4487767219543457, rse:0.627536416053772
