Args in experiment:
Namespace(is_training=1, model_id='ETTh1_336_720', model='DTFNet', data='ETTh1', root_path='./dataset/', data_path='ETTh1.csv', features='M', target='OT', freq='h', checkpoints='./checkpoints/', seq_len=336, label_len=0, pred_len=720, n_branches=2, patch_len_ls='16,24', stride_ls='8,12', d_model_ls='128', n_heads_ls='16', rel_pe="'rel_sin'", res_attn=False, head_type='flatten', fc_dropout=0.3, head_dropout=0.1, patch_len=16, stride=8, padding_patch="'end'", revin=1, affine=0, subtract_last=0, decomposition=0, kernel_size=25, individual=0, store_attn=False, pre_norm=False, pe='zeros', no_learn_pe=True, embed_type=0, enc_in=7, dec_in=7, c_out=7, d_model=128, n_heads=16, e_layers=2, d_layers=1, d_ff=256, moving_avg=25, factor=1, distil=True, dropout=0.3, embed='timeF', activation='gelu', output_attention=False, do_predict=False, num_workers=0, itr=1, train_epochs=100, batch_size=256, patience=10, learning_rate=1e-05, des="'Exp'", loss='mse', lradj='TST', pct_start=0.3, use_amp=False, l2=0.0, warmup_steps=0, use_gpu=True, gpu=0, use_multi_gpu=False, devices='0', test_flop=False, use_mlflow=False, mlflow_project='exp', loss_flag=2, sub_patch_len=16, sub_stride=8, stride_ls_list='16', model_type='linear', tfactor=3, dilation_rates='1', wavelet_layers=2, wavelet_type='db5', wavelet_mode='periodization', wavelet_dim=64, initTLV=0.2)
Use GPU: cuda:0
>>>>>>>start training : ETTh1_336_720_DTFNet_ETTh1_ftM_sl336_ll0_pl720_dm128_nh16_el2_br2_dl1_df256_fc1_ebtimeF_dtTrue_'Exp'_0_'rel_sin'_16_8_16,24_8,12_3_1_256>>>>>>>>>>>>>>>>>>>>>>>>>>
train 7585
val 2161
test 2161
Epoch: 1 cost time: 1.6252384185791016
Epoch: 1, Steps: 29 | Train Loss: 0.1076413 Vali Loss: 0.1789606 Test Loss: 0.0997719
Validation loss decreased (inf --> 0.178961).  Saving model ...
Updating learning rate to 4.2635539919063106e-07
Epoch: 2 cost time: 1.187246561050415
Epoch: 2, Steps: 29 | Train Loss: 0.1067443 Vali Loss: 0.1774341 Test Loss: 0.0989234
Validation loss decreased (0.178961 --> 0.177434).  Saving model ...
Updating learning rate to 5.051321771514831e-07
Epoch: 3 cost time: 1.1874051094055176
Epoch: 3, Steps: 29 | Train Loss: 0.1058767 Vali Loss: 0.1758111 Test Loss: 0.0980101
Validation loss decreased (0.177434 --> 0.175811).  Saving model ...
Updating learning rate to 6.354652532866785e-07
Epoch: 4 cost time: 1.1780953407287598
Epoch: 4, Steps: 29 | Train Loss: 0.1049918 Vali Loss: 0.1741089 Test Loss: 0.0970311
Validation loss decreased (0.175811 --> 0.174109).  Saving model ...
Updating learning rate to 8.159233858256806e-07
Epoch: 5 cost time: 1.1861746311187744
Epoch: 5, Steps: 29 | Train Loss: 0.1040184 Vali Loss: 0.1727253 Test Loss: 0.0959566
Validation loss decreased (0.174109 --> 0.172725).  Saving model ...
Updating learning rate to 1.0445248888850473e-06
Epoch: 6 cost time: 1.1869091987609863
Epoch: 6, Steps: 29 | Train Loss: 0.1030297 Vali Loss: 0.1702204 Test Loss: 0.0947581
Validation loss decreased (0.172725 --> 0.170220).  Saving model ...
Updating learning rate to 1.3187593941861497e-06
Epoch: 7 cost time: 1.1886096000671387
Epoch: 7, Steps: 29 | Train Loss: 0.1018981 Vali Loss: 0.1681324 Test Loss: 0.0933714
Validation loss decreased (0.170220 --> 0.168132).  Saving model ...
Updating learning rate to 1.6356154184543822e-06
Epoch: 8 cost time: 1.1824450492858887
Epoch: 8, Steps: 29 | Train Loss: 0.1006023 Vali Loss: 0.1653225 Test Loss: 0.0916866
Validation loss decreased (0.168132 --> 0.165323).  Saving model ...
Updating learning rate to 1.9916134337707666e-06
Epoch: 9 cost time: 1.1773769855499268
Epoch: 9, Steps: 29 | Train Loss: 0.0991837 Vali Loss: 0.1621948 Test Loss: 0.0895453
Validation loss decreased (0.165323 --> 0.162195).  Saving model ...
Updating learning rate to 2.3828440777166636e-06
Epoch: 10 cost time: 1.1848523616790771
Epoch: 10, Steps: 29 | Train Loss: 0.0974102 Vali Loss: 0.1581553 Test Loss: 0.0866091
Validation loss decreased (0.162195 --> 0.158155).  Saving model ...
Updating learning rate to 2.805011083710071e-06
Epoch: 11 cost time: 1.1757543087005615
Epoch: 11, Steps: 29 | Train Loss: 0.0951151 Vali Loss: 0.1529428 Test Loss: 0.0825945
Validation loss decreased (0.158155 --> 0.152943).  Saving model ...
Updating learning rate to 3.2534784600976295e-06
Epoch: 12 cost time: 1.1829078197479248
Epoch: 12, Steps: 29 | Train Loss: 0.0925288 Vali Loss: 0.1470785 Test Loss: 0.0780949
Validation loss decreased (0.152943 --> 0.147079).  Saving model ...
Updating learning rate to 3.723321399909056e-06
Epoch: 13 cost time: 1.1864550113677979
Epoch: 13, Steps: 29 | Train Loss: 0.0900565 Vali Loss: 0.1426864 Test Loss: 0.0750667
Validation loss decreased (0.147079 --> 0.142686).  Saving model ...
Updating learning rate to 4.209380362212844e-06
Epoch: 14 cost time: 1.190361499786377
Epoch: 14, Steps: 29 | Train Loss: 0.0882969 Vali Loss: 0.1392323 Test Loss: 0.0735171
Validation loss decreased (0.142686 --> 0.139232).  Saving model ...
Updating learning rate to 4.706317731183279e-06
Epoch: 15 cost time: 1.1912760734558105
Epoch: 15, Steps: 29 | Train Loss: 0.0866176 Vali Loss: 0.1362200 Test Loss: 0.0714289
Validation loss decreased (0.139232 --> 0.136220).  Saving model ...
Updating learning rate to 5.208676430682048e-06
Epoch: 16 cost time: 1.1910114288330078
Epoch: 16, Steps: 29 | Train Loss: 0.0848984 Vali Loss: 0.1336108 Test Loss: 0.0696086
Validation loss decreased (0.136220 --> 0.133611).  Saving model ...
Updating learning rate to 5.710939850683244e-06
Epoch: 17 cost time: 1.1878838539123535
Epoch: 17, Steps: 29 | Train Loss: 0.0833430 Vali Loss: 0.1314903 Test Loss: 0.0678885
Validation loss decreased (0.133611 --> 0.131490).  Saving model ...
Updating learning rate to 6.207592427464792e-06
Epoch: 18 cost time: 1.1836955547332764
Epoch: 18, Steps: 29 | Train Loss: 0.0818515 Vali Loss: 0.1301749 Test Loss: 0.0662439
Validation loss decreased (0.131490 --> 0.130175).  Saving model ...
Updating learning rate to 6.693180212309968e-06
Epoch: 19 cost time: 1.1907243728637695
Epoch: 19, Steps: 29 | Train Loss: 0.0806683 Vali Loss: 0.1286382 Test Loss: 0.0650263
Validation loss decreased (0.130175 --> 0.128638).  Saving model ...
Updating learning rate to 7.1623707635889015e-06
Epoch: 20 cost time: 1.1833491325378418
Epoch: 20, Steps: 29 | Train Loss: 0.0796453 Vali Loss: 0.1274821 Test Loss: 0.0640608
Validation loss decreased (0.128638 --> 0.127482).  Saving model ...
Updating learning rate to 7.610011704520164e-06
Epoch: 21 cost time: 1.18678879737854
Epoch: 21, Steps: 29 | Train Loss: 0.0786753 Vali Loss: 0.1267596 Test Loss: 0.0633461
Validation loss decreased (0.127482 --> 0.126760).  Saving model ...
Updating learning rate to 8.031187303565295e-06
Epoch: 22 cost time: 1.1816928386688232
Epoch: 22, Steps: 29 | Train Loss: 0.0778205 Vali Loss: 0.1259367 Test Loss: 0.0620377
Validation loss decreased (0.126760 --> 0.125937).  Saving model ...
Updating learning rate to 8.421272456123378e-06
Epoch: 23 cost time: 1.1907801628112793
Epoch: 23, Steps: 29 | Train Loss: 0.0770009 Vali Loss: 0.1247979 Test Loss: 0.0614758
Validation loss decreased (0.125937 --> 0.124798).  Saving model ...
Updating learning rate to 8.775983474730246e-06
Epoch: 24 cost time: 1.190173864364624
Epoch: 24, Steps: 29 | Train Loss: 0.0762303 Vali Loss: 0.1236920 Test Loss: 0.0606615
Validation loss decreased (0.124798 --> 0.123692).  Saving model ...
Updating learning rate to 9.091425130013939e-06
Epoch: 25 cost time: 1.191838264465332
Epoch: 25, Steps: 29 | Train Loss: 0.0753680 Vali Loss: 0.1228162 Test Loss: 0.0598899
Validation loss decreased (0.123692 --> 0.122816).  Saving model ...
Updating learning rate to 9.364133425830145e-06
Epoch: 26 cost time: 1.1902968883514404
Epoch: 26, Steps: 29 | Train Loss: 0.0746693 Vali Loss: 0.1218448 Test Loss: 0.0595644
Validation loss decreased (0.122816 --> 0.121845).  Saving model ...
Updating learning rate to 9.591113638846019e-06
Epoch: 27 cost time: 1.1857011318206787
Epoch: 27, Steps: 29 | Train Loss: 0.0738615 Vali Loss: 0.1214965 Test Loss: 0.0584881
Validation loss decreased (0.121845 --> 0.121497).  Saving model ...
Updating learning rate to 9.769873204843885e-06
Epoch: 28 cost time: 1.187159776687622
Epoch: 28, Steps: 29 | Train Loss: 0.0731485 Vali Loss: 0.1204290 Test Loss: 0.0580301
Validation loss decreased (0.121497 --> 0.120429).  Saving model ...
Updating learning rate to 9.898449090606656e-06
Epoch: 29 cost time: 1.1769959926605225
Epoch: 29, Steps: 29 | Train Loss: 0.0724522 Vali Loss: 0.1195521 Test Loss: 0.0575851
Validation loss decreased (0.120429 --> 0.119552).  Saving model ...
Updating learning rate to 9.975429350802846e-06
Epoch: 30 cost time: 1.1909325122833252
Epoch: 30, Steps: 29 | Train Loss: 0.0716537 Vali Loss: 0.1186278 Test Loss: 0.0569433
Validation loss decreased (0.119552 --> 0.118628).  Saving model ...
Updating learning rate to 9.99999401249548e-06
Epoch: 31 cost time: 1.1874172687530518
Epoch: 31, Steps: 29 | Train Loss: 0.0709439 Vali Loss: 0.1180959 Test Loss: 0.0561990
Validation loss decreased (0.118628 --> 0.118096).  Saving model ...
Updating learning rate to 9.994612212745642e-06
Epoch: 32 cost time: 1.1928534507751465
Epoch: 32, Steps: 29 | Train Loss: 0.0703167 Vali Loss: 0.1165518 Test Loss: 0.0561294
Validation loss decreased (0.118096 --> 0.116552).  Saving model ...
Updating learning rate to 9.979171968972798e-06
Epoch: 33 cost time: 1.1838085651397705
Epoch: 33, Steps: 29 | Train Loss: 0.0695786 Vali Loss: 0.1168765 Test Loss: 0.0552089
EarlyStopping counter: 1 out of 10
Updating learning rate to 9.953704375773079e-06
Epoch: 34 cost time: 1.1796181201934814
Epoch: 34, Steps: 29 | Train Loss: 0.0688844 Vali Loss: 0.1152351 Test Loss: 0.0551255
Validation loss decreased (0.116552 --> 0.115235).  Saving model ...
Updating learning rate to 9.918260721489893e-06
Epoch: 35 cost time: 1.1795833110809326
Epoch: 35, Steps: 29 | Train Loss: 0.0682297 Vali Loss: 0.1150624 Test Loss: 0.0545239
Validation loss decreased (0.115235 --> 0.115062).  Saving model ...
Updating learning rate to 9.872912384926035e-06
Epoch: 36 cost time: 1.1836929321289062
Epoch: 36, Steps: 29 | Train Loss: 0.0675525 Vali Loss: 0.1139089 Test Loss: 0.0539471
Validation loss decreased (0.115062 --> 0.113909).  Saving model ...
Updating learning rate to 9.817750691596265e-06
Epoch: 37 cost time: 1.1811504364013672
Epoch: 37, Steps: 29 | Train Loss: 0.0669595 Vali Loss: 0.1130980 Test Loss: 0.0536833
Validation loss decreased (0.113909 --> 0.113098).  Saving model ...
Updating learning rate to 9.752886729809889e-06
Epoch: 38 cost time: 1.1835315227508545
Epoch: 38, Steps: 29 | Train Loss: 0.0662510 Vali Loss: 0.1126291 Test Loss: 0.0530859
Validation loss decreased (0.113098 --> 0.112629).  Saving model ...
Updating learning rate to 9.678451126953676e-06
Epoch: 39 cost time: 1.1866466999053955
Epoch: 39, Steps: 29 | Train Loss: 0.0656669 Vali Loss: 0.1115541 Test Loss: 0.0529508
Validation loss decreased (0.112629 --> 0.111554).  Saving model ...
Updating learning rate to 9.594593786425696e-06
Epoch: 40 cost time: 1.1886470317840576
Epoch: 40, Steps: 29 | Train Loss: 0.0650102 Vali Loss: 0.1105969 Test Loss: 0.0525203
Validation loss decreased (0.111554 --> 0.110597).  Saving model ...
Updating learning rate to 9.501483585749811e-06
Epoch: 41 cost time: 1.1797411441802979
Epoch: 41, Steps: 29 | Train Loss: 0.0643755 Vali Loss: 0.1097871 Test Loss: 0.0521922
Validation loss decreased (0.110597 --> 0.109787).  Saving model ...
Updating learning rate to 9.399308036478838e-06
Epoch: 42 cost time: 1.1771576404571533
Epoch: 42, Steps: 29 | Train Loss: 0.0637357 Vali Loss: 0.1096099 Test Loss: 0.0516117
Validation loss decreased (0.109787 --> 0.109610).  Saving model ...
Updating learning rate to 9.288272906571216e-06
Epoch: 43 cost time: 1.1765308380126953
Epoch: 43, Steps: 29 | Train Loss: 0.0631392 Vali Loss: 0.1088981 Test Loss: 0.0512456
Validation loss decreased (0.109610 --> 0.108898).  Saving model ...
Updating learning rate to 9.16860180600173e-06
Epoch: 44 cost time: 1.1786854267120361
Epoch: 44, Steps: 29 | Train Loss: 0.0625013 Vali Loss: 0.1091203 Test Loss: 0.0504943
EarlyStopping counter: 1 out of 10
Updating learning rate to 9.040535736440785e-06
Epoch: 45 cost time: 1.1851322650909424
Epoch: 45, Steps: 29 | Train Loss: 0.0619637 Vali Loss: 0.1077241 Test Loss: 0.0502747
Validation loss decreased (0.108898 --> 0.107724).  Saving model ...
Updating learning rate to 8.904332605909106e-06
Epoch: 46 cost time: 1.1897494792938232
Epoch: 46, Steps: 29 | Train Loss: 0.0613595 Vali Loss: 0.1068413 Test Loss: 0.0500317
Validation loss decreased (0.107724 --> 0.106841).  Saving model ...
Updating learning rate to 8.760266709385311e-06
Epoch: 47 cost time: 1.1834633350372314
Epoch: 47, Steps: 29 | Train Loss: 0.0607878 Vali Loss: 0.1055272 Test Loss: 0.0500139
Validation loss decreased (0.106841 --> 0.105527).  Saving model ...
Updating learning rate to 8.608628176412335e-06
Epoch: 48 cost time: 1.1855452060699463
Epoch: 48, Steps: 29 | Train Loss: 0.0602634 Vali Loss: 0.1055317 Test Loss: 0.0495328
EarlyStopping counter: 1 out of 10
Updating learning rate to 8.449722386815127e-06
Epoch: 49 cost time: 1.177457332611084
Epoch: 49, Steps: 29 | Train Loss: 0.0596170 Vali Loss: 0.1049776 Test Loss: 0.0490518
Validation loss decreased (0.105527 --> 0.104978).  Saving model ...
Updating learning rate to 8.28386935570634e-06
Epoch: 50 cost time: 1.18220853805542
Epoch: 50, Steps: 29 | Train Loss: 0.0591046 Vali Loss: 0.1051341 Test Loss: 0.0484350
EarlyStopping counter: 1 out of 10
Updating learning rate to 8.111403089018465e-06
Epoch: 51 cost time: 1.184643268585205
Epoch: 51, Steps: 29 | Train Loss: 0.0585101 Vali Loss: 0.1031583 Test Loss: 0.0487249
Validation loss decreased (0.104978 --> 0.103158).  Saving model ...
Updating learning rate to 7.93267091086035e-06
Epoch: 52 cost time: 1.1881322860717773
Epoch: 52, Steps: 29 | Train Loss: 0.0579990 Vali Loss: 0.1028483 Test Loss: 0.0481420
Validation loss decreased (0.103158 --> 0.102848).  Saving model ...
Updating learning rate to 7.748032764052655e-06
Epoch: 53 cost time: 1.1897928714752197
Epoch: 53, Steps: 29 | Train Loss: 0.0574895 Vali Loss: 0.1022999 Test Loss: 0.0477427
Validation loss decreased (0.102848 --> 0.102300).  Saving model ...
Updating learning rate to 7.557860485250925e-06
Epoch: 54 cost time: 1.1867833137512207
Epoch: 54, Steps: 29 | Train Loss: 0.0569891 Vali Loss: 0.1009645 Test Loss: 0.0475317
Validation loss decreased (0.102300 --> 0.100965).  Saving model ...
Updating learning rate to 7.362537056116034e-06
Epoch: 55 cost time: 1.18623948097229
Epoch: 55, Steps: 29 | Train Loss: 0.0564278 Vali Loss: 0.1001843 Test Loss: 0.0473679
Validation loss decreased (0.100965 --> 0.100184).  Saving model ...
Updating learning rate to 7.162455832040107e-06
Epoch: 56 cost time: 1.1863224506378174
Epoch: 56, Steps: 29 | Train Loss: 0.0559004 Vali Loss: 0.1003190 Test Loss: 0.0467484
EarlyStopping counter: 1 out of 10
Updating learning rate to 6.9580197499810984e-06
Epoch: 57 cost time: 1.1802833080291748
Epoch: 57, Steps: 29 | Train Loss: 0.0554369 Vali Loss: 0.0995919 Test Loss: 0.0463342
Validation loss decreased (0.100184 --> 0.099592).  Saving model ...
Updating learning rate to 6.7496405170013816e-06
Epoch: 58 cost time: 1.1803932189941406
Epoch: 58, Steps: 29 | Train Loss: 0.0549484 Vali Loss: 0.0984902 Test Loss: 0.0462113
Validation loss decreased (0.099592 --> 0.098490).  Saving model ...
Updating learning rate to 6.537737781144523e-06
Epoch: 59 cost time: 1.1754436492919922
Epoch: 59, Steps: 29 | Train Loss: 0.0544318 Vali Loss: 0.0979564 Test Loss: 0.0457006
Validation loss decreased (0.098490 --> 0.097956).  Saving model ...
Updating learning rate to 6.322738286319964e-06
Epoch: 60 cost time: 1.1882672309875488
Epoch: 60, Steps: 29 | Train Loss: 0.0540392 Vali Loss: 0.0970403 Test Loss: 0.0455427
Validation loss decreased (0.097956 --> 0.097040).  Saving model ...
Updating learning rate to 6.105075012897585e-06
Epoch: 61 cost time: 1.1906936168670654
Epoch: 61, Steps: 29 | Train Loss: 0.0534815 Vali Loss: 0.0964816 Test Loss: 0.0452200
Validation loss decreased (0.097040 --> 0.096482).  Saving model ...
Updating learning rate to 5.885186305742857e-06
Epoch: 62 cost time: 1.187617540359497
Epoch: 62, Steps: 29 | Train Loss: 0.0530587 Vali Loss: 0.0958143 Test Loss: 0.0448777
Validation loss decreased (0.096482 --> 0.095814).  Saving model ...
Updating learning rate to 5.6635149914486225e-06
Epoch: 63 cost time: 1.1893320083618164
Epoch: 63, Steps: 29 | Train Loss: 0.0525916 Vali Loss: 0.0951429 Test Loss: 0.0445733
Validation loss decreased (0.095814 --> 0.095143).  Saving model ...
Updating learning rate to 5.440507486541268e-06
Epoch: 64 cost time: 1.1784539222717285
Epoch: 64, Steps: 29 | Train Loss: 0.0521467 Vali Loss: 0.0941781 Test Loss: 0.0444051
Validation loss decreased (0.095143 --> 0.094178).  Saving model ...
Updating learning rate to 5.216612898457253e-06
Epoch: 65 cost time: 1.1758716106414795
Epoch: 65, Steps: 29 | Train Loss: 0.0516962 Vali Loss: 0.0931606 Test Loss: 0.0442090
Validation loss decreased (0.094178 --> 0.093161).  Saving model ...
Updating learning rate to 4.992282121100496e-06
Epoch: 66 cost time: 1.1829969882965088
Epoch: 66, Steps: 29 | Train Loss: 0.0512794 Vali Loss: 0.0926097 Test Loss: 0.0437772
Validation loss decreased (0.093161 --> 0.092610).  Saving model ...
Updating learning rate to 4.767966926802067e-06
Epoch: 67 cost time: 1.1834673881530762
Epoch: 67, Steps: 29 | Train Loss: 0.0508323 Vali Loss: 0.0923591 Test Loss: 0.0434082
Validation loss decreased (0.092610 --> 0.092359).  Saving model ...
Updating learning rate to 4.5441190565108235e-06
Epoch: 68 cost time: 1.1817238330841064
Epoch: 68, Steps: 29 | Train Loss: 0.0503890 Vali Loss: 0.0913803 Test Loss: 0.0431189
Validation loss decreased (0.092359 --> 0.091380).  Saving model ...
Updating learning rate to 4.3211893100472735e-06
Epoch: 69 cost time: 1.1869635581970215
Epoch: 69, Steps: 29 | Train Loss: 0.0499718 Vali Loss: 0.0907955 Test Loss: 0.0428263
Validation loss decreased (0.091380 --> 0.090796).  Saving model ...
Updating learning rate to 4.099626638252712e-06
Epoch: 70 cost time: 1.1895811557769775
Epoch: 70, Steps: 29 | Train Loss: 0.0495771 Vali Loss: 0.0902150 Test Loss: 0.0424473
Validation loss decreased (0.090796 --> 0.090215).  Saving model ...
Updating learning rate to 3.879877238861997e-06
Epoch: 71 cost time: 1.1799020767211914
Epoch: 71, Steps: 29 | Train Loss: 0.0491592 Vali Loss: 0.0896155 Test Loss: 0.0421338
Validation loss decreased (0.090215 --> 0.089616).  Saving model ...
Updating learning rate to 3.662383657920668e-06
Epoch: 72 cost time: 1.1809475421905518
Epoch: 72, Steps: 29 | Train Loss: 0.0487811 Vali Loss: 0.0885631 Test Loss: 0.0419500
Validation loss decreased (0.089616 --> 0.088563).  Saving model ...
Updating learning rate to 3.447583898556124e-06
Epoch: 73 cost time: 1.181746244430542
Epoch: 73, Steps: 29 | Train Loss: 0.0483761 Vali Loss: 0.0881406 Test Loss: 0.0415203
Validation loss decreased (0.088563 --> 0.088141).  Saving model ...
Updating learning rate to 3.2359105388976132e-06
Epoch: 74 cost time: 1.184302568435669
Epoch: 74, Steps: 29 | Train Loss: 0.0479707 Vali Loss: 0.0872240 Test Loss: 0.0413672
Validation loss decreased (0.088141 --> 0.087224).  Saving model ...
Updating learning rate to 3.027789860921434e-06
Epoch: 75 cost time: 1.192821741104126
Epoch: 75, Steps: 29 | Train Loss: 0.0475657 Vali Loss: 0.0866529 Test Loss: 0.0410174
Validation loss decreased (0.087224 --> 0.086653).  Saving model ...
Updating learning rate to 2.8236409919757893e-06
Epoch: 76 cost time: 1.1759557723999023
Epoch: 76, Steps: 29 | Train Loss: 0.0472171 Vali Loss: 0.0861064 Test Loss: 0.0406663
Validation loss decreased (0.086653 --> 0.086106).  Saving model ...
Updating learning rate to 2.6238750607140637e-06
Epoch: 77 cost time: 1.1842784881591797
Epoch: 77, Steps: 29 | Train Loss: 0.0468325 Vali Loss: 0.0851588 Test Loss: 0.0404411
Validation loss decreased (0.086106 --> 0.085159).  Saving model ...
Updating learning rate to 2.4288943691364434e-06
Epoch: 78 cost time: 1.1783621311187744
Epoch: 78, Steps: 29 | Train Loss: 0.0464288 Vali Loss: 0.0844862 Test Loss: 0.0401884
Validation loss decreased (0.085159 --> 0.084486).  Saving model ...
Updating learning rate to 2.2390915824072217e-06
Epoch: 79 cost time: 1.1800529956817627
Epoch: 79, Steps: 29 | Train Loss: 0.0460938 Vali Loss: 0.0843837 Test Loss: 0.0397774
Validation loss decreased (0.084486 --> 0.084384).  Saving model ...
Updating learning rate to 2.0548489380794217e-06
Epoch: 80 cost time: 1.182811975479126
Epoch: 80, Steps: 29 | Train Loss: 0.0457172 Vali Loss: 0.0832272 Test Loss: 0.0395403
Validation loss decreased (0.084384 --> 0.083227).  Saving model ...
Updating learning rate to 1.876537476319218e-06
Epoch: 81 cost time: 1.1783859729766846
Epoch: 81, Steps: 29 | Train Loss: 0.0454185 Vali Loss: 0.0832378 Test Loss: 0.0394858
EarlyStopping counter: 1 out of 10
Updating learning rate to 1.7045162926804444e-06
Epoch: 82 cost time: 1.1761095523834229
Epoch: 82, Steps: 29 | Train Loss: 0.0454350 Vali Loss: 0.0832157 Test Loss: 0.0394062
Validation loss decreased (0.083227 --> 0.083216).  Saving model ...
Updating learning rate to 1.5391318149339123e-06
Epoch: 83 cost time: 1.1848597526550293
Epoch: 83, Steps: 29 | Train Loss: 0.0453895 Vali Loss: 0.0831922 Test Loss: 0.0394705
Validation loss decreased (0.083216 --> 0.083192).  Saving model ...
Updating learning rate to 1.3807171054080036e-06
Epoch: 84 cost time: 1.1823468208312988
Epoch: 84, Steps: 29 | Train Loss: 0.0453952 Vali Loss: 0.0833373 Test Loss: 0.0394547
EarlyStopping counter: 1 out of 10
Updating learning rate to 1.2295911902454577e-06
Epoch: 85 cost time: 1.182840347290039
Epoch: 85, Steps: 29 | Train Loss: 0.0454255 Vali Loss: 0.0832263 Test Loss: 0.0394613
EarlyStopping counter: 2 out of 10
Updating learning rate to 1.0860584169271784e-06
Epoch: 86 cost time: 1.1785609722137451
Epoch: 86, Steps: 29 | Train Loss: 0.0453812 Vali Loss: 0.0833180 Test Loss: 0.0394461
EarlyStopping counter: 3 out of 10
Updating learning rate to 9.504078413569088e-07
Epoch: 87 cost time: 1.171377182006836
Epoch: 87, Steps: 29 | Train Loss: 0.0453366 Vali Loss: 0.0832436 Test Loss: 0.0394675
EarlyStopping counter: 4 out of 10
Updating learning rate to 8.229126457411124e-07
Epoch: 88 cost time: 1.1828782558441162
Epoch: 88, Steps: 29 | Train Loss: 0.0453351 Vali Loss: 0.0831219 Test Loss: 0.0394846
Validation loss decreased (0.083192 --> 0.083122).  Saving model ...
Updating learning rate to 7.038295884363647e-07
Epoch: 89 cost time: 1.1795287132263184
Epoch: 89, Steps: 29 | Train Loss: 0.0453429 Vali Loss: 0.0834617 Test Loss: 0.0394691
EarlyStopping counter: 1 out of 10
Updating learning rate to 5.933984868721898e-07
Epoch: 90 cost time: 1.1772549152374268
Epoch: 90, Steps: 29 | Train Loss: 0.0453261 Vali Loss: 0.0833361 Test Loss: 0.0394654
EarlyStopping counter: 2 out of 10
Updating learning rate to 4.918417345906772e-07
Epoch: 91 cost time: 1.1794424057006836
Epoch: 91, Steps: 29 | Train Loss: 0.0453666 Vali Loss: 0.0831304 Test Loss: 0.0394979
EarlyStopping counter: 3 out of 10
Updating learning rate to 3.9936385337548097e-07
Epoch: 92 cost time: 1.1814124584197998
Epoch: 92, Steps: 29 | Train Loss: 0.0453537 Vali Loss: 0.0832098 Test Loss: 0.0394477
EarlyStopping counter: 4 out of 10
Updating learning rate to 3.161510813721721e-07
Epoch: 93 cost time: 1.1856913566589355
Epoch: 93, Steps: 29 | Train Loss: 0.0453587 Vali Loss: 0.0833059 Test Loss: 0.0394872
EarlyStopping counter: 5 out of 10
Updating learning rate to 2.4237099802938663e-07
Epoch: 94 cost time: 1.1797707080841064
Epoch: 94, Steps: 29 | Train Loss: 0.0453607 Vali Loss: 0.0833156 Test Loss: 0.0394772
EarlyStopping counter: 6 out of 10
Updating learning rate to 1.7817218661613333e-07
Epoch: 95 cost time: 1.18025803565979
Epoch: 95, Steps: 29 | Train Loss: 0.0453071 Vali Loss: 0.0833552 Test Loss: 0.0394600
EarlyStopping counter: 7 out of 10
Updating learning rate to 1.236839349948492e-07
Epoch: 96 cost time: 1.1843230724334717
Epoch: 96, Steps: 29 | Train Loss: 0.0453223 Vali Loss: 0.0833226 Test Loss: 0.0394770
EarlyStopping counter: 8 out of 10
Updating learning rate to 7.90159752528609e-08
Epoch: 97 cost time: 1.1831765174865723
Epoch: 97, Steps: 29 | Train Loss: 0.0453372 Vali Loss: 0.0834434 Test Loss: 0.0394754
EarlyStopping counter: 9 out of 10
Updating learning rate to 4.425826271655888e-08
Epoch: 98 cost time: 1.1804344654083252
Epoch: 98, Steps: 29 | Train Loss: 0.0453647 Vali Loss: 0.0834008 Test Loss: 0.0394786
EarlyStopping counter: 10 out of 10
Early stopping
>>>>>>>testing : ETTh1_336_720_DTFNet_ETTh1_ftM_sl336_ll0_pl720_dm128_nh16_el2_br2_dl1_df256_fc1_ebtimeF_dtTrue_'Exp'_0_'rel_sin'_16_8_16,24_8,12_3_1_256<<<<<<<<<<<<<<<<<<<<<<<<<<<<<<<<<
test 2161
mse:0.41440415382385254, mae:0.44168561697006226, rse:0.6182970404624939
