Args in experiment:
Namespace(random_seed=2012, is_training=1, model_id='ETTh1_336_720', model='DTFNet', data='ETTh1', root_path='./dataset/', data_path='ETTh1.csv', features='M', target='OT', freq='h', checkpoints='./checkpoints/', seq_len=336, label_len=0, pred_len=720, n_branches=2, patch_len_ls='16,24', stride_ls='8,12', d_model_ls='128', n_heads_ls='16', rel_pe="'rel_sin'", res_attn=False, head_type='flatten', fc_dropout=0.3, head_dropout=0.1, patch_len=16, stride=8, padding_patch="'end'", revin=1, affine=0, subtract_last=0, decomposition=0, kernel_size=25, individual=0, store_attn=False, pre_norm=False, pe='zeros', no_learn_pe=True, embed_type=0, enc_in=7, dec_in=7, c_out=7, d_model=128, n_heads=16, e_layers=2, d_layers=1, d_ff=256, moving_avg=25, factor=1, distil=True, dropout=0.3, embed='timeF', activation='gelu', output_attention=False, do_predict=False, num_workers=0, itr=1, train_epochs=100, batch_size=256, patience=10, learning_rate=1e-05, des="'Exp'", loss='mse', lradj='TST', pct_start=0.3, use_amp=False, l2=0.0, warmup_steps=0, use_gpu=True, gpu=0, use_multi_gpu=False, devices='0', test_flop=False, use_mlflow=False, mlflow_project='exp', loss_flag=2, sub_patch_len=16, sub_stride=8, stride_ls_list='16', model_type='linear', tfactor=3, dilation_rates='1', wavelet_layers=2, wavelet_type='db5', wavelet_mode='periodization', wavelet_dim=64, initTLV=0.2)
Use GPU: cuda:0
>>>>>>>start training : ETTh1_336_720_DTFNet_ETTh1_ftM_sl336_ll0_pl720_dm128_nh16_el2_br2_dl1_df256_fc1_ebtimeF_dtTrue_'Exp'_0_'rel_sin'_16_8_16,24_8,12_3_1_256>>>>>>>>>>>>>>>>>>>>>>>>>>
train 7585
val 2161
test 2161
Epoch: 1 cost time: 1.5591375827789307
Epoch: 1, Steps: 29 | Train Loss: 0.1075139 Vali Loss: 0.1791515 Test Loss: 0.0996434
Validation loss decreased (inf --> 0.179152).  Saving model ...
Updating learning rate to 4.2635539919063106e-07
Epoch: 2 cost time: 1.178602695465088
Epoch: 2, Steps: 29 | Train Loss: 0.1066938 Vali Loss: 0.1775467 Test Loss: 0.0988299
Validation loss decreased (0.179152 --> 0.177547).  Saving model ...
Updating learning rate to 5.051321771514831e-07
Epoch: 3 cost time: 1.177997350692749
Epoch: 3, Steps: 29 | Train Loss: 0.1058344 Vali Loss: 0.1758114 Test Loss: 0.0979552
Validation loss decreased (0.177547 --> 0.175811).  Saving model ...
Updating learning rate to 6.354652532866785e-07
Epoch: 4 cost time: 1.1798608303070068
Epoch: 4, Steps: 29 | Train Loss: 0.1049637 Vali Loss: 0.1741525 Test Loss: 0.0970263
Validation loss decreased (0.175811 --> 0.174153).  Saving model ...
Updating learning rate to 8.159233858256806e-07
Epoch: 5 cost time: 1.1804242134094238
Epoch: 5, Steps: 29 | Train Loss: 0.1039760 Vali Loss: 0.1725992 Test Loss: 0.0960182
Validation loss decreased (0.174153 --> 0.172599).  Saving model ...
Updating learning rate to 1.0445248888850473e-06
Epoch: 6 cost time: 1.185340404510498
Epoch: 6, Steps: 29 | Train Loss: 0.1030302 Vali Loss: 0.1704493 Test Loss: 0.0949032
Validation loss decreased (0.172599 --> 0.170449).  Saving model ...
Updating learning rate to 1.3187593941861497e-06
Epoch: 7 cost time: 1.1790506839752197
Epoch: 7, Steps: 29 | Train Loss: 0.1019807 Vali Loss: 0.1682341 Test Loss: 0.0936362
Validation loss decreased (0.170449 --> 0.168234).  Saving model ...
Updating learning rate to 1.6356154184543822e-06
Epoch: 8 cost time: 1.184453010559082
Epoch: 8, Steps: 29 | Train Loss: 0.1007158 Vali Loss: 0.1659720 Test Loss: 0.0920987
Validation loss decreased (0.168234 --> 0.165972).  Saving model ...
Updating learning rate to 1.9916134337707666e-06
Epoch: 9 cost time: 1.1825892925262451
Epoch: 9, Steps: 29 | Train Loss: 0.0993579 Vali Loss: 0.1628295 Test Loss: 0.0901519
Validation loss decreased (0.165972 --> 0.162829).  Saving model ...
Updating learning rate to 2.3828440777166636e-06
Epoch: 10 cost time: 1.1833782196044922
Epoch: 10, Steps: 29 | Train Loss: 0.0977157 Vali Loss: 0.1591705 Test Loss: 0.0874841
Validation loss decreased (0.162829 --> 0.159170).  Saving model ...
Updating learning rate to 2.805011083710071e-06
Epoch: 11 cost time: 1.1839087009429932
Epoch: 11, Steps: 29 | Train Loss: 0.0954846 Vali Loss: 0.1540373 Test Loss: 0.0837107
Validation loss decreased (0.159170 --> 0.154037).  Saving model ...
Updating learning rate to 3.2534784600976295e-06
Epoch: 12 cost time: 1.1760966777801514
Epoch: 12, Steps: 29 | Train Loss: 0.0928036 Vali Loss: 0.1479914 Test Loss: 0.0789896
Validation loss decreased (0.154037 --> 0.147991).  Saving model ...
Updating learning rate to 3.723321399909056e-06
Epoch: 13 cost time: 1.178950309753418
Epoch: 13, Steps: 29 | Train Loss: 0.0902241 Vali Loss: 0.1428358 Test Loss: 0.0754247
Validation loss decreased (0.147991 --> 0.142836).  Saving model ...
Updating learning rate to 4.209380362212844e-06
Epoch: 14 cost time: 1.1860547065734863
Epoch: 14, Steps: 29 | Train Loss: 0.0880498 Vali Loss: 0.1391787 Test Loss: 0.0733621
Validation loss decreased (0.142836 --> 0.139179).  Saving model ...
Updating learning rate to 4.706317731183279e-06
Epoch: 15 cost time: 1.1811442375183105
Epoch: 15, Steps: 29 | Train Loss: 0.0863069 Vali Loss: 0.1362742 Test Loss: 0.0715827
Validation loss decreased (0.139179 --> 0.136274).  Saving model ...
Updating learning rate to 5.208676430682048e-06
Epoch: 16 cost time: 1.18302321434021
Epoch: 16, Steps: 29 | Train Loss: 0.0846551 Vali Loss: 0.1337705 Test Loss: 0.0694896
Validation loss decreased (0.136274 --> 0.133771).  Saving model ...
Updating learning rate to 5.710939850683244e-06
Epoch: 17 cost time: 1.1806721687316895
Epoch: 17, Steps: 29 | Train Loss: 0.0831746 Vali Loss: 0.1318113 Test Loss: 0.0677265
Validation loss decreased (0.133771 --> 0.131811).  Saving model ...
Updating learning rate to 6.207592427464792e-06
Epoch: 18 cost time: 1.180220365524292
Epoch: 18, Steps: 29 | Train Loss: 0.0817033 Vali Loss: 0.1305249 Test Loss: 0.0659001
Validation loss decreased (0.131811 --> 0.130525).  Saving model ...
Updating learning rate to 6.693180212309968e-06
Epoch: 19 cost time: 1.1792521476745605
Epoch: 19, Steps: 29 | Train Loss: 0.0806022 Vali Loss: 0.1290631 Test Loss: 0.0649294
Validation loss decreased (0.130525 --> 0.129063).  Saving model ...
Updating learning rate to 7.1623707635889015e-06
Epoch: 20 cost time: 1.184173822402954
Epoch: 20, Steps: 29 | Train Loss: 0.0796112 Vali Loss: 0.1278188 Test Loss: 0.0638322
Validation loss decreased (0.129063 --> 0.127819).  Saving model ...
Updating learning rate to 7.610011704520164e-06
Epoch: 21 cost time: 1.1884958744049072
Epoch: 21, Steps: 29 | Train Loss: 0.0787166 Vali Loss: 0.1269548 Test Loss: 0.0631348
Validation loss decreased (0.127819 --> 0.126955).  Saving model ...
Updating learning rate to 8.031187303565295e-06
Epoch: 22 cost time: 1.1834681034088135
Epoch: 22, Steps: 29 | Train Loss: 0.0778692 Vali Loss: 0.1258062 Test Loss: 0.0624449
Validation loss decreased (0.126955 --> 0.125806).  Saving model ...
Updating learning rate to 8.421272456123378e-06
Epoch: 23 cost time: 1.1791024208068848
Epoch: 23, Steps: 29 | Train Loss: 0.0769882 Vali Loss: 0.1246577 Test Loss: 0.0618698
Validation loss decreased (0.125806 --> 0.124658).  Saving model ...
Updating learning rate to 8.775983474730246e-06
Epoch: 24 cost time: 1.1877574920654297
Epoch: 24, Steps: 29 | Train Loss: 0.0761235 Vali Loss: 0.1240161 Test Loss: 0.0609334
Validation loss decreased (0.124658 --> 0.124016).  Saving model ...
Updating learning rate to 9.091425130013939e-06
Epoch: 25 cost time: 1.183851957321167
Epoch: 25, Steps: 29 | Train Loss: 0.0753672 Vali Loss: 0.1229710 Test Loss: 0.0599288
Validation loss decreased (0.124016 --> 0.122971).  Saving model ...
Updating learning rate to 9.364133425830145e-06
Epoch: 26 cost time: 1.1774382591247559
Epoch: 26, Steps: 29 | Train Loss: 0.0745648 Vali Loss: 0.1225535 Test Loss: 0.0592575
Validation loss decreased (0.122971 --> 0.122553).  Saving model ...
Updating learning rate to 9.591113638846019e-06
Epoch: 27 cost time: 1.1848320960998535
Epoch: 27, Steps: 29 | Train Loss: 0.0737472 Vali Loss: 0.1212992 Test Loss: 0.0588708
Validation loss decreased (0.122553 --> 0.121299).  Saving model ...
Updating learning rate to 9.769873204843885e-06
Epoch: 28 cost time: 1.1898198127746582
Epoch: 28, Steps: 29 | Train Loss: 0.0730514 Vali Loss: 0.1214063 Test Loss: 0.0581864
EarlyStopping counter: 1 out of 10
Updating learning rate to 9.898449090606656e-06
Epoch: 29 cost time: 1.1867315769195557
Epoch: 29, Steps: 29 | Train Loss: 0.0722798 Vali Loss: 0.1206152 Test Loss: 0.0574175
Validation loss decreased (0.121299 --> 0.120615).  Saving model ...
Updating learning rate to 9.975429350802846e-06
Epoch: 30 cost time: 1.1866672039031982
Epoch: 30, Steps: 29 | Train Loss: 0.0716047 Vali Loss: 0.1191361 Test Loss: 0.0574168
Validation loss decreased (0.120615 --> 0.119136).  Saving model ...
Updating learning rate to 9.99999401249548e-06
Epoch: 31 cost time: 1.176497459411621
Epoch: 31, Steps: 29 | Train Loss: 0.0708693 Vali Loss: 0.1189741 Test Loss: 0.0566425
Validation loss decreased (0.119136 --> 0.118974).  Saving model ...
Updating learning rate to 9.994612212745642e-06
Epoch: 32 cost time: 1.1789610385894775
Epoch: 32, Steps: 29 | Train Loss: 0.0701683 Vali Loss: 0.1180063 Test Loss: 0.0561956
Validation loss decreased (0.118974 --> 0.118006).  Saving model ...
Updating learning rate to 9.979171968972798e-06
Epoch: 33 cost time: 1.1761829853057861
Epoch: 33, Steps: 29 | Train Loss: 0.0694295 Vali Loss: 0.1177365 Test Loss: 0.0554989
Validation loss decreased (0.118006 --> 0.117737).  Saving model ...
Updating learning rate to 9.953704375773079e-06
Epoch: 34 cost time: 1.1748366355895996
Epoch: 34, Steps: 29 | Train Loss: 0.0687309 Vali Loss: 0.1163153 Test Loss: 0.0553356
Validation loss decreased (0.117737 --> 0.116315).  Saving model ...
Updating learning rate to 9.918260721489893e-06
Epoch: 35 cost time: 1.178255558013916
Epoch: 35, Steps: 29 | Train Loss: 0.0681869 Vali Loss: 0.1160307 Test Loss: 0.0548770
Validation loss decreased (0.116315 --> 0.116031).  Saving model ...
Updating learning rate to 9.872912384926035e-06
Epoch: 36 cost time: 1.1767075061798096
Epoch: 36, Steps: 29 | Train Loss: 0.0674566 Vali Loss: 0.1159750 Test Loss: 0.0542981
Validation loss decreased (0.116031 --> 0.115975).  Saving model ...
Updating learning rate to 9.817750691596265e-06
Epoch: 37 cost time: 1.1794219017028809
Epoch: 37, Steps: 29 | Train Loss: 0.0668669 Vali Loss: 0.1146428 Test Loss: 0.0542853
Validation loss decreased (0.115975 --> 0.114643).  Saving model ...
Updating learning rate to 9.752886729809889e-06
Epoch: 38 cost time: 1.1810741424560547
Epoch: 38, Steps: 29 | Train Loss: 0.0661516 Vali Loss: 0.1137744 Test Loss: 0.0534649
Validation loss decreased (0.114643 --> 0.113774).  Saving model ...
Updating learning rate to 9.678451126953676e-06
Epoch: 39 cost time: 1.1772675514221191
Epoch: 39, Steps: 29 | Train Loss: 0.0655493 Vali Loss: 0.1131212 Test Loss: 0.0533313
Validation loss decreased (0.113774 --> 0.113121).  Saving model ...
Updating learning rate to 9.594593786425696e-06
Epoch: 40 cost time: 1.179246425628662
Epoch: 40, Steps: 29 | Train Loss: 0.0649104 Vali Loss: 0.1118075 Test Loss: 0.0532353
Validation loss decreased (0.113121 --> 0.111807).  Saving model ...
Updating learning rate to 9.501483585749811e-06
Epoch: 41 cost time: 1.1734802722930908
Epoch: 41, Steps: 29 | Train Loss: 0.0643277 Vali Loss: 0.1114082 Test Loss: 0.0524630
Validation loss decreased (0.111807 --> 0.111408).  Saving model ...
Updating learning rate to 9.399308036478838e-06
Epoch: 42 cost time: 1.1777722835540771
Epoch: 42, Steps: 29 | Train Loss: 0.0636929 Vali Loss: 0.1103481 Test Loss: 0.0525001
Validation loss decreased (0.111408 --> 0.110348).  Saving model ...
Updating learning rate to 9.288272906571216e-06
Epoch: 43 cost time: 1.1750783920288086
Epoch: 43, Steps: 29 | Train Loss: 0.0630505 Vali Loss: 0.1096255 Test Loss: 0.0518708
Validation loss decreased (0.110348 --> 0.109626).  Saving model ...
Updating learning rate to 9.16860180600173e-06
Epoch: 44 cost time: 1.1686081886291504
Epoch: 44, Steps: 29 | Train Loss: 0.0625022 Vali Loss: 0.1098136 Test Loss: 0.0515163
EarlyStopping counter: 1 out of 10
Updating learning rate to 9.040535736440785e-06
Epoch: 45 cost time: 1.180884599685669
Epoch: 45, Steps: 29 | Train Loss: 0.0618989 Vali Loss: 0.1086846 Test Loss: 0.0512625
Validation loss decreased (0.109626 --> 0.108685).  Saving model ...
Updating learning rate to 8.904332605909106e-06
Epoch: 46 cost time: 1.1863148212432861
Epoch: 46, Steps: 29 | Train Loss: 0.0613347 Vali Loss: 0.1078373 Test Loss: 0.0509338
Validation loss decreased (0.108685 --> 0.107837).  Saving model ...
Updating learning rate to 8.760266709385311e-06
Epoch: 47 cost time: 1.1774039268493652
Epoch: 47, Steps: 29 | Train Loss: 0.0607740 Vali Loss: 0.1068922 Test Loss: 0.0506980
Validation loss decreased (0.107837 --> 0.106892).  Saving model ...
Updating learning rate to 8.608628176412335e-06
Epoch: 48 cost time: 1.174243688583374
Epoch: 48, Steps: 29 | Train Loss: 0.0602127 Vali Loss: 0.1062451 Test Loss: 0.0503121
Validation loss decreased (0.106892 --> 0.106245).  Saving model ...
Updating learning rate to 8.449722386815127e-06
Epoch: 49 cost time: 1.179457426071167
Epoch: 49, Steps: 29 | Train Loss: 0.0596427 Vali Loss: 0.1056379 Test Loss: 0.0498290
Validation loss decreased (0.106245 --> 0.105638).  Saving model ...
Updating learning rate to 8.28386935570634e-06
Epoch: 50 cost time: 1.176764965057373
Epoch: 50, Steps: 29 | Train Loss: 0.0591014 Vali Loss: 0.1046072 Test Loss: 0.0495082
Validation loss decreased (0.105638 --> 0.104607).  Saving model ...
Updating learning rate to 8.111403089018465e-06
Epoch: 51 cost time: 1.1782889366149902
Epoch: 51, Steps: 29 | Train Loss: 0.0585635 Vali Loss: 0.1046067 Test Loss: 0.0490533
Validation loss decreased (0.104607 --> 0.104607).  Saving model ...
Updating learning rate to 7.93267091086035e-06
Epoch: 52 cost time: 1.178980827331543
Epoch: 52, Steps: 29 | Train Loss: 0.0580356 Vali Loss: 0.1024652 Test Loss: 0.0491874
Validation loss decreased (0.104607 --> 0.102465).  Saving model ...
Updating learning rate to 7.748032764052655e-06
Epoch: 53 cost time: 1.1789534091949463
Epoch: 53, Steps: 29 | Train Loss: 0.0575418 Vali Loss: 0.1021889 Test Loss: 0.0486078
Validation loss decreased (0.102465 --> 0.102189).  Saving model ...
Updating learning rate to 7.557860485250925e-06
Epoch: 54 cost time: 1.1781961917877197
Epoch: 54, Steps: 29 | Train Loss: 0.0569832 Vali Loss: 0.1015817 Test Loss: 0.0483177
Validation loss decreased (0.102189 --> 0.101582).  Saving model ...
Updating learning rate to 7.362537056116034e-06
Epoch: 55 cost time: 1.1778101921081543
Epoch: 55, Steps: 29 | Train Loss: 0.0564581 Vali Loss: 0.1011569 Test Loss: 0.0479369
Validation loss decreased (0.101582 --> 0.101157).  Saving model ...
Updating learning rate to 7.162455832040107e-06
Epoch: 56 cost time: 1.1757471561431885
Epoch: 56, Steps: 29 | Train Loss: 0.0559633 Vali Loss: 0.0997390 Test Loss: 0.0478346
Validation loss decreased (0.101157 --> 0.099739).  Saving model ...
Updating learning rate to 6.9580197499810984e-06
Epoch: 57 cost time: 1.180945634841919
Epoch: 57, Steps: 29 | Train Loss: 0.0554729 Vali Loss: 0.0988811 Test Loss: 0.0474033
Validation loss decreased (0.099739 --> 0.098881).  Saving model ...
Updating learning rate to 6.7496405170013816e-06
Epoch: 58 cost time: 1.1826648712158203
Epoch: 58, Steps: 29 | Train Loss: 0.0550311 Vali Loss: 0.0991561 Test Loss: 0.0467977
EarlyStopping counter: 1 out of 10
Updating learning rate to 6.537737781144523e-06
Epoch: 59 cost time: 1.1776506900787354
Epoch: 59, Steps: 29 | Train Loss: 0.0545474 Vali Loss: 0.0973331 Test Loss: 0.0467426
Validation loss decreased (0.098881 --> 0.097333).  Saving model ...
Updating learning rate to 6.322738286319964e-06
Epoch: 60 cost time: 1.1794419288635254
Epoch: 60, Steps: 29 | Train Loss: 0.0540882 Vali Loss: 0.0975846 Test Loss: 0.0461912
EarlyStopping counter: 1 out of 10
Updating learning rate to 6.105075012897585e-06
Epoch: 61 cost time: 1.1754934787750244
Epoch: 61, Steps: 29 | Train Loss: 0.0535818 Vali Loss: 0.0968058 Test Loss: 0.0457999
Validation loss decreased (0.097333 --> 0.096806).  Saving model ...
Updating learning rate to 5.885186305742857e-06
Epoch: 62 cost time: 1.181424617767334
Epoch: 62, Steps: 29 | Train Loss: 0.0531789 Vali Loss: 0.0959571 Test Loss: 0.0455850
Validation loss decreased (0.096806 --> 0.095957).  Saving model ...
Updating learning rate to 5.6635149914486225e-06
Epoch: 63 cost time: 1.18222975730896
Epoch: 63, Steps: 29 | Train Loss: 0.0526948 Vali Loss: 0.0948932 Test Loss: 0.0452212
Validation loss decreased (0.095957 --> 0.094893).  Saving model ...
Updating learning rate to 5.440507486541268e-06
Epoch: 64 cost time: 1.1811614036560059
Epoch: 64, Steps: 29 | Train Loss: 0.0522410 Vali Loss: 0.0937681 Test Loss: 0.0451099
Validation loss decreased (0.094893 --> 0.093768).  Saving model ...
Updating learning rate to 5.216612898457253e-06
Epoch: 65 cost time: 1.1773731708526611
Epoch: 65, Steps: 29 | Train Loss: 0.0518233 Vali Loss: 0.0930916 Test Loss: 0.0447112
Validation loss decreased (0.093768 --> 0.093092).  Saving model ...
Updating learning rate to 4.992282121100496e-06
Epoch: 66 cost time: 1.1771776676177979
Epoch: 66, Steps: 29 | Train Loss: 0.0513553 Vali Loss: 0.0929751 Test Loss: 0.0442407
Validation loss decreased (0.093092 --> 0.092975).  Saving model ...
Updating learning rate to 4.767966926802067e-06
Epoch: 67 cost time: 1.1837437152862549
Epoch: 67, Steps: 29 | Train Loss: 0.0509415 Vali Loss: 0.0921733 Test Loss: 0.0440845
Validation loss decreased (0.092975 --> 0.092173).  Saving model ...
Updating learning rate to 4.5441190565108235e-06
Epoch: 68 cost time: 1.1798267364501953
Epoch: 68, Steps: 29 | Train Loss: 0.0505034 Vali Loss: 0.0914792 Test Loss: 0.0437882
Validation loss decreased (0.092173 --> 0.091479).  Saving model ...
Updating learning rate to 4.3211893100472735e-06
Epoch: 69 cost time: 1.1776244640350342
Epoch: 69, Steps: 29 | Train Loss: 0.0500906 Vali Loss: 0.0903525 Test Loss: 0.0435595
Validation loss decreased (0.091479 --> 0.090352).  Saving model ...
Updating learning rate to 4.099626638252712e-06
Epoch: 70 cost time: 1.1823043823242188
Epoch: 70, Steps: 29 | Train Loss: 0.0496738 Vali Loss: 0.0896185 Test Loss: 0.0431851
Validation loss decreased (0.090352 --> 0.089618).  Saving model ...
Updating learning rate to 3.879877238861997e-06
Epoch: 71 cost time: 1.1777443885803223
Epoch: 71, Steps: 29 | Train Loss: 0.0493072 Vali Loss: 0.0893692 Test Loss: 0.0429060
Validation loss decreased (0.089618 --> 0.089369).  Saving model ...
Updating learning rate to 3.662383657920668e-06
Epoch: 72 cost time: 1.1729507446289062
Epoch: 72, Steps: 29 | Train Loss: 0.0488778 Vali Loss: 0.0886168 Test Loss: 0.0424984
Validation loss decreased (0.089369 --> 0.088617).  Saving model ...
Updating learning rate to 3.447583898556124e-06
Epoch: 73 cost time: 1.1791691780090332
Epoch: 73, Steps: 29 | Train Loss: 0.0484718 Vali Loss: 0.0876891 Test Loss: 0.0423191
Validation loss decreased (0.088617 --> 0.087689).  Saving model ...
Updating learning rate to 3.2359105388976132e-06
Epoch: 74 cost time: 1.1770386695861816
Epoch: 74, Steps: 29 | Train Loss: 0.0481150 Vali Loss: 0.0871688 Test Loss: 0.0419958
Validation loss decreased (0.087689 --> 0.087169).  Saving model ...
Updating learning rate to 3.027789860921434e-06
Epoch: 75 cost time: 1.1763558387756348
Epoch: 75, Steps: 29 | Train Loss: 0.0476943 Vali Loss: 0.0867629 Test Loss: 0.0415553
Validation loss decreased (0.087169 --> 0.086763).  Saving model ...
Updating learning rate to 2.8236409919757893e-06
Epoch: 76 cost time: 1.1801612377166748
Epoch: 76, Steps: 29 | Train Loss: 0.0473306 Vali Loss: 0.0857368 Test Loss: 0.0413263
Validation loss decreased (0.086763 --> 0.085737).  Saving model ...
Updating learning rate to 2.6238750607140637e-06
Epoch: 77 cost time: 1.1851589679718018
Epoch: 77, Steps: 29 | Train Loss: 0.0469205 Vali Loss: 0.0849608 Test Loss: 0.0409693
Validation loss decreased (0.085737 --> 0.084961).  Saving model ...
Updating learning rate to 2.4288943691364434e-06
Epoch: 78 cost time: 1.1774399280548096
Epoch: 78, Steps: 29 | Train Loss: 0.0465481 Vali Loss: 0.0842606 Test Loss: 0.0408571
Validation loss decreased (0.084961 --> 0.084261).  Saving model ...
Updating learning rate to 2.2390915824072217e-06
Epoch: 79 cost time: 1.1798648834228516
Epoch: 79, Steps: 29 | Train Loss: 0.0461895 Vali Loss: 0.0837174 Test Loss: 0.0404983
Validation loss decreased (0.084261 --> 0.083717).  Saving model ...
Updating learning rate to 2.0548489380794217e-06
Epoch: 80 cost time: 1.180687427520752
Epoch: 80, Steps: 29 | Train Loss: 0.0458765 Vali Loss: 0.0831530 Test Loss: 0.0401677
Validation loss decreased (0.083717 --> 0.083153).  Saving model ...
Updating learning rate to 1.876537476319218e-06
Epoch: 81 cost time: 1.1778533458709717
Epoch: 81, Steps: 29 | Train Loss: 0.0455103 Vali Loss: 0.0829692 Test Loss: 0.0399941
Validation loss decreased (0.083153 --> 0.082969).  Saving model ...
Updating learning rate to 1.7045162926804444e-06
Epoch: 82 cost time: 1.1871724128723145
Epoch: 82, Steps: 29 | Train Loss: 0.0455043 Vali Loss: 0.0830355 Test Loss: 0.0400451
EarlyStopping counter: 1 out of 10
Updating learning rate to 1.5391318149339123e-06
Epoch: 83 cost time: 1.175034761428833
Epoch: 83, Steps: 29 | Train Loss: 0.0454735 Vali Loss: 0.0825158 Test Loss: 0.0401211
Validation loss decreased (0.082969 --> 0.082516).  Saving model ...
Updating learning rate to 1.3807171054080036e-06
Epoch: 84 cost time: 1.179264783859253
Epoch: 84, Steps: 29 | Train Loss: 0.0454798 Vali Loss: 0.0825914 Test Loss: 0.0401781
EarlyStopping counter: 1 out of 10
Updating learning rate to 1.2295911902454577e-06
Epoch: 85 cost time: 1.1821959018707275
Epoch: 85, Steps: 29 | Train Loss: 0.0454775 Vali Loss: 0.0829317 Test Loss: 0.0400850
EarlyStopping counter: 2 out of 10
Updating learning rate to 1.0860584169271784e-06
Epoch: 86 cost time: 1.16945481300354
Epoch: 86, Steps: 29 | Train Loss: 0.0454933 Vali Loss: 0.0827494 Test Loss: 0.0401356
EarlyStopping counter: 3 out of 10
Updating learning rate to 9.504078413569088e-07
Epoch: 87 cost time: 1.184699296951294
Epoch: 87, Steps: 29 | Train Loss: 0.0454617 Vali Loss: 0.0830237 Test Loss: 0.0400589
EarlyStopping counter: 4 out of 10
Updating learning rate to 8.229126457411124e-07
Epoch: 88 cost time: 1.169576644897461
Epoch: 88, Steps: 29 | Train Loss: 0.0454534 Vali Loss: 0.0828417 Test Loss: 0.0400834
EarlyStopping counter: 5 out of 10
Updating learning rate to 7.038295884363647e-07
Epoch: 89 cost time: 1.1716275215148926
Epoch: 89, Steps: 29 | Train Loss: 0.0454234 Vali Loss: 0.0828821 Test Loss: 0.0400850
EarlyStopping counter: 6 out of 10
Updating learning rate to 5.933984868721898e-07
Epoch: 90 cost time: 1.182054042816162
Epoch: 90, Steps: 29 | Train Loss: 0.0454417 Vali Loss: 0.0828258 Test Loss: 0.0400966
EarlyStopping counter: 7 out of 10
Updating learning rate to 4.918417345906772e-07
Epoch: 91 cost time: 1.1735546588897705
Epoch: 91, Steps: 29 | Train Loss: 0.0453884 Vali Loss: 0.0828418 Test Loss: 0.0401228
EarlyStopping counter: 8 out of 10
Updating learning rate to 3.9936385337548097e-07
Epoch: 92 cost time: 1.1812376976013184
Epoch: 92, Steps: 29 | Train Loss: 0.0454215 Vali Loss: 0.0828749 Test Loss: 0.0400818
EarlyStopping counter: 9 out of 10
Updating learning rate to 3.161510813721721e-07
Epoch: 93 cost time: 1.1772856712341309
Epoch: 93, Steps: 29 | Train Loss: 0.0454452 Vali Loss: 0.0829609 Test Loss: 0.0401195
EarlyStopping counter: 10 out of 10
Early stopping
>>>>>>>testing : ETTh1_336_720_DTFNet_ETTh1_ftM_sl336_ll0_pl720_dm128_nh16_el2_br2_dl1_df256_fc1_ebtimeF_dtTrue_'Exp'_0_'rel_sin'_16_8_16,24_8,12_3_1_256<<<<<<<<<<<<<<<<<<<<<<<<<<<<<<<<<
test 2161
mse:0.42443203926086426, mae:0.44812238216400146, rse:0.6257331371307373
