Args in experiment:
Namespace(is_training=1, model_id='ETTh1_336_720', model='DTFNet', data='ETTh1', root_path='./dataset/', data_path='ETTh1.csv', features='M', target='OT', freq='h', checkpoints='./checkpoints/', seq_len=336, label_len=0, pred_len=720, n_branches=2, patch_len_ls='16,24', stride_ls='8,12', d_model_ls='128', n_heads_ls='16', rel_pe="'rel_sin'", res_attn=False, head_type='flatten', fc_dropout=0.3, head_dropout=0.1, patch_len=16, stride=8, padding_patch="'end'", revin=1, affine=0, subtract_last=0, decomposition=0, kernel_size=25, individual=0, store_attn=False, pre_norm=False, pe='zeros', no_learn_pe=True, embed_type=0, enc_in=7, dec_in=7, c_out=7, d_model=128, n_heads=16, e_layers=2, d_layers=1, d_ff=256, moving_avg=25, factor=1, distil=True, dropout=0.3, embed='timeF', activation='gelu', output_attention=False, do_predict=False, num_workers=0, itr=1, train_epochs=100, batch_size=256, patience=10, learning_rate=1e-05, des="'Exp'", loss='mse', lradj='TST', pct_start=0.3, use_amp=False, l2=0.0, warmup_steps=0, use_gpu=True, gpu=0, use_multi_gpu=False, devices='0', test_flop=False, use_mlflow=False, mlflow_project='exp', loss_flag=2, sub_patch_len=16, sub_stride=8, stride_ls_list='16', model_type='linear', tfactor=3, dilation_rates='1', wavelet_layers=2, wavelet_type='db5', wavelet_mode='periodization', wavelet_dim=64, initTLV=0.2)
Use GPU: cuda:0
>>>>>>>start training : ETTh1_336_720_DTFNet_ETTh1_ftM_sl336_ll0_pl720_dm128_nh16_el2_br2_dl1_df256_fc1_ebtimeF_dtTrue_'Exp'_0_'rel_sin'_16_8_16,24_8,12_3_1_256>>>>>>>>>>>>>>>>>>>>>>>>>>
train 7585
val 2161
test 2161
Epoch: 1 cost time: 1.5455520153045654
Epoch: 1, Steps: 29 | Train Loss: 0.1076542 Vali Loss: 0.1790220 Test Loss: 0.0998202
Validation loss decreased (inf --> 0.179022).  Saving model ...
Updating learning rate to 4.2635539919063106e-07
Epoch: 2 cost time: 1.1886603832244873
Epoch: 2, Steps: 29 | Train Loss: 0.1067449 Vali Loss: 0.1774137 Test Loss: 0.0989885
Validation loss decreased (0.179022 --> 0.177414).  Saving model ...
Updating learning rate to 5.051321771514831e-07
Epoch: 3 cost time: 1.177844524383545
Epoch: 3, Steps: 29 | Train Loss: 0.1058706 Vali Loss: 0.1759062 Test Loss: 0.0980872
Validation loss decreased (0.177414 --> 0.175906).  Saving model ...
Updating learning rate to 6.354652532866785e-07
Epoch: 4 cost time: 1.1808416843414307
Epoch: 4, Steps: 29 | Train Loss: 0.1049984 Vali Loss: 0.1740887 Test Loss: 0.0971299
Validation loss decreased (0.175906 --> 0.174089).  Saving model ...
Updating learning rate to 8.159233858256806e-07
Epoch: 5 cost time: 1.1713199615478516
Epoch: 5, Steps: 29 | Train Loss: 0.1039968 Vali Loss: 0.1721910 Test Loss: 0.0960841
Validation loss decreased (0.174089 --> 0.172191).  Saving model ...
Updating learning rate to 1.0445248888850473e-06
Epoch: 6 cost time: 1.1810715198516846
Epoch: 6, Steps: 29 | Train Loss: 0.1029759 Vali Loss: 0.1704092 Test Loss: 0.0949255
Validation loss decreased (0.172191 --> 0.170409).  Saving model ...
Updating learning rate to 1.3187593941861497e-06
Epoch: 7 cost time: 1.1734905242919922
Epoch: 7, Steps: 29 | Train Loss: 0.1019003 Vali Loss: 0.1680904 Test Loss: 0.0935707
Validation loss decreased (0.170409 --> 0.168090).  Saving model ...
Updating learning rate to 1.6356154184543822e-06
Epoch: 8 cost time: 1.188662052154541
Epoch: 8, Steps: 29 | Train Loss: 0.1005932 Vali Loss: 0.1658129 Test Loss: 0.0919690
Validation loss decreased (0.168090 --> 0.165813).  Saving model ...
Updating learning rate to 1.9916134337707666e-06
Epoch: 9 cost time: 1.1777088642120361
Epoch: 9, Steps: 29 | Train Loss: 0.0992582 Vali Loss: 0.1624836 Test Loss: 0.0899191
Validation loss decreased (0.165813 --> 0.162484).  Saving model ...
Updating learning rate to 2.3828440777166636e-06
Epoch: 10 cost time: 1.1803374290466309
Epoch: 10, Steps: 29 | Train Loss: 0.0974931 Vali Loss: 0.1586397 Test Loss: 0.0871089
Validation loss decreased (0.162484 --> 0.158640).  Saving model ...
Updating learning rate to 2.805011083710071e-06
Epoch: 11 cost time: 1.1790900230407715
Epoch: 11, Steps: 29 | Train Loss: 0.0952504 Vali Loss: 0.1533422 Test Loss: 0.0831833
Validation loss decreased (0.158640 --> 0.153342).  Saving model ...
Updating learning rate to 3.2534784600976295e-06
Epoch: 12 cost time: 1.1753945350646973
Epoch: 12, Steps: 29 | Train Loss: 0.0925939 Vali Loss: 0.1472599 Test Loss: 0.0785862
Validation loss decreased (0.153342 --> 0.147260).  Saving model ...
Updating learning rate to 3.723321399909056e-06
Epoch: 13 cost time: 1.1840765476226807
Epoch: 13, Steps: 29 | Train Loss: 0.0899772 Vali Loss: 0.1422337 Test Loss: 0.0753643
Validation loss decreased (0.147260 --> 0.142234).  Saving model ...
Updating learning rate to 4.209380362212844e-06
Epoch: 14 cost time: 1.1847434043884277
Epoch: 14, Steps: 29 | Train Loss: 0.0879484 Vali Loss: 0.1384640 Test Loss: 0.0734913
Validation loss decreased (0.142234 --> 0.138464).  Saving model ...
Updating learning rate to 4.706317731183279e-06
Epoch: 15 cost time: 1.178971767425537
Epoch: 15, Steps: 29 | Train Loss: 0.0862488 Vali Loss: 0.1360607 Test Loss: 0.0715358
Validation loss decreased (0.138464 --> 0.136061).  Saving model ...
Updating learning rate to 5.208676430682048e-06
Epoch: 16 cost time: 1.1791813373565674
Epoch: 16, Steps: 29 | Train Loss: 0.0845943 Vali Loss: 0.1336288 Test Loss: 0.0696619
Validation loss decreased (0.136061 --> 0.133629).  Saving model ...
Updating learning rate to 5.710939850683244e-06
Epoch: 17 cost time: 1.177600622177124
Epoch: 17, Steps: 29 | Train Loss: 0.0832108 Vali Loss: 0.1320140 Test Loss: 0.0676327
Validation loss decreased (0.133629 --> 0.132014).  Saving model ...
Updating learning rate to 6.207592427464792e-06
Epoch: 18 cost time: 1.1787755489349365
Epoch: 18, Steps: 29 | Train Loss: 0.0817586 Vali Loss: 0.1299624 Test Loss: 0.0659427
Validation loss decreased (0.132014 --> 0.129962).  Saving model ...
Updating learning rate to 6.693180212309968e-06
Epoch: 19 cost time: 1.1823759078979492
Epoch: 19, Steps: 29 | Train Loss: 0.0806306 Vali Loss: 0.1285577 Test Loss: 0.0652054
Validation loss decreased (0.129962 --> 0.128558).  Saving model ...
Updating learning rate to 7.1623707635889015e-06
Epoch: 20 cost time: 1.182121992111206
Epoch: 20, Steps: 29 | Train Loss: 0.0795621 Vali Loss: 0.1276449 Test Loss: 0.0641987
Validation loss decreased (0.128558 --> 0.127645).  Saving model ...
Updating learning rate to 7.610011704520164e-06
Epoch: 21 cost time: 1.173351764678955
Epoch: 21, Steps: 29 | Train Loss: 0.0787477 Vali Loss: 0.1266173 Test Loss: 0.0635263
Validation loss decreased (0.127645 --> 0.126617).  Saving model ...
Updating learning rate to 8.031187303565295e-06
Epoch: 22 cost time: 1.1769042015075684
Epoch: 22, Steps: 29 | Train Loss: 0.0777538 Vali Loss: 0.1259012 Test Loss: 0.0623160
Validation loss decreased (0.126617 --> 0.125901).  Saving model ...
Updating learning rate to 8.421272456123378e-06
Epoch: 23 cost time: 1.184464693069458
Epoch: 23, Steps: 29 | Train Loss: 0.0770072 Vali Loss: 0.1244625 Test Loss: 0.0617669
Validation loss decreased (0.125901 --> 0.124463).  Saving model ...
Updating learning rate to 8.775983474730246e-06
Epoch: 24 cost time: 1.1836037635803223
Epoch: 24, Steps: 29 | Train Loss: 0.0761385 Vali Loss: 0.1243061 Test Loss: 0.0607370
Validation loss decreased (0.124463 --> 0.124306).  Saving model ...
Updating learning rate to 9.091425130013939e-06
Epoch: 25 cost time: 1.1787090301513672
Epoch: 25, Steps: 29 | Train Loss: 0.0753798 Vali Loss: 0.1228434 Test Loss: 0.0604397
Validation loss decreased (0.124306 --> 0.122843).  Saving model ...
Updating learning rate to 9.364133425830145e-06
Epoch: 26 cost time: 1.1810715198516846
Epoch: 26, Steps: 29 | Train Loss: 0.0746003 Vali Loss: 0.1219693 Test Loss: 0.0595970
Validation loss decreased (0.122843 --> 0.121969).  Saving model ...
Updating learning rate to 9.591113638846019e-06
Epoch: 27 cost time: 1.1737208366394043
Epoch: 27, Steps: 29 | Train Loss: 0.0738295 Vali Loss: 0.1211415 Test Loss: 0.0589220
Validation loss decreased (0.121969 --> 0.121142).  Saving model ...
Updating learning rate to 9.769873204843885e-06
Epoch: 28 cost time: 1.1861753463745117
Epoch: 28, Steps: 29 | Train Loss: 0.0730917 Vali Loss: 0.1203009 Test Loss: 0.0584895
Validation loss decreased (0.121142 --> 0.120301).  Saving model ...
Updating learning rate to 9.898449090606656e-06
Epoch: 29 cost time: 1.1721675395965576
Epoch: 29, Steps: 29 | Train Loss: 0.0723027 Vali Loss: 0.1197176 Test Loss: 0.0578310
Validation loss decreased (0.120301 --> 0.119718).  Saving model ...
Updating learning rate to 9.975429350802846e-06
Epoch: 30 cost time: 1.1862828731536865
Epoch: 30, Steps: 29 | Train Loss: 0.0715842 Vali Loss: 0.1186285 Test Loss: 0.0575306
Validation loss decreased (0.119718 --> 0.118629).  Saving model ...
Updating learning rate to 9.99999401249548e-06
Epoch: 31 cost time: 1.1723124980926514
Epoch: 31, Steps: 29 | Train Loss: 0.0709006 Vali Loss: 0.1174659 Test Loss: 0.0569916
Validation loss decreased (0.118629 --> 0.117466).  Saving model ...
Updating learning rate to 9.994612212745642e-06
Epoch: 32 cost time: 1.1758124828338623
Epoch: 32, Steps: 29 | Train Loss: 0.0701758 Vali Loss: 0.1173222 Test Loss: 0.0565300
Validation loss decreased (0.117466 --> 0.117322).  Saving model ...
Updating learning rate to 9.979171968972798e-06
Epoch: 33 cost time: 1.1743931770324707
Epoch: 33, Steps: 29 | Train Loss: 0.0694773 Vali Loss: 0.1160697 Test Loss: 0.0563557
Validation loss decreased (0.117322 --> 0.116070).  Saving model ...
Updating learning rate to 9.953704375773079e-06
Epoch: 34 cost time: 1.1704425811767578
Epoch: 34, Steps: 29 | Train Loss: 0.0688006 Vali Loss: 0.1155101 Test Loss: 0.0557382
Validation loss decreased (0.116070 --> 0.115510).  Saving model ...
Updating learning rate to 9.918260721489893e-06
Epoch: 35 cost time: 1.1769371032714844
Epoch: 35, Steps: 29 | Train Loss: 0.0680897 Vali Loss: 0.1153074 Test Loss: 0.0551531
Validation loss decreased (0.115510 --> 0.115307).  Saving model ...
Updating learning rate to 9.872912384926035e-06
Epoch: 36 cost time: 1.1895055770874023
Epoch: 36, Steps: 29 | Train Loss: 0.0674505 Vali Loss: 0.1139914 Test Loss: 0.0546920
Validation loss decreased (0.115307 --> 0.113991).  Saving model ...
Updating learning rate to 9.817750691596265e-06
Epoch: 37 cost time: 1.1747817993164062
Epoch: 37, Steps: 29 | Train Loss: 0.0667495 Vali Loss: 0.1136322 Test Loss: 0.0544574
Validation loss decreased (0.113991 --> 0.113632).  Saving model ...
Updating learning rate to 9.752886729809889e-06
Epoch: 38 cost time: 1.1752989292144775
Epoch: 38, Steps: 29 | Train Loss: 0.0661020 Vali Loss: 0.1131065 Test Loss: 0.0540889
Validation loss decreased (0.113632 --> 0.113107).  Saving model ...
Updating learning rate to 9.678451126953676e-06
Epoch: 39 cost time: 1.1794078350067139
Epoch: 39, Steps: 29 | Train Loss: 0.0654658 Vali Loss: 0.1125509 Test Loss: 0.0536851
Validation loss decreased (0.113107 --> 0.112551).  Saving model ...
Updating learning rate to 9.594593786425696e-06
Epoch: 40 cost time: 1.1817388534545898
Epoch: 40, Steps: 29 | Train Loss: 0.0648690 Vali Loss: 0.1112604 Test Loss: 0.0533081
Validation loss decreased (0.112551 --> 0.111260).  Saving model ...
Updating learning rate to 9.501483585749811e-06
Epoch: 41 cost time: 1.1857655048370361
Epoch: 41, Steps: 29 | Train Loss: 0.0641429 Vali Loss: 0.1099187 Test Loss: 0.0533200
Validation loss decreased (0.111260 --> 0.109919).  Saving model ...
Updating learning rate to 9.399308036478838e-06
Epoch: 42 cost time: 1.1789538860321045
Epoch: 42, Steps: 29 | Train Loss: 0.0635160 Vali Loss: 0.1101814 Test Loss: 0.0527698
EarlyStopping counter: 1 out of 10
Updating learning rate to 9.288272906571216e-06
Epoch: 43 cost time: 1.1753787994384766
Epoch: 43, Steps: 29 | Train Loss: 0.0629180 Vali Loss: 0.1097788 Test Loss: 0.0519963
Validation loss decreased (0.109919 --> 0.109779).  Saving model ...
Updating learning rate to 9.16860180600173e-06
Epoch: 44 cost time: 1.1709160804748535
Epoch: 44, Steps: 29 | Train Loss: 0.0623332 Vali Loss: 0.1090498 Test Loss: 0.0517731
Validation loss decreased (0.109779 --> 0.109050).  Saving model ...
Updating learning rate to 9.040535736440785e-06
Epoch: 45 cost time: 1.177872657775879
Epoch: 45, Steps: 29 | Train Loss: 0.0617406 Vali Loss: 0.1082629 Test Loss: 0.0513490
Validation loss decreased (0.109050 --> 0.108263).  Saving model ...
Updating learning rate to 8.904332605909106e-06
Epoch: 46 cost time: 1.1794750690460205
Epoch: 46, Steps: 29 | Train Loss: 0.0611434 Vali Loss: 0.1067343 Test Loss: 0.0516329
Validation loss decreased (0.108263 --> 0.106734).  Saving model ...
Updating learning rate to 8.760266709385311e-06
Epoch: 47 cost time: 1.1759562492370605
Epoch: 47, Steps: 29 | Train Loss: 0.0605266 Vali Loss: 0.1056014 Test Loss: 0.0513480
Validation loss decreased (0.106734 --> 0.105601).  Saving model ...
Updating learning rate to 8.608628176412335e-06
Epoch: 48 cost time: 1.1768457889556885
Epoch: 48, Steps: 29 | Train Loss: 0.0600164 Vali Loss: 0.1060349 Test Loss: 0.0503534
EarlyStopping counter: 1 out of 10
Updating learning rate to 8.449722386815127e-06
Epoch: 49 cost time: 1.176175594329834
Epoch: 49, Steps: 29 | Train Loss: 0.0594070 Vali Loss: 0.1041806 Test Loss: 0.0506808
Validation loss decreased (0.105601 --> 0.104181).  Saving model ...
Updating learning rate to 8.28386935570634e-06
Epoch: 50 cost time: 1.180757999420166
Epoch: 50, Steps: 29 | Train Loss: 0.0588643 Vali Loss: 0.1040200 Test Loss: 0.0500824
Validation loss decreased (0.104181 --> 0.104020).  Saving model ...
Updating learning rate to 8.111403089018465e-06
Epoch: 51 cost time: 1.1841771602630615
Epoch: 51, Steps: 29 | Train Loss: 0.0583044 Vali Loss: 0.1033513 Test Loss: 0.0496864
Validation loss decreased (0.104020 --> 0.103351).  Saving model ...
Updating learning rate to 7.93267091086035e-06
Epoch: 52 cost time: 1.1786916255950928
Epoch: 52, Steps: 29 | Train Loss: 0.0577464 Vali Loss: 0.1018162 Test Loss: 0.0496416
Validation loss decreased (0.103351 --> 0.101816).  Saving model ...
Updating learning rate to 7.748032764052655e-06
Epoch: 53 cost time: 1.175947904586792
Epoch: 53, Steps: 29 | Train Loss: 0.0572351 Vali Loss: 0.1014172 Test Loss: 0.0493383
Validation loss decreased (0.101816 --> 0.101417).  Saving model ...
Updating learning rate to 7.557860485250925e-06
Epoch: 54 cost time: 1.1758291721343994
Epoch: 54, Steps: 29 | Train Loss: 0.0567097 Vali Loss: 0.1008947 Test Loss: 0.0488724
Validation loss decreased (0.101417 --> 0.100895).  Saving model ...
Updating learning rate to 7.362537056116034e-06
Epoch: 55 cost time: 1.1736605167388916
Epoch: 55, Steps: 29 | Train Loss: 0.0562554 Vali Loss: 0.1000737 Test Loss: 0.0484605
Validation loss decreased (0.100895 --> 0.100074).  Saving model ...
Updating learning rate to 7.162455832040107e-06
Epoch: 56 cost time: 1.1814076900482178
Epoch: 56, Steps: 29 | Train Loss: 0.0557754 Vali Loss: 0.0990517 Test Loss: 0.0483910
Validation loss decreased (0.100074 --> 0.099052).  Saving model ...
Updating learning rate to 6.9580197499810984e-06
Epoch: 57 cost time: 1.1793484687805176
Epoch: 57, Steps: 29 | Train Loss: 0.0552341 Vali Loss: 0.0988849 Test Loss: 0.0476853
Validation loss decreased (0.099052 --> 0.098885).  Saving model ...
Updating learning rate to 6.7496405170013816e-06
Epoch: 58 cost time: 1.180908441543579
Epoch: 58, Steps: 29 | Train Loss: 0.0547716 Vali Loss: 0.0981376 Test Loss: 0.0474612
Validation loss decreased (0.098885 --> 0.098138).  Saving model ...
Updating learning rate to 6.537737781144523e-06
Epoch: 59 cost time: 1.1805102825164795
Epoch: 59, Steps: 29 | Train Loss: 0.0543185 Vali Loss: 0.0973090 Test Loss: 0.0471141
Validation loss decreased (0.098138 --> 0.097309).  Saving model ...
Updating learning rate to 6.322738286319964e-06
Epoch: 60 cost time: 1.171506643295288
Epoch: 60, Steps: 29 | Train Loss: 0.0537684 Vali Loss: 0.0964704 Test Loss: 0.0470528
Validation loss decreased (0.097309 --> 0.096470).  Saving model ...
Updating learning rate to 6.105075012897585e-06
Epoch: 61 cost time: 1.1764237880706787
Epoch: 61, Steps: 29 | Train Loss: 0.0533179 Vali Loss: 0.0958878 Test Loss: 0.0467137
Validation loss decreased (0.096470 --> 0.095888).  Saving model ...
Updating learning rate to 5.885186305742857e-06
Epoch: 62 cost time: 1.1791729927062988
Epoch: 62, Steps: 29 | Train Loss: 0.0528956 Vali Loss: 0.0947287 Test Loss: 0.0465339
Validation loss decreased (0.095888 --> 0.094729).  Saving model ...
Updating learning rate to 5.6635149914486225e-06
Epoch: 63 cost time: 1.1764914989471436
Epoch: 63, Steps: 29 | Train Loss: 0.0524511 Vali Loss: 0.0942107 Test Loss: 0.0460660
Validation loss decreased (0.094729 --> 0.094211).  Saving model ...
Updating learning rate to 5.440507486541268e-06
Epoch: 64 cost time: 1.181011438369751
Epoch: 64, Steps: 29 | Train Loss: 0.0519833 Vali Loss: 0.0935746 Test Loss: 0.0456764
Validation loss decreased (0.094211 --> 0.093575).  Saving model ...
Updating learning rate to 5.216612898457253e-06
Epoch: 65 cost time: 1.1833927631378174
Epoch: 65, Steps: 29 | Train Loss: 0.0515968 Vali Loss: 0.0932002 Test Loss: 0.0452631
Validation loss decreased (0.093575 --> 0.093200).  Saving model ...
Updating learning rate to 4.992282121100496e-06
Epoch: 66 cost time: 1.1794395446777344
Epoch: 66, Steps: 29 | Train Loss: 0.0511132 Vali Loss: 0.0922323 Test Loss: 0.0452465
Validation loss decreased (0.093200 --> 0.092232).  Saving model ...
Updating learning rate to 4.767966926802067e-06
Epoch: 67 cost time: 1.1826114654541016
Epoch: 67, Steps: 29 | Train Loss: 0.0506855 Vali Loss: 0.0914842 Test Loss: 0.0448653
Validation loss decreased (0.092232 --> 0.091484).  Saving model ...
Updating learning rate to 4.5441190565108235e-06
Epoch: 68 cost time: 1.1862964630126953
Epoch: 68, Steps: 29 | Train Loss: 0.0502998 Vali Loss: 0.0906333 Test Loss: 0.0444871
Validation loss decreased (0.091484 --> 0.090633).  Saving model ...
Updating learning rate to 4.3211893100472735e-06
Epoch: 69 cost time: 1.1778762340545654
Epoch: 69, Steps: 29 | Train Loss: 0.0498161 Vali Loss: 0.0906857 Test Loss: 0.0440159
EarlyStopping counter: 1 out of 10
Updating learning rate to 4.099626638252712e-06
Epoch: 70 cost time: 1.1825666427612305
Epoch: 70, Steps: 29 | Train Loss: 0.0494450 Vali Loss: 0.0892568 Test Loss: 0.0440449
Validation loss decreased (0.090633 --> 0.089257).  Saving model ...
Updating learning rate to 3.879877238861997e-06
Epoch: 71 cost time: 1.1726129055023193
Epoch: 71, Steps: 29 | Train Loss: 0.0490121 Vali Loss: 0.0886642 Test Loss: 0.0436642
Validation loss decreased (0.089257 --> 0.088664).  Saving model ...
Updating learning rate to 3.662383657920668e-06
Epoch: 72 cost time: 1.1809983253479004
Epoch: 72, Steps: 29 | Train Loss: 0.0486411 Vali Loss: 0.0882641 Test Loss: 0.0432651
Validation loss decreased (0.088664 --> 0.088264).  Saving model ...
Updating learning rate to 3.447583898556124e-06
Epoch: 73 cost time: 1.1853816509246826
Epoch: 73, Steps: 29 | Train Loss: 0.0482703 Vali Loss: 0.0875027 Test Loss: 0.0430129
Validation loss decreased (0.088264 --> 0.087503).  Saving model ...
Updating learning rate to 3.2359105388976132e-06
Epoch: 74 cost time: 1.18453049659729
Epoch: 74, Steps: 29 | Train Loss: 0.0478389 Vali Loss: 0.0867537 Test Loss: 0.0427448
Validation loss decreased (0.087503 --> 0.086754).  Saving model ...
Updating learning rate to 3.027789860921434e-06
Epoch: 75 cost time: 1.1785633563995361
Epoch: 75, Steps: 29 | Train Loss: 0.0474536 Vali Loss: 0.0866543 Test Loss: 0.0422403
Validation loss decreased (0.086754 --> 0.086654).  Saving model ...
Updating learning rate to 2.8236409919757893e-06
Epoch: 76 cost time: 1.1826884746551514
Epoch: 76, Steps: 29 | Train Loss: 0.0470903 Vali Loss: 0.0857750 Test Loss: 0.0421408
Validation loss decreased (0.086654 --> 0.085775).  Saving model ...
Updating learning rate to 2.6238750607140637e-06
Epoch: 77 cost time: 1.1756374835968018
Epoch: 77, Steps: 29 | Train Loss: 0.0467463 Vali Loss: 0.0851599 Test Loss: 0.0416695
Validation loss decreased (0.085775 --> 0.085160).  Saving model ...
Updating learning rate to 2.4288943691364434e-06
Epoch: 78 cost time: 1.1794474124908447
Epoch: 78, Steps: 29 | Train Loss: 0.0463584 Vali Loss: 0.0842031 Test Loss: 0.0414614
Validation loss decreased (0.085160 --> 0.084203).  Saving model ...
Updating learning rate to 2.2390915824072217e-06
Epoch: 79 cost time: 1.1900010108947754
Epoch: 79, Steps: 29 | Train Loss: 0.0459762 Vali Loss: 0.0833986 Test Loss: 0.0413572
Validation loss decreased (0.084203 --> 0.083399).  Saving model ...
Updating learning rate to 2.0548489380794217e-06
Epoch: 80 cost time: 1.1858396530151367
Epoch: 80, Steps: 29 | Train Loss: 0.0456270 Vali Loss: 0.0829765 Test Loss: 0.0409585
Validation loss decreased (0.083399 --> 0.082977).  Saving model ...
Updating learning rate to 1.876537476319218e-06
Epoch: 81 cost time: 1.1781930923461914
Epoch: 81, Steps: 29 | Train Loss: 0.0452879 Vali Loss: 0.0824779 Test Loss: 0.0407972
Validation loss decreased (0.082977 --> 0.082478).  Saving model ...
Updating learning rate to 1.7045162926804444e-06
Epoch: 82 cost time: 1.1850180625915527
Epoch: 82, Steps: 29 | Train Loss: 0.0453074 Vali Loss: 0.0824856 Test Loss: 0.0409244
EarlyStopping counter: 1 out of 10
Updating learning rate to 1.5391318149339123e-06
Epoch: 83 cost time: 1.1756689548492432
Epoch: 83, Steps: 29 | Train Loss: 0.0452736 Vali Loss: 0.0824503 Test Loss: 0.0408311
Validation loss decreased (0.082478 --> 0.082450).  Saving model ...
Updating learning rate to 1.3807171054080036e-06
Epoch: 84 cost time: 1.183420181274414
Epoch: 84, Steps: 29 | Train Loss: 0.0452706 Vali Loss: 0.0828362 Test Loss: 0.0408045
EarlyStopping counter: 1 out of 10
Updating learning rate to 1.2295911902454577e-06
Epoch: 85 cost time: 1.1762924194335938
Epoch: 85, Steps: 29 | Train Loss: 0.0452670 Vali Loss: 0.0827874 Test Loss: 0.0408444
EarlyStopping counter: 2 out of 10
Updating learning rate to 1.0860584169271784e-06
Epoch: 86 cost time: 1.1808178424835205
Epoch: 86, Steps: 29 | Train Loss: 0.0452454 Vali Loss: 0.0827352 Test Loss: 0.0407912
EarlyStopping counter: 3 out of 10
Updating learning rate to 9.504078413569088e-07
Epoch: 87 cost time: 1.1810243129730225
Epoch: 87, Steps: 29 | Train Loss: 0.0452661 Vali Loss: 0.0826544 Test Loss: 0.0408723
EarlyStopping counter: 4 out of 10
Updating learning rate to 8.229126457411124e-07
Epoch: 88 cost time: 1.1766412258148193
Epoch: 88, Steps: 29 | Train Loss: 0.0452437 Vali Loss: 0.0825719 Test Loss: 0.0408511
EarlyStopping counter: 5 out of 10
Updating learning rate to 7.038295884363647e-07
Epoch: 89 cost time: 1.174537181854248
Epoch: 89, Steps: 29 | Train Loss: 0.0452549 Vali Loss: 0.0827068 Test Loss: 0.0408532
EarlyStopping counter: 6 out of 10
Updating learning rate to 5.933984868721898e-07
Epoch: 90 cost time: 1.1796584129333496
Epoch: 90, Steps: 29 | Train Loss: 0.0452200 Vali Loss: 0.0826650 Test Loss: 0.0408231
EarlyStopping counter: 7 out of 10
Updating learning rate to 4.918417345906772e-07
Epoch: 91 cost time: 1.1746881008148193
Epoch: 91, Steps: 29 | Train Loss: 0.0452441 Vali Loss: 0.0827097 Test Loss: 0.0408502
EarlyStopping counter: 8 out of 10
Updating learning rate to 3.9936385337548097e-07
Epoch: 92 cost time: 1.1834049224853516
Epoch: 92, Steps: 29 | Train Loss: 0.0452573 Vali Loss: 0.0828096 Test Loss: 0.0408486
EarlyStopping counter: 9 out of 10
Updating learning rate to 3.161510813721721e-07
Epoch: 93 cost time: 1.1865742206573486
Epoch: 93, Steps: 29 | Train Loss: 0.0452755 Vali Loss: 0.0826233 Test Loss: 0.0408684
EarlyStopping counter: 10 out of 10
Early stopping
>>>>>>>testing : ETTh1_336_720_DTFNet_ETTh1_ftM_sl336_ll0_pl720_dm128_nh16_el2_br2_dl1_df256_fc1_ebtimeF_dtTrue_'Exp'_0_'rel_sin'_16_8_16,24_8,12_3_1_256<<<<<<<<<<<<<<<<<<<<<<<<<<<<<<<<<
test 2161
mse:0.4356127679347992, mae:0.45530927181243896, rse:0.6339213252067566
