Args in experiment:
Namespace(is_training=1, model_id='ETTh1_336_720', model='DTFNet', data='ETTh1', root_path='./dataset/', data_path='ETTh1.csv', features='M', target='OT', freq='h', checkpoints='./checkpoints/', seq_len=336, label_len=0, pred_len=720, n_branches=2, patch_len_ls='16,24', stride_ls='8,12', d_model_ls='128', n_heads_ls='16', rel_pe="'rel_sin'", res_attn=False, head_type='flatten', fc_dropout=0.3, head_dropout=0.1, patch_len=16, stride=8, padding_patch="'end'", revin=1, affine=0, subtract_last=0, decomposition=0, kernel_size=25, individual=0, store_attn=False, pre_norm=False, pe='zeros', no_learn_pe=True, embed_type=0, enc_in=7, dec_in=7, c_out=7, d_model=128, n_heads=16, e_layers=2, d_layers=1, d_ff=256, moving_avg=25, factor=1, distil=True, dropout=0.3, embed='timeF', activation='gelu', output_attention=False, do_predict=False, num_workers=0, itr=1, train_epochs=100, batch_size=256, patience=10, learning_rate=1e-05, des="'Exp'", loss='mse', lradj='TST', pct_start=0.3, use_amp=False, l2=0.0, warmup_steps=0, use_gpu=True, gpu=0, use_multi_gpu=False, devices='0', test_flop=False, use_mlflow=False, mlflow_project='exp', loss_flag=2, sub_patch_len=16, sub_stride=8, stride_ls_list='16', model_type='linear', tfactor=3, dilation_rates='1', wavelet_layers=2, wavelet_type='db5', wavelet_mode='periodization', wavelet_dim=64, initTLV=0.2)
Use GPU: cuda:0
>>>>>>>start training : ETTh1_336_720_DTFNet_ETTh1_ftM_sl336_ll0_pl720_dm128_nh16_el2_br2_dl1_df256_fc1_ebtimeF_dtTrue_'Exp'_0_'rel_sin'_16_8_16,24_8,12_3_1_256>>>>>>>>>>>>>>>>>>>>>>>>>>
train 7585
val 2161
test 2161
Epoch: 1 cost time: 1.5797173976898193
Epoch: 1, Steps: 29 | Train Loss: 0.1076740 Vali Loss: 0.1785820 Test Loss: 0.0998464
Validation loss decreased (inf --> 0.178582).  Saving model ...
Updating learning rate to 4.2635539919063106e-07
Epoch: 2 cost time: 1.1945538520812988
Epoch: 2, Steps: 29 | Train Loss: 0.1067763 Vali Loss: 0.1772419 Test Loss: 0.0990087
Validation loss decreased (0.178582 --> 0.177242).  Saving model ...
Updating learning rate to 5.051321771514831e-07
Epoch: 3 cost time: 1.1986091136932373
Epoch: 3, Steps: 29 | Train Loss: 0.1058676 Vali Loss: 0.1760339 Test Loss: 0.0980863
Validation loss decreased (0.177242 --> 0.176034).  Saving model ...
Updating learning rate to 6.354652532866785e-07
Epoch: 4 cost time: 1.1828022003173828
Epoch: 4, Steps: 29 | Train Loss: 0.1049337 Vali Loss: 0.1742998 Test Loss: 0.0971014
Validation loss decreased (0.176034 --> 0.174300).  Saving model ...
Updating learning rate to 8.159233858256806e-07
Epoch: 5 cost time: 1.1982672214508057
Epoch: 5, Steps: 29 | Train Loss: 0.1039409 Vali Loss: 0.1723695 Test Loss: 0.0960218
Validation loss decreased (0.174300 --> 0.172369).  Saving model ...
Updating learning rate to 1.0445248888850473e-06
Epoch: 6 cost time: 1.2053961753845215
Epoch: 6, Steps: 29 | Train Loss: 0.1029870 Vali Loss: 0.1702106 Test Loss: 0.0948180
Validation loss decreased (0.172369 --> 0.170211).  Saving model ...
Updating learning rate to 1.3187593941861497e-06
Epoch: 7 cost time: 1.2008533477783203
Epoch: 7, Steps: 29 | Train Loss: 0.1018645 Vali Loss: 0.1677419 Test Loss: 0.0933992
Validation loss decreased (0.170211 --> 0.167742).  Saving model ...
Updating learning rate to 1.6356154184543822e-06
Epoch: 8 cost time: 1.1598560810089111
Epoch: 8, Steps: 29 | Train Loss: 0.1006079 Vali Loss: 0.1657242 Test Loss: 0.0916855
Validation loss decreased (0.167742 --> 0.165724).  Saving model ...
Updating learning rate to 1.9916134337707666e-06
Epoch: 9 cost time: 1.190087080001831
Epoch: 9, Steps: 29 | Train Loss: 0.0991225 Vali Loss: 0.1621677 Test Loss: 0.0894712
Validation loss decreased (0.165724 --> 0.162168).  Saving model ...
Updating learning rate to 2.3828440777166636e-06
Epoch: 10 cost time: 1.188474416732788
Epoch: 10, Steps: 29 | Train Loss: 0.0972887 Vali Loss: 0.1580263 Test Loss: 0.0863883
Validation loss decreased (0.162168 --> 0.158026).  Saving model ...
Updating learning rate to 2.805011083710071e-06
Epoch: 11 cost time: 1.192004680633545
Epoch: 11, Steps: 29 | Train Loss: 0.0949707 Vali Loss: 0.1527660 Test Loss: 0.0822540
Validation loss decreased (0.158026 --> 0.152766).  Saving model ...
Updating learning rate to 3.2534784600976295e-06
Epoch: 12 cost time: 1.1810925006866455
Epoch: 12, Steps: 29 | Train Loss: 0.0923516 Vali Loss: 0.1470485 Test Loss: 0.0777818
Validation loss decreased (0.152766 --> 0.147048).  Saving model ...
Updating learning rate to 3.723321399909056e-06
Epoch: 13 cost time: 1.1937682628631592
Epoch: 13, Steps: 29 | Train Loss: 0.0898873 Vali Loss: 0.1426457 Test Loss: 0.0749344
Validation loss decreased (0.147048 --> 0.142646).  Saving model ...
Updating learning rate to 4.209380362212844e-06
Epoch: 14 cost time: 1.1888172626495361
Epoch: 14, Steps: 29 | Train Loss: 0.0879006 Vali Loss: 0.1388707 Test Loss: 0.0730995
Validation loss decreased (0.142646 --> 0.138871).  Saving model ...
Updating learning rate to 4.706317731183279e-06
Epoch: 15 cost time: 1.192552089691162
Epoch: 15, Steps: 29 | Train Loss: 0.0861002 Vali Loss: 0.1360721 Test Loss: 0.0711492
Validation loss decreased (0.138871 --> 0.136072).  Saving model ...
Updating learning rate to 5.208676430682048e-06
Epoch: 16 cost time: 1.1931564807891846
Epoch: 16, Steps: 29 | Train Loss: 0.0845034 Vali Loss: 0.1338851 Test Loss: 0.0691399
Validation loss decreased (0.136072 --> 0.133885).  Saving model ...
Updating learning rate to 5.710939850683244e-06
Epoch: 17 cost time: 1.1588287353515625
Epoch: 17, Steps: 29 | Train Loss: 0.0829778 Vali Loss: 0.1318849 Test Loss: 0.0672134
Validation loss decreased (0.133885 --> 0.131885).  Saving model ...
Updating learning rate to 6.207592427464792e-06
Epoch: 18 cost time: 1.185288429260254
Epoch: 18, Steps: 29 | Train Loss: 0.0816474 Vali Loss: 0.1299174 Test Loss: 0.0655856
Validation loss decreased (0.131885 --> 0.129917).  Saving model ...
Updating learning rate to 6.693180212309968e-06
Epoch: 19 cost time: 1.1888506412506104
Epoch: 19, Steps: 29 | Train Loss: 0.0804333 Vali Loss: 0.1283830 Test Loss: 0.0647060
Validation loss decreased (0.129917 --> 0.128383).  Saving model ...
Updating learning rate to 7.1623707635889015e-06
Epoch: 20 cost time: 1.190272331237793
Epoch: 20, Steps: 29 | Train Loss: 0.0795470 Vali Loss: 0.1276130 Test Loss: 0.0639141
Validation loss decreased (0.128383 --> 0.127613).  Saving model ...
Updating learning rate to 7.610011704520164e-06
Epoch: 21 cost time: 1.1893887519836426
Epoch: 21, Steps: 29 | Train Loss: 0.0786198 Vali Loss: 0.1266063 Test Loss: 0.0628312
Validation loss decreased (0.127613 --> 0.126606).  Saving model ...
Updating learning rate to 8.031187303565295e-06
Epoch: 22 cost time: 1.1876194477081299
Epoch: 22, Steps: 29 | Train Loss: 0.0776925 Vali Loss: 0.1257524 Test Loss: 0.0624692
Validation loss decreased (0.126606 --> 0.125752).  Saving model ...
Updating learning rate to 8.421272456123378e-06
Epoch: 23 cost time: 1.19453763961792
Epoch: 23, Steps: 29 | Train Loss: 0.0769303 Vali Loss: 0.1246139 Test Loss: 0.0615650
Validation loss decreased (0.125752 --> 0.124614).  Saving model ...
Updating learning rate to 8.775983474730246e-06
Epoch: 24 cost time: 1.1875414848327637
Epoch: 24, Steps: 29 | Train Loss: 0.0761344 Vali Loss: 0.1237302 Test Loss: 0.0605468
Validation loss decreased (0.124614 --> 0.123730).  Saving model ...
Updating learning rate to 9.091425130013939e-06
Epoch: 25 cost time: 1.185831069946289
Epoch: 25, Steps: 29 | Train Loss: 0.0753092 Vali Loss: 0.1226257 Test Loss: 0.0602047
Validation loss decreased (0.123730 --> 0.122626).  Saving model ...
Updating learning rate to 9.364133425830145e-06
Epoch: 26 cost time: 1.1805307865142822
Epoch: 26, Steps: 29 | Train Loss: 0.0744872 Vali Loss: 0.1217205 Test Loss: 0.0595588
Validation loss decreased (0.122626 --> 0.121720).  Saving model ...
Updating learning rate to 9.591113638846019e-06
Epoch: 27 cost time: 1.1917026042938232
Epoch: 27, Steps: 29 | Train Loss: 0.0737440 Vali Loss: 0.1208008 Test Loss: 0.0586203
Validation loss decreased (0.121720 --> 0.120801).  Saving model ...
Updating learning rate to 9.769873204843885e-06
Epoch: 28 cost time: 1.1823639869689941
Epoch: 28, Steps: 29 | Train Loss: 0.0729917 Vali Loss: 0.1201613 Test Loss: 0.0583588
Validation loss decreased (0.120801 --> 0.120161).  Saving model ...
Updating learning rate to 9.898449090606656e-06
Epoch: 29 cost time: 1.1949222087860107
Epoch: 29, Steps: 29 | Train Loss: 0.0722513 Vali Loss: 0.1191742 Test Loss: 0.0577480
Validation loss decreased (0.120161 --> 0.119174).  Saving model ...
Updating learning rate to 9.975429350802846e-06
Epoch: 30 cost time: 1.1949329376220703
Epoch: 30, Steps: 29 | Train Loss: 0.0715305 Vali Loss: 0.1188710 Test Loss: 0.0571136
Validation loss decreased (0.119174 --> 0.118871).  Saving model ...
Updating learning rate to 9.99999401249548e-06
Epoch: 31 cost time: 1.18855619430542
Epoch: 31, Steps: 29 | Train Loss: 0.0708608 Vali Loss: 0.1181180 Test Loss: 0.0566058
Validation loss decreased (0.118871 --> 0.118118).  Saving model ...
Updating learning rate to 9.994612212745642e-06
Epoch: 32 cost time: 1.1907856464385986
Epoch: 32, Steps: 29 | Train Loss: 0.0700802 Vali Loss: 0.1172524 Test Loss: 0.0564044
Validation loss decreased (0.118118 --> 0.117252).  Saving model ...
Updating learning rate to 9.979171968972798e-06
Epoch: 33 cost time: 1.1805107593536377
Epoch: 33, Steps: 29 | Train Loss: 0.0693889 Vali Loss: 0.1160900 Test Loss: 0.0559884
Validation loss decreased (0.117252 --> 0.116090).  Saving model ...
Updating learning rate to 9.953704375773079e-06
Epoch: 34 cost time: 1.1912589073181152
Epoch: 34, Steps: 29 | Train Loss: 0.0687007 Vali Loss: 0.1151804 Test Loss: 0.0552918
Validation loss decreased (0.116090 --> 0.115180).  Saving model ...
Updating learning rate to 9.918260721489893e-06
Epoch: 35 cost time: 1.1833593845367432
Epoch: 35, Steps: 29 | Train Loss: 0.0680560 Vali Loss: 0.1143585 Test Loss: 0.0555111
Validation loss decreased (0.115180 --> 0.114359).  Saving model ...
Updating learning rate to 9.872912384926035e-06
Epoch: 36 cost time: 1.1824018955230713
Epoch: 36, Steps: 29 | Train Loss: 0.0673788 Vali Loss: 0.1138011 Test Loss: 0.0542914
Validation loss decreased (0.114359 --> 0.113801).  Saving model ...
Updating learning rate to 9.817750691596265e-06
Epoch: 37 cost time: 1.1889090538024902
Epoch: 37, Steps: 29 | Train Loss: 0.0666926 Vali Loss: 0.1125900 Test Loss: 0.0545493
Validation loss decreased (0.113801 --> 0.112590).  Saving model ...
Updating learning rate to 9.752886729809889e-06
Epoch: 38 cost time: 1.1832499504089355
Epoch: 38, Steps: 29 | Train Loss: 0.0660627 Vali Loss: 0.1117085 Test Loss: 0.0544274
Validation loss decreased (0.112590 --> 0.111709).  Saving model ...
Updating learning rate to 9.678451126953676e-06
Epoch: 39 cost time: 1.1928448677062988
Epoch: 39, Steps: 29 | Train Loss: 0.0654525 Vali Loss: 0.1113553 Test Loss: 0.0538886
Validation loss decreased (0.111709 --> 0.111355).  Saving model ...
Updating learning rate to 9.594593786425696e-06
Epoch: 40 cost time: 1.1577708721160889
Epoch: 40, Steps: 29 | Train Loss: 0.0647925 Vali Loss: 0.1104097 Test Loss: 0.0531040
Validation loss decreased (0.111355 --> 0.110410).  Saving model ...
Updating learning rate to 9.501483585749811e-06
Epoch: 41 cost time: 1.186720609664917
Epoch: 41, Steps: 29 | Train Loss: 0.0641254 Vali Loss: 0.1095927 Test Loss: 0.0529516
Validation loss decreased (0.110410 --> 0.109593).  Saving model ...
Updating learning rate to 9.399308036478838e-06
Epoch: 42 cost time: 1.1854472160339355
Epoch: 42, Steps: 29 | Train Loss: 0.0634862 Vali Loss: 0.1085521 Test Loss: 0.0528919
Validation loss decreased (0.109593 --> 0.108552).  Saving model ...
Updating learning rate to 9.288272906571216e-06
Epoch: 43 cost time: 1.1813075542449951
Epoch: 43, Steps: 29 | Train Loss: 0.0629190 Vali Loss: 0.1078969 Test Loss: 0.0525135
Validation loss decreased (0.108552 --> 0.107897).  Saving model ...
Updating learning rate to 9.16860180600173e-06
Epoch: 44 cost time: 1.189884901046753
Epoch: 44, Steps: 29 | Train Loss: 0.0623446 Vali Loss: 0.1071461 Test Loss: 0.0519441
Validation loss decreased (0.107897 --> 0.107146).  Saving model ...
Updating learning rate to 9.040535736440785e-06
Epoch: 45 cost time: 1.187439203262329
Epoch: 45, Steps: 29 | Train Loss: 0.0617820 Vali Loss: 0.1063287 Test Loss: 0.0515590
Validation loss decreased (0.107146 --> 0.106329).  Saving model ...
Updating learning rate to 8.904332605909106e-06
Epoch: 46 cost time: 1.1961190700531006
Epoch: 46, Steps: 29 | Train Loss: 0.0610931 Vali Loss: 0.1058555 Test Loss: 0.0509531
Validation loss decreased (0.106329 --> 0.105855).  Saving model ...
Updating learning rate to 8.760266709385311e-06
Epoch: 47 cost time: 1.1890223026275635
Epoch: 47, Steps: 29 | Train Loss: 0.0605739 Vali Loss: 0.1048981 Test Loss: 0.0506285
Validation loss decreased (0.105855 --> 0.104898).  Saving model ...
Updating learning rate to 8.608628176412335e-06
Epoch: 48 cost time: 1.177269697189331
Epoch: 48, Steps: 29 | Train Loss: 0.0600578 Vali Loss: 0.1041531 Test Loss: 0.0503862
Validation loss decreased (0.104898 --> 0.104153).  Saving model ...
Updating learning rate to 8.449722386815127e-06
Epoch: 49 cost time: 1.1824169158935547
Epoch: 49, Steps: 29 | Train Loss: 0.0594667 Vali Loss: 0.1029559 Test Loss: 0.0503488
Validation loss decreased (0.104153 --> 0.102956).  Saving model ...
Updating learning rate to 8.28386935570634e-06
Epoch: 50 cost time: 1.178267478942871
Epoch: 50, Steps: 29 | Train Loss: 0.0589206 Vali Loss: 0.1024891 Test Loss: 0.0497009
Validation loss decreased (0.102956 --> 0.102489).  Saving model ...
Updating learning rate to 8.111403089018465e-06
Epoch: 51 cost time: 1.1858329772949219
Epoch: 51, Steps: 29 | Train Loss: 0.0583059 Vali Loss: 0.1024874 Test Loss: 0.0490704
Validation loss decreased (0.102489 --> 0.102487).  Saving model ...
Updating learning rate to 7.93267091086035e-06
Epoch: 52 cost time: 1.1916346549987793
Epoch: 52, Steps: 29 | Train Loss: 0.0578532 Vali Loss: 0.1010442 Test Loss: 0.0492044
Validation loss decreased (0.102487 --> 0.101044).  Saving model ...
Updating learning rate to 7.748032764052655e-06
Epoch: 53 cost time: 1.188032865524292
Epoch: 53, Steps: 29 | Train Loss: 0.0573124 Vali Loss: 0.1004083 Test Loss: 0.0487929
Validation loss decreased (0.101044 --> 0.100408).  Saving model ...
Updating learning rate to 7.557860485250925e-06
Epoch: 54 cost time: 1.1864383220672607
Epoch: 54, Steps: 29 | Train Loss: 0.0567745 Vali Loss: 0.0990067 Test Loss: 0.0487137
Validation loss decreased (0.100408 --> 0.099007).  Saving model ...
Updating learning rate to 7.362537056116034e-06
Epoch: 55 cost time: 1.1881375312805176
Epoch: 55, Steps: 29 | Train Loss: 0.0562801 Vali Loss: 0.0994840 Test Loss: 0.0479043
EarlyStopping counter: 1 out of 10
Updating learning rate to 7.162455832040107e-06
Epoch: 56 cost time: 1.1800436973571777
Epoch: 56, Steps: 29 | Train Loss: 0.0557860 Vali Loss: 0.0987816 Test Loss: 0.0476109
Validation loss decreased (0.099007 --> 0.098782).  Saving model ...
Updating learning rate to 6.9580197499810984e-06
Epoch: 57 cost time: 1.1860761642456055
Epoch: 57, Steps: 29 | Train Loss: 0.0552794 Vali Loss: 0.0972180 Test Loss: 0.0475115
Validation loss decreased (0.098782 --> 0.097218).  Saving model ...
Updating learning rate to 6.7496405170013816e-06
Epoch: 58 cost time: 1.1855905055999756
Epoch: 58, Steps: 29 | Train Loss: 0.0548363 Vali Loss: 0.0962747 Test Loss: 0.0473765
Validation loss decreased (0.097218 --> 0.096275).  Saving model ...
Updating learning rate to 6.537737781144523e-06
Epoch: 59 cost time: 1.186007022857666
Epoch: 59, Steps: 29 | Train Loss: 0.0543144 Vali Loss: 0.0962593 Test Loss: 0.0468053
Validation loss decreased (0.096275 --> 0.096259).  Saving model ...
Updating learning rate to 6.322738286319964e-06
Epoch: 60 cost time: 1.200406789779663
Epoch: 60, Steps: 29 | Train Loss: 0.0537833 Vali Loss: 0.0949832 Test Loss: 0.0466350
Validation loss decreased (0.096259 --> 0.094983).  Saving model ...
Updating learning rate to 6.105075012897585e-06
Epoch: 61 cost time: 1.1911771297454834
Epoch: 61, Steps: 29 | Train Loss: 0.0533609 Vali Loss: 0.0941764 Test Loss: 0.0464727
Validation loss decreased (0.094983 --> 0.094176).  Saving model ...
Updating learning rate to 5.885186305742857e-06
Epoch: 62 cost time: 1.1926977634429932
Epoch: 62, Steps: 29 | Train Loss: 0.0529037 Vali Loss: 0.0940558 Test Loss: 0.0457795
Validation loss decreased (0.094176 --> 0.094056).  Saving model ...
Updating learning rate to 5.6635149914486225e-06
Epoch: 63 cost time: 1.183706283569336
Epoch: 63, Steps: 29 | Train Loss: 0.0524610 Vali Loss: 0.0932238 Test Loss: 0.0458297
Validation loss decreased (0.094056 --> 0.093224).  Saving model ...
Updating learning rate to 5.440507486541268e-06
Epoch: 64 cost time: 1.1778631210327148
Epoch: 64, Steps: 29 | Train Loss: 0.0520444 Vali Loss: 0.0929390 Test Loss: 0.0450722
Validation loss decreased (0.093224 --> 0.092939).  Saving model ...
Updating learning rate to 5.216612898457253e-06
Epoch: 65 cost time: 1.1799449920654297
Epoch: 65, Steps: 29 | Train Loss: 0.0515844 Vali Loss: 0.0913640 Test Loss: 0.0452849
Validation loss decreased (0.092939 --> 0.091364).  Saving model ...
Updating learning rate to 4.992282121100496e-06
Epoch: 66 cost time: 1.1872994899749756
Epoch: 66, Steps: 29 | Train Loss: 0.0511432 Vali Loss: 0.0913253 Test Loss: 0.0445051
Validation loss decreased (0.091364 --> 0.091325).  Saving model ...
Updating learning rate to 4.767966926802067e-06
Epoch: 67 cost time: 1.1870365142822266
Epoch: 67, Steps: 29 | Train Loss: 0.0507536 Vali Loss: 0.0907603 Test Loss: 0.0442610
Validation loss decreased (0.091325 --> 0.090760).  Saving model ...
Updating learning rate to 4.5441190565108235e-06
Epoch: 68 cost time: 1.186363697052002
Epoch: 68, Steps: 29 | Train Loss: 0.0502515 Vali Loss: 0.0902413 Test Loss: 0.0438061
Validation loss decreased (0.090760 --> 0.090241).  Saving model ...
Updating learning rate to 4.3211893100472735e-06
Epoch: 69 cost time: 1.1786472797393799
Epoch: 69, Steps: 29 | Train Loss: 0.0498971 Vali Loss: 0.0893153 Test Loss: 0.0437624
Validation loss decreased (0.090241 --> 0.089315).  Saving model ...
Updating learning rate to 4.099626638252712e-06
Epoch: 70 cost time: 1.188225269317627
Epoch: 70, Steps: 29 | Train Loss: 0.0494810 Vali Loss: 0.0883569 Test Loss: 0.0433967
Validation loss decreased (0.089315 --> 0.088357).  Saving model ...
Updating learning rate to 3.879877238861997e-06
Epoch: 71 cost time: 1.1843361854553223
Epoch: 71, Steps: 29 | Train Loss: 0.0490852 Vali Loss: 0.0877893 Test Loss: 0.0430468
Validation loss decreased (0.088357 --> 0.087789).  Saving model ...
Updating learning rate to 3.662383657920668e-06
Epoch: 72 cost time: 1.1873648166656494
Epoch: 72, Steps: 29 | Train Loss: 0.0486769 Vali Loss: 0.0871104 Test Loss: 0.0428027
Validation loss decreased (0.087789 --> 0.087110).  Saving model ...
Updating learning rate to 3.447583898556124e-06
Epoch: 73 cost time: 1.1786582469940186
Epoch: 73, Steps: 29 | Train Loss: 0.0482632 Vali Loss: 0.0863113 Test Loss: 0.0424905
Validation loss decreased (0.087110 --> 0.086311).  Saving model ...
Updating learning rate to 3.2359105388976132e-06
Epoch: 74 cost time: 1.180527925491333
Epoch: 74, Steps: 29 | Train Loss: 0.0478644 Vali Loss: 0.0859523 Test Loss: 0.0421190
Validation loss decreased (0.086311 --> 0.085952).  Saving model ...
Updating learning rate to 3.027789860921434e-06
Epoch: 75 cost time: 1.1826508045196533
Epoch: 75, Steps: 29 | Train Loss: 0.0474818 Vali Loss: 0.0849560 Test Loss: 0.0419878
Validation loss decreased (0.085952 --> 0.084956).  Saving model ...
Updating learning rate to 2.8236409919757893e-06
Epoch: 76 cost time: 1.1771864891052246
Epoch: 76, Steps: 29 | Train Loss: 0.0470654 Vali Loss: 0.0847028 Test Loss: 0.0414827
Validation loss decreased (0.084956 --> 0.084703).  Saving model ...
Updating learning rate to 2.6238750607140637e-06
Epoch: 77 cost time: 1.150843620300293
Epoch: 77, Steps: 29 | Train Loss: 0.0467072 Vali Loss: 0.0839531 Test Loss: 0.0411950
Validation loss decreased (0.084703 --> 0.083953).  Saving model ...
Updating learning rate to 2.4288943691364434e-06
Epoch: 78 cost time: 1.177581548690796
Epoch: 78, Steps: 29 | Train Loss: 0.0463543 Vali Loss: 0.0832595 Test Loss: 0.0409688
Validation loss decreased (0.083953 --> 0.083260).  Saving model ...
Updating learning rate to 2.2390915824072217e-06
Epoch: 79 cost time: 1.1838433742523193
Epoch: 79, Steps: 29 | Train Loss: 0.0459827 Vali Loss: 0.0829494 Test Loss: 0.0405899
Validation loss decreased (0.083260 --> 0.082949).  Saving model ...
Updating learning rate to 2.0548489380794217e-06
Epoch: 80 cost time: 1.185293436050415
Epoch: 80, Steps: 29 | Train Loss: 0.0456289 Vali Loss: 0.0822548 Test Loss: 0.0402235
Validation loss decreased (0.082949 --> 0.082255).  Saving model ...
Updating learning rate to 1.876537476319218e-06
Epoch: 81 cost time: 1.1867940425872803
Epoch: 81, Steps: 29 | Train Loss: 0.0453337 Vali Loss: 0.0817736 Test Loss: 0.0402981
Validation loss decreased (0.082255 --> 0.081774).  Saving model ...
Updating learning rate to 1.7045162926804444e-06
Epoch: 82 cost time: 1.182525396347046
Epoch: 82, Steps: 29 | Train Loss: 0.0453477 Vali Loss: 0.0816059 Test Loss: 0.0403600
Validation loss decreased (0.081774 --> 0.081606).  Saving model ...
Updating learning rate to 1.5391318149339123e-06
Epoch: 83 cost time: 1.187687873840332
Epoch: 83, Steps: 29 | Train Loss: 0.0453512 Vali Loss: 0.0816488 Test Loss: 0.0403853
EarlyStopping counter: 1 out of 10
Updating learning rate to 1.3807171054080036e-06
Epoch: 84 cost time: 1.1837677955627441
Epoch: 84, Steps: 29 | Train Loss: 0.0453165 Vali Loss: 0.0818503 Test Loss: 0.0403037
EarlyStopping counter: 2 out of 10
Updating learning rate to 1.2295911902454577e-06
Epoch: 85 cost time: 1.180572748184204
Epoch: 85, Steps: 29 | Train Loss: 0.0453381 Vali Loss: 0.0817068 Test Loss: 0.0403670
EarlyStopping counter: 3 out of 10
Updating learning rate to 1.0860584169271784e-06
Epoch: 86 cost time: 1.188302993774414
Epoch: 86, Steps: 29 | Train Loss: 0.0452905 Vali Loss: 0.0816769 Test Loss: 0.0404787
EarlyStopping counter: 4 out of 10
Updating learning rate to 9.504078413569088e-07
Epoch: 87 cost time: 1.1769511699676514
Epoch: 87, Steps: 29 | Train Loss: 0.0453516 Vali Loss: 0.0818888 Test Loss: 0.0402887
EarlyStopping counter: 5 out of 10
Updating learning rate to 8.229126457411124e-07
Epoch: 88 cost time: 1.177891492843628
Epoch: 88, Steps: 29 | Train Loss: 0.0452972 Vali Loss: 0.0817249 Test Loss: 0.0404391
EarlyStopping counter: 6 out of 10
Updating learning rate to 7.038295884363647e-07
Epoch: 89 cost time: 1.1820282936096191
Epoch: 89, Steps: 29 | Train Loss: 0.0453077 Vali Loss: 0.0817936 Test Loss: 0.0403174
EarlyStopping counter: 7 out of 10
Updating learning rate to 5.933984868721898e-07
Epoch: 90 cost time: 1.1764204502105713
Epoch: 90, Steps: 29 | Train Loss: 0.0452966 Vali Loss: 0.0818041 Test Loss: 0.0403824
EarlyStopping counter: 8 out of 10
Updating learning rate to 4.918417345906772e-07
Epoch: 91 cost time: 1.1853365898132324
Epoch: 91, Steps: 29 | Train Loss: 0.0452998 Vali Loss: 0.0818938 Test Loss: 0.0403773
EarlyStopping counter: 9 out of 10
Updating learning rate to 3.9936385337548097e-07
Epoch: 92 cost time: 1.1770496368408203
Epoch: 92, Steps: 29 | Train Loss: 0.0452919 Vali Loss: 0.0818461 Test Loss: 0.0403589
EarlyStopping counter: 10 out of 10
Early stopping
>>>>>>>testing : ETTh1_336_720_DTFNet_ETTh1_ftM_sl336_ll0_pl720_dm128_nh16_el2_br2_dl1_df256_fc1_ebtimeF_dtTrue_'Exp'_0_'rel_sin'_16_8_16,24_8,12_3_1_256<<<<<<<<<<<<<<<<<<<<<<<<<<<<<<<<<
test 2161
mse:0.4291415214538574, mae:0.45053648948669434, rse:0.6291950941085815
