Args in experiment:
Namespace(is_training=1, model_id='ETTh1_336_720', model='DTFNet', data='ETTh1', root_path='./dataset/', data_path='ETTh1.csv', features='M', target='OT', freq='h', checkpoints='./checkpoints/', seq_len=336, label_len=0, pred_len=720, n_branches=2, patch_len_ls='16,24', stride_ls='8,12', d_model_ls='128', n_heads_ls='16', rel_pe="'rel_sin'", res_attn=False, head_type='flatten', fc_dropout=0.3, head_dropout=0.1, patch_len=16, stride=8, padding_patch="'end'", revin=1, affine=0, subtract_last=0, decomposition=0, kernel_size=25, individual=0, store_attn=False, pre_norm=False, pe='zeros', no_learn_pe=True, embed_type=0, enc_in=7, dec_in=7, c_out=7, d_model=128, n_heads=16, e_layers=2, d_layers=1, d_ff=256, moving_avg=25, factor=1, distil=True, dropout=0.3, embed='timeF', activation='gelu', output_attention=False, do_predict=False, num_workers=0, itr=1, train_epochs=100, batch_size=256, patience=10, learning_rate=1e-05, des="'Exp'", loss='mse', lradj='TST', pct_start=0.3, use_amp=False, l2=0.0, warmup_steps=0, use_gpu=True, gpu=0, use_multi_gpu=False, devices='0', test_flop=False, use_mlflow=False, mlflow_project='exp', loss_flag=2, sub_patch_len=16, sub_stride=8, stride_ls_list='16', model_type='linear', tfactor=3, dilation_rates='1', wavelet_layers=2, wavelet_type='db5', wavelet_mode='periodization', wavelet_dim=64, initTLV=0.2)
Use GPU: cuda:0
>>>>>>>start training : ETTh1_336_720_DTFNet_ETTh1_ftM_sl336_ll0_pl720_dm128_nh16_el2_br2_dl1_df256_fc1_ebtimeF_dtTrue_'Exp'_0_'rel_sin'_16_8_16,24_8,12_3_1_256>>>>>>>>>>>>>>>>>>>>>>>>>>
train 7585
val 2161
test 2161
Epoch: 1 cost time: 1.5271131992340088
Epoch: 1, Steps: 29 | Train Loss: 0.1075685 Vali Loss: 0.1787908 Test Loss: 0.0997891
Validation loss decreased (inf --> 0.178791).  Saving model ...
Updating learning rate to 4.2635539919063106e-07
Epoch: 2 cost time: 1.1851098537445068
Epoch: 2, Steps: 29 | Train Loss: 0.1067424 Vali Loss: 0.1773306 Test Loss: 0.0989647
Validation loss decreased (0.178791 --> 0.177331).  Saving model ...
Updating learning rate to 5.051321771514831e-07
Epoch: 3 cost time: 1.1886653900146484
Epoch: 3, Steps: 29 | Train Loss: 0.1057856 Vali Loss: 0.1756844 Test Loss: 0.0980564
Validation loss decreased (0.177331 --> 0.175684).  Saving model ...
Updating learning rate to 6.354652532866785e-07
Epoch: 4 cost time: 1.1853713989257812
Epoch: 4, Steps: 29 | Train Loss: 0.1049723 Vali Loss: 0.1740367 Test Loss: 0.0970884
Validation loss decreased (0.175684 --> 0.174037).  Saving model ...
Updating learning rate to 8.159233858256806e-07
Epoch: 5 cost time: 1.1800167560577393
Epoch: 5, Steps: 29 | Train Loss: 0.1040552 Vali Loss: 0.1723087 Test Loss: 0.0960361
Validation loss decreased (0.174037 --> 0.172309).  Saving model ...
Updating learning rate to 1.0445248888850473e-06
Epoch: 6 cost time: 1.1844537258148193
Epoch: 6, Steps: 29 | Train Loss: 0.1029663 Vali Loss: 0.1703317 Test Loss: 0.0948564
Validation loss decreased (0.172309 --> 0.170332).  Saving model ...
Updating learning rate to 1.3187593941861497e-06
Epoch: 7 cost time: 1.1897380352020264
Epoch: 7, Steps: 29 | Train Loss: 0.1018978 Vali Loss: 0.1680673 Test Loss: 0.0934862
Validation loss decreased (0.170332 --> 0.168067).  Saving model ...
Updating learning rate to 1.6356154184543822e-06
Epoch: 8 cost time: 1.1802332401275635
Epoch: 8, Steps: 29 | Train Loss: 0.1006487 Vali Loss: 0.1657866 Test Loss: 0.0918357
Validation loss decreased (0.168067 --> 0.165787).  Saving model ...
Updating learning rate to 1.9916134337707666e-06
Epoch: 9 cost time: 1.183499813079834
Epoch: 9, Steps: 29 | Train Loss: 0.0992146 Vali Loss: 0.1627508 Test Loss: 0.0897084
Validation loss decreased (0.165787 --> 0.162751).  Saving model ...
Updating learning rate to 2.3828440777166636e-06
Epoch: 10 cost time: 1.1830720901489258
Epoch: 10, Steps: 29 | Train Loss: 0.0975436 Vali Loss: 0.1588530 Test Loss: 0.0868011
Validation loss decreased (0.162751 --> 0.158853).  Saving model ...
Updating learning rate to 2.805011083710071e-06
Epoch: 11 cost time: 1.1846837997436523
Epoch: 11, Steps: 29 | Train Loss: 0.0952316 Vali Loss: 0.1535030 Test Loss: 0.0827565
Validation loss decreased (0.158853 --> 0.153503).  Saving model ...
Updating learning rate to 3.2534784600976295e-06
Epoch: 12 cost time: 1.1584773063659668
Epoch: 12, Steps: 29 | Train Loss: 0.0925540 Vali Loss: 0.1472696 Test Loss: 0.0781935
Validation loss decreased (0.153503 --> 0.147270).  Saving model ...
Updating learning rate to 3.723321399909056e-06
Epoch: 13 cost time: 1.185518741607666
Epoch: 13, Steps: 29 | Train Loss: 0.0901371 Vali Loss: 0.1428442 Test Loss: 0.0751063
Validation loss decreased (0.147270 --> 0.142844).  Saving model ...
Updating learning rate to 4.209380362212844e-06
Epoch: 14 cost time: 1.1900391578674316
Epoch: 14, Steps: 29 | Train Loss: 0.0881590 Vali Loss: 0.1394014 Test Loss: 0.0732887
Validation loss decreased (0.142844 --> 0.139401).  Saving model ...
Updating learning rate to 4.706317731183279e-06
Epoch: 15 cost time: 1.179288625717163
Epoch: 15, Steps: 29 | Train Loss: 0.0864807 Vali Loss: 0.1363288 Test Loss: 0.0712204
Validation loss decreased (0.139401 --> 0.136329).  Saving model ...
Updating learning rate to 5.208676430682048e-06
Epoch: 16 cost time: 1.174302101135254
Epoch: 16, Steps: 29 | Train Loss: 0.0847613 Vali Loss: 0.1334135 Test Loss: 0.0690144
Validation loss decreased (0.136329 --> 0.133413).  Saving model ...
Updating learning rate to 5.710939850683244e-06
Epoch: 17 cost time: 1.1802396774291992
Epoch: 17, Steps: 29 | Train Loss: 0.0829920 Vali Loss: 0.1316543 Test Loss: 0.0670545
Validation loss decreased (0.133413 --> 0.131654).  Saving model ...
Updating learning rate to 6.207592427464792e-06
Epoch: 18 cost time: 1.1809875965118408
Epoch: 18, Steps: 29 | Train Loss: 0.0816043 Vali Loss: 0.1297346 Test Loss: 0.0659236
Validation loss decreased (0.131654 --> 0.129735).  Saving model ...
Updating learning rate to 6.693180212309968e-06
Epoch: 19 cost time: 1.1842257976531982
Epoch: 19, Steps: 29 | Train Loss: 0.0804930 Vali Loss: 0.1289410 Test Loss: 0.0647865
Validation loss decreased (0.129735 --> 0.128941).  Saving model ...
Updating learning rate to 7.1623707635889015e-06
Epoch: 20 cost time: 1.1774539947509766
Epoch: 20, Steps: 29 | Train Loss: 0.0795610 Vali Loss: 0.1275192 Test Loss: 0.0642675
Validation loss decreased (0.128941 --> 0.127519).  Saving model ...
Updating learning rate to 7.610011704520164e-06
Epoch: 21 cost time: 1.1894309520721436
Epoch: 21, Steps: 29 | Train Loss: 0.0786301 Vali Loss: 0.1262467 Test Loss: 0.0631427
Validation loss decreased (0.127519 --> 0.126247).  Saving model ...
Updating learning rate to 8.031187303565295e-06
Epoch: 22 cost time: 1.178011417388916
Epoch: 22, Steps: 29 | Train Loss: 0.0777632 Vali Loss: 0.1252086 Test Loss: 0.0623891
Validation loss decreased (0.126247 --> 0.125209).  Saving model ...
Updating learning rate to 8.421272456123378e-06
Epoch: 23 cost time: 1.1881625652313232
Epoch: 23, Steps: 29 | Train Loss: 0.0769355 Vali Loss: 0.1246131 Test Loss: 0.0618124
Validation loss decreased (0.125209 --> 0.124613).  Saving model ...
Updating learning rate to 8.775983474730246e-06
Epoch: 24 cost time: 1.1816372871398926
Epoch: 24, Steps: 29 | Train Loss: 0.0761343 Vali Loss: 0.1233382 Test Loss: 0.0608837
Validation loss decreased (0.124613 --> 0.123338).  Saving model ...
Updating learning rate to 9.091425130013939e-06
Epoch: 25 cost time: 1.1859862804412842
Epoch: 25, Steps: 29 | Train Loss: 0.0753327 Vali Loss: 0.1225244 Test Loss: 0.0601320
Validation loss decreased (0.123338 --> 0.122524).  Saving model ...
Updating learning rate to 9.364133425830145e-06
Epoch: 26 cost time: 1.1797707080841064
Epoch: 26, Steps: 29 | Train Loss: 0.0746212 Vali Loss: 0.1215093 Test Loss: 0.0596600
Validation loss decreased (0.122524 --> 0.121509).  Saving model ...
Updating learning rate to 9.591113638846019e-06
Epoch: 27 cost time: 1.18338942527771
Epoch: 27, Steps: 29 | Train Loss: 0.0738595 Vali Loss: 0.1209682 Test Loss: 0.0591007
Validation loss decreased (0.121509 --> 0.120968).  Saving model ...
Updating learning rate to 9.769873204843885e-06
Epoch: 28 cost time: 1.1734631061553955
Epoch: 28, Steps: 29 | Train Loss: 0.0731607 Vali Loss: 0.1195694 Test Loss: 0.0583296
Validation loss decreased (0.120968 --> 0.119569).  Saving model ...
Updating learning rate to 9.898449090606656e-06
Epoch: 29 cost time: 1.1658427715301514
Epoch: 29, Steps: 29 | Train Loss: 0.0724178 Vali Loss: 0.1189042 Test Loss: 0.0576645
Validation loss decreased (0.119569 --> 0.118904).  Saving model ...
Updating learning rate to 9.975429350802846e-06
Epoch: 30 cost time: 1.1789872646331787
Epoch: 30, Steps: 29 | Train Loss: 0.0716712 Vali Loss: 0.1183037 Test Loss: 0.0572088
Validation loss decreased (0.118904 --> 0.118304).  Saving model ...
Updating learning rate to 9.99999401249548e-06
Epoch: 31 cost time: 1.1787874698638916
Epoch: 31, Steps: 29 | Train Loss: 0.0709571 Vali Loss: 0.1169900 Test Loss: 0.0566860
Validation loss decreased (0.118304 --> 0.116990).  Saving model ...
Updating learning rate to 9.994612212745642e-06
Epoch: 32 cost time: 1.1771821975708008
Epoch: 32, Steps: 29 | Train Loss: 0.0702618 Vali Loss: 0.1170230 Test Loss: 0.0558400
EarlyStopping counter: 1 out of 10
Updating learning rate to 9.979171968972798e-06
Epoch: 33 cost time: 1.1710205078125
Epoch: 33, Steps: 29 | Train Loss: 0.0695530 Vali Loss: 0.1158806 Test Loss: 0.0555430
Validation loss decreased (0.116990 --> 0.115881).  Saving model ...
Updating learning rate to 9.953704375773079e-06
Epoch: 34 cost time: 1.1764845848083496
Epoch: 34, Steps: 29 | Train Loss: 0.0688853 Vali Loss: 0.1150996 Test Loss: 0.0551827
Validation loss decreased (0.115881 --> 0.115100).  Saving model ...
Updating learning rate to 9.918260721489893e-06
Epoch: 35 cost time: 1.177391529083252
Epoch: 35, Steps: 29 | Train Loss: 0.0681418 Vali Loss: 0.1142163 Test Loss: 0.0546613
Validation loss decreased (0.115100 --> 0.114216).  Saving model ...
Updating learning rate to 9.872912384926035e-06
Epoch: 36 cost time: 1.1756839752197266
Epoch: 36, Steps: 29 | Train Loss: 0.0675257 Vali Loss: 0.1132364 Test Loss: 0.0543215
Validation loss decreased (0.114216 --> 0.113236).  Saving model ...
Updating learning rate to 9.817750691596265e-06
Epoch: 37 cost time: 1.1696832180023193
Epoch: 37, Steps: 29 | Train Loss: 0.0668938 Vali Loss: 0.1132006 Test Loss: 0.0533408
Validation loss decreased (0.113236 --> 0.113201).  Saving model ...
Updating learning rate to 9.752886729809889e-06
Epoch: 38 cost time: 1.182633399963379
Epoch: 38, Steps: 29 | Train Loss: 0.0661968 Vali Loss: 0.1118703 Test Loss: 0.0533711
Validation loss decreased (0.113201 --> 0.111870).  Saving model ...
Updating learning rate to 9.678451126953676e-06
Epoch: 39 cost time: 1.161207675933838
Epoch: 39, Steps: 29 | Train Loss: 0.0655341 Vali Loss: 0.1113156 Test Loss: 0.0526726
Validation loss decreased (0.111870 --> 0.111316).  Saving model ...
Updating learning rate to 9.594593786425696e-06
Epoch: 40 cost time: 1.1754045486450195
Epoch: 40, Steps: 29 | Train Loss: 0.0649363 Vali Loss: 0.1110691 Test Loss: 0.0524855
Validation loss decreased (0.111316 --> 0.111069).  Saving model ...
Updating learning rate to 9.501483585749811e-06
Epoch: 41 cost time: 1.1777615547180176
Epoch: 41, Steps: 29 | Train Loss: 0.0643011 Vali Loss: 0.1100021 Test Loss: 0.0523545
Validation loss decreased (0.111069 --> 0.110002).  Saving model ...
Updating learning rate to 9.399308036478838e-06
Epoch: 42 cost time: 1.1810624599456787
Epoch: 42, Steps: 29 | Train Loss: 0.0636779 Vali Loss: 0.1104281 Test Loss: 0.0513503
EarlyStopping counter: 1 out of 10
Updating learning rate to 9.288272906571216e-06
Epoch: 43 cost time: 1.1637275218963623
Epoch: 43, Steps: 29 | Train Loss: 0.0630629 Vali Loss: 0.1091576 Test Loss: 0.0510894
Validation loss decreased (0.110002 --> 0.109158).  Saving model ...
Updating learning rate to 9.16860180600173e-06
Epoch: 44 cost time: 1.1774201393127441
Epoch: 44, Steps: 29 | Train Loss: 0.0624324 Vali Loss: 0.1084449 Test Loss: 0.0506587
Validation loss decreased (0.109158 --> 0.108445).  Saving model ...
Updating learning rate to 9.040535736440785e-06
Epoch: 45 cost time: 1.191413164138794
Epoch: 45, Steps: 29 | Train Loss: 0.0618167 Vali Loss: 0.1077790 Test Loss: 0.0503176
Validation loss decreased (0.108445 --> 0.107779).  Saving model ...
Updating learning rate to 8.904332605909106e-06
Epoch: 46 cost time: 1.1830193996429443
Epoch: 46, Steps: 29 | Train Loss: 0.0613241 Vali Loss: 0.1062170 Test Loss: 0.0502619
Validation loss decreased (0.107779 --> 0.106217).  Saving model ...
Updating learning rate to 8.760266709385311e-06
Epoch: 47 cost time: 1.1782963275909424
Epoch: 47, Steps: 29 | Train Loss: 0.0607074 Vali Loss: 0.1061217 Test Loss: 0.0497465
Validation loss decreased (0.106217 --> 0.106122).  Saving model ...
Updating learning rate to 8.608628176412335e-06
Epoch: 48 cost time: 1.1794683933258057
Epoch: 48, Steps: 29 | Train Loss: 0.0601061 Vali Loss: 0.1051675 Test Loss: 0.0496308
Validation loss decreased (0.106122 --> 0.105167).  Saving model ...
Updating learning rate to 8.449722386815127e-06
Epoch: 49 cost time: 1.173793077468872
Epoch: 49, Steps: 29 | Train Loss: 0.0595553 Vali Loss: 0.1054735 Test Loss: 0.0489248
EarlyStopping counter: 1 out of 10
Updating learning rate to 8.28386935570634e-06
Epoch: 50 cost time: 1.1751165390014648
Epoch: 50, Steps: 29 | Train Loss: 0.0590372 Vali Loss: 0.1047997 Test Loss: 0.0485595
Validation loss decreased (0.105167 --> 0.104800).  Saving model ...
Updating learning rate to 8.111403089018465e-06
Epoch: 51 cost time: 1.1808991432189941
Epoch: 51, Steps: 29 | Train Loss: 0.0584335 Vali Loss: 0.1030376 Test Loss: 0.0485710
Validation loss decreased (0.104800 --> 0.103038).  Saving model ...
Updating learning rate to 7.93267091086035e-06
Epoch: 52 cost time: 1.1567347049713135
Epoch: 52, Steps: 29 | Train Loss: 0.0578938 Vali Loss: 0.1029819 Test Loss: 0.0481718
Validation loss decreased (0.103038 --> 0.102982).  Saving model ...
Updating learning rate to 7.748032764052655e-06
Epoch: 53 cost time: 1.188317060470581
Epoch: 53, Steps: 29 | Train Loss: 0.0574012 Vali Loss: 0.1016683 Test Loss: 0.0478845
Validation loss decreased (0.102982 --> 0.101668).  Saving model ...
Updating learning rate to 7.557860485250925e-06
Epoch: 54 cost time: 1.1722469329833984
Epoch: 54, Steps: 29 | Train Loss: 0.0568985 Vali Loss: 0.1005475 Test Loss: 0.0478685
Validation loss decreased (0.101668 --> 0.100547).  Saving model ...
Updating learning rate to 7.362537056116034e-06
Epoch: 55 cost time: 1.1802504062652588
Epoch: 55, Steps: 29 | Train Loss: 0.0563500 Vali Loss: 0.1003115 Test Loss: 0.0473588
Validation loss decreased (0.100547 --> 0.100312).  Saving model ...
Updating learning rate to 7.162455832040107e-06
Epoch: 56 cost time: 1.180013656616211
Epoch: 56, Steps: 29 | Train Loss: 0.0558569 Vali Loss: 0.0994047 Test Loss: 0.0471487
Validation loss decreased (0.100312 --> 0.099405).  Saving model ...
Updating learning rate to 6.9580197499810984e-06
Epoch: 57 cost time: 1.1780047416687012
Epoch: 57, Steps: 29 | Train Loss: 0.0554005 Vali Loss: 0.0990323 Test Loss: 0.0465688
Validation loss decreased (0.099405 --> 0.099032).  Saving model ...
Updating learning rate to 6.7496405170013816e-06
Epoch: 58 cost time: 1.1836321353912354
Epoch: 58, Steps: 29 | Train Loss: 0.0549299 Vali Loss: 0.0981655 Test Loss: 0.0465319
Validation loss decreased (0.099032 --> 0.098166).  Saving model ...
Updating learning rate to 6.537737781144523e-06
Epoch: 59 cost time: 1.1742019653320312
Epoch: 59, Steps: 29 | Train Loss: 0.0543672 Vali Loss: 0.0977690 Test Loss: 0.0459820
Validation loss decreased (0.098166 --> 0.097769).  Saving model ...
Updating learning rate to 6.322738286319964e-06
Epoch: 60 cost time: 1.179295301437378
Epoch: 60, Steps: 29 | Train Loss: 0.0539439 Vali Loss: 0.0969796 Test Loss: 0.0456808
Validation loss decreased (0.097769 --> 0.096980).  Saving model ...
Updating learning rate to 6.105075012897585e-06
Epoch: 61 cost time: 1.1801795959472656
Epoch: 61, Steps: 29 | Train Loss: 0.0534568 Vali Loss: 0.0958307 Test Loss: 0.0456359
Validation loss decreased (0.096980 --> 0.095831).  Saving model ...
Updating learning rate to 5.885186305742857e-06
Epoch: 62 cost time: 1.1858696937561035
Epoch: 62, Steps: 29 | Train Loss: 0.0530058 Vali Loss: 0.0953997 Test Loss: 0.0451385
Validation loss decreased (0.095831 --> 0.095400).  Saving model ...
Updating learning rate to 5.6635149914486225e-06
Epoch: 63 cost time: 1.1816043853759766
Epoch: 63, Steps: 29 | Train Loss: 0.0525555 Vali Loss: 0.0953509 Test Loss: 0.0446041
Validation loss decreased (0.095400 --> 0.095351).  Saving model ...
Updating learning rate to 5.440507486541268e-06
Epoch: 64 cost time: 1.1821465492248535
Epoch: 64, Steps: 29 | Train Loss: 0.0520544 Vali Loss: 0.0940865 Test Loss: 0.0444382
Validation loss decreased (0.095351 --> 0.094086).  Saving model ...
Updating learning rate to 5.216612898457253e-06
Epoch: 65 cost time: 1.1771085262298584
Epoch: 65, Steps: 29 | Train Loss: 0.0516873 Vali Loss: 0.0935145 Test Loss: 0.0442520
Validation loss decreased (0.094086 --> 0.093514).  Saving model ...
Updating learning rate to 4.992282121100496e-06
Epoch: 66 cost time: 1.1762340068817139
Epoch: 66, Steps: 29 | Train Loss: 0.0511915 Vali Loss: 0.0926391 Test Loss: 0.0439140
Validation loss decreased (0.093514 --> 0.092639).  Saving model ...
Updating learning rate to 4.767966926802067e-06
Epoch: 67 cost time: 1.1653296947479248
Epoch: 67, Steps: 29 | Train Loss: 0.0507572 Vali Loss: 0.0916474 Test Loss: 0.0437675
Validation loss decreased (0.092639 --> 0.091647).  Saving model ...
Updating learning rate to 4.5441190565108235e-06
Epoch: 68 cost time: 1.1781373023986816
Epoch: 68, Steps: 29 | Train Loss: 0.0503478 Vali Loss: 0.0908105 Test Loss: 0.0433593
Validation loss decreased (0.091647 --> 0.090811).  Saving model ...
Updating learning rate to 4.3211893100472735e-06
Epoch: 69 cost time: 1.178666114807129
Epoch: 69, Steps: 29 | Train Loss: 0.0499849 Vali Loss: 0.0908251 Test Loss: 0.0430083
EarlyStopping counter: 1 out of 10
Updating learning rate to 4.099626638252712e-06
Epoch: 70 cost time: 1.178858757019043
Epoch: 70, Steps: 29 | Train Loss: 0.0494967 Vali Loss: 0.0895601 Test Loss: 0.0428379
Validation loss decreased (0.090811 --> 0.089560).  Saving model ...
Updating learning rate to 3.879877238861997e-06
Epoch: 71 cost time: 1.1856653690338135
Epoch: 71, Steps: 29 | Train Loss: 0.0491210 Vali Loss: 0.0890454 Test Loss: 0.0423869
Validation loss decreased (0.089560 --> 0.089045).  Saving model ...
Updating learning rate to 3.662383657920668e-06
Epoch: 72 cost time: 1.1753056049346924
Epoch: 72, Steps: 29 | Train Loss: 0.0486882 Vali Loss: 0.0884217 Test Loss: 0.0421501
Validation loss decreased (0.089045 --> 0.088422).  Saving model ...
Updating learning rate to 3.447583898556124e-06
Epoch: 73 cost time: 1.184607982635498
Epoch: 73, Steps: 29 | Train Loss: 0.0483174 Vali Loss: 0.0875833 Test Loss: 0.0419433
Validation loss decreased (0.088422 --> 0.087583).  Saving model ...
Updating learning rate to 3.2359105388976132e-06
Epoch: 74 cost time: 1.1784238815307617
Epoch: 74, Steps: 29 | Train Loss: 0.0479312 Vali Loss: 0.0868984 Test Loss: 0.0416513
Validation loss decreased (0.087583 --> 0.086898).  Saving model ...
Updating learning rate to 3.027789860921434e-06
Epoch: 75 cost time: 1.1750333309173584
Epoch: 75, Steps: 29 | Train Loss: 0.0475554 Vali Loss: 0.0863416 Test Loss: 0.0412633
Validation loss decreased (0.086898 --> 0.086342).  Saving model ...
Updating learning rate to 2.8236409919757893e-06
Epoch: 76 cost time: 1.1823785305023193
Epoch: 76, Steps: 29 | Train Loss: 0.0471688 Vali Loss: 0.0860585 Test Loss: 0.0409198
Validation loss decreased (0.086342 --> 0.086059).  Saving model ...
Updating learning rate to 2.6238750607140637e-06
Epoch: 77 cost time: 1.177478313446045
Epoch: 77, Steps: 29 | Train Loss: 0.0467948 Vali Loss: 0.0849120 Test Loss: 0.0406951
Validation loss decreased (0.086059 --> 0.084912).  Saving model ...
Updating learning rate to 2.4288943691364434e-06
Epoch: 78 cost time: 1.1718761920928955
Epoch: 78, Steps: 29 | Train Loss: 0.0463849 Vali Loss: 0.0844595 Test Loss: 0.0403826
Validation loss decreased (0.084912 --> 0.084459).  Saving model ...
Updating learning rate to 2.2390915824072217e-06
Epoch: 79 cost time: 1.1802191734313965
Epoch: 79, Steps: 29 | Train Loss: 0.0460046 Vali Loss: 0.0835165 Test Loss: 0.0401631
Validation loss decreased (0.084459 --> 0.083516).  Saving model ...
Updating learning rate to 2.0548489380794217e-06
Epoch: 80 cost time: 1.184553861618042
Epoch: 80, Steps: 29 | Train Loss: 0.0456845 Vali Loss: 0.0831173 Test Loss: 0.0398085
Validation loss decreased (0.083516 --> 0.083117).  Saving model ...
Updating learning rate to 1.876537476319218e-06
Epoch: 81 cost time: 1.1802089214324951
Epoch: 81, Steps: 29 | Train Loss: 0.0454207 Vali Loss: 0.0830264 Test Loss: 0.0396749
Validation loss decreased (0.083117 --> 0.083026).  Saving model ...
Updating learning rate to 1.7045162926804444e-06
Epoch: 82 cost time: 1.1835744380950928
Epoch: 82, Steps: 29 | Train Loss: 0.0454091 Vali Loss: 0.0830322 Test Loss: 0.0396534
EarlyStopping counter: 1 out of 10
Updating learning rate to 1.5391318149339123e-06
Epoch: 83 cost time: 1.1800668239593506
Epoch: 83, Steps: 29 | Train Loss: 0.0453535 Vali Loss: 0.0827893 Test Loss: 0.0397696
Validation loss decreased (0.083026 --> 0.082789).  Saving model ...
Updating learning rate to 1.3807171054080036e-06
Epoch: 84 cost time: 1.1843738555908203
Epoch: 84, Steps: 29 | Train Loss: 0.0453720 Vali Loss: 0.0825969 Test Loss: 0.0398389
Validation loss decreased (0.082789 --> 0.082597).  Saving model ...
Updating learning rate to 1.2295911902454577e-06
Epoch: 85 cost time: 1.1776950359344482
Epoch: 85, Steps: 29 | Train Loss: 0.0453635 Vali Loss: 0.0829132 Test Loss: 0.0397267
EarlyStopping counter: 1 out of 10
Updating learning rate to 1.0860584169271784e-06
Epoch: 86 cost time: 1.1791126728057861
Epoch: 86, Steps: 29 | Train Loss: 0.0453239 Vali Loss: 0.0828671 Test Loss: 0.0397356
EarlyStopping counter: 2 out of 10
Updating learning rate to 9.504078413569088e-07
Epoch: 87 cost time: 1.1725313663482666
Epoch: 87, Steps: 29 | Train Loss: 0.0453275 Vali Loss: 0.0830953 Test Loss: 0.0397080
EarlyStopping counter: 3 out of 10
Updating learning rate to 8.229126457411124e-07
Epoch: 88 cost time: 1.1549017429351807
Epoch: 88, Steps: 29 | Train Loss: 0.0453528 Vali Loss: 0.0829125 Test Loss: 0.0397649
EarlyStopping counter: 4 out of 10
Updating learning rate to 7.038295884363647e-07
Epoch: 89 cost time: 1.175154209136963
Epoch: 89, Steps: 29 | Train Loss: 0.0453498 Vali Loss: 0.0830118 Test Loss: 0.0397400
EarlyStopping counter: 5 out of 10
Updating learning rate to 5.933984868721898e-07
Epoch: 90 cost time: 1.1763665676116943
Epoch: 90, Steps: 29 | Train Loss: 0.0453240 Vali Loss: 0.0830524 Test Loss: 0.0397611
EarlyStopping counter: 6 out of 10
Updating learning rate to 4.918417345906772e-07
Epoch: 91 cost time: 1.175980567932129
Epoch: 91, Steps: 29 | Train Loss: 0.0453368 Vali Loss: 0.0829309 Test Loss: 0.0397623
EarlyStopping counter: 7 out of 10
Updating learning rate to 3.9936385337548097e-07
Epoch: 92 cost time: 1.1727535724639893
Epoch: 92, Steps: 29 | Train Loss: 0.0452919 Vali Loss: 0.0831138 Test Loss: 0.0397506
EarlyStopping counter: 8 out of 10
Updating learning rate to 3.161510813721721e-07
Epoch: 93 cost time: 1.177781343460083
Epoch: 93, Steps: 29 | Train Loss: 0.0453477 Vali Loss: 0.0830221 Test Loss: 0.0397682
EarlyStopping counter: 9 out of 10
Updating learning rate to 2.4237099802938663e-07
Epoch: 94 cost time: 1.1817951202392578
Epoch: 94, Steps: 29 | Train Loss: 0.0452909 Vali Loss: 0.0830350 Test Loss: 0.0397666
EarlyStopping counter: 10 out of 10
Early stopping
>>>>>>>testing : ETTh1_336_720_DTFNet_ETTh1_ftM_sl336_ll0_pl720_dm128_nh16_el2_br2_dl1_df256_fc1_ebtimeF_dtTrue_'Exp'_0_'rel_sin'_16_8_16,24_8,12_3_1_256<<<<<<<<<<<<<<<<<<<<<<<<<<<<<<<<<
test 2161
mse:0.41903719305992126, mae:0.4452851712703705, rse:0.6217436790466309
