Args in experiment:
Namespace(is_training=1, model_id='ETTh1_336_720', model='DTFNet', data='ETTh1', root_path='./dataset/', data_path='ETTh1.csv', features='M', target='OT', freq='h', checkpoints='./checkpoints/', seq_len=336, label_len=0, pred_len=720, n_branches=2, patch_len_ls='16,24', stride_ls='8,12', d_model_ls='128', n_heads_ls='16', rel_pe="'rel_sin'", res_attn=False, head_type='flatten', fc_dropout=0.3, head_dropout=0.1, patch_len=16, stride=8, padding_patch="'end'", revin=1, affine=0, subtract_last=0, decomposition=0, kernel_size=25, individual=0, store_attn=False, pre_norm=False, pe='zeros', no_learn_pe=True, embed_type=0, enc_in=7, dec_in=7, c_out=7, d_model=128, n_heads=16, e_layers=2, d_layers=1, d_ff=256, moving_avg=25, factor=1, distil=True, dropout=0.3, embed='timeF', activation='gelu', output_attention=False, do_predict=False, num_workers=0, itr=1, train_epochs=100, batch_size=256, patience=10, learning_rate=1e-05, des="'Exp'", loss='mse', lradj='TST', pct_start=0.3, use_amp=False, l2=0.0, warmup_steps=0, use_gpu=True, gpu=0, use_multi_gpu=False, devices='0', test_flop=False, use_mlflow=False, mlflow_project='exp', loss_flag=2, sub_patch_len=16, sub_stride=8, stride_ls_list='16', model_type='linear', tfactor=3, dilation_rates='1', wavelet_layers=2, wavelet_type='db5', wavelet_mode='periodization', wavelet_dim=64, initTLV=0.2)
Use GPU: cuda:0
>>>>>>>start training : ETTh1_336_720_DTFNet_ETTh1_ftM_sl336_ll0_pl720_dm128_nh16_el2_br2_dl1_df256_fc1_ebtimeF_dtTrue_'Exp'_0_'rel_sin'_16_8_16,24_8,12_3_1_256>>>>>>>>>>>>>>>>>>>>>>>>>>
train 7585
val 2161
test 2161
Epoch: 1 cost time: 1.5507891178131104
Epoch: 1, Steps: 29 | Train Loss: 0.1075416 Vali Loss: 0.1785894 Test Loss: 0.0998398
Validation loss decreased (inf --> 0.178589).  Saving model ...
Updating learning rate to 4.2635539919063106e-07
Epoch: 2 cost time: 1.1841089725494385
Epoch: 2, Steps: 29 | Train Loss: 0.1067832 Vali Loss: 0.1775935 Test Loss: 0.0990035
Validation loss decreased (0.178589 --> 0.177593).  Saving model ...
Updating learning rate to 5.051321771514831e-07
Epoch: 3 cost time: 1.1802258491516113
Epoch: 3, Steps: 29 | Train Loss: 0.1058210 Vali Loss: 0.1761354 Test Loss: 0.0981035
Validation loss decreased (0.177593 --> 0.176135).  Saving model ...
Updating learning rate to 6.354652532866785e-07
Epoch: 4 cost time: 1.1812562942504883
Epoch: 4, Steps: 29 | Train Loss: 0.1050159 Vali Loss: 0.1742072 Test Loss: 0.0971420
Validation loss decreased (0.176135 --> 0.174207).  Saving model ...
Updating learning rate to 8.159233858256806e-07
Epoch: 5 cost time: 1.1857755184173584
Epoch: 5, Steps: 29 | Train Loss: 0.1040214 Vali Loss: 0.1725660 Test Loss: 0.0961002
Validation loss decreased (0.174207 --> 0.172566).  Saving model ...
Updating learning rate to 1.0445248888850473e-06
Epoch: 6 cost time: 1.1823070049285889
Epoch: 6, Steps: 29 | Train Loss: 0.1029507 Vali Loss: 0.1702825 Test Loss: 0.0949486
Validation loss decreased (0.172566 --> 0.170283).  Saving model ...
Updating learning rate to 1.3187593941861497e-06
Epoch: 7 cost time: 1.1906509399414062
Epoch: 7, Steps: 29 | Train Loss: 0.1019391 Vali Loss: 0.1683832 Test Loss: 0.0936082
Validation loss decreased (0.170283 --> 0.168383).  Saving model ...
Updating learning rate to 1.6356154184543822e-06
Epoch: 8 cost time: 1.190798044204712
Epoch: 8, Steps: 29 | Train Loss: 0.1006727 Vali Loss: 0.1656846 Test Loss: 0.0920014
Validation loss decreased (0.168383 --> 0.165685).  Saving model ...
Updating learning rate to 1.9916134337707666e-06
Epoch: 9 cost time: 1.190037727355957
Epoch: 9, Steps: 29 | Train Loss: 0.0993849 Vali Loss: 0.1626052 Test Loss: 0.0899602
Validation loss decreased (0.165685 --> 0.162605).  Saving model ...
Updating learning rate to 2.3828440777166636e-06
Epoch: 10 cost time: 1.177461862564087
Epoch: 10, Steps: 29 | Train Loss: 0.0975230 Vali Loss: 0.1586118 Test Loss: 0.0871565
Validation loss decreased (0.162605 --> 0.158612).  Saving model ...
Updating learning rate to 2.805011083710071e-06
Epoch: 11 cost time: 1.1783998012542725
Epoch: 11, Steps: 29 | Train Loss: 0.0953200 Vali Loss: 0.1533460 Test Loss: 0.0832496
Validation loss decreased (0.158612 --> 0.153346).  Saving model ...
Updating learning rate to 3.2534784600976295e-06
Epoch: 12 cost time: 1.1820228099822998
Epoch: 12, Steps: 29 | Train Loss: 0.0926310 Vali Loss: 0.1476014 Test Loss: 0.0786611
Validation loss decreased (0.153346 --> 0.147601).  Saving model ...
Updating learning rate to 3.723321399909056e-06
Epoch: 13 cost time: 1.1676456928253174
Epoch: 13, Steps: 29 | Train Loss: 0.0900584 Vali Loss: 0.1425060 Test Loss: 0.0753449
Validation loss decreased (0.147601 --> 0.142506).  Saving model ...
Updating learning rate to 4.209380362212844e-06
Epoch: 14 cost time: 1.1914441585540771
Epoch: 14, Steps: 29 | Train Loss: 0.0880428 Vali Loss: 0.1390992 Test Loss: 0.0733724
Validation loss decreased (0.142506 --> 0.139099).  Saving model ...
Updating learning rate to 4.706317731183279e-06
Epoch: 15 cost time: 1.1939606666564941
Epoch: 15, Steps: 29 | Train Loss: 0.0862463 Vali Loss: 0.1360060 Test Loss: 0.0714189
Validation loss decreased (0.139099 --> 0.136006).  Saving model ...
Updating learning rate to 5.208676430682048e-06
Epoch: 16 cost time: 1.1890122890472412
Epoch: 16, Steps: 29 | Train Loss: 0.0846226 Vali Loss: 0.1334819 Test Loss: 0.0693496
Validation loss decreased (0.136006 --> 0.133482).  Saving model ...
Updating learning rate to 5.710939850683244e-06
Epoch: 17 cost time: 1.185901403427124
Epoch: 17, Steps: 29 | Train Loss: 0.0831434 Vali Loss: 0.1316963 Test Loss: 0.0677938
Validation loss decreased (0.133482 --> 0.131696).  Saving model ...
Updating learning rate to 6.207592427464792e-06
Epoch: 18 cost time: 1.1848132610321045
Epoch: 18, Steps: 29 | Train Loss: 0.0817606 Vali Loss: 0.1300683 Test Loss: 0.0662175
Validation loss decreased (0.131696 --> 0.130068).  Saving model ...
Updating learning rate to 6.693180212309968e-06
Epoch: 19 cost time: 1.184929370880127
Epoch: 19, Steps: 29 | Train Loss: 0.0805716 Vali Loss: 0.1285363 Test Loss: 0.0650071
Validation loss decreased (0.130068 --> 0.128536).  Saving model ...
Updating learning rate to 7.1623707635889015e-06
Epoch: 20 cost time: 1.1765241622924805
Epoch: 20, Steps: 29 | Train Loss: 0.0795347 Vali Loss: 0.1276746 Test Loss: 0.0639826
Validation loss decreased (0.128536 --> 0.127675).  Saving model ...
Updating learning rate to 7.610011704520164e-06
Epoch: 21 cost time: 1.1924660205841064
Epoch: 21, Steps: 29 | Train Loss: 0.0786173 Vali Loss: 0.1259711 Test Loss: 0.0632914
Validation loss decreased (0.127675 --> 0.125971).  Saving model ...
Updating learning rate to 8.031187303565295e-06
Epoch: 22 cost time: 1.1824767589569092
Epoch: 22, Steps: 29 | Train Loss: 0.0777821 Vali Loss: 0.1256092 Test Loss: 0.0625951
Validation loss decreased (0.125971 --> 0.125609).  Saving model ...
Updating learning rate to 8.421272456123378e-06
Epoch: 23 cost time: 1.1928398609161377
Epoch: 23, Steps: 29 | Train Loss: 0.0769190 Vali Loss: 0.1245024 Test Loss: 0.0616315
Validation loss decreased (0.125609 --> 0.124502).  Saving model ...
Updating learning rate to 8.775983474730246e-06
Epoch: 24 cost time: 1.186342477798462
Epoch: 24, Steps: 29 | Train Loss: 0.0760994 Vali Loss: 0.1238521 Test Loss: 0.0606322
Validation loss decreased (0.124502 --> 0.123852).  Saving model ...
Updating learning rate to 9.091425130013939e-06
Epoch: 25 cost time: 1.1757547855377197
Epoch: 25, Steps: 29 | Train Loss: 0.0753716 Vali Loss: 0.1229356 Test Loss: 0.0599681
Validation loss decreased (0.123852 --> 0.122936).  Saving model ...
Updating learning rate to 9.364133425830145e-06
Epoch: 26 cost time: 1.1859362125396729
Epoch: 26, Steps: 29 | Train Loss: 0.0745710 Vali Loss: 0.1219658 Test Loss: 0.0596038
Validation loss decreased (0.122936 --> 0.121966).  Saving model ...
Updating learning rate to 9.591113638846019e-06
Epoch: 27 cost time: 1.1804471015930176
Epoch: 27, Steps: 29 | Train Loss: 0.0738699 Vali Loss: 0.1213588 Test Loss: 0.0588356
Validation loss decreased (0.121966 --> 0.121359).  Saving model ...
Updating learning rate to 9.769873204843885e-06
Epoch: 28 cost time: 1.1845993995666504
Epoch: 28, Steps: 29 | Train Loss: 0.0730689 Vali Loss: 0.1199746 Test Loss: 0.0582554
Validation loss decreased (0.121359 --> 0.119975).  Saving model ...
Updating learning rate to 9.898449090606656e-06
Epoch: 29 cost time: 1.195183515548706
Epoch: 29, Steps: 29 | Train Loss: 0.0723647 Vali Loss: 0.1191910 Test Loss: 0.0577598
Validation loss decreased (0.119975 --> 0.119191).  Saving model ...
Updating learning rate to 9.975429350802846e-06
Epoch: 30 cost time: 1.1873688697814941
Epoch: 30, Steps: 29 | Train Loss: 0.0716505 Vali Loss: 0.1182908 Test Loss: 0.0569484
Validation loss decreased (0.119191 --> 0.118291).  Saving model ...
Updating learning rate to 9.99999401249548e-06
Epoch: 31 cost time: 1.1836576461791992
Epoch: 31, Steps: 29 | Train Loss: 0.0709102 Vali Loss: 0.1178706 Test Loss: 0.0562557
Validation loss decreased (0.118291 --> 0.117871).  Saving model ...
Updating learning rate to 9.994612212745642e-06
Epoch: 32 cost time: 1.1801538467407227
Epoch: 32, Steps: 29 | Train Loss: 0.0702420 Vali Loss: 0.1162777 Test Loss: 0.0564026
Validation loss decreased (0.117871 --> 0.116278).  Saving model ...
Updating learning rate to 9.979171968972798e-06
Epoch: 33 cost time: 1.174030065536499
Epoch: 33, Steps: 29 | Train Loss: 0.0695528 Vali Loss: 0.1166163 Test Loss: 0.0552196
EarlyStopping counter: 1 out of 10
Updating learning rate to 9.953704375773079e-06
Epoch: 34 cost time: 1.1741044521331787
Epoch: 34, Steps: 29 | Train Loss: 0.0688249 Vali Loss: 0.1151901 Test Loss: 0.0551304
Validation loss decreased (0.116278 --> 0.115190).  Saving model ...
Updating learning rate to 9.918260721489893e-06
Epoch: 35 cost time: 1.177344560623169
Epoch: 35, Steps: 29 | Train Loss: 0.0681838 Vali Loss: 0.1143232 Test Loss: 0.0545390
Validation loss decreased (0.115190 --> 0.114323).  Saving model ...
Updating learning rate to 9.872912384926035e-06
Epoch: 36 cost time: 1.1835198402404785
Epoch: 36, Steps: 29 | Train Loss: 0.0675057 Vali Loss: 0.1133422 Test Loss: 0.0544767
Validation loss decreased (0.114323 --> 0.113342).  Saving model ...
Updating learning rate to 9.817750691596265e-06
Epoch: 37 cost time: 1.1834349632263184
Epoch: 37, Steps: 29 | Train Loss: 0.0668669 Vali Loss: 0.1132086 Test Loss: 0.0534771
Validation loss decreased (0.113342 --> 0.113209).  Saving model ...
Updating learning rate to 9.752886729809889e-06
Epoch: 38 cost time: 1.1832451820373535
Epoch: 38, Steps: 29 | Train Loss: 0.0661843 Vali Loss: 0.1129339 Test Loss: 0.0531460
Validation loss decreased (0.113209 --> 0.112934).  Saving model ...
Updating learning rate to 9.678451126953676e-06
Epoch: 39 cost time: 1.1817998886108398
Epoch: 39, Steps: 29 | Train Loss: 0.0655625 Vali Loss: 0.1118269 Test Loss: 0.0528609
Validation loss decreased (0.112934 --> 0.111827).  Saving model ...
Updating learning rate to 9.594593786425696e-06
Epoch: 40 cost time: 1.1838657855987549
Epoch: 40, Steps: 29 | Train Loss: 0.0649142 Vali Loss: 0.1115563 Test Loss: 0.0522195
Validation loss decreased (0.111827 --> 0.111556).  Saving model ...
Updating learning rate to 9.501483585749811e-06
Epoch: 41 cost time: 1.1782662868499756
Epoch: 41, Steps: 29 | Train Loss: 0.0642923 Vali Loss: 0.1093915 Test Loss: 0.0523328
Validation loss decreased (0.111556 --> 0.109391).  Saving model ...
Updating learning rate to 9.399308036478838e-06
Epoch: 42 cost time: 1.1745762825012207
Epoch: 42, Steps: 29 | Train Loss: 0.0637724 Vali Loss: 0.1094727 Test Loss: 0.0517200
EarlyStopping counter: 1 out of 10
Updating learning rate to 9.288272906571216e-06
Epoch: 43 cost time: 1.1784422397613525
Epoch: 43, Steps: 29 | Train Loss: 0.0631288 Vali Loss: 0.1079199 Test Loss: 0.0518000
Validation loss decreased (0.109391 --> 0.107920).  Saving model ...
Updating learning rate to 9.16860180600173e-06
Epoch: 44 cost time: 1.1798665523529053
Epoch: 44, Steps: 29 | Train Loss: 0.0625355 Vali Loss: 0.1077673 Test Loss: 0.0511128
Validation loss decreased (0.107920 --> 0.107767).  Saving model ...
Updating learning rate to 9.040535736440785e-06
Epoch: 45 cost time: 1.1824493408203125
Epoch: 45, Steps: 29 | Train Loss: 0.0618712 Vali Loss: 0.1068077 Test Loss: 0.0505958
Validation loss decreased (0.107767 --> 0.106808).  Saving model ...
Updating learning rate to 8.904332605909106e-06
Epoch: 46 cost time: 1.1857786178588867
Epoch: 46, Steps: 29 | Train Loss: 0.0612992 Vali Loss: 0.1062461 Test Loss: 0.0505457
Validation loss decreased (0.106808 --> 0.106246).  Saving model ...
Updating learning rate to 8.760266709385311e-06
Epoch: 47 cost time: 1.184370756149292
Epoch: 47, Steps: 29 | Train Loss: 0.0607259 Vali Loss: 0.1058423 Test Loss: 0.0498613
Validation loss decreased (0.106246 --> 0.105842).  Saving model ...
Updating learning rate to 8.608628176412335e-06
Epoch: 48 cost time: 1.1737332344055176
Epoch: 48, Steps: 29 | Train Loss: 0.0601328 Vali Loss: 0.1050325 Test Loss: 0.0496724
Validation loss decreased (0.105842 --> 0.105033).  Saving model ...
Updating learning rate to 8.449722386815127e-06
Epoch: 49 cost time: 1.1809072494506836
Epoch: 49, Steps: 29 | Train Loss: 0.0596588 Vali Loss: 0.1049448 Test Loss: 0.0492420
Validation loss decreased (0.105033 --> 0.104945).  Saving model ...
Updating learning rate to 8.28386935570634e-06
Epoch: 50 cost time: 1.1806011199951172
Epoch: 50, Steps: 29 | Train Loss: 0.0590412 Vali Loss: 0.1035306 Test Loss: 0.0489812
Validation loss decreased (0.104945 --> 0.103531).  Saving model ...
Updating learning rate to 8.111403089018465e-06
Epoch: 51 cost time: 1.1782195568084717
Epoch: 51, Steps: 29 | Train Loss: 0.0585063 Vali Loss: 0.1021314 Test Loss: 0.0489869
Validation loss decreased (0.103531 --> 0.102131).  Saving model ...
Updating learning rate to 7.93267091086035e-06
Epoch: 52 cost time: 1.1827013492584229
Epoch: 52, Steps: 29 | Train Loss: 0.0579247 Vali Loss: 0.1015655 Test Loss: 0.0485478
Validation loss decreased (0.102131 --> 0.101565).  Saving model ...
Updating learning rate to 7.748032764052655e-06
Epoch: 53 cost time: 1.1769740581512451
Epoch: 53, Steps: 29 | Train Loss: 0.0574728 Vali Loss: 0.1012141 Test Loss: 0.0480715
Validation loss decreased (0.101565 --> 0.101214).  Saving model ...
Updating learning rate to 7.557860485250925e-06
Epoch: 54 cost time: 1.173935890197754
Epoch: 54, Steps: 29 | Train Loss: 0.0569507 Vali Loss: 0.1011072 Test Loss: 0.0476268
Validation loss decreased (0.101214 --> 0.101107).  Saving model ...
Updating learning rate to 7.362537056116034e-06
Epoch: 55 cost time: 1.174497127532959
Epoch: 55, Steps: 29 | Train Loss: 0.0565034 Vali Loss: 0.0998862 Test Loss: 0.0473006
Validation loss decreased (0.101107 --> 0.099886).  Saving model ...
Updating learning rate to 7.162455832040107e-06
Epoch: 56 cost time: 1.1775708198547363
Epoch: 56, Steps: 29 | Train Loss: 0.0560007 Vali Loss: 0.0994680 Test Loss: 0.0472509
Validation loss decreased (0.099886 --> 0.099468).  Saving model ...
Updating learning rate to 6.9580197499810984e-06
Epoch: 57 cost time: 1.1782374382019043
Epoch: 57, Steps: 29 | Train Loss: 0.0554766 Vali Loss: 0.0980263 Test Loss: 0.0470256
Validation loss decreased (0.099468 --> 0.098026).  Saving model ...
Updating learning rate to 6.7496405170013816e-06
Epoch: 58 cost time: 1.179382085800171
Epoch: 58, Steps: 29 | Train Loss: 0.0550094 Vali Loss: 0.0974236 Test Loss: 0.0464955
Validation loss decreased (0.098026 --> 0.097424).  Saving model ...
Updating learning rate to 6.537737781144523e-06
Epoch: 59 cost time: 1.1829116344451904
Epoch: 59, Steps: 29 | Train Loss: 0.0544967 Vali Loss: 0.0966233 Test Loss: 0.0464080
Validation loss decreased (0.097424 --> 0.096623).  Saving model ...
Updating learning rate to 6.322738286319964e-06
Epoch: 60 cost time: 1.1876728534698486
Epoch: 60, Steps: 29 | Train Loss: 0.0540240 Vali Loss: 0.0972263 Test Loss: 0.0455847
EarlyStopping counter: 1 out of 10
Updating learning rate to 6.105075012897585e-06
Epoch: 61 cost time: 1.1799030303955078
Epoch: 61, Steps: 29 | Train Loss: 0.0535591 Vali Loss: 0.0959456 Test Loss: 0.0453853
Validation loss decreased (0.096623 --> 0.095946).  Saving model ...
Updating learning rate to 5.885186305742857e-06
Epoch: 62 cost time: 1.1843039989471436
Epoch: 62, Steps: 29 | Train Loss: 0.0530875 Vali Loss: 0.0949313 Test Loss: 0.0454172
Validation loss decreased (0.095946 --> 0.094931).  Saving model ...
Updating learning rate to 5.6635149914486225e-06
Epoch: 63 cost time: 1.1774423122406006
Epoch: 63, Steps: 29 | Train Loss: 0.0525919 Vali Loss: 0.0942068 Test Loss: 0.0449708
Validation loss decreased (0.094931 --> 0.094207).  Saving model ...
Updating learning rate to 5.440507486541268e-06
Epoch: 64 cost time: 1.1710550785064697
Epoch: 64, Steps: 29 | Train Loss: 0.0521670 Vali Loss: 0.0937055 Test Loss: 0.0446645
Validation loss decreased (0.094207 --> 0.093706).  Saving model ...
Updating learning rate to 5.216612898457253e-06
Epoch: 65 cost time: 1.17732834815979
Epoch: 65, Steps: 29 | Train Loss: 0.0517520 Vali Loss: 0.0929937 Test Loss: 0.0443943
Validation loss decreased (0.093706 --> 0.092994).  Saving model ...
Updating learning rate to 4.992282121100496e-06
Epoch: 66 cost time: 1.176959753036499
Epoch: 66, Steps: 29 | Train Loss: 0.0513308 Vali Loss: 0.0922533 Test Loss: 0.0440899
Validation loss decreased (0.092994 --> 0.092253).  Saving model ...
Updating learning rate to 4.767966926802067e-06
Epoch: 67 cost time: 1.177257776260376
Epoch: 67, Steps: 29 | Train Loss: 0.0509208 Vali Loss: 0.0915860 Test Loss: 0.0437942
Validation loss decreased (0.092253 --> 0.091586).  Saving model ...
Updating learning rate to 4.5441190565108235e-06
Epoch: 68 cost time: 1.1730470657348633
Epoch: 68, Steps: 29 | Train Loss: 0.0505047 Vali Loss: 0.0908084 Test Loss: 0.0435063
Validation loss decreased (0.091586 --> 0.090808).  Saving model ...
Updating learning rate to 4.3211893100472735e-06
Epoch: 69 cost time: 1.1762580871582031
Epoch: 69, Steps: 29 | Train Loss: 0.0500482 Vali Loss: 0.0903532 Test Loss: 0.0431838
Validation loss decreased (0.090808 --> 0.090353).  Saving model ...
Updating learning rate to 4.099626638252712e-06
Epoch: 70 cost time: 1.1739938259124756
Epoch: 70, Steps: 29 | Train Loss: 0.0496305 Vali Loss: 0.0898056 Test Loss: 0.0428045
Validation loss decreased (0.090353 --> 0.089806).  Saving model ...
Updating learning rate to 3.879877238861997e-06
Epoch: 71 cost time: 1.1808161735534668
Epoch: 71, Steps: 29 | Train Loss: 0.0491959 Vali Loss: 0.0890311 Test Loss: 0.0425285
Validation loss decreased (0.089806 --> 0.089031).  Saving model ...
Updating learning rate to 3.662383657920668e-06
Epoch: 72 cost time: 1.1768503189086914
Epoch: 72, Steps: 29 | Train Loss: 0.0488318 Vali Loss: 0.0884965 Test Loss: 0.0422095
Validation loss decreased (0.089031 --> 0.088496).  Saving model ...
Updating learning rate to 3.447583898556124e-06
Epoch: 73 cost time: 1.1758687496185303
Epoch: 73, Steps: 29 | Train Loss: 0.0484200 Vali Loss: 0.0876349 Test Loss: 0.0419096
Validation loss decreased (0.088496 --> 0.087635).  Saving model ...
Updating learning rate to 3.2359105388976132e-06
Epoch: 74 cost time: 1.1769726276397705
Epoch: 74, Steps: 29 | Train Loss: 0.0480605 Vali Loss: 0.0872314 Test Loss: 0.0415840
Validation loss decreased (0.087635 --> 0.087231).  Saving model ...
Updating learning rate to 3.027789860921434e-06
Epoch: 75 cost time: 1.1720607280731201
Epoch: 75, Steps: 29 | Train Loss: 0.0476911 Vali Loss: 0.0864207 Test Loss: 0.0413201
Validation loss decreased (0.087231 --> 0.086421).  Saving model ...
Updating learning rate to 2.8236409919757893e-06
Epoch: 76 cost time: 1.1793148517608643
Epoch: 76, Steps: 29 | Train Loss: 0.0472825 Vali Loss: 0.0858248 Test Loss: 0.0409911
Validation loss decreased (0.086421 --> 0.085825).  Saving model ...
Updating learning rate to 2.6238750607140637e-06
Epoch: 77 cost time: 1.1699268817901611
Epoch: 77, Steps: 29 | Train Loss: 0.0468847 Vali Loss: 0.0850653 Test Loss: 0.0407314
Validation loss decreased (0.085825 --> 0.085065).  Saving model ...
Updating learning rate to 2.4288943691364434e-06
Epoch: 78 cost time: 1.1755869388580322
Epoch: 78, Steps: 29 | Train Loss: 0.0465251 Vali Loss: 0.0847703 Test Loss: 0.0403785
Validation loss decreased (0.085065 --> 0.084770).  Saving model ...
Updating learning rate to 2.2390915824072217e-06
Epoch: 79 cost time: 1.174443244934082
Epoch: 79, Steps: 29 | Train Loss: 0.0461629 Vali Loss: 0.0838618 Test Loss: 0.0400984
Validation loss decreased (0.084770 --> 0.083862).  Saving model ...
Updating learning rate to 2.0548489380794217e-06
Epoch: 80 cost time: 1.177030086517334
Epoch: 80, Steps: 29 | Train Loss: 0.0457898 Vali Loss: 0.0832643 Test Loss: 0.0397876
Validation loss decreased (0.083862 --> 0.083264).  Saving model ...
Updating learning rate to 1.876537476319218e-06
Epoch: 81 cost time: 1.177368402481079
Epoch: 81, Steps: 29 | Train Loss: 0.0454711 Vali Loss: 0.0829607 Test Loss: 0.0397305
Validation loss decreased (0.083264 --> 0.082961).  Saving model ...
Updating learning rate to 1.7045162926804444e-06
Epoch: 82 cost time: 1.1713788509368896
Epoch: 82, Steps: 29 | Train Loss: 0.0454828 Vali Loss: 0.0830790 Test Loss: 0.0397568
EarlyStopping counter: 1 out of 10
Updating learning rate to 1.5391318149339123e-06
Epoch: 83 cost time: 1.1746001243591309
Epoch: 83, Steps: 29 | Train Loss: 0.0454497 Vali Loss: 0.0829843 Test Loss: 0.0398133
EarlyStopping counter: 2 out of 10
Updating learning rate to 1.3807171054080036e-06
Epoch: 84 cost time: 1.1738603115081787
Epoch: 84, Steps: 29 | Train Loss: 0.0454361 Vali Loss: 0.0829659 Test Loss: 0.0398206
EarlyStopping counter: 3 out of 10
Updating learning rate to 1.2295911902454577e-06
Epoch: 85 cost time: 1.1773302555084229
Epoch: 85, Steps: 29 | Train Loss: 0.0454658 Vali Loss: 0.0831558 Test Loss: 0.0397649
EarlyStopping counter: 4 out of 10
Updating learning rate to 1.0860584169271784e-06
Epoch: 86 cost time: 1.1800627708435059
Epoch: 86, Steps: 29 | Train Loss: 0.0454740 Vali Loss: 0.0831579 Test Loss: 0.0397625
EarlyStopping counter: 5 out of 10
Updating learning rate to 9.504078413569088e-07
Epoch: 87 cost time: 1.167546272277832
Epoch: 87, Steps: 29 | Train Loss: 0.0454358 Vali Loss: 0.0830066 Test Loss: 0.0398070
EarlyStopping counter: 6 out of 10
Updating learning rate to 8.229126457411124e-07
Epoch: 88 cost time: 1.1729297637939453
Epoch: 88, Steps: 29 | Train Loss: 0.0454522 Vali Loss: 0.0831072 Test Loss: 0.0397762
EarlyStopping counter: 7 out of 10
Updating learning rate to 7.038295884363647e-07
Epoch: 89 cost time: 1.1730625629425049
Epoch: 89, Steps: 29 | Train Loss: 0.0454190 Vali Loss: 0.0829066 Test Loss: 0.0398055
Validation loss decreased (0.082961 --> 0.082907).  Saving model ...
Updating learning rate to 5.933984868721898e-07
Epoch: 90 cost time: 1.1789929866790771
Epoch: 90, Steps: 29 | Train Loss: 0.0454630 Vali Loss: 0.0831699 Test Loss: 0.0398008
EarlyStopping counter: 1 out of 10
Updating learning rate to 4.918417345906772e-07
Epoch: 91 cost time: 1.1769134998321533
Epoch: 91, Steps: 29 | Train Loss: 0.0454272 Vali Loss: 0.0833624 Test Loss: 0.0398113
EarlyStopping counter: 2 out of 10
Updating learning rate to 3.9936385337548097e-07
Epoch: 92 cost time: 1.1740622520446777
Epoch: 92, Steps: 29 | Train Loss: 0.0454312 Vali Loss: 0.0832189 Test Loss: 0.0397707
EarlyStopping counter: 3 out of 10
Updating learning rate to 3.161510813721721e-07
Epoch: 93 cost time: 1.1791231632232666
Epoch: 93, Steps: 29 | Train Loss: 0.0454551 Vali Loss: 0.0831857 Test Loss: 0.0398133
EarlyStopping counter: 4 out of 10
Updating learning rate to 2.4237099802938663e-07
Epoch: 94 cost time: 1.174504041671753
Epoch: 94, Steps: 29 | Train Loss: 0.0454118 Vali Loss: 0.0835192 Test Loss: 0.0398100
EarlyStopping counter: 5 out of 10
Updating learning rate to 1.7817218661613333e-07
Epoch: 95 cost time: 1.1778614521026611
Epoch: 95, Steps: 29 | Train Loss: 0.0453799 Vali Loss: 0.0831100 Test Loss: 0.0398251
EarlyStopping counter: 6 out of 10
Updating learning rate to 1.236839349948492e-07
Epoch: 96 cost time: 1.1764380931854248
Epoch: 96, Steps: 29 | Train Loss: 0.0453743 Vali Loss: 0.0832456 Test Loss: 0.0397935
EarlyStopping counter: 7 out of 10
Updating learning rate to 7.90159752528609e-08
Epoch: 97 cost time: 1.1750719547271729
Epoch: 97, Steps: 29 | Train Loss: 0.0454103 Vali Loss: 0.0832377 Test Loss: 0.0398017
EarlyStopping counter: 8 out of 10
Updating learning rate to 4.425826271655888e-08
Epoch: 98 cost time: 1.1785848140716553
Epoch: 98, Steps: 29 | Train Loss: 0.0454004 Vali Loss: 0.0830895 Test Loss: 0.0398188
EarlyStopping counter: 9 out of 10
Updating learning rate to 1.948079479334324e-08
Epoch: 99 cost time: 1.179408073425293
Epoch: 99, Steps: 29 | Train Loss: 0.0453710 Vali Loss: 0.0833766 Test Loss: 0.0398119
EarlyStopping counter: 10 out of 10
Early stopping
>>>>>>>testing : ETTh1_336_720_DTFNet_ETTh1_ftM_sl336_ll0_pl720_dm128_nh16_el2_br2_dl1_df256_fc1_ebtimeF_dtTrue_'Exp'_0_'rel_sin'_16_8_16,24_8,12_3_1_256<<<<<<<<<<<<<<<<<<<<<<<<<<<<<<<<<
test 2161
mse:0.4199892580509186, mae:0.44494250416755676, rse:0.622449517250061
