Args in experiment:
Namespace(is_training=1, model_id='ETTh1_336_720', model='DTFNet', data='ETTh1', root_path='./dataset/', data_path='ETTh1.csv', features='M', target='OT', freq='h', checkpoints='./checkpoints/', seq_len=336, label_len=0, pred_len=720, n_branches=2, patch_len_ls='16,24', stride_ls='8,12', d_model_ls='128', n_heads_ls='16', rel_pe="'rel_sin'", res_attn=False, head_type='flatten', fc_dropout=0.3, head_dropout=0.1, patch_len=16, stride=8, padding_patch="'end'", revin=1, affine=0, subtract_last=0, decomposition=0, kernel_size=25, individual=0, store_attn=False, pre_norm=False, pe='zeros', no_learn_pe=True, embed_type=0, enc_in=7, dec_in=7, c_out=7, d_model=128, n_heads=16, e_layers=2, d_layers=1, d_ff=256, moving_avg=25, factor=1, distil=True, dropout=0.3, embed='timeF', activation='gelu', output_attention=False, do_predict=False, num_workers=0, itr=1, train_epochs=100, batch_size=256, patience=10, learning_rate=1e-05, des="'Exp'", loss='mse', lradj='TST', pct_start=0.3, use_amp=False, l2=0.0, warmup_steps=0, use_gpu=True, gpu=0, use_multi_gpu=False, devices='0', test_flop=False, use_mlflow=False, mlflow_project='exp', loss_flag=2, sub_patch_len=16, sub_stride=8, stride_ls_list='16', model_type='linear', tfactor=3, dilation_rates='1', wavelet_layers=2, wavelet_type='db5', wavelet_mode='periodization', wavelet_dim=64, initTLV=0.2)
Use GPU: cuda:0
>>>>>>>start training : ETTh1_336_720_DTFNet_ETTh1_ftM_sl336_ll0_pl720_dm128_nh16_el2_br2_dl1_df256_fc1_ebtimeF_dtTrue_'Exp'_0_'rel_sin'_16_8_16,24_8,12_3_1_256>>>>>>>>>>>>>>>>>>>>>>>>>>
train 7585
val 2161
test 2161
Epoch: 1 cost time: 1.5709903240203857
Epoch: 1, Steps: 29 | Train Loss: 0.1075998 Vali Loss: 0.1789306 Test Loss: 0.0997486
Validation loss decreased (inf --> 0.178931).  Saving model ...
Updating learning rate to 4.2635539919063106e-07
Epoch: 2 cost time: 1.190662145614624
Epoch: 2, Steps: 29 | Train Loss: 0.1067358 Vali Loss: 0.1774986 Test Loss: 0.0989309
Validation loss decreased (0.178931 --> 0.177499).  Saving model ...
Updating learning rate to 5.051321771514831e-07
Epoch: 3 cost time: 1.1991806030273438
Epoch: 3, Steps: 29 | Train Loss: 0.1059072 Vali Loss: 0.1756251 Test Loss: 0.0980414
Validation loss decreased (0.177499 --> 0.175625).  Saving model ...
Updating learning rate to 6.354652532866785e-07
Epoch: 4 cost time: 1.1625781059265137
Epoch: 4, Steps: 29 | Train Loss: 0.1049623 Vali Loss: 0.1743111 Test Loss: 0.0970927
Validation loss decreased (0.175625 --> 0.174311).  Saving model ...
Updating learning rate to 8.159233858256806e-07
Epoch: 5 cost time: 1.1935479640960693
Epoch: 5, Steps: 29 | Train Loss: 0.1039671 Vali Loss: 0.1722129 Test Loss: 0.0960675
Validation loss decreased (0.174311 --> 0.172213).  Saving model ...
Updating learning rate to 1.0445248888850473e-06
Epoch: 6 cost time: 1.193397045135498
Epoch: 6, Steps: 29 | Train Loss: 0.1030047 Vali Loss: 0.1703740 Test Loss: 0.0949186
Validation loss decreased (0.172213 --> 0.170374).  Saving model ...
Updating learning rate to 1.3187593941861497e-06
Epoch: 7 cost time: 1.19826078414917
Epoch: 7, Steps: 29 | Train Loss: 0.1018968 Vali Loss: 0.1683573 Test Loss: 0.0936126
Validation loss decreased (0.170374 --> 0.168357).  Saving model ...
Updating learning rate to 1.6356154184543822e-06
Epoch: 8 cost time: 1.1964333057403564
Epoch: 8, Steps: 29 | Train Loss: 0.1006898 Vali Loss: 0.1661860 Test Loss: 0.0920449
Validation loss decreased (0.168357 --> 0.166186).  Saving model ...
Updating learning rate to 1.9916134337707666e-06
Epoch: 9 cost time: 1.1900196075439453
Epoch: 9, Steps: 29 | Train Loss: 0.0993685 Vali Loss: 0.1631059 Test Loss: 0.0900236
Validation loss decreased (0.166186 --> 0.163106).  Saving model ...
Updating learning rate to 2.3828440777166636e-06
Epoch: 10 cost time: 1.1924405097961426
Epoch: 10, Steps: 29 | Train Loss: 0.0975683 Vali Loss: 0.1591073 Test Loss: 0.0872865
Validation loss decreased (0.163106 --> 0.159107).  Saving model ...
Updating learning rate to 2.805011083710071e-06
Epoch: 11 cost time: 1.191514015197754
Epoch: 11, Steps: 29 | Train Loss: 0.0953074 Vali Loss: 0.1537180 Test Loss: 0.0834936
Validation loss decreased (0.159107 --> 0.153718).  Saving model ...
Updating learning rate to 3.2534784600976295e-06
Epoch: 12 cost time: 1.1934890747070312
Epoch: 12, Steps: 29 | Train Loss: 0.0927629 Vali Loss: 0.1480803 Test Loss: 0.0789328
Validation loss decreased (0.153718 --> 0.148080).  Saving model ...
Updating learning rate to 3.723321399909056e-06
Epoch: 13 cost time: 1.1857411861419678
Epoch: 13, Steps: 29 | Train Loss: 0.0900631 Vali Loss: 0.1429136 Test Loss: 0.0756198
Validation loss decreased (0.148080 --> 0.142914).  Saving model ...
Updating learning rate to 4.209380362212844e-06
Epoch: 14 cost time: 1.1644384860992432
Epoch: 14, Steps: 29 | Train Loss: 0.0880970 Vali Loss: 0.1392267 Test Loss: 0.0736073
Validation loss decreased (0.142914 --> 0.139227).  Saving model ...
Updating learning rate to 4.706317731183279e-06
Epoch: 15 cost time: 1.191343069076538
Epoch: 15, Steps: 29 | Train Loss: 0.0863439 Vali Loss: 0.1366973 Test Loss: 0.0715477
Validation loss decreased (0.139227 --> 0.136697).  Saving model ...
Updating learning rate to 5.208676430682048e-06
Epoch: 16 cost time: 1.1941514015197754
Epoch: 16, Steps: 29 | Train Loss: 0.0846941 Vali Loss: 0.1341749 Test Loss: 0.0695147
Validation loss decreased (0.136697 --> 0.134175).  Saving model ...
Updating learning rate to 5.710939850683244e-06
Epoch: 17 cost time: 1.1964051723480225
Epoch: 17, Steps: 29 | Train Loss: 0.0830968 Vali Loss: 0.1320444 Test Loss: 0.0676254
Validation loss decreased (0.134175 --> 0.132044).  Saving model ...
Updating learning rate to 6.207592427464792e-06
Epoch: 18 cost time: 1.1893870830535889
Epoch: 18, Steps: 29 | Train Loss: 0.0817924 Vali Loss: 0.1303196 Test Loss: 0.0663855
Validation loss decreased (0.132044 --> 0.130320).  Saving model ...
Updating learning rate to 6.693180212309968e-06
Epoch: 19 cost time: 1.1896865367889404
Epoch: 19, Steps: 29 | Train Loss: 0.0806162 Vali Loss: 0.1288437 Test Loss: 0.0650030
Validation loss decreased (0.130320 --> 0.128844).  Saving model ...
Updating learning rate to 7.1623707635889015e-06
Epoch: 20 cost time: 1.1927597522735596
Epoch: 20, Steps: 29 | Train Loss: 0.0796212 Vali Loss: 0.1282498 Test Loss: 0.0643338
Validation loss decreased (0.128844 --> 0.128250).  Saving model ...
Updating learning rate to 7.610011704520164e-06
Epoch: 21 cost time: 1.1890835762023926
Epoch: 21, Steps: 29 | Train Loss: 0.0787425 Vali Loss: 0.1271238 Test Loss: 0.0631497
Validation loss decreased (0.128250 --> 0.127124).  Saving model ...
Updating learning rate to 8.031187303565295e-06
Epoch: 22 cost time: 1.1900708675384521
Epoch: 22, Steps: 29 | Train Loss: 0.0778017 Vali Loss: 0.1255002 Test Loss: 0.0628757
Validation loss decreased (0.127124 --> 0.125500).  Saving model ...
Updating learning rate to 8.421272456123378e-06
Epoch: 23 cost time: 1.1902251243591309
Epoch: 23, Steps: 29 | Train Loss: 0.0769913 Vali Loss: 0.1251591 Test Loss: 0.0615203
Validation loss decreased (0.125500 --> 0.125159).  Saving model ...
Updating learning rate to 8.775983474730246e-06
Epoch: 24 cost time: 1.1882331371307373
Epoch: 24, Steps: 29 | Train Loss: 0.0761778 Vali Loss: 0.1241658 Test Loss: 0.0609222
Validation loss decreased (0.125159 --> 0.124166).  Saving model ...
Updating learning rate to 9.091425130013939e-06
Epoch: 25 cost time: 1.1853652000427246
Epoch: 25, Steps: 29 | Train Loss: 0.0753247 Vali Loss: 0.1229399 Test Loss: 0.0604110
Validation loss decreased (0.124166 --> 0.122940).  Saving model ...
Updating learning rate to 9.364133425830145e-06
Epoch: 26 cost time: 1.1946420669555664
Epoch: 26, Steps: 29 | Train Loss: 0.0745456 Vali Loss: 0.1221145 Test Loss: 0.0595030
Validation loss decreased (0.122940 --> 0.122114).  Saving model ...
Updating learning rate to 9.591113638846019e-06
Epoch: 27 cost time: 1.1942334175109863
Epoch: 27, Steps: 29 | Train Loss: 0.0737999 Vali Loss: 0.1214400 Test Loss: 0.0588836
Validation loss decreased (0.122114 --> 0.121440).  Saving model ...
Updating learning rate to 9.769873204843885e-06
Epoch: 28 cost time: 1.1677358150482178
Epoch: 28, Steps: 29 | Train Loss: 0.0729554 Vali Loss: 0.1205211 Test Loss: 0.0583128
Validation loss decreased (0.121440 --> 0.120521).  Saving model ...
Updating learning rate to 9.898449090606656e-06
Epoch: 29 cost time: 1.1925172805786133
Epoch: 29, Steps: 29 | Train Loss: 0.0722856 Vali Loss: 0.1194033 Test Loss: 0.0579165
Validation loss decreased (0.120521 --> 0.119403).  Saving model ...
Updating learning rate to 9.975429350802846e-06
Epoch: 30 cost time: 1.1916275024414062
Epoch: 30, Steps: 29 | Train Loss: 0.0715054 Vali Loss: 0.1185943 Test Loss: 0.0574035
Validation loss decreased (0.119403 --> 0.118594).  Saving model ...
Updating learning rate to 9.99999401249548e-06
Epoch: 31 cost time: 1.1889660358428955
Epoch: 31, Steps: 29 | Train Loss: 0.0708700 Vali Loss: 0.1176742 Test Loss: 0.0570473
Validation loss decreased (0.118594 --> 0.117674).  Saving model ...
Updating learning rate to 9.994612212745642e-06
Epoch: 32 cost time: 1.1850974559783936
Epoch: 32, Steps: 29 | Train Loss: 0.0701022 Vali Loss: 0.1166422 Test Loss: 0.0566386
Validation loss decreased (0.117674 --> 0.116642).  Saving model ...
Updating learning rate to 9.979171968972798e-06
Epoch: 33 cost time: 1.188793420791626
Epoch: 33, Steps: 29 | Train Loss: 0.0694356 Vali Loss: 0.1158055 Test Loss: 0.0560781
Validation loss decreased (0.116642 --> 0.115806).  Saving model ...
Updating learning rate to 9.953704375773079e-06
Epoch: 34 cost time: 1.1942474842071533
Epoch: 34, Steps: 29 | Train Loss: 0.0686635 Vali Loss: 0.1153648 Test Loss: 0.0558375
Validation loss decreased (0.115806 --> 0.115365).  Saving model ...
Updating learning rate to 9.918260721489893e-06
Epoch: 35 cost time: 1.1860623359680176
Epoch: 35, Steps: 29 | Train Loss: 0.0680193 Vali Loss: 0.1139429 Test Loss: 0.0552465
Validation loss decreased (0.115365 --> 0.113943).  Saving model ...
Updating learning rate to 9.872912384926035e-06
Epoch: 36 cost time: 1.189413070678711
Epoch: 36, Steps: 29 | Train Loss: 0.0673855 Vali Loss: 0.1141136 Test Loss: 0.0543615
EarlyStopping counter: 1 out of 10
Updating learning rate to 9.817750691596265e-06
Epoch: 37 cost time: 1.185840129852295
Epoch: 37, Steps: 29 | Train Loss: 0.0666967 Vali Loss: 0.1143622 Test Loss: 0.0538841
EarlyStopping counter: 2 out of 10
Updating learning rate to 9.752886729809889e-06
Epoch: 38 cost time: 1.1913723945617676
Epoch: 38, Steps: 29 | Train Loss: 0.0660236 Vali Loss: 0.1126811 Test Loss: 0.0539264
Validation loss decreased (0.113943 --> 0.112681).  Saving model ...
Updating learning rate to 9.678451126953676e-06
Epoch: 39 cost time: 1.1880204677581787
Epoch: 39, Steps: 29 | Train Loss: 0.0654341 Vali Loss: 0.1111102 Test Loss: 0.0537741
Validation loss decreased (0.112681 --> 0.111110).  Saving model ...
Updating learning rate to 9.594593786425696e-06
Epoch: 40 cost time: 1.186277151107788
Epoch: 40, Steps: 29 | Train Loss: 0.0647748 Vali Loss: 0.1109309 Test Loss: 0.0531794
Validation loss decreased (0.111110 --> 0.110931).  Saving model ...
Updating learning rate to 9.501483585749811e-06
Epoch: 41 cost time: 1.1925880908966064
Epoch: 41, Steps: 29 | Train Loss: 0.0641319 Vali Loss: 0.1103619 Test Loss: 0.0523622
Validation loss decreased (0.110931 --> 0.110362).  Saving model ...
Updating learning rate to 9.399308036478838e-06
Epoch: 42 cost time: 1.1923789978027344
Epoch: 42, Steps: 29 | Train Loss: 0.0634571 Vali Loss: 0.1098844 Test Loss: 0.0519609
Validation loss decreased (0.110362 --> 0.109884).  Saving model ...
Updating learning rate to 9.288272906571216e-06
Epoch: 43 cost time: 1.184255838394165
Epoch: 43, Steps: 29 | Train Loss: 0.0628658 Vali Loss: 0.1085548 Test Loss: 0.0518896
Validation loss decreased (0.109884 --> 0.108555).  Saving model ...
Updating learning rate to 9.16860180600173e-06
Epoch: 44 cost time: 1.1898705959320068
Epoch: 44, Steps: 29 | Train Loss: 0.0623170 Vali Loss: 0.1078256 Test Loss: 0.0513942
Validation loss decreased (0.108555 --> 0.107826).  Saving model ...
Updating learning rate to 9.040535736440785e-06
Epoch: 45 cost time: 1.1864137649536133
Epoch: 45, Steps: 29 | Train Loss: 0.0617535 Vali Loss: 0.1067340 Test Loss: 0.0511690
Validation loss decreased (0.107826 --> 0.106734).  Saving model ...
Updating learning rate to 8.904332605909106e-06
Epoch: 46 cost time: 1.1896607875823975
Epoch: 46, Steps: 29 | Train Loss: 0.0610742 Vali Loss: 0.1062812 Test Loss: 0.0504920
Validation loss decreased (0.106734 --> 0.106281).  Saving model ...
Updating learning rate to 8.760266709385311e-06
Epoch: 47 cost time: 1.1887128353118896
Epoch: 47, Steps: 29 | Train Loss: 0.0605320 Vali Loss: 0.1051952 Test Loss: 0.0503541
Validation loss decreased (0.106281 --> 0.105195).  Saving model ...
Updating learning rate to 8.608628176412335e-06
Epoch: 48 cost time: 1.183393955230713
Epoch: 48, Steps: 29 | Train Loss: 0.0599735 Vali Loss: 0.1046497 Test Loss: 0.0498688
Validation loss decreased (0.105195 --> 0.104650).  Saving model ...
Updating learning rate to 8.449722386815127e-06
Epoch: 49 cost time: 1.1882226467132568
Epoch: 49, Steps: 29 | Train Loss: 0.0594173 Vali Loss: 0.1042053 Test Loss: 0.0495948
Validation loss decreased (0.104650 --> 0.104205).  Saving model ...
Updating learning rate to 8.28386935570634e-06
Epoch: 50 cost time: 1.1883678436279297
Epoch: 50, Steps: 29 | Train Loss: 0.0588898 Vali Loss: 0.1036383 Test Loss: 0.0491436
Validation loss decreased (0.104205 --> 0.103638).  Saving model ...
Updating learning rate to 8.111403089018465e-06
Epoch: 51 cost time: 1.197319746017456
Epoch: 51, Steps: 29 | Train Loss: 0.0583146 Vali Loss: 0.1029696 Test Loss: 0.0487329
Validation loss decreased (0.103638 --> 0.102970).  Saving model ...
Updating learning rate to 7.93267091086035e-06
Epoch: 52 cost time: 1.1988239288330078
Epoch: 52, Steps: 29 | Train Loss: 0.0577743 Vali Loss: 0.1014060 Test Loss: 0.0487827
Validation loss decreased (0.102970 --> 0.101406).  Saving model ...
Updating learning rate to 7.748032764052655e-06
Epoch: 53 cost time: 1.190476655960083
Epoch: 53, Steps: 29 | Train Loss: 0.0571958 Vali Loss: 0.1005051 Test Loss: 0.0484278
Validation loss decreased (0.101406 --> 0.100505).  Saving model ...
Updating learning rate to 7.557860485250925e-06
Epoch: 54 cost time: 1.1880927085876465
Epoch: 54, Steps: 29 | Train Loss: 0.0567331 Vali Loss: 0.1010022 Test Loss: 0.0477905
EarlyStopping counter: 1 out of 10
Updating learning rate to 7.362537056116034e-06
Epoch: 55 cost time: 1.1818506717681885
Epoch: 55, Steps: 29 | Train Loss: 0.0561810 Vali Loss: 0.0995366 Test Loss: 0.0476362
Validation loss decreased (0.100505 --> 0.099537).  Saving model ...
Updating learning rate to 7.162455832040107e-06
Epoch: 56 cost time: 1.1856014728546143
Epoch: 56, Steps: 29 | Train Loss: 0.0557359 Vali Loss: 0.0995895 Test Loss: 0.0469537
EarlyStopping counter: 1 out of 10
Updating learning rate to 6.9580197499810984e-06
Epoch: 57 cost time: 1.1833546161651611
Epoch: 57, Steps: 29 | Train Loss: 0.0552256 Vali Loss: 0.0977008 Test Loss: 0.0470369
Validation loss decreased (0.099537 --> 0.097701).  Saving model ...
Updating learning rate to 6.7496405170013816e-06
Epoch: 58 cost time: 1.1959216594696045
Epoch: 58, Steps: 29 | Train Loss: 0.0546893 Vali Loss: 0.0976430 Test Loss: 0.0464758
Validation loss decreased (0.097701 --> 0.097643).  Saving model ...
Updating learning rate to 6.537737781144523e-06
Epoch: 59 cost time: 1.188645839691162
Epoch: 59, Steps: 29 | Train Loss: 0.0542427 Vali Loss: 0.0968656 Test Loss: 0.0461551
Validation loss decreased (0.097643 --> 0.096866).  Saving model ...
Updating learning rate to 6.322738286319964e-06
Epoch: 60 cost time: 1.1911561489105225
Epoch: 60, Steps: 29 | Train Loss: 0.0537945 Vali Loss: 0.0962013 Test Loss: 0.0458077
Validation loss decreased (0.096866 --> 0.096201).  Saving model ...
Updating learning rate to 6.105075012897585e-06
Epoch: 61 cost time: 1.181727647781372
Epoch: 61, Steps: 29 | Train Loss: 0.0533139 Vali Loss: 0.0954354 Test Loss: 0.0455557
Validation loss decreased (0.096201 --> 0.095435).  Saving model ...
Updating learning rate to 5.885186305742857e-06
Epoch: 62 cost time: 1.1939103603363037
Epoch: 62, Steps: 29 | Train Loss: 0.0527882 Vali Loss: 0.0942385 Test Loss: 0.0453779
Validation loss decreased (0.095435 --> 0.094239).  Saving model ...
Updating learning rate to 5.6635149914486225e-06
Epoch: 63 cost time: 1.1866614818572998
Epoch: 63, Steps: 29 | Train Loss: 0.0523819 Vali Loss: 0.0932247 Test Loss: 0.0452029
Validation loss decreased (0.094239 --> 0.093225).  Saving model ...
Updating learning rate to 5.440507486541268e-06
Epoch: 64 cost time: 1.1919777393341064
Epoch: 64, Steps: 29 | Train Loss: 0.0519184 Vali Loss: 0.0931218 Test Loss: 0.0446853
Validation loss decreased (0.093225 --> 0.093122).  Saving model ...
Updating learning rate to 5.216612898457253e-06
Epoch: 65 cost time: 1.197134256362915
Epoch: 65, Steps: 29 | Train Loss: 0.0515188 Vali Loss: 0.0926441 Test Loss: 0.0444412
Validation loss decreased (0.093122 --> 0.092644).  Saving model ...
Updating learning rate to 4.992282121100496e-06
Epoch: 66 cost time: 1.1930489540100098
Epoch: 66, Steps: 29 | Train Loss: 0.0510851 Vali Loss: 0.0917304 Test Loss: 0.0439731
Validation loss decreased (0.092644 --> 0.091730).  Saving model ...
Updating learning rate to 4.767966926802067e-06
Epoch: 67 cost time: 1.1915109157562256
Epoch: 67, Steps: 29 | Train Loss: 0.0506090 Vali Loss: 0.0911888 Test Loss: 0.0436563
Validation loss decreased (0.091730 --> 0.091189).  Saving model ...
Updating learning rate to 4.5441190565108235e-06
Epoch: 68 cost time: 1.1884703636169434
Epoch: 68, Steps: 29 | Train Loss: 0.0501627 Vali Loss: 0.0902790 Test Loss: 0.0434709
Validation loss decreased (0.091189 --> 0.090279).  Saving model ...
Updating learning rate to 4.3211893100472735e-06
Epoch: 69 cost time: 1.1941936016082764
Epoch: 69, Steps: 29 | Train Loss: 0.0497654 Vali Loss: 0.0897188 Test Loss: 0.0431612
Validation loss decreased (0.090279 --> 0.089719).  Saving model ...
Updating learning rate to 4.099626638252712e-06
Epoch: 70 cost time: 1.1915569305419922
Epoch: 70, Steps: 29 | Train Loss: 0.0493887 Vali Loss: 0.0893564 Test Loss: 0.0426909
Validation loss decreased (0.089719 --> 0.089356).  Saving model ...
Updating learning rate to 3.879877238861997e-06
Epoch: 71 cost time: 1.1882882118225098
Epoch: 71, Steps: 29 | Train Loss: 0.0490030 Vali Loss: 0.0889297 Test Loss: 0.0422693
Validation loss decreased (0.089356 --> 0.088930).  Saving model ...
Updating learning rate to 3.662383657920668e-06
Epoch: 72 cost time: 1.1891810894012451
Epoch: 72, Steps: 29 | Train Loss: 0.0485903 Vali Loss: 0.0877546 Test Loss: 0.0421354
Validation loss decreased (0.088930 --> 0.087755).  Saving model ...
Updating learning rate to 3.447583898556124e-06
Epoch: 73 cost time: 1.1891694068908691
Epoch: 73, Steps: 29 | Train Loss: 0.0481800 Vali Loss: 0.0872189 Test Loss: 0.0417592
Validation loss decreased (0.087755 --> 0.087219).  Saving model ...
Updating learning rate to 3.2359105388976132e-06
Epoch: 74 cost time: 1.1849138736724854
Epoch: 74, Steps: 29 | Train Loss: 0.0477782 Vali Loss: 0.0865701 Test Loss: 0.0415113
Validation loss decreased (0.087219 --> 0.086570).  Saving model ...
Updating learning rate to 3.027789860921434e-06
Epoch: 75 cost time: 1.1861350536346436
Epoch: 75, Steps: 29 | Train Loss: 0.0473726 Vali Loss: 0.0854969 Test Loss: 0.0413667
Validation loss decreased (0.086570 --> 0.085497).  Saving model ...
Updating learning rate to 2.8236409919757893e-06
Epoch: 76 cost time: 1.1904914379119873
Epoch: 76, Steps: 29 | Train Loss: 0.0470079 Vali Loss: 0.0853579 Test Loss: 0.0408622
Validation loss decreased (0.085497 --> 0.085358).  Saving model ...
Updating learning rate to 2.6238750607140637e-06
Epoch: 77 cost time: 1.1879525184631348
Epoch: 77, Steps: 29 | Train Loss: 0.0466618 Vali Loss: 0.0844832 Test Loss: 0.0406471
Validation loss decreased (0.085358 --> 0.084483).  Saving model ...
Updating learning rate to 2.4288943691364434e-06
Epoch: 78 cost time: 1.1908326148986816
Epoch: 78, Steps: 29 | Train Loss: 0.0462599 Vali Loss: 0.0838456 Test Loss: 0.0403347
Validation loss decreased (0.084483 --> 0.083846).  Saving model ...
Updating learning rate to 2.2390915824072217e-06
Epoch: 79 cost time: 1.1749846935272217
Epoch: 79, Steps: 29 | Train Loss: 0.0459154 Vali Loss: 0.0831074 Test Loss: 0.0399944
Validation loss decreased (0.083846 --> 0.083107).  Saving model ...
Updating learning rate to 2.0548489380794217e-06
Epoch: 80 cost time: 1.189624547958374
Epoch: 80, Steps: 29 | Train Loss: 0.0455540 Vali Loss: 0.0822159 Test Loss: 0.0397369
Validation loss decreased (0.083107 --> 0.082216).  Saving model ...
Updating learning rate to 1.876537476319218e-06
Epoch: 81 cost time: 1.1892898082733154
Epoch: 81, Steps: 29 | Train Loss: 0.0452898 Vali Loss: 0.0824301 Test Loss: 0.0396770
EarlyStopping counter: 1 out of 10
Updating learning rate to 1.7045162926804444e-06
Epoch: 82 cost time: 1.194465160369873
Epoch: 82, Steps: 29 | Train Loss: 0.0452537 Vali Loss: 0.0823411 Test Loss: 0.0396944
EarlyStopping counter: 2 out of 10
Updating learning rate to 1.5391318149339123e-06
Epoch: 83 cost time: 1.190401315689087
Epoch: 83, Steps: 29 | Train Loss: 0.0452211 Vali Loss: 0.0822300 Test Loss: 0.0396701
EarlyStopping counter: 3 out of 10
Updating learning rate to 1.3807171054080036e-06
Epoch: 84 cost time: 1.1858742237091064
Epoch: 84, Steps: 29 | Train Loss: 0.0452637 Vali Loss: 0.0825497 Test Loss: 0.0396907
EarlyStopping counter: 4 out of 10
Updating learning rate to 1.2295911902454577e-06
Epoch: 85 cost time: 1.1879901885986328
Epoch: 85, Steps: 29 | Train Loss: 0.0452042 Vali Loss: 0.0825441 Test Loss: 0.0397041
EarlyStopping counter: 5 out of 10
Updating learning rate to 1.0860584169271784e-06
Epoch: 86 cost time: 1.1866874694824219
Epoch: 86, Steps: 29 | Train Loss: 0.0452028 Vali Loss: 0.0824849 Test Loss: 0.0397423
EarlyStopping counter: 6 out of 10
Updating learning rate to 9.504078413569088e-07
Epoch: 87 cost time: 1.1910302639007568
Epoch: 87, Steps: 29 | Train Loss: 0.0452371 Vali Loss: 0.0824904 Test Loss: 0.0397250
EarlyStopping counter: 7 out of 10
Updating learning rate to 8.229126457411124e-07
Epoch: 88 cost time: 1.1844239234924316
Epoch: 88, Steps: 29 | Train Loss: 0.0451922 Vali Loss: 0.0826567 Test Loss: 0.0397117
EarlyStopping counter: 8 out of 10
Updating learning rate to 7.038295884363647e-07
Epoch: 89 cost time: 1.1847481727600098
Epoch: 89, Steps: 29 | Train Loss: 0.0452141 Vali Loss: 0.0823740 Test Loss: 0.0397326
EarlyStopping counter: 9 out of 10
Updating learning rate to 5.933984868721898e-07
Epoch: 90 cost time: 1.1919267177581787
Epoch: 90, Steps: 29 | Train Loss: 0.0452127 Vali Loss: 0.0823903 Test Loss: 0.0397443
EarlyStopping counter: 10 out of 10
Early stopping
>>>>>>>testing : ETTh1_336_720_DTFNet_ETTh1_ftM_sl336_ll0_pl720_dm128_nh16_el2_br2_dl1_df256_fc1_ebtimeF_dtTrue_'Exp'_0_'rel_sin'_16_8_16,24_8,12_3_1_256<<<<<<<<<<<<<<<<<<<<<<<<<<<<<<<<<
test 2161
mse:0.4171084463596344, mae:0.44375044107437134, rse:0.6203110814094543
