Args in experiment:
Namespace(random_seed=2019, is_training=1, model_id='ETTh1_336_720', model='DTFNet', data='ETTh1', root_path='./dataset/', data_path='ETTh1.csv', features='M', target='OT', freq='h', checkpoints='./checkpoints/', seq_len=336, label_len=0, pred_len=720, n_branches=2, patch_len_ls='16,24', stride_ls='8,12', d_model_ls='128', n_heads_ls='16', rel_pe="'rel_sin'", res_attn=False, head_type='flatten', fc_dropout=0.3, head_dropout=0.1, patch_len=16, stride=8, padding_patch="'end'", revin=1, affine=0, subtract_last=0, decomposition=0, kernel_size=25, individual=0, store_attn=False, pre_norm=False, pe='zeros', no_learn_pe=True, embed_type=0, enc_in=7, dec_in=7, c_out=7, d_model=128, n_heads=16, e_layers=2, d_layers=1, d_ff=256, moving_avg=25, factor=1, distil=True, dropout=0.3, embed='timeF', activation='gelu', output_attention=False, do_predict=False, num_workers=0, itr=1, train_epochs=100, batch_size=256, patience=10, learning_rate=1e-05, des="'Exp'", loss='mse', lradj='TST', pct_start=0.3, use_amp=False, l2=0.0, warmup_steps=0, use_gpu=True, gpu=0, use_multi_gpu=False, devices='0', test_flop=False, use_mlflow=False, mlflow_project='exp', loss_flag=2, sub_patch_len=16, sub_stride=8, stride_ls_list='16', model_type='linear', tfactor=3, dilation_rates='1', wavelet_layers=2, wavelet_type='db5', wavelet_mode='periodization', wavelet_dim=64, initTLV=0.2)
Use GPU: cuda:0
>>>>>>>start training : ETTh1_336_720_DTFNet_ETTh1_ftM_sl336_ll0_pl720_dm128_nh16_el2_br2_dl1_df256_fc1_ebtimeF_dtTrue_'Exp'_0_'rel_sin'_16_8_16,24_8,12_3_1_256>>>>>>>>>>>>>>>>>>>>>>>>>>
train 7585
val 2161
test 2161
Epoch: 1 cost time: 1.556854009628296
Epoch: 1, Steps: 29 | Train Loss: 0.1076963 Vali Loss: 0.1791665 Test Loss: 0.0998087
Validation loss decreased (inf --> 0.179167).  Saving model ...
Updating learning rate to 4.2635539919063106e-07
Epoch: 2 cost time: 1.1806972026824951
Epoch: 2, Steps: 29 | Train Loss: 0.1067201 Vali Loss: 0.1772242 Test Loss: 0.0989599
Validation loss decreased (0.179167 --> 0.177224).  Saving model ...
Updating learning rate to 5.051321771514831e-07
Epoch: 3 cost time: 1.1707594394683838
Epoch: 3, Steps: 29 | Train Loss: 0.1058989 Vali Loss: 0.1756344 Test Loss: 0.0980462
Validation loss decreased (0.177224 --> 0.175634).  Saving model ...
Updating learning rate to 6.354652532866785e-07
Epoch: 4 cost time: 1.1835472583770752
Epoch: 4, Steps: 29 | Train Loss: 0.1049299 Vali Loss: 0.1741281 Test Loss: 0.0970644
Validation loss decreased (0.175634 --> 0.174128).  Saving model ...
Updating learning rate to 8.159233858256806e-07
Epoch: 5 cost time: 1.184913158416748
Epoch: 5, Steps: 29 | Train Loss: 0.1040373 Vali Loss: 0.1723245 Test Loss: 0.0960017
Validation loss decreased (0.174128 --> 0.172325).  Saving model ...
Updating learning rate to 1.0445248888850473e-06
Epoch: 6 cost time: 1.1822550296783447
Epoch: 6, Steps: 29 | Train Loss: 0.1029371 Vali Loss: 0.1702786 Test Loss: 0.0947947
Validation loss decreased (0.172325 --> 0.170279).  Saving model ...
Updating learning rate to 1.3187593941861497e-06
Epoch: 7 cost time: 1.181326150894165
Epoch: 7, Steps: 29 | Train Loss: 0.1018441 Vali Loss: 0.1683692 Test Loss: 0.0934070
Validation loss decreased (0.170279 --> 0.168369).  Saving model ...
Updating learning rate to 1.6356154184543822e-06
Epoch: 8 cost time: 1.1842074394226074
Epoch: 8, Steps: 29 | Train Loss: 0.1005613 Vali Loss: 0.1656643 Test Loss: 0.0917317
Validation loss decreased (0.168369 --> 0.165664).  Saving model ...
Updating learning rate to 1.9916134337707666e-06
Epoch: 9 cost time: 1.1865248680114746
Epoch: 9, Steps: 29 | Train Loss: 0.0991751 Vali Loss: 0.1624075 Test Loss: 0.0896104
Validation loss decreased (0.165664 --> 0.162408).  Saving model ...
Updating learning rate to 2.3828440777166636e-06
Epoch: 10 cost time: 1.1727662086486816
Epoch: 10, Steps: 29 | Train Loss: 0.0974048 Vali Loss: 0.1584138 Test Loss: 0.0866628
Validation loss decreased (0.162408 --> 0.158414).  Saving model ...
Updating learning rate to 2.805011083710071e-06
Epoch: 11 cost time: 1.176985740661621
Epoch: 11, Steps: 29 | Train Loss: 0.0951216 Vali Loss: 0.1530439 Test Loss: 0.0826562
Validation loss decreased (0.158414 --> 0.153044).  Saving model ...
Updating learning rate to 3.2534784600976295e-06
Epoch: 12 cost time: 1.1823508739471436
Epoch: 12, Steps: 29 | Train Loss: 0.0924547 Vali Loss: 0.1470520 Test Loss: 0.0780560
Validation loss decreased (0.153044 --> 0.147052).  Saving model ...
Updating learning rate to 3.723321399909056e-06
Epoch: 13 cost time: 1.177722454071045
Epoch: 13, Steps: 29 | Train Loss: 0.0899909 Vali Loss: 0.1426067 Test Loss: 0.0749837
Validation loss decreased (0.147052 --> 0.142607).  Saving model ...
Updating learning rate to 4.209380362212844e-06
Epoch: 14 cost time: 1.1839299201965332
Epoch: 14, Steps: 29 | Train Loss: 0.0880438 Vali Loss: 0.1389299 Test Loss: 0.0732284
Validation loss decreased (0.142607 --> 0.138930).  Saving model ...
Updating learning rate to 4.706317731183279e-06
Epoch: 15 cost time: 1.180196762084961
Epoch: 15, Steps: 29 | Train Loss: 0.0861605 Vali Loss: 0.1356291 Test Loss: 0.0714250
Validation loss decreased (0.138930 --> 0.135629).  Saving model ...
Updating learning rate to 5.208676430682048e-06
Epoch: 16 cost time: 1.183589220046997
Epoch: 16, Steps: 29 | Train Loss: 0.0844463 Vali Loss: 0.1335521 Test Loss: 0.0695742
Validation loss decreased (0.135629 --> 0.133552).  Saving model ...
Updating learning rate to 5.710939850683244e-06
Epoch: 17 cost time: 1.181645393371582
Epoch: 17, Steps: 29 | Train Loss: 0.0828941 Vali Loss: 0.1317138 Test Loss: 0.0676316
Validation loss decreased (0.133552 --> 0.131714).  Saving model ...
Updating learning rate to 6.207592427464792e-06
Epoch: 18 cost time: 1.1763944625854492
Epoch: 18, Steps: 29 | Train Loss: 0.0814566 Vali Loss: 0.1301119 Test Loss: 0.0656530
Validation loss decreased (0.131714 --> 0.130112).  Saving model ...
Updating learning rate to 6.693180212309968e-06
Epoch: 19 cost time: 1.1819236278533936
Epoch: 19, Steps: 29 | Train Loss: 0.0803637 Vali Loss: 0.1287849 Test Loss: 0.0649245
Validation loss decreased (0.130112 --> 0.128785).  Saving model ...
Updating learning rate to 7.1623707635889015e-06
Epoch: 20 cost time: 1.181441307067871
Epoch: 20, Steps: 29 | Train Loss: 0.0794251 Vali Loss: 0.1278443 Test Loss: 0.0638380
Validation loss decreased (0.128785 --> 0.127844).  Saving model ...
Updating learning rate to 7.610011704520164e-06
Epoch: 21 cost time: 1.1837100982666016
Epoch: 21, Steps: 29 | Train Loss: 0.0785384 Vali Loss: 0.1269608 Test Loss: 0.0629327
Validation loss decreased (0.127844 --> 0.126961).  Saving model ...
Updating learning rate to 8.031187303565295e-06
Epoch: 22 cost time: 1.1829626560211182
Epoch: 22, Steps: 29 | Train Loss: 0.0777350 Vali Loss: 0.1256842 Test Loss: 0.0622121
Validation loss decreased (0.126961 --> 0.125684).  Saving model ...
Updating learning rate to 8.421272456123378e-06
Epoch: 23 cost time: 1.1798787117004395
Epoch: 23, Steps: 29 | Train Loss: 0.0768757 Vali Loss: 0.1247598 Test Loss: 0.0615380
Validation loss decreased (0.125684 --> 0.124760).  Saving model ...
Updating learning rate to 8.775983474730246e-06
Epoch: 24 cost time: 1.181156873703003
Epoch: 24, Steps: 29 | Train Loss: 0.0760175 Vali Loss: 0.1237677 Test Loss: 0.0608545
Validation loss decreased (0.124760 --> 0.123768).  Saving model ...
Updating learning rate to 9.091425130013939e-06
Epoch: 25 cost time: 1.1765449047088623
Epoch: 25, Steps: 29 | Train Loss: 0.0752887 Vali Loss: 0.1227717 Test Loss: 0.0600311
Validation loss decreased (0.123768 --> 0.122772).  Saving model ...
Updating learning rate to 9.364133425830145e-06
Epoch: 26 cost time: 1.1804051399230957
Epoch: 26, Steps: 29 | Train Loss: 0.0745105 Vali Loss: 0.1222717 Test Loss: 0.0594437
Validation loss decreased (0.122772 --> 0.122272).  Saving model ...
Updating learning rate to 9.591113638846019e-06
Epoch: 27 cost time: 1.1820907592773438
Epoch: 27, Steps: 29 | Train Loss: 0.0737675 Vali Loss: 0.1210017 Test Loss: 0.0588815
Validation loss decreased (0.122272 --> 0.121002).  Saving model ...
Updating learning rate to 9.769873204843885e-06
Epoch: 28 cost time: 1.1821579933166504
Epoch: 28, Steps: 29 | Train Loss: 0.0729403 Vali Loss: 0.1216203 Test Loss: 0.0581544
EarlyStopping counter: 1 out of 10
Updating learning rate to 9.898449090606656e-06
Epoch: 29 cost time: 1.174804925918579
Epoch: 29, Steps: 29 | Train Loss: 0.0722943 Vali Loss: 0.1198583 Test Loss: 0.0578417
Validation loss decreased (0.121002 --> 0.119858).  Saving model ...
Updating learning rate to 9.975429350802846e-06
Epoch: 30 cost time: 1.1838469505310059
Epoch: 30, Steps: 29 | Train Loss: 0.0714971 Vali Loss: 0.1188105 Test Loss: 0.0572733
Validation loss decreased (0.119858 --> 0.118811).  Saving model ...
Updating learning rate to 9.99999401249548e-06
Epoch: 31 cost time: 1.1795525550842285
Epoch: 31, Steps: 29 | Train Loss: 0.0708104 Vali Loss: 0.1182078 Test Loss: 0.0568931
Validation loss decreased (0.118811 --> 0.118208).  Saving model ...
Updating learning rate to 9.994612212745642e-06
Epoch: 32 cost time: 1.181208610534668
Epoch: 32, Steps: 29 | Train Loss: 0.0701132 Vali Loss: 0.1179903 Test Loss: 0.0563975
Validation loss decreased (0.118208 --> 0.117990).  Saving model ...
Updating learning rate to 9.979171968972798e-06
Epoch: 33 cost time: 1.1758203506469727
Epoch: 33, Steps: 29 | Train Loss: 0.0693803 Vali Loss: 0.1165547 Test Loss: 0.0557540
Validation loss decreased (0.117990 --> 0.116555).  Saving model ...
Updating learning rate to 9.953704375773079e-06
Epoch: 34 cost time: 1.1805040836334229
Epoch: 34, Steps: 29 | Train Loss: 0.0687252 Vali Loss: 0.1161836 Test Loss: 0.0553938
Validation loss decreased (0.116555 --> 0.116184).  Saving model ...
Updating learning rate to 9.918260721489893e-06
Epoch: 35 cost time: 1.1792676448822021
Epoch: 35, Steps: 29 | Train Loss: 0.0681298 Vali Loss: 0.1145086 Test Loss: 0.0548236
Validation loss decreased (0.116184 --> 0.114509).  Saving model ...
Updating learning rate to 9.872912384926035e-06
Epoch: 36 cost time: 1.174616813659668
Epoch: 36, Steps: 29 | Train Loss: 0.0673990 Vali Loss: 0.1146166 Test Loss: 0.0546311
EarlyStopping counter: 1 out of 10
Updating learning rate to 9.817750691596265e-06
Epoch: 37 cost time: 1.1763765811920166
Epoch: 37, Steps: 29 | Train Loss: 0.0667685 Vali Loss: 0.1128031 Test Loss: 0.0542427
Validation loss decreased (0.114509 --> 0.112803).  Saving model ...
Updating learning rate to 9.752886729809889e-06
Epoch: 38 cost time: 1.1810908317565918
Epoch: 38, Steps: 29 | Train Loss: 0.0661192 Vali Loss: 0.1116578 Test Loss: 0.0541974
Validation loss decreased (0.112803 --> 0.111658).  Saving model ...
Updating learning rate to 9.678451126953676e-06
Epoch: 39 cost time: 1.1828925609588623
Epoch: 39, Steps: 29 | Train Loss: 0.0654864 Vali Loss: 0.1120315 Test Loss: 0.0534469
EarlyStopping counter: 1 out of 10
Updating learning rate to 9.594593786425696e-06
Epoch: 40 cost time: 1.175220012664795
Epoch: 40, Steps: 29 | Train Loss: 0.0649057 Vali Loss: 0.1108138 Test Loss: 0.0526953
Validation loss decreased (0.111658 --> 0.110814).  Saving model ...
Updating learning rate to 9.501483585749811e-06
Epoch: 41 cost time: 1.1813855171203613
Epoch: 41, Steps: 29 | Train Loss: 0.0642313 Vali Loss: 0.1097697 Test Loss: 0.0530462
Validation loss decreased (0.110814 --> 0.109770).  Saving model ...
Updating learning rate to 9.399308036478838e-06
Epoch: 42 cost time: 1.1871967315673828
Epoch: 42, Steps: 29 | Train Loss: 0.0636323 Vali Loss: 0.1086917 Test Loss: 0.0523186
Validation loss decreased (0.109770 --> 0.108692).  Saving model ...
Updating learning rate to 9.288272906571216e-06
Epoch: 43 cost time: 1.183847427368164
Epoch: 43, Steps: 29 | Train Loss: 0.0630267 Vali Loss: 0.1082502 Test Loss: 0.0519309
Validation loss decreased (0.108692 --> 0.108250).  Saving model ...
Updating learning rate to 9.16860180600173e-06
Epoch: 44 cost time: 1.1772308349609375
Epoch: 44, Steps: 29 | Train Loss: 0.0624384 Vali Loss: 0.1079562 Test Loss: 0.0513219
Validation loss decreased (0.108250 --> 0.107956).  Saving model ...
Updating learning rate to 9.040535736440785e-06
Epoch: 45 cost time: 1.1779720783233643
Epoch: 45, Steps: 29 | Train Loss: 0.0619026 Vali Loss: 0.1076471 Test Loss: 0.0509863
Validation loss decreased (0.107956 --> 0.107647).  Saving model ...
Updating learning rate to 8.904332605909106e-06
Epoch: 46 cost time: 1.1825215816497803
Epoch: 46, Steps: 29 | Train Loss: 0.0612920 Vali Loss: 0.1064757 Test Loss: 0.0507122
Validation loss decreased (0.107647 --> 0.106476).  Saving model ...
Updating learning rate to 8.760266709385311e-06
Epoch: 47 cost time: 1.1788315773010254
Epoch: 47, Steps: 29 | Train Loss: 0.0607089 Vali Loss: 0.1051665 Test Loss: 0.0508759
Validation loss decreased (0.106476 --> 0.105166).  Saving model ...
Updating learning rate to 8.608628176412335e-06
Epoch: 48 cost time: 1.174804449081421
Epoch: 48, Steps: 29 | Train Loss: 0.0601681 Vali Loss: 0.1046124 Test Loss: 0.0501017
Validation loss decreased (0.105166 --> 0.104612).  Saving model ...
Updating learning rate to 8.449722386815127e-06
Epoch: 49 cost time: 1.1850628852844238
Epoch: 49, Steps: 29 | Train Loss: 0.0596195 Vali Loss: 0.1035411 Test Loss: 0.0499061
Validation loss decreased (0.104612 --> 0.103541).  Saving model ...
Updating learning rate to 8.28386935570634e-06
Epoch: 50 cost time: 1.184366226196289
Epoch: 50, Steps: 29 | Train Loss: 0.0590913 Vali Loss: 0.1025802 Test Loss: 0.0495048
Validation loss decreased (0.103541 --> 0.102580).  Saving model ...
Updating learning rate to 8.111403089018465e-06
Epoch: 51 cost time: 1.189436912536621
Epoch: 51, Steps: 29 | Train Loss: 0.0585498 Vali Loss: 0.1027959 Test Loss: 0.0489622
EarlyStopping counter: 1 out of 10
Updating learning rate to 7.93267091086035e-06
Epoch: 52 cost time: 1.18381929397583
Epoch: 52, Steps: 29 | Train Loss: 0.0580019 Vali Loss: 0.1021338 Test Loss: 0.0488128
Validation loss decreased (0.102580 --> 0.102134).  Saving model ...
Updating learning rate to 7.748032764052655e-06
Epoch: 53 cost time: 1.1809158325195312
Epoch: 53, Steps: 29 | Train Loss: 0.0575252 Vali Loss: 0.1009561 Test Loss: 0.0481887
Validation loss decreased (0.102134 --> 0.100956).  Saving model ...
Updating learning rate to 7.557860485250925e-06
Epoch: 54 cost time: 1.1821441650390625
Epoch: 54, Steps: 29 | Train Loss: 0.0569586 Vali Loss: 0.1002205 Test Loss: 0.0479860
Validation loss decreased (0.100956 --> 0.100221).  Saving model ...
Updating learning rate to 7.362537056116034e-06
Epoch: 55 cost time: 1.177891731262207
Epoch: 55, Steps: 29 | Train Loss: 0.0564496 Vali Loss: 0.0998355 Test Loss: 0.0477020
Validation loss decreased (0.100221 --> 0.099836).  Saving model ...
Updating learning rate to 7.162455832040107e-06
Epoch: 56 cost time: 1.1832618713378906
Epoch: 56, Steps: 29 | Train Loss: 0.0559419 Vali Loss: 0.0992443 Test Loss: 0.0471834
Validation loss decreased (0.099836 --> 0.099244).  Saving model ...
Updating learning rate to 6.9580197499810984e-06
Epoch: 57 cost time: 1.1823022365570068
Epoch: 57, Steps: 29 | Train Loss: 0.0554662 Vali Loss: 0.0975404 Test Loss: 0.0472259
Validation loss decreased (0.099244 --> 0.097540).  Saving model ...
Updating learning rate to 6.7496405170013816e-06
Epoch: 58 cost time: 1.1866226196289062
Epoch: 58, Steps: 29 | Train Loss: 0.0550082 Vali Loss: 0.0972950 Test Loss: 0.0468470
Validation loss decreased (0.097540 --> 0.097295).  Saving model ...
Updating learning rate to 6.537737781144523e-06
Epoch: 59 cost time: 1.1839678287506104
Epoch: 59, Steps: 29 | Train Loss: 0.0544259 Vali Loss: 0.0965761 Test Loss: 0.0462796
Validation loss decreased (0.097295 --> 0.096576).  Saving model ...
Updating learning rate to 6.322738286319964e-06
Epoch: 60 cost time: 1.1845896244049072
Epoch: 60, Steps: 29 | Train Loss: 0.0540225 Vali Loss: 0.0955952 Test Loss: 0.0462544
Validation loss decreased (0.096576 --> 0.095595).  Saving model ...
Updating learning rate to 6.105075012897585e-06
Epoch: 61 cost time: 1.1907322406768799
Epoch: 61, Steps: 29 | Train Loss: 0.0535516 Vali Loss: 0.0949035 Test Loss: 0.0459721
Validation loss decreased (0.095595 --> 0.094903).  Saving model ...
Updating learning rate to 5.885186305742857e-06
Epoch: 62 cost time: 1.1804816722869873
Epoch: 62, Steps: 29 | Train Loss: 0.0531032 Vali Loss: 0.0942552 Test Loss: 0.0454743
Validation loss decreased (0.094903 --> 0.094255).  Saving model ...
Updating learning rate to 5.6635149914486225e-06
Epoch: 63 cost time: 1.1867365837097168
Epoch: 63, Steps: 29 | Train Loss: 0.0526703 Vali Loss: 0.0940497 Test Loss: 0.0450695
Validation loss decreased (0.094255 --> 0.094050).  Saving model ...
Updating learning rate to 5.440507486541268e-06
Epoch: 64 cost time: 1.1860039234161377
Epoch: 64, Steps: 29 | Train Loss: 0.0521237 Vali Loss: 0.0929873 Test Loss: 0.0448151
Validation loss decreased (0.094050 --> 0.092987).  Saving model ...
Updating learning rate to 5.216612898457253e-06
Epoch: 65 cost time: 1.182023525238037
Epoch: 65, Steps: 29 | Train Loss: 0.0517348 Vali Loss: 0.0919857 Test Loss: 0.0445324
Validation loss decreased (0.092987 --> 0.091986).  Saving model ...
Updating learning rate to 4.992282121100496e-06
Epoch: 66 cost time: 1.1817102432250977
Epoch: 66, Steps: 29 | Train Loss: 0.0512913 Vali Loss: 0.0917131 Test Loss: 0.0441515
Validation loss decreased (0.091986 --> 0.091713).  Saving model ...
Updating learning rate to 4.767966926802067e-06
Epoch: 67 cost time: 1.178879737854004
Epoch: 67, Steps: 29 | Train Loss: 0.0508996 Vali Loss: 0.0911671 Test Loss: 0.0438100
Validation loss decreased (0.091713 --> 0.091167).  Saving model ...
Updating learning rate to 4.5441190565108235e-06
Epoch: 68 cost time: 1.1855590343475342
Epoch: 68, Steps: 29 | Train Loss: 0.0504247 Vali Loss: 0.0901384 Test Loss: 0.0436431
Validation loss decreased (0.091167 --> 0.090138).  Saving model ...
Updating learning rate to 4.3211893100472735e-06
Epoch: 69 cost time: 1.1832554340362549
Epoch: 69, Steps: 29 | Train Loss: 0.0500355 Vali Loss: 0.0900049 Test Loss: 0.0430326
Validation loss decreased (0.090138 --> 0.090005).  Saving model ...
Updating learning rate to 4.099626638252712e-06
Epoch: 70 cost time: 1.1849431991577148
Epoch: 70, Steps: 29 | Train Loss: 0.0496463 Vali Loss: 0.0887729 Test Loss: 0.0429759
Validation loss decreased (0.090005 --> 0.088773).  Saving model ...
Updating learning rate to 3.879877238861997e-06
Epoch: 71 cost time: 1.1838271617889404
Epoch: 71, Steps: 29 | Train Loss: 0.0492065 Vali Loss: 0.0881407 Test Loss: 0.0425251
Validation loss decreased (0.088773 --> 0.088141).  Saving model ...
Updating learning rate to 3.662383657920668e-06
Epoch: 72 cost time: 1.1803090572357178
Epoch: 72, Steps: 29 | Train Loss: 0.0487842 Vali Loss: 0.0872206 Test Loss: 0.0423949
Validation loss decreased (0.088141 --> 0.087221).  Saving model ...
Updating learning rate to 3.447583898556124e-06
Epoch: 73 cost time: 1.1734850406646729
Epoch: 73, Steps: 29 | Train Loss: 0.0484127 Vali Loss: 0.0870855 Test Loss: 0.0420462
Validation loss decreased (0.087221 --> 0.087086).  Saving model ...
Updating learning rate to 3.2359105388976132e-06
Epoch: 74 cost time: 1.1844408512115479
Epoch: 74, Steps: 29 | Train Loss: 0.0479803 Vali Loss: 0.0861339 Test Loss: 0.0416593
Validation loss decreased (0.087086 --> 0.086134).  Saving model ...
Updating learning rate to 3.027789860921434e-06
Epoch: 75 cost time: 1.1848487854003906
Epoch: 75, Steps: 29 | Train Loss: 0.0476232 Vali Loss: 0.0857513 Test Loss: 0.0413526
Validation loss decreased (0.086134 --> 0.085751).  Saving model ...
Updating learning rate to 2.8236409919757893e-06
Epoch: 76 cost time: 1.1823902130126953
Epoch: 76, Steps: 29 | Train Loss: 0.0472914 Vali Loss: 0.0847940 Test Loss: 0.0411296
Validation loss decreased (0.085751 --> 0.084794).  Saving model ...
Updating learning rate to 2.6238750607140637e-06
Epoch: 77 cost time: 1.1753215789794922
Epoch: 77, Steps: 29 | Train Loss: 0.0468348 Vali Loss: 0.0841665 Test Loss: 0.0408148
Validation loss decreased (0.084794 --> 0.084167).  Saving model ...
Updating learning rate to 2.4288943691364434e-06
Epoch: 78 cost time: 1.185002088546753
Epoch: 78, Steps: 29 | Train Loss: 0.0464779 Vali Loss: 0.0837291 Test Loss: 0.0404656
Validation loss decreased (0.084167 --> 0.083729).  Saving model ...
Updating learning rate to 2.2390915824072217e-06
Epoch: 79 cost time: 1.175745964050293
Epoch: 79, Steps: 29 | Train Loss: 0.0461269 Vali Loss: 0.0830522 Test Loss: 0.0402081
Validation loss decreased (0.083729 --> 0.083052).  Saving model ...
Updating learning rate to 2.0548489380794217e-06
Epoch: 80 cost time: 1.1737115383148193
Epoch: 80, Steps: 29 | Train Loss: 0.0458006 Vali Loss: 0.0820414 Test Loss: 0.0399078
Validation loss decreased (0.083052 --> 0.082041).  Saving model ...
Updating learning rate to 1.876537476319218e-06
Epoch: 81 cost time: 1.1789343357086182
Epoch: 81, Steps: 29 | Train Loss: 0.0454592 Vali Loss: 0.0818189 Test Loss: 0.0399390
Validation loss decreased (0.082041 --> 0.081819).  Saving model ...
Updating learning rate to 1.7045162926804444e-06
Epoch: 82 cost time: 1.1868751049041748
Epoch: 82, Steps: 29 | Train Loss: 0.0454575 Vali Loss: 0.0820553 Test Loss: 0.0398383
EarlyStopping counter: 1 out of 10
Updating learning rate to 1.5391318149339123e-06
Epoch: 83 cost time: 1.1783771514892578
Epoch: 83, Steps: 29 | Train Loss: 0.0454471 Vali Loss: 0.0820505 Test Loss: 0.0398961
EarlyStopping counter: 2 out of 10
Updating learning rate to 1.3807171054080036e-06
Epoch: 84 cost time: 1.1753795146942139
Epoch: 84, Steps: 29 | Train Loss: 0.0454056 Vali Loss: 0.0819682 Test Loss: 0.0398671
EarlyStopping counter: 3 out of 10
Updating learning rate to 1.2295911902454577e-06
Epoch: 85 cost time: 1.1767280101776123
Epoch: 85, Steps: 29 | Train Loss: 0.0454413 Vali Loss: 0.0822258 Test Loss: 0.0398092
EarlyStopping counter: 4 out of 10
Updating learning rate to 1.0860584169271784e-06
Epoch: 86 cost time: 1.1764907836914062
Epoch: 86, Steps: 29 | Train Loss: 0.0454464 Vali Loss: 0.0821341 Test Loss: 0.0398352
EarlyStopping counter: 5 out of 10
Updating learning rate to 9.504078413569088e-07
Epoch: 87 cost time: 1.1791958808898926
Epoch: 87, Steps: 29 | Train Loss: 0.0454275 Vali Loss: 0.0820328 Test Loss: 0.0398941
EarlyStopping counter: 6 out of 10
Updating learning rate to 8.229126457411124e-07
Epoch: 88 cost time: 1.17600417137146
Epoch: 88, Steps: 29 | Train Loss: 0.0453832 Vali Loss: 0.0824424 Test Loss: 0.0398272
EarlyStopping counter: 7 out of 10
Updating learning rate to 7.038295884363647e-07
Epoch: 89 cost time: 1.1732592582702637
Epoch: 89, Steps: 29 | Train Loss: 0.0453564 Vali Loss: 0.0820922 Test Loss: 0.0398854
EarlyStopping counter: 8 out of 10
Updating learning rate to 5.933984868721898e-07
Epoch: 90 cost time: 1.177584171295166
Epoch: 90, Steps: 29 | Train Loss: 0.0453421 Vali Loss: 0.0821546 Test Loss: 0.0398513
EarlyStopping counter: 9 out of 10
Updating learning rate to 4.918417345906772e-07
Epoch: 91 cost time: 1.1780428886413574
Epoch: 91, Steps: 29 | Train Loss: 0.0454308 Vali Loss: 0.0820034 Test Loss: 0.0398954
EarlyStopping counter: 10 out of 10
Early stopping
>>>>>>>testing : ETTh1_336_720_DTFNet_ETTh1_ftM_sl336_ll0_pl720_dm128_nh16_el2_br2_dl1_df256_fc1_ebtimeF_dtTrue_'Exp'_0_'rel_sin'_16_8_16,24_8,12_3_1_256<<<<<<<<<<<<<<<<<<<<<<<<<<<<<<<<<
test 2161
mse:0.4218752086162567, mae:0.446290522813797, rse:0.6238455772399902
