Args in experiment:
Namespace(random_seed=2013, is_training=1, model_id='ETTh1_336_720', model='DTFNet', data='ETTh1', root_path='./dataset/', data_path='ETTh1.csv', features='M', target='OT', freq='h', checkpoints='./checkpoints/', seq_len=336, label_len=0, pred_len=720, n_branches=2, patch_len_ls='16,24', stride_ls='8,12', d_model_ls='128', n_heads_ls='16', rel_pe="'rel_sin'", res_attn=False, head_type='flatten', fc_dropout=0.3, head_dropout=0.1, patch_len=16, stride=8, padding_patch="'end'", revin=1, affine=0, subtract_last=0, decomposition=0, kernel_size=25, individual=0, store_attn=False, pre_norm=False, pe='zeros', no_learn_pe=True, embed_type=0, enc_in=7, dec_in=7, c_out=7, d_model=128, n_heads=16, e_layers=2, d_layers=1, d_ff=256, moving_avg=25, factor=1, distil=True, dropout=0.3, embed='timeF', activation='gelu', output_attention=False, do_predict=False, num_workers=0, itr=1, train_epochs=100, batch_size=256, patience=10, learning_rate=1e-05, des="'Exp'", loss='mse', lradj='TST', pct_start=0.3, use_amp=False, l2=0.0, warmup_steps=0, use_gpu=True, gpu=0, use_multi_gpu=False, devices='0', test_flop=False, use_mlflow=False, mlflow_project='exp', loss_flag=2, sub_patch_len=16, sub_stride=8, stride_ls_list='16', model_type='linear', tfactor=3, dilation_rates='1', wavelet_layers=2, wavelet_type='db5', wavelet_mode='periodization', wavelet_dim=64, initTLV=0.2)
Use GPU: cuda:0
>>>>>>>start training : ETTh1_336_720_DTFNet_ETTh1_ftM_sl336_ll0_pl720_dm128_nh16_el2_br2_dl1_df256_fc1_ebtimeF_dtTrue_'Exp'_0_'rel_sin'_16_8_16,24_8,12_3_1_256>>>>>>>>>>>>>>>>>>>>>>>>>>
train 7585
val 2161
test 2161
Epoch: 1 cost time: 1.5740666389465332
Epoch: 1, Steps: 29 | Train Loss: 0.1076338 Vali Loss: 0.1792406 Test Loss: 0.0998321
Validation loss decreased (inf --> 0.179241).  Saving model ...
Updating learning rate to 4.2635539919063106e-07
Epoch: 2 cost time: 1.1875097751617432
Epoch: 2, Steps: 29 | Train Loss: 0.1067367 Vali Loss: 0.1774790 Test Loss: 0.0990065
Validation loss decreased (0.179241 --> 0.177479).  Saving model ...
Updating learning rate to 5.051321771514831e-07
Epoch: 3 cost time: 1.1987671852111816
Epoch: 3, Steps: 29 | Train Loss: 0.1058551 Vali Loss: 0.1761826 Test Loss: 0.0981060
Validation loss decreased (0.177479 --> 0.176183).  Saving model ...
Updating learning rate to 6.354652532866785e-07
Epoch: 4 cost time: 1.191380500793457
Epoch: 4, Steps: 29 | Train Loss: 0.1050049 Vali Loss: 0.1745548 Test Loss: 0.0971446
Validation loss decreased (0.176183 --> 0.174555).  Saving model ...
Updating learning rate to 8.159233858256806e-07
Epoch: 5 cost time: 1.1937015056610107
Epoch: 5, Steps: 29 | Train Loss: 0.1040685 Vali Loss: 0.1723869 Test Loss: 0.0960998
Validation loss decreased (0.174555 --> 0.172387).  Saving model ...
Updating learning rate to 1.0445248888850473e-06
Epoch: 6 cost time: 1.2013733386993408
Epoch: 6, Steps: 29 | Train Loss: 0.1030416 Vali Loss: 0.1702663 Test Loss: 0.0949447
Validation loss decreased (0.172387 --> 0.170266).  Saving model ...
Updating learning rate to 1.3187593941861497e-06
Epoch: 7 cost time: 1.2027080059051514
Epoch: 7, Steps: 29 | Train Loss: 0.1019164 Vali Loss: 0.1684378 Test Loss: 0.0936007
Validation loss decreased (0.170266 --> 0.168438).  Saving model ...
Updating learning rate to 1.6356154184543822e-06
Epoch: 8 cost time: 1.2035853862762451
Epoch: 8, Steps: 29 | Train Loss: 0.1006619 Vali Loss: 0.1657546 Test Loss: 0.0920152
Validation loss decreased (0.168438 --> 0.165755).  Saving model ...
Updating learning rate to 1.9916134337707666e-06
Epoch: 9 cost time: 1.1866552829742432
Epoch: 9, Steps: 29 | Train Loss: 0.0992733 Vali Loss: 0.1623710 Test Loss: 0.0899777
Validation loss decreased (0.165755 --> 0.162371).  Saving model ...
Updating learning rate to 2.3828440777166636e-06
Epoch: 10 cost time: 1.197648525238037
Epoch: 10, Steps: 29 | Train Loss: 0.0975935 Vali Loss: 0.1589643 Test Loss: 0.0872062
Validation loss decreased (0.162371 --> 0.158964).  Saving model ...
Updating learning rate to 2.805011083710071e-06
Epoch: 11 cost time: 1.1990716457366943
Epoch: 11, Steps: 29 | Train Loss: 0.0953465 Vali Loss: 0.1537951 Test Loss: 0.0833267
Validation loss decreased (0.158964 --> 0.153795).  Saving model ...
Updating learning rate to 3.2534784600976295e-06
Epoch: 12 cost time: 1.1895828247070312
Epoch: 12, Steps: 29 | Train Loss: 0.0926738 Vali Loss: 0.1476477 Test Loss: 0.0787820
Validation loss decreased (0.153795 --> 0.147648).  Saving model ...
Updating learning rate to 3.723321399909056e-06
Epoch: 13 cost time: 1.1831655502319336
Epoch: 13, Steps: 29 | Train Loss: 0.0902193 Vali Loss: 0.1435066 Test Loss: 0.0755966
Validation loss decreased (0.147648 --> 0.143507).  Saving model ...
Updating learning rate to 4.209380362212844e-06
Epoch: 14 cost time: 1.192378044128418
Epoch: 14, Steps: 29 | Train Loss: 0.0882352 Vali Loss: 0.1395993 Test Loss: 0.0737689
Validation loss decreased (0.143507 --> 0.139599).  Saving model ...
Updating learning rate to 4.706317731183279e-06
Epoch: 15 cost time: 1.1990172863006592
Epoch: 15, Steps: 29 | Train Loss: 0.0865804 Vali Loss: 0.1367200 Test Loss: 0.0717025
Validation loss decreased (0.139599 --> 0.136720).  Saving model ...
Updating learning rate to 5.208676430682048e-06
Epoch: 16 cost time: 1.194643259048462
Epoch: 16, Steps: 29 | Train Loss: 0.0849538 Vali Loss: 0.1343417 Test Loss: 0.0697931
Validation loss decreased (0.136720 --> 0.134342).  Saving model ...
Updating learning rate to 5.710939850683244e-06
Epoch: 17 cost time: 1.200697660446167
Epoch: 17, Steps: 29 | Train Loss: 0.0832731 Vali Loss: 0.1319734 Test Loss: 0.0679154
Validation loss decreased (0.134342 --> 0.131973).  Saving model ...
Updating learning rate to 6.207592427464792e-06
Epoch: 18 cost time: 1.1885604858398438
Epoch: 18, Steps: 29 | Train Loss: 0.0817978 Vali Loss: 0.1306054 Test Loss: 0.0662582
Validation loss decreased (0.131973 --> 0.130605).  Saving model ...
Updating learning rate to 6.693180212309968e-06
Epoch: 19 cost time: 1.19319748878479
Epoch: 19, Steps: 29 | Train Loss: 0.0806091 Vali Loss: 0.1288474 Test Loss: 0.0649347
Validation loss decreased (0.130605 --> 0.128847).  Saving model ...
Updating learning rate to 7.1623707635889015e-06
Epoch: 20 cost time: 1.1892285346984863
Epoch: 20, Steps: 29 | Train Loss: 0.0795907 Vali Loss: 0.1276202 Test Loss: 0.0641176
Validation loss decreased (0.128847 --> 0.127620).  Saving model ...
Updating learning rate to 7.610011704520164e-06
Epoch: 21 cost time: 1.2001910209655762
Epoch: 21, Steps: 29 | Train Loss: 0.0786219 Vali Loss: 0.1264504 Test Loss: 0.0632237
Validation loss decreased (0.127620 --> 0.126450).  Saving model ...
Updating learning rate to 8.031187303565295e-06
Epoch: 22 cost time: 1.1925885677337646
Epoch: 22, Steps: 29 | Train Loss: 0.0778200 Vali Loss: 0.1255994 Test Loss: 0.0622437
Validation loss decreased (0.126450 --> 0.125599).  Saving model ...
Updating learning rate to 8.421272456123378e-06
Epoch: 23 cost time: 1.1948144435882568
Epoch: 23, Steps: 29 | Train Loss: 0.0769674 Vali Loss: 0.1250536 Test Loss: 0.0615091
Validation loss decreased (0.125599 --> 0.125054).  Saving model ...
Updating learning rate to 8.775983474730246e-06
Epoch: 24 cost time: 1.1951146125793457
Epoch: 24, Steps: 29 | Train Loss: 0.0761212 Vali Loss: 0.1237238 Test Loss: 0.0609679
Validation loss decreased (0.125054 --> 0.123724).  Saving model ...
Updating learning rate to 9.091425130013939e-06
Epoch: 25 cost time: 1.1964852809906006
Epoch: 25, Steps: 29 | Train Loss: 0.0753415 Vali Loss: 0.1235518 Test Loss: 0.0600241
Validation loss decreased (0.123724 --> 0.123552).  Saving model ...
Updating learning rate to 9.364133425830145e-06
Epoch: 26 cost time: 1.1896116733551025
Epoch: 26, Steps: 29 | Train Loss: 0.0745695 Vali Loss: 0.1223037 Test Loss: 0.0592890
Validation loss decreased (0.123552 --> 0.122304).  Saving model ...
Updating learning rate to 9.591113638846019e-06
Epoch: 27 cost time: 1.1845369338989258
Epoch: 27, Steps: 29 | Train Loss: 0.0737589 Vali Loss: 0.1214181 Test Loss: 0.0588445
Validation loss decreased (0.122304 --> 0.121418).  Saving model ...
Updating learning rate to 9.769873204843885e-06
Epoch: 28 cost time: 1.194699764251709
Epoch: 28, Steps: 29 | Train Loss: 0.0730342 Vali Loss: 0.1204203 Test Loss: 0.0583448
Validation loss decreased (0.121418 --> 0.120420).  Saving model ...
Updating learning rate to 9.898449090606656e-06
Epoch: 29 cost time: 1.2010595798492432
Epoch: 29, Steps: 29 | Train Loss: 0.0722683 Vali Loss: 0.1200037 Test Loss: 0.0576809
Validation loss decreased (0.120420 --> 0.120004).  Saving model ...
Updating learning rate to 9.975429350802846e-06
Epoch: 30 cost time: 1.2001621723175049
Epoch: 30, Steps: 29 | Train Loss: 0.0714915 Vali Loss: 0.1189595 Test Loss: 0.0572262
Validation loss decreased (0.120004 --> 0.118959).  Saving model ...
Updating learning rate to 9.99999401249548e-06
Epoch: 31 cost time: 1.1990556716918945
Epoch: 31, Steps: 29 | Train Loss: 0.0708316 Vali Loss: 0.1192536 Test Loss: 0.0561943
EarlyStopping counter: 1 out of 10
Updating learning rate to 9.994612212745642e-06
Epoch: 32 cost time: 1.1929945945739746
Epoch: 32, Steps: 29 | Train Loss: 0.0700856 Vali Loss: 0.1181954 Test Loss: 0.0560881
Validation loss decreased (0.118959 --> 0.118195).  Saving model ...
Updating learning rate to 9.979171968972798e-06
Epoch: 33 cost time: 1.1889305114746094
Epoch: 33, Steps: 29 | Train Loss: 0.0693762 Vali Loss: 0.1180970 Test Loss: 0.0551567
Validation loss decreased (0.118195 --> 0.118097).  Saving model ...
Updating learning rate to 9.953704375773079e-06
Epoch: 34 cost time: 1.1845757961273193
Epoch: 34, Steps: 29 | Train Loss: 0.0687279 Vali Loss: 0.1174025 Test Loss: 0.0550725
Validation loss decreased (0.118097 --> 0.117402).  Saving model ...
Updating learning rate to 9.918260721489893e-06
Epoch: 35 cost time: 1.1897928714752197
Epoch: 35, Steps: 29 | Train Loss: 0.0679965 Vali Loss: 0.1159855 Test Loss: 0.0545869
Validation loss decreased (0.117402 --> 0.115986).  Saving model ...
Updating learning rate to 9.872912384926035e-06
Epoch: 36 cost time: 1.1909518241882324
Epoch: 36, Steps: 29 | Train Loss: 0.0672935 Vali Loss: 0.1151427 Test Loss: 0.0543507
Validation loss decreased (0.115986 --> 0.115143).  Saving model ...
Updating learning rate to 9.817750691596265e-06
Epoch: 37 cost time: 1.1880748271942139
Epoch: 37, Steps: 29 | Train Loss: 0.0666091 Vali Loss: 0.1148860 Test Loss: 0.0537314
Validation loss decreased (0.115143 --> 0.114886).  Saving model ...
Updating learning rate to 9.752886729809889e-06
Epoch: 38 cost time: 1.1911942958831787
Epoch: 38, Steps: 29 | Train Loss: 0.0659421 Vali Loss: 0.1138999 Test Loss: 0.0534817
Validation loss decreased (0.114886 --> 0.113900).  Saving model ...
Updating learning rate to 9.678451126953676e-06
Epoch: 39 cost time: 1.200162649154663
Epoch: 39, Steps: 29 | Train Loss: 0.0653831 Vali Loss: 0.1134564 Test Loss: 0.0533529
Validation loss decreased (0.113900 --> 0.113456).  Saving model ...
Updating learning rate to 9.594593786425696e-06
Epoch: 40 cost time: 1.1935741901397705
Epoch: 40, Steps: 29 | Train Loss: 0.0647330 Vali Loss: 0.1129806 Test Loss: 0.0526298
Validation loss decreased (0.113456 --> 0.112981).  Saving model ...
Updating learning rate to 9.501483585749811e-06
Epoch: 41 cost time: 1.1840481758117676
Epoch: 41, Steps: 29 | Train Loss: 0.0641286 Vali Loss: 0.1122757 Test Loss: 0.0522690
Validation loss decreased (0.112981 --> 0.112276).  Saving model ...
Updating learning rate to 9.399308036478838e-06
Epoch: 42 cost time: 1.1890952587127686
Epoch: 42, Steps: 29 | Train Loss: 0.0634758 Vali Loss: 0.1122315 Test Loss: 0.0517870
Validation loss decreased (0.112276 --> 0.112232).  Saving model ...
Updating learning rate to 9.288272906571216e-06
Epoch: 43 cost time: 1.1932218074798584
Epoch: 43, Steps: 29 | Train Loss: 0.0628575 Vali Loss: 0.1108361 Test Loss: 0.0516813
Validation loss decreased (0.112232 --> 0.110836).  Saving model ...
Updating learning rate to 9.16860180600173e-06
Epoch: 44 cost time: 1.1941282749176025
Epoch: 44, Steps: 29 | Train Loss: 0.0623112 Vali Loss: 0.1099404 Test Loss: 0.0516149
Validation loss decreased (0.110836 --> 0.109940).  Saving model ...
Updating learning rate to 9.040535736440785e-06
Epoch: 45 cost time: 1.1935021877288818
Epoch: 45, Steps: 29 | Train Loss: 0.0616522 Vali Loss: 0.1097997 Test Loss: 0.0506807
Validation loss decreased (0.109940 --> 0.109800).  Saving model ...
Updating learning rate to 8.904332605909106e-06
Epoch: 46 cost time: 1.1914331912994385
Epoch: 46, Steps: 29 | Train Loss: 0.0611337 Vali Loss: 0.1084609 Test Loss: 0.0506501
Validation loss decreased (0.109800 --> 0.108461).  Saving model ...
Updating learning rate to 8.760266709385311e-06
Epoch: 47 cost time: 1.1880285739898682
Epoch: 47, Steps: 29 | Train Loss: 0.0605266 Vali Loss: 0.1083784 Test Loss: 0.0499862
Validation loss decreased (0.108461 --> 0.108378).  Saving model ...
Updating learning rate to 8.608628176412335e-06
Epoch: 48 cost time: 1.1897163391113281
Epoch: 48, Steps: 29 | Train Loss: 0.0599690 Vali Loss: 0.1069771 Test Loss: 0.0500980
Validation loss decreased (0.108378 --> 0.106977).  Saving model ...
Updating learning rate to 8.449722386815127e-06
Epoch: 49 cost time: 1.1894314289093018
Epoch: 49, Steps: 29 | Train Loss: 0.0594347 Vali Loss: 0.1062493 Test Loss: 0.0497572
Validation loss decreased (0.106977 --> 0.106249).  Saving model ...
Updating learning rate to 8.28386935570634e-06
Epoch: 50 cost time: 1.1765751838684082
Epoch: 50, Steps: 29 | Train Loss: 0.0588728 Vali Loss: 0.1060940 Test Loss: 0.0493239
Validation loss decreased (0.106249 --> 0.106094).  Saving model ...
Updating learning rate to 8.111403089018465e-06
Epoch: 51 cost time: 1.1933634281158447
Epoch: 51, Steps: 29 | Train Loss: 0.0582876 Vali Loss: 0.1048017 Test Loss: 0.0491618
Validation loss decreased (0.106094 --> 0.104802).  Saving model ...
Updating learning rate to 7.93267091086035e-06
Epoch: 52 cost time: 1.188816785812378
Epoch: 52, Steps: 29 | Train Loss: 0.0577821 Vali Loss: 0.1049663 Test Loss: 0.0483693
EarlyStopping counter: 1 out of 10
Updating learning rate to 7.748032764052655e-06
Epoch: 53 cost time: 1.193434238433838
Epoch: 53, Steps: 29 | Train Loss: 0.0572845 Vali Loss: 0.1051171 Test Loss: 0.0481231
EarlyStopping counter: 2 out of 10
Updating learning rate to 7.557860485250925e-06
Epoch: 54 cost time: 1.185642957687378
Epoch: 54, Steps: 29 | Train Loss: 0.0567576 Vali Loss: 0.1025598 Test Loss: 0.0479693
Validation loss decreased (0.104802 --> 0.102560).  Saving model ...
Updating learning rate to 7.362537056116034e-06
Epoch: 55 cost time: 1.1904628276824951
Epoch: 55, Steps: 29 | Train Loss: 0.0562914 Vali Loss: 0.1032333 Test Loss: 0.0473737
EarlyStopping counter: 1 out of 10
Updating learning rate to 7.162455832040107e-06
Epoch: 56 cost time: 1.1845133304595947
Epoch: 56, Steps: 29 | Train Loss: 0.0557660 Vali Loss: 0.1017169 Test Loss: 0.0473368
Validation loss decreased (0.102560 --> 0.101717).  Saving model ...
Updating learning rate to 6.9580197499810984e-06
Epoch: 57 cost time: 1.185788869857788
Epoch: 57, Steps: 29 | Train Loss: 0.0553147 Vali Loss: 0.1010788 Test Loss: 0.0468879
Validation loss decreased (0.101717 --> 0.101079).  Saving model ...
Updating learning rate to 6.7496405170013816e-06
Epoch: 58 cost time: 1.185779094696045
Epoch: 58, Steps: 29 | Train Loss: 0.0547636 Vali Loss: 0.1003543 Test Loss: 0.0464250
Validation loss decreased (0.101079 --> 0.100354).  Saving model ...
Updating learning rate to 6.537737781144523e-06
Epoch: 59 cost time: 1.1852474212646484
Epoch: 59, Steps: 29 | Train Loss: 0.0543034 Vali Loss: 0.0994540 Test Loss: 0.0463364
Validation loss decreased (0.100354 --> 0.099454).  Saving model ...
Updating learning rate to 6.322738286319964e-06
Epoch: 60 cost time: 1.1914725303649902
Epoch: 60, Steps: 29 | Train Loss: 0.0538401 Vali Loss: 0.0979946 Test Loss: 0.0462038
Validation loss decreased (0.099454 --> 0.097995).  Saving model ...
Updating learning rate to 6.105075012897585e-06
Epoch: 61 cost time: 1.1922075748443604
Epoch: 61, Steps: 29 | Train Loss: 0.0533936 Vali Loss: 0.0979714 Test Loss: 0.0457172
Validation loss decreased (0.097995 --> 0.097971).  Saving model ...
Updating learning rate to 5.885186305742857e-06
Epoch: 62 cost time: 1.18259596824646
Epoch: 62, Steps: 29 | Train Loss: 0.0528752 Vali Loss: 0.0969359 Test Loss: 0.0455224
Validation loss decreased (0.097971 --> 0.096936).  Saving model ...
Updating learning rate to 5.6635149914486225e-06
Epoch: 63 cost time: 1.1822152137756348
Epoch: 63, Steps: 29 | Train Loss: 0.0524739 Vali Loss: 0.0967061 Test Loss: 0.0450548
Validation loss decreased (0.096936 --> 0.096706).  Saving model ...
Updating learning rate to 5.440507486541268e-06
Epoch: 64 cost time: 1.1804537773132324
Epoch: 64, Steps: 29 | Train Loss: 0.0520217 Vali Loss: 0.0962278 Test Loss: 0.0446548
Validation loss decreased (0.096706 --> 0.096228).  Saving model ...
Updating learning rate to 5.216612898457253e-06
Epoch: 65 cost time: 1.1803615093231201
Epoch: 65, Steps: 29 | Train Loss: 0.0515864 Vali Loss: 0.0947212 Test Loss: 0.0445857
Validation loss decreased (0.096228 --> 0.094721).  Saving model ...
Updating learning rate to 4.992282121100496e-06
Epoch: 66 cost time: 1.185251235961914
Epoch: 66, Steps: 29 | Train Loss: 0.0511946 Vali Loss: 0.0945491 Test Loss: 0.0441077
Validation loss decreased (0.094721 --> 0.094549).  Saving model ...
Updating learning rate to 4.767966926802067e-06
Epoch: 67 cost time: 1.1902635097503662
Epoch: 67, Steps: 29 | Train Loss: 0.0507607 Vali Loss: 0.0937200 Test Loss: 0.0438197
Validation loss decreased (0.094549 --> 0.093720).  Saving model ...
Updating learning rate to 4.5441190565108235e-06
Epoch: 68 cost time: 1.187995433807373
Epoch: 68, Steps: 29 | Train Loss: 0.0502987 Vali Loss: 0.0931163 Test Loss: 0.0435393
Validation loss decreased (0.093720 --> 0.093116).  Saving model ...
Updating learning rate to 4.3211893100472735e-06
Epoch: 69 cost time: 1.192232608795166
Epoch: 69, Steps: 29 | Train Loss: 0.0498530 Vali Loss: 0.0924935 Test Loss: 0.0431663
Validation loss decreased (0.093116 --> 0.092493).  Saving model ...
Updating learning rate to 4.099626638252712e-06
Epoch: 70 cost time: 1.1877307891845703
Epoch: 70, Steps: 29 | Train Loss: 0.0494788 Vali Loss: 0.0918094 Test Loss: 0.0428647
Validation loss decreased (0.092493 --> 0.091809).  Saving model ...
Updating learning rate to 3.879877238861997e-06
Epoch: 71 cost time: 1.1846117973327637
Epoch: 71, Steps: 29 | Train Loss: 0.0491404 Vali Loss: 0.0911364 Test Loss: 0.0425454
Validation loss decreased (0.091809 --> 0.091136).  Saving model ...
Updating learning rate to 3.662383657920668e-06
Epoch: 72 cost time: 1.1886413097381592
Epoch: 72, Steps: 29 | Train Loss: 0.0486547 Vali Loss: 0.0903601 Test Loss: 0.0422690
Validation loss decreased (0.091136 --> 0.090360).  Saving model ...
Updating learning rate to 3.447583898556124e-06
Epoch: 73 cost time: 1.179037094116211
Epoch: 73, Steps: 29 | Train Loss: 0.0482781 Vali Loss: 0.0894109 Test Loss: 0.0420557
Validation loss decreased (0.090360 --> 0.089411).  Saving model ...
Updating learning rate to 3.2359105388976132e-06
Epoch: 74 cost time: 1.1861352920532227
Epoch: 74, Steps: 29 | Train Loss: 0.0478692 Vali Loss: 0.0892889 Test Loss: 0.0415448
Validation loss decreased (0.089411 --> 0.089289).  Saving model ...
Updating learning rate to 3.027789860921434e-06
Epoch: 75 cost time: 1.1899478435516357
Epoch: 75, Steps: 29 | Train Loss: 0.0475133 Vali Loss: 0.0886699 Test Loss: 0.0412951
Validation loss decreased (0.089289 --> 0.088670).  Saving model ...
Updating learning rate to 2.8236409919757893e-06
Epoch: 76 cost time: 1.1882526874542236
Epoch: 76, Steps: 29 | Train Loss: 0.0471411 Vali Loss: 0.0876261 Test Loss: 0.0411350
Validation loss decreased (0.088670 --> 0.087626).  Saving model ...
Updating learning rate to 2.6238750607140637e-06
Epoch: 77 cost time: 1.1839473247528076
Epoch: 77, Steps: 29 | Train Loss: 0.0467917 Vali Loss: 0.0866652 Test Loss: 0.0407933
Validation loss decreased (0.087626 --> 0.086665).  Saving model ...
Updating learning rate to 2.4288943691364434e-06
Epoch: 78 cost time: 1.1906719207763672
Epoch: 78, Steps: 29 | Train Loss: 0.0464088 Vali Loss: 0.0862284 Test Loss: 0.0404546
Validation loss decreased (0.086665 --> 0.086228).  Saving model ...
Updating learning rate to 2.2390915824072217e-06
Epoch: 79 cost time: 1.1882169246673584
Epoch: 79, Steps: 29 | Train Loss: 0.0460573 Vali Loss: 0.0856136 Test Loss: 0.0401354
Validation loss decreased (0.086228 --> 0.085614).  Saving model ...
Updating learning rate to 2.0548489380794217e-06
Epoch: 80 cost time: 1.1823394298553467
Epoch: 80, Steps: 29 | Train Loss: 0.0456732 Vali Loss: 0.0850613 Test Loss: 0.0398176
Validation loss decreased (0.085614 --> 0.085061).  Saving model ...
Updating learning rate to 1.876537476319218e-06
Epoch: 81 cost time: 1.188718318939209
Epoch: 81, Steps: 29 | Train Loss: 0.0453206 Vali Loss: 0.0848040 Test Loss: 0.0397387
Validation loss decreased (0.085061 --> 0.084804).  Saving model ...
Updating learning rate to 1.7045162926804444e-06
Epoch: 82 cost time: 1.1815929412841797
Epoch: 82, Steps: 29 | Train Loss: 0.0452710 Vali Loss: 0.0845953 Test Loss: 0.0398014
Validation loss decreased (0.084804 --> 0.084595).  Saving model ...
Updating learning rate to 1.5391318149339123e-06
Epoch: 83 cost time: 1.1864588260650635
Epoch: 83, Steps: 29 | Train Loss: 0.0453383 Vali Loss: 0.0847373 Test Loss: 0.0397306
EarlyStopping counter: 1 out of 10
Updating learning rate to 1.3807171054080036e-06
Epoch: 84 cost time: 1.1734223365783691
Epoch: 84, Steps: 29 | Train Loss: 0.0452668 Vali Loss: 0.0847351 Test Loss: 0.0397679
EarlyStopping counter: 2 out of 10
Updating learning rate to 1.2295911902454577e-06
Epoch: 85 cost time: 1.1785752773284912
Epoch: 85, Steps: 29 | Train Loss: 0.0452564 Vali Loss: 0.0846526 Test Loss: 0.0397503
EarlyStopping counter: 3 out of 10
Updating learning rate to 1.0860584169271784e-06
Epoch: 86 cost time: 1.1711316108703613
Epoch: 86, Steps: 29 | Train Loss: 0.0452589 Vali Loss: 0.0846151 Test Loss: 0.0397670
EarlyStopping counter: 4 out of 10
Updating learning rate to 9.504078413569088e-07
Epoch: 87 cost time: 1.1773858070373535
Epoch: 87, Steps: 29 | Train Loss: 0.0452351 Vali Loss: 0.0847497 Test Loss: 0.0397751
EarlyStopping counter: 5 out of 10
Updating learning rate to 8.229126457411124e-07
Epoch: 88 cost time: 1.1841869354248047
Epoch: 88, Steps: 29 | Train Loss: 0.0452785 Vali Loss: 0.0846737 Test Loss: 0.0397797
EarlyStopping counter: 6 out of 10
Updating learning rate to 7.038295884363647e-07
Epoch: 89 cost time: 1.1798856258392334
Epoch: 89, Steps: 29 | Train Loss: 0.0452329 Vali Loss: 0.0847684 Test Loss: 0.0397931
EarlyStopping counter: 7 out of 10
Updating learning rate to 5.933984868721898e-07
Epoch: 90 cost time: 1.1811935901641846
Epoch: 90, Steps: 29 | Train Loss: 0.0452324 Vali Loss: 0.0846976 Test Loss: 0.0397958
EarlyStopping counter: 8 out of 10
Updating learning rate to 4.918417345906772e-07
Epoch: 91 cost time: 1.1740374565124512
Epoch: 91, Steps: 29 | Train Loss: 0.0452142 Vali Loss: 0.0846409 Test Loss: 0.0398047
EarlyStopping counter: 9 out of 10
Updating learning rate to 3.9936385337548097e-07
Epoch: 92 cost time: 1.176401138305664
Epoch: 92, Steps: 29 | Train Loss: 0.0452596 Vali Loss: 0.0844285 Test Loss: 0.0398018
Validation loss decreased (0.084595 --> 0.084428).  Saving model ...
Updating learning rate to 3.161510813721721e-07
Epoch: 93 cost time: 1.1808457374572754
Epoch: 93, Steps: 29 | Train Loss: 0.0452258 Vali Loss: 0.0849388 Test Loss: 0.0397788
EarlyStopping counter: 1 out of 10
Updating learning rate to 2.4237099802938663e-07
Epoch: 94 cost time: 1.1805758476257324
Epoch: 94, Steps: 29 | Train Loss: 0.0452612 Vali Loss: 0.0848564 Test Loss: 0.0397789
EarlyStopping counter: 2 out of 10
Updating learning rate to 1.7817218661613333e-07
Epoch: 95 cost time: 1.1806375980377197
Epoch: 95, Steps: 29 | Train Loss: 0.0452616 Vali Loss: 0.0846430 Test Loss: 0.0398123
EarlyStopping counter: 3 out of 10
Updating learning rate to 1.236839349948492e-07
Epoch: 96 cost time: 1.1748955249786377
Epoch: 96, Steps: 29 | Train Loss: 0.0452124 Vali Loss: 0.0846590 Test Loss: 0.0398062
EarlyStopping counter: 4 out of 10
Updating learning rate to 7.90159752528609e-08
Epoch: 97 cost time: 1.173065185546875
Epoch: 97, Steps: 29 | Train Loss: 0.0452377 Vali Loss: 0.0847170 Test Loss: 0.0397876
EarlyStopping counter: 5 out of 10
Updating learning rate to 4.425826271655888e-08
Epoch: 98 cost time: 1.176586389541626
Epoch: 98, Steps: 29 | Train Loss: 0.0452285 Vali Loss: 0.0846411 Test Loss: 0.0398163
EarlyStopping counter: 6 out of 10
Updating learning rate to 1.948079479334324e-08
Epoch: 99 cost time: 1.1768414974212646
Epoch: 99, Steps: 29 | Train Loss: 0.0452508 Vali Loss: 0.0845386 Test Loss: 0.0398079
EarlyStopping counter: 7 out of 10
Updating learning rate to 4.7334700061613195e-09
Epoch: 100 cost time: 1.1785988807678223
Epoch: 100, Steps: 29 | Train Loss: 0.0452237 Vali Loss: 0.0846958 Test Loss: 0.0398082
EarlyStopping counter: 8 out of 10
Updating learning rate to 4.5987504521248976e-11
>>>>>>>testing : ETTh1_336_720_DTFNet_ETTh1_ftM_sl336_ll0_pl720_dm128_nh16_el2_br2_dl1_df256_fc1_ebtimeF_dtTrue_'Exp'_0_'rel_sin'_16_8_16,24_8,12_3_1_256<<<<<<<<<<<<<<<<<<<<<<<<<<<<<<<<<
test 2161
mse:0.4187178313732147, mae:0.44489383697509766, rse:0.6215066909790039
