Args in experiment:
Namespace(random_seed=2000, is_training=1, model_id='ETTh1_336_720', model='DTFNet', data='ETTh1', root_path='./dataset/', data_path='ETTh1.csv', features='M', target='OT', freq='h', checkpoints='./checkpoints/', seq_len=336, label_len=0, pred_len=720, n_branches=2, patch_len_ls='16,24', stride_ls='8,12', d_model_ls='128', n_heads_ls='16', rel_pe="'rel_sin'", res_attn=False, head_type='flatten', fc_dropout=0.3, head_dropout=0.1, patch_len=16, stride=8, padding_patch="'end'", revin=1, affine=0, subtract_last=0, decomposition=0, kernel_size=25, individual=0, store_attn=False, pre_norm=False, pe='zeros', no_learn_pe=True, embed_type=0, enc_in=7, dec_in=7, c_out=7, d_model=128, n_heads=16, e_layers=2, d_layers=1, d_ff=256, moving_avg=25, factor=1, distil=True, dropout=0.3, embed='timeF', activation='gelu', output_attention=False, do_predict=False, num_workers=0, itr=1, train_epochs=100, batch_size=256, patience=10, learning_rate=1e-05, des="'Exp'", loss='mse', lradj='TST', pct_start=0.3, use_amp=False, l2=0.0, warmup_steps=0, use_gpu=True, gpu=0, use_multi_gpu=False, devices='0', test_flop=False, use_mlflow=False, mlflow_project='exp', loss_flag=2, sub_patch_len=16, sub_stride=8, stride_ls_list='16', model_type='linear', tfactor=3, dilation_rates='1', wavelet_layers=2, wavelet_type='db5', wavelet_mode='periodization', wavelet_dim=64, initTLV=0.2)
Use GPU: cuda:0
>>>>>>>start training : ETTh1_336_720_DTFNet_ETTh1_ftM_sl336_ll0_pl720_dm128_nh16_el2_br2_dl1_df256_fc1_ebtimeF_dtTrue_'Exp'_0_'rel_sin'_16_8_16,24_8,12_3_1_256>>>>>>>>>>>>>>>>>>>>>>>>>>
train 7585
val 2161
test 2161
Epoch: 1 cost time: 1.5537214279174805
Epoch: 1, Steps: 29 | Train Loss: 0.1076491 Vali Loss: 0.1788260 Test Loss: 0.0998039
Validation loss decreased (inf --> 0.178826).  Saving model ...
Updating learning rate to 4.2635539919063106e-07
Epoch: 2 cost time: 1.1764631271362305
Epoch: 2, Steps: 29 | Train Loss: 0.1068132 Vali Loss: 0.1774510 Test Loss: 0.0989697
Validation loss decreased (0.178826 --> 0.177451).  Saving model ...
Updating learning rate to 5.051321771514831e-07
Epoch: 3 cost time: 1.1770172119140625
Epoch: 3, Steps: 29 | Train Loss: 0.1057877 Vali Loss: 0.1757825 Test Loss: 0.0980646
Validation loss decreased (0.177451 --> 0.175783).  Saving model ...
Updating learning rate to 6.354652532866785e-07
Epoch: 4 cost time: 1.181757926940918
Epoch: 4, Steps: 29 | Train Loss: 0.1049706 Vali Loss: 0.1738147 Test Loss: 0.0970903
Validation loss decreased (0.175783 --> 0.173815).  Saving model ...
Updating learning rate to 8.159233858256806e-07
Epoch: 5 cost time: 1.184469223022461
Epoch: 5, Steps: 29 | Train Loss: 0.1040102 Vali Loss: 0.1722632 Test Loss: 0.0960378
Validation loss decreased (0.173815 --> 0.172263).  Saving model ...
Updating learning rate to 1.0445248888850473e-06
Epoch: 6 cost time: 1.1783101558685303
Epoch: 6, Steps: 29 | Train Loss: 0.1030187 Vali Loss: 0.1702658 Test Loss: 0.0948606
Validation loss decreased (0.172263 --> 0.170266).  Saving model ...
Updating learning rate to 1.3187593941861497e-06
Epoch: 7 cost time: 1.1866281032562256
Epoch: 7, Steps: 29 | Train Loss: 0.1018808 Vali Loss: 0.1678775 Test Loss: 0.0935060
Validation loss decreased (0.170266 --> 0.167877).  Saving model ...
Updating learning rate to 1.6356154184543822e-06
Epoch: 8 cost time: 1.1816391944885254
Epoch: 8, Steps: 29 | Train Loss: 0.1006518 Vali Loss: 0.1658887 Test Loss: 0.0918611
Validation loss decreased (0.167877 --> 0.165889).  Saving model ...
Updating learning rate to 1.9916134337707666e-06
Epoch: 9 cost time: 1.178884744644165
Epoch: 9, Steps: 29 | Train Loss: 0.0991629 Vali Loss: 0.1625949 Test Loss: 0.0897612
Validation loss decreased (0.165889 --> 0.162595).  Saving model ...
Updating learning rate to 2.3828440777166636e-06
Epoch: 10 cost time: 1.1804563999176025
Epoch: 10, Steps: 29 | Train Loss: 0.0974545 Vali Loss: 0.1582069 Test Loss: 0.0868620
Validation loss decreased (0.162595 --> 0.158207).  Saving model ...
Updating learning rate to 2.805011083710071e-06
Epoch: 11 cost time: 1.183955192565918
Epoch: 11, Steps: 29 | Train Loss: 0.0953499 Vali Loss: 0.1532263 Test Loss: 0.0829200
Validation loss decreased (0.158207 --> 0.153226).  Saving model ...
Updating learning rate to 3.2534784600976295e-06
Epoch: 12 cost time: 1.1872756481170654
Epoch: 12, Steps: 29 | Train Loss: 0.0925569 Vali Loss: 0.1472437 Test Loss: 0.0783580
Validation loss decreased (0.153226 --> 0.147244).  Saving model ...
Updating learning rate to 3.723321399909056e-06
Epoch: 13 cost time: 1.182495355606079
Epoch: 13, Steps: 29 | Train Loss: 0.0900838 Vali Loss: 0.1426054 Test Loss: 0.0751970
Validation loss decreased (0.147244 --> 0.142605).  Saving model ...
Updating learning rate to 4.209380362212844e-06
Epoch: 14 cost time: 1.1797869205474854
Epoch: 14, Steps: 29 | Train Loss: 0.0881327 Vali Loss: 0.1393101 Test Loss: 0.0735189
Validation loss decreased (0.142605 --> 0.139310).  Saving model ...
Updating learning rate to 4.706317731183279e-06
Epoch: 15 cost time: 1.1772754192352295
Epoch: 15, Steps: 29 | Train Loss: 0.0864529 Vali Loss: 0.1364579 Test Loss: 0.0714492
Validation loss decreased (0.139310 --> 0.136458).  Saving model ...
Updating learning rate to 5.208676430682048e-06
Epoch: 16 cost time: 1.1805229187011719
Epoch: 16, Steps: 29 | Train Loss: 0.0847208 Vali Loss: 0.1340024 Test Loss: 0.0696164
Validation loss decreased (0.136458 --> 0.134002).  Saving model ...
Updating learning rate to 5.710939850683244e-06
Epoch: 17 cost time: 1.18770432472229
Epoch: 17, Steps: 29 | Train Loss: 0.0831113 Vali Loss: 0.1320926 Test Loss: 0.0675218
Validation loss decreased (0.134002 --> 0.132093).  Saving model ...
Updating learning rate to 6.207592427464792e-06
Epoch: 18 cost time: 1.1848130226135254
Epoch: 18, Steps: 29 | Train Loss: 0.0817013 Vali Loss: 0.1301301 Test Loss: 0.0659984
Validation loss decreased (0.132093 --> 0.130130).  Saving model ...
Updating learning rate to 6.693180212309968e-06
Epoch: 19 cost time: 1.180415391921997
Epoch: 19, Steps: 29 | Train Loss: 0.0806042 Vali Loss: 0.1284252 Test Loss: 0.0651815
Validation loss decreased (0.130130 --> 0.128425).  Saving model ...
Updating learning rate to 7.1623707635889015e-06
Epoch: 20 cost time: 1.1803910732269287
Epoch: 20, Steps: 29 | Train Loss: 0.0796552 Vali Loss: 0.1276237 Test Loss: 0.0641661
Validation loss decreased (0.128425 --> 0.127624).  Saving model ...
Updating learning rate to 7.610011704520164e-06
Epoch: 21 cost time: 1.1723523139953613
Epoch: 21, Steps: 29 | Train Loss: 0.0786982 Vali Loss: 0.1265179 Test Loss: 0.0634405
Validation loss decreased (0.127624 --> 0.126518).  Saving model ...
Updating learning rate to 8.031187303565295e-06
Epoch: 22 cost time: 1.180755615234375
Epoch: 22, Steps: 29 | Train Loss: 0.0778486 Vali Loss: 0.1258817 Test Loss: 0.0624372
Validation loss decreased (0.126518 --> 0.125882).  Saving model ...
Updating learning rate to 8.421272456123378e-06
Epoch: 23 cost time: 1.1830110549926758
Epoch: 23, Steps: 29 | Train Loss: 0.0770444 Vali Loss: 0.1249197 Test Loss: 0.0618433
Validation loss decreased (0.125882 --> 0.124920).  Saving model ...
Updating learning rate to 8.775983474730246e-06
Epoch: 24 cost time: 1.1831064224243164
Epoch: 24, Steps: 29 | Train Loss: 0.0762375 Vali Loss: 0.1237678 Test Loss: 0.0610366
Validation loss decreased (0.124920 --> 0.123768).  Saving model ...
Updating learning rate to 9.091425130013939e-06
Epoch: 25 cost time: 1.176337480545044
Epoch: 25, Steps: 29 | Train Loss: 0.0754141 Vali Loss: 0.1227466 Test Loss: 0.0605637
Validation loss decreased (0.123768 --> 0.122747).  Saving model ...
Updating learning rate to 9.364133425830145e-06
Epoch: 26 cost time: 1.1791400909423828
Epoch: 26, Steps: 29 | Train Loss: 0.0747061 Vali Loss: 0.1219904 Test Loss: 0.0597159
Validation loss decreased (0.122747 --> 0.121990).  Saving model ...
Updating learning rate to 9.591113638846019e-06
Epoch: 27 cost time: 1.18007230758667
Epoch: 27, Steps: 29 | Train Loss: 0.0738946 Vali Loss: 0.1214736 Test Loss: 0.0588116
Validation loss decreased (0.121990 --> 0.121474).  Saving model ...
Updating learning rate to 9.769873204843885e-06
Epoch: 28 cost time: 1.185539960861206
Epoch: 28, Steps: 29 | Train Loss: 0.0731442 Vali Loss: 0.1205369 Test Loss: 0.0581166
Validation loss decreased (0.121474 --> 0.120537).  Saving model ...
Updating learning rate to 9.898449090606656e-06
Epoch: 29 cost time: 1.1835222244262695
Epoch: 29, Steps: 29 | Train Loss: 0.0723969 Vali Loss: 0.1191790 Test Loss: 0.0577650
Validation loss decreased (0.120537 --> 0.119179).  Saving model ...
Updating learning rate to 9.975429350802846e-06
Epoch: 30 cost time: 1.1790010929107666
Epoch: 30, Steps: 29 | Train Loss: 0.0717205 Vali Loss: 0.1188415 Test Loss: 0.0570231
Validation loss decreased (0.119179 --> 0.118842).  Saving model ...
Updating learning rate to 9.99999401249548e-06
Epoch: 31 cost time: 1.1806766986846924
Epoch: 31, Steps: 29 | Train Loss: 0.0709794 Vali Loss: 0.1181375 Test Loss: 0.0564153
Validation loss decreased (0.118842 --> 0.118137).  Saving model ...
Updating learning rate to 9.994612212745642e-06
Epoch: 32 cost time: 1.1802964210510254
Epoch: 32, Steps: 29 | Train Loss: 0.0702842 Vali Loss: 0.1172598 Test Loss: 0.0562102
Validation loss decreased (0.118137 --> 0.117260).  Saving model ...
Updating learning rate to 9.979171968972798e-06
Epoch: 33 cost time: 1.1859769821166992
Epoch: 33, Steps: 29 | Train Loss: 0.0696032 Vali Loss: 0.1167523 Test Loss: 0.0554389
Validation loss decreased (0.117260 --> 0.116752).  Saving model ...
Updating learning rate to 9.953704375773079e-06
Epoch: 34 cost time: 1.191495418548584
Epoch: 34, Steps: 29 | Train Loss: 0.0688783 Vali Loss: 0.1155828 Test Loss: 0.0553853
Validation loss decreased (0.116752 --> 0.115583).  Saving model ...
Updating learning rate to 9.918260721489893e-06
Epoch: 35 cost time: 1.1732838153839111
Epoch: 35, Steps: 29 | Train Loss: 0.0682749 Vali Loss: 0.1151830 Test Loss: 0.0547182
Validation loss decreased (0.115583 --> 0.115183).  Saving model ...
Updating learning rate to 9.872912384926035e-06
Epoch: 36 cost time: 1.1745460033416748
Epoch: 36, Steps: 29 | Train Loss: 0.0675456 Vali Loss: 0.1149727 Test Loss: 0.0540992
Validation loss decreased (0.115183 --> 0.114973).  Saving model ...
Updating learning rate to 9.817750691596265e-06
Epoch: 37 cost time: 1.1857881546020508
Epoch: 37, Steps: 29 | Train Loss: 0.0669353 Vali Loss: 0.1136473 Test Loss: 0.0539254
Validation loss decreased (0.114973 --> 0.113647).  Saving model ...
Updating learning rate to 9.752886729809889e-06
Epoch: 38 cost time: 1.1847138404846191
Epoch: 38, Steps: 29 | Train Loss: 0.0662217 Vali Loss: 0.1140383 Test Loss: 0.0534099
EarlyStopping counter: 1 out of 10
Updating learning rate to 9.678451126953676e-06
Epoch: 39 cost time: 1.1799213886260986
Epoch: 39, Steps: 29 | Train Loss: 0.0655724 Vali Loss: 0.1126649 Test Loss: 0.0530525
Validation loss decreased (0.113647 --> 0.112665).  Saving model ...
Updating learning rate to 9.594593786425696e-06
Epoch: 40 cost time: 1.1806514263153076
Epoch: 40, Steps: 29 | Train Loss: 0.0649347 Vali Loss: 0.1124459 Test Loss: 0.0524147
Validation loss decreased (0.112665 --> 0.112446).  Saving model ...
Updating learning rate to 9.501483585749811e-06
Epoch: 41 cost time: 1.1777498722076416
Epoch: 41, Steps: 29 | Train Loss: 0.0642561 Vali Loss: 0.1112113 Test Loss: 0.0522765
Validation loss decreased (0.112446 --> 0.111211).  Saving model ...
Updating learning rate to 9.399308036478838e-06
Epoch: 42 cost time: 1.1847858428955078
Epoch: 42, Steps: 29 | Train Loss: 0.0637228 Vali Loss: 0.1107827 Test Loss: 0.0519305
Validation loss decreased (0.111211 --> 0.110783).  Saving model ...
Updating learning rate to 9.288272906571216e-06
Epoch: 43 cost time: 1.1836082935333252
Epoch: 43, Steps: 29 | Train Loss: 0.0630314 Vali Loss: 0.1095590 Test Loss: 0.0518439
Validation loss decreased (0.110783 --> 0.109559).  Saving model ...
Updating learning rate to 9.16860180600173e-06
Epoch: 44 cost time: 1.1783983707427979
Epoch: 44, Steps: 29 | Train Loss: 0.0624624 Vali Loss: 0.1086838 Test Loss: 0.0515364
Validation loss decreased (0.109559 --> 0.108684).  Saving model ...
Updating learning rate to 9.040535736440785e-06
Epoch: 45 cost time: 1.1866543292999268
Epoch: 45, Steps: 29 | Train Loss: 0.0618534 Vali Loss: 0.1077918 Test Loss: 0.0511839
Validation loss decreased (0.108684 --> 0.107792).  Saving model ...
Updating learning rate to 8.904332605909106e-06
Epoch: 46 cost time: 1.1800158023834229
Epoch: 46, Steps: 29 | Train Loss: 0.0613151 Vali Loss: 0.1081982 Test Loss: 0.0503838
EarlyStopping counter: 1 out of 10
Updating learning rate to 8.760266709385311e-06
Epoch: 47 cost time: 1.1803619861602783
Epoch: 47, Steps: 29 | Train Loss: 0.0607150 Vali Loss: 0.1073097 Test Loss: 0.0502388
Validation loss decreased (0.107792 --> 0.107310).  Saving model ...
Updating learning rate to 8.608628176412335e-06
Epoch: 48 cost time: 1.1805799007415771
Epoch: 48, Steps: 29 | Train Loss: 0.0601050 Vali Loss: 0.1065130 Test Loss: 0.0498302
Validation loss decreased (0.107310 --> 0.106513).  Saving model ...
Updating learning rate to 8.449722386815127e-06
Epoch: 49 cost time: 1.1765806674957275
Epoch: 49, Steps: 29 | Train Loss: 0.0595317 Vali Loss: 0.1058135 Test Loss: 0.0496197
Validation loss decreased (0.106513 --> 0.105814).  Saving model ...
Updating learning rate to 8.28386935570634e-06
Epoch: 50 cost time: 1.1808784008026123
Epoch: 50, Steps: 29 | Train Loss: 0.0589984 Vali Loss: 0.1047369 Test Loss: 0.0493184
Validation loss decreased (0.105814 --> 0.104737).  Saving model ...
Updating learning rate to 8.111403089018465e-06
Epoch: 51 cost time: 1.1831395626068115
Epoch: 51, Steps: 29 | Train Loss: 0.0584618 Vali Loss: 0.1043039 Test Loss: 0.0489129
Validation loss decreased (0.104737 --> 0.104304).  Saving model ...
Updating learning rate to 7.93267091086035e-06
Epoch: 52 cost time: 1.1792676448822021
Epoch: 52, Steps: 29 | Train Loss: 0.0578851 Vali Loss: 0.1037208 Test Loss: 0.0486965
Validation loss decreased (0.104304 --> 0.103721).  Saving model ...
Updating learning rate to 7.748032764052655e-06
Epoch: 53 cost time: 1.18448805809021
Epoch: 53, Steps: 29 | Train Loss: 0.0573682 Vali Loss: 0.1020534 Test Loss: 0.0486093
Validation loss decreased (0.103721 --> 0.102053).  Saving model ...
Updating learning rate to 7.557860485250925e-06
Epoch: 54 cost time: 1.1819605827331543
Epoch: 54, Steps: 29 | Train Loss: 0.0568631 Vali Loss: 0.1023986 Test Loss: 0.0479317
EarlyStopping counter: 1 out of 10
Updating learning rate to 7.362537056116034e-06
Epoch: 55 cost time: 1.179375171661377
Epoch: 55, Steps: 29 | Train Loss: 0.0563377 Vali Loss: 0.1007751 Test Loss: 0.0478641
Validation loss decreased (0.102053 --> 0.100775).  Saving model ...
Updating learning rate to 7.162455832040107e-06
Epoch: 56 cost time: 1.1758885383605957
Epoch: 56, Steps: 29 | Train Loss: 0.0557984 Vali Loss: 0.1005631 Test Loss: 0.0475401
Validation loss decreased (0.100775 --> 0.100563).  Saving model ...
Updating learning rate to 6.9580197499810984e-06
Epoch: 57 cost time: 1.1838390827178955
Epoch: 57, Steps: 29 | Train Loss: 0.0553059 Vali Loss: 0.0994084 Test Loss: 0.0471438
Validation loss decreased (0.100563 --> 0.099408).  Saving model ...
Updating learning rate to 6.7496405170013816e-06
Epoch: 58 cost time: 1.1836988925933838
Epoch: 58, Steps: 29 | Train Loss: 0.0548195 Vali Loss: 0.0985905 Test Loss: 0.0470152
Validation loss decreased (0.099408 --> 0.098591).  Saving model ...
Updating learning rate to 6.537737781144523e-06
Epoch: 59 cost time: 1.1820316314697266
Epoch: 59, Steps: 29 | Train Loss: 0.0543682 Vali Loss: 0.0980777 Test Loss: 0.0466616
Validation loss decreased (0.098591 --> 0.098078).  Saving model ...
Updating learning rate to 6.322738286319964e-06
Epoch: 60 cost time: 1.18753981590271
Epoch: 60, Steps: 29 | Train Loss: 0.0538518 Vali Loss: 0.0976255 Test Loss: 0.0462637
Validation loss decreased (0.098078 --> 0.097626).  Saving model ...
Updating learning rate to 6.105075012897585e-06
Epoch: 61 cost time: 1.178025722503662
Epoch: 61, Steps: 29 | Train Loss: 0.0534282 Vali Loss: 0.0963232 Test Loss: 0.0461297
Validation loss decreased (0.097626 --> 0.096323).  Saving model ...
Updating learning rate to 5.885186305742857e-06
Epoch: 62 cost time: 1.182654857635498
Epoch: 62, Steps: 29 | Train Loss: 0.0529369 Vali Loss: 0.0960639 Test Loss: 0.0457818
Validation loss decreased (0.096323 --> 0.096064).  Saving model ...
Updating learning rate to 5.6635149914486225e-06
Epoch: 63 cost time: 1.1775200366973877
Epoch: 63, Steps: 29 | Train Loss: 0.0524922 Vali Loss: 0.0958334 Test Loss: 0.0452142
Validation loss decreased (0.096064 --> 0.095833).  Saving model ...
Updating learning rate to 5.440507486541268e-06
Epoch: 64 cost time: 1.1881413459777832
Epoch: 64, Steps: 29 | Train Loss: 0.0520219 Vali Loss: 0.0941597 Test Loss: 0.0453408
Validation loss decreased (0.095833 --> 0.094160).  Saving model ...
Updating learning rate to 5.216612898457253e-06
Epoch: 65 cost time: 1.1811456680297852
Epoch: 65, Steps: 29 | Train Loss: 0.0516356 Vali Loss: 0.0932288 Test Loss: 0.0449573
Validation loss decreased (0.094160 --> 0.093229).  Saving model ...
Updating learning rate to 4.992282121100496e-06
Epoch: 66 cost time: 1.181624412536621
Epoch: 66, Steps: 29 | Train Loss: 0.0512137 Vali Loss: 0.0932409 Test Loss: 0.0445115
EarlyStopping counter: 1 out of 10
Updating learning rate to 4.767966926802067e-06
Epoch: 67 cost time: 1.1804420948028564
Epoch: 67, Steps: 29 | Train Loss: 0.0506860 Vali Loss: 0.0921808 Test Loss: 0.0443788
Validation loss decreased (0.093229 --> 0.092181).  Saving model ...
Updating learning rate to 4.5441190565108235e-06
Epoch: 68 cost time: 1.179856777191162
Epoch: 68, Steps: 29 | Train Loss: 0.0503322 Vali Loss: 0.0917145 Test Loss: 0.0438472
Validation loss decreased (0.092181 --> 0.091714).  Saving model ...
Updating learning rate to 4.3211893100472735e-06
Epoch: 69 cost time: 1.1827259063720703
Epoch: 69, Steps: 29 | Train Loss: 0.0498588 Vali Loss: 0.0903378 Test Loss: 0.0438168
Validation loss decreased (0.091714 --> 0.090338).  Saving model ...
Updating learning rate to 4.099626638252712e-06
Epoch: 70 cost time: 1.1815359592437744
Epoch: 70, Steps: 29 | Train Loss: 0.0495092 Vali Loss: 0.0900082 Test Loss: 0.0434212
Validation loss decreased (0.090338 --> 0.090008).  Saving model ...
Updating learning rate to 3.879877238861997e-06
Epoch: 71 cost time: 1.1820015907287598
Epoch: 71, Steps: 29 | Train Loss: 0.0490856 Vali Loss: 0.0897315 Test Loss: 0.0429864
Validation loss decreased (0.090008 --> 0.089731).  Saving model ...
Updating learning rate to 3.662383657920668e-06
Epoch: 72 cost time: 1.1905317306518555
Epoch: 72, Steps: 29 | Train Loss: 0.0486367 Vali Loss: 0.0889097 Test Loss: 0.0426315
Validation loss decreased (0.089731 --> 0.088910).  Saving model ...
Updating learning rate to 3.447583898556124e-06
Epoch: 73 cost time: 1.175816297531128
Epoch: 73, Steps: 29 | Train Loss: 0.0482468 Vali Loss: 0.0881585 Test Loss: 0.0422913
Validation loss decreased (0.088910 --> 0.088159).  Saving model ...
Updating learning rate to 3.2359105388976132e-06
Epoch: 74 cost time: 1.1783745288848877
Epoch: 74, Steps: 29 | Train Loss: 0.0478907 Vali Loss: 0.0875161 Test Loss: 0.0421901
Validation loss decreased (0.088159 --> 0.087516).  Saving model ...
Updating learning rate to 3.027789860921434e-06
Epoch: 75 cost time: 1.1774232387542725
Epoch: 75, Steps: 29 | Train Loss: 0.0475232 Vali Loss: 0.0866790 Test Loss: 0.0417873
Validation loss decreased (0.087516 --> 0.086679).  Saving model ...
Updating learning rate to 2.8236409919757893e-06
Epoch: 76 cost time: 1.1797387599945068
Epoch: 76, Steps: 29 | Train Loss: 0.0471253 Vali Loss: 0.0860610 Test Loss: 0.0415896
Validation loss decreased (0.086679 --> 0.086061).  Saving model ...
Updating learning rate to 2.6238750607140637e-06
Epoch: 77 cost time: 1.186093807220459
Epoch: 77, Steps: 29 | Train Loss: 0.0467837 Vali Loss: 0.0856488 Test Loss: 0.0412423
Validation loss decreased (0.086061 --> 0.085649).  Saving model ...
Updating learning rate to 2.4288943691364434e-06
Epoch: 78 cost time: 1.1823184490203857
Epoch: 78, Steps: 29 | Train Loss: 0.0463898 Vali Loss: 0.0851193 Test Loss: 0.0408461
Validation loss decreased (0.085649 --> 0.085119).  Saving model ...
Updating learning rate to 2.2390915824072217e-06
Epoch: 79 cost time: 1.1783437728881836
Epoch: 79, Steps: 29 | Train Loss: 0.0460328 Vali Loss: 0.0847343 Test Loss: 0.0404841
Validation loss decreased (0.085119 --> 0.084734).  Saving model ...
Updating learning rate to 2.0548489380794217e-06
Epoch: 80 cost time: 1.1830377578735352
Epoch: 80, Steps: 29 | Train Loss: 0.0456308 Vali Loss: 0.0835890 Test Loss: 0.0402013
Validation loss decreased (0.084734 --> 0.083589).  Saving model ...
Updating learning rate to 1.876537476319218e-06
Epoch: 81 cost time: 1.1702015399932861
Epoch: 81, Steps: 29 | Train Loss: 0.0453486 Vali Loss: 0.0833906 Test Loss: 0.0401110
Validation loss decreased (0.083589 --> 0.083391).  Saving model ...
Updating learning rate to 1.7045162926804444e-06
Epoch: 82 cost time: 1.183173656463623
Epoch: 82, Steps: 29 | Train Loss: 0.0453316 Vali Loss: 0.0832621 Test Loss: 0.0402095
Validation loss decreased (0.083391 --> 0.083262).  Saving model ...
Updating learning rate to 1.5391318149339123e-06
Epoch: 83 cost time: 1.1854898929595947
Epoch: 83, Steps: 29 | Train Loss: 0.0453033 Vali Loss: 0.0832069 Test Loss: 0.0402600
Validation loss decreased (0.083262 --> 0.083207).  Saving model ...
Updating learning rate to 1.3807171054080036e-06
Epoch: 84 cost time: 1.1810755729675293
Epoch: 84, Steps: 29 | Train Loss: 0.0452996 Vali Loss: 0.0833071 Test Loss: 0.0402558
EarlyStopping counter: 1 out of 10
Updating learning rate to 1.2295911902454577e-06
Epoch: 85 cost time: 1.1848368644714355
Epoch: 85, Steps: 29 | Train Loss: 0.0452270 Vali Loss: 0.0832576 Test Loss: 0.0402740
EarlyStopping counter: 2 out of 10
Updating learning rate to 1.0860584169271784e-06
Epoch: 86 cost time: 1.179919719696045
Epoch: 86, Steps: 29 | Train Loss: 0.0452790 Vali Loss: 0.0832155 Test Loss: 0.0402624
EarlyStopping counter: 3 out of 10
Updating learning rate to 9.504078413569088e-07
Epoch: 87 cost time: 1.1885120868682861
Epoch: 87, Steps: 29 | Train Loss: 0.0452469 Vali Loss: 0.0835523 Test Loss: 0.0402488
EarlyStopping counter: 4 out of 10
Updating learning rate to 8.229126457411124e-07
Epoch: 88 cost time: 1.1729965209960938
Epoch: 88, Steps: 29 | Train Loss: 0.0452511 Vali Loss: 0.0832741 Test Loss: 0.0403094
EarlyStopping counter: 5 out of 10
Updating learning rate to 7.038295884363647e-07
Epoch: 89 cost time: 1.1837105751037598
Epoch: 89, Steps: 29 | Train Loss: 0.0452872 Vali Loss: 0.0835695 Test Loss: 0.0402012
EarlyStopping counter: 6 out of 10
Updating learning rate to 5.933984868721898e-07
Epoch: 90 cost time: 1.1838974952697754
Epoch: 90, Steps: 29 | Train Loss: 0.0452701 Vali Loss: 0.0831504 Test Loss: 0.0402991
Validation loss decreased (0.083207 --> 0.083150).  Saving model ...
Updating learning rate to 4.918417345906772e-07
Epoch: 91 cost time: 1.1739585399627686
Epoch: 91, Steps: 29 | Train Loss: 0.0452382 Vali Loss: 0.0835217 Test Loss: 0.0402270
EarlyStopping counter: 1 out of 10
Updating learning rate to 3.9936385337548097e-07
Epoch: 92 cost time: 1.187103271484375
Epoch: 92, Steps: 29 | Train Loss: 0.0452456 Vali Loss: 0.0833417 Test Loss: 0.0402816
EarlyStopping counter: 2 out of 10
Updating learning rate to 3.161510813721721e-07
Epoch: 93 cost time: 1.1888384819030762
Epoch: 93, Steps: 29 | Train Loss: 0.0452593 Vali Loss: 0.0834106 Test Loss: 0.0402634
EarlyStopping counter: 3 out of 10
Updating learning rate to 2.4237099802938663e-07
Epoch: 94 cost time: 1.188185214996338
Epoch: 94, Steps: 29 | Train Loss: 0.0452266 Vali Loss: 0.0834967 Test Loss: 0.0402540
EarlyStopping counter: 4 out of 10
Updating learning rate to 1.7817218661613333e-07
Epoch: 95 cost time: 1.1839203834533691
Epoch: 95, Steps: 29 | Train Loss: 0.0452417 Vali Loss: 0.0832810 Test Loss: 0.0402610
EarlyStopping counter: 5 out of 10
Updating learning rate to 1.236839349948492e-07
Epoch: 96 cost time: 1.1840429306030273
Epoch: 96, Steps: 29 | Train Loss: 0.0452527 Vali Loss: 0.0834097 Test Loss: 0.0402465
EarlyStopping counter: 6 out of 10
Updating learning rate to 7.90159752528609e-08
Epoch: 97 cost time: 1.1851322650909424
Epoch: 97, Steps: 29 | Train Loss: 0.0452412 Vali Loss: 0.0832868 Test Loss: 0.0402524
EarlyStopping counter: 7 out of 10
Updating learning rate to 4.425826271655888e-08
Epoch: 98 cost time: 1.1782665252685547
Epoch: 98, Steps: 29 | Train Loss: 0.0452354 Vali Loss: 0.0832931 Test Loss: 0.0402617
EarlyStopping counter: 8 out of 10
Updating learning rate to 1.948079479334324e-08
Epoch: 99 cost time: 1.181483268737793
Epoch: 99, Steps: 29 | Train Loss: 0.0452045 Vali Loss: 0.0832705 Test Loss: 0.0402560
EarlyStopping counter: 9 out of 10
Updating learning rate to 4.7334700061613195e-09
Epoch: 100 cost time: 1.1874260902404785
Epoch: 100, Steps: 29 | Train Loss: 0.0452413 Vali Loss: 0.0833160 Test Loss: 0.0402476
EarlyStopping counter: 10 out of 10
Early stopping
>>>>>>>testing : ETTh1_336_720_DTFNet_ETTh1_ftM_sl336_ll0_pl720_dm128_nh16_el2_br2_dl1_df256_fc1_ebtimeF_dtTrue_'Exp'_0_'rel_sin'_16_8_16,24_8,12_3_1_256<<<<<<<<<<<<<<<<<<<<<<<<<<<<<<<<<
test 2161
mse:0.42729783058166504, mae:0.4499213397502899, rse:0.6278420686721802
