Args in experiment:
Namespace(random_seed=2002, is_training=1, model_id='ETTh1_336_720', model='DTFNet', data='ETTh1', root_path='./dataset/', data_path='ETTh1.csv', features='M', target='OT', freq='h', checkpoints='./checkpoints/', seq_len=336, label_len=0, pred_len=720, n_branches=2, patch_len_ls='16,24', stride_ls='8,12', d_model_ls='128', n_heads_ls='16', rel_pe="'rel_sin'", res_attn=False, head_type='flatten', fc_dropout=0.3, head_dropout=0.1, patch_len=16, stride=8, padding_patch="'end'", revin=1, affine=0, subtract_last=0, decomposition=0, kernel_size=25, individual=0, store_attn=False, pre_norm=False, pe='zeros', no_learn_pe=True, embed_type=0, enc_in=7, dec_in=7, c_out=7, d_model=128, n_heads=16, e_layers=2, d_layers=1, d_ff=256, moving_avg=25, factor=1, distil=True, dropout=0.3, embed='timeF', activation='gelu', output_attention=False, do_predict=False, num_workers=0, itr=1, train_epochs=100, batch_size=256, patience=10, learning_rate=1e-05, des="'Exp'", loss='mse', lradj='TST', pct_start=0.3, use_amp=False, l2=0.0, warmup_steps=0, use_gpu=True, gpu=0, use_multi_gpu=False, devices='0', test_flop=False, use_mlflow=False, mlflow_project='exp', loss_flag=2, sub_patch_len=16, sub_stride=8, stride_ls_list='16', model_type='linear', tfactor=3, dilation_rates='1', wavelet_layers=2, wavelet_type='db5', wavelet_mode='periodization', wavelet_dim=64, initTLV=0.2)
Use GPU: cuda:0
>>>>>>>start training : ETTh1_336_720_DTFNet_ETTh1_ftM_sl336_ll0_pl720_dm128_nh16_el2_br2_dl1_df256_fc1_ebtimeF_dtTrue_'Exp'_0_'rel_sin'_16_8_16,24_8,12_3_1_256>>>>>>>>>>>>>>>>>>>>>>>>>>
train 7585
val 2161
test 2161
Epoch: 1 cost time: 1.5609495639801025
Epoch: 1, Steps: 29 | Train Loss: 0.1076034 Vali Loss: 0.1789684 Test Loss: 0.0999039
Validation loss decreased (inf --> 0.178968).  Saving model ...
Updating learning rate to 4.2635539919063106e-07
Epoch: 2 cost time: 1.178222417831421
Epoch: 2, Steps: 29 | Train Loss: 0.1067747 Vali Loss: 0.1776615 Test Loss: 0.0990570
Validation loss decreased (0.178968 --> 0.177662).  Saving model ...
Updating learning rate to 5.051321771514831e-07
Epoch: 3 cost time: 1.1969919204711914
Epoch: 3, Steps: 29 | Train Loss: 0.1058046 Vali Loss: 0.1758095 Test Loss: 0.0981340
Validation loss decreased (0.177662 --> 0.175810).  Saving model ...
Updating learning rate to 6.354652532866785e-07
Epoch: 4 cost time: 1.1844725608825684
Epoch: 4, Steps: 29 | Train Loss: 0.1049624 Vali Loss: 0.1738607 Test Loss: 0.0971459
Validation loss decreased (0.175810 --> 0.173861).  Saving model ...
Updating learning rate to 8.159233858256806e-07
Epoch: 5 cost time: 1.1876413822174072
Epoch: 5, Steps: 29 | Train Loss: 0.1039457 Vali Loss: 0.1722343 Test Loss: 0.0960682
Validation loss decreased (0.173861 --> 0.172234).  Saving model ...
Updating learning rate to 1.0445248888850473e-06
Epoch: 6 cost time: 1.18784761428833
Epoch: 6, Steps: 29 | Train Loss: 0.1029740 Vali Loss: 0.1702450 Test Loss: 0.0948558
Validation loss decreased (0.172234 --> 0.170245).  Saving model ...
Updating learning rate to 1.3187593941861497e-06
Epoch: 7 cost time: 1.178647756576538
Epoch: 7, Steps: 29 | Train Loss: 0.1018256 Vali Loss: 0.1680211 Test Loss: 0.0934676
Validation loss decreased (0.170245 --> 0.168021).  Saving model ...
Updating learning rate to 1.6356154184543822e-06
Epoch: 8 cost time: 1.1803510189056396
Epoch: 8, Steps: 29 | Train Loss: 0.1006278 Vali Loss: 0.1654862 Test Loss: 0.0917682
Validation loss decreased (0.168021 --> 0.165486).  Saving model ...
Updating learning rate to 1.9916134337707666e-06
Epoch: 9 cost time: 1.1878151893615723
Epoch: 9, Steps: 29 | Train Loss: 0.0991175 Vali Loss: 0.1623260 Test Loss: 0.0895678
Validation loss decreased (0.165486 --> 0.162326).  Saving model ...
Updating learning rate to 2.3828440777166636e-06
Epoch: 10 cost time: 1.1900146007537842
Epoch: 10, Steps: 29 | Train Loss: 0.0974142 Vali Loss: 0.1582283 Test Loss: 0.0866076
Validation loss decreased (0.162326 --> 0.158228).  Saving model ...
Updating learning rate to 2.805011083710071e-06
Epoch: 11 cost time: 1.1875853538513184
Epoch: 11, Steps: 29 | Train Loss: 0.0951540 Vali Loss: 0.1529478 Test Loss: 0.0824892
Validation loss decreased (0.158228 --> 0.152948).  Saving model ...
Updating learning rate to 3.2534784600976295e-06
Epoch: 12 cost time: 1.1875641345977783
Epoch: 12, Steps: 29 | Train Loss: 0.0925271 Vali Loss: 0.1471326 Test Loss: 0.0779886
Validation loss decreased (0.152948 --> 0.147133).  Saving model ...
Updating learning rate to 3.723321399909056e-06
Epoch: 13 cost time: 1.1895208358764648
Epoch: 13, Steps: 29 | Train Loss: 0.0900369 Vali Loss: 0.1428889 Test Loss: 0.0750931
Validation loss decreased (0.147133 --> 0.142889).  Saving model ...
Updating learning rate to 4.209380362212844e-06
Epoch: 14 cost time: 1.1905786991119385
Epoch: 14, Steps: 29 | Train Loss: 0.0882812 Vali Loss: 0.1394506 Test Loss: 0.0733573
Validation loss decreased (0.142889 --> 0.139451).  Saving model ...
Updating learning rate to 4.706317731183279e-06
Epoch: 15 cost time: 1.1875932216644287
Epoch: 15, Steps: 29 | Train Loss: 0.0865018 Vali Loss: 0.1360937 Test Loss: 0.0713747
Validation loss decreased (0.139451 --> 0.136094).  Saving model ...
Updating learning rate to 5.208676430682048e-06
Epoch: 16 cost time: 1.18397855758667
Epoch: 16, Steps: 29 | Train Loss: 0.0847220 Vali Loss: 0.1337858 Test Loss: 0.0693549
Validation loss decreased (0.136094 --> 0.133786).  Saving model ...
Updating learning rate to 5.710939850683244e-06
Epoch: 17 cost time: 1.1839628219604492
Epoch: 17, Steps: 29 | Train Loss: 0.0830614 Vali Loss: 0.1311163 Test Loss: 0.0671730
Validation loss decreased (0.133786 --> 0.131116).  Saving model ...
Updating learning rate to 6.207592427464792e-06
Epoch: 18 cost time: 1.1820838451385498
Epoch: 18, Steps: 29 | Train Loss: 0.0816978 Vali Loss: 0.1298122 Test Loss: 0.0658732
Validation loss decreased (0.131116 --> 0.129812).  Saving model ...
Updating learning rate to 6.693180212309968e-06
Epoch: 19 cost time: 1.1872224807739258
Epoch: 19, Steps: 29 | Train Loss: 0.0805287 Vali Loss: 0.1285545 Test Loss: 0.0647422
Validation loss decreased (0.129812 --> 0.128554).  Saving model ...
Updating learning rate to 7.1623707635889015e-06
Epoch: 20 cost time: 1.1881723403930664
Epoch: 20, Steps: 29 | Train Loss: 0.0795475 Vali Loss: 0.1276259 Test Loss: 0.0638230
Validation loss decreased (0.128554 --> 0.127626).  Saving model ...
Updating learning rate to 7.610011704520164e-06
Epoch: 21 cost time: 1.200470209121704
Epoch: 21, Steps: 29 | Train Loss: 0.0786832 Vali Loss: 0.1267046 Test Loss: 0.0627723
Validation loss decreased (0.127626 --> 0.126705).  Saving model ...
Updating learning rate to 8.031187303565295e-06
Epoch: 22 cost time: 1.1934447288513184
Epoch: 22, Steps: 29 | Train Loss: 0.0777558 Vali Loss: 0.1254338 Test Loss: 0.0619935
Validation loss decreased (0.126705 --> 0.125434).  Saving model ...
Updating learning rate to 8.421272456123378e-06
Epoch: 23 cost time: 1.191021203994751
Epoch: 23, Steps: 29 | Train Loss: 0.0769989 Vali Loss: 0.1244272 Test Loss: 0.0612910
Validation loss decreased (0.125434 --> 0.124427).  Saving model ...
Updating learning rate to 8.775983474730246e-06
Epoch: 24 cost time: 1.1908926963806152
Epoch: 24, Steps: 29 | Train Loss: 0.0762070 Vali Loss: 0.1235936 Test Loss: 0.0603415
Validation loss decreased (0.124427 --> 0.123594).  Saving model ...
Updating learning rate to 9.091425130013939e-06
Epoch: 25 cost time: 1.1831324100494385
Epoch: 25, Steps: 29 | Train Loss: 0.0753834 Vali Loss: 0.1229889 Test Loss: 0.0596381
Validation loss decreased (0.123594 --> 0.122989).  Saving model ...
Updating learning rate to 9.364133425830145e-06
Epoch: 26 cost time: 1.179117202758789
Epoch: 26, Steps: 29 | Train Loss: 0.0745551 Vali Loss: 0.1220038 Test Loss: 0.0589759
Validation loss decreased (0.122989 --> 0.122004).  Saving model ...
Updating learning rate to 9.591113638846019e-06
Epoch: 27 cost time: 1.181502342224121
Epoch: 27, Steps: 29 | Train Loss: 0.0737820 Vali Loss: 0.1211305 Test Loss: 0.0583202
Validation loss decreased (0.122004 --> 0.121131).  Saving model ...
Updating learning rate to 9.769873204843885e-06
Epoch: 28 cost time: 1.180934190750122
Epoch: 28, Steps: 29 | Train Loss: 0.0731220 Vali Loss: 0.1207210 Test Loss: 0.0576725
Validation loss decreased (0.121131 --> 0.120721).  Saving model ...
Updating learning rate to 9.898449090606656e-06
Epoch: 29 cost time: 1.1886205673217773
Epoch: 29, Steps: 29 | Train Loss: 0.0723548 Vali Loss: 0.1195731 Test Loss: 0.0574248
Validation loss decreased (0.120721 --> 0.119573).  Saving model ...
Updating learning rate to 9.975429350802846e-06
Epoch: 30 cost time: 1.1901814937591553
Epoch: 30, Steps: 29 | Train Loss: 0.0716316 Vali Loss: 0.1196071 Test Loss: 0.0564691
EarlyStopping counter: 1 out of 10
Updating learning rate to 9.99999401249548e-06
Epoch: 31 cost time: 1.1982345581054688
Epoch: 31, Steps: 29 | Train Loss: 0.0708861 Vali Loss: 0.1180841 Test Loss: 0.0561447
Validation loss decreased (0.119573 --> 0.118084).  Saving model ...
Updating learning rate to 9.994612212745642e-06
Epoch: 32 cost time: 1.1918137073516846
Epoch: 32, Steps: 29 | Train Loss: 0.0701896 Vali Loss: 0.1178275 Test Loss: 0.0554161
Validation loss decreased (0.118084 --> 0.117828).  Saving model ...
Updating learning rate to 9.979171968972798e-06
Epoch: 33 cost time: 1.1812458038330078
Epoch: 33, Steps: 29 | Train Loss: 0.0695508 Vali Loss: 0.1167490 Test Loss: 0.0549266
Validation loss decreased (0.117828 --> 0.116749).  Saving model ...
Updating learning rate to 9.953704375773079e-06
Epoch: 34 cost time: 1.177638292312622
Epoch: 34, Steps: 29 | Train Loss: 0.0689013 Vali Loss: 0.1159210 Test Loss: 0.0548423
Validation loss decreased (0.116749 --> 0.115921).  Saving model ...
Updating learning rate to 9.918260721489893e-06
Epoch: 35 cost time: 1.1846730709075928
Epoch: 35, Steps: 29 | Train Loss: 0.0680876 Vali Loss: 0.1157169 Test Loss: 0.0540837
Validation loss decreased (0.115921 --> 0.115717).  Saving model ...
Updating learning rate to 9.872912384926035e-06
Epoch: 36 cost time: 1.1839590072631836
Epoch: 36, Steps: 29 | Train Loss: 0.0674640 Vali Loss: 0.1147699 Test Loss: 0.0535101
Validation loss decreased (0.115717 --> 0.114770).  Saving model ...
Updating learning rate to 9.817750691596265e-06
Epoch: 37 cost time: 1.1807737350463867
Epoch: 37, Steps: 29 | Train Loss: 0.0667981 Vali Loss: 0.1138080 Test Loss: 0.0533319
Validation loss decreased (0.114770 --> 0.113808).  Saving model ...
Updating learning rate to 9.752886729809889e-06
Epoch: 38 cost time: 1.1776881217956543
Epoch: 38, Steps: 29 | Train Loss: 0.0661639 Vali Loss: 0.1134930 Test Loss: 0.0527977
Validation loss decreased (0.113808 --> 0.113493).  Saving model ...
Updating learning rate to 9.678451126953676e-06
Epoch: 39 cost time: 1.1844744682312012
Epoch: 39, Steps: 29 | Train Loss: 0.0655835 Vali Loss: 0.1125741 Test Loss: 0.0525520
Validation loss decreased (0.113493 --> 0.112574).  Saving model ...
Updating learning rate to 9.594593786425696e-06
Epoch: 40 cost time: 1.1849608421325684
Epoch: 40, Steps: 29 | Train Loss: 0.0648447 Vali Loss: 0.1128459 Test Loss: 0.0515634
EarlyStopping counter: 1 out of 10
Updating learning rate to 9.501483585749811e-06
Epoch: 41 cost time: 1.178666114807129
Epoch: 41, Steps: 29 | Train Loss: 0.0642613 Vali Loss: 0.1120284 Test Loss: 0.0514344
Validation loss decreased (0.112574 --> 0.112028).  Saving model ...
Updating learning rate to 9.399308036478838e-06
Epoch: 42 cost time: 1.1829323768615723
Epoch: 42, Steps: 29 | Train Loss: 0.0635739 Vali Loss: 0.1116510 Test Loss: 0.0510673
Validation loss decreased (0.112028 --> 0.111651).  Saving model ...
Updating learning rate to 9.288272906571216e-06
Epoch: 43 cost time: 1.1857984066009521
Epoch: 43, Steps: 29 | Train Loss: 0.0629577 Vali Loss: 0.1105497 Test Loss: 0.0508794
Validation loss decreased (0.111651 --> 0.110550).  Saving model ...
Updating learning rate to 9.16860180600173e-06
Epoch: 44 cost time: 1.1833512783050537
Epoch: 44, Steps: 29 | Train Loss: 0.0623497 Vali Loss: 0.1089698 Test Loss: 0.0508968
Validation loss decreased (0.110550 --> 0.108970).  Saving model ...
Updating learning rate to 9.040535736440785e-06
Epoch: 45 cost time: 1.1884410381317139
Epoch: 45, Steps: 29 | Train Loss: 0.0618240 Vali Loss: 0.1098988 Test Loss: 0.0501306
EarlyStopping counter: 1 out of 10
Updating learning rate to 8.904332605909106e-06
Epoch: 46 cost time: 1.1875720024108887
Epoch: 46, Steps: 29 | Train Loss: 0.0611271 Vali Loss: 0.1087748 Test Loss: 0.0498967
Validation loss decreased (0.108970 --> 0.108775).  Saving model ...
Updating learning rate to 8.760266709385311e-06
Epoch: 47 cost time: 1.191845178604126
Epoch: 47, Steps: 29 | Train Loss: 0.0605924 Vali Loss: 0.1074779 Test Loss: 0.0496200
Validation loss decreased (0.108775 --> 0.107478).  Saving model ...
Updating learning rate to 8.608628176412335e-06
Epoch: 48 cost time: 1.182502269744873
Epoch: 48, Steps: 29 | Train Loss: 0.0600133 Vali Loss: 0.1075533 Test Loss: 0.0490887
EarlyStopping counter: 1 out of 10
Updating learning rate to 8.449722386815127e-06
Epoch: 49 cost time: 1.1842317581176758
Epoch: 49, Steps: 29 | Train Loss: 0.0594531 Vali Loss: 0.1065471 Test Loss: 0.0488664
Validation loss decreased (0.107478 --> 0.106547).  Saving model ...
Updating learning rate to 8.28386935570634e-06
Epoch: 50 cost time: 1.1811237335205078
Epoch: 50, Steps: 29 | Train Loss: 0.0588763 Vali Loss: 0.1052842 Test Loss: 0.0486292
Validation loss decreased (0.106547 --> 0.105284).  Saving model ...
Updating learning rate to 8.111403089018465e-06
Epoch: 51 cost time: 1.1867318153381348
Epoch: 51, Steps: 29 | Train Loss: 0.0583909 Vali Loss: 0.1055280 Test Loss: 0.0483019
EarlyStopping counter: 1 out of 10
Updating learning rate to 7.93267091086035e-06
Epoch: 52 cost time: 1.1785244941711426
Epoch: 52, Steps: 29 | Train Loss: 0.0578222 Vali Loss: 0.1055564 Test Loss: 0.0479256
EarlyStopping counter: 2 out of 10
Updating learning rate to 7.748032764052655e-06
Epoch: 53 cost time: 1.1841270923614502
Epoch: 53, Steps: 29 | Train Loss: 0.0572947 Vali Loss: 0.1044308 Test Loss: 0.0475355
Validation loss decreased (0.105284 --> 0.104431).  Saving model ...
Updating learning rate to 7.557860485250925e-06
Epoch: 54 cost time: 1.1892435550689697
Epoch: 54, Steps: 29 | Train Loss: 0.0567937 Vali Loss: 0.1028377 Test Loss: 0.0474225
Validation loss decreased (0.104431 --> 0.102838).  Saving model ...
Updating learning rate to 7.362537056116034e-06
Epoch: 55 cost time: 1.1800920963287354
Epoch: 55, Steps: 29 | Train Loss: 0.0562870 Vali Loss: 0.1024042 Test Loss: 0.0470606
Validation loss decreased (0.102838 --> 0.102404).  Saving model ...
Updating learning rate to 7.162455832040107e-06
Epoch: 56 cost time: 1.1886796951293945
Epoch: 56, Steps: 29 | Train Loss: 0.0557545 Vali Loss: 0.1020491 Test Loss: 0.0467746
Validation loss decreased (0.102404 --> 0.102049).  Saving model ...
Updating learning rate to 6.9580197499810984e-06
Epoch: 57 cost time: 1.1863584518432617
Epoch: 57, Steps: 29 | Train Loss: 0.0552780 Vali Loss: 0.1013675 Test Loss: 0.0465487
Validation loss decreased (0.102049 --> 0.101368).  Saving model ...
Updating learning rate to 6.7496405170013816e-06
Epoch: 58 cost time: 1.1834022998809814
Epoch: 58, Steps: 29 | Train Loss: 0.0547988 Vali Loss: 0.1000540 Test Loss: 0.0462017
Validation loss decreased (0.101368 --> 0.100054).  Saving model ...
Updating learning rate to 6.537737781144523e-06
Epoch: 59 cost time: 1.1876225471496582
Epoch: 59, Steps: 29 | Train Loss: 0.0542954 Vali Loss: 0.1001083 Test Loss: 0.0458208
EarlyStopping counter: 1 out of 10
Updating learning rate to 6.322738286319964e-06
Epoch: 60 cost time: 1.1859660148620605
Epoch: 60, Steps: 29 | Train Loss: 0.0538259 Vali Loss: 0.0992164 Test Loss: 0.0454882
Validation loss decreased (0.100054 --> 0.099216).  Saving model ...
Updating learning rate to 6.105075012897585e-06
Epoch: 61 cost time: 1.171727180480957
Epoch: 61, Steps: 29 | Train Loss: 0.0533660 Vali Loss: 0.0979885 Test Loss: 0.0453170
Validation loss decreased (0.099216 --> 0.097989).  Saving model ...
Updating learning rate to 5.885186305742857e-06
Epoch: 62 cost time: 1.1771326065063477
Epoch: 62, Steps: 29 | Train Loss: 0.0528722 Vali Loss: 0.0969300 Test Loss: 0.0450538
Validation loss decreased (0.097989 --> 0.096930).  Saving model ...
Updating learning rate to 5.6635149914486225e-06
Epoch: 63 cost time: 1.1839878559112549
Epoch: 63, Steps: 29 | Train Loss: 0.0524556 Vali Loss: 0.0965821 Test Loss: 0.0448245
Validation loss decreased (0.096930 --> 0.096582).  Saving model ...
Updating learning rate to 5.440507486541268e-06
Epoch: 64 cost time: 1.178910732269287
Epoch: 64, Steps: 29 | Train Loss: 0.0520089 Vali Loss: 0.0964831 Test Loss: 0.0442844
Validation loss decreased (0.096582 --> 0.096483).  Saving model ...
Updating learning rate to 5.216612898457253e-06
Epoch: 65 cost time: 1.1833021640777588
Epoch: 65, Steps: 29 | Train Loss: 0.0515687 Vali Loss: 0.0953245 Test Loss: 0.0441506
Validation loss decreased (0.096483 --> 0.095325).  Saving model ...
Updating learning rate to 4.992282121100496e-06
Epoch: 66 cost time: 1.1848809719085693
Epoch: 66, Steps: 29 | Train Loss: 0.0511178 Vali Loss: 0.0948443 Test Loss: 0.0438218
Validation loss decreased (0.095325 --> 0.094844).  Saving model ...
Updating learning rate to 4.767966926802067e-06
Epoch: 67 cost time: 1.1831274032592773
Epoch: 67, Steps: 29 | Train Loss: 0.0507400 Vali Loss: 0.0938795 Test Loss: 0.0435543
Validation loss decreased (0.094844 --> 0.093880).  Saving model ...
Updating learning rate to 4.5441190565108235e-06
Epoch: 68 cost time: 1.178971767425537
Epoch: 68, Steps: 29 | Train Loss: 0.0503072 Vali Loss: 0.0937027 Test Loss: 0.0432034
Validation loss decreased (0.093880 --> 0.093703).  Saving model ...
Updating learning rate to 4.3211893100472735e-06
Epoch: 69 cost time: 1.1809635162353516
Epoch: 69, Steps: 29 | Train Loss: 0.0498730 Vali Loss: 0.0924006 Test Loss: 0.0429633
Validation loss decreased (0.093703 --> 0.092401).  Saving model ...
Updating learning rate to 4.099626638252712e-06
Epoch: 70 cost time: 1.1833462715148926
Epoch: 70, Steps: 29 | Train Loss: 0.0494352 Vali Loss: 0.0920006 Test Loss: 0.0425741
Validation loss decreased (0.092401 --> 0.092001).  Saving model ...
Updating learning rate to 3.879877238861997e-06
Epoch: 71 cost time: 1.187211275100708
Epoch: 71, Steps: 29 | Train Loss: 0.0491197 Vali Loss: 0.0913732 Test Loss: 0.0422592
Validation loss decreased (0.092001 --> 0.091373).  Saving model ...
Updating learning rate to 3.662383657920668e-06
Epoch: 72 cost time: 1.1767547130584717
Epoch: 72, Steps: 29 | Train Loss: 0.0486611 Vali Loss: 0.0905150 Test Loss: 0.0420073
Validation loss decreased (0.091373 --> 0.090515).  Saving model ...
Updating learning rate to 3.447583898556124e-06
Epoch: 73 cost time: 1.1794040203094482
Epoch: 73, Steps: 29 | Train Loss: 0.0482605 Vali Loss: 0.0902381 Test Loss: 0.0416603
Validation loss decreased (0.090515 --> 0.090238).  Saving model ...
Updating learning rate to 3.2359105388976132e-06
Epoch: 74 cost time: 1.1721055507659912
Epoch: 74, Steps: 29 | Train Loss: 0.0478787 Vali Loss: 0.0887314 Test Loss: 0.0415628
Validation loss decreased (0.090238 --> 0.088731).  Saving model ...
Updating learning rate to 3.027789860921434e-06
Epoch: 75 cost time: 1.1808099746704102
Epoch: 75, Steps: 29 | Train Loss: 0.0474819 Vali Loss: 0.0885593 Test Loss: 0.0411322
Validation loss decreased (0.088731 --> 0.088559).  Saving model ...
Updating learning rate to 2.8236409919757893e-06
Epoch: 76 cost time: 1.1835062503814697
Epoch: 76, Steps: 29 | Train Loss: 0.0471355 Vali Loss: 0.0881467 Test Loss: 0.0408012
Validation loss decreased (0.088559 --> 0.088147).  Saving model ...
Updating learning rate to 2.6238750607140637e-06
Epoch: 77 cost time: 1.1751556396484375
Epoch: 77, Steps: 29 | Train Loss: 0.0467683 Vali Loss: 0.0876424 Test Loss: 0.0405071
Validation loss decreased (0.088147 --> 0.087642).  Saving model ...
Updating learning rate to 2.4288943691364434e-06
Epoch: 78 cost time: 1.1795661449432373
Epoch: 78, Steps: 29 | Train Loss: 0.0463588 Vali Loss: 0.0868088 Test Loss: 0.0402251
Validation loss decreased (0.087642 --> 0.086809).  Saving model ...
Updating learning rate to 2.2390915824072217e-06
Epoch: 79 cost time: 1.1743640899658203
Epoch: 79, Steps: 29 | Train Loss: 0.0459924 Vali Loss: 0.0860219 Test Loss: 0.0399235
Validation loss decreased (0.086809 --> 0.086022).  Saving model ...
Updating learning rate to 2.0548489380794217e-06
Epoch: 80 cost time: 1.1766252517700195
Epoch: 80, Steps: 29 | Train Loss: 0.0456562 Vali Loss: 0.0852465 Test Loss: 0.0397093
Validation loss decreased (0.086022 --> 0.085246).  Saving model ...
Updating learning rate to 1.876537476319218e-06
Epoch: 81 cost time: 1.1725351810455322
Epoch: 81, Steps: 29 | Train Loss: 0.0453741 Vali Loss: 0.0849123 Test Loss: 0.0396005
Validation loss decreased (0.085246 --> 0.084912).  Saving model ...
Updating learning rate to 1.7045162926804444e-06
Epoch: 82 cost time: 1.179157018661499
Epoch: 82, Steps: 29 | Train Loss: 0.0453303 Vali Loss: 0.0852413 Test Loss: 0.0395466
EarlyStopping counter: 1 out of 10
Updating learning rate to 1.5391318149339123e-06
Epoch: 83 cost time: 1.1818902492523193
Epoch: 83, Steps: 29 | Train Loss: 0.0452683 Vali Loss: 0.0850670 Test Loss: 0.0396130
EarlyStopping counter: 2 out of 10
Updating learning rate to 1.3807171054080036e-06
Epoch: 84 cost time: 1.1771271228790283
Epoch: 84, Steps: 29 | Train Loss: 0.0452836 Vali Loss: 0.0849250 Test Loss: 0.0396104
EarlyStopping counter: 3 out of 10
Updating learning rate to 1.2295911902454577e-06
Epoch: 85 cost time: 1.1733698844909668
Epoch: 85, Steps: 29 | Train Loss: 0.0453140 Vali Loss: 0.0852055 Test Loss: 0.0396085
EarlyStopping counter: 4 out of 10
Updating learning rate to 1.0860584169271784e-06
Epoch: 86 cost time: 1.176131010055542
Epoch: 86, Steps: 29 | Train Loss: 0.0452682 Vali Loss: 0.0852259 Test Loss: 0.0396086
EarlyStopping counter: 5 out of 10
Updating learning rate to 9.504078413569088e-07
Epoch: 87 cost time: 1.1718201637268066
Epoch: 87, Steps: 29 | Train Loss: 0.0452524 Vali Loss: 0.0852130 Test Loss: 0.0395771
EarlyStopping counter: 6 out of 10
Updating learning rate to 8.229126457411124e-07
Epoch: 88 cost time: 1.1747148036956787
Epoch: 88, Steps: 29 | Train Loss: 0.0452411 Vali Loss: 0.0847446 Test Loss: 0.0396349
Validation loss decreased (0.084912 --> 0.084745).  Saving model ...
Updating learning rate to 7.038295884363647e-07
Epoch: 89 cost time: 1.1782963275909424
Epoch: 89, Steps: 29 | Train Loss: 0.0452613 Vali Loss: 0.0851410 Test Loss: 0.0396154
EarlyStopping counter: 1 out of 10
Updating learning rate to 5.933984868721898e-07
Epoch: 90 cost time: 1.1810507774353027
Epoch: 90, Steps: 29 | Train Loss: 0.0452490 Vali Loss: 0.0851468 Test Loss: 0.0396135
EarlyStopping counter: 2 out of 10
Updating learning rate to 4.918417345906772e-07
Epoch: 91 cost time: 1.1785109043121338
Epoch: 91, Steps: 29 | Train Loss: 0.0452388 Vali Loss: 0.0848941 Test Loss: 0.0396296
EarlyStopping counter: 3 out of 10
Updating learning rate to 3.9936385337548097e-07
Epoch: 92 cost time: 1.1825783252716064
Epoch: 92, Steps: 29 | Train Loss: 0.0452834 Vali Loss: 0.0851219 Test Loss: 0.0396267
EarlyStopping counter: 4 out of 10
Updating learning rate to 3.161510813721721e-07
Epoch: 93 cost time: 1.1793549060821533
Epoch: 93, Steps: 29 | Train Loss: 0.0452893 Vali Loss: 0.0850065 Test Loss: 0.0396311
EarlyStopping counter: 5 out of 10
Updating learning rate to 2.4237099802938663e-07
Epoch: 94 cost time: 1.1808481216430664
Epoch: 94, Steps: 29 | Train Loss: 0.0452528 Vali Loss: 0.0852764 Test Loss: 0.0396391
EarlyStopping counter: 6 out of 10
Updating learning rate to 1.7817218661613333e-07
Epoch: 95 cost time: 1.1784346103668213
Epoch: 95, Steps: 29 | Train Loss: 0.0452742 Vali Loss: 0.0852263 Test Loss: 0.0396266
EarlyStopping counter: 7 out of 10
Updating learning rate to 1.236839349948492e-07
Epoch: 96 cost time: 1.1781752109527588
Epoch: 96, Steps: 29 | Train Loss: 0.0452327 Vali Loss: 0.0851191 Test Loss: 0.0396468
EarlyStopping counter: 8 out of 10
Updating learning rate to 7.90159752528609e-08
Epoch: 97 cost time: 1.1788606643676758
Epoch: 97, Steps: 29 | Train Loss: 0.0452043 Vali Loss: 0.0850394 Test Loss: 0.0396523
EarlyStopping counter: 9 out of 10
Updating learning rate to 4.425826271655888e-08
Epoch: 98 cost time: 1.1748874187469482
Epoch: 98, Steps: 29 | Train Loss: 0.0452338 Vali Loss: 0.0849447 Test Loss: 0.0396301
EarlyStopping counter: 10 out of 10
Early stopping
>>>>>>>testing : ETTh1_336_720_DTFNet_ETTh1_ftM_sl336_ll0_pl720_dm128_nh16_el2_br2_dl1_df256_fc1_ebtimeF_dtTrue_'Exp'_0_'rel_sin'_16_8_16,24_8,12_3_1_256<<<<<<<<<<<<<<<<<<<<<<<<<<<<<<<<<
test 2161
mse:0.4171724319458008, mae:0.4431905150413513, rse:0.6203586459159851
