Args in experiment:
Namespace(is_training=1, model_id='ETTh1_336_720', model='DTFNet', data='ETTh1', root_path='./dataset/', data_path='ETTh1.csv', features='M', target='OT', freq='h', checkpoints='./checkpoints/', seq_len=336, label_len=0, pred_len=720, n_branches=2, patch_len_ls='16,24', stride_ls='8,12', d_model_ls='128', n_heads_ls='16', rel_pe="'rel_sin'", res_attn=False, head_type='flatten', fc_dropout=0.3, head_dropout=0.1, patch_len=16, stride=8, padding_patch="'end'", revin=1, affine=0, subtract_last=0, decomposition=0, kernel_size=25, individual=0, store_attn=False, pre_norm=False, pe='zeros', no_learn_pe=True, embed_type=0, enc_in=7, dec_in=7, c_out=7, d_model=128, n_heads=16, e_layers=2, d_layers=1, d_ff=256, moving_avg=25, factor=1, distil=True, dropout=0.3, embed='timeF', activation='gelu', output_attention=False, do_predict=False, num_workers=0, itr=1, train_epochs=100, batch_size=256, patience=10, learning_rate=1e-05, des="'Exp'", loss='mse', lradj='TST', pct_start=0.3, use_amp=False, l2=0.0, warmup_steps=0, use_gpu=True, gpu=0, use_multi_gpu=False, devices='0', test_flop=False, use_mlflow=False, mlflow_project='exp', loss_flag=2, sub_patch_len=16, sub_stride=8, stride_ls_list='16', model_type='linear', tfactor=3, dilation_rates='1', wavelet_layers=2, wavelet_type='db5', wavelet_mode='periodization', wavelet_dim=64, initTLV=0.2)
Use GPU: cuda:0
>>>>>>>start training : ETTh1_336_720_DTFNet_ETTh1_ftM_sl336_ll0_pl720_dm128_nh16_el2_br2_dl1_df256_fc1_ebtimeF_dtTrue_'Exp'_0_'rel_sin'_16_8_16,24_8,12_3_1_256>>>>>>>>>>>>>>>>>>>>>>>>>>
train 7585
val 2161
test 2161
Epoch: 1 cost time: 1.5874919891357422
Epoch: 1, Steps: 29 | Train Loss: 0.1075454 Vali Loss: 0.1788326 Test Loss: 0.0998177
Validation loss decreased (inf --> 0.178833).  Saving model ...
Updating learning rate to 4.2635539919063106e-07
Epoch: 2 cost time: 1.191178560256958
Epoch: 2, Steps: 29 | Train Loss: 0.1066870 Vali Loss: 0.1775205 Test Loss: 0.0989730
Validation loss decreased (0.178833 --> 0.177520).  Saving model ...
Updating learning rate to 5.051321771514831e-07
Epoch: 3 cost time: 1.1971657276153564
Epoch: 3, Steps: 29 | Train Loss: 0.1058046 Vali Loss: 0.1756361 Test Loss: 0.0980539
Validation loss decreased (0.177520 --> 0.175636).  Saving model ...
Updating learning rate to 6.354652532866785e-07
Epoch: 4 cost time: 1.1953537464141846
Epoch: 4, Steps: 29 | Train Loss: 0.1049148 Vali Loss: 0.1740620 Test Loss: 0.0970713
Validation loss decreased (0.175636 --> 0.174062).  Saving model ...
Updating learning rate to 8.159233858256806e-07
Epoch: 5 cost time: 1.1940867900848389
Epoch: 5, Steps: 29 | Train Loss: 0.1039071 Vali Loss: 0.1722939 Test Loss: 0.0959877
Validation loss decreased (0.174062 --> 0.172294).  Saving model ...
Updating learning rate to 1.0445248888850473e-06
Epoch: 6 cost time: 1.198535680770874
Epoch: 6, Steps: 29 | Train Loss: 0.1029067 Vali Loss: 0.1700564 Test Loss: 0.0947929
Validation loss decreased (0.172294 --> 0.170056).  Saving model ...
Updating learning rate to 1.3187593941861497e-06
Epoch: 7 cost time: 1.1939475536346436
Epoch: 7, Steps: 29 | Train Loss: 0.1017644 Vali Loss: 0.1677362 Test Loss: 0.0934015
Validation loss decreased (0.170056 --> 0.167736).  Saving model ...
Updating learning rate to 1.6356154184543822e-06
Epoch: 8 cost time: 1.2025103569030762
Epoch: 8, Steps: 29 | Train Loss: 0.1005761 Vali Loss: 0.1656647 Test Loss: 0.0917081
Validation loss decreased (0.167736 --> 0.165665).  Saving model ...
Updating learning rate to 1.9916134337707666e-06
Epoch: 9 cost time: 1.1713550090789795
Epoch: 9, Steps: 29 | Train Loss: 0.0990923 Vali Loss: 0.1622804 Test Loss: 0.0895191
Validation loss decreased (0.165665 --> 0.162280).  Saving model ...
Updating learning rate to 2.3828440777166636e-06
Epoch: 10 cost time: 1.189849853515625
Epoch: 10, Steps: 29 | Train Loss: 0.0972559 Vali Loss: 0.1579987 Test Loss: 0.0865457
Validation loss decreased (0.162280 --> 0.157999).  Saving model ...
Updating learning rate to 2.805011083710071e-06
Epoch: 11 cost time: 1.192246913909912
Epoch: 11, Steps: 29 | Train Loss: 0.0950042 Vali Loss: 0.1526637 Test Loss: 0.0825066
Validation loss decreased (0.157999 --> 0.152664).  Saving model ...
Updating learning rate to 3.2534784600976295e-06
Epoch: 12 cost time: 1.1955299377441406
Epoch: 12, Steps: 29 | Train Loss: 0.0924402 Vali Loss: 0.1469486 Test Loss: 0.0779652
Validation loss decreased (0.152664 --> 0.146949).  Saving model ...
Updating learning rate to 3.723321399909056e-06
Epoch: 13 cost time: 1.2011394500732422
Epoch: 13, Steps: 29 | Train Loss: 0.0900605 Vali Loss: 0.1426527 Test Loss: 0.0750346
Validation loss decreased (0.146949 --> 0.142653).  Saving model ...
Updating learning rate to 4.209380362212844e-06
Epoch: 14 cost time: 1.1964631080627441
Epoch: 14, Steps: 29 | Train Loss: 0.0882115 Vali Loss: 0.1393908 Test Loss: 0.0733435
Validation loss decreased (0.142653 --> 0.139391).  Saving model ...
Updating learning rate to 4.706317731183279e-06
Epoch: 15 cost time: 1.1968004703521729
Epoch: 15, Steps: 29 | Train Loss: 0.0865067 Vali Loss: 0.1362615 Test Loss: 0.0713326
Validation loss decreased (0.139391 --> 0.136261).  Saving model ...
Updating learning rate to 5.208676430682048e-06
Epoch: 16 cost time: 1.198704719543457
Epoch: 16, Steps: 29 | Train Loss: 0.0848066 Vali Loss: 0.1338128 Test Loss: 0.0691393
Validation loss decreased (0.136261 --> 0.133813).  Saving model ...
Updating learning rate to 5.710939850683244e-06
Epoch: 17 cost time: 1.1944406032562256
Epoch: 17, Steps: 29 | Train Loss: 0.0831388 Vali Loss: 0.1319148 Test Loss: 0.0672654
Validation loss decreased (0.133813 --> 0.131915).  Saving model ...
Updating learning rate to 6.207592427464792e-06
Epoch: 18 cost time: 1.1684751510620117
Epoch: 18, Steps: 29 | Train Loss: 0.0817901 Vali Loss: 0.1298721 Test Loss: 0.0658256
Validation loss decreased (0.131915 --> 0.129872).  Saving model ...
Updating learning rate to 6.693180212309968e-06
Epoch: 19 cost time: 1.1933355331420898
Epoch: 19, Steps: 29 | Train Loss: 0.0806069 Vali Loss: 0.1286998 Test Loss: 0.0647050
Validation loss decreased (0.129872 --> 0.128700).  Saving model ...
Updating learning rate to 7.1623707635889015e-06
Epoch: 20 cost time: 1.1919527053833008
Epoch: 20, Steps: 29 | Train Loss: 0.0796139 Vali Loss: 0.1278868 Test Loss: 0.0636512
Validation loss decreased (0.128700 --> 0.127887).  Saving model ...
Updating learning rate to 7.610011704520164e-06
Epoch: 21 cost time: 1.1975579261779785
Epoch: 21, Steps: 29 | Train Loss: 0.0787606 Vali Loss: 0.1265947 Test Loss: 0.0628811
Validation loss decreased (0.127887 --> 0.126595).  Saving model ...
Updating learning rate to 8.031187303565295e-06
Epoch: 22 cost time: 1.197669267654419
Epoch: 22, Steps: 29 | Train Loss: 0.0778714 Vali Loss: 0.1253921 Test Loss: 0.0622026
Validation loss decreased (0.126595 --> 0.125392).  Saving model ...
Updating learning rate to 8.421272456123378e-06
Epoch: 23 cost time: 1.202636957168579
Epoch: 23, Steps: 29 | Train Loss: 0.0770248 Vali Loss: 0.1245538 Test Loss: 0.0613417
Validation loss decreased (0.125392 --> 0.124554).  Saving model ...
Updating learning rate to 8.775983474730246e-06
Epoch: 24 cost time: 1.203385353088379
Epoch: 24, Steps: 29 | Train Loss: 0.0762231 Vali Loss: 0.1239209 Test Loss: 0.0604676
Validation loss decreased (0.124554 --> 0.123921).  Saving model ...
Updating learning rate to 9.091425130013939e-06
Epoch: 25 cost time: 1.1944639682769775
Epoch: 25, Steps: 29 | Train Loss: 0.0754588 Vali Loss: 0.1228028 Test Loss: 0.0595424
Validation loss decreased (0.123921 --> 0.122803).  Saving model ...
Updating learning rate to 9.364133425830145e-06
Epoch: 26 cost time: 1.190131664276123
Epoch: 26, Steps: 29 | Train Loss: 0.0746265 Vali Loss: 0.1220986 Test Loss: 0.0591365
Validation loss decreased (0.122803 --> 0.122099).  Saving model ...
Updating learning rate to 9.591113638846019e-06
Epoch: 27 cost time: 1.1946048736572266
Epoch: 27, Steps: 29 | Train Loss: 0.0738582 Vali Loss: 0.1209203 Test Loss: 0.0583618
Validation loss decreased (0.122099 --> 0.120920).  Saving model ...
Updating learning rate to 9.769873204843885e-06
Epoch: 28 cost time: 1.1983988285064697
Epoch: 28, Steps: 29 | Train Loss: 0.0731247 Vali Loss: 0.1203263 Test Loss: 0.0580677
Validation loss decreased (0.120920 --> 0.120326).  Saving model ...
Updating learning rate to 9.898449090606656e-06
Epoch: 29 cost time: 1.1918056011199951
Epoch: 29, Steps: 29 | Train Loss: 0.0723999 Vali Loss: 0.1188870 Test Loss: 0.0575475
Validation loss decreased (0.120326 --> 0.118887).  Saving model ...
Updating learning rate to 9.975429350802846e-06
Epoch: 30 cost time: 1.1991705894470215
Epoch: 30, Steps: 29 | Train Loss: 0.0717035 Vali Loss: 0.1185146 Test Loss: 0.0570218
Validation loss decreased (0.118887 --> 0.118515).  Saving model ...
Updating learning rate to 9.99999401249548e-06
Epoch: 31 cost time: 1.191737413406372
Epoch: 31, Steps: 29 | Train Loss: 0.0710195 Vali Loss: 0.1177355 Test Loss: 0.0562159
Validation loss decreased (0.118515 --> 0.117735).  Saving model ...
Updating learning rate to 9.994612212745642e-06
Epoch: 32 cost time: 1.1907455921173096
Epoch: 32, Steps: 29 | Train Loss: 0.0702876 Vali Loss: 0.1167806 Test Loss: 0.0557604
Validation loss decreased (0.117735 --> 0.116781).  Saving model ...
Updating learning rate to 9.979171968972798e-06
Epoch: 33 cost time: 1.1873111724853516
Epoch: 33, Steps: 29 | Train Loss: 0.0695905 Vali Loss: 0.1163025 Test Loss: 0.0553183
Validation loss decreased (0.116781 --> 0.116303).  Saving model ...
Updating learning rate to 9.953704375773079e-06
Epoch: 34 cost time: 1.193007469177246
Epoch: 34, Steps: 29 | Train Loss: 0.0689328 Vali Loss: 0.1159717 Test Loss: 0.0547563
Validation loss decreased (0.116303 --> 0.115972).  Saving model ...
Updating learning rate to 9.918260721489893e-06
Epoch: 35 cost time: 1.1924231052398682
Epoch: 35, Steps: 29 | Train Loss: 0.0682116 Vali Loss: 0.1153375 Test Loss: 0.0542331
Validation loss decreased (0.115972 --> 0.115338).  Saving model ...
Updating learning rate to 9.872912384926035e-06
Epoch: 36 cost time: 1.1906166076660156
Epoch: 36, Steps: 29 | Train Loss: 0.0675296 Vali Loss: 0.1138051 Test Loss: 0.0540181
Validation loss decreased (0.115338 --> 0.113805).  Saving model ...
Updating learning rate to 9.817750691596265e-06
Epoch: 37 cost time: 1.1965818405151367
Epoch: 37, Steps: 29 | Train Loss: 0.0668373 Vali Loss: 0.1134585 Test Loss: 0.0536877
Validation loss decreased (0.113805 --> 0.113458).  Saving model ...
Updating learning rate to 9.752886729809889e-06
Epoch: 38 cost time: 1.187896490097046
Epoch: 38, Steps: 29 | Train Loss: 0.0662092 Vali Loss: 0.1122801 Test Loss: 0.0535152
Validation loss decreased (0.113458 --> 0.112280).  Saving model ...
Updating learning rate to 9.678451126953676e-06
Epoch: 39 cost time: 1.186457872390747
Epoch: 39, Steps: 29 | Train Loss: 0.0656267 Vali Loss: 0.1124128 Test Loss: 0.0527675
EarlyStopping counter: 1 out of 10
Updating learning rate to 9.594593786425696e-06
Epoch: 40 cost time: 1.1858093738555908
Epoch: 40, Steps: 29 | Train Loss: 0.0648999 Vali Loss: 0.1115244 Test Loss: 0.0524680
Validation loss decreased (0.112280 --> 0.111524).  Saving model ...
Updating learning rate to 9.501483585749811e-06
Epoch: 41 cost time: 1.189300298690796
Epoch: 41, Steps: 29 | Train Loss: 0.0642791 Vali Loss: 0.1112169 Test Loss: 0.0517485
Validation loss decreased (0.111524 --> 0.111217).  Saving model ...
Updating learning rate to 9.399308036478838e-06
Epoch: 42 cost time: 1.1861376762390137
Epoch: 42, Steps: 29 | Train Loss: 0.0637037 Vali Loss: 0.1104392 Test Loss: 0.0516932
Validation loss decreased (0.111217 --> 0.110439).  Saving model ...
Updating learning rate to 9.288272906571216e-06
Epoch: 43 cost time: 1.1999554634094238
Epoch: 43, Steps: 29 | Train Loss: 0.0630761 Vali Loss: 0.1097661 Test Loss: 0.0512765
Validation loss decreased (0.110439 --> 0.109766).  Saving model ...
Updating learning rate to 9.16860180600173e-06
Epoch: 44 cost time: 1.1936309337615967
Epoch: 44, Steps: 29 | Train Loss: 0.0624520 Vali Loss: 0.1089689 Test Loss: 0.0507450
Validation loss decreased (0.109766 --> 0.108969).  Saving model ...
Updating learning rate to 9.040535736440785e-06
Epoch: 45 cost time: 1.1937403678894043
Epoch: 45, Steps: 29 | Train Loss: 0.0618877 Vali Loss: 0.1080248 Test Loss: 0.0508039
Validation loss decreased (0.108969 --> 0.108025).  Saving model ...
Updating learning rate to 8.904332605909106e-06
Epoch: 46 cost time: 1.1616439819335938
Epoch: 46, Steps: 29 | Train Loss: 0.0612712 Vali Loss: 0.1078116 Test Loss: 0.0502220
Validation loss decreased (0.108025 --> 0.107812).  Saving model ...
Updating learning rate to 8.760266709385311e-06
Epoch: 47 cost time: 1.1884222030639648
Epoch: 47, Steps: 29 | Train Loss: 0.0607362 Vali Loss: 0.1073384 Test Loss: 0.0496560
Validation loss decreased (0.107812 --> 0.107338).  Saving model ...
Updating learning rate to 8.608628176412335e-06
Epoch: 48 cost time: 1.1859543323516846
Epoch: 48, Steps: 29 | Train Loss: 0.0601673 Vali Loss: 0.1065196 Test Loss: 0.0495248
Validation loss decreased (0.107338 --> 0.106520).  Saving model ...
Updating learning rate to 8.449722386815127e-06
Epoch: 49 cost time: 1.1850965023040771
Epoch: 49, Steps: 29 | Train Loss: 0.0596247 Vali Loss: 0.1040104 Test Loss: 0.0497243
Validation loss decreased (0.106520 --> 0.104010).  Saving model ...
Updating learning rate to 8.28386935570634e-06
Epoch: 50 cost time: 1.1877517700195312
Epoch: 50, Steps: 29 | Train Loss: 0.0590664 Vali Loss: 0.1046224 Test Loss: 0.0490120
EarlyStopping counter: 1 out of 10
Updating learning rate to 8.111403089018465e-06
Epoch: 51 cost time: 1.1885416507720947
Epoch: 51, Steps: 29 | Train Loss: 0.0585479 Vali Loss: 0.1030490 Test Loss: 0.0492542
Validation loss decreased (0.104010 --> 0.103049).  Saving model ...
Updating learning rate to 7.93267091086035e-06
Epoch: 52 cost time: 1.1936604976654053
Epoch: 52, Steps: 29 | Train Loss: 0.0579580 Vali Loss: 0.1027980 Test Loss: 0.0483819
Validation loss decreased (0.103049 --> 0.102798).  Saving model ...
Updating learning rate to 7.748032764052655e-06
Epoch: 53 cost time: 1.188762903213501
Epoch: 53, Steps: 29 | Train Loss: 0.0574490 Vali Loss: 0.1024133 Test Loss: 0.0482233
Validation loss decreased (0.102798 --> 0.102413).  Saving model ...
Updating learning rate to 7.557860485250925e-06
Epoch: 54 cost time: 1.1919167041778564
Epoch: 54, Steps: 29 | Train Loss: 0.0568869 Vali Loss: 0.1019065 Test Loss: 0.0477450
Validation loss decreased (0.102413 --> 0.101906).  Saving model ...
Updating learning rate to 7.362537056116034e-06
Epoch: 55 cost time: 1.1888282299041748
Epoch: 55, Steps: 29 | Train Loss: 0.0564222 Vali Loss: 0.1008364 Test Loss: 0.0475028
Validation loss decreased (0.101906 --> 0.100836).  Saving model ...
Updating learning rate to 7.162455832040107e-06
Epoch: 56 cost time: 1.1855080127716064
Epoch: 56, Steps: 29 | Train Loss: 0.0558884 Vali Loss: 0.0998849 Test Loss: 0.0473008
Validation loss decreased (0.100836 --> 0.099885).  Saving model ...
Updating learning rate to 6.9580197499810984e-06
Epoch: 57 cost time: 1.1931438446044922
Epoch: 57, Steps: 29 | Train Loss: 0.0554302 Vali Loss: 0.0993204 Test Loss: 0.0468682
Validation loss decreased (0.099885 --> 0.099320).  Saving model ...
Updating learning rate to 6.7496405170013816e-06
Epoch: 58 cost time: 1.198305606842041
Epoch: 58, Steps: 29 | Train Loss: 0.0549555 Vali Loss: 0.0989477 Test Loss: 0.0464814
Validation loss decreased (0.099320 --> 0.098948).  Saving model ...
Updating learning rate to 6.537737781144523e-06
Epoch: 59 cost time: 1.192807912826538
Epoch: 59, Steps: 29 | Train Loss: 0.0544466 Vali Loss: 0.0972544 Test Loss: 0.0465672
Validation loss decreased (0.098948 --> 0.097254).  Saving model ...
Updating learning rate to 6.322738286319964e-06
Epoch: 60 cost time: 1.186523199081421
Epoch: 60, Steps: 29 | Train Loss: 0.0539546 Vali Loss: 0.0975932 Test Loss: 0.0458718
EarlyStopping counter: 1 out of 10
Updating learning rate to 6.105075012897585e-06
Epoch: 61 cost time: 1.1892828941345215
Epoch: 61, Steps: 29 | Train Loss: 0.0535467 Vali Loss: 0.0964751 Test Loss: 0.0457139
Validation loss decreased (0.097254 --> 0.096475).  Saving model ...
Updating learning rate to 5.885186305742857e-06
Epoch: 62 cost time: 1.1850285530090332
Epoch: 62, Steps: 29 | Train Loss: 0.0530724 Vali Loss: 0.0954386 Test Loss: 0.0453961
Validation loss decreased (0.096475 --> 0.095439).  Saving model ...
Updating learning rate to 5.6635149914486225e-06
Epoch: 63 cost time: 1.1890013217926025
Epoch: 63, Steps: 29 | Train Loss: 0.0526106 Vali Loss: 0.0953853 Test Loss: 0.0450196
Validation loss decreased (0.095439 --> 0.095385).  Saving model ...
Updating learning rate to 5.440507486541268e-06
Epoch: 64 cost time: 1.1921091079711914
Epoch: 64, Steps: 29 | Train Loss: 0.0521516 Vali Loss: 0.0943213 Test Loss: 0.0447928
Validation loss decreased (0.095385 --> 0.094321).  Saving model ...
Updating learning rate to 5.216612898457253e-06
Epoch: 65 cost time: 1.1724607944488525
Epoch: 65, Steps: 29 | Train Loss: 0.0517516 Vali Loss: 0.0935573 Test Loss: 0.0445963
Validation loss decreased (0.094321 --> 0.093557).  Saving model ...
Updating learning rate to 4.992282121100496e-06
Epoch: 66 cost time: 1.1937077045440674
Epoch: 66, Steps: 29 | Train Loss: 0.0512974 Vali Loss: 0.0930453 Test Loss: 0.0441811
Validation loss decreased (0.093557 --> 0.093045).  Saving model ...
Updating learning rate to 4.767966926802067e-06
Epoch: 67 cost time: 1.189345121383667
Epoch: 67, Steps: 29 | Train Loss: 0.0508358 Vali Loss: 0.0922344 Test Loss: 0.0439643
Validation loss decreased (0.093045 --> 0.092234).  Saving model ...
Updating learning rate to 4.5441190565108235e-06
Epoch: 68 cost time: 1.1979317665100098
Epoch: 68, Steps: 29 | Train Loss: 0.0504294 Vali Loss: 0.0918697 Test Loss: 0.0435103
Validation loss decreased (0.092234 --> 0.091870).  Saving model ...
Updating learning rate to 4.3211893100472735e-06
Epoch: 69 cost time: 1.1896188259124756
Epoch: 69, Steps: 29 | Train Loss: 0.0500102 Vali Loss: 0.0906220 Test Loss: 0.0434099
Validation loss decreased (0.091870 --> 0.090622).  Saving model ...
Updating learning rate to 4.099626638252712e-06
Epoch: 70 cost time: 1.1929912567138672
Epoch: 70, Steps: 29 | Train Loss: 0.0496144 Vali Loss: 0.0897744 Test Loss: 0.0430791
Validation loss decreased (0.090622 --> 0.089774).  Saving model ...
Updating learning rate to 3.879877238861997e-06
Epoch: 71 cost time: 1.1885178089141846
Epoch: 71, Steps: 29 | Train Loss: 0.0492176 Vali Loss: 0.0896533 Test Loss: 0.0426697
Validation loss decreased (0.089774 --> 0.089653).  Saving model ...
Updating learning rate to 3.662383657920668e-06
Epoch: 72 cost time: 1.196800947189331
Epoch: 72, Steps: 29 | Train Loss: 0.0488212 Vali Loss: 0.0888188 Test Loss: 0.0422894
Validation loss decreased (0.089653 --> 0.088819).  Saving model ...
Updating learning rate to 3.447583898556124e-06
Epoch: 73 cost time: 1.1947002410888672
Epoch: 73, Steps: 29 | Train Loss: 0.0484297 Vali Loss: 0.0880386 Test Loss: 0.0420499
Validation loss decreased (0.088819 --> 0.088039).  Saving model ...
Updating learning rate to 3.2359105388976132e-06
Epoch: 74 cost time: 1.193434715270996
Epoch: 74, Steps: 29 | Train Loss: 0.0479891 Vali Loss: 0.0874720 Test Loss: 0.0417817
Validation loss decreased (0.088039 --> 0.087472).  Saving model ...
Updating learning rate to 3.027789860921434e-06
Epoch: 75 cost time: 1.1952054500579834
Epoch: 75, Steps: 29 | Train Loss: 0.0476231 Vali Loss: 0.0862968 Test Loss: 0.0416010
Validation loss decreased (0.087472 --> 0.086297).  Saving model ...
Updating learning rate to 2.8236409919757893e-06
Epoch: 76 cost time: 1.1904106140136719
Epoch: 76, Steps: 29 | Train Loss: 0.0472510 Vali Loss: 0.0862291 Test Loss: 0.0411610
Validation loss decreased (0.086297 --> 0.086229).  Saving model ...
Updating learning rate to 2.6238750607140637e-06
Epoch: 77 cost time: 1.19071626663208
Epoch: 77, Steps: 29 | Train Loss: 0.0469053 Vali Loss: 0.0854209 Test Loss: 0.0408426
Validation loss decreased (0.086229 --> 0.085421).  Saving model ...
Updating learning rate to 2.4288943691364434e-06
Epoch: 78 cost time: 1.1930806636810303
Epoch: 78, Steps: 29 | Train Loss: 0.0465081 Vali Loss: 0.0850035 Test Loss: 0.0405726
Validation loss decreased (0.085421 --> 0.085003).  Saving model ...
Updating learning rate to 2.2390915824072217e-06
Epoch: 79 cost time: 1.1949219703674316
Epoch: 79, Steps: 29 | Train Loss: 0.0461066 Vali Loss: 0.0839861 Test Loss: 0.0403145
Validation loss decreased (0.085003 --> 0.083986).  Saving model ...
Updating learning rate to 2.0548489380794217e-06
Epoch: 80 cost time: 1.1974639892578125
Epoch: 80, Steps: 29 | Train Loss: 0.0457636 Vali Loss: 0.0832416 Test Loss: 0.0400440
Validation loss decreased (0.083986 --> 0.083242).  Saving model ...
Updating learning rate to 1.876537476319218e-06
Epoch: 81 cost time: 1.1964490413665771
Epoch: 81, Steps: 29 | Train Loss: 0.0454888 Vali Loss: 0.0831141 Test Loss: 0.0398766
Validation loss decreased (0.083242 --> 0.083114).  Saving model ...
Updating learning rate to 1.7045162926804444e-06
Epoch: 82 cost time: 1.194124460220337
Epoch: 82, Steps: 29 | Train Loss: 0.0454825 Vali Loss: 0.0832590 Test Loss: 0.0398763
EarlyStopping counter: 1 out of 10
Updating learning rate to 1.5391318149339123e-06
Epoch: 83 cost time: 1.1906089782714844
Epoch: 83, Steps: 29 | Train Loss: 0.0454298 Vali Loss: 0.0833405 Test Loss: 0.0398935
EarlyStopping counter: 2 out of 10
Updating learning rate to 1.3807171054080036e-06
Epoch: 84 cost time: 1.1901311874389648
Epoch: 84, Steps: 29 | Train Loss: 0.0454203 Vali Loss: 0.0828851 Test Loss: 0.0400163
Validation loss decreased (0.083114 --> 0.082885).  Saving model ...
Updating learning rate to 1.2295911902454577e-06
Epoch: 85 cost time: 1.1679999828338623
Epoch: 85, Steps: 29 | Train Loss: 0.0454054 Vali Loss: 0.0831547 Test Loss: 0.0399627
EarlyStopping counter: 1 out of 10
Updating learning rate to 1.0860584169271784e-06
Epoch: 86 cost time: 1.1865828037261963
Epoch: 86, Steps: 29 | Train Loss: 0.0454079 Vali Loss: 0.0833373 Test Loss: 0.0399268
EarlyStopping counter: 2 out of 10
Updating learning rate to 9.504078413569088e-07
Epoch: 87 cost time: 1.1856601238250732
Epoch: 87, Steps: 29 | Train Loss: 0.0453898 Vali Loss: 0.0833534 Test Loss: 0.0399294
EarlyStopping counter: 3 out of 10
Updating learning rate to 8.229126457411124e-07
Epoch: 88 cost time: 1.1867117881774902
Epoch: 88, Steps: 29 | Train Loss: 0.0453825 Vali Loss: 0.0833408 Test Loss: 0.0399010
EarlyStopping counter: 4 out of 10
Updating learning rate to 7.038295884363647e-07
Epoch: 89 cost time: 1.1852774620056152
Epoch: 89, Steps: 29 | Train Loss: 0.0453775 Vali Loss: 0.0832964 Test Loss: 0.0399266
EarlyStopping counter: 5 out of 10
Updating learning rate to 5.933984868721898e-07
Epoch: 90 cost time: 1.1862108707427979
Epoch: 90, Steps: 29 | Train Loss: 0.0453951 Vali Loss: 0.0834132 Test Loss: 0.0399512
EarlyStopping counter: 6 out of 10
Updating learning rate to 4.918417345906772e-07
Epoch: 91 cost time: 1.1892759799957275
Epoch: 91, Steps: 29 | Train Loss: 0.0453660 Vali Loss: 0.0833620 Test Loss: 0.0399669
EarlyStopping counter: 7 out of 10
Updating learning rate to 3.9936385337548097e-07
Epoch: 92 cost time: 1.191368818283081
Epoch: 92, Steps: 29 | Train Loss: 0.0453541 Vali Loss: 0.0832940 Test Loss: 0.0399617
EarlyStopping counter: 8 out of 10
Updating learning rate to 3.161510813721721e-07
Epoch: 93 cost time: 1.1844301223754883
Epoch: 93, Steps: 29 | Train Loss: 0.0453854 Vali Loss: 0.0835068 Test Loss: 0.0399352
EarlyStopping counter: 9 out of 10
Updating learning rate to 2.4237099802938663e-07
Epoch: 94 cost time: 1.1850616931915283
Epoch: 94, Steps: 29 | Train Loss: 0.0453664 Vali Loss: 0.0830979 Test Loss: 0.0399545
EarlyStopping counter: 10 out of 10
Early stopping
>>>>>>>testing : ETTh1_336_720_DTFNet_ETTh1_ftM_sl336_ll0_pl720_dm128_nh16_el2_br2_dl1_df256_fc1_ebtimeF_dtTrue_'Exp'_0_'rel_sin'_16_8_16,24_8,12_3_1_256<<<<<<<<<<<<<<<<<<<<<<<<<<<<<<<<<
test 2161
mse:0.4227210581302643, mae:0.4470812976360321, rse:0.624470591545105
