Args in experiment:
Namespace(random_seed=2009, is_training=1, model_id='ETTh1_336_720', model='DTFNet', data='ETTh1', root_path='./dataset/', data_path='ETTh1.csv', features='M', target='OT', freq='h', checkpoints='./checkpoints/', seq_len=336, label_len=0, pred_len=720, n_branches=2, patch_len_ls='16,24', stride_ls='8,12', d_model_ls='128', n_heads_ls='16', rel_pe="'rel_sin'", res_attn=False, head_type='flatten', fc_dropout=0.3, head_dropout=0.1, patch_len=16, stride=8, padding_patch="'end'", revin=1, affine=0, subtract_last=0, decomposition=0, kernel_size=25, individual=0, store_attn=False, pre_norm=False, pe='zeros', no_learn_pe=True, embed_type=0, enc_in=7, dec_in=7, c_out=7, d_model=128, n_heads=16, e_layers=2, d_layers=1, d_ff=256, moving_avg=25, factor=1, distil=True, dropout=0.3, embed='timeF', activation='gelu', output_attention=False, do_predict=False, num_workers=0, itr=1, train_epochs=100, batch_size=256, patience=10, learning_rate=1e-05, des="'Exp'", loss='mse', lradj='TST', pct_start=0.3, use_amp=False, l2=0.0, warmup_steps=0, use_gpu=True, gpu=0, use_multi_gpu=False, devices='0', test_flop=False, use_mlflow=False, mlflow_project='exp', loss_flag=2, sub_patch_len=16, sub_stride=8, stride_ls_list='16', model_type='linear', tfactor=3, dilation_rates='1', wavelet_layers=2, wavelet_type='db5', wavelet_mode='periodization', wavelet_dim=64, initTLV=0.2)
Use GPU: cuda:0
>>>>>>>start training : ETTh1_336_720_DTFNet_ETTh1_ftM_sl336_ll0_pl720_dm128_nh16_el2_br2_dl1_df256_fc1_ebtimeF_dtTrue_'Exp'_0_'rel_sin'_16_8_16,24_8,12_3_1_256>>>>>>>>>>>>>>>>>>>>>>>>>>
train 7585
val 2161
test 2161
Epoch: 1 cost time: 1.55696702003479
Epoch: 1, Steps: 29 | Train Loss: 0.1076857 Vali Loss: 0.1789281 Test Loss: 0.0996971
Validation loss decreased (inf --> 0.178928).  Saving model ...
Updating learning rate to 4.2635539919063106e-07
Epoch: 2 cost time: 1.1858761310577393
Epoch: 2, Steps: 29 | Train Loss: 0.1067425 Vali Loss: 0.1775149 Test Loss: 0.0988775
Validation loss decreased (0.178928 --> 0.177515).  Saving model ...
Updating learning rate to 5.051321771514831e-07
Epoch: 3 cost time: 1.1835153102874756
Epoch: 3, Steps: 29 | Train Loss: 0.1058877 Vali Loss: 0.1758594 Test Loss: 0.0979917
Validation loss decreased (0.177515 --> 0.175859).  Saving model ...
Updating learning rate to 6.354652532866785e-07
Epoch: 4 cost time: 1.1844336986541748
Epoch: 4, Steps: 29 | Train Loss: 0.1049597 Vali Loss: 0.1743341 Test Loss: 0.0970455
Validation loss decreased (0.175859 --> 0.174334).  Saving model ...
Updating learning rate to 8.159233858256806e-07
Epoch: 5 cost time: 1.1914868354797363
Epoch: 5, Steps: 29 | Train Loss: 0.1040484 Vali Loss: 0.1726661 Test Loss: 0.0960199
Validation loss decreased (0.174334 --> 0.172666).  Saving model ...
Updating learning rate to 1.0445248888850473e-06
Epoch: 6 cost time: 1.1927757263183594
Epoch: 6, Steps: 29 | Train Loss: 0.1031082 Vali Loss: 0.1704249 Test Loss: 0.0948695
Validation loss decreased (0.172666 --> 0.170425).  Saving model ...
Updating learning rate to 1.3187593941861497e-06
Epoch: 7 cost time: 1.189234972000122
Epoch: 7, Steps: 29 | Train Loss: 0.1019596 Vali Loss: 0.1682584 Test Loss: 0.0935581
Validation loss decreased (0.170425 --> 0.168258).  Saving model ...
Updating learning rate to 1.6356154184543822e-06
Epoch: 8 cost time: 1.1821191310882568
Epoch: 8, Steps: 29 | Train Loss: 0.1007149 Vali Loss: 0.1657723 Test Loss: 0.0919681
Validation loss decreased (0.168258 --> 0.165772).  Saving model ...
Updating learning rate to 1.9916134337707666e-06
Epoch: 9 cost time: 1.188957691192627
Epoch: 9, Steps: 29 | Train Loss: 0.0993382 Vali Loss: 0.1629949 Test Loss: 0.0899418
Validation loss decreased (0.165772 --> 0.162995).  Saving model ...
Updating learning rate to 2.3828440777166636e-06
Epoch: 10 cost time: 1.168447494506836
Epoch: 10, Steps: 29 | Train Loss: 0.0976531 Vali Loss: 0.1589694 Test Loss: 0.0871117
Validation loss decreased (0.162995 --> 0.158969).  Saving model ...
Updating learning rate to 2.805011083710071e-06
Epoch: 11 cost time: 1.188840627670288
Epoch: 11, Steps: 29 | Train Loss: 0.0953946 Vali Loss: 0.1536669 Test Loss: 0.0832257
Validation loss decreased (0.158969 --> 0.153667).  Saving model ...
Updating learning rate to 3.2534784600976295e-06
Epoch: 12 cost time: 1.1798279285430908
Epoch: 12, Steps: 29 | Train Loss: 0.0927484 Vali Loss: 0.1477091 Test Loss: 0.0786658
Validation loss decreased (0.153667 --> 0.147709).  Saving model ...
Updating learning rate to 3.723321399909056e-06
Epoch: 13 cost time: 1.1826887130737305
Epoch: 13, Steps: 29 | Train Loss: 0.0901883 Vali Loss: 0.1429910 Test Loss: 0.0754335
Validation loss decreased (0.147709 --> 0.142991).  Saving model ...
Updating learning rate to 4.209380362212844e-06
Epoch: 14 cost time: 1.184290885925293
Epoch: 14, Steps: 29 | Train Loss: 0.0883355 Vali Loss: 0.1396883 Test Loss: 0.0737409
Validation loss decreased (0.142991 --> 0.139688).  Saving model ...
Updating learning rate to 4.706317731183279e-06
Epoch: 15 cost time: 1.1863958835601807
Epoch: 15, Steps: 29 | Train Loss: 0.0866409 Vali Loss: 0.1367221 Test Loss: 0.0717269
Validation loss decreased (0.139688 --> 0.136722).  Saving model ...
Updating learning rate to 5.208676430682048e-06
Epoch: 16 cost time: 1.1801936626434326
Epoch: 16, Steps: 29 | Train Loss: 0.0849074 Vali Loss: 0.1339917 Test Loss: 0.0696042
Validation loss decreased (0.136722 --> 0.133992).  Saving model ...
Updating learning rate to 5.710939850683244e-06
Epoch: 17 cost time: 1.185570478439331
Epoch: 17, Steps: 29 | Train Loss: 0.0832403 Vali Loss: 0.1316968 Test Loss: 0.0677163
Validation loss decreased (0.133992 --> 0.131697).  Saving model ...
Updating learning rate to 6.207592427464792e-06
Epoch: 18 cost time: 1.1871922016143799
Epoch: 18, Steps: 29 | Train Loss: 0.0817843 Vali Loss: 0.1298291 Test Loss: 0.0665122
Validation loss decreased (0.131697 --> 0.129829).  Saving model ...
Updating learning rate to 6.693180212309968e-06
Epoch: 19 cost time: 1.1944167613983154
Epoch: 19, Steps: 29 | Train Loss: 0.0806206 Vali Loss: 0.1282197 Test Loss: 0.0647540
Validation loss decreased (0.129829 --> 0.128220).  Saving model ...
Updating learning rate to 7.1623707635889015e-06
Epoch: 20 cost time: 1.194176197052002
Epoch: 20, Steps: 29 | Train Loss: 0.0796260 Vali Loss: 0.1273446 Test Loss: 0.0641302
Validation loss decreased (0.128220 --> 0.127345).  Saving model ...
Updating learning rate to 7.610011704520164e-06
Epoch: 21 cost time: 1.1894774436950684
Epoch: 21, Steps: 29 | Train Loss: 0.0786500 Vali Loss: 0.1266097 Test Loss: 0.0634370
Validation loss decreased (0.127345 --> 0.126610).  Saving model ...
Updating learning rate to 8.031187303565295e-06
Epoch: 22 cost time: 1.1870582103729248
Epoch: 22, Steps: 29 | Train Loss: 0.0777849 Vali Loss: 0.1257291 Test Loss: 0.0622445
Validation loss decreased (0.126610 --> 0.125729).  Saving model ...
Updating learning rate to 8.421272456123378e-06
Epoch: 23 cost time: 1.1881208419799805
Epoch: 23, Steps: 29 | Train Loss: 0.0768544 Vali Loss: 0.1248048 Test Loss: 0.0615745
Validation loss decreased (0.125729 --> 0.124805).  Saving model ...
Updating learning rate to 8.775983474730246e-06
Epoch: 24 cost time: 1.1758246421813965
Epoch: 24, Steps: 29 | Train Loss: 0.0760849 Vali Loss: 0.1234995 Test Loss: 0.0609071
Validation loss decreased (0.124805 --> 0.123499).  Saving model ...
Updating learning rate to 9.091425130013939e-06
Epoch: 25 cost time: 1.1805212497711182
Epoch: 25, Steps: 29 | Train Loss: 0.0753950 Vali Loss: 0.1228634 Test Loss: 0.0599718
Validation loss decreased (0.123499 --> 0.122863).  Saving model ...
Updating learning rate to 9.364133425830145e-06
Epoch: 26 cost time: 1.180152416229248
Epoch: 26, Steps: 29 | Train Loss: 0.0745436 Vali Loss: 0.1218502 Test Loss: 0.0596502
Validation loss decreased (0.122863 --> 0.121850).  Saving model ...
Updating learning rate to 9.591113638846019e-06
Epoch: 27 cost time: 1.1912155151367188
Epoch: 27, Steps: 29 | Train Loss: 0.0737595 Vali Loss: 0.1213667 Test Loss: 0.0587949
Validation loss decreased (0.121850 --> 0.121367).  Saving model ...
Updating learning rate to 9.769873204843885e-06
Epoch: 28 cost time: 1.1851682662963867
Epoch: 28, Steps: 29 | Train Loss: 0.0730209 Vali Loss: 0.1203702 Test Loss: 0.0580963
Validation loss decreased (0.121367 --> 0.120370).  Saving model ...
Updating learning rate to 9.898449090606656e-06
Epoch: 29 cost time: 1.1929047107696533
Epoch: 29, Steps: 29 | Train Loss: 0.0723227 Vali Loss: 0.1196239 Test Loss: 0.0576541
Validation loss decreased (0.120370 --> 0.119624).  Saving model ...
Updating learning rate to 9.975429350802846e-06
Epoch: 30 cost time: 1.1883482933044434
Epoch: 30, Steps: 29 | Train Loss: 0.0715760 Vali Loss: 0.1185994 Test Loss: 0.0572605
Validation loss decreased (0.119624 --> 0.118599).  Saving model ...
Updating learning rate to 9.99999401249548e-06
Epoch: 31 cost time: 1.1845834255218506
Epoch: 31, Steps: 29 | Train Loss: 0.0708252 Vali Loss: 0.1182394 Test Loss: 0.0566167
Validation loss decreased (0.118599 --> 0.118239).  Saving model ...
Updating learning rate to 9.994612212745642e-06
Epoch: 32 cost time: 1.1894841194152832
Epoch: 32, Steps: 29 | Train Loss: 0.0700994 Vali Loss: 0.1177347 Test Loss: 0.0561526
Validation loss decreased (0.118239 --> 0.117735).  Saving model ...
Updating learning rate to 9.979171968972798e-06
Epoch: 33 cost time: 1.1834995746612549
Epoch: 33, Steps: 29 | Train Loss: 0.0694628 Vali Loss: 0.1166257 Test Loss: 0.0559467
Validation loss decreased (0.117735 --> 0.116626).  Saving model ...
Updating learning rate to 9.953704375773079e-06
Epoch: 34 cost time: 1.1751716136932373
Epoch: 34, Steps: 29 | Train Loss: 0.0687814 Vali Loss: 0.1159933 Test Loss: 0.0552408
Validation loss decreased (0.116626 --> 0.115993).  Saving model ...
Updating learning rate to 9.918260721489893e-06
Epoch: 35 cost time: 1.1814367771148682
Epoch: 35, Steps: 29 | Train Loss: 0.0680992 Vali Loss: 0.1156997 Test Loss: 0.0547623
Validation loss decreased (0.115993 --> 0.115700).  Saving model ...
Updating learning rate to 9.872912384926035e-06
Epoch: 36 cost time: 1.184755563735962
Epoch: 36, Steps: 29 | Train Loss: 0.0673986 Vali Loss: 0.1147218 Test Loss: 0.0544428
Validation loss decreased (0.115700 --> 0.114722).  Saving model ...
Updating learning rate to 9.817750691596265e-06
Epoch: 37 cost time: 1.1869022846221924
Epoch: 37, Steps: 29 | Train Loss: 0.0667393 Vali Loss: 0.1141617 Test Loss: 0.0538469
Validation loss decreased (0.114722 --> 0.114162).  Saving model ...
Updating learning rate to 9.752886729809889e-06
Epoch: 38 cost time: 1.1751301288604736
Epoch: 38, Steps: 29 | Train Loss: 0.0661317 Vali Loss: 0.1142375 Test Loss: 0.0533870
EarlyStopping counter: 1 out of 10
Updating learning rate to 9.678451126953676e-06
Epoch: 39 cost time: 1.1884405612945557
Epoch: 39, Steps: 29 | Train Loss: 0.0654353 Vali Loss: 0.1135984 Test Loss: 0.0529679
Validation loss decreased (0.114162 --> 0.113598).  Saving model ...
Updating learning rate to 9.594593786425696e-06
Epoch: 40 cost time: 1.1897742748260498
Epoch: 40, Steps: 29 | Train Loss: 0.0647810 Vali Loss: 0.1119390 Test Loss: 0.0529161
Validation loss decreased (0.113598 --> 0.111939).  Saving model ...
Updating learning rate to 9.501483585749811e-06
Epoch: 41 cost time: 1.1838343143463135
Epoch: 41, Steps: 29 | Train Loss: 0.0641960 Vali Loss: 0.1121772 Test Loss: 0.0522931
EarlyStopping counter: 1 out of 10
Updating learning rate to 9.399308036478838e-06
Epoch: 42 cost time: 1.1807241439819336
Epoch: 42, Steps: 29 | Train Loss: 0.0635791 Vali Loss: 0.1114384 Test Loss: 0.0517661
Validation loss decreased (0.111939 --> 0.111438).  Saving model ...
Updating learning rate to 9.288272906571216e-06
Epoch: 43 cost time: 1.1818158626556396
Epoch: 43, Steps: 29 | Train Loss: 0.0629389 Vali Loss: 0.1095645 Test Loss: 0.0519398
Validation loss decreased (0.111438 --> 0.109565).  Saving model ...
Updating learning rate to 9.16860180600173e-06
Epoch: 44 cost time: 1.1919324398040771
Epoch: 44, Steps: 29 | Train Loss: 0.0623777 Vali Loss: 0.1102118 Test Loss: 0.0511321
EarlyStopping counter: 1 out of 10
Updating learning rate to 9.040535736440785e-06
Epoch: 45 cost time: 1.1855401992797852
Epoch: 45, Steps: 29 | Train Loss: 0.0617087 Vali Loss: 0.1087428 Test Loss: 0.0510424
Validation loss decreased (0.109565 --> 0.108743).  Saving model ...
Updating learning rate to 8.904332605909106e-06
Epoch: 46 cost time: 1.1797444820404053
Epoch: 46, Steps: 29 | Train Loss: 0.0611032 Vali Loss: 0.1082213 Test Loss: 0.0505815
Validation loss decreased (0.108743 --> 0.108221).  Saving model ...
Updating learning rate to 8.760266709385311e-06
Epoch: 47 cost time: 1.1918396949768066
Epoch: 47, Steps: 29 | Train Loss: 0.0605747 Vali Loss: 0.1074992 Test Loss: 0.0502605
Validation loss decreased (0.108221 --> 0.107499).  Saving model ...
Updating learning rate to 8.608628176412335e-06
Epoch: 48 cost time: 1.1790709495544434
Epoch: 48, Steps: 29 | Train Loss: 0.0600585 Vali Loss: 0.1066288 Test Loss: 0.0500870
Validation loss decreased (0.107499 --> 0.106629).  Saving model ...
Updating learning rate to 8.449722386815127e-06
Epoch: 49 cost time: 1.1829142570495605
Epoch: 49, Steps: 29 | Train Loss: 0.0594380 Vali Loss: 0.1065628 Test Loss: 0.0494798
Validation loss decreased (0.106629 --> 0.106563).  Saving model ...
Updating learning rate to 8.28386935570634e-06
Epoch: 50 cost time: 1.1815178394317627
Epoch: 50, Steps: 29 | Train Loss: 0.0589375 Vali Loss: 0.1056462 Test Loss: 0.0491831
Validation loss decreased (0.106563 --> 0.105646).  Saving model ...
Updating learning rate to 8.111403089018465e-06
Epoch: 51 cost time: 1.1779839992523193
Epoch: 51, Steps: 29 | Train Loss: 0.0584219 Vali Loss: 0.1053366 Test Loss: 0.0487926
Validation loss decreased (0.105646 --> 0.105337).  Saving model ...
Updating learning rate to 7.93267091086035e-06
Epoch: 52 cost time: 1.1938250064849854
Epoch: 52, Steps: 29 | Train Loss: 0.0578636 Vali Loss: 0.1039169 Test Loss: 0.0486426
Validation loss decreased (0.105337 --> 0.103917).  Saving model ...
Updating learning rate to 7.748032764052655e-06
Epoch: 53 cost time: 1.185450792312622
Epoch: 53, Steps: 29 | Train Loss: 0.0573350 Vali Loss: 0.1032728 Test Loss: 0.0483026
Validation loss decreased (0.103917 --> 0.103273).  Saving model ...
Updating learning rate to 7.557860485250925e-06
Epoch: 54 cost time: 1.1862397193908691
Epoch: 54, Steps: 29 | Train Loss: 0.0568313 Vali Loss: 0.1025472 Test Loss: 0.0479354
Validation loss decreased (0.103273 --> 0.102547).  Saving model ...
Updating learning rate to 7.362537056116034e-06
Epoch: 55 cost time: 1.1864039897918701
Epoch: 55, Steps: 29 | Train Loss: 0.0562784 Vali Loss: 0.1024086 Test Loss: 0.0475346
Validation loss decreased (0.102547 --> 0.102409).  Saving model ...
Updating learning rate to 7.162455832040107e-06
Epoch: 56 cost time: 1.187072992324829
Epoch: 56, Steps: 29 | Train Loss: 0.0557831 Vali Loss: 0.1016244 Test Loss: 0.0471896
Validation loss decreased (0.102409 --> 0.101624).  Saving model ...
Updating learning rate to 6.9580197499810984e-06
Epoch: 57 cost time: 1.1843698024749756
Epoch: 57, Steps: 29 | Train Loss: 0.0553288 Vali Loss: 0.1007187 Test Loss: 0.0468369
Validation loss decreased (0.101624 --> 0.100719).  Saving model ...
Updating learning rate to 6.7496405170013816e-06
Epoch: 58 cost time: 1.1782934665679932
Epoch: 58, Steps: 29 | Train Loss: 0.0548209 Vali Loss: 0.1001158 Test Loss: 0.0466990
Validation loss decreased (0.100719 --> 0.100116).  Saving model ...
Updating learning rate to 6.537737781144523e-06
Epoch: 59 cost time: 1.180971622467041
Epoch: 59, Steps: 29 | Train Loss: 0.0543585 Vali Loss: 0.0990079 Test Loss: 0.0463765
Validation loss decreased (0.100116 --> 0.099008).  Saving model ...
Updating learning rate to 6.322738286319964e-06
Epoch: 60 cost time: 1.1790218353271484
Epoch: 60, Steps: 29 | Train Loss: 0.0539172 Vali Loss: 0.0976951 Test Loss: 0.0462418
Validation loss decreased (0.099008 --> 0.097695).  Saving model ...
Updating learning rate to 6.105075012897585e-06
Epoch: 61 cost time: 1.185999870300293
Epoch: 61, Steps: 29 | Train Loss: 0.0534114 Vali Loss: 0.0978033 Test Loss: 0.0456676
EarlyStopping counter: 1 out of 10
Updating learning rate to 5.885186305742857e-06
Epoch: 62 cost time: 1.1822900772094727
Epoch: 62, Steps: 29 | Train Loss: 0.0529741 Vali Loss: 0.0976403 Test Loss: 0.0452236
Validation loss decreased (0.097695 --> 0.097640).  Saving model ...
Updating learning rate to 5.6635149914486225e-06
Epoch: 63 cost time: 1.1848726272583008
Epoch: 63, Steps: 29 | Train Loss: 0.0524983 Vali Loss: 0.0962624 Test Loss: 0.0450281
Validation loss decreased (0.097640 --> 0.096262).  Saving model ...
Updating learning rate to 5.440507486541268e-06
Epoch: 64 cost time: 1.1830928325653076
Epoch: 64, Steps: 29 | Train Loss: 0.0520887 Vali Loss: 0.0952874 Test Loss: 0.0448910
Validation loss decreased (0.096262 --> 0.095287).  Saving model ...
Updating learning rate to 5.216612898457253e-06
Epoch: 65 cost time: 1.1757652759552002
Epoch: 65, Steps: 29 | Train Loss: 0.0516635 Vali Loss: 0.0946570 Test Loss: 0.0444365
Validation loss decreased (0.095287 --> 0.094657).  Saving model ...
Updating learning rate to 4.992282121100496e-06
Epoch: 66 cost time: 1.1847257614135742
Epoch: 66, Steps: 29 | Train Loss: 0.0511919 Vali Loss: 0.0942936 Test Loss: 0.0440870
Validation loss decreased (0.094657 --> 0.094294).  Saving model ...
Updating learning rate to 4.767966926802067e-06
Epoch: 67 cost time: 1.184372901916504
Epoch: 67, Steps: 29 | Train Loss: 0.0507598 Vali Loss: 0.0936306 Test Loss: 0.0437862
Validation loss decreased (0.094294 --> 0.093631).  Saving model ...
Updating learning rate to 4.5441190565108235e-06
Epoch: 68 cost time: 1.1806728839874268
Epoch: 68, Steps: 29 | Train Loss: 0.0503250 Vali Loss: 0.0925066 Test Loss: 0.0436046
Validation loss decreased (0.093631 --> 0.092507).  Saving model ...
Updating learning rate to 4.3211893100472735e-06
Epoch: 69 cost time: 1.1783418655395508
Epoch: 69, Steps: 29 | Train Loss: 0.0499405 Vali Loss: 0.0923195 Test Loss: 0.0431141
Validation loss decreased (0.092507 --> 0.092320).  Saving model ...
Updating learning rate to 4.099626638252712e-06
Epoch: 70 cost time: 1.1831722259521484
Epoch: 70, Steps: 29 | Train Loss: 0.0495332 Vali Loss: 0.0915700 Test Loss: 0.0428501
Validation loss decreased (0.092320 --> 0.091570).  Saving model ...
Updating learning rate to 3.879877238861997e-06
Epoch: 71 cost time: 1.1907389163970947
Epoch: 71, Steps: 29 | Train Loss: 0.0490979 Vali Loss: 0.0910832 Test Loss: 0.0424459
Validation loss decreased (0.091570 --> 0.091083).  Saving model ...
Updating learning rate to 3.662383657920668e-06
Epoch: 72 cost time: 1.1776988506317139
Epoch: 72, Steps: 29 | Train Loss: 0.0487092 Vali Loss: 0.0904406 Test Loss: 0.0421485
Validation loss decreased (0.091083 --> 0.090441).  Saving model ...
Updating learning rate to 3.447583898556124e-06
Epoch: 73 cost time: 1.1754860877990723
Epoch: 73, Steps: 29 | Train Loss: 0.0483124 Vali Loss: 0.0893092 Test Loss: 0.0419377
Validation loss decreased (0.090441 --> 0.089309).  Saving model ...
Updating learning rate to 3.2359105388976132e-06
Epoch: 74 cost time: 1.1809942722320557
Epoch: 74, Steps: 29 | Train Loss: 0.0478854 Vali Loss: 0.0883906 Test Loss: 0.0417268
Validation loss decreased (0.089309 --> 0.088391).  Saving model ...
Updating learning rate to 3.027789860921434e-06
Epoch: 75 cost time: 1.1835222244262695
Epoch: 75, Steps: 29 | Train Loss: 0.0474593 Vali Loss: 0.0883192 Test Loss: 0.0413072
Validation loss decreased (0.088391 --> 0.088319).  Saving model ...
Updating learning rate to 2.8236409919757893e-06
Epoch: 76 cost time: 1.180025339126587
Epoch: 76, Steps: 29 | Train Loss: 0.0471658 Vali Loss: 0.0875667 Test Loss: 0.0409702
Validation loss decreased (0.088319 --> 0.087567).  Saving model ...
Updating learning rate to 2.6238750607140637e-06
Epoch: 77 cost time: 1.175443172454834
Epoch: 77, Steps: 29 | Train Loss: 0.0467623 Vali Loss: 0.0870841 Test Loss: 0.0407309
Validation loss decreased (0.087567 --> 0.087084).  Saving model ...
Updating learning rate to 2.4288943691364434e-06
Epoch: 78 cost time: 1.1779506206512451
Epoch: 78, Steps: 29 | Train Loss: 0.0463892 Vali Loss: 0.0859634 Test Loss: 0.0404607
Validation loss decreased (0.087084 --> 0.085963).  Saving model ...
Updating learning rate to 2.2390915824072217e-06
Epoch: 79 cost time: 1.1812379360198975
Epoch: 79, Steps: 29 | Train Loss: 0.0460507 Vali Loss: 0.0851047 Test Loss: 0.0402000
Validation loss decreased (0.085963 --> 0.085105).  Saving model ...
Updating learning rate to 2.0548489380794217e-06
Epoch: 80 cost time: 1.1890099048614502
Epoch: 80, Steps: 29 | Train Loss: 0.0456687 Vali Loss: 0.0845627 Test Loss: 0.0398940
Validation loss decreased (0.085105 --> 0.084563).  Saving model ...
Updating learning rate to 1.876537476319218e-06
Epoch: 81 cost time: 1.1784915924072266
Epoch: 81, Steps: 29 | Train Loss: 0.0453256 Vali Loss: 0.0842637 Test Loss: 0.0398011
Validation loss decreased (0.084563 --> 0.084264).  Saving model ...
Updating learning rate to 1.7045162926804444e-06
Epoch: 82 cost time: 1.181886911392212
Epoch: 82, Steps: 29 | Train Loss: 0.0453494 Vali Loss: 0.0844019 Test Loss: 0.0398021
EarlyStopping counter: 1 out of 10
Updating learning rate to 1.5391318149339123e-06
Epoch: 83 cost time: 1.1766302585601807
Epoch: 83, Steps: 29 | Train Loss: 0.0453097 Vali Loss: 0.0842501 Test Loss: 0.0398336
Validation loss decreased (0.084264 --> 0.084250).  Saving model ...
Updating learning rate to 1.3807171054080036e-06
Epoch: 84 cost time: 1.1756155490875244
Epoch: 84, Steps: 29 | Train Loss: 0.0452988 Vali Loss: 0.0842357 Test Loss: 0.0397956
Validation loss decreased (0.084250 --> 0.084236).  Saving model ...
Updating learning rate to 1.2295911902454577e-06
Epoch: 85 cost time: 1.186093807220459
Epoch: 85, Steps: 29 | Train Loss: 0.0453043 Vali Loss: 0.0843666 Test Loss: 0.0397972
EarlyStopping counter: 1 out of 10
Updating learning rate to 1.0860584169271784e-06
Epoch: 86 cost time: 1.1705951690673828
Epoch: 86, Steps: 29 | Train Loss: 0.0452962 Vali Loss: 0.0845170 Test Loss: 0.0397715
EarlyStopping counter: 2 out of 10
Updating learning rate to 9.504078413569088e-07
Epoch: 87 cost time: 1.1820814609527588
Epoch: 87, Steps: 29 | Train Loss: 0.0452938 Vali Loss: 0.0843670 Test Loss: 0.0398137
EarlyStopping counter: 3 out of 10
Updating learning rate to 8.229126457411124e-07
Epoch: 88 cost time: 1.1768553256988525
Epoch: 88, Steps: 29 | Train Loss: 0.0452535 Vali Loss: 0.0842776 Test Loss: 0.0398122
EarlyStopping counter: 4 out of 10
Updating learning rate to 7.038295884363647e-07
Epoch: 89 cost time: 1.1716070175170898
Epoch: 89, Steps: 29 | Train Loss: 0.0453096 Vali Loss: 0.0845505 Test Loss: 0.0398036
EarlyStopping counter: 5 out of 10
Updating learning rate to 5.933984868721898e-07
Epoch: 90 cost time: 1.1769907474517822
Epoch: 90, Steps: 29 | Train Loss: 0.0452831 Vali Loss: 0.0843901 Test Loss: 0.0398103
EarlyStopping counter: 6 out of 10
Updating learning rate to 4.918417345906772e-07
Epoch: 91 cost time: 1.1747722625732422
Epoch: 91, Steps: 29 | Train Loss: 0.0452951 Vali Loss: 0.0844262 Test Loss: 0.0398097
EarlyStopping counter: 7 out of 10
Updating learning rate to 3.9936385337548097e-07
Epoch: 92 cost time: 1.1847782135009766
Epoch: 92, Steps: 29 | Train Loss: 0.0452629 Vali Loss: 0.0843831 Test Loss: 0.0398079
EarlyStopping counter: 8 out of 10
Updating learning rate to 3.161510813721721e-07
Epoch: 93 cost time: 1.1807644367218018
Epoch: 93, Steps: 29 | Train Loss: 0.0452171 Vali Loss: 0.0842984 Test Loss: 0.0398106
EarlyStopping counter: 9 out of 10
Updating learning rate to 2.4237099802938663e-07
Epoch: 94 cost time: 1.1785480976104736
Epoch: 94, Steps: 29 | Train Loss: 0.0452661 Vali Loss: 0.0844101 Test Loss: 0.0397997
EarlyStopping counter: 10 out of 10
Early stopping
>>>>>>>testing : ETTh1_336_720_DTFNet_ETTh1_ftM_sl336_ll0_pl720_dm128_nh16_el2_br2_dl1_df256_fc1_ebtimeF_dtTrue_'Exp'_0_'rel_sin'_16_8_16,24_8,12_3_1_256<<<<<<<<<<<<<<<<<<<<<<<<<<<<<<<<<
test 2161
mse:0.4205056428909302, mae:0.44481462240219116, rse:0.6228321194648743
