Args in experiment:
Namespace(random_seed=321, is_training=1, model_id='ETTh1_336_720', model='DTFNet', data='ETTh1', root_path='./dataset/', data_path='ETTh1.csv', features='M', target='OT', freq='h', checkpoints='./checkpoints/', seq_len=336, label_len=0, pred_len=720, n_branches=2, patch_len_ls='16,24', stride_ls='8,12', d_model_ls='128', n_heads_ls='16', rel_pe="'rel_sin'", res_attn=False, head_type='flatten', fc_dropout=0.3, head_dropout=0.1, patch_len=16, stride=8, padding_patch="'end'", revin=1, affine=0, subtract_last=0, decomposition=0, kernel_size=25, individual=0, store_attn=False, pre_norm=False, pe='zeros', no_learn_pe=True, embed_type=0, enc_in=7, dec_in=7, c_out=7, d_model=128, n_heads=16, e_layers=2, d_layers=1, d_ff=256, moving_avg=25, factor=1, distil=True, dropout=0.3, embed='timeF', activation='gelu', output_attention=False, do_predict=False, num_workers=0, itr=1, train_epochs=100, batch_size=256, patience=10, learning_rate=1e-05, des="'Exp'", loss='mse', lradj='TST', pct_start=0.3, use_amp=False, l2=0.0, warmup_steps=0, use_gpu=True, gpu=0, use_multi_gpu=False, devices='0', test_flop=False, use_mlflow=False, mlflow_project='exp', loss_flag=2, sub_patch_len=16, sub_stride=8, stride_ls_list='16', model_type='linear', tfactor=3, dilation_rates='1', wavelet_layers=2, wavelet_type='db5', wavelet_mode='periodization', wavelet_dim=64, initTLV=0.2)
Use GPU: cuda:0
>>>>>>>start training : ETTh1_336_720_DTFNet_ETTh1_ftM_sl336_ll0_pl720_dm128_nh16_el2_br2_dl1_df256_fc1_ebtimeF_dtTrue_'Exp'_0_'rel_sin'_16_8_16,24_8,12_3_1_256>>>>>>>>>>>>>>>>>>>>>>>>>>
train 7585
val 2161
test 2161
Epoch: 1 cost time: 1.5596704483032227
Epoch: 1, Steps: 29 | Train Loss: 0.1076765 Vali Loss: 0.1791592 Test Loss: 0.0999133
Validation loss decreased (inf --> 0.179159).  Saving model ...
Updating learning rate to 4.2635539919063106e-07
Epoch: 2 cost time: 1.18070650100708
Epoch: 2, Steps: 29 | Train Loss: 0.1067826 Vali Loss: 0.1774578 Test Loss: 0.0990665
Validation loss decreased (0.179159 --> 0.177458).  Saving model ...
Updating learning rate to 5.051321771514831e-07
Epoch: 3 cost time: 1.1740400791168213
Epoch: 3, Steps: 29 | Train Loss: 0.1058549 Vali Loss: 0.1758243 Test Loss: 0.0981536
Validation loss decreased (0.177458 --> 0.175824).  Saving model ...
Updating learning rate to 6.354652532866785e-07
Epoch: 4 cost time: 1.1773393154144287
Epoch: 4, Steps: 29 | Train Loss: 0.1049982 Vali Loss: 0.1742229 Test Loss: 0.0971814
Validation loss decreased (0.175824 --> 0.174223).  Saving model ...
Updating learning rate to 8.159233858256806e-07
Epoch: 5 cost time: 1.1871297359466553
Epoch: 5, Steps: 29 | Train Loss: 0.1040431 Vali Loss: 0.1720605 Test Loss: 0.0961262
Validation loss decreased (0.174223 --> 0.172060).  Saving model ...
Updating learning rate to 1.0445248888850473e-06
Epoch: 6 cost time: 1.1914119720458984
Epoch: 6, Steps: 29 | Train Loss: 0.1029934 Vali Loss: 0.1704431 Test Loss: 0.0949399
Validation loss decreased (0.172060 --> 0.170443).  Saving model ...
Updating learning rate to 1.3187593941861497e-06
Epoch: 7 cost time: 1.1932086944580078
Epoch: 7, Steps: 29 | Train Loss: 0.1019430 Vali Loss: 0.1682804 Test Loss: 0.0935910
Validation loss decreased (0.170443 --> 0.168280).  Saving model ...
Updating learning rate to 1.6356154184543822e-06
Epoch: 8 cost time: 1.1907696723937988
Epoch: 8, Steps: 29 | Train Loss: 0.1007196 Vali Loss: 0.1660051 Test Loss: 0.0919748
Validation loss decreased (0.168280 --> 0.166005).  Saving model ...
Updating learning rate to 1.9916134337707666e-06
Epoch: 9 cost time: 1.1813483238220215
Epoch: 9, Steps: 29 | Train Loss: 0.0992713 Vali Loss: 0.1630109 Test Loss: 0.0898932
Validation loss decreased (0.166005 --> 0.163011).  Saving model ...
Updating learning rate to 2.3828440777166636e-06
Epoch: 10 cost time: 1.185302734375
Epoch: 10, Steps: 29 | Train Loss: 0.0975809 Vali Loss: 0.1587519 Test Loss: 0.0870701
Validation loss decreased (0.163011 --> 0.158752).  Saving model ...
Updating learning rate to 2.805011083710071e-06
Epoch: 11 cost time: 1.1912384033203125
Epoch: 11, Steps: 29 | Train Loss: 0.0954071 Vali Loss: 0.1534874 Test Loss: 0.0831859
Validation loss decreased (0.158752 --> 0.153487).  Saving model ...
Updating learning rate to 3.2534784600976295e-06
Epoch: 12 cost time: 1.181781530380249
Epoch: 12, Steps: 29 | Train Loss: 0.0927711 Vali Loss: 0.1474839 Test Loss: 0.0784732
Validation loss decreased (0.153487 --> 0.147484).  Saving model ...
Updating learning rate to 3.723321399909056e-06
Epoch: 13 cost time: 1.1833584308624268
Epoch: 13, Steps: 29 | Train Loss: 0.0901187 Vali Loss: 0.1423361 Test Loss: 0.0752029
Validation loss decreased (0.147484 --> 0.142336).  Saving model ...
Updating learning rate to 4.209380362212844e-06
Epoch: 14 cost time: 1.1751039028167725
Epoch: 14, Steps: 29 | Train Loss: 0.0881692 Vali Loss: 0.1391518 Test Loss: 0.0733460
Validation loss decreased (0.142336 --> 0.139152).  Saving model ...
Updating learning rate to 4.706317731183279e-06
Epoch: 15 cost time: 1.1902697086334229
Epoch: 15, Steps: 29 | Train Loss: 0.0863467 Vali Loss: 0.1362686 Test Loss: 0.0714182
Validation loss decreased (0.139152 --> 0.136269).  Saving model ...
Updating learning rate to 5.208676430682048e-06
Epoch: 16 cost time: 1.1847343444824219
Epoch: 16, Steps: 29 | Train Loss: 0.0846913 Vali Loss: 0.1340575 Test Loss: 0.0693889
Validation loss decreased (0.136269 --> 0.134057).  Saving model ...
Updating learning rate to 5.710939850683244e-06
Epoch: 17 cost time: 1.1851234436035156
Epoch: 17, Steps: 29 | Train Loss: 0.0832821 Vali Loss: 0.1317261 Test Loss: 0.0673395
Validation loss decreased (0.134057 --> 0.131726).  Saving model ...
Updating learning rate to 6.207592427464792e-06
Epoch: 18 cost time: 1.181396484375
Epoch: 18, Steps: 29 | Train Loss: 0.0818414 Vali Loss: 0.1297470 Test Loss: 0.0659947
Validation loss decreased (0.131726 --> 0.129747).  Saving model ...
Updating learning rate to 6.693180212309968e-06
Epoch: 19 cost time: 1.1800875663757324
Epoch: 19, Steps: 29 | Train Loss: 0.0807597 Vali Loss: 0.1284832 Test Loss: 0.0646657
Validation loss decreased (0.129747 --> 0.128483).  Saving model ...
Updating learning rate to 7.1623707635889015e-06
Epoch: 20 cost time: 1.1827194690704346
Epoch: 20, Steps: 29 | Train Loss: 0.0796874 Vali Loss: 0.1274990 Test Loss: 0.0636022
Validation loss decreased (0.128483 --> 0.127499).  Saving model ...
Updating learning rate to 7.610011704520164e-06
Epoch: 21 cost time: 1.1877076625823975
Epoch: 21, Steps: 29 | Train Loss: 0.0787828 Vali Loss: 0.1264590 Test Loss: 0.0628492
Validation loss decreased (0.127499 --> 0.126459).  Saving model ...
Updating learning rate to 8.031187303565295e-06
Epoch: 22 cost time: 1.1834132671356201
Epoch: 22, Steps: 29 | Train Loss: 0.0778831 Vali Loss: 0.1256671 Test Loss: 0.0620502
Validation loss decreased (0.126459 --> 0.125667).  Saving model ...
Updating learning rate to 8.421272456123378e-06
Epoch: 23 cost time: 1.1822960376739502
Epoch: 23, Steps: 29 | Train Loss: 0.0770723 Vali Loss: 0.1248223 Test Loss: 0.0610606
Validation loss decreased (0.125667 --> 0.124822).  Saving model ...
Updating learning rate to 8.775983474730246e-06
Epoch: 24 cost time: 1.1867215633392334
Epoch: 24, Steps: 29 | Train Loss: 0.0762445 Vali Loss: 0.1234783 Test Loss: 0.0605340
Validation loss decreased (0.124822 --> 0.123478).  Saving model ...
Updating learning rate to 9.091425130013939e-06
Epoch: 25 cost time: 1.1794166564941406
Epoch: 25, Steps: 29 | Train Loss: 0.0755014 Vali Loss: 0.1231693 Test Loss: 0.0595443
Validation loss decreased (0.123478 --> 0.123169).  Saving model ...
Updating learning rate to 9.364133425830145e-06
Epoch: 26 cost time: 1.1833868026733398
Epoch: 26, Steps: 29 | Train Loss: 0.0746755 Vali Loss: 0.1221226 Test Loss: 0.0590177
Validation loss decreased (0.123169 --> 0.122123).  Saving model ...
Updating learning rate to 9.591113638846019e-06
Epoch: 27 cost time: 1.180159330368042
Epoch: 27, Steps: 29 | Train Loss: 0.0738793 Vali Loss: 0.1213478 Test Loss: 0.0585997
Validation loss decreased (0.122123 --> 0.121348).  Saving model ...
Updating learning rate to 9.769873204843885e-06
Epoch: 28 cost time: 1.1873602867126465
Epoch: 28, Steps: 29 | Train Loss: 0.0732125 Vali Loss: 0.1205810 Test Loss: 0.0577114
Validation loss decreased (0.121348 --> 0.120581).  Saving model ...
Updating learning rate to 9.898449090606656e-06
Epoch: 29 cost time: 1.1861207485198975
Epoch: 29, Steps: 29 | Train Loss: 0.0724028 Vali Loss: 0.1192307 Test Loss: 0.0574097
Validation loss decreased (0.120581 --> 0.119231).  Saving model ...
Updating learning rate to 9.975429350802846e-06
Epoch: 30 cost time: 1.1838641166687012
Epoch: 30, Steps: 29 | Train Loss: 0.0717612 Vali Loss: 0.1192244 Test Loss: 0.0566333
Validation loss decreased (0.119231 --> 0.119224).  Saving model ...
Updating learning rate to 9.99999401249548e-06
Epoch: 31 cost time: 1.1915678977966309
Epoch: 31, Steps: 29 | Train Loss: 0.0709939 Vali Loss: 0.1187093 Test Loss: 0.0556782
Validation loss decreased (0.119224 --> 0.118709).  Saving model ...
Updating learning rate to 9.994612212745642e-06
Epoch: 32 cost time: 1.1782596111297607
Epoch: 32, Steps: 29 | Train Loss: 0.0702921 Vali Loss: 0.1176960 Test Loss: 0.0554943
Validation loss decreased (0.118709 --> 0.117696).  Saving model ...
Updating learning rate to 9.979171968972798e-06
Epoch: 33 cost time: 1.1875383853912354
Epoch: 33, Steps: 29 | Train Loss: 0.0695801 Vali Loss: 0.1167396 Test Loss: 0.0550316
Validation loss decreased (0.117696 --> 0.116740).  Saving model ...
Updating learning rate to 9.953704375773079e-06
Epoch: 34 cost time: 1.1754236221313477
Epoch: 34, Steps: 29 | Train Loss: 0.0688992 Vali Loss: 0.1167359 Test Loss: 0.0545139
Validation loss decreased (0.116740 --> 0.116736).  Saving model ...
Updating learning rate to 9.918260721489893e-06
Epoch: 35 cost time: 1.1856017112731934
Epoch: 35, Steps: 29 | Train Loss: 0.0682031 Vali Loss: 0.1163738 Test Loss: 0.0538520
Validation loss decreased (0.116736 --> 0.116374).  Saving model ...
Updating learning rate to 9.872912384926035e-06
Epoch: 36 cost time: 1.181349515914917
Epoch: 36, Steps: 29 | Train Loss: 0.0675343 Vali Loss: 0.1153117 Test Loss: 0.0536271
Validation loss decreased (0.116374 --> 0.115312).  Saving model ...
Updating learning rate to 9.817750691596265e-06
Epoch: 37 cost time: 1.1864778995513916
Epoch: 37, Steps: 29 | Train Loss: 0.0668820 Vali Loss: 0.1156279 Test Loss: 0.0530371
EarlyStopping counter: 1 out of 10
Updating learning rate to 9.752886729809889e-06
Epoch: 38 cost time: 1.1781196594238281
Epoch: 38, Steps: 29 | Train Loss: 0.0661460 Vali Loss: 0.1142436 Test Loss: 0.0528287
Validation loss decreased (0.115312 --> 0.114244).  Saving model ...
Updating learning rate to 9.678451126953676e-06
Epoch: 39 cost time: 1.1788806915283203
Epoch: 39, Steps: 29 | Train Loss: 0.0655331 Vali Loss: 0.1137558 Test Loss: 0.0523455
Validation loss decreased (0.114244 --> 0.113756).  Saving model ...
Updating learning rate to 9.594593786425696e-06
Epoch: 40 cost time: 1.177159070968628
Epoch: 40, Steps: 29 | Train Loss: 0.0648735 Vali Loss: 0.1134462 Test Loss: 0.0517108
Validation loss decreased (0.113756 --> 0.113446).  Saving model ...
Updating learning rate to 9.501483585749811e-06
Epoch: 41 cost time: 1.1761422157287598
Epoch: 41, Steps: 29 | Train Loss: 0.0641907 Vali Loss: 0.1126502 Test Loss: 0.0515273
Validation loss decreased (0.113446 --> 0.112650).  Saving model ...
Updating learning rate to 9.399308036478838e-06
Epoch: 42 cost time: 1.1800646781921387
Epoch: 42, Steps: 29 | Train Loss: 0.0635681 Vali Loss: 0.1115769 Test Loss: 0.0512112
Validation loss decreased (0.112650 --> 0.111577).  Saving model ...
Updating learning rate to 9.288272906571216e-06
Epoch: 43 cost time: 1.1757891178131104
Epoch: 43, Steps: 29 | Train Loss: 0.0629862 Vali Loss: 0.1117660 Test Loss: 0.0507132
EarlyStopping counter: 1 out of 10
Updating learning rate to 9.16860180600173e-06
Epoch: 44 cost time: 1.1789231300354004
Epoch: 44, Steps: 29 | Train Loss: 0.0622933 Vali Loss: 0.1102608 Test Loss: 0.0503454
Validation loss decreased (0.111577 --> 0.110261).  Saving model ...
Updating learning rate to 9.040535736440785e-06
Epoch: 45 cost time: 1.1824450492858887
Epoch: 45, Steps: 29 | Train Loss: 0.0617278 Vali Loss: 0.1104545 Test Loss: 0.0499887
EarlyStopping counter: 1 out of 10
Updating learning rate to 8.904332605909106e-06
Epoch: 46 cost time: 1.1806719303131104
Epoch: 46, Steps: 29 | Train Loss: 0.0611606 Vali Loss: 0.1099677 Test Loss: 0.0496060
Validation loss decreased (0.110261 --> 0.109968).  Saving model ...
Updating learning rate to 8.760266709385311e-06
Epoch: 47 cost time: 1.1795525550842285
Epoch: 47, Steps: 29 | Train Loss: 0.0605548 Vali Loss: 0.1089222 Test Loss: 0.0492962
Validation loss decreased (0.109968 --> 0.108922).  Saving model ...
Updating learning rate to 8.608628176412335e-06
Epoch: 48 cost time: 1.176220417022705
Epoch: 48, Steps: 29 | Train Loss: 0.0599702 Vali Loss: 0.1079596 Test Loss: 0.0488975
Validation loss decreased (0.108922 --> 0.107960).  Saving model ...
Updating learning rate to 8.449722386815127e-06
Epoch: 49 cost time: 1.181182622909546
Epoch: 49, Steps: 29 | Train Loss: 0.0593915 Vali Loss: 0.1071027 Test Loss: 0.0487044
Validation loss decreased (0.107960 --> 0.107103).  Saving model ...
Updating learning rate to 8.28386935570634e-06
Epoch: 50 cost time: 1.180812120437622
Epoch: 50, Steps: 29 | Train Loss: 0.0588031 Vali Loss: 0.1063543 Test Loss: 0.0483784
Validation loss decreased (0.107103 --> 0.106354).  Saving model ...
Updating learning rate to 8.111403089018465e-06
Epoch: 51 cost time: 1.182943344116211
Epoch: 51, Steps: 29 | Train Loss: 0.0582970 Vali Loss: 0.1053954 Test Loss: 0.0480578
Validation loss decreased (0.106354 --> 0.105395).  Saving model ...
Updating learning rate to 7.93267091086035e-06
Epoch: 52 cost time: 1.1803884506225586
Epoch: 52, Steps: 29 | Train Loss: 0.0577916 Vali Loss: 0.1053121 Test Loss: 0.0476663
Validation loss decreased (0.105395 --> 0.105312).  Saving model ...
Updating learning rate to 7.748032764052655e-06
Epoch: 53 cost time: 1.1809475421905518
Epoch: 53, Steps: 29 | Train Loss: 0.0572296 Vali Loss: 0.1038657 Test Loss: 0.0475016
Validation loss decreased (0.105312 --> 0.103866).  Saving model ...
Updating learning rate to 7.557860485250925e-06
Epoch: 54 cost time: 1.1679551601409912
Epoch: 54, Steps: 29 | Train Loss: 0.0567191 Vali Loss: 0.1037826 Test Loss: 0.0470523
Validation loss decreased (0.103866 --> 0.103783).  Saving model ...
Updating learning rate to 7.362537056116034e-06
Epoch: 55 cost time: 1.1746916770935059
Epoch: 55, Steps: 29 | Train Loss: 0.0562229 Vali Loss: 0.1039787 Test Loss: 0.0466403
EarlyStopping counter: 1 out of 10
Updating learning rate to 7.162455832040107e-06
Epoch: 56 cost time: 1.1679506301879883
Epoch: 56, Steps: 29 | Train Loss: 0.0557275 Vali Loss: 0.1022678 Test Loss: 0.0464355
Validation loss decreased (0.103783 --> 0.102268).  Saving model ...
Updating learning rate to 6.9580197499810984e-06
Epoch: 57 cost time: 1.1739213466644287
Epoch: 57, Steps: 29 | Train Loss: 0.0552261 Vali Loss: 0.1016256 Test Loss: 0.0462123
Validation loss decreased (0.102268 --> 0.101626).  Saving model ...
Updating learning rate to 6.7496405170013816e-06
Epoch: 58 cost time: 1.1776363849639893
Epoch: 58, Steps: 29 | Train Loss: 0.0547799 Vali Loss: 0.1013291 Test Loss: 0.0457427
Validation loss decreased (0.101626 --> 0.101329).  Saving model ...
Updating learning rate to 6.537737781144523e-06
Epoch: 59 cost time: 1.1738264560699463
Epoch: 59, Steps: 29 | Train Loss: 0.0543083 Vali Loss: 0.0988201 Test Loss: 0.0457653
Validation loss decreased (0.101329 --> 0.098820).  Saving model ...
Updating learning rate to 6.322738286319964e-06
Epoch: 60 cost time: 1.175208330154419
Epoch: 60, Steps: 29 | Train Loss: 0.0537998 Vali Loss: 0.0994611 Test Loss: 0.0451707
EarlyStopping counter: 1 out of 10
Updating learning rate to 6.105075012897585e-06
Epoch: 61 cost time: 1.1758935451507568
Epoch: 61, Steps: 29 | Train Loss: 0.0533249 Vali Loss: 0.0984233 Test Loss: 0.0449433
Validation loss decreased (0.098820 --> 0.098423).  Saving model ...
Updating learning rate to 5.885186305742857e-06
Epoch: 62 cost time: 1.17832612991333
Epoch: 62, Steps: 29 | Train Loss: 0.0528965 Vali Loss: 0.0972103 Test Loss: 0.0446894
Validation loss decreased (0.098423 --> 0.097210).  Saving model ...
Updating learning rate to 5.6635149914486225e-06
Epoch: 63 cost time: 1.1798393726348877
Epoch: 63, Steps: 29 | Train Loss: 0.0524631 Vali Loss: 0.0976661 Test Loss: 0.0442423
EarlyStopping counter: 1 out of 10
Updating learning rate to 5.440507486541268e-06
Epoch: 64 cost time: 1.1777751445770264
Epoch: 64, Steps: 29 | Train Loss: 0.0519974 Vali Loss: 0.0957532 Test Loss: 0.0441027
Validation loss decreased (0.097210 --> 0.095753).  Saving model ...
Updating learning rate to 5.216612898457253e-06
Epoch: 65 cost time: 1.1849462985992432
Epoch: 65, Steps: 29 | Train Loss: 0.0515187 Vali Loss: 0.0953564 Test Loss: 0.0438228
Validation loss decreased (0.095753 --> 0.095356).  Saving model ...
Updating learning rate to 4.992282121100496e-06
Epoch: 66 cost time: 1.178487777709961
Epoch: 66, Steps: 29 | Train Loss: 0.0511451 Vali Loss: 0.0945550 Test Loss: 0.0434691
Validation loss decreased (0.095356 --> 0.094555).  Saving model ...
Updating learning rate to 4.767966926802067e-06
Epoch: 67 cost time: 1.182079553604126
Epoch: 67, Steps: 29 | Train Loss: 0.0507084 Vali Loss: 0.0940159 Test Loss: 0.0431360
Validation loss decreased (0.094555 --> 0.094016).  Saving model ...
Updating learning rate to 4.5441190565108235e-06
Epoch: 68 cost time: 1.16505765914917
Epoch: 68, Steps: 29 | Train Loss: 0.0502783 Vali Loss: 0.0928335 Test Loss: 0.0429954
Validation loss decreased (0.094016 --> 0.092833).  Saving model ...
Updating learning rate to 4.3211893100472735e-06
Epoch: 69 cost time: 1.1720612049102783
Epoch: 69, Steps: 29 | Train Loss: 0.0498738 Vali Loss: 0.0929135 Test Loss: 0.0424709
EarlyStopping counter: 1 out of 10
Updating learning rate to 4.099626638252712e-06
Epoch: 70 cost time: 1.176299810409546
Epoch: 70, Steps: 29 | Train Loss: 0.0494018 Vali Loss: 0.0916799 Test Loss: 0.0423467
Validation loss decreased (0.092833 --> 0.091680).  Saving model ...
Updating learning rate to 3.879877238861997e-06
Epoch: 71 cost time: 1.1794836521148682
Epoch: 71, Steps: 29 | Train Loss: 0.0490577 Vali Loss: 0.0907115 Test Loss: 0.0420269
Validation loss decreased (0.091680 --> 0.090711).  Saving model ...
Updating learning rate to 3.662383657920668e-06
Epoch: 72 cost time: 1.1755163669586182
Epoch: 72, Steps: 29 | Train Loss: 0.0486596 Vali Loss: 0.0908186 Test Loss: 0.0416211
EarlyStopping counter: 1 out of 10
Updating learning rate to 3.447583898556124e-06
Epoch: 73 cost time: 1.1829519271850586
Epoch: 73, Steps: 29 | Train Loss: 0.0482582 Vali Loss: 0.0902513 Test Loss: 0.0412865
Validation loss decreased (0.090711 --> 0.090251).  Saving model ...
Updating learning rate to 3.2359105388976132e-06
Epoch: 74 cost time: 1.1719844341278076
Epoch: 74, Steps: 29 | Train Loss: 0.0478766 Vali Loss: 0.0890121 Test Loss: 0.0410729
Validation loss decreased (0.090251 --> 0.089012).  Saving model ...
Updating learning rate to 3.027789860921434e-06
Epoch: 75 cost time: 1.1746137142181396
Epoch: 75, Steps: 29 | Train Loss: 0.0474902 Vali Loss: 0.0884968 Test Loss: 0.0407663
Validation loss decreased (0.089012 --> 0.088497).  Saving model ...
Updating learning rate to 2.8236409919757893e-06
Epoch: 76 cost time: 1.1796672344207764
Epoch: 76, Steps: 29 | Train Loss: 0.0471446 Vali Loss: 0.0877423 Test Loss: 0.0404939
Validation loss decreased (0.088497 --> 0.087742).  Saving model ...
Updating learning rate to 2.6238750607140637e-06
Epoch: 77 cost time: 1.1714212894439697
Epoch: 77, Steps: 29 | Train Loss: 0.0467377 Vali Loss: 0.0869640 Test Loss: 0.0401747
Validation loss decreased (0.087742 --> 0.086964).  Saving model ...
Updating learning rate to 2.4288943691364434e-06
Epoch: 78 cost time: 1.1787164211273193
Epoch: 78, Steps: 29 | Train Loss: 0.0463944 Vali Loss: 0.0865485 Test Loss: 0.0398796
Validation loss decreased (0.086964 --> 0.086548).  Saving model ...
Updating learning rate to 2.2390915824072217e-06
Epoch: 79 cost time: 1.1756718158721924
Epoch: 79, Steps: 29 | Train Loss: 0.0459696 Vali Loss: 0.0857694 Test Loss: 0.0396246
Validation loss decreased (0.086548 --> 0.085769).  Saving model ...
Updating learning rate to 2.0548489380794217e-06
Epoch: 80 cost time: 1.18333101272583
Epoch: 80, Steps: 29 | Train Loss: 0.0456538 Vali Loss: 0.0851794 Test Loss: 0.0393116
Validation loss decreased (0.085769 --> 0.085179).  Saving model ...
Updating learning rate to 1.876537476319218e-06
Epoch: 81 cost time: 1.178546667098999
Epoch: 81, Steps: 29 | Train Loss: 0.0453483 Vali Loss: 0.0848305 Test Loss: 0.0392355
Validation loss decreased (0.085179 --> 0.084831).  Saving model ...
Updating learning rate to 1.7045162926804444e-06
Epoch: 82 cost time: 1.1766626834869385
Epoch: 82, Steps: 29 | Train Loss: 0.0453213 Vali Loss: 0.0845160 Test Loss: 0.0393039
Validation loss decreased (0.084831 --> 0.084516).  Saving model ...
Updating learning rate to 1.5391318149339123e-06
Epoch: 83 cost time: 1.1820120811462402
Epoch: 83, Steps: 29 | Train Loss: 0.0452994 Vali Loss: 0.0849896 Test Loss: 0.0392269
EarlyStopping counter: 1 out of 10
Updating learning rate to 1.3807171054080036e-06
Epoch: 84 cost time: 1.173816442489624
Epoch: 84, Steps: 29 | Train Loss: 0.0452703 Vali Loss: 0.0850055 Test Loss: 0.0392454
EarlyStopping counter: 2 out of 10
Updating learning rate to 1.2295911902454577e-06
Epoch: 85 cost time: 1.1765615940093994
Epoch: 85, Steps: 29 | Train Loss: 0.0452667 Vali Loss: 0.0848379 Test Loss: 0.0392566
EarlyStopping counter: 3 out of 10
Updating learning rate to 1.0860584169271784e-06
Epoch: 86 cost time: 1.1772434711456299
Epoch: 86, Steps: 29 | Train Loss: 0.0452784 Vali Loss: 0.0844017 Test Loss: 0.0393135
Validation loss decreased (0.084516 --> 0.084402).  Saving model ...
Updating learning rate to 9.504078413569088e-07
Epoch: 87 cost time: 1.1837413311004639
Epoch: 87, Steps: 29 | Train Loss: 0.0452616 Vali Loss: 0.0848782 Test Loss: 0.0392710
EarlyStopping counter: 1 out of 10
Updating learning rate to 8.229126457411124e-07
Epoch: 88 cost time: 1.1725335121154785
Epoch: 88, Steps: 29 | Train Loss: 0.0452570 Vali Loss: 0.0848617 Test Loss: 0.0392514
EarlyStopping counter: 2 out of 10
Updating learning rate to 7.038295884363647e-07
Epoch: 89 cost time: 1.173142910003662
Epoch: 89, Steps: 29 | Train Loss: 0.0452142 Vali Loss: 0.0848031 Test Loss: 0.0392864
EarlyStopping counter: 3 out of 10
Updating learning rate to 5.933984868721898e-07
Epoch: 90 cost time: 1.177161693572998
Epoch: 90, Steps: 29 | Train Loss: 0.0452568 Vali Loss: 0.0849096 Test Loss: 0.0392654
EarlyStopping counter: 4 out of 10
Updating learning rate to 4.918417345906772e-07
Epoch: 91 cost time: 1.1736955642700195
Epoch: 91, Steps: 29 | Train Loss: 0.0452287 Vali Loss: 0.0848709 Test Loss: 0.0392816
EarlyStopping counter: 5 out of 10
Updating learning rate to 3.9936385337548097e-07
Epoch: 92 cost time: 1.1758472919464111
Epoch: 92, Steps: 29 | Train Loss: 0.0452110 Vali Loss: 0.0849201 Test Loss: 0.0392711
EarlyStopping counter: 6 out of 10
Updating learning rate to 3.161510813721721e-07
Epoch: 93 cost time: 1.1747486591339111
Epoch: 93, Steps: 29 | Train Loss: 0.0452513 Vali Loss: 0.0849291 Test Loss: 0.0392832
EarlyStopping counter: 7 out of 10
Updating learning rate to 2.4237099802938663e-07
Epoch: 94 cost time: 1.167571783065796
Epoch: 94, Steps: 29 | Train Loss: 0.0452325 Vali Loss: 0.0846685 Test Loss: 0.0392966
EarlyStopping counter: 8 out of 10
Updating learning rate to 1.7817218661613333e-07
Epoch: 95 cost time: 1.17279052734375
Epoch: 95, Steps: 29 | Train Loss: 0.0452104 Vali Loss: 0.0848775 Test Loss: 0.0392733
EarlyStopping counter: 9 out of 10
Updating learning rate to 1.236839349948492e-07
Epoch: 96 cost time: 1.1774420738220215
Epoch: 96, Steps: 29 | Train Loss: 0.0452063 Vali Loss: 0.0849845 Test Loss: 0.0392578
EarlyStopping counter: 10 out of 10
Early stopping
>>>>>>>testing : ETTh1_336_720_DTFNet_ETTh1_ftM_sl336_ll0_pl720_dm128_nh16_el2_br2_dl1_df256_fc1_ebtimeF_dtTrue_'Exp'_0_'rel_sin'_16_8_16,24_8,12_3_1_256<<<<<<<<<<<<<<<<<<<<<<<<<<<<<<<<<
test 2161
mse:0.41280126571655273, mae:0.43995052576065063, rse:0.6171000003814697
