Args in experiment:
Namespace(random_seed=12, is_training=1, model_id='ETTh1_336_720', model='DTFNet', data='ETTh1', root_path='./dataset/', data_path='ETTh1.csv', features='M', target='OT', freq='h', checkpoints='./checkpoints/', seq_len=336, label_len=0, pred_len=720, n_branches=2, patch_len_ls='16,24', stride_ls='8,12', d_model_ls='128', n_heads_ls='16', rel_pe="'rel_sin'", res_attn=False, head_type='flatten', fc_dropout=0.3, head_dropout=0.1, patch_len=16, stride=8, padding_patch="'end'", revin=1, affine=0, subtract_last=0, decomposition=0, kernel_size=25, individual=0, store_attn=False, pre_norm=False, pe='zeros', no_learn_pe=True, embed_type=0, enc_in=7, dec_in=7, c_out=7, d_model=128, n_heads=16, e_layers=2, d_layers=1, d_ff=256, moving_avg=25, factor=1, distil=True, dropout=0.3, embed='timeF', activation='gelu', output_attention=False, do_predict=False, num_workers=0, itr=1, train_epochs=100, batch_size=256, patience=10, learning_rate=1e-05, des="'Exp'", loss='mse', lradj='TST', pct_start=0.3, use_amp=False, l2=0.0, warmup_steps=0, use_gpu=True, gpu=0, use_multi_gpu=False, devices='0', test_flop=False, use_mlflow=False, mlflow_project='exp', loss_flag=2, sub_patch_len=16, sub_stride=8, stride_ls_list='16', model_type='linear', tfactor=3, dilation_rates='1', wavelet_layers=2, wavelet_type='db5', wavelet_mode='periodization', wavelet_dim=64, initTLV=0.2)
Use GPU: cuda:0
>>>>>>>start training : ETTh1_336_720_DTFNet_ETTh1_ftM_sl336_ll0_pl720_dm128_nh16_el2_br2_dl1_df256_fc1_ebtimeF_dtTrue_'Exp'_0_'rel_sin'_16_8_16,24_8,12_3_1_256>>>>>>>>>>>>>>>>>>>>>>>>>>
train 7585
val 2161
test 2161
Epoch: 1 cost time: 1.5680015087127686
Epoch: 1, Steps: 29 | Train Loss: 0.1075765 Vali Loss: 0.1792805 Test Loss: 0.0996381
Validation loss decreased (inf --> 0.179280).  Saving model ...
Updating learning rate to 4.2635539919063106e-07
Epoch: 2 cost time: 1.1921627521514893
Epoch: 2, Steps: 29 | Train Loss: 0.1066984 Vali Loss: 0.1775799 Test Loss: 0.0988108
Validation loss decreased (0.179280 --> 0.177580).  Saving model ...
Updating learning rate to 5.051321771514831e-07
Epoch: 3 cost time: 1.1844196319580078
Epoch: 3, Steps: 29 | Train Loss: 0.1057638 Vali Loss: 0.1756708 Test Loss: 0.0979073
Validation loss decreased (0.177580 --> 0.175671).  Saving model ...
Updating learning rate to 6.354652532866785e-07
Epoch: 4 cost time: 1.1919958591461182
Epoch: 4, Steps: 29 | Train Loss: 0.1049112 Vali Loss: 0.1741842 Test Loss: 0.0969462
Validation loss decreased (0.175671 --> 0.174184).  Saving model ...
Updating learning rate to 8.159233858256806e-07
Epoch: 5 cost time: 1.1817634105682373
Epoch: 5, Steps: 29 | Train Loss: 0.1039841 Vali Loss: 0.1721431 Test Loss: 0.0958966
Validation loss decreased (0.174184 --> 0.172143).  Saving model ...
Updating learning rate to 1.0445248888850473e-06
Epoch: 6 cost time: 1.1953914165496826
Epoch: 6, Steps: 29 | Train Loss: 0.1030239 Vali Loss: 0.1705892 Test Loss: 0.0947222
Validation loss decreased (0.172143 --> 0.170589).  Saving model ...
Updating learning rate to 1.3187593941861497e-06
Epoch: 7 cost time: 1.1909642219543457
Epoch: 7, Steps: 29 | Train Loss: 0.1018178 Vali Loss: 0.1682026 Test Loss: 0.0933628
Validation loss decreased (0.170589 --> 0.168203).  Saving model ...
Updating learning rate to 1.6356154184543822e-06
Epoch: 8 cost time: 1.2000336647033691
Epoch: 8, Steps: 29 | Train Loss: 0.1006733 Vali Loss: 0.1658555 Test Loss: 0.0917436
Validation loss decreased (0.168203 --> 0.165856).  Saving model ...
Updating learning rate to 1.9916134337707666e-06
Epoch: 9 cost time: 1.1962950229644775
Epoch: 9, Steps: 29 | Train Loss: 0.0991929 Vali Loss: 0.1627540 Test Loss: 0.0896837
Validation loss decreased (0.165856 --> 0.162754).  Saving model ...
Updating learning rate to 2.3828440777166636e-06
Epoch: 10 cost time: 1.1885285377502441
Epoch: 10, Steps: 29 | Train Loss: 0.0975332 Vali Loss: 0.1587003 Test Loss: 0.0867845
Validation loss decreased (0.162754 --> 0.158700).  Saving model ...
Updating learning rate to 2.805011083710071e-06
Epoch: 11 cost time: 1.1853423118591309
Epoch: 11, Steps: 29 | Train Loss: 0.0952594 Vali Loss: 0.1534380 Test Loss: 0.0828636
Validation loss decreased (0.158700 --> 0.153438).  Saving model ...
Updating learning rate to 3.2534784600976295e-06
Epoch: 12 cost time: 1.1903438568115234
Epoch: 12, Steps: 29 | Train Loss: 0.0925916 Vali Loss: 0.1472586 Test Loss: 0.0781595
Validation loss decreased (0.153438 --> 0.147259).  Saving model ...
Updating learning rate to 3.723321399909056e-06
Epoch: 13 cost time: 1.1849231719970703
Epoch: 13, Steps: 29 | Train Loss: 0.0899508 Vali Loss: 0.1421306 Test Loss: 0.0749420
Validation loss decreased (0.147259 --> 0.142131).  Saving model ...
Updating learning rate to 4.209380362212844e-06
Epoch: 14 cost time: 1.189582347869873
Epoch: 14, Steps: 29 | Train Loss: 0.0879705 Vali Loss: 0.1388928 Test Loss: 0.0732525
Validation loss decreased (0.142131 --> 0.138893).  Saving model ...
Updating learning rate to 4.706317731183279e-06
Epoch: 15 cost time: 1.1941256523132324
Epoch: 15, Steps: 29 | Train Loss: 0.0862899 Vali Loss: 0.1358762 Test Loss: 0.0711915
Validation loss decreased (0.138893 --> 0.135876).  Saving model ...
Updating learning rate to 5.208676430682048e-06
Epoch: 16 cost time: 1.189450740814209
Epoch: 16, Steps: 29 | Train Loss: 0.0846056 Vali Loss: 0.1334943 Test Loss: 0.0693631
Validation loss decreased (0.135876 --> 0.133494).  Saving model ...
Updating learning rate to 5.710939850683244e-06
Epoch: 17 cost time: 1.1828763484954834
Epoch: 17, Steps: 29 | Train Loss: 0.0831249 Vali Loss: 0.1314632 Test Loss: 0.0671655
Validation loss decreased (0.133494 --> 0.131463).  Saving model ...
Updating learning rate to 6.207592427464792e-06
Epoch: 18 cost time: 1.1870458126068115
Epoch: 18, Steps: 29 | Train Loss: 0.0816936 Vali Loss: 0.1295410 Test Loss: 0.0659133
Validation loss decreased (0.131463 --> 0.129541).  Saving model ...
Updating learning rate to 6.693180212309968e-06
Epoch: 19 cost time: 1.182602882385254
Epoch: 19, Steps: 29 | Train Loss: 0.0805665 Vali Loss: 0.1284866 Test Loss: 0.0650753
Validation loss decreased (0.129541 --> 0.128487).  Saving model ...
Updating learning rate to 7.1623707635889015e-06
Epoch: 20 cost time: 1.185135841369629
Epoch: 20, Steps: 29 | Train Loss: 0.0795114 Vali Loss: 0.1272363 Test Loss: 0.0638994
Validation loss decreased (0.128487 --> 0.127236).  Saving model ...
Updating learning rate to 7.610011704520164e-06
Epoch: 21 cost time: 1.1927165985107422
Epoch: 21, Steps: 29 | Train Loss: 0.0786558 Vali Loss: 0.1265081 Test Loss: 0.0631916
Validation loss decreased (0.127236 --> 0.126508).  Saving model ...
Updating learning rate to 8.031187303565295e-06
Epoch: 22 cost time: 1.184187889099121
Epoch: 22, Steps: 29 | Train Loss: 0.0777268 Vali Loss: 0.1252601 Test Loss: 0.0626252
Validation loss decreased (0.126508 --> 0.125260).  Saving model ...
Updating learning rate to 8.421272456123378e-06
Epoch: 23 cost time: 1.1922287940979004
Epoch: 23, Steps: 29 | Train Loss: 0.0769156 Vali Loss: 0.1242941 Test Loss: 0.0614869
Validation loss decreased (0.125260 --> 0.124294).  Saving model ...
Updating learning rate to 8.775983474730246e-06
Epoch: 24 cost time: 1.187699794769287
Epoch: 24, Steps: 29 | Train Loss: 0.0761399 Vali Loss: 0.1234930 Test Loss: 0.0604386
Validation loss decreased (0.124294 --> 0.123493).  Saving model ...
Updating learning rate to 9.091425130013939e-06
Epoch: 25 cost time: 1.1850841045379639
Epoch: 25, Steps: 29 | Train Loss: 0.0753408 Vali Loss: 0.1221549 Test Loss: 0.0603494
Validation loss decreased (0.123493 --> 0.122155).  Saving model ...
Updating learning rate to 9.364133425830145e-06
Epoch: 26 cost time: 1.18247389793396
Epoch: 26, Steps: 29 | Train Loss: 0.0746681 Vali Loss: 0.1216755 Test Loss: 0.0597031
Validation loss decreased (0.122155 --> 0.121676).  Saving model ...
Updating learning rate to 9.591113638846019e-06
Epoch: 27 cost time: 1.186443567276001
Epoch: 27, Steps: 29 | Train Loss: 0.0738397 Vali Loss: 0.1204073 Test Loss: 0.0590660
Validation loss decreased (0.121676 --> 0.120407).  Saving model ...
Updating learning rate to 9.769873204843885e-06
Epoch: 28 cost time: 1.1871986389160156
Epoch: 28, Steps: 29 | Train Loss: 0.0730544 Vali Loss: 0.1196560 Test Loss: 0.0581658
Validation loss decreased (0.120407 --> 0.119656).  Saving model ...
Updating learning rate to 9.898449090606656e-06
Epoch: 29 cost time: 1.1866331100463867
Epoch: 29, Steps: 29 | Train Loss: 0.0723397 Vali Loss: 0.1187473 Test Loss: 0.0577397
Validation loss decreased (0.119656 --> 0.118747).  Saving model ...
Updating learning rate to 9.975429350802846e-06
Epoch: 30 cost time: 1.1818487644195557
Epoch: 30, Steps: 29 | Train Loss: 0.0716328 Vali Loss: 0.1184362 Test Loss: 0.0570954
Validation loss decreased (0.118747 --> 0.118436).  Saving model ...
Updating learning rate to 9.99999401249548e-06
Epoch: 31 cost time: 1.1838855743408203
Epoch: 31, Steps: 29 | Train Loss: 0.0708415 Vali Loss: 0.1173825 Test Loss: 0.0568120
Validation loss decreased (0.118436 --> 0.117382).  Saving model ...
Updating learning rate to 9.994612212745642e-06
Epoch: 32 cost time: 1.1870760917663574
Epoch: 32, Steps: 29 | Train Loss: 0.0701694 Vali Loss: 0.1168040 Test Loss: 0.0561576
Validation loss decreased (0.117382 --> 0.116804).  Saving model ...
Updating learning rate to 9.979171968972798e-06
Epoch: 33 cost time: 1.1825003623962402
Epoch: 33, Steps: 29 | Train Loss: 0.0694964 Vali Loss: 0.1159817 Test Loss: 0.0557528
Validation loss decreased (0.116804 --> 0.115982).  Saving model ...
Updating learning rate to 9.953704375773079e-06
Epoch: 34 cost time: 1.1843924522399902
Epoch: 34, Steps: 29 | Train Loss: 0.0687676 Vali Loss: 0.1163003 Test Loss: 0.0548898
EarlyStopping counter: 1 out of 10
Updating learning rate to 9.918260721489893e-06
Epoch: 35 cost time: 1.1775975227355957
Epoch: 35, Steps: 29 | Train Loss: 0.0681831 Vali Loss: 0.1147472 Test Loss: 0.0547999
Validation loss decreased (0.115982 --> 0.114747).  Saving model ...
Updating learning rate to 9.872912384926035e-06
Epoch: 36 cost time: 1.1788878440856934
Epoch: 36, Steps: 29 | Train Loss: 0.0674628 Vali Loss: 0.1137948 Test Loss: 0.0544193
Validation loss decreased (0.114747 --> 0.113795).  Saving model ...
Updating learning rate to 9.817750691596265e-06
Epoch: 37 cost time: 1.1821494102478027
Epoch: 37, Steps: 29 | Train Loss: 0.0667944 Vali Loss: 0.1131674 Test Loss: 0.0541593
Validation loss decreased (0.113795 --> 0.113167).  Saving model ...
Updating learning rate to 9.752886729809889e-06
Epoch: 38 cost time: 1.182271957397461
Epoch: 38, Steps: 29 | Train Loss: 0.0660959 Vali Loss: 0.1125724 Test Loss: 0.0534605
Validation loss decreased (0.113167 --> 0.112572).  Saving model ...
Updating learning rate to 9.678451126953676e-06
Epoch: 39 cost time: 1.1769132614135742
Epoch: 39, Steps: 29 | Train Loss: 0.0655088 Vali Loss: 0.1120543 Test Loss: 0.0529481
Validation loss decreased (0.112572 --> 0.112054).  Saving model ...
Updating learning rate to 9.594593786425696e-06
Epoch: 40 cost time: 1.1815924644470215
Epoch: 40, Steps: 29 | Train Loss: 0.0648963 Vali Loss: 0.1110666 Test Loss: 0.0525317
Validation loss decreased (0.112054 --> 0.111067).  Saving model ...
Updating learning rate to 9.501483585749811e-06
Epoch: 41 cost time: 1.1803345680236816
Epoch: 41, Steps: 29 | Train Loss: 0.0642774 Vali Loss: 0.1101363 Test Loss: 0.0528641
Validation loss decreased (0.111067 --> 0.110136).  Saving model ...
Updating learning rate to 9.399308036478838e-06
Epoch: 42 cost time: 1.1922903060913086
Epoch: 42, Steps: 29 | Train Loss: 0.0636417 Vali Loss: 0.1105405 Test Loss: 0.0520198
EarlyStopping counter: 1 out of 10
Updating learning rate to 9.288272906571216e-06
Epoch: 43 cost time: 1.1821246147155762
Epoch: 43, Steps: 29 | Train Loss: 0.0630638 Vali Loss: 0.1091660 Test Loss: 0.0516337
Validation loss decreased (0.110136 --> 0.109166).  Saving model ...
Updating learning rate to 9.16860180600173e-06
Epoch: 44 cost time: 1.190504550933838
Epoch: 44, Steps: 29 | Train Loss: 0.0624618 Vali Loss: 0.1086104 Test Loss: 0.0513588
Validation loss decreased (0.109166 --> 0.108610).  Saving model ...
Updating learning rate to 9.040535736440785e-06
Epoch: 45 cost time: 1.1823742389678955
Epoch: 45, Steps: 29 | Train Loss: 0.0618446 Vali Loss: 0.1071881 Test Loss: 0.0512301
Validation loss decreased (0.108610 --> 0.107188).  Saving model ...
Updating learning rate to 8.904332605909106e-06
Epoch: 46 cost time: 1.1835110187530518
Epoch: 46, Steps: 29 | Train Loss: 0.0612347 Vali Loss: 0.1066335 Test Loss: 0.0507878
Validation loss decreased (0.107188 --> 0.106633).  Saving model ...
Updating learning rate to 8.760266709385311e-06
Epoch: 47 cost time: 1.182945966720581
Epoch: 47, Steps: 29 | Train Loss: 0.0606062 Vali Loss: 0.1053999 Test Loss: 0.0506430
Validation loss decreased (0.106633 --> 0.105400).  Saving model ...
Updating learning rate to 8.608628176412335e-06
Epoch: 48 cost time: 1.1716258525848389
Epoch: 48, Steps: 29 | Train Loss: 0.0600966 Vali Loss: 0.1056280 Test Loss: 0.0500291
EarlyStopping counter: 1 out of 10
Updating learning rate to 8.449722386815127e-06
Epoch: 49 cost time: 1.1758944988250732
Epoch: 49, Steps: 29 | Train Loss: 0.0595099 Vali Loss: 0.1048689 Test Loss: 0.0495460
Validation loss decreased (0.105400 --> 0.104869).  Saving model ...
Updating learning rate to 8.28386935570634e-06
Epoch: 50 cost time: 1.1738147735595703
Epoch: 50, Steps: 29 | Train Loss: 0.0589131 Vali Loss: 0.1037439 Test Loss: 0.0494371
Validation loss decreased (0.104869 --> 0.103744).  Saving model ...
Updating learning rate to 8.111403089018465e-06
Epoch: 51 cost time: 1.185570240020752
Epoch: 51, Steps: 29 | Train Loss: 0.0584357 Vali Loss: 0.1032418 Test Loss: 0.0491780
Validation loss decreased (0.103744 --> 0.103242).  Saving model ...
Updating learning rate to 7.93267091086035e-06
Epoch: 52 cost time: 1.170886754989624
Epoch: 52, Steps: 29 | Train Loss: 0.0579942 Vali Loss: 0.1019152 Test Loss: 0.0488717
Validation loss decreased (0.103242 --> 0.101915).  Saving model ...
Updating learning rate to 7.748032764052655e-06
Epoch: 53 cost time: 1.1769566535949707
Epoch: 53, Steps: 29 | Train Loss: 0.0573900 Vali Loss: 0.1014264 Test Loss: 0.0486122
Validation loss decreased (0.101915 --> 0.101426).  Saving model ...
Updating learning rate to 7.557860485250925e-06
Epoch: 54 cost time: 1.1734704971313477
Epoch: 54, Steps: 29 | Train Loss: 0.0568668 Vali Loss: 0.1011900 Test Loss: 0.0479318
Validation loss decreased (0.101426 --> 0.101190).  Saving model ...
Updating learning rate to 7.362537056116034e-06
Epoch: 55 cost time: 1.1800479888916016
Epoch: 55, Steps: 29 | Train Loss: 0.0563908 Vali Loss: 0.1000356 Test Loss: 0.0479561
Validation loss decreased (0.101190 --> 0.100036).  Saving model ...
Updating learning rate to 7.162455832040107e-06
Epoch: 56 cost time: 1.1751658916473389
Epoch: 56, Steps: 29 | Train Loss: 0.0558476 Vali Loss: 0.0993588 Test Loss: 0.0475334
Validation loss decreased (0.100036 --> 0.099359).  Saving model ...
Updating learning rate to 6.9580197499810984e-06
Epoch: 57 cost time: 1.1755471229553223
Epoch: 57, Steps: 29 | Train Loss: 0.0553337 Vali Loss: 0.0987132 Test Loss: 0.0471293
Validation loss decreased (0.099359 --> 0.098713).  Saving model ...
Updating learning rate to 6.7496405170013816e-06
Epoch: 58 cost time: 1.180093765258789
Epoch: 58, Steps: 29 | Train Loss: 0.0548769 Vali Loss: 0.0981323 Test Loss: 0.0468412
Validation loss decreased (0.098713 --> 0.098132).  Saving model ...
Updating learning rate to 6.537737781144523e-06
Epoch: 59 cost time: 1.1738977432250977
Epoch: 59, Steps: 29 | Train Loss: 0.0544018 Vali Loss: 0.0966760 Test Loss: 0.0468568
Validation loss decreased (0.098132 --> 0.096676).  Saving model ...
Updating learning rate to 6.322738286319964e-06
Epoch: 60 cost time: 1.1780309677124023
Epoch: 60, Steps: 29 | Train Loss: 0.0539700 Vali Loss: 0.0965571 Test Loss: 0.0463029
Validation loss decreased (0.096676 --> 0.096557).  Saving model ...
Updating learning rate to 6.105075012897585e-06
Epoch: 61 cost time: 1.1874494552612305
Epoch: 61, Steps: 29 | Train Loss: 0.0534499 Vali Loss: 0.0953675 Test Loss: 0.0460463
Validation loss decreased (0.096557 --> 0.095368).  Saving model ...
Updating learning rate to 5.885186305742857e-06
Epoch: 62 cost time: 1.1757738590240479
Epoch: 62, Steps: 29 | Train Loss: 0.0529571 Vali Loss: 0.0954318 Test Loss: 0.0454513
EarlyStopping counter: 1 out of 10
Updating learning rate to 5.6635149914486225e-06
Epoch: 63 cost time: 1.1747562885284424
Epoch: 63, Steps: 29 | Train Loss: 0.0525473 Vali Loss: 0.0943272 Test Loss: 0.0453123
Validation loss decreased (0.095368 --> 0.094327).  Saving model ...
Updating learning rate to 5.440507486541268e-06
Epoch: 64 cost time: 1.1860291957855225
Epoch: 64, Steps: 29 | Train Loss: 0.0520862 Vali Loss: 0.0941368 Test Loss: 0.0448581
Validation loss decreased (0.094327 --> 0.094137).  Saving model ...
Updating learning rate to 5.216612898457253e-06
Epoch: 65 cost time: 1.176711082458496
Epoch: 65, Steps: 29 | Train Loss: 0.0516448 Vali Loss: 0.0929280 Test Loss: 0.0446449
Validation loss decreased (0.094137 --> 0.092928).  Saving model ...
Updating learning rate to 4.992282121100496e-06
Epoch: 66 cost time: 1.1838669776916504
Epoch: 66, Steps: 29 | Train Loss: 0.0512028 Vali Loss: 0.0923153 Test Loss: 0.0444490
Validation loss decreased (0.092928 --> 0.092315).  Saving model ...
Updating learning rate to 4.767966926802067e-06
Epoch: 67 cost time: 1.1771636009216309
Epoch: 67, Steps: 29 | Train Loss: 0.0507613 Vali Loss: 0.0913556 Test Loss: 0.0440695
Validation loss decreased (0.092315 --> 0.091356).  Saving model ...
Updating learning rate to 4.5441190565108235e-06
Epoch: 68 cost time: 1.177107572555542
Epoch: 68, Steps: 29 | Train Loss: 0.0503582 Vali Loss: 0.0908369 Test Loss: 0.0437232
Validation loss decreased (0.091356 --> 0.090837).  Saving model ...
Updating learning rate to 4.3211893100472735e-06
Epoch: 69 cost time: 1.174957036972046
Epoch: 69, Steps: 29 | Train Loss: 0.0499324 Vali Loss: 0.0901325 Test Loss: 0.0434418
Validation loss decreased (0.090837 --> 0.090133).  Saving model ...
Updating learning rate to 4.099626638252712e-06
Epoch: 70 cost time: 1.1797406673431396
Epoch: 70, Steps: 29 | Train Loss: 0.0495415 Vali Loss: 0.0894196 Test Loss: 0.0431655
Validation loss decreased (0.090133 --> 0.089420).  Saving model ...
Updating learning rate to 3.879877238861997e-06
Epoch: 71 cost time: 1.1806621551513672
Epoch: 71, Steps: 29 | Train Loss: 0.0491015 Vali Loss: 0.0885766 Test Loss: 0.0429308
Validation loss decreased (0.089420 --> 0.088577).  Saving model ...
Updating learning rate to 3.662383657920668e-06
Epoch: 72 cost time: 1.1786375045776367
Epoch: 72, Steps: 29 | Train Loss: 0.0487442 Vali Loss: 0.0878978 Test Loss: 0.0425346
Validation loss decreased (0.088577 --> 0.087898).  Saving model ...
Updating learning rate to 3.447583898556124e-06
Epoch: 73 cost time: 1.181689739227295
Epoch: 73, Steps: 29 | Train Loss: 0.0483219 Vali Loss: 0.0874539 Test Loss: 0.0422230
Validation loss decreased (0.087898 --> 0.087454).  Saving model ...
Updating learning rate to 3.2359105388976132e-06
Epoch: 74 cost time: 1.177180528640747
Epoch: 74, Steps: 29 | Train Loss: 0.0479282 Vali Loss: 0.0868580 Test Loss: 0.0418713
Validation loss decreased (0.087454 --> 0.086858).  Saving model ...
Updating learning rate to 3.027789860921434e-06
Epoch: 75 cost time: 1.1895639896392822
Epoch: 75, Steps: 29 | Train Loss: 0.0475231 Vali Loss: 0.0859941 Test Loss: 0.0415958
Validation loss decreased (0.086858 --> 0.085994).  Saving model ...
Updating learning rate to 2.8236409919757893e-06
Epoch: 76 cost time: 1.1872000694274902
Epoch: 76, Steps: 29 | Train Loss: 0.0472150 Vali Loss: 0.0850069 Test Loss: 0.0413290
Validation loss decreased (0.085994 --> 0.085007).  Saving model ...
Updating learning rate to 2.6238750607140637e-06
Epoch: 77 cost time: 1.185197353363037
Epoch: 77, Steps: 29 | Train Loss: 0.0467919 Vali Loss: 0.0849157 Test Loss: 0.0409954
Validation loss decreased (0.085007 --> 0.084916).  Saving model ...
Updating learning rate to 2.4288943691364434e-06
Epoch: 78 cost time: 1.1808552742004395
Epoch: 78, Steps: 29 | Train Loss: 0.0464192 Vali Loss: 0.0840046 Test Loss: 0.0407261
Validation loss decreased (0.084916 --> 0.084005).  Saving model ...
Updating learning rate to 2.2390915824072217e-06
Epoch: 79 cost time: 1.1793601512908936
Epoch: 79, Steps: 29 | Train Loss: 0.0460858 Vali Loss: 0.0832883 Test Loss: 0.0404457
Validation loss decreased (0.084005 --> 0.083288).  Saving model ...
Updating learning rate to 2.0548489380794217e-06
Epoch: 80 cost time: 1.1845507621765137
Epoch: 80, Steps: 29 | Train Loss: 0.0456264 Vali Loss: 0.0827960 Test Loss: 0.0400147
Validation loss decreased (0.083288 --> 0.082796).  Saving model ...
Updating learning rate to 1.876537476319218e-06
Epoch: 81 cost time: 1.1791465282440186
Epoch: 81, Steps: 29 | Train Loss: 0.0453675 Vali Loss: 0.0828389 Test Loss: 0.0399751
EarlyStopping counter: 1 out of 10
Updating learning rate to 1.7045162926804444e-06
Epoch: 82 cost time: 1.1796526908874512
Epoch: 82, Steps: 29 | Train Loss: 0.0453500 Vali Loss: 0.0824764 Test Loss: 0.0400839
Validation loss decreased (0.082796 --> 0.082476).  Saving model ...
Updating learning rate to 1.5391318149339123e-06
Epoch: 83 cost time: 1.184931755065918
Epoch: 83, Steps: 29 | Train Loss: 0.0453541 Vali Loss: 0.0826430 Test Loss: 0.0400336
EarlyStopping counter: 1 out of 10
Updating learning rate to 1.3807171054080036e-06
Epoch: 84 cost time: 1.1771490573883057
Epoch: 84, Steps: 29 | Train Loss: 0.0453781 Vali Loss: 0.0823835 Test Loss: 0.0400835
Validation loss decreased (0.082476 --> 0.082383).  Saving model ...
Updating learning rate to 1.2295911902454577e-06
Epoch: 85 cost time: 1.1746323108673096
Epoch: 85, Steps: 29 | Train Loss: 0.0453586 Vali Loss: 0.0827883 Test Loss: 0.0400462
EarlyStopping counter: 1 out of 10
Updating learning rate to 1.0860584169271784e-06
Epoch: 86 cost time: 1.1773052215576172
Epoch: 86, Steps: 29 | Train Loss: 0.0453229 Vali Loss: 0.0824415 Test Loss: 0.0400203
EarlyStopping counter: 2 out of 10
Updating learning rate to 9.504078413569088e-07
Epoch: 87 cost time: 1.1804544925689697
Epoch: 87, Steps: 29 | Train Loss: 0.0453647 Vali Loss: 0.0825474 Test Loss: 0.0400787
EarlyStopping counter: 3 out of 10
Updating learning rate to 8.229126457411124e-07
Epoch: 88 cost time: 1.1731817722320557
Epoch: 88, Steps: 29 | Train Loss: 0.0453554 Vali Loss: 0.0826879 Test Loss: 0.0400964
EarlyStopping counter: 4 out of 10
Updating learning rate to 7.038295884363647e-07
Epoch: 89 cost time: 1.1744279861450195
Epoch: 89, Steps: 29 | Train Loss: 0.0453533 Vali Loss: 0.0825384 Test Loss: 0.0400553
EarlyStopping counter: 5 out of 10
Updating learning rate to 5.933984868721898e-07
Epoch: 90 cost time: 1.1718664169311523
Epoch: 90, Steps: 29 | Train Loss: 0.0453184 Vali Loss: 0.0827592 Test Loss: 0.0400391
EarlyStopping counter: 6 out of 10
Updating learning rate to 4.918417345906772e-07
Epoch: 91 cost time: 1.1764755249023438
Epoch: 91, Steps: 29 | Train Loss: 0.0452968 Vali Loss: 0.0829253 Test Loss: 0.0400327
EarlyStopping counter: 7 out of 10
Updating learning rate to 3.9936385337548097e-07
Epoch: 92 cost time: 1.1810812950134277
Epoch: 92, Steps: 29 | Train Loss: 0.0452957 Vali Loss: 0.0826499 Test Loss: 0.0400809
EarlyStopping counter: 8 out of 10
Updating learning rate to 3.161510813721721e-07
Epoch: 93 cost time: 1.183701515197754
Epoch: 93, Steps: 29 | Train Loss: 0.0452822 Vali Loss: 0.0825852 Test Loss: 0.0400885
EarlyStopping counter: 9 out of 10
Updating learning rate to 2.4237099802938663e-07
Epoch: 94 cost time: 1.1848139762878418
Epoch: 94, Steps: 29 | Train Loss: 0.0453110 Vali Loss: 0.0827717 Test Loss: 0.0400378
EarlyStopping counter: 10 out of 10
Early stopping
>>>>>>>testing : ETTh1_336_720_DTFNet_ETTh1_ftM_sl336_ll0_pl720_dm128_nh16_el2_br2_dl1_df256_fc1_ebtimeF_dtTrue_'Exp'_0_'rel_sin'_16_8_16,24_8,12_3_1_256<<<<<<<<<<<<<<<<<<<<<<<<<<<<<<<<<
test 2161
mse:0.4266039729118347, mae:0.4477459192276001, rse:0.6273321509361267
