Args in experiment:
Namespace(is_training=1, model_id='ETTh1_336_720', model='DTFNet', data='ETTh1', root_path='./dataset/', data_path='ETTh1.csv', features='M', target='OT', freq='h', checkpoints='./checkpoints/', seq_len=336, label_len=0, pred_len=720, n_branches=2, patch_len_ls='16,24', stride_ls='8,12', d_model_ls='128', n_heads_ls='16', rel_pe="'rel_sin'", res_attn=False, head_type='flatten', fc_dropout=0.3, head_dropout=0.1, patch_len=16, stride=8, padding_patch="'end'", revin=1, affine=0, subtract_last=0, decomposition=0, kernel_size=25, individual=0, store_attn=False, pre_norm=False, pe='zeros', no_learn_pe=True, embed_type=0, enc_in=7, dec_in=7, c_out=7, d_model=128, n_heads=16, e_layers=2, d_layers=1, d_ff=256, moving_avg=25, factor=1, distil=True, dropout=0.3, embed='timeF', activation='gelu', output_attention=False, do_predict=False, num_workers=0, itr=1, train_epochs=100, batch_size=256, patience=10, learning_rate=1e-05, des="'Exp'", loss='mse', lradj='TST', pct_start=0.3, use_amp=False, l2=0.0, warmup_steps=0, use_gpu=True, gpu=0, use_multi_gpu=False, devices='0', test_flop=False, use_mlflow=False, mlflow_project='exp', loss_flag=2, sub_patch_len=16, sub_stride=8, stride_ls_list='16', model_type='linear', tfactor=3, dilation_rates='1', wavelet_layers=2, wavelet_type='db5', wavelet_mode='periodization', wavelet_dim=64, initTLV=0.2)
Use GPU: cuda:0
>>>>>>>start training : ETTh1_336_720_DTFNet_ETTh1_ftM_sl336_ll0_pl720_dm128_nh16_el2_br2_dl1_df256_fc1_ebtimeF_dtTrue_'Exp'_0_'rel_sin'_16_8_16,24_8,12_3_1_256>>>>>>>>>>>>>>>>>>>>>>>>>>
train 7585
val 2161
test 2161
Epoch: 1 cost time: 1.543517827987671
Epoch: 1, Steps: 29 | Train Loss: 0.1075900 Vali Loss: 0.1790912 Test Loss: 0.0998208
Validation loss decreased (inf --> 0.179091).  Saving model ...
Updating learning rate to 4.2635539919063106e-07
Epoch: 2 cost time: 1.1752328872680664
Epoch: 2, Steps: 29 | Train Loss: 0.1067447 Vali Loss: 0.1775389 Test Loss: 0.0989784
Validation loss decreased (0.179091 --> 0.177539).  Saving model ...
Updating learning rate to 5.051321771514831e-07
Epoch: 3 cost time: 1.178044080734253
Epoch: 3, Steps: 29 | Train Loss: 0.1058487 Vali Loss: 0.1757571 Test Loss: 0.0980664
Validation loss decreased (0.177539 --> 0.175757).  Saving model ...
Updating learning rate to 6.354652532866785e-07
Epoch: 4 cost time: 1.1815204620361328
Epoch: 4, Steps: 29 | Train Loss: 0.1049335 Vali Loss: 0.1744304 Test Loss: 0.0970922
Validation loss decreased (0.175757 --> 0.174430).  Saving model ...
Updating learning rate to 8.159233858256806e-07
Epoch: 5 cost time: 1.1797831058502197
Epoch: 5, Steps: 29 | Train Loss: 0.1039918 Vali Loss: 0.1723124 Test Loss: 0.0960314
Validation loss decreased (0.174430 --> 0.172312).  Saving model ...
Updating learning rate to 1.0445248888850473e-06
Epoch: 6 cost time: 1.1817965507507324
Epoch: 6, Steps: 29 | Train Loss: 0.1029706 Vali Loss: 0.1704485 Test Loss: 0.0948500
Validation loss decreased (0.172312 --> 0.170449).  Saving model ...
Updating learning rate to 1.3187593941861497e-06
Epoch: 7 cost time: 1.1855864524841309
Epoch: 7, Steps: 29 | Train Loss: 0.1018574 Vali Loss: 0.1680101 Test Loss: 0.0934800
Validation loss decreased (0.170449 --> 0.168010).  Saving model ...
Updating learning rate to 1.6356154184543822e-06
Epoch: 8 cost time: 1.1872644424438477
Epoch: 8, Steps: 29 | Train Loss: 0.1006169 Vali Loss: 0.1657425 Test Loss: 0.0918190
Validation loss decreased (0.168010 --> 0.165743).  Saving model ...
Updating learning rate to 1.9916134337707666e-06
Epoch: 9 cost time: 1.1817443370819092
Epoch: 9, Steps: 29 | Train Loss: 0.0991623 Vali Loss: 0.1624062 Test Loss: 0.0897302
Validation loss decreased (0.165743 --> 0.162406).  Saving model ...
Updating learning rate to 2.3828440777166636e-06
Epoch: 10 cost time: 1.180830478668213
Epoch: 10, Steps: 29 | Train Loss: 0.0974213 Vali Loss: 0.1583744 Test Loss: 0.0868501
Validation loss decreased (0.162406 --> 0.158374).  Saving model ...
Updating learning rate to 2.805011083710071e-06
Epoch: 11 cost time: 1.178359031677246
Epoch: 11, Steps: 29 | Train Loss: 0.0951977 Vali Loss: 0.1531180 Test Loss: 0.0828848
Validation loss decreased (0.158374 --> 0.153118).  Saving model ...
Updating learning rate to 3.2534784600976295e-06
Epoch: 12 cost time: 1.1835753917694092
Epoch: 12, Steps: 29 | Train Loss: 0.0925479 Vali Loss: 0.1473669 Test Loss: 0.0783095
Validation loss decreased (0.153118 --> 0.147367).  Saving model ...
Updating learning rate to 3.723321399909056e-06
Epoch: 13 cost time: 1.1823277473449707
Epoch: 13, Steps: 29 | Train Loss: 0.0899405 Vali Loss: 0.1421719 Test Loss: 0.0750926
Validation loss decreased (0.147367 --> 0.142172).  Saving model ...
Updating learning rate to 4.209380362212844e-06
Epoch: 14 cost time: 1.1804578304290771
Epoch: 14, Steps: 29 | Train Loss: 0.0879136 Vali Loss: 0.1389421 Test Loss: 0.0732646
Validation loss decreased (0.142172 --> 0.138942).  Saving model ...
Updating learning rate to 4.706317731183279e-06
Epoch: 15 cost time: 1.1844696998596191
Epoch: 15, Steps: 29 | Train Loss: 0.0861005 Vali Loss: 0.1359350 Test Loss: 0.0714886
Validation loss decreased (0.138942 --> 0.135935).  Saving model ...
Updating learning rate to 5.208676430682048e-06
Epoch: 16 cost time: 1.184607982635498
Epoch: 16, Steps: 29 | Train Loss: 0.0844949 Vali Loss: 0.1337069 Test Loss: 0.0692926
Validation loss decreased (0.135935 --> 0.133707).  Saving model ...
Updating learning rate to 5.710939850683244e-06
Epoch: 17 cost time: 1.1851553916931152
Epoch: 17, Steps: 29 | Train Loss: 0.0829968 Vali Loss: 0.1315977 Test Loss: 0.0674727
Validation loss decreased (0.133707 --> 0.131598).  Saving model ...
Updating learning rate to 6.207592427464792e-06
Epoch: 18 cost time: 1.1823103427886963
Epoch: 18, Steps: 29 | Train Loss: 0.0816618 Vali Loss: 0.1297176 Test Loss: 0.0659061
Validation loss decreased (0.131598 --> 0.129718).  Saving model ...
Updating learning rate to 6.693180212309968e-06
Epoch: 19 cost time: 1.1821165084838867
Epoch: 19, Steps: 29 | Train Loss: 0.0803815 Vali Loss: 0.1284896 Test Loss: 0.0650381
Validation loss decreased (0.129718 --> 0.128490).  Saving model ...
Updating learning rate to 7.1623707635889015e-06
Epoch: 20 cost time: 1.1775307655334473
Epoch: 20, Steps: 29 | Train Loss: 0.0794100 Vali Loss: 0.1274828 Test Loss: 0.0639000
Validation loss decreased (0.128490 --> 0.127483).  Saving model ...
Updating learning rate to 7.610011704520164e-06
Epoch: 21 cost time: 1.1770172119140625
Epoch: 21, Steps: 29 | Train Loss: 0.0785153 Vali Loss: 0.1267616 Test Loss: 0.0631387
Validation loss decreased (0.127483 --> 0.126762).  Saving model ...
Updating learning rate to 8.031187303565295e-06
Epoch: 22 cost time: 1.1791400909423828
Epoch: 22, Steps: 29 | Train Loss: 0.0776897 Vali Loss: 0.1255629 Test Loss: 0.0621991
Validation loss decreased (0.126762 --> 0.125563).  Saving model ...
Updating learning rate to 8.421272456123378e-06
Epoch: 23 cost time: 1.1809725761413574
Epoch: 23, Steps: 29 | Train Loss: 0.0768941 Vali Loss: 0.1250107 Test Loss: 0.0611983
Validation loss decreased (0.125563 --> 0.125011).  Saving model ...
Updating learning rate to 8.775983474730246e-06
Epoch: 24 cost time: 1.1839876174926758
Epoch: 24, Steps: 29 | Train Loss: 0.0759515 Vali Loss: 0.1240881 Test Loss: 0.0603952
Validation loss decreased (0.125011 --> 0.124088).  Saving model ...
Updating learning rate to 9.091425130013939e-06
Epoch: 25 cost time: 1.1771090030670166
Epoch: 25, Steps: 29 | Train Loss: 0.0752423 Vali Loss: 0.1229573 Test Loss: 0.0600744
Validation loss decreased (0.124088 --> 0.122957).  Saving model ...
Updating learning rate to 9.364133425830145e-06
Epoch: 26 cost time: 1.1768815517425537
Epoch: 26, Steps: 29 | Train Loss: 0.0744233 Vali Loss: 0.1221054 Test Loss: 0.0592352
Validation loss decreased (0.122957 --> 0.122105).  Saving model ...
Updating learning rate to 9.591113638846019e-06
Epoch: 27 cost time: 1.1612825393676758
Epoch: 27, Steps: 29 | Train Loss: 0.0736719 Vali Loss: 0.1213753 Test Loss: 0.0587300
Validation loss decreased (0.122105 --> 0.121375).  Saving model ...
Updating learning rate to 9.769873204843885e-06
Epoch: 28 cost time: 1.1888294219970703
Epoch: 28, Steps: 29 | Train Loss: 0.0729780 Vali Loss: 0.1207727 Test Loss: 0.0581546
Validation loss decreased (0.121375 --> 0.120773).  Saving model ...
Updating learning rate to 9.898449090606656e-06
Epoch: 29 cost time: 1.177325963973999
Epoch: 29, Steps: 29 | Train Loss: 0.0722213 Vali Loss: 0.1199050 Test Loss: 0.0576770
Validation loss decreased (0.120773 --> 0.119905).  Saving model ...
Updating learning rate to 9.975429350802846e-06
Epoch: 30 cost time: 1.180330753326416
Epoch: 30, Steps: 29 | Train Loss: 0.0715462 Vali Loss: 0.1191553 Test Loss: 0.0573311
Validation loss decreased (0.119905 --> 0.119155).  Saving model ...
Updating learning rate to 9.99999401249548e-06
Epoch: 31 cost time: 1.1852293014526367
Epoch: 31, Steps: 29 | Train Loss: 0.0708015 Vali Loss: 0.1185529 Test Loss: 0.0565329
Validation loss decreased (0.119155 --> 0.118553).  Saving model ...
Updating learning rate to 9.994612212745642e-06
Epoch: 32 cost time: 1.1881215572357178
Epoch: 32, Steps: 29 | Train Loss: 0.0701074 Vali Loss: 0.1178867 Test Loss: 0.0557754
Validation loss decreased (0.118553 --> 0.117887).  Saving model ...
Updating learning rate to 9.979171968972798e-06
Epoch: 33 cost time: 1.1803662776947021
Epoch: 33, Steps: 29 | Train Loss: 0.0694449 Vali Loss: 0.1175362 Test Loss: 0.0556162
Validation loss decreased (0.117887 --> 0.117536).  Saving model ...
Updating learning rate to 9.953704375773079e-06
Epoch: 34 cost time: 1.1807875633239746
Epoch: 34, Steps: 29 | Train Loss: 0.0687414 Vali Loss: 0.1155503 Test Loss: 0.0554004
Validation loss decreased (0.117536 --> 0.115550).  Saving model ...
Updating learning rate to 9.918260721489893e-06
Epoch: 35 cost time: 1.181920051574707
Epoch: 35, Steps: 29 | Train Loss: 0.0681195 Vali Loss: 0.1152600 Test Loss: 0.0546777
Validation loss decreased (0.115550 --> 0.115260).  Saving model ...
Updating learning rate to 9.872912384926035e-06
Epoch: 36 cost time: 1.1783442497253418
Epoch: 36, Steps: 29 | Train Loss: 0.0675069 Vali Loss: 0.1141189 Test Loss: 0.0547011
Validation loss decreased (0.115260 --> 0.114119).  Saving model ...
Updating learning rate to 9.817750691596265e-06
Epoch: 37 cost time: 1.180964469909668
Epoch: 37, Steps: 29 | Train Loss: 0.0668155 Vali Loss: 0.1139229 Test Loss: 0.0539236
Validation loss decreased (0.114119 --> 0.113923).  Saving model ...
Updating learning rate to 9.752886729809889e-06
Epoch: 38 cost time: 1.1781585216522217
Epoch: 38, Steps: 29 | Train Loss: 0.0662002 Vali Loss: 0.1132584 Test Loss: 0.0537257
Validation loss decreased (0.113923 --> 0.113258).  Saving model ...
Updating learning rate to 9.678451126953676e-06
Epoch: 39 cost time: 1.1749982833862305
Epoch: 39, Steps: 29 | Train Loss: 0.0655658 Vali Loss: 0.1123470 Test Loss: 0.0533866
Validation loss decreased (0.113258 --> 0.112347).  Saving model ...
Updating learning rate to 9.594593786425696e-06
Epoch: 40 cost time: 1.1769084930419922
Epoch: 40, Steps: 29 | Train Loss: 0.0649267 Vali Loss: 0.1108408 Test Loss: 0.0530340
Validation loss decreased (0.112347 --> 0.110841).  Saving model ...
Updating learning rate to 9.501483585749811e-06
Epoch: 41 cost time: 1.1807043552398682
Epoch: 41, Steps: 29 | Train Loss: 0.0642915 Vali Loss: 0.1101459 Test Loss: 0.0522700
Validation loss decreased (0.110841 --> 0.110146).  Saving model ...
Updating learning rate to 9.399308036478838e-06
Epoch: 42 cost time: 1.1822967529296875
Epoch: 42, Steps: 29 | Train Loss: 0.0637252 Vali Loss: 0.1101557 Test Loss: 0.0521672
EarlyStopping counter: 1 out of 10
Updating learning rate to 9.288272906571216e-06
Epoch: 43 cost time: 1.1737310886383057
Epoch: 43, Steps: 29 | Train Loss: 0.0630875 Vali Loss: 0.1088683 Test Loss: 0.0519912
Validation loss decreased (0.110146 --> 0.108868).  Saving model ...
Updating learning rate to 9.16860180600173e-06
Epoch: 44 cost time: 1.1770861148834229
Epoch: 44, Steps: 29 | Train Loss: 0.0625847 Vali Loss: 0.1089583 Test Loss: 0.0512028
EarlyStopping counter: 1 out of 10
Updating learning rate to 9.040535736440785e-06
Epoch: 45 cost time: 1.1824684143066406
Epoch: 45, Steps: 29 | Train Loss: 0.0619743 Vali Loss: 0.1073457 Test Loss: 0.0510196
Validation loss decreased (0.108868 --> 0.107346).  Saving model ...
Updating learning rate to 8.904332605909106e-06
Epoch: 46 cost time: 1.1829524040222168
Epoch: 46, Steps: 29 | Train Loss: 0.0614272 Vali Loss: 0.1064925 Test Loss: 0.0510339
Validation loss decreased (0.107346 --> 0.106493).  Saving model ...
Updating learning rate to 8.760266709385311e-06
Epoch: 47 cost time: 1.1878540515899658
Epoch: 47, Steps: 29 | Train Loss: 0.0607868 Vali Loss: 0.1060726 Test Loss: 0.0501934
Validation loss decreased (0.106493 --> 0.106073).  Saving model ...
Updating learning rate to 8.608628176412335e-06
Epoch: 48 cost time: 1.175238847732544
Epoch: 48, Steps: 29 | Train Loss: 0.0602150 Vali Loss: 0.1053152 Test Loss: 0.0498353
Validation loss decreased (0.106073 --> 0.105315).  Saving model ...
Updating learning rate to 8.449722386815127e-06
Epoch: 49 cost time: 1.186844825744629
Epoch: 49, Steps: 29 | Train Loss: 0.0597149 Vali Loss: 0.1043263 Test Loss: 0.0496958
Validation loss decreased (0.105315 --> 0.104326).  Saving model ...
Updating learning rate to 8.28386935570634e-06
Epoch: 50 cost time: 1.1813037395477295
Epoch: 50, Steps: 29 | Train Loss: 0.0591825 Vali Loss: 0.1039170 Test Loss: 0.0492835
Validation loss decreased (0.104326 --> 0.103917).  Saving model ...
Updating learning rate to 8.111403089018465e-06
Epoch: 51 cost time: 1.1772229671478271
Epoch: 51, Steps: 29 | Train Loss: 0.0586568 Vali Loss: 0.1027634 Test Loss: 0.0489874
Validation loss decreased (0.103917 --> 0.102763).  Saving model ...
Updating learning rate to 7.93267091086035e-06
Epoch: 52 cost time: 1.1784825325012207
Epoch: 52, Steps: 29 | Train Loss: 0.0580539 Vali Loss: 0.1022261 Test Loss: 0.0489200
Validation loss decreased (0.102763 --> 0.102226).  Saving model ...
Updating learning rate to 7.748032764052655e-06
Epoch: 53 cost time: 1.1819756031036377
Epoch: 53, Steps: 29 | Train Loss: 0.0575744 Vali Loss: 0.1019841 Test Loss: 0.0482554
Validation loss decreased (0.102226 --> 0.101984).  Saving model ...
Updating learning rate to 7.557860485250925e-06
Epoch: 54 cost time: 1.1799769401550293
Epoch: 54, Steps: 29 | Train Loss: 0.0570770 Vali Loss: 0.1006623 Test Loss: 0.0481404
Validation loss decreased (0.101984 --> 0.100662).  Saving model ...
Updating learning rate to 7.362537056116034e-06
Epoch: 55 cost time: 1.1794490814208984
Epoch: 55, Steps: 29 | Train Loss: 0.0565475 Vali Loss: 0.1001566 Test Loss: 0.0480981
Validation loss decreased (0.100662 --> 0.100157).  Saving model ...
Updating learning rate to 7.162455832040107e-06
Epoch: 56 cost time: 1.1808116436004639
Epoch: 56, Steps: 29 | Train Loss: 0.0560611 Vali Loss: 0.0986660 Test Loss: 0.0477015
Validation loss decreased (0.100157 --> 0.098666).  Saving model ...
Updating learning rate to 6.9580197499810984e-06
Epoch: 57 cost time: 1.1829493045806885
Epoch: 57, Steps: 29 | Train Loss: 0.0555634 Vali Loss: 0.0982420 Test Loss: 0.0470681
Validation loss decreased (0.098666 --> 0.098242).  Saving model ...
Updating learning rate to 6.7496405170013816e-06
Epoch: 58 cost time: 1.1848206520080566
Epoch: 58, Steps: 29 | Train Loss: 0.0550712 Vali Loss: 0.0982984 Test Loss: 0.0466744
EarlyStopping counter: 1 out of 10
Updating learning rate to 6.537737781144523e-06
Epoch: 59 cost time: 1.1715795993804932
Epoch: 59, Steps: 29 | Train Loss: 0.0546115 Vali Loss: 0.0970586 Test Loss: 0.0466431
Validation loss decreased (0.098242 --> 0.097059).  Saving model ...
Updating learning rate to 6.322738286319964e-06
Epoch: 60 cost time: 1.183830976486206
Epoch: 60, Steps: 29 | Train Loss: 0.0541184 Vali Loss: 0.0956340 Test Loss: 0.0465317
Validation loss decreased (0.097059 --> 0.095634).  Saving model ...
Updating learning rate to 6.105075012897585e-06
Epoch: 61 cost time: 1.1741230487823486
Epoch: 61, Steps: 29 | Train Loss: 0.0536516 Vali Loss: 0.0955896 Test Loss: 0.0458215
Validation loss decreased (0.095634 --> 0.095590).  Saving model ...
Updating learning rate to 5.885186305742857e-06
Epoch: 62 cost time: 1.1795225143432617
Epoch: 62, Steps: 29 | Train Loss: 0.0531803 Vali Loss: 0.0950770 Test Loss: 0.0455111
Validation loss decreased (0.095590 --> 0.095077).  Saving model ...
Updating learning rate to 5.6635149914486225e-06
Epoch: 63 cost time: 1.181119441986084
Epoch: 63, Steps: 29 | Train Loss: 0.0526890 Vali Loss: 0.0938355 Test Loss: 0.0452418
Validation loss decreased (0.095077 --> 0.093836).  Saving model ...
Updating learning rate to 5.440507486541268e-06
Epoch: 64 cost time: 1.1808550357818604
Epoch: 64, Steps: 29 | Train Loss: 0.0522791 Vali Loss: 0.0935571 Test Loss: 0.0448869
Validation loss decreased (0.093836 --> 0.093557).  Saving model ...
Updating learning rate to 5.216612898457253e-06
Epoch: 65 cost time: 1.172071933746338
Epoch: 65, Steps: 29 | Train Loss: 0.0518370 Vali Loss: 0.0925859 Test Loss: 0.0448139
Validation loss decreased (0.093557 --> 0.092586).  Saving model ...
Updating learning rate to 4.992282121100496e-06
Epoch: 66 cost time: 1.1796441078186035
Epoch: 66, Steps: 29 | Train Loss: 0.0513557 Vali Loss: 0.0919927 Test Loss: 0.0444582
Validation loss decreased (0.092586 --> 0.091993).  Saving model ...
Updating learning rate to 4.767966926802067e-06
Epoch: 67 cost time: 1.1770720481872559
Epoch: 67, Steps: 29 | Train Loss: 0.0509727 Vali Loss: 0.0919079 Test Loss: 0.0439698
Validation loss decreased (0.091993 --> 0.091908).  Saving model ...
Updating learning rate to 4.5441190565108235e-06
Epoch: 68 cost time: 1.1776275634765625
Epoch: 68, Steps: 29 | Train Loss: 0.0505357 Vali Loss: 0.0906676 Test Loss: 0.0435852
Validation loss decreased (0.091908 --> 0.090668).  Saving model ...
Updating learning rate to 4.3211893100472735e-06
Epoch: 69 cost time: 1.1842906475067139
Epoch: 69, Steps: 29 | Train Loss: 0.0501195 Vali Loss: 0.0900673 Test Loss: 0.0432907
Validation loss decreased (0.090668 --> 0.090067).  Saving model ...
Updating learning rate to 4.099626638252712e-06
Epoch: 70 cost time: 1.1840577125549316
Epoch: 70, Steps: 29 | Train Loss: 0.0496866 Vali Loss: 0.0893390 Test Loss: 0.0430036
Validation loss decreased (0.090067 --> 0.089339).  Saving model ...
Updating learning rate to 3.879877238861997e-06
Epoch: 71 cost time: 1.180241584777832
Epoch: 71, Steps: 29 | Train Loss: 0.0493130 Vali Loss: 0.0890106 Test Loss: 0.0427412
Validation loss decreased (0.089339 --> 0.089011).  Saving model ...
Updating learning rate to 3.662383657920668e-06
Epoch: 72 cost time: 1.1815876960754395
Epoch: 72, Steps: 29 | Train Loss: 0.0488683 Vali Loss: 0.0879211 Test Loss: 0.0424948
Validation loss decreased (0.089011 --> 0.087921).  Saving model ...
Updating learning rate to 3.447583898556124e-06
Epoch: 73 cost time: 1.178466796875
Epoch: 73, Steps: 29 | Train Loss: 0.0484715 Vali Loss: 0.0877684 Test Loss: 0.0420743
Validation loss decreased (0.087921 --> 0.087768).  Saving model ...
Updating learning rate to 3.2359105388976132e-06
Epoch: 74 cost time: 1.1865341663360596
Epoch: 74, Steps: 29 | Train Loss: 0.0481262 Vali Loss: 0.0865518 Test Loss: 0.0419732
Validation loss decreased (0.087768 --> 0.086552).  Saving model ...
Updating learning rate to 3.027789860921434e-06
Epoch: 75 cost time: 1.1874141693115234
Epoch: 75, Steps: 29 | Train Loss: 0.0477216 Vali Loss: 0.0861525 Test Loss: 0.0415332
Validation loss decreased (0.086552 --> 0.086153).  Saving model ...
Updating learning rate to 2.8236409919757893e-06
Epoch: 76 cost time: 1.1830837726593018
Epoch: 76, Steps: 29 | Train Loss: 0.0473342 Vali Loss: 0.0857772 Test Loss: 0.0411512
Validation loss decreased (0.086153 --> 0.085777).  Saving model ...
Updating learning rate to 2.6238750607140637e-06
Epoch: 77 cost time: 1.181718349456787
Epoch: 77, Steps: 29 | Train Loss: 0.0469618 Vali Loss: 0.0845828 Test Loss: 0.0409812
Validation loss decreased (0.085777 --> 0.084583).  Saving model ...
Updating learning rate to 2.4288943691364434e-06
Epoch: 78 cost time: 1.1892342567443848
Epoch: 78, Steps: 29 | Train Loss: 0.0466023 Vali Loss: 0.0840239 Test Loss: 0.0407535
Validation loss decreased (0.084583 --> 0.084024).  Saving model ...
Updating learning rate to 2.2390915824072217e-06
Epoch: 79 cost time: 1.189204216003418
Epoch: 79, Steps: 29 | Train Loss: 0.0462123 Vali Loss: 0.0831426 Test Loss: 0.0405180
Validation loss decreased (0.084024 --> 0.083143).  Saving model ...
Updating learning rate to 2.0548489380794217e-06
Epoch: 80 cost time: 1.172961711883545
Epoch: 80, Steps: 29 | Train Loss: 0.0458484 Vali Loss: 0.0825942 Test Loss: 0.0401510
Validation loss decreased (0.083143 --> 0.082594).  Saving model ...
Updating learning rate to 1.876537476319218e-06
Epoch: 81 cost time: 1.1855440139770508
Epoch: 81, Steps: 29 | Train Loss: 0.0455410 Vali Loss: 0.0823138 Test Loss: 0.0400978
Validation loss decreased (0.082594 --> 0.082314).  Saving model ...
Updating learning rate to 1.7045162926804444e-06
Epoch: 82 cost time: 1.1806890964508057
Epoch: 82, Steps: 29 | Train Loss: 0.0455448 Vali Loss: 0.0826285 Test Loss: 0.0399458
EarlyStopping counter: 1 out of 10
Updating learning rate to 1.5391318149339123e-06
Epoch: 83 cost time: 1.1766026020050049
Epoch: 83, Steps: 29 | Train Loss: 0.0455382 Vali Loss: 0.0825410 Test Loss: 0.0400197
EarlyStopping counter: 2 out of 10
Updating learning rate to 1.3807171054080036e-06
Epoch: 84 cost time: 1.1829800605773926
Epoch: 84, Steps: 29 | Train Loss: 0.0455157 Vali Loss: 0.0826449 Test Loss: 0.0399927
EarlyStopping counter: 3 out of 10
Updating learning rate to 1.2295911902454577e-06
Epoch: 85 cost time: 1.1868195533752441
Epoch: 85, Steps: 29 | Train Loss: 0.0455061 Vali Loss: 0.0826593 Test Loss: 0.0399982
EarlyStopping counter: 4 out of 10
Updating learning rate to 1.0860584169271784e-06
Epoch: 86 cost time: 1.1802542209625244
Epoch: 86, Steps: 29 | Train Loss: 0.0454958 Vali Loss: 0.0823388 Test Loss: 0.0400874
EarlyStopping counter: 5 out of 10
Updating learning rate to 9.504078413569088e-07
Epoch: 87 cost time: 1.1833889484405518
Epoch: 87, Steps: 29 | Train Loss: 0.0454672 Vali Loss: 0.0827415 Test Loss: 0.0400261
EarlyStopping counter: 6 out of 10
Updating learning rate to 8.229126457411124e-07
Epoch: 88 cost time: 1.1757895946502686
Epoch: 88, Steps: 29 | Train Loss: 0.0454901 Vali Loss: 0.0825561 Test Loss: 0.0400247
EarlyStopping counter: 7 out of 10
Updating learning rate to 7.038295884363647e-07
Epoch: 89 cost time: 1.1827507019042969
Epoch: 89, Steps: 29 | Train Loss: 0.0454775 Vali Loss: 0.0825315 Test Loss: 0.0400446
EarlyStopping counter: 8 out of 10
Updating learning rate to 5.933984868721898e-07
Epoch: 90 cost time: 1.1752402782440186
Epoch: 90, Steps: 29 | Train Loss: 0.0454776 Vali Loss: 0.0825093 Test Loss: 0.0400598
EarlyStopping counter: 9 out of 10
Updating learning rate to 4.918417345906772e-07
Epoch: 91 cost time: 1.1793265342712402
Epoch: 91, Steps: 29 | Train Loss: 0.0454801 Vali Loss: 0.0825960 Test Loss: 0.0400088
EarlyStopping counter: 10 out of 10
Early stopping
>>>>>>>testing : ETTh1_336_720_DTFNet_ETTh1_ftM_sl336_ll0_pl720_dm128_nh16_el2_br2_dl1_df256_fc1_ebtimeF_dtTrue_'Exp'_0_'rel_sin'_16_8_16,24_8,12_3_1_256<<<<<<<<<<<<<<<<<<<<<<<<<<<<<<<<<
test 2161
mse:0.4271697998046875, mae:0.4478820860385895, rse:0.6277480125427246
