Args in experiment:
Namespace(is_training=1, model_id='ETTh1_336_720', model='DTFNet', data='ETTh1', root_path='./dataset/', data_path='ETTh1.csv', features='M', target='OT', freq='h', checkpoints='./checkpoints/', seq_len=336, label_len=0, pred_len=720, n_branches=2, patch_len_ls='16,24', stride_ls='8,12', d_model_ls='128', n_heads_ls='16', rel_pe="'rel_sin'", res_attn=False, head_type='flatten', fc_dropout=0.3, head_dropout=0.1, patch_len=16, stride=8, padding_patch="'end'", revin=1, affine=0, subtract_last=0, decomposition=0, kernel_size=25, individual=0, store_attn=False, pre_norm=False, pe='zeros', no_learn_pe=True, embed_type=0, enc_in=7, dec_in=7, c_out=7, d_model=128, n_heads=16, e_layers=2, d_layers=1, d_ff=256, moving_avg=25, factor=1, distil=True, dropout=0.3, embed='timeF', activation='gelu', output_attention=False, do_predict=False, num_workers=0, itr=1, train_epochs=100, batch_size=256, patience=10, learning_rate=1e-05, des="'Exp'", loss='mse', lradj='TST', pct_start=0.3, use_amp=False, l2=0.0, warmup_steps=0, use_gpu=True, gpu=0, use_multi_gpu=False, devices='0', test_flop=False, use_mlflow=False, mlflow_project='exp', loss_flag=2, sub_patch_len=16, sub_stride=8, stride_ls_list='16', model_type='linear', tfactor=3, dilation_rates='1', wavelet_layers=2, wavelet_type='db5', wavelet_mode='periodization', wavelet_dim=64, initTLV=0.2)
Use GPU: cuda:0
>>>>>>>start training : ETTh1_336_720_DTFNet_ETTh1_ftM_sl336_ll0_pl720_dm128_nh16_el2_br2_dl1_df256_fc1_ebtimeF_dtTrue_'Exp'_0_'rel_sin'_16_8_16,24_8,12_3_1_256>>>>>>>>>>>>>>>>>>>>>>>>>>
train 7585
val 2161
test 2161
Epoch: 1 cost time: 1.5857045650482178
Epoch: 1, Steps: 29 | Train Loss: 0.1075974 Vali Loss: 0.1786681 Test Loss: 0.0997919
Validation loss decreased (inf --> 0.178668).  Saving model ...
Updating learning rate to 4.2635539919063106e-07
Epoch: 2 cost time: 1.180206060409546
Epoch: 2, Steps: 29 | Train Loss: 0.1067137 Vali Loss: 0.1772712 Test Loss: 0.0989360
Validation loss decreased (0.178668 --> 0.177271).  Saving model ...
Updating learning rate to 5.051321771514831e-07
Epoch: 3 cost time: 1.165222406387329
Epoch: 3, Steps: 29 | Train Loss: 0.1058864 Vali Loss: 0.1758018 Test Loss: 0.0980091
Validation loss decreased (0.177271 --> 0.175802).  Saving model ...
Updating learning rate to 6.354652532866785e-07
Epoch: 4 cost time: 1.18023681640625
Epoch: 4, Steps: 29 | Train Loss: 0.1049193 Vali Loss: 0.1737375 Test Loss: 0.0970163
Validation loss decreased (0.175802 --> 0.173738).  Saving model ...
Updating learning rate to 8.159233858256806e-07
Epoch: 5 cost time: 1.1849665641784668
Epoch: 5, Steps: 29 | Train Loss: 0.1040042 Vali Loss: 0.1719003 Test Loss: 0.0959328
Validation loss decreased (0.173738 --> 0.171900).  Saving model ...
Updating learning rate to 1.0445248888850473e-06
Epoch: 6 cost time: 1.1820437908172607
Epoch: 6, Steps: 29 | Train Loss: 0.1029742 Vali Loss: 0.1701764 Test Loss: 0.0947058
Validation loss decreased (0.171900 --> 0.170176).  Saving model ...
Updating learning rate to 1.3187593941861497e-06
Epoch: 7 cost time: 1.1827583312988281
Epoch: 7, Steps: 29 | Train Loss: 0.1018275 Vali Loss: 0.1681150 Test Loss: 0.0932952
Validation loss decreased (0.170176 --> 0.168115).  Saving model ...
Updating learning rate to 1.6356154184543822e-06
Epoch: 8 cost time: 1.1796531677246094
Epoch: 8, Steps: 29 | Train Loss: 0.1005721 Vali Loss: 0.1653873 Test Loss: 0.0915586
Validation loss decreased (0.168115 --> 0.165387).  Saving model ...
Updating learning rate to 1.9916134337707666e-06
Epoch: 9 cost time: 1.1915338039398193
Epoch: 9, Steps: 29 | Train Loss: 0.0990434 Vali Loss: 0.1621054 Test Loss: 0.0893291
Validation loss decreased (0.165387 --> 0.162105).  Saving model ...
Updating learning rate to 2.3828440777166636e-06
Epoch: 10 cost time: 1.1830122470855713
Epoch: 10, Steps: 29 | Train Loss: 0.0972800 Vali Loss: 0.1579691 Test Loss: 0.0862957
Validation loss decreased (0.162105 --> 0.157969).  Saving model ...
Updating learning rate to 2.805011083710071e-06
Epoch: 11 cost time: 1.1789653301239014
Epoch: 11, Steps: 29 | Train Loss: 0.0949095 Vali Loss: 0.1522813 Test Loss: 0.0822322
Validation loss decreased (0.157969 --> 0.152281).  Saving model ...
Updating learning rate to 3.2534784600976295e-06
Epoch: 12 cost time: 1.1914639472961426
Epoch: 12, Steps: 29 | Train Loss: 0.0923952 Vali Loss: 0.1463845 Test Loss: 0.0778014
Validation loss decreased (0.152281 --> 0.146385).  Saving model ...
Updating learning rate to 3.723321399909056e-06
Epoch: 13 cost time: 1.1898248195648193
Epoch: 13, Steps: 29 | Train Loss: 0.0899889 Vali Loss: 0.1421239 Test Loss: 0.0748980
Validation loss decreased (0.146385 --> 0.142124).  Saving model ...
Updating learning rate to 4.209380362212844e-06
Epoch: 14 cost time: 1.1758348941802979
Epoch: 14, Steps: 29 | Train Loss: 0.0880625 Vali Loss: 0.1386025 Test Loss: 0.0733186
Validation loss decreased (0.142124 --> 0.138602).  Saving model ...
Updating learning rate to 4.706317731183279e-06
Epoch: 15 cost time: 1.1838171482086182
Epoch: 15, Steps: 29 | Train Loss: 0.0862287 Vali Loss: 0.1356487 Test Loss: 0.0712059
Validation loss decreased (0.138602 --> 0.135649).  Saving model ...
Updating learning rate to 5.208676430682048e-06
Epoch: 16 cost time: 1.187976360321045
Epoch: 16, Steps: 29 | Train Loss: 0.0846153 Vali Loss: 0.1334545 Test Loss: 0.0696136
Validation loss decreased (0.135649 --> 0.133454).  Saving model ...
Updating learning rate to 5.710939850683244e-06
Epoch: 17 cost time: 1.1761448383331299
Epoch: 17, Steps: 29 | Train Loss: 0.0831127 Vali Loss: 0.1317412 Test Loss: 0.0676863
Validation loss decreased (0.133454 --> 0.131741).  Saving model ...
Updating learning rate to 6.207592427464792e-06
Epoch: 18 cost time: 1.183765172958374
Epoch: 18, Steps: 29 | Train Loss: 0.0817764 Vali Loss: 0.1299559 Test Loss: 0.0661893
Validation loss decreased (0.131741 --> 0.129956).  Saving model ...
Updating learning rate to 6.693180212309968e-06
Epoch: 19 cost time: 1.1882519721984863
Epoch: 19, Steps: 29 | Train Loss: 0.0805724 Vali Loss: 0.1284181 Test Loss: 0.0650806
Validation loss decreased (0.129956 --> 0.128418).  Saving model ...
Updating learning rate to 7.1623707635889015e-06
Epoch: 20 cost time: 1.1831865310668945
Epoch: 20, Steps: 29 | Train Loss: 0.0795557 Vali Loss: 0.1278607 Test Loss: 0.0637697
Validation loss decreased (0.128418 --> 0.127861).  Saving model ...
Updating learning rate to 7.610011704520164e-06
Epoch: 21 cost time: 1.1890075206756592
Epoch: 21, Steps: 29 | Train Loss: 0.0786113 Vali Loss: 0.1262483 Test Loss: 0.0635430
Validation loss decreased (0.127861 --> 0.126248).  Saving model ...
Updating learning rate to 8.031187303565295e-06
Epoch: 22 cost time: 1.1885743141174316
Epoch: 22, Steps: 29 | Train Loss: 0.0777925 Vali Loss: 0.1254903 Test Loss: 0.0623499
Validation loss decreased (0.126248 --> 0.125490).  Saving model ...
Updating learning rate to 8.421272456123378e-06
Epoch: 23 cost time: 1.1789278984069824
Epoch: 23, Steps: 29 | Train Loss: 0.0769502 Vali Loss: 0.1247911 Test Loss: 0.0613932
Validation loss decreased (0.125490 --> 0.124791).  Saving model ...
Updating learning rate to 8.775983474730246e-06
Epoch: 24 cost time: 1.1860744953155518
Epoch: 24, Steps: 29 | Train Loss: 0.0761112 Vali Loss: 0.1238972 Test Loss: 0.0607869
Validation loss decreased (0.124791 --> 0.123897).  Saving model ...
Updating learning rate to 9.091425130013939e-06
Epoch: 25 cost time: 1.184297800064087
Epoch: 25, Steps: 29 | Train Loss: 0.0753698 Vali Loss: 0.1230686 Test Loss: 0.0600300
Validation loss decreased (0.123897 --> 0.123069).  Saving model ...
Updating learning rate to 9.364133425830145e-06
Epoch: 26 cost time: 1.1816208362579346
Epoch: 26, Steps: 29 | Train Loss: 0.0745636 Vali Loss: 0.1219486 Test Loss: 0.0593329
Validation loss decreased (0.123069 --> 0.121949).  Saving model ...
Updating learning rate to 9.591113638846019e-06
Epoch: 27 cost time: 1.175746202468872
Epoch: 27, Steps: 29 | Train Loss: 0.0737708 Vali Loss: 0.1209153 Test Loss: 0.0588128
Validation loss decreased (0.121949 --> 0.120915).  Saving model ...
Updating learning rate to 9.769873204843885e-06
Epoch: 28 cost time: 1.179473876953125
Epoch: 28, Steps: 29 | Train Loss: 0.0729978 Vali Loss: 0.1202990 Test Loss: 0.0584821
Validation loss decreased (0.120915 --> 0.120299).  Saving model ...
Updating learning rate to 9.898449090606656e-06
Epoch: 29 cost time: 1.1958303451538086
Epoch: 29, Steps: 29 | Train Loss: 0.0722773 Vali Loss: 0.1193507 Test Loss: 0.0576612
Validation loss decreased (0.120299 --> 0.119351).  Saving model ...
Updating learning rate to 9.975429350802846e-06
Epoch: 30 cost time: 1.191300392150879
Epoch: 30, Steps: 29 | Train Loss: 0.0715433 Vali Loss: 0.1180445 Test Loss: 0.0575329
Validation loss decreased (0.119351 --> 0.118045).  Saving model ...
Updating learning rate to 9.99999401249548e-06
Epoch: 31 cost time: 1.1878225803375244
Epoch: 31, Steps: 29 | Train Loss: 0.0708308 Vali Loss: 0.1180119 Test Loss: 0.0566153
Validation loss decreased (0.118045 --> 0.118012).  Saving model ...
Updating learning rate to 9.994612212745642e-06
Epoch: 32 cost time: 1.1867587566375732
Epoch: 32, Steps: 29 | Train Loss: 0.0701167 Vali Loss: 0.1179044 Test Loss: 0.0560224
Validation loss decreased (0.118012 --> 0.117904).  Saving model ...
Updating learning rate to 9.979171968972798e-06
Epoch: 33 cost time: 1.1886978149414062
Epoch: 33, Steps: 29 | Train Loss: 0.0694170 Vali Loss: 0.1166719 Test Loss: 0.0556645
Validation loss decreased (0.117904 --> 0.116672).  Saving model ...
Updating learning rate to 9.953704375773079e-06
Epoch: 34 cost time: 1.183577060699463
Epoch: 34, Steps: 29 | Train Loss: 0.0687211 Vali Loss: 0.1164500 Test Loss: 0.0551298
Validation loss decreased (0.116672 --> 0.116450).  Saving model ...
Updating learning rate to 9.918260721489893e-06
Epoch: 35 cost time: 1.1873743534088135
Epoch: 35, Steps: 29 | Train Loss: 0.0679971 Vali Loss: 0.1162190 Test Loss: 0.0544511
Validation loss decreased (0.116450 --> 0.116219).  Saving model ...
Updating learning rate to 9.872912384926035e-06
Epoch: 36 cost time: 1.1862304210662842
Epoch: 36, Steps: 29 | Train Loss: 0.0674103 Vali Loss: 0.1141614 Test Loss: 0.0546704
Validation loss decreased (0.116219 --> 0.114161).  Saving model ...
Updating learning rate to 9.817750691596265e-06
Epoch: 37 cost time: 1.1736905574798584
Epoch: 37, Steps: 29 | Train Loss: 0.0666975 Vali Loss: 0.1141184 Test Loss: 0.0538857
Validation loss decreased (0.114161 --> 0.114118).  Saving model ...
Updating learning rate to 9.752886729809889e-06
Epoch: 38 cost time: 1.1896605491638184
Epoch: 38, Steps: 29 | Train Loss: 0.0660605 Vali Loss: 0.1142530 Test Loss: 0.0532589
EarlyStopping counter: 1 out of 10
Updating learning rate to 9.678451126953676e-06
Epoch: 39 cost time: 1.1803312301635742
Epoch: 39, Steps: 29 | Train Loss: 0.0654085 Vali Loss: 0.1129916 Test Loss: 0.0531482
Validation loss decreased (0.114118 --> 0.112992).  Saving model ...
Updating learning rate to 9.594593786425696e-06
Epoch: 40 cost time: 1.186981201171875
Epoch: 40, Steps: 29 | Train Loss: 0.0647451 Vali Loss: 0.1134487 Test Loss: 0.0523920
EarlyStopping counter: 1 out of 10
Updating learning rate to 9.501483585749811e-06
Epoch: 41 cost time: 1.1798887252807617
Epoch: 41, Steps: 29 | Train Loss: 0.0641663 Vali Loss: 0.1116615 Test Loss: 0.0524157
Validation loss decreased (0.112992 --> 0.111662).  Saving model ...
Updating learning rate to 9.399308036478838e-06
Epoch: 42 cost time: 1.1836059093475342
Epoch: 42, Steps: 29 | Train Loss: 0.0634658 Vali Loss: 0.1116712 Test Loss: 0.0518502
EarlyStopping counter: 1 out of 10
Updating learning rate to 9.288272906571216e-06
Epoch: 43 cost time: 1.1781556606292725
Epoch: 43, Steps: 29 | Train Loss: 0.0629199 Vali Loss: 0.1103009 Test Loss: 0.0516889
Validation loss decreased (0.111662 --> 0.110301).  Saving model ...
Updating learning rate to 9.16860180600173e-06
Epoch: 44 cost time: 1.191094160079956
Epoch: 44, Steps: 29 | Train Loss: 0.0622651 Vali Loss: 0.1102305 Test Loss: 0.0510087
Validation loss decreased (0.110301 --> 0.110230).  Saving model ...
Updating learning rate to 9.040535736440785e-06
Epoch: 45 cost time: 1.1876318454742432
Epoch: 45, Steps: 29 | Train Loss: 0.0616577 Vali Loss: 0.1098289 Test Loss: 0.0506412
Validation loss decreased (0.110230 --> 0.109829).  Saving model ...
Updating learning rate to 8.904332605909106e-06
Epoch: 46 cost time: 1.182142972946167
Epoch: 46, Steps: 29 | Train Loss: 0.0611107 Vali Loss: 0.1082350 Test Loss: 0.0509282
Validation loss decreased (0.109829 --> 0.108235).  Saving model ...
Updating learning rate to 8.760266709385311e-06
Epoch: 47 cost time: 1.1733872890472412
Epoch: 47, Steps: 29 | Train Loss: 0.0605806 Vali Loss: 0.1071622 Test Loss: 0.0503592
Validation loss decreased (0.108235 --> 0.107162).  Saving model ...
Updating learning rate to 8.608628176412335e-06
Epoch: 48 cost time: 1.1801223754882812
Epoch: 48, Steps: 29 | Train Loss: 0.0600585 Vali Loss: 0.1067423 Test Loss: 0.0501525
Validation loss decreased (0.107162 --> 0.106742).  Saving model ...
Updating learning rate to 8.449722386815127e-06
Epoch: 49 cost time: 1.181413173675537
Epoch: 49, Steps: 29 | Train Loss: 0.0594508 Vali Loss: 0.1059936 Test Loss: 0.0498431
Validation loss decreased (0.106742 --> 0.105994).  Saving model ...
Updating learning rate to 8.28386935570634e-06
Epoch: 50 cost time: 1.183058261871338
Epoch: 50, Steps: 29 | Train Loss: 0.0588570 Vali Loss: 0.1063050 Test Loss: 0.0490806
EarlyStopping counter: 1 out of 10
Updating learning rate to 8.111403089018465e-06
Epoch: 51 cost time: 1.1712405681610107
Epoch: 51, Steps: 29 | Train Loss: 0.0583136 Vali Loss: 0.1060469 Test Loss: 0.0487741
EarlyStopping counter: 2 out of 10
Updating learning rate to 7.93267091086035e-06
Epoch: 52 cost time: 1.1817331314086914
Epoch: 52, Steps: 29 | Train Loss: 0.0577801 Vali Loss: 0.1041909 Test Loss: 0.0486100
Validation loss decreased (0.105994 --> 0.104191).  Saving model ...
Updating learning rate to 7.748032764052655e-06
Epoch: 53 cost time: 1.1840496063232422
Epoch: 53, Steps: 29 | Train Loss: 0.0572678 Vali Loss: 0.1030565 Test Loss: 0.0486018
Validation loss decreased (0.104191 --> 0.103057).  Saving model ...
Updating learning rate to 7.557860485250925e-06
Epoch: 54 cost time: 1.1740708351135254
Epoch: 54, Steps: 29 | Train Loss: 0.0568366 Vali Loss: 0.1040509 Test Loss: 0.0477413
EarlyStopping counter: 1 out of 10
Updating learning rate to 7.362537056116034e-06
Epoch: 55 cost time: 1.181636095046997
Epoch: 55, Steps: 29 | Train Loss: 0.0563229 Vali Loss: 0.1022991 Test Loss: 0.0477107
Validation loss decreased (0.103057 --> 0.102299).  Saving model ...
Updating learning rate to 7.162455832040107e-06
Epoch: 56 cost time: 1.1824243068695068
Epoch: 56, Steps: 29 | Train Loss: 0.0558471 Vali Loss: 0.1014050 Test Loss: 0.0472516
Validation loss decreased (0.102299 --> 0.101405).  Saving model ...
Updating learning rate to 6.9580197499810984e-06
Epoch: 57 cost time: 1.1824946403503418
Epoch: 57, Steps: 29 | Train Loss: 0.0553053 Vali Loss: 0.1011983 Test Loss: 0.0469817
Validation loss decreased (0.101405 --> 0.101198).  Saving model ...
Updating learning rate to 6.7496405170013816e-06
Epoch: 58 cost time: 1.1836860179901123
Epoch: 58, Steps: 29 | Train Loss: 0.0547751 Vali Loss: 0.1007025 Test Loss: 0.0465994
Validation loss decreased (0.101198 --> 0.100703).  Saving model ...
Updating learning rate to 6.537737781144523e-06
Epoch: 59 cost time: 1.1838674545288086
Epoch: 59, Steps: 29 | Train Loss: 0.0543654 Vali Loss: 0.1003047 Test Loss: 0.0463118
Validation loss decreased (0.100703 --> 0.100305).  Saving model ...
Updating learning rate to 6.322738286319964e-06
Epoch: 60 cost time: 1.1862282752990723
Epoch: 60, Steps: 29 | Train Loss: 0.0538806 Vali Loss: 0.0986023 Test Loss: 0.0460409
Validation loss decreased (0.100305 --> 0.098602).  Saving model ...
Updating learning rate to 6.105075012897585e-06
Epoch: 61 cost time: 1.1833422183990479
Epoch: 61, Steps: 29 | Train Loss: 0.0534673 Vali Loss: 0.0980954 Test Loss: 0.0458418
Validation loss decreased (0.098602 --> 0.098095).  Saving model ...
Updating learning rate to 5.885186305742857e-06
Epoch: 62 cost time: 1.1811153888702393
Epoch: 62, Steps: 29 | Train Loss: 0.0529179 Vali Loss: 0.0977148 Test Loss: 0.0452856
Validation loss decreased (0.098095 --> 0.097715).  Saving model ...
Updating learning rate to 5.6635149914486225e-06
Epoch: 63 cost time: 1.180680751800537
Epoch: 63, Steps: 29 | Train Loss: 0.0525489 Vali Loss: 0.0968059 Test Loss: 0.0451379
Validation loss decreased (0.097715 --> 0.096806).  Saving model ...
Updating learning rate to 5.440507486541268e-06
Epoch: 64 cost time: 1.1829922199249268
Epoch: 64, Steps: 29 | Train Loss: 0.0520420 Vali Loss: 0.0961578 Test Loss: 0.0447638
Validation loss decreased (0.096806 --> 0.096158).  Saving model ...
Updating learning rate to 5.216612898457253e-06
Epoch: 65 cost time: 1.1831512451171875
Epoch: 65, Steps: 29 | Train Loss: 0.0516061 Vali Loss: 0.0952628 Test Loss: 0.0446297
Validation loss decreased (0.096158 --> 0.095263).  Saving model ...
Updating learning rate to 4.992282121100496e-06
Epoch: 66 cost time: 1.179640531539917
Epoch: 66, Steps: 29 | Train Loss: 0.0511997 Vali Loss: 0.0949231 Test Loss: 0.0443033
Validation loss decreased (0.095263 --> 0.094923).  Saving model ...
Updating learning rate to 4.767966926802067e-06
Epoch: 67 cost time: 1.1817841529846191
Epoch: 67, Steps: 29 | Train Loss: 0.0507593 Vali Loss: 0.0937154 Test Loss: 0.0439827
Validation loss decreased (0.094923 --> 0.093715).  Saving model ...
Updating learning rate to 4.5441190565108235e-06
Epoch: 68 cost time: 1.1874628067016602
Epoch: 68, Steps: 29 | Train Loss: 0.0503028 Vali Loss: 0.0936230 Test Loss: 0.0435951
Validation loss decreased (0.093715 --> 0.093623).  Saving model ...
Updating learning rate to 4.3211893100472735e-06
Epoch: 69 cost time: 1.1880433559417725
Epoch: 69, Steps: 29 | Train Loss: 0.0499491 Vali Loss: 0.0928030 Test Loss: 0.0433127
Validation loss decreased (0.093623 --> 0.092803).  Saving model ...
Updating learning rate to 4.099626638252712e-06
Epoch: 70 cost time: 1.1915934085845947
Epoch: 70, Steps: 29 | Train Loss: 0.0495504 Vali Loss: 0.0911936 Test Loss: 0.0431939
Validation loss decreased (0.092803 --> 0.091194).  Saving model ...
Updating learning rate to 3.879877238861997e-06
Epoch: 71 cost time: 1.1905176639556885
Epoch: 71, Steps: 29 | Train Loss: 0.0491818 Vali Loss: 0.0916607 Test Loss: 0.0425719
EarlyStopping counter: 1 out of 10
Updating learning rate to 3.662383657920668e-06
Epoch: 72 cost time: 1.1810276508331299
Epoch: 72, Steps: 29 | Train Loss: 0.0487889 Vali Loss: 0.0907789 Test Loss: 0.0422914
Validation loss decreased (0.091194 --> 0.090779).  Saving model ...
Updating learning rate to 3.447583898556124e-06
Epoch: 73 cost time: 1.1715264320373535
Epoch: 73, Steps: 29 | Train Loss: 0.0483418 Vali Loss: 0.0896861 Test Loss: 0.0420422
Validation loss decreased (0.090779 --> 0.089686).  Saving model ...
Updating learning rate to 3.2359105388976132e-06
Epoch: 74 cost time: 1.183823823928833
Epoch: 74, Steps: 29 | Train Loss: 0.0479354 Vali Loss: 0.0889280 Test Loss: 0.0418968
Validation loss decreased (0.089686 --> 0.088928).  Saving model ...
Updating learning rate to 3.027789860921434e-06
Epoch: 75 cost time: 1.18318510055542
Epoch: 75, Steps: 29 | Train Loss: 0.0475812 Vali Loss: 0.0884145 Test Loss: 0.0415156
Validation loss decreased (0.088928 --> 0.088414).  Saving model ...
Updating learning rate to 2.8236409919757893e-06
Epoch: 76 cost time: 1.1868820190429688
Epoch: 76, Steps: 29 | Train Loss: 0.0472325 Vali Loss: 0.0877246 Test Loss: 0.0412117
Validation loss decreased (0.088414 --> 0.087725).  Saving model ...
Updating learning rate to 2.6238750607140637e-06
Epoch: 77 cost time: 1.1843907833099365
Epoch: 77, Steps: 29 | Train Loss: 0.0468278 Vali Loss: 0.0871941 Test Loss: 0.0409044
Validation loss decreased (0.087725 --> 0.087194).  Saving model ...
Updating learning rate to 2.4288943691364434e-06
Epoch: 78 cost time: 1.1821515560150146
Epoch: 78, Steps: 29 | Train Loss: 0.0464202 Vali Loss: 0.0866222 Test Loss: 0.0405836
Validation loss decreased (0.087194 --> 0.086622).  Saving model ...
Updating learning rate to 2.2390915824072217e-06
Epoch: 79 cost time: 1.1822168827056885
Epoch: 79, Steps: 29 | Train Loss: 0.0460940 Vali Loss: 0.0862041 Test Loss: 0.0402579
Validation loss decreased (0.086622 --> 0.086204).  Saving model ...
Updating learning rate to 2.0548489380794217e-06
Epoch: 80 cost time: 1.1803202629089355
Epoch: 80, Steps: 29 | Train Loss: 0.0456807 Vali Loss: 0.0852291 Test Loss: 0.0400382
Validation loss decreased (0.086204 --> 0.085229).  Saving model ...
Updating learning rate to 1.876537476319218e-06
Epoch: 81 cost time: 1.1763639450073242
Epoch: 81, Steps: 29 | Train Loss: 0.0454030 Vali Loss: 0.0849742 Test Loss: 0.0399606
Validation loss decreased (0.085229 --> 0.084974).  Saving model ...
Updating learning rate to 1.7045162926804444e-06
Epoch: 82 cost time: 1.1820824146270752
Epoch: 82, Steps: 29 | Train Loss: 0.0453474 Vali Loss: 0.0850483 Test Loss: 0.0399615
EarlyStopping counter: 1 out of 10
Updating learning rate to 1.5391318149339123e-06
Epoch: 83 cost time: 1.1814682483673096
Epoch: 83, Steps: 29 | Train Loss: 0.0453663 Vali Loss: 0.0845388 Test Loss: 0.0400466
Validation loss decreased (0.084974 --> 0.084539).  Saving model ...
Updating learning rate to 1.3807171054080036e-06
Epoch: 84 cost time: 1.1872305870056152
Epoch: 84, Steps: 29 | Train Loss: 0.0453377 Vali Loss: 0.0847006 Test Loss: 0.0400555
EarlyStopping counter: 1 out of 10
Updating learning rate to 1.2295911902454577e-06
Epoch: 85 cost time: 1.17934250831604
Epoch: 85, Steps: 29 | Train Loss: 0.0453607 Vali Loss: 0.0849752 Test Loss: 0.0399821
EarlyStopping counter: 2 out of 10
Updating learning rate to 1.0860584169271784e-06
Epoch: 86 cost time: 1.1844542026519775
Epoch: 86, Steps: 29 | Train Loss: 0.0453514 Vali Loss: 0.0848299 Test Loss: 0.0399887
EarlyStopping counter: 3 out of 10
Updating learning rate to 9.504078413569088e-07
Epoch: 87 cost time: 1.1780948638916016
Epoch: 87, Steps: 29 | Train Loss: 0.0453127 Vali Loss: 0.0846403 Test Loss: 0.0400463
EarlyStopping counter: 4 out of 10
Updating learning rate to 8.229126457411124e-07
Epoch: 88 cost time: 1.171339988708496
Epoch: 88, Steps: 29 | Train Loss: 0.0453236 Vali Loss: 0.0848798 Test Loss: 0.0399850
EarlyStopping counter: 5 out of 10
Updating learning rate to 7.038295884363647e-07
Epoch: 89 cost time: 1.1762471199035645
Epoch: 89, Steps: 29 | Train Loss: 0.0453237 Vali Loss: 0.0849926 Test Loss: 0.0399890
EarlyStopping counter: 6 out of 10
Updating learning rate to 5.933984868721898e-07
Epoch: 90 cost time: 1.1703953742980957
Epoch: 90, Steps: 29 | Train Loss: 0.0452956 Vali Loss: 0.0845336 Test Loss: 0.0400539
Validation loss decreased (0.084539 --> 0.084534).  Saving model ...
Updating learning rate to 4.918417345906772e-07
Epoch: 91 cost time: 1.1660408973693848
Epoch: 91, Steps: 29 | Train Loss: 0.0452840 Vali Loss: 0.0848854 Test Loss: 0.0400075
EarlyStopping counter: 1 out of 10
Updating learning rate to 3.9936385337548097e-07
Epoch: 92 cost time: 1.188500165939331
Epoch: 92, Steps: 29 | Train Loss: 0.0453300 Vali Loss: 0.0846463 Test Loss: 0.0400285
EarlyStopping counter: 2 out of 10
Updating learning rate to 3.161510813721721e-07
Epoch: 93 cost time: 1.1830885410308838
Epoch: 93, Steps: 29 | Train Loss: 0.0452700 Vali Loss: 0.0850249 Test Loss: 0.0400422
EarlyStopping counter: 3 out of 10
Updating learning rate to 2.4237099802938663e-07
Epoch: 94 cost time: 1.1792569160461426
Epoch: 94, Steps: 29 | Train Loss: 0.0452841 Vali Loss: 0.0847769 Test Loss: 0.0400435
EarlyStopping counter: 4 out of 10
Updating learning rate to 1.7817218661613333e-07
Epoch: 95 cost time: 1.182706356048584
Epoch: 95, Steps: 29 | Train Loss: 0.0452953 Vali Loss: 0.0847507 Test Loss: 0.0400429
EarlyStopping counter: 5 out of 10
Updating learning rate to 1.236839349948492e-07
Epoch: 96 cost time: 1.1848475933074951
Epoch: 96, Steps: 29 | Train Loss: 0.0453019 Vali Loss: 0.0847845 Test Loss: 0.0400312
EarlyStopping counter: 6 out of 10
Updating learning rate to 7.90159752528609e-08
Epoch: 97 cost time: 1.184312105178833
Epoch: 97, Steps: 29 | Train Loss: 0.0452613 Vali Loss: 0.0847693 Test Loss: 0.0400244
EarlyStopping counter: 7 out of 10
Updating learning rate to 4.425826271655888e-08
Epoch: 98 cost time: 1.2034039497375488
Epoch: 98, Steps: 29 | Train Loss: 0.0452780 Vali Loss: 0.0847722 Test Loss: 0.0400389
EarlyStopping counter: 8 out of 10
Updating learning rate to 1.948079479334324e-08
Epoch: 99 cost time: 1.177983045578003
Epoch: 99, Steps: 29 | Train Loss: 0.0453104 Vali Loss: 0.0848242 Test Loss: 0.0400312
EarlyStopping counter: 9 out of 10
Updating learning rate to 4.7334700061613195e-09
Epoch: 100 cost time: 1.230248212814331
Epoch: 100, Steps: 29 | Train Loss: 0.0452506 Vali Loss: 0.0846846 Test Loss: 0.0400312
EarlyStopping counter: 10 out of 10
Early stopping
>>>>>>>testing : ETTh1_336_720_DTFNet_ETTh1_ftM_sl336_ll0_pl720_dm128_nh16_el2_br2_dl1_df256_fc1_ebtimeF_dtTrue_'Exp'_0_'rel_sin'_16_8_16,24_8,12_3_1_256<<<<<<<<<<<<<<<<<<<<<<<<<<<<<<<<<
test 2161
mse:0.4225090444087982, mae:0.4474570155143738, rse:0.6243139505386353
