Args in experiment:
Namespace(random_seed=2020, is_training=1, model_id='ETTh1_336_720', model='DTFNet', data='ETTh1', root_path='./dataset/', data_path='ETTh1.csv', features='M', target='OT', freq='h', checkpoints='./checkpoints/', seq_len=336, label_len=0, pred_len=720, n_branches=2, patch_len_ls='16,24', stride_ls='8,12', d_model_ls='128', n_heads_ls='16', rel_pe="'rel_sin'", res_attn=False, head_type='flatten', fc_dropout=0.3, head_dropout=0.1, patch_len=16, stride=8, padding_patch="'end'", revin=1, affine=0, subtract_last=0, decomposition=0, kernel_size=25, individual=0, store_attn=False, pre_norm=False, pe='zeros', no_learn_pe=True, embed_type=0, enc_in=7, dec_in=7, c_out=7, d_model=128, n_heads=16, e_layers=2, d_layers=1, d_ff=256, moving_avg=25, factor=1, distil=True, dropout=0.3, embed='timeF', activation='gelu', output_attention=False, do_predict=False, num_workers=0, itr=1, train_epochs=100, batch_size=256, patience=10, learning_rate=1e-05, des="'Exp'", loss='mse', lradj='TST', pct_start=0.3, use_amp=False, l2=0.0, warmup_steps=0, use_gpu=True, gpu=0, use_multi_gpu=False, devices='0', test_flop=False, use_mlflow=False, mlflow_project='exp', loss_flag=2, sub_patch_len=16, sub_stride=8, stride_ls_list='16', model_type='linear', tfactor=3, dilation_rates='1', wavelet_layers=2, wavelet_type='db5', wavelet_mode='periodization', wavelet_dim=64, initTLV=0.2)
Use GPU: cuda:0
>>>>>>>start training : ETTh1_336_720_DTFNet_ETTh1_ftM_sl336_ll0_pl720_dm128_nh16_el2_br2_dl1_df256_fc1_ebtimeF_dtTrue_'Exp'_0_'rel_sin'_16_8_16,24_8,12_3_1_256>>>>>>>>>>>>>>>>>>>>>>>>>>
train 7585
val 2161
test 2161
Epoch: 1 cost time: 1.5460710525512695
Epoch: 1, Steps: 29 | Train Loss: 0.1075968 Vali Loss: 0.1787543 Test Loss: 0.0996544
Validation loss decreased (inf --> 0.178754).  Saving model ...
Updating learning rate to 4.2635539919063106e-07
Epoch: 2 cost time: 1.192988395690918
Epoch: 2, Steps: 29 | Train Loss: 0.1066729 Vali Loss: 0.1772971 Test Loss: 0.0988067
Validation loss decreased (0.178754 --> 0.177297).  Saving model ...
Updating learning rate to 5.051321771514831e-07
Epoch: 3 cost time: 1.1752705574035645
Epoch: 3, Steps: 29 | Train Loss: 0.1058509 Vali Loss: 0.1754565 Test Loss: 0.0978944
Validation loss decreased (0.177297 --> 0.175456).  Saving model ...
Updating learning rate to 6.354652532866785e-07
Epoch: 4 cost time: 1.183537483215332
Epoch: 4, Steps: 29 | Train Loss: 0.1049536 Vali Loss: 0.1741491 Test Loss: 0.0969273
Validation loss decreased (0.175456 --> 0.174149).  Saving model ...
Updating learning rate to 8.159233858256806e-07
Epoch: 5 cost time: 1.1789062023162842
Epoch: 5, Steps: 29 | Train Loss: 0.1038990 Vali Loss: 0.1722580 Test Loss: 0.0958667
Validation loss decreased (0.174149 --> 0.172258).  Saving model ...
Updating learning rate to 1.0445248888850473e-06
Epoch: 6 cost time: 1.1799027919769287
Epoch: 6, Steps: 29 | Train Loss: 0.1029442 Vali Loss: 0.1702578 Test Loss: 0.0946690
Validation loss decreased (0.172258 --> 0.170258).  Saving model ...
Updating learning rate to 1.3187593941861497e-06
Epoch: 7 cost time: 1.1908562183380127
Epoch: 7, Steps: 29 | Train Loss: 0.1018060 Vali Loss: 0.1679096 Test Loss: 0.0932942
Validation loss decreased (0.170258 --> 0.167910).  Saving model ...
Updating learning rate to 1.6356154184543822e-06
Epoch: 8 cost time: 1.1848063468933105
Epoch: 8, Steps: 29 | Train Loss: 0.1005115 Vali Loss: 0.1654074 Test Loss: 0.0916240
Validation loss decreased (0.167910 --> 0.165407).  Saving model ...
Updating learning rate to 1.9916134337707666e-06
Epoch: 9 cost time: 1.1861209869384766
Epoch: 9, Steps: 29 | Train Loss: 0.0990459 Vali Loss: 0.1624809 Test Loss: 0.0894493
Validation loss decreased (0.165407 --> 0.162481).  Saving model ...
Updating learning rate to 2.3828440777166636e-06
Epoch: 10 cost time: 1.1839382648468018
Epoch: 10, Steps: 29 | Train Loss: 0.0972586 Vali Loss: 0.1581164 Test Loss: 0.0864692
Validation loss decreased (0.162481 --> 0.158116).  Saving model ...
Updating learning rate to 2.805011083710071e-06
Epoch: 11 cost time: 1.188352108001709
Epoch: 11, Steps: 29 | Train Loss: 0.0949400 Vali Loss: 0.1523920 Test Loss: 0.0823899
Validation loss decreased (0.158116 --> 0.152392).  Saving model ...
Updating learning rate to 3.2534784600976295e-06
Epoch: 12 cost time: 1.183016061782837
Epoch: 12, Steps: 29 | Train Loss: 0.0921599 Vali Loss: 0.1467841 Test Loss: 0.0779938
Validation loss decreased (0.152392 --> 0.146784).  Saving model ...
Updating learning rate to 3.723321399909056e-06
Epoch: 13 cost time: 1.1834299564361572
Epoch: 13, Steps: 29 | Train Loss: 0.0897210 Vali Loss: 0.1417201 Test Loss: 0.0750825
Validation loss decreased (0.146784 --> 0.141720).  Saving model ...
Updating learning rate to 4.209380362212844e-06
Epoch: 14 cost time: 1.1832447052001953
Epoch: 14, Steps: 29 | Train Loss: 0.0878308 Vali Loss: 0.1386538 Test Loss: 0.0732830
Validation loss decreased (0.141720 --> 0.138654).  Saving model ...
Updating learning rate to 4.706317731183279e-06
Epoch: 15 cost time: 1.185770034790039
Epoch: 15, Steps: 29 | Train Loss: 0.0860678 Vali Loss: 0.1356737 Test Loss: 0.0712619
Validation loss decreased (0.138654 --> 0.135674).  Saving model ...
Updating learning rate to 5.208676430682048e-06
Epoch: 16 cost time: 1.1804602146148682
Epoch: 16, Steps: 29 | Train Loss: 0.0843933 Vali Loss: 0.1334463 Test Loss: 0.0694353
Validation loss decreased (0.135674 --> 0.133446).  Saving model ...
Updating learning rate to 5.710939850683244e-06
Epoch: 17 cost time: 1.1885383129119873
Epoch: 17, Steps: 29 | Train Loss: 0.0829394 Vali Loss: 0.1316687 Test Loss: 0.0672480
Validation loss decreased (0.133446 --> 0.131669).  Saving model ...
Updating learning rate to 6.207592427464792e-06
Epoch: 18 cost time: 1.1814250946044922
Epoch: 18, Steps: 29 | Train Loss: 0.0816093 Vali Loss: 0.1299094 Test Loss: 0.0659576
Validation loss decreased (0.131669 --> 0.129909).  Saving model ...
Updating learning rate to 6.693180212309968e-06
Epoch: 19 cost time: 1.1819312572479248
Epoch: 19, Steps: 29 | Train Loss: 0.0804869 Vali Loss: 0.1285988 Test Loss: 0.0649117
Validation loss decreased (0.129909 --> 0.128599).  Saving model ...
Updating learning rate to 7.1623707635889015e-06
Epoch: 20 cost time: 1.1768558025360107
Epoch: 20, Steps: 29 | Train Loss: 0.0795033 Vali Loss: 0.1273730 Test Loss: 0.0640743
Validation loss decreased (0.128599 --> 0.127373).  Saving model ...
Updating learning rate to 7.610011704520164e-06
Epoch: 21 cost time: 1.179290771484375
Epoch: 21, Steps: 29 | Train Loss: 0.0786311 Vali Loss: 0.1266471 Test Loss: 0.0632403
Validation loss decreased (0.127373 --> 0.126647).  Saving model ...
Updating learning rate to 8.031187303565295e-06
Epoch: 22 cost time: 1.1899418830871582
Epoch: 22, Steps: 29 | Train Loss: 0.0776711 Vali Loss: 0.1255901 Test Loss: 0.0623129
Validation loss decreased (0.126647 --> 0.125590).  Saving model ...
Updating learning rate to 8.421272456123378e-06
Epoch: 23 cost time: 1.18343186378479
Epoch: 23, Steps: 29 | Train Loss: 0.0769016 Vali Loss: 0.1250046 Test Loss: 0.0617205
Validation loss decreased (0.125590 --> 0.125005).  Saving model ...
Updating learning rate to 8.775983474730246e-06
Epoch: 24 cost time: 1.1888041496276855
Epoch: 24, Steps: 29 | Train Loss: 0.0761150 Vali Loss: 0.1238056 Test Loss: 0.0610466
Validation loss decreased (0.125005 --> 0.123806).  Saving model ...
Updating learning rate to 9.091425130013939e-06
Epoch: 25 cost time: 1.1808886528015137
Epoch: 25, Steps: 29 | Train Loss: 0.0753014 Vali Loss: 0.1230065 Test Loss: 0.0600058
Validation loss decreased (0.123806 --> 0.123007).  Saving model ...
Updating learning rate to 9.364133425830145e-06
Epoch: 26 cost time: 1.1830947399139404
Epoch: 26, Steps: 29 | Train Loss: 0.0745513 Vali Loss: 0.1219053 Test Loss: 0.0597043
Validation loss decreased (0.123007 --> 0.121905).  Saving model ...
Updating learning rate to 9.591113638846019e-06
Epoch: 27 cost time: 1.1867666244506836
Epoch: 27, Steps: 29 | Train Loss: 0.0737689 Vali Loss: 0.1211925 Test Loss: 0.0590520
Validation loss decreased (0.121905 --> 0.121193).  Saving model ...
Updating learning rate to 9.769873204843885e-06
Epoch: 28 cost time: 1.1826066970825195
Epoch: 28, Steps: 29 | Train Loss: 0.0730391 Vali Loss: 0.1199314 Test Loss: 0.0587778
Validation loss decreased (0.121193 --> 0.119931).  Saving model ...
Updating learning rate to 9.898449090606656e-06
Epoch: 29 cost time: 1.1933934688568115
Epoch: 29, Steps: 29 | Train Loss: 0.0723355 Vali Loss: 0.1202151 Test Loss: 0.0574574
EarlyStopping counter: 1 out of 10
Updating learning rate to 9.975429350802846e-06
Epoch: 30 cost time: 1.1880366802215576
Epoch: 30, Steps: 29 | Train Loss: 0.0715713 Vali Loss: 0.1191514 Test Loss: 0.0574595
Validation loss decreased (0.119931 --> 0.119151).  Saving model ...
Updating learning rate to 9.99999401249548e-06
Epoch: 31 cost time: 1.1904547214508057
Epoch: 31, Steps: 29 | Train Loss: 0.0708469 Vali Loss: 0.1181956 Test Loss: 0.0565188
Validation loss decreased (0.119151 --> 0.118196).  Saving model ...
Updating learning rate to 9.994612212745642e-06
Epoch: 32 cost time: 1.1884558200836182
Epoch: 32, Steps: 29 | Train Loss: 0.0701773 Vali Loss: 0.1174485 Test Loss: 0.0564172
Validation loss decreased (0.118196 --> 0.117448).  Saving model ...
Updating learning rate to 9.979171968972798e-06
Epoch: 33 cost time: 1.1944153308868408
Epoch: 33, Steps: 29 | Train Loss: 0.0694831 Vali Loss: 0.1163171 Test Loss: 0.0560179
Validation loss decreased (0.117448 --> 0.116317).  Saving model ...
Updating learning rate to 9.953704375773079e-06
Epoch: 34 cost time: 1.1828176975250244
Epoch: 34, Steps: 29 | Train Loss: 0.0688243 Vali Loss: 0.1156907 Test Loss: 0.0552656
Validation loss decreased (0.116317 --> 0.115691).  Saving model ...
Updating learning rate to 9.918260721489893e-06
Epoch: 35 cost time: 1.1770596504211426
Epoch: 35, Steps: 29 | Train Loss: 0.0680725 Vali Loss: 0.1154436 Test Loss: 0.0546378
Validation loss decreased (0.115691 --> 0.115444).  Saving model ...
Updating learning rate to 9.872912384926035e-06
Epoch: 36 cost time: 1.1829297542572021
Epoch: 36, Steps: 29 | Train Loss: 0.0674072 Vali Loss: 0.1141613 Test Loss: 0.0548072
Validation loss decreased (0.115444 --> 0.114161).  Saving model ...
Updating learning rate to 9.817750691596265e-06
Epoch: 37 cost time: 1.1872382164001465
Epoch: 37, Steps: 29 | Train Loss: 0.0667922 Vali Loss: 0.1136902 Test Loss: 0.0543154
Validation loss decreased (0.114161 --> 0.113690).  Saving model ...
Updating learning rate to 9.752886729809889e-06
Epoch: 38 cost time: 1.1901850700378418
Epoch: 38, Steps: 29 | Train Loss: 0.0661257 Vali Loss: 0.1123779 Test Loss: 0.0537934
Validation loss decreased (0.113690 --> 0.112378).  Saving model ...
Updating learning rate to 9.678451126953676e-06
Epoch: 39 cost time: 1.1799988746643066
Epoch: 39, Steps: 29 | Train Loss: 0.0654947 Vali Loss: 0.1118473 Test Loss: 0.0533087
Validation loss decreased (0.112378 --> 0.111847).  Saving model ...
Updating learning rate to 9.594593786425696e-06
Epoch: 40 cost time: 1.1790826320648193
Epoch: 40, Steps: 29 | Train Loss: 0.0649420 Vali Loss: 0.1102890 Test Loss: 0.0532289
Validation loss decreased (0.111847 --> 0.110289).  Saving model ...
Updating learning rate to 9.501483585749811e-06
Epoch: 41 cost time: 1.1907377243041992
Epoch: 41, Steps: 29 | Train Loss: 0.0642793 Vali Loss: 0.1099483 Test Loss: 0.0529700
Validation loss decreased (0.110289 --> 0.109948).  Saving model ...
Updating learning rate to 9.399308036478838e-06
Epoch: 42 cost time: 1.1838276386260986
Epoch: 42, Steps: 29 | Train Loss: 0.0636643 Vali Loss: 0.1089423 Test Loss: 0.0521304
Validation loss decreased (0.109948 --> 0.108942).  Saving model ...
Updating learning rate to 9.288272906571216e-06
Epoch: 43 cost time: 1.1824917793273926
Epoch: 43, Steps: 29 | Train Loss: 0.0630575 Vali Loss: 0.1087732 Test Loss: 0.0519939
Validation loss decreased (0.108942 --> 0.108773).  Saving model ...
Updating learning rate to 9.16860180600173e-06
Epoch: 44 cost time: 1.177356243133545
Epoch: 44, Steps: 29 | Train Loss: 0.0625053 Vali Loss: 0.1072405 Test Loss: 0.0516727
Validation loss decreased (0.108773 --> 0.107240).  Saving model ...
Updating learning rate to 9.040535736440785e-06
Epoch: 45 cost time: 1.1950781345367432
Epoch: 45, Steps: 29 | Train Loss: 0.0618428 Vali Loss: 0.1068481 Test Loss: 0.0511210
Validation loss decreased (0.107240 --> 0.106848).  Saving model ...
Updating learning rate to 8.904332605909106e-06
Epoch: 46 cost time: 1.1881890296936035
Epoch: 46, Steps: 29 | Train Loss: 0.0613055 Vali Loss: 0.1056268 Test Loss: 0.0511280
Validation loss decreased (0.106848 --> 0.105627).  Saving model ...
Updating learning rate to 8.760266709385311e-06
Epoch: 47 cost time: 1.1923224925994873
Epoch: 47, Steps: 29 | Train Loss: 0.0607864 Vali Loss: 0.1053669 Test Loss: 0.0504126
Validation loss decreased (0.105627 --> 0.105367).  Saving model ...
Updating learning rate to 8.608628176412335e-06
Epoch: 48 cost time: 1.1751997470855713
Epoch: 48, Steps: 29 | Train Loss: 0.0601166 Vali Loss: 0.1039920 Test Loss: 0.0506375
Validation loss decreased (0.105367 --> 0.103992).  Saving model ...
Updating learning rate to 8.449722386815127e-06
Epoch: 49 cost time: 1.1807441711425781
Epoch: 49, Steps: 29 | Train Loss: 0.0595952 Vali Loss: 0.1035674 Test Loss: 0.0497790
Validation loss decreased (0.103992 --> 0.103567).  Saving model ...
Updating learning rate to 8.28386935570634e-06
Epoch: 50 cost time: 1.1817736625671387
Epoch: 50, Steps: 29 | Train Loss: 0.0591229 Vali Loss: 0.1033590 Test Loss: 0.0493357
Validation loss decreased (0.103567 --> 0.103359).  Saving model ...
Updating learning rate to 8.111403089018465e-06
Epoch: 51 cost time: 1.1831698417663574
Epoch: 51, Steps: 29 | Train Loss: 0.0584852 Vali Loss: 0.1020918 Test Loss: 0.0491248
Validation loss decreased (0.103359 --> 0.102092).  Saving model ...
Updating learning rate to 7.93267091086035e-06
Epoch: 52 cost time: 1.1859307289123535
Epoch: 52, Steps: 29 | Train Loss: 0.0579802 Vali Loss: 0.1015792 Test Loss: 0.0487518
Validation loss decreased (0.102092 --> 0.101579).  Saving model ...
Updating learning rate to 7.748032764052655e-06
Epoch: 53 cost time: 1.18776273727417
Epoch: 53, Steps: 29 | Train Loss: 0.0574897 Vali Loss: 0.1004516 Test Loss: 0.0486333
Validation loss decreased (0.101579 --> 0.100452).  Saving model ...
Updating learning rate to 7.557860485250925e-06
Epoch: 54 cost time: 1.1899447441101074
Epoch: 54, Steps: 29 | Train Loss: 0.0569122 Vali Loss: 0.0996922 Test Loss: 0.0483629
Validation loss decreased (0.100452 --> 0.099692).  Saving model ...
Updating learning rate to 7.362537056116034e-06
Epoch: 55 cost time: 1.187082290649414
Epoch: 55, Steps: 29 | Train Loss: 0.0564468 Vali Loss: 0.0992289 Test Loss: 0.0479005
Validation loss decreased (0.099692 --> 0.099229).  Saving model ...
Updating learning rate to 7.162455832040107e-06
Epoch: 56 cost time: 1.190351963043213
Epoch: 56, Steps: 29 | Train Loss: 0.0559730 Vali Loss: 0.0986115 Test Loss: 0.0474423
Validation loss decreased (0.099229 --> 0.098612).  Saving model ...
Updating learning rate to 6.9580197499810984e-06
Epoch: 57 cost time: 1.1851539611816406
Epoch: 57, Steps: 29 | Train Loss: 0.0554306 Vali Loss: 0.0974940 Test Loss: 0.0475643
Validation loss decreased (0.098612 --> 0.097494).  Saving model ...
Updating learning rate to 6.7496405170013816e-06
Epoch: 58 cost time: 1.1763200759887695
Epoch: 58, Steps: 29 | Train Loss: 0.0549046 Vali Loss: 0.0973586 Test Loss: 0.0467310
Validation loss decreased (0.097494 --> 0.097359).  Saving model ...
Updating learning rate to 6.537737781144523e-06
Epoch: 59 cost time: 1.181623935699463
Epoch: 59, Steps: 29 | Train Loss: 0.0544869 Vali Loss: 0.0965494 Test Loss: 0.0466359
Validation loss decreased (0.097359 --> 0.096549).  Saving model ...
Updating learning rate to 6.322738286319964e-06
Epoch: 60 cost time: 1.1830086708068848
Epoch: 60, Steps: 29 | Train Loss: 0.0540049 Vali Loss: 0.0960241 Test Loss: 0.0460326
Validation loss decreased (0.096549 --> 0.096024).  Saving model ...
Updating learning rate to 6.105075012897585e-06
Epoch: 61 cost time: 1.188366174697876
Epoch: 61, Steps: 29 | Train Loss: 0.0535361 Vali Loss: 0.0949552 Test Loss: 0.0459261
Validation loss decreased (0.096024 --> 0.094955).  Saving model ...
Updating learning rate to 5.885186305742857e-06
Epoch: 62 cost time: 1.1899487972259521
Epoch: 62, Steps: 29 | Train Loss: 0.0531323 Vali Loss: 0.0942600 Test Loss: 0.0456818
Validation loss decreased (0.094955 --> 0.094260).  Saving model ...
Updating learning rate to 5.6635149914486225e-06
Epoch: 63 cost time: 1.1822044849395752
Epoch: 63, Steps: 29 | Train Loss: 0.0526024 Vali Loss: 0.0932622 Test Loss: 0.0453973
Validation loss decreased (0.094260 --> 0.093262).  Saving model ...
Updating learning rate to 5.440507486541268e-06
Epoch: 64 cost time: 1.1814913749694824
Epoch: 64, Steps: 29 | Train Loss: 0.0521517 Vali Loss: 0.0927571 Test Loss: 0.0450319
Validation loss decreased (0.093262 --> 0.092757).  Saving model ...
Updating learning rate to 5.216612898457253e-06
Epoch: 65 cost time: 1.1853206157684326
Epoch: 65, Steps: 29 | Train Loss: 0.0517374 Vali Loss: 0.0916931 Test Loss: 0.0447997
Validation loss decreased (0.092757 --> 0.091693).  Saving model ...
Updating learning rate to 4.992282121100496e-06
Epoch: 66 cost time: 1.1804919242858887
Epoch: 66, Steps: 29 | Train Loss: 0.0512950 Vali Loss: 0.0914867 Test Loss: 0.0443453
Validation loss decreased (0.091693 --> 0.091487).  Saving model ...
Updating learning rate to 4.767966926802067e-06
Epoch: 67 cost time: 1.1936695575714111
Epoch: 67, Steps: 29 | Train Loss: 0.0508636 Vali Loss: 0.0905869 Test Loss: 0.0440922
Validation loss decreased (0.091487 --> 0.090587).  Saving model ...
Updating learning rate to 4.5441190565108235e-06
Epoch: 68 cost time: 1.1807682514190674
Epoch: 68, Steps: 29 | Train Loss: 0.0504281 Vali Loss: 0.0897294 Test Loss: 0.0437745
Validation loss decreased (0.090587 --> 0.089729).  Saving model ...
Updating learning rate to 4.3211893100472735e-06
Epoch: 69 cost time: 1.1911735534667969
Epoch: 69, Steps: 29 | Train Loss: 0.0499896 Vali Loss: 0.0890634 Test Loss: 0.0435260
Validation loss decreased (0.089729 --> 0.089063).  Saving model ...
Updating learning rate to 4.099626638252712e-06
Epoch: 70 cost time: 1.1886656284332275
Epoch: 70, Steps: 29 | Train Loss: 0.0496444 Vali Loss: 0.0884793 Test Loss: 0.0430241
Validation loss decreased (0.089063 --> 0.088479).  Saving model ...
Updating learning rate to 3.879877238861997e-06
Epoch: 71 cost time: 1.1813130378723145
Epoch: 71, Steps: 29 | Train Loss: 0.0492110 Vali Loss: 0.0877725 Test Loss: 0.0428605
Validation loss decreased (0.088479 --> 0.087773).  Saving model ...
Updating learning rate to 3.662383657920668e-06
Epoch: 72 cost time: 1.1819400787353516
Epoch: 72, Steps: 29 | Train Loss: 0.0488175 Vali Loss: 0.0876236 Test Loss: 0.0423315
Validation loss decreased (0.087773 --> 0.087624).  Saving model ...
Updating learning rate to 3.447583898556124e-06
Epoch: 73 cost time: 1.1802735328674316
Epoch: 73, Steps: 29 | Train Loss: 0.0484294 Vali Loss: 0.0868477 Test Loss: 0.0420612
Validation loss decreased (0.087624 --> 0.086848).  Saving model ...
Updating learning rate to 3.2359105388976132e-06
Epoch: 74 cost time: 1.1736211776733398
Epoch: 74, Steps: 29 | Train Loss: 0.0480508 Vali Loss: 0.0855732 Test Loss: 0.0419630
Validation loss decreased (0.086848 --> 0.085573).  Saving model ...
Updating learning rate to 3.027789860921434e-06
Epoch: 75 cost time: 1.1816039085388184
Epoch: 75, Steps: 29 | Train Loss: 0.0476129 Vali Loss: 0.0852485 Test Loss: 0.0415353
Validation loss decreased (0.085573 --> 0.085249).  Saving model ...
Updating learning rate to 2.8236409919757893e-06
Epoch: 76 cost time: 1.1781506538391113
Epoch: 76, Steps: 29 | Train Loss: 0.0472448 Vali Loss: 0.0843449 Test Loss: 0.0412550
Validation loss decreased (0.085249 --> 0.084345).  Saving model ...
Updating learning rate to 2.6238750607140637e-06
Epoch: 77 cost time: 1.1832852363586426
Epoch: 77, Steps: 29 | Train Loss: 0.0468660 Vali Loss: 0.0839511 Test Loss: 0.0409425
Validation loss decreased (0.084345 --> 0.083951).  Saving model ...
Updating learning rate to 2.4288943691364434e-06
Epoch: 78 cost time: 1.1846904754638672
Epoch: 78, Steps: 29 | Train Loss: 0.0464914 Vali Loss: 0.0833760 Test Loss: 0.0405960
Validation loss decreased (0.083951 --> 0.083376).  Saving model ...
Updating learning rate to 2.2390915824072217e-06
Epoch: 79 cost time: 1.180220127105713
Epoch: 79, Steps: 29 | Train Loss: 0.0461256 Vali Loss: 0.0826357 Test Loss: 0.0403682
Validation loss decreased (0.083376 --> 0.082636).  Saving model ...
Updating learning rate to 2.0548489380794217e-06
Epoch: 80 cost time: 1.188638687133789
Epoch: 80, Steps: 29 | Train Loss: 0.0457665 Vali Loss: 0.0819918 Test Loss: 0.0401348
Validation loss decreased (0.082636 --> 0.081992).  Saving model ...
Updating learning rate to 1.876537476319218e-06
Epoch: 81 cost time: 1.1830823421478271
Epoch: 81, Steps: 29 | Train Loss: 0.0454927 Vali Loss: 0.0818402 Test Loss: 0.0401526
Validation loss decreased (0.081992 --> 0.081840).  Saving model ...
Updating learning rate to 1.7045162926804444e-06
Epoch: 82 cost time: 1.1790165901184082
Epoch: 82, Steps: 29 | Train Loss: 0.0454436 Vali Loss: 0.0817574 Test Loss: 0.0400691
Validation loss decreased (0.081840 --> 0.081757).  Saving model ...
Updating learning rate to 1.5391318149339123e-06
Epoch: 83 cost time: 1.1839594841003418
Epoch: 83, Steps: 29 | Train Loss: 0.0454701 Vali Loss: 0.0818424 Test Loss: 0.0399887
EarlyStopping counter: 1 out of 10
Updating learning rate to 1.3807171054080036e-06
Epoch: 84 cost time: 1.1861860752105713
Epoch: 84, Steps: 29 | Train Loss: 0.0454608 Vali Loss: 0.0819491 Test Loss: 0.0399678
EarlyStopping counter: 2 out of 10
Updating learning rate to 1.2295911902454577e-06
Epoch: 85 cost time: 1.1853585243225098
Epoch: 85, Steps: 29 | Train Loss: 0.0454215 Vali Loss: 0.0817685 Test Loss: 0.0400284
EarlyStopping counter: 3 out of 10
Updating learning rate to 1.0860584169271784e-06
Epoch: 86 cost time: 1.1893682479858398
Epoch: 86, Steps: 29 | Train Loss: 0.0454363 Vali Loss: 0.0821042 Test Loss: 0.0399761
EarlyStopping counter: 4 out of 10
Updating learning rate to 9.504078413569088e-07
Epoch: 87 cost time: 1.1816987991333008
Epoch: 87, Steps: 29 | Train Loss: 0.0454062 Vali Loss: 0.0820150 Test Loss: 0.0400768
EarlyStopping counter: 5 out of 10
Updating learning rate to 8.229126457411124e-07
Epoch: 88 cost time: 1.1865525245666504
Epoch: 88, Steps: 29 | Train Loss: 0.0454103 Vali Loss: 0.0819593 Test Loss: 0.0400130
EarlyStopping counter: 6 out of 10
Updating learning rate to 7.038295884363647e-07
Epoch: 89 cost time: 1.1793465614318848
Epoch: 89, Steps: 29 | Train Loss: 0.0454298 Vali Loss: 0.0820010 Test Loss: 0.0400660
EarlyStopping counter: 7 out of 10
Updating learning rate to 5.933984868721898e-07
Epoch: 90 cost time: 1.1772806644439697
Epoch: 90, Steps: 29 | Train Loss: 0.0454130 Vali Loss: 0.0819975 Test Loss: 0.0400972
EarlyStopping counter: 8 out of 10
Updating learning rate to 4.918417345906772e-07
Epoch: 91 cost time: 1.1783502101898193
Epoch: 91, Steps: 29 | Train Loss: 0.0454028 Vali Loss: 0.0819891 Test Loss: 0.0400735
EarlyStopping counter: 9 out of 10
Updating learning rate to 3.9936385337548097e-07
Epoch: 92 cost time: 1.1826627254486084
Epoch: 92, Steps: 29 | Train Loss: 0.0454245 Vali Loss: 0.0821297 Test Loss: 0.0400638
EarlyStopping counter: 10 out of 10
Early stopping
>>>>>>>testing : ETTh1_336_720_DTFNet_ETTh1_ftM_sl336_ll0_pl720_dm128_nh16_el2_br2_dl1_df256_fc1_ebtimeF_dtTrue_'Exp'_0_'rel_sin'_16_8_16,24_8,12_3_1_256<<<<<<<<<<<<<<<<<<<<<<<<<<<<<<<<<
test 2161
mse:0.4237520694732666, mae:0.4476003348827362, rse:0.6252317428588867
