Args in experiment:
Namespace(random_seed=2016, is_training=1, model_id='ETTh1_336_720', model='DTFNet', data='ETTh1', root_path='./dataset/', data_path='ETTh1.csv', features='M', target='OT', freq='h', checkpoints='./checkpoints/', seq_len=336, label_len=0, pred_len=720, n_branches=2, patch_len_ls='16,24', stride_ls='8,12', d_model_ls='128', n_heads_ls='16', rel_pe="'rel_sin'", res_attn=False, head_type='flatten', fc_dropout=0.3, head_dropout=0.1, patch_len=16, stride=8, padding_patch="'end'", revin=1, affine=0, subtract_last=0, decomposition=0, kernel_size=25, individual=0, store_attn=False, pre_norm=False, pe='zeros', no_learn_pe=True, embed_type=0, enc_in=7, dec_in=7, c_out=7, d_model=128, n_heads=16, e_layers=2, d_layers=1, d_ff=256, moving_avg=25, factor=1, distil=True, dropout=0.3, embed='timeF', activation='gelu', output_attention=False, do_predict=False, num_workers=0, itr=1, train_epochs=100, batch_size=256, patience=10, learning_rate=1e-05, des="'Exp'", loss='mse', lradj='TST', pct_start=0.3, use_amp=False, l2=0.0, warmup_steps=0, use_gpu=True, gpu=0, use_multi_gpu=False, devices='0', test_flop=False, use_mlflow=False, mlflow_project='exp', loss_flag=2, sub_patch_len=16, sub_stride=8, stride_ls_list='16', model_type='linear', tfactor=3, dilation_rates='1', wavelet_layers=2, wavelet_type='db5', wavelet_mode='periodization', wavelet_dim=64, initTLV=0.2)
Use GPU: cuda:0
>>>>>>>start training : ETTh1_336_720_DTFNet_ETTh1_ftM_sl336_ll0_pl720_dm128_nh16_el2_br2_dl1_df256_fc1_ebtimeF_dtTrue_'Exp'_0_'rel_sin'_16_8_16,24_8,12_3_1_256>>>>>>>>>>>>>>>>>>>>>>>>>>
train 7585
val 2161
test 2161
Epoch: 1 cost time: 1.575343132019043
Epoch: 1, Steps: 29 | Train Loss: 0.1076020 Vali Loss: 0.1791432 Test Loss: 0.0998475
Validation loss decreased (inf --> 0.179143).  Saving model ...
Updating learning rate to 4.2635539919063106e-07
Epoch: 2 cost time: 1.1813156604766846
Epoch: 2, Steps: 29 | Train Loss: 0.1067045 Vali Loss: 0.1774420 Test Loss: 0.0990064
Validation loss decreased (0.179143 --> 0.177442).  Saving model ...
Updating learning rate to 5.051321771514831e-07
Epoch: 3 cost time: 1.1762065887451172
Epoch: 3, Steps: 29 | Train Loss: 0.1058717 Vali Loss: 0.1756655 Test Loss: 0.0981025
Validation loss decreased (0.177442 --> 0.175665).  Saving model ...
Updating learning rate to 6.354652532866785e-07
Epoch: 4 cost time: 1.18162202835083
Epoch: 4, Steps: 29 | Train Loss: 0.1049945 Vali Loss: 0.1742936 Test Loss: 0.0971334
Validation loss decreased (0.175665 --> 0.174294).  Saving model ...
Updating learning rate to 8.159233858256806e-07
Epoch: 5 cost time: 1.179588794708252
Epoch: 5, Steps: 29 | Train Loss: 0.1039888 Vali Loss: 0.1721312 Test Loss: 0.0960809
Validation loss decreased (0.174294 --> 0.172131).  Saving model ...
Updating learning rate to 1.0445248888850473e-06
Epoch: 6 cost time: 1.1874756813049316
Epoch: 6, Steps: 29 | Train Loss: 0.1030449 Vali Loss: 0.1703822 Test Loss: 0.0949092
Validation loss decreased (0.172131 --> 0.170382).  Saving model ...
Updating learning rate to 1.3187593941861497e-06
Epoch: 7 cost time: 1.179358720779419
Epoch: 7, Steps: 29 | Train Loss: 0.1018798 Vali Loss: 0.1683087 Test Loss: 0.0935449
Validation loss decreased (0.170382 --> 0.168309).  Saving model ...
Updating learning rate to 1.6356154184543822e-06
Epoch: 8 cost time: 1.1842460632324219
Epoch: 8, Steps: 29 | Train Loss: 0.1006840 Vali Loss: 0.1655810 Test Loss: 0.0919032
Validation loss decreased (0.168309 --> 0.165581).  Saving model ...
Updating learning rate to 1.9916134337707666e-06
Epoch: 9 cost time: 1.1873135566711426
Epoch: 9, Steps: 29 | Train Loss: 0.0992548 Vali Loss: 0.1625585 Test Loss: 0.0898165
Validation loss decreased (0.165581 --> 0.162558).  Saving model ...
Updating learning rate to 2.3828440777166636e-06
Epoch: 10 cost time: 1.1797058582305908
Epoch: 10, Steps: 29 | Train Loss: 0.0974688 Vali Loss: 0.1587608 Test Loss: 0.0869058
Validation loss decreased (0.162558 --> 0.158761).  Saving model ...
Updating learning rate to 2.805011083710071e-06
Epoch: 11 cost time: 1.1821434497833252
Epoch: 11, Steps: 29 | Train Loss: 0.0952655 Vali Loss: 0.1533507 Test Loss: 0.0829046
Validation loss decreased (0.158761 --> 0.153351).  Saving model ...
Updating learning rate to 3.2534784600976295e-06
Epoch: 12 cost time: 1.1815741062164307
Epoch: 12, Steps: 29 | Train Loss: 0.0925331 Vali Loss: 0.1474620 Test Loss: 0.0782197
Validation loss decreased (0.153351 --> 0.147462).  Saving model ...
Updating learning rate to 3.723321399909056e-06
Epoch: 13 cost time: 1.1748337745666504
Epoch: 13, Steps: 29 | Train Loss: 0.0899869 Vali Loss: 0.1424146 Test Loss: 0.0748628
Validation loss decreased (0.147462 --> 0.142415).  Saving model ...
Updating learning rate to 4.209380362212844e-06
Epoch: 14 cost time: 1.1837220191955566
Epoch: 14, Steps: 29 | Train Loss: 0.0880996 Vali Loss: 0.1387607 Test Loss: 0.0731388
Validation loss decreased (0.142415 --> 0.138761).  Saving model ...
Updating learning rate to 4.706317731183279e-06
Epoch: 15 cost time: 1.1847777366638184
Epoch: 15, Steps: 29 | Train Loss: 0.0863077 Vali Loss: 0.1358955 Test Loss: 0.0711493
Validation loss decreased (0.138761 --> 0.135895).  Saving model ...
Updating learning rate to 5.208676430682048e-06
Epoch: 16 cost time: 1.177821159362793
Epoch: 16, Steps: 29 | Train Loss: 0.0846084 Vali Loss: 0.1333278 Test Loss: 0.0690425
Validation loss decreased (0.135895 --> 0.133328).  Saving model ...
Updating learning rate to 5.710939850683244e-06
Epoch: 17 cost time: 1.1829133033752441
Epoch: 17, Steps: 29 | Train Loss: 0.0830799 Vali Loss: 0.1314080 Test Loss: 0.0671651
Validation loss decreased (0.133328 --> 0.131408).  Saving model ...
Updating learning rate to 6.207592427464792e-06
Epoch: 18 cost time: 1.1792182922363281
Epoch: 18, Steps: 29 | Train Loss: 0.0817291 Vali Loss: 0.1299073 Test Loss: 0.0658535
Validation loss decreased (0.131408 --> 0.129907).  Saving model ...
Updating learning rate to 6.693180212309968e-06
Epoch: 19 cost time: 1.1784460544586182
Epoch: 19, Steps: 29 | Train Loss: 0.0805881 Vali Loss: 0.1285604 Test Loss: 0.0643039
Validation loss decreased (0.129907 --> 0.128560).  Saving model ...
Updating learning rate to 7.1623707635889015e-06
Epoch: 20 cost time: 1.1822192668914795
Epoch: 20, Steps: 29 | Train Loss: 0.0795873 Vali Loss: 0.1273974 Test Loss: 0.0637010
Validation loss decreased (0.128560 --> 0.127397).  Saving model ...
Updating learning rate to 7.610011704520164e-06
Epoch: 21 cost time: 1.1780002117156982
Epoch: 21, Steps: 29 | Train Loss: 0.0785957 Vali Loss: 0.1261786 Test Loss: 0.0627809
Validation loss decreased (0.127397 --> 0.126179).  Saving model ...
Updating learning rate to 8.031187303565295e-06
Epoch: 22 cost time: 1.1835823059082031
Epoch: 22, Steps: 29 | Train Loss: 0.0777585 Vali Loss: 0.1254824 Test Loss: 0.0618872
Validation loss decreased (0.126179 --> 0.125482).  Saving model ...
Updating learning rate to 8.421272456123378e-06
Epoch: 23 cost time: 1.1832091808319092
Epoch: 23, Steps: 29 | Train Loss: 0.0769300 Vali Loss: 0.1250355 Test Loss: 0.0609461
Validation loss decreased (0.125482 --> 0.125036).  Saving model ...
Updating learning rate to 8.775983474730246e-06
Epoch: 24 cost time: 1.1780221462249756
Epoch: 24, Steps: 29 | Train Loss: 0.0761591 Vali Loss: 0.1237821 Test Loss: 0.0605434
Validation loss decreased (0.125036 --> 0.123782).  Saving model ...
Updating learning rate to 9.091425130013939e-06
Epoch: 25 cost time: 1.1841239929199219
Epoch: 25, Steps: 29 | Train Loss: 0.0753418 Vali Loss: 0.1223745 Test Loss: 0.0602606
Validation loss decreased (0.123782 --> 0.122374).  Saving model ...
Updating learning rate to 9.364133425830145e-06
Epoch: 26 cost time: 1.1819193363189697
Epoch: 26, Steps: 29 | Train Loss: 0.0745751 Vali Loss: 0.1214256 Test Loss: 0.0594653
Validation loss decreased (0.122374 --> 0.121426).  Saving model ...
Updating learning rate to 9.591113638846019e-06
Epoch: 27 cost time: 1.1774723529815674
Epoch: 27, Steps: 29 | Train Loss: 0.0737858 Vali Loss: 0.1207976 Test Loss: 0.0583885
Validation loss decreased (0.121426 --> 0.120798).  Saving model ...
Updating learning rate to 9.769873204843885e-06
Epoch: 28 cost time: 1.175309419631958
Epoch: 28, Steps: 29 | Train Loss: 0.0730410 Vali Loss: 0.1206936 Test Loss: 0.0577260
Validation loss decreased (0.120798 --> 0.120694).  Saving model ...
Updating learning rate to 9.898449090606656e-06
Epoch: 29 cost time: 1.1860005855560303
Epoch: 29, Steps: 29 | Train Loss: 0.0723118 Vali Loss: 0.1198431 Test Loss: 0.0571621
Validation loss decreased (0.120694 --> 0.119843).  Saving model ...
Updating learning rate to 9.975429350802846e-06
Epoch: 30 cost time: 1.1761362552642822
Epoch: 30, Steps: 29 | Train Loss: 0.0715942 Vali Loss: 0.1181788 Test Loss: 0.0571030
Validation loss decreased (0.119843 --> 0.118179).  Saving model ...
Updating learning rate to 9.99999401249548e-06
Epoch: 31 cost time: 1.1731595993041992
Epoch: 31, Steps: 29 | Train Loss: 0.0708678 Vali Loss: 0.1181849 Test Loss: 0.0563243
EarlyStopping counter: 1 out of 10
Updating learning rate to 9.994612212745642e-06
Epoch: 32 cost time: 1.1779415607452393
Epoch: 32, Steps: 29 | Train Loss: 0.0701916 Vali Loss: 0.1175357 Test Loss: 0.0559222
Validation loss decreased (0.118179 --> 0.117536).  Saving model ...
Updating learning rate to 9.979171968972798e-06
Epoch: 33 cost time: 1.182884693145752
Epoch: 33, Steps: 29 | Train Loss: 0.0694927 Vali Loss: 0.1170960 Test Loss: 0.0552603
Validation loss decreased (0.117536 --> 0.117096).  Saving model ...
Updating learning rate to 9.953704375773079e-06
Epoch: 34 cost time: 1.1785261631011963
Epoch: 34, Steps: 29 | Train Loss: 0.0687801 Vali Loss: 0.1158254 Test Loss: 0.0549390
Validation loss decreased (0.117096 --> 0.115825).  Saving model ...
Updating learning rate to 9.918260721489893e-06
Epoch: 35 cost time: 1.181474208831787
Epoch: 35, Steps: 29 | Train Loss: 0.0681555 Vali Loss: 0.1150224 Test Loss: 0.0545440
Validation loss decreased (0.115825 --> 0.115022).  Saving model ...
Updating learning rate to 9.872912384926035e-06
Epoch: 36 cost time: 1.1751952171325684
Epoch: 36, Steps: 29 | Train Loss: 0.0674865 Vali Loss: 0.1145230 Test Loss: 0.0542280
Validation loss decreased (0.115022 --> 0.114523).  Saving model ...
Updating learning rate to 9.817750691596265e-06
Epoch: 37 cost time: 1.1783149242401123
Epoch: 37, Steps: 29 | Train Loss: 0.0669232 Vali Loss: 0.1134121 Test Loss: 0.0539091
Validation loss decreased (0.114523 --> 0.113412).  Saving model ...
Updating learning rate to 9.752886729809889e-06
Epoch: 38 cost time: 1.183018684387207
Epoch: 38, Steps: 29 | Train Loss: 0.0661909 Vali Loss: 0.1125186 Test Loss: 0.0533689
Validation loss decreased (0.113412 --> 0.112519).  Saving model ...
Updating learning rate to 9.678451126953676e-06
Epoch: 39 cost time: 1.1746418476104736
Epoch: 39, Steps: 29 | Train Loss: 0.0654972 Vali Loss: 0.1117785 Test Loss: 0.0533869
Validation loss decreased (0.112519 --> 0.111778).  Saving model ...
Updating learning rate to 9.594593786425696e-06
Epoch: 40 cost time: 1.1769425868988037
Epoch: 40, Steps: 29 | Train Loss: 0.0648765 Vali Loss: 0.1124445 Test Loss: 0.0524205
EarlyStopping counter: 1 out of 10
Updating learning rate to 9.501483585749811e-06
Epoch: 41 cost time: 1.1685049533843994
Epoch: 41, Steps: 29 | Train Loss: 0.0643497 Vali Loss: 0.1113724 Test Loss: 0.0520026
Validation loss decreased (0.111778 --> 0.111372).  Saving model ...
Updating learning rate to 9.399308036478838e-06
Epoch: 42 cost time: 1.1726174354553223
Epoch: 42, Steps: 29 | Train Loss: 0.0636580 Vali Loss: 0.1100113 Test Loss: 0.0519351
Validation loss decreased (0.111372 --> 0.110011).  Saving model ...
Updating learning rate to 9.288272906571216e-06
Epoch: 43 cost time: 1.1711268424987793
Epoch: 43, Steps: 29 | Train Loss: 0.0631604 Vali Loss: 0.1095033 Test Loss: 0.0517252
Validation loss decreased (0.110011 --> 0.109503).  Saving model ...
Updating learning rate to 9.16860180600173e-06
Epoch: 44 cost time: 1.1814608573913574
Epoch: 44, Steps: 29 | Train Loss: 0.0624673 Vali Loss: 0.1083729 Test Loss: 0.0514362
Validation loss decreased (0.109503 --> 0.108373).  Saving model ...
Updating learning rate to 9.040535736440785e-06
Epoch: 45 cost time: 1.1668126583099365
Epoch: 45, Steps: 29 | Train Loss: 0.0619741 Vali Loss: 0.1081333 Test Loss: 0.0510377
Validation loss decreased (0.108373 --> 0.108133).  Saving model ...
Updating learning rate to 8.904332605909106e-06
Epoch: 46 cost time: 1.1713519096374512
Epoch: 46, Steps: 29 | Train Loss: 0.0613637 Vali Loss: 0.1067750 Test Loss: 0.0507774
Validation loss decreased (0.108133 --> 0.106775).  Saving model ...
Updating learning rate to 8.760266709385311e-06
Epoch: 47 cost time: 1.1758015155792236
Epoch: 47, Steps: 29 | Train Loss: 0.0607577 Vali Loss: 0.1058322 Test Loss: 0.0507236
Validation loss decreased (0.106775 --> 0.105832).  Saving model ...
Updating learning rate to 8.608628176412335e-06
Epoch: 48 cost time: 1.1765005588531494
Epoch: 48, Steps: 29 | Train Loss: 0.0602498 Vali Loss: 0.1049910 Test Loss: 0.0501254
Validation loss decreased (0.105832 --> 0.104991).  Saving model ...
Updating learning rate to 8.449722386815127e-06
Epoch: 49 cost time: 1.1793122291564941
Epoch: 49, Steps: 29 | Train Loss: 0.0596982 Vali Loss: 0.1049422 Test Loss: 0.0496805
Validation loss decreased (0.104991 --> 0.104942).  Saving model ...
Updating learning rate to 8.28386935570634e-06
Epoch: 50 cost time: 1.177361011505127
Epoch: 50, Steps: 29 | Train Loss: 0.0591554 Vali Loss: 0.1039628 Test Loss: 0.0493965
Validation loss decreased (0.104942 --> 0.103963).  Saving model ...
Updating learning rate to 8.111403089018465e-06
Epoch: 51 cost time: 1.175818681716919
Epoch: 51, Steps: 29 | Train Loss: 0.0585676 Vali Loss: 0.1031289 Test Loss: 0.0492047
Validation loss decreased (0.103963 --> 0.103129).  Saving model ...
Updating learning rate to 7.93267091086035e-06
Epoch: 52 cost time: 1.1776182651519775
Epoch: 52, Steps: 29 | Train Loss: 0.0580310 Vali Loss: 0.1024987 Test Loss: 0.0487143
Validation loss decreased (0.103129 --> 0.102499).  Saving model ...
Updating learning rate to 7.748032764052655e-06
Epoch: 53 cost time: 1.1800761222839355
Epoch: 53, Steps: 29 | Train Loss: 0.0575604 Vali Loss: 0.1025705 Test Loss: 0.0481410
EarlyStopping counter: 1 out of 10
Updating learning rate to 7.557860485250925e-06
Epoch: 54 cost time: 1.176255702972412
Epoch: 54, Steps: 29 | Train Loss: 0.0569713 Vali Loss: 0.1006857 Test Loss: 0.0482762
Validation loss decreased (0.102499 --> 0.100686).  Saving model ...
Updating learning rate to 7.362537056116034e-06
Epoch: 55 cost time: 1.1802978515625
Epoch: 55, Steps: 29 | Train Loss: 0.0565761 Vali Loss: 0.1003605 Test Loss: 0.0476271
Validation loss decreased (0.100686 --> 0.100361).  Saving model ...
Updating learning rate to 7.162455832040107e-06
Epoch: 56 cost time: 1.1833674907684326
Epoch: 56, Steps: 29 | Train Loss: 0.0560573 Vali Loss: 0.0992517 Test Loss: 0.0476601
Validation loss decreased (0.100361 --> 0.099252).  Saving model ...
Updating learning rate to 6.9580197499810984e-06
Epoch: 57 cost time: 1.1760098934173584
Epoch: 57, Steps: 29 | Train Loss: 0.0555192 Vali Loss: 0.0986466 Test Loss: 0.0473451
Validation loss decreased (0.099252 --> 0.098647).  Saving model ...
Updating learning rate to 6.7496405170013816e-06
Epoch: 58 cost time: 1.181337594985962
Epoch: 58, Steps: 29 | Train Loss: 0.0550210 Vali Loss: 0.0973533 Test Loss: 0.0472513
Validation loss decreased (0.098647 --> 0.097353).  Saving model ...
Updating learning rate to 6.537737781144523e-06
Epoch: 59 cost time: 1.1828207969665527
Epoch: 59, Steps: 29 | Train Loss: 0.0545287 Vali Loss: 0.0967207 Test Loss: 0.0466829
Validation loss decreased (0.097353 --> 0.096721).  Saving model ...
Updating learning rate to 6.322738286319964e-06
Epoch: 60 cost time: 1.1791086196899414
Epoch: 60, Steps: 29 | Train Loss: 0.0540827 Vali Loss: 0.0958254 Test Loss: 0.0466685
Validation loss decreased (0.096721 --> 0.095825).  Saving model ...
Updating learning rate to 6.105075012897585e-06
Epoch: 61 cost time: 1.1809263229370117
Epoch: 61, Steps: 29 | Train Loss: 0.0536166 Vali Loss: 0.0955067 Test Loss: 0.0460548
Validation loss decreased (0.095825 --> 0.095507).  Saving model ...
Updating learning rate to 5.885186305742857e-06
Epoch: 62 cost time: 1.1830017566680908
Epoch: 62, Steps: 29 | Train Loss: 0.0531935 Vali Loss: 0.0944607 Test Loss: 0.0458758
Validation loss decreased (0.095507 --> 0.094461).  Saving model ...
Updating learning rate to 5.6635149914486225e-06
Epoch: 63 cost time: 1.1764109134674072
Epoch: 63, Steps: 29 | Train Loss: 0.0526925 Vali Loss: 0.0941318 Test Loss: 0.0454845
Validation loss decreased (0.094461 --> 0.094132).  Saving model ...
Updating learning rate to 5.440507486541268e-06
Epoch: 64 cost time: 1.1874332427978516
Epoch: 64, Steps: 29 | Train Loss: 0.0522408 Vali Loss: 0.0934702 Test Loss: 0.0451159
Validation loss decreased (0.094132 --> 0.093470).  Saving model ...
Updating learning rate to 5.216612898457253e-06
Epoch: 65 cost time: 1.1767385005950928
Epoch: 65, Steps: 29 | Train Loss: 0.0517940 Vali Loss: 0.0924416 Test Loss: 0.0448369
Validation loss decreased (0.093470 --> 0.092442).  Saving model ...
Updating learning rate to 4.992282121100496e-06
Epoch: 66 cost time: 1.176483392715454
Epoch: 66, Steps: 29 | Train Loss: 0.0513989 Vali Loss: 0.0920956 Test Loss: 0.0444065
Validation loss decreased (0.092442 --> 0.092096).  Saving model ...
Updating learning rate to 4.767966926802067e-06
Epoch: 67 cost time: 1.1801438331604004
Epoch: 67, Steps: 29 | Train Loss: 0.0509437 Vali Loss: 0.0916507 Test Loss: 0.0441552
Validation loss decreased (0.092096 --> 0.091651).  Saving model ...
Updating learning rate to 4.5441190565108235e-06
Epoch: 68 cost time: 1.178924322128296
Epoch: 68, Steps: 29 | Train Loss: 0.0505011 Vali Loss: 0.0905531 Test Loss: 0.0438438
Validation loss decreased (0.091651 --> 0.090553).  Saving model ...
Updating learning rate to 4.3211893100472735e-06
Epoch: 69 cost time: 1.1743547916412354
Epoch: 69, Steps: 29 | Train Loss: 0.0500917 Vali Loss: 0.0895983 Test Loss: 0.0437349
Validation loss decreased (0.090553 --> 0.089598).  Saving model ...
Updating learning rate to 4.099626638252712e-06
Epoch: 70 cost time: 1.1719238758087158
Epoch: 70, Steps: 29 | Train Loss: 0.0496380 Vali Loss: 0.0898170 Test Loss: 0.0430992
EarlyStopping counter: 1 out of 10
Updating learning rate to 3.879877238861997e-06
Epoch: 71 cost time: 1.171921968460083
Epoch: 71, Steps: 29 | Train Loss: 0.0492448 Vali Loss: 0.0885540 Test Loss: 0.0430324
Validation loss decreased (0.089598 --> 0.088554).  Saving model ...
Updating learning rate to 3.662383657920668e-06
Epoch: 72 cost time: 1.1734206676483154
Epoch: 72, Steps: 29 | Train Loss: 0.0488775 Vali Loss: 0.0882305 Test Loss: 0.0425705
Validation loss decreased (0.088554 --> 0.088230).  Saving model ...
Updating learning rate to 3.447583898556124e-06
Epoch: 73 cost time: 1.17832612991333
Epoch: 73, Steps: 29 | Train Loss: 0.0484946 Vali Loss: 0.0872961 Test Loss: 0.0423536
Validation loss decreased (0.088230 --> 0.087296).  Saving model ...
Updating learning rate to 3.2359105388976132e-06
Epoch: 74 cost time: 1.1778817176818848
Epoch: 74, Steps: 29 | Train Loss: 0.0480869 Vali Loss: 0.0866127 Test Loss: 0.0420976
Validation loss decreased (0.087296 --> 0.086613).  Saving model ...
Updating learning rate to 3.027789860921434e-06
Epoch: 75 cost time: 1.1736788749694824
Epoch: 75, Steps: 29 | Train Loss: 0.0477139 Vali Loss: 0.0858084 Test Loss: 0.0417895
Validation loss decreased (0.086613 --> 0.085808).  Saving model ...
Updating learning rate to 2.8236409919757893e-06
Epoch: 76 cost time: 1.1787755489349365
Epoch: 76, Steps: 29 | Train Loss: 0.0473415 Vali Loss: 0.0856311 Test Loss: 0.0413044
Validation loss decreased (0.085808 --> 0.085631).  Saving model ...
Updating learning rate to 2.6238750607140637e-06
Epoch: 77 cost time: 1.1801273822784424
Epoch: 77, Steps: 29 | Train Loss: 0.0469013 Vali Loss: 0.0845714 Test Loss: 0.0411153
Validation loss decreased (0.085631 --> 0.084571).  Saving model ...
Updating learning rate to 2.4288943691364434e-06
Epoch: 78 cost time: 1.181161642074585
Epoch: 78, Steps: 29 | Train Loss: 0.0466111 Vali Loss: 0.0834919 Test Loss: 0.0410235
Validation loss decreased (0.084571 --> 0.083492).  Saving model ...
Updating learning rate to 2.2390915824072217e-06
Epoch: 79 cost time: 1.1822288036346436
Epoch: 79, Steps: 29 | Train Loss: 0.0461695 Vali Loss: 0.0830328 Test Loss: 0.0406583
Validation loss decreased (0.083492 --> 0.083033).  Saving model ...
Updating learning rate to 2.0548489380794217e-06
Epoch: 80 cost time: 1.1852660179138184
Epoch: 80, Steps: 29 | Train Loss: 0.0458203 Vali Loss: 0.0826374 Test Loss: 0.0402491
Validation loss decreased (0.083033 --> 0.082637).  Saving model ...
Updating learning rate to 1.876537476319218e-06
Epoch: 81 cost time: 1.1753873825073242
Epoch: 81, Steps: 29 | Train Loss: 0.0455297 Vali Loss: 0.0820561 Test Loss: 0.0402974
Validation loss decreased (0.082637 --> 0.082056).  Saving model ...
Updating learning rate to 1.7045162926804444e-06
Epoch: 82 cost time: 1.179710865020752
Epoch: 82, Steps: 29 | Train Loss: 0.0454638 Vali Loss: 0.0826265 Test Loss: 0.0401362
EarlyStopping counter: 1 out of 10
Updating learning rate to 1.5391318149339123e-06
Epoch: 83 cost time: 1.1810808181762695
Epoch: 83, Steps: 29 | Train Loss: 0.0454957 Vali Loss: 0.0824897 Test Loss: 0.0402353
EarlyStopping counter: 2 out of 10
Updating learning rate to 1.3807171054080036e-06
Epoch: 84 cost time: 1.1786878108978271
Epoch: 84, Steps: 29 | Train Loss: 0.0454767 Vali Loss: 0.0822727 Test Loss: 0.0402200
EarlyStopping counter: 3 out of 10
Updating learning rate to 1.2295911902454577e-06
Epoch: 85 cost time: 1.1775259971618652
Epoch: 85, Steps: 29 | Train Loss: 0.0454788 Vali Loss: 0.0822008 Test Loss: 0.0403193
EarlyStopping counter: 4 out of 10
Updating learning rate to 1.0860584169271784e-06
Epoch: 86 cost time: 1.175494909286499
Epoch: 86, Steps: 29 | Train Loss: 0.0454594 Vali Loss: 0.0824753 Test Loss: 0.0402275
EarlyStopping counter: 5 out of 10
Updating learning rate to 9.504078413569088e-07
Epoch: 87 cost time: 1.1763947010040283
Epoch: 87, Steps: 29 | Train Loss: 0.0454562 Vali Loss: 0.0823621 Test Loss: 0.0402269
EarlyStopping counter: 6 out of 10
Updating learning rate to 8.229126457411124e-07
Epoch: 88 cost time: 1.1725869178771973
Epoch: 88, Steps: 29 | Train Loss: 0.0454728 Vali Loss: 0.0824031 Test Loss: 0.0402323
EarlyStopping counter: 7 out of 10
Updating learning rate to 7.038295884363647e-07
Epoch: 89 cost time: 1.1775047779083252
Epoch: 89, Steps: 29 | Train Loss: 0.0454695 Vali Loss: 0.0824690 Test Loss: 0.0402040
EarlyStopping counter: 8 out of 10
Updating learning rate to 5.933984868721898e-07
Epoch: 90 cost time: 1.1769826412200928
Epoch: 90, Steps: 29 | Train Loss: 0.0454241 Vali Loss: 0.0824903 Test Loss: 0.0402705
EarlyStopping counter: 9 out of 10
Updating learning rate to 4.918417345906772e-07
Epoch: 91 cost time: 1.171900987625122
Epoch: 91, Steps: 29 | Train Loss: 0.0454428 Vali Loss: 0.0825550 Test Loss: 0.0402216
EarlyStopping counter: 10 out of 10
Early stopping
>>>>>>>testing : ETTh1_336_720_DTFNet_ETTh1_ftM_sl336_ll0_pl720_dm128_nh16_el2_br2_dl1_df256_fc1_ebtimeF_dtTrue_'Exp'_0_'rel_sin'_16_8_16,24_8,12_3_1_256<<<<<<<<<<<<<<<<<<<<<<<<<<<<<<<<<
test 2161
mse:0.4285763204097748, mae:0.44991376996040344, rse:0.6287806034088135
