Args in experiment:
Namespace(activation='gelu', affine=0, batch_size=256, c_out=7, checkpoints='./checkpoints/', d_ff=256, d_layers=1, d_model=128, d_model_ls='128', data='ETTh1', data_path='ETTh1.csv', dec_in=7, decomposition=0, des="'Exp'", devices='0', dilation_rates='1', distil=True, do_predict=False, dropout=0.3, e_layers=2, embed='timeF', embed_type=0, enc_in=7, factor=1, fc_dropout=0.3, features='M', freq='h', gpu=0, head_dropout=0.1, head_type='flatten', individual=0, initTLV=0.2, is_training=1, itr=1, kernel_size=25, l2=0.0, label_len=0, learning_rate=1e-05, loss='mse', loss_flag=2, lradj='TST', mlflow_project='exp', model='DTFNet', model_id='ETTh1_336_96', model_type='linear', moving_avg=25, n_branches=2, n_heads=16, n_heads_ls='16', no_learn_pe=True, num_workers=0, output_attention=False, padding_patch="'end'", patch_len=16, patch_len_ls='16,24', patience=10, pct_start=0.3, pe='zeros', pre_norm=False, pred_len=96, rel_pe="'rel_sin'", res_attn=False, revin=1, root_path='./dataset/', seq_len=336, store_attn=False, stride=8, stride_ls='8,12', stride_ls_list='16', sub_patch_len=16, sub_stride=8, subtract_last=0, target='OT', test_flop=False, tfactor=3, train_epochs=100, use_amp=False, use_gpu=True, use_mlflow=False, use_multi_gpu=False, warmup_steps=0, wavelet_dim=64, wavelet_layers=2, wavelet_mode='periodization', wavelet_type='db5')
Use GPU: cuda:0
>>>>>>>start training : ETTh1_336_96_DTFNet_ETTh1_ftM_sl336_ll0_pl96_dm128_nh16_el2_br2_dl1_df256_fc1_ebtimeF_dtTrue_'Exp'_0_'rel_sin'_16_8_16,24_8,12_3_1_256>>>>>>>>>>>>>>>>>>>>>>>>>>
train 8209
val 2785
test 2785
Epoch: 1 cost time: 4.031541585922241
Epoch: 1, Steps: 32 | Train Loss: 0.0919439 Vali Loss: 0.1479686 Test Loss: 0.0938555
Validation loss decreased (inf --> 0.147969).  Saving model ...
Updating learning rate to 4.263497187391453e-07
Epoch: 2 cost time: 3.5417838096618652
Epoch: 2, Steps: 32 | Train Loss: 0.0909798 Vali Loss: 0.1468209 Test Loss: 0.0928778
Validation loss decreased (0.147969 --> 0.146821).  Saving model ...
Updating learning rate to 5.051095800908994e-07
Epoch: 3 cost time: 3.501621723175049
Epoch: 3, Steps: 32 | Train Loss: 0.0900392 Vali Loss: 0.1441450 Test Loss: 0.0918373
Validation loss decreased (0.146821 --> 0.144145).  Saving model ...
Updating learning rate to 6.354148756408674e-07
Epoch: 4 cost time: 3.501441478729248
Epoch: 4, Steps: 32 | Train Loss: 0.0890501 Vali Loss: 0.1423037 Test Loss: 0.0907472
Validation loss decreased (0.144145 --> 0.142304).  Saving model ...
Updating learning rate to 8.158349771023961e-07
Epoch: 5 cost time: 3.4914145469665527
Epoch: 5, Steps: 32 | Train Loss: 0.0880388 Vali Loss: 0.1408331 Test Loss: 0.0895716
Validation loss decreased (0.142304 --> 0.140833).  Saving model ...
Updating learning rate to 1.0443890432553227e-06
Epoch: 6 cost time: 3.5092051029205322
Epoch: 6, Steps: 32 | Train Loss: 0.0869428 Vali Loss: 0.1392052 Test Loss: 0.0883005
Validation loss decreased (0.140833 --> 0.139205).  Saving model ...
Updating learning rate to 1.3185677676997187e-06
Epoch: 7 cost time: 3.498898506164551
Epoch: 7, Steps: 32 | Train Loss: 0.0857688 Vali Loss: 0.1366422 Test Loss: 0.0869021
Validation loss decreased (0.139205 --> 0.136642).  Saving model ...
Updating learning rate to 1.6353609286550175e-06
Epoch: 8 cost time: 3.4929189682006836
Epoch: 8, Steps: 32 | Train Loss: 0.0844773 Vali Loss: 0.1343892 Test Loss: 0.0853119
Validation loss decreased (0.136642 --> 0.134389).  Saving model ...
Updating learning rate to 1.9912904383338616e-06
Epoch: 9 cost time: 3.516402006149292
Epoch: 9, Steps: 32 | Train Loss: 0.0830216 Vali Loss: 0.1309542 Test Loss: 0.0834563
Validation loss decreased (0.134389 --> 0.130954).  Saving model ...
Updating learning rate to 2.382448529039998e-06
Epoch: 10 cost time: 3.5056848526000977
Epoch: 10, Steps: 32 | Train Loss: 0.0813376 Vali Loss: 0.1281614 Test Loss: 0.0811570
Validation loss decreased (0.130954 --> 0.128161).  Saving model ...
Updating learning rate to 2.8045406567431614e-06
Epoch: 11 cost time: 3.496546506881714
Epoch: 11, Steps: 32 | Train Loss: 0.0792719 Vali Loss: 0.1236665 Test Loss: 0.0782565
Validation loss decreased (0.128161 --> 0.123666).  Saving model ...
Updating learning rate to 3.2529326510904383e-06
Epoch: 12 cost time: 3.4885141849517822
Epoch: 12, Steps: 32 | Train Loss: 0.0767727 Vali Loss: 0.1181526 Test Loss: 0.0746084
Validation loss decreased (0.123666 --> 0.118153).  Saving model ...
Updating learning rate to 3.7227015941918576e-06
Epoch: 13 cost time: 3.4930670261383057
Epoch: 13, Steps: 32 | Train Loss: 0.0738666 Vali Loss: 0.1126897 Test Loss: 0.0707001
Validation loss decreased (0.118153 --> 0.112690).  Saving model ...
Updating learning rate to 4.208689869579457e-06
Epoch: 14 cost time: 3.488128185272217
Epoch: 14, Steps: 32 | Train Loss: 0.0708679 Vali Loss: 0.1069185 Test Loss: 0.0671441
Validation loss decreased (0.112690 --> 0.106919).  Saving model ...
Updating learning rate to 4.705561787933659e-06
Epoch: 15 cost time: 3.4936325550079346
Epoch: 15, Steps: 32 | Train Loss: 0.0681359 Vali Loss: 0.1010400 Test Loss: 0.0643174
Validation loss decreased (0.106919 --> 0.101040).  Saving model ...
Updating learning rate to 5.207862167880292e-06
Epoch: 16 cost time: 3.483388900756836
Epoch: 16, Steps: 32 | Train Loss: 0.0657035 Vali Loss: 0.0958286 Test Loss: 0.0620561
Validation loss decreased (0.101040 --> 0.095829).  Saving model ...
Updating learning rate to 5.710076228696788e-06
Epoch: 17 cost time: 3.486506223678589
Epoch: 17, Steps: 32 | Train Loss: 0.0636562 Vali Loss: 0.0916967 Test Loss: 0.0600162
Validation loss decreased (0.095829 --> 0.091697).  Saving model ...
Updating learning rate to 6.206690137362583e-06
Epoch: 18 cost time: 3.477160930633545
Epoch: 18, Steps: 32 | Train Loss: 0.0618450 Vali Loss: 0.0883602 Test Loss: 0.0581182
Validation loss decreased (0.091697 --> 0.088360).  Saving model ...
Updating learning rate to 6.692251545204639e-06
Epoch: 19 cost time: 3.475870132446289
Epoch: 19, Steps: 32 | Train Loss: 0.0602374 Vali Loss: 0.0860409 Test Loss: 0.0563895
Validation loss decreased (0.088360 --> 0.086041).  Saving model ...
Updating learning rate to 7.161429449503278e-06
Epoch: 20 cost time: 3.476513385772705
Epoch: 20, Steps: 32 | Train Loss: 0.0588230 Vali Loss: 0.0835464 Test Loss: 0.0549303
Validation loss decreased (0.086041 --> 0.083546).  Saving model ...
Updating learning rate to 7.6090727228348e-06
Epoch: 21 cost time: 3.4890823364257812
Epoch: 21, Steps: 32 | Train Loss: 0.0576992 Vali Loss: 0.0819135 Test Loss: 0.0537218
Validation loss decreased (0.083546 --> 0.081914).  Saving model ...
Updating learning rate to 8.030266667554303e-06
Epoch: 22 cost time: 3.4704959392547607
Epoch: 22, Steps: 32 | Train Loss: 0.0567228 Vali Loss: 0.0802151 Test Loss: 0.0526286
Validation loss decreased (0.081914 --> 0.080215).  Saving model ...
Updating learning rate to 8.420386974504289e-06
Epoch: 23 cost time: 3.4755611419677734
Epoch: 23, Steps: 32 | Train Loss: 0.0557963 Vali Loss: 0.0791382 Test Loss: 0.0517588
Validation loss decreased (0.080215 --> 0.079138).  Saving model ...
Updating learning rate to 8.775150493533698e-06
Epoch: 24 cost time: 3.469390630722046
Epoch: 24, Steps: 32 | Train Loss: 0.0550061 Vali Loss: 0.0775212 Test Loss: 0.0509465
Validation loss decreased (0.079138 --> 0.077521).  Saving model ...
Updating learning rate to 9.090662258415302e-06
Epoch: 25 cost time: 3.4896390438079834
Epoch: 25, Steps: 32 | Train Loss: 0.0541971 Vali Loss: 0.0765144 Test Loss: 0.0501425
Validation loss decreased (0.077521 --> 0.076514).  Saving model ...
Updating learning rate to 9.363458249872634e-06
Epoch: 26 cost time: 3.480102062225342
Epoch: 26, Steps: 32 | Train Loss: 0.0534376 Vali Loss: 0.0754854 Test Loss: 0.0493908
Validation loss decreased (0.076514 --> 0.075485).  Saving model ...
Updating learning rate to 9.590543427219004e-06
Epoch: 27 cost time: 3.4735896587371826
Epoch: 27, Steps: 32 | Train Loss: 0.0527627 Vali Loss: 0.0739804 Test Loss: 0.0487508
Validation loss decreased (0.075485 --> 0.073980).  Saving model ...
Updating learning rate to 9.769424611057362e-06
Epoch: 28 cost time: 3.455065965652466
Epoch: 28, Steps: 32 | Train Loss: 0.0520465 Vali Loss: 0.0734862 Test Loss: 0.0480647
Validation loss decreased (0.073980 --> 0.073486).  Saving model ...
Updating learning rate to 9.898137856020267e-06
Epoch: 29 cost time: 3.4625580310821533
Epoch: 29, Steps: 32 | Train Loss: 0.0513819 Vali Loss: 0.0725796 Test Loss: 0.0473918
Validation loss decreased (0.073486 --> 0.072580).  Saving model ...
Updating learning rate to 9.97527001302323e-06
Epoch: 30 cost time: 3.457474708557129
Epoch: 30, Steps: 32 | Train Loss: 0.0507263 Vali Loss: 0.0717439 Test Loss: 0.0468073
Validation loss decreased (0.072580 --> 0.071744).  Saving model ...
Updating learning rate to 9.99999508252785e-06
Epoch: 31 cost time: 3.455662250518799
Epoch: 31, Steps: 32 | Train Loss: 0.0500729 Vali Loss: 0.0706536 Test Loss: 0.0462033
Validation loss decreased (0.071744 --> 0.070654).  Saving model ...
Updating learning rate to 9.994645827799127e-06
Epoch: 32 cost time: 3.473881244659424
Epoch: 32, Steps: 32 | Train Loss: 0.0494568 Vali Loss: 0.0694459 Test Loss: 0.0456849
Validation loss decreased (0.070654 --> 0.069446).  Saving model ...
Updating learning rate to 9.979238061351154e-06
Epoch: 33 cost time: 3.461088180541992
Epoch: 33, Steps: 32 | Train Loss: 0.0488343 Vali Loss: 0.0685053 Test Loss: 0.0451330
Validation loss decreased (0.069446 --> 0.068505).  Saving model ...
Updating learning rate to 9.953802812375051e-06
Epoch: 34 cost time: 3.4581501483917236
Epoch: 34, Steps: 32 | Train Loss: 0.0482654 Vali Loss: 0.0678837 Test Loss: 0.0446370
Validation loss decreased (0.068505 --> 0.067884).  Saving model ...
Updating learning rate to 9.918391304077266e-06
Epoch: 35 cost time: 3.454695463180542
Epoch: 35, Steps: 32 | Train Loss: 0.0476580 Vali Loss: 0.0672283 Test Loss: 0.0440643
Validation loss decreased (0.067884 --> 0.067228).  Saving model ...
Updating learning rate to 9.873074850522854e-06
Epoch: 36 cost time: 3.473120927810669
Epoch: 36, Steps: 32 | Train Loss: 0.0470934 Vali Loss: 0.0660301 Test Loss: 0.0436188
Validation loss decreased (0.067228 --> 0.066030).  Saving model ...
Updating learning rate to 9.817944713018442e-06
Epoch: 37 cost time: 3.4585773944854736
Epoch: 37, Steps: 32 | Train Loss: 0.0465427 Vali Loss: 0.0653939 Test Loss: 0.0431456
Validation loss decreased (0.066030 --> 0.065394).  Saving model ...
Updating learning rate to 9.7531119163241e-06
Epoch: 38 cost time: 3.45623779296875
Epoch: 38, Steps: 32 | Train Loss: 0.0459849 Vali Loss: 0.0649664 Test Loss: 0.0425672
Validation loss decreased (0.065394 --> 0.064966).  Saving model ...
Updating learning rate to 9.678707025064249e-06
Epoch: 39 cost time: 3.4628350734710693
Epoch: 39, Steps: 32 | Train Loss: 0.0454575 Vali Loss: 0.0639967 Test Loss: 0.0422002
Validation loss decreased (0.064966 --> 0.063997).  Saving model ...
Updating learning rate to 9.59487988078789e-06
Epoch: 40 cost time: 3.4640417098999023
Epoch: 40, Steps: 32 | Train Loss: 0.0449101 Vali Loss: 0.0628484 Test Loss: 0.0416857
Validation loss decreased (0.063997 --> 0.062848).  Saving model ...
Updating learning rate to 9.50179930020766e-06
Epoch: 41 cost time: 3.4590587615966797
Epoch: 41, Steps: 32 | Train Loss: 0.0443860 Vali Loss: 0.0625829 Test Loss: 0.0412300
Validation loss decreased (0.062848 --> 0.062583).  Saving model ...
Updating learning rate to 9.399652735225436e-06
Epoch: 42 cost time: 3.4681413173675537
Epoch: 42, Steps: 32 | Train Loss: 0.0438835 Vali Loss: 0.0617688 Test Loss: 0.0408178
Validation loss decreased (0.062583 --> 0.061769).  Saving model ...
Updating learning rate to 9.288645895429162e-06
Epoch: 43 cost time: 3.458535671234131
Epoch: 43, Steps: 32 | Train Loss: 0.0433892 Vali Loss: 0.0613301 Test Loss: 0.0403106
Validation loss decreased (0.061769 --> 0.061330).  Saving model ...
Updating learning rate to 9.169002333821102e-06
Epoch: 44 cost time: 3.469794988632202
Epoch: 44, Steps: 32 | Train Loss: 0.0428849 Vali Loss: 0.0604703 Test Loss: 0.0399283
Validation loss decreased (0.061330 --> 0.060470).  Saving model ...
Updating learning rate to 9.040962996611857e-06
Epoch: 45 cost time: 3.462017297744751
Epoch: 45, Steps: 32 | Train Loss: 0.0423790 Vali Loss: 0.0596729 Test Loss: 0.0394765
Validation loss decreased (0.060470 --> 0.059673).  Saving model ...
Updating learning rate to 8.904785737986756e-06
Epoch: 46 cost time: 3.469430685043335
Epoch: 46, Steps: 32 | Train Loss: 0.0418893 Vali Loss: 0.0592495 Test Loss: 0.0391062
Validation loss decreased (0.059673 --> 0.059250).  Saving model ...
Updating learning rate to 8.76074480082184e-06
Epoch: 47 cost time: 3.468111276626587
Epoch: 47, Steps: 32 | Train Loss: 0.0414297 Vali Loss: 0.0584126 Test Loss: 0.0386860
Validation loss decreased (0.059250 --> 0.058413).  Saving model ...
Updating learning rate to 8.609130264395213e-06
Epoch: 48 cost time: 3.473698616027832
Epoch: 48, Steps: 32 | Train Loss: 0.0409395 Vali Loss: 0.0578373 Test Loss: 0.0382919
Validation loss decreased (0.058413 --> 0.057837).  Saving model ...
Updating learning rate to 8.450247460205976e-06
Epoch: 49 cost time: 3.4796104431152344
Epoch: 49, Steps: 32 | Train Loss: 0.0404874 Vali Loss: 0.0574289 Test Loss: 0.0378688
Validation loss decreased (0.057837 --> 0.057429).  Saving model ...
Updating learning rate to 8.284416357077229e-06
Epoch: 50 cost time: 3.4729864597320557
Epoch: 50, Steps: 32 | Train Loss: 0.0400413 Vali Loss: 0.0566029 Test Loss: 0.0374940
Validation loss decreased (0.057429 --> 0.056603).  Saving model ...
Updating learning rate to 8.111970916781429e-06
Epoch: 51 cost time: 3.469168186187744
Epoch: 51, Steps: 32 | Train Loss: 0.0395914 Vali Loss: 0.0561715 Test Loss: 0.0371255
Validation loss decreased (0.056603 --> 0.056172).  Saving model ...
Updating learning rate to 7.933258421485843e-06
Epoch: 52 cost time: 3.4721457958221436
Epoch: 52, Steps: 32 | Train Loss: 0.0391236 Vali Loss: 0.0551611 Test Loss: 0.0367472
Validation loss decreased (0.056172 --> 0.055161).  Saving model ...
Updating learning rate to 7.748638774372467e-06
Epoch: 53 cost time: 3.478335380554199
Epoch: 53, Steps: 32 | Train Loss: 0.0386975 Vali Loss: 0.0545532 Test Loss: 0.0363467
Validation loss decreased (0.055161 --> 0.054553).  Saving model ...
Updating learning rate to 7.558483774840917e-06
Epoch: 54 cost time: 3.4996140003204346
Epoch: 54, Steps: 32 | Train Loss: 0.0382870 Vali Loss: 0.0543958 Test Loss: 0.0359960
Validation loss decreased (0.054553 --> 0.054396).  Saving model ...
Updating learning rate to 7.363176369753923e-06
Epoch: 55 cost time: 3.4811031818389893
Epoch: 55, Steps: 32 | Train Loss: 0.0378532 Vali Loss: 0.0535298 Test Loss: 0.0356229
Validation loss decreased (0.054396 --> 0.053530).  Saving model ...
Updating learning rate to 7.163109882233309e-06
Epoch: 56 cost time: 3.496847629547119
Epoch: 56, Steps: 32 | Train Loss: 0.0374243 Vali Loss: 0.0531717 Test Loss: 0.0352501
Validation loss decreased (0.053530 --> 0.053172).  Saving model ...
Updating learning rate to 6.958687219559564e-06
Epoch: 57 cost time: 3.4746217727661133
Epoch: 57, Steps: 32 | Train Loss: 0.0370253 Vali Loss: 0.0524944 Test Loss: 0.0348819
Validation loss decreased (0.053172 --> 0.052494).  Saving model ...
Updating learning rate to 6.750320061770211e-06
Epoch: 58 cost time: 3.477170944213867
Epoch: 58, Steps: 32 | Train Loss: 0.0366039 Vali Loss: 0.0520801 Test Loss: 0.0345191
Validation loss decreased (0.052494 --> 0.052080).  Saving model ...
Updating learning rate to 6.538428032590986e-06
Epoch: 59 cost time: 3.468047618865967
Epoch: 59, Steps: 32 | Train Loss: 0.0362283 Vali Loss: 0.0516489 Test Loss: 0.0341693
Validation loss decreased (0.052080 --> 0.051649).  Saving model ...
Updating learning rate to 6.323437854369509e-06
Epoch: 60 cost time: 3.462841033935547
Epoch: 60, Steps: 32 | Train Loss: 0.0358283 Vali Loss: 0.0509980 Test Loss: 0.0338535
Validation loss decreased (0.051649 --> 0.050998).  Saving model ...
Updating learning rate to 6.105782488713262e-06
Epoch: 61 cost time: 3.4633240699768066
Epoch: 61, Steps: 32 | Train Loss: 0.0354301 Vali Loss: 0.0505695 Test Loss: 0.0335181
Validation loss decreased (0.050998 --> 0.050569).  Saving model ...
Updating learning rate to 5.885900264562524e-06
Epoch: 62 cost time: 3.462696075439453
Epoch: 62, Steps: 32 | Train Loss: 0.0352019 Vali Loss: 0.0503326 Test Loss: 0.0334922
Validation loss decreased (0.050569 --> 0.050333).  Saving model ...
Updating learning rate to 5.664233995454231e-06
Epoch: 63 cost time: 3.469905138015747
Epoch: 63, Steps: 32 | Train Loss: 0.0351852 Vali Loss: 0.0504308 Test Loss: 0.0335010
EarlyStopping counter: 1 out of 10
Updating learning rate to 5.441230087754439e-06
Epoch: 64 cost time: 3.4704549312591553
Epoch: 64, Steps: 32 | Train Loss: 0.0351620 Vali Loss: 0.0502899 Test Loss: 0.0334978
Validation loss decreased (0.050333 --> 0.050290).  Saving model ...
Updating learning rate to 5.217337641655308e-06
Epoch: 65 cost time: 3.4827487468719482
Epoch: 65, Steps: 32 | Train Loss: 0.0351129 Vali Loss: 0.0503020 Test Loss: 0.0334875
EarlyStopping counter: 1 out of 10
Updating learning rate to 4.993007546747085e-06
Epoch: 66 cost time: 3.492244005203247
Epoch: 66, Steps: 32 | Train Loss: 0.0350732 Vali Loss: 0.0503843 Test Loss: 0.0334843
EarlyStopping counter: 2 out of 10
Updating learning rate to 4.76869157398648e-06
Epoch: 67 cost time: 3.4854142665863037
Epoch: 67, Steps: 32 | Train Loss: 0.0350725 Vali Loss: 0.0504268 Test Loss: 0.0334947
EarlyStopping counter: 3 out of 10
Updating learning rate to 4.54484146589007e-06
Epoch: 68 cost time: 3.4691193103790283
Epoch: 68, Steps: 32 | Train Loss: 0.0350337 Vali Loss: 0.0502437 Test Loss: 0.0334897
Validation loss decreased (0.050290 --> 0.050244).  Saving model ...
Updating learning rate to 4.3219080267850015e-06
Epoch: 69 cost time: 3.464538812637329
Epoch: 69, Steps: 32 | Train Loss: 0.0349851 Vali Loss: 0.0503139 Test Loss: 0.0334848
EarlyStopping counter: 1 out of 10
Updating learning rate to 4.100340214949063e-06
Epoch: 70 cost time: 3.4686222076416016
Epoch: 70, Steps: 32 | Train Loss: 0.0349924 Vali Loss: 0.0505094 Test Loss: 0.0334757
EarlyStopping counter: 2 out of 10
Updating learning rate to 3.8805842384684655e-06
Epoch: 71 cost time: 3.482452869415283
Epoch: 71, Steps: 32 | Train Loss: 0.0349952 Vali Loss: 0.0502959 Test Loss: 0.0334853
EarlyStopping counter: 3 out of 10
Updating learning rate to 3.663082656634139e-06
Epoch: 72 cost time: 3.4981577396392822
Epoch: 72, Steps: 32 | Train Loss: 0.0349502 Vali Loss: 0.0502027 Test Loss: 0.0334835
Validation loss decreased (0.050244 --> 0.050203).  Saving model ...
Updating learning rate to 3.4482734886862136e-06
Epoch: 73 cost time: 3.493351697921753
Epoch: 73, Steps: 32 | Train Loss: 0.0349460 Vali Loss: 0.0504957 Test Loss: 0.0334648
EarlyStopping counter: 1 out of 10
Updating learning rate to 3.2365893317015703e-06
Epoch: 74 cost time: 3.4777920246124268
Epoch: 74, Steps: 32 | Train Loss: 0.0349086 Vali Loss: 0.0502570 Test Loss: 0.0334615
EarlyStopping counter: 2 out of 10
Updating learning rate to 3.028456489400888e-06
Epoch: 75 cost time: 3.477276563644409
Epoch: 75, Steps: 32 | Train Loss: 0.0349034 Vali Loss: 0.0501593 Test Loss: 0.0334894
Validation loss decreased (0.050203 --> 0.050159).  Saving model ...
Updating learning rate to 2.8242941136296986e-06
Epoch: 76 cost time: 3.4691176414489746
Epoch: 76, Steps: 32 | Train Loss: 0.0348888 Vali Loss: 0.0505193 Test Loss: 0.0334821
EarlyStopping counter: 1 out of 10
Updating learning rate to 2.624513360242336e-06
Epoch: 77 cost time: 3.4751620292663574
Epoch: 77, Steps: 32 | Train Loss: 0.0348564 Vali Loss: 0.0504961 Test Loss: 0.0334735
EarlyStopping counter: 2 out of 10
Updating learning rate to 2.4295165610887763e-06
Epoch: 78 cost time: 3.478949546813965
Epoch: 78, Steps: 32 | Train Loss: 0.0348596 Vali Loss: 0.0503058 Test Loss: 0.0334744
EarlyStopping counter: 3 out of 10
Updating learning rate to 2.239696413771827e-06
Epoch: 79 cost time: 3.4995017051696777
Epoch: 79, Steps: 32 | Train Loss: 0.0348561 Vali Loss: 0.0502739 Test Loss: 0.0334703
EarlyStopping counter: 4 out of 10
Updating learning rate to 2.055435190806421e-06
Epoch: 80 cost time: 3.4998619556427
Epoch: 80, Steps: 32 | Train Loss: 0.0348428 Vali Loss: 0.0502632 Test Loss: 0.0334838
EarlyStopping counter: 5 out of 10
Updating learning rate to 1.8771039697736423e-06
Epoch: 81 cost time: 3.5104751586914062
Epoch: 81, Steps: 32 | Train Loss: 0.0348175 Vali Loss: 0.0504861 Test Loss: 0.0334809
EarlyStopping counter: 6 out of 10
Updating learning rate to 1.7050618860198631e-06
Epoch: 82 cost time: 3.5118112564086914
Epoch: 82, Steps: 32 | Train Loss: 0.0348354 Vali Loss: 0.0502790 Test Loss: 0.0334819
EarlyStopping counter: 7 out of 10
Updating learning rate to 1.5396554094059507e-06
Epoch: 83 cost time: 3.5042426586151123
Epoch: 83, Steps: 32 | Train Loss: 0.0348138 Vali Loss: 0.0503734 Test Loss: 0.0334905
EarlyStopping counter: 8 out of 10
Updating learning rate to 1.3812176465630769e-06
Epoch: 84 cost time: 3.500547409057617
Epoch: 84, Steps: 32 | Train Loss: 0.0348223 Vali Loss: 0.0501714 Test Loss: 0.0334878
EarlyStopping counter: 9 out of 10
Updating learning rate to 1.2300676700602924e-06
Epoch: 85 cost time: 3.482870101928711
Epoch: 85, Steps: 32 | Train Loss: 0.0347860 Vali Loss: 0.0502198 Test Loss: 0.0334809
EarlyStopping counter: 10 out of 10
Early stopping
>>>>>>>testing : ETTh1_336_96_DTFNet_ETTh1_ftM_sl336_ll0_pl96_dm128_nh16_el2_br2_dl1_df256_fc1_ebtimeF_dtTrue_'Exp'_0_'rel_sin'_16_8_16,24_8,12_3_1_256<<<<<<<<<<<<<<<<<<<<<<<<<<<<<<<<<
test 2785
mse:0.34751296043395996, mae:0.380898654460907, rse:0.5613581538200378
