Args in experiment:
Namespace(activation='gelu', affine=0, batch_size=256, c_out=7, checkpoints='./checkpoints/', d_ff=256, d_layers=1, d_model=128, d_model_ls='128', data='ETTh1', data_path='ETTh1.csv', dec_in=7, decomposition=0, des="'Exp'", devices='0', dilation_rates='1', distil=True, do_predict=False, dropout=0.3, e_layers=2, embed='timeF', embed_type=0, enc_in=7, factor=1, fc_dropout=0.3, features='M', freq='h', gpu=0, head_dropout=0.1, head_type='flatten', individual=0, initTLV=0.2, is_training=1, itr=1, kernel_size=25, l2=0.0, label_len=0, learning_rate=1e-05, loss='mse', loss_flag=2, lradj='TST', mlflow_project='exp', model='DTFNet', model_id='ETTh1_336_96', model_type='linear', moving_avg=25, n_branches=2, n_heads=16, n_heads_ls='16', no_learn_pe=True, num_workers=0, output_attention=False, padding_patch="'end'", patch_len=16, patch_len_ls='16,24', patience=10, pct_start=0.3, pe='zeros', pre_norm=False, pred_len=96, rel_pe="'rel_sin'", res_attn=False, revin=1, root_path='./dataset/', seq_len=336, store_attn=False, stride=8, stride_ls='8,12', stride_ls_list='16', sub_patch_len=16, sub_stride=8, subtract_last=0, target='OT', test_flop=False, tfactor=3, train_epochs=100, use_amp=False, use_gpu=True, use_mlflow=False, use_multi_gpu=False, warmup_steps=0, wavelet_dim=64, wavelet_layers=2, wavelet_mode='periodization', wavelet_type='db5')
Use GPU: cuda:0
>>>>>>>start training : ETTh1_336_96_DTFNet_ETTh1_ftM_sl336_ll0_pl96_dm128_nh16_el2_br2_dl1_df256_fc1_ebtimeF_dtTrue_'Exp'_0_'rel_sin'_16_8_16,24_8,12_3_1_256>>>>>>>>>>>>>>>>>>>>>>>>>>
train 8209
val 2785
test 2785
Epoch: 1 cost time: 4.58915638923645
Epoch: 1, Steps: 32 | Train Loss: 0.0918069 Vali Loss: 0.1478183 Test Loss: 0.0938302
Validation loss decreased (inf --> 0.147818).  Saving model ...
Updating learning rate to 4.263497187391453e-07
Epoch: 2 cost time: 3.4710707664489746
Epoch: 2, Steps: 32 | Train Loss: 0.0908407 Vali Loss: 0.1456418 Test Loss: 0.0928457
Validation loss decreased (0.147818 --> 0.145642).  Saving model ...
Updating learning rate to 5.051095800908994e-07
Epoch: 3 cost time: 3.4694395065307617
Epoch: 3, Steps: 32 | Train Loss: 0.0898915 Vali Loss: 0.1444859 Test Loss: 0.0917893
Validation loss decreased (0.145642 --> 0.144486).  Saving model ...
Updating learning rate to 6.354148756408674e-07
Epoch: 4 cost time: 3.4741628170013428
Epoch: 4, Steps: 32 | Train Loss: 0.0889097 Vali Loss: 0.1422201 Test Loss: 0.0906708
Validation loss decreased (0.144486 --> 0.142220).  Saving model ...
Updating learning rate to 8.158349771023961e-07
Epoch: 5 cost time: 3.464787244796753
Epoch: 5, Steps: 32 | Train Loss: 0.0878734 Vali Loss: 0.1405845 Test Loss: 0.0894750
Validation loss decreased (0.142220 --> 0.140584).  Saving model ...
Updating learning rate to 1.0443890432553227e-06
Epoch: 6 cost time: 3.470188856124878
Epoch: 6, Steps: 32 | Train Loss: 0.0867758 Vali Loss: 0.1383749 Test Loss: 0.0881770
Validation loss decreased (0.140584 --> 0.138375).  Saving model ...
Updating learning rate to 1.3185677676997187e-06
Epoch: 7 cost time: 3.4653048515319824
Epoch: 7, Steps: 32 | Train Loss: 0.0855547 Vali Loss: 0.1366938 Test Loss: 0.0867338
Validation loss decreased (0.138375 --> 0.136694).  Saving model ...
Updating learning rate to 1.6353609286550175e-06
Epoch: 8 cost time: 3.4654548168182373
Epoch: 8, Steps: 32 | Train Loss: 0.0842435 Vali Loss: 0.1333891 Test Loss: 0.0850891
Validation loss decreased (0.136694 --> 0.133389).  Saving model ...
Updating learning rate to 1.9912904383338616e-06
Epoch: 9 cost time: 3.472339153289795
Epoch: 9, Steps: 32 | Train Loss: 0.0827708 Vali Loss: 0.1309887 Test Loss: 0.0831941
Validation loss decreased (0.133389 --> 0.130989).  Saving model ...
Updating learning rate to 2.382448529039998e-06
Epoch: 10 cost time: 3.462672710418701
Epoch: 10, Steps: 32 | Train Loss: 0.0810767 Vali Loss: 0.1278552 Test Loss: 0.0808930
Validation loss decreased (0.130989 --> 0.127855).  Saving model ...
Updating learning rate to 2.8045406567431614e-06
Epoch: 11 cost time: 3.4644432067871094
Epoch: 11, Steps: 32 | Train Loss: 0.0790285 Vali Loss: 0.1228530 Test Loss: 0.0780118
Validation loss decreased (0.127855 --> 0.122853).  Saving model ...
Updating learning rate to 3.2529326510904383e-06
Epoch: 12 cost time: 3.463426113128662
Epoch: 12, Steps: 32 | Train Loss: 0.0765050 Vali Loss: 0.1177380 Test Loss: 0.0744630
Validation loss decreased (0.122853 --> 0.117738).  Saving model ...
Updating learning rate to 3.7227015941918576e-06
Epoch: 13 cost time: 3.459845781326294
Epoch: 13, Steps: 32 | Train Loss: 0.0735986 Vali Loss: 0.1122137 Test Loss: 0.0706153
Validation loss decreased (0.117738 --> 0.112214).  Saving model ...
Updating learning rate to 4.208689869579457e-06
Epoch: 14 cost time: 3.465400218963623
Epoch: 14, Steps: 32 | Train Loss: 0.0705516 Vali Loss: 0.1056399 Test Loss: 0.0671632
Validation loss decreased (0.112214 --> 0.105640).  Saving model ...
Updating learning rate to 4.705561787933659e-06
Epoch: 15 cost time: 3.4663405418395996
Epoch: 15, Steps: 32 | Train Loss: 0.0677835 Vali Loss: 0.1000414 Test Loss: 0.0644179
Validation loss decreased (0.105640 --> 0.100041).  Saving model ...
Updating learning rate to 5.207862167880292e-06
Epoch: 16 cost time: 3.4634766578674316
Epoch: 16, Steps: 32 | Train Loss: 0.0654093 Vali Loss: 0.0955035 Test Loss: 0.0620879
Validation loss decreased (0.100041 --> 0.095503).  Saving model ...
Updating learning rate to 5.710076228696788e-06
Epoch: 17 cost time: 3.463472366333008
Epoch: 17, Steps: 32 | Train Loss: 0.0633921 Vali Loss: 0.0913720 Test Loss: 0.0600936
Validation loss decreased (0.095503 --> 0.091372).  Saving model ...
Updating learning rate to 6.206690137362583e-06
Epoch: 18 cost time: 3.4780445098876953
Epoch: 18, Steps: 32 | Train Loss: 0.0616698 Vali Loss: 0.0885394 Test Loss: 0.0582701
Validation loss decreased (0.091372 --> 0.088539).  Saving model ...
Updating learning rate to 6.692251545204639e-06
Epoch: 19 cost time: 3.455322027206421
Epoch: 19, Steps: 32 | Train Loss: 0.0601909 Vali Loss: 0.0865740 Test Loss: 0.0566788
Validation loss decreased (0.088539 --> 0.086574).  Saving model ...
Updating learning rate to 7.161429449503278e-06
Epoch: 20 cost time: 3.4605164527893066
Epoch: 20, Steps: 32 | Train Loss: 0.0588639 Vali Loss: 0.0837900 Test Loss: 0.0553015
Validation loss decreased (0.086574 --> 0.083790).  Saving model ...
Updating learning rate to 7.6090727228348e-06
Epoch: 21 cost time: 3.457451820373535
Epoch: 21, Steps: 32 | Train Loss: 0.0577490 Vali Loss: 0.0818334 Test Loss: 0.0539892
Validation loss decreased (0.083790 --> 0.081833).  Saving model ...
Updating learning rate to 8.030266667554303e-06
Epoch: 22 cost time: 3.4601030349731445
Epoch: 22, Steps: 32 | Train Loss: 0.0567715 Vali Loss: 0.0804201 Test Loss: 0.0529512
Validation loss decreased (0.081833 --> 0.080420).  Saving model ...
Updating learning rate to 8.420386974504289e-06
Epoch: 23 cost time: 3.4681267738342285
Epoch: 23, Steps: 32 | Train Loss: 0.0558717 Vali Loss: 0.0792472 Test Loss: 0.0521055
Validation loss decreased (0.080420 --> 0.079247).  Saving model ...
Updating learning rate to 8.775150493533698e-06
Epoch: 24 cost time: 3.462491512298584
Epoch: 24, Steps: 32 | Train Loss: 0.0549958 Vali Loss: 0.0779828 Test Loss: 0.0512130
Validation loss decreased (0.079247 --> 0.077983).  Saving model ...
Updating learning rate to 9.090662258415302e-06
Epoch: 25 cost time: 3.4644570350646973
Epoch: 25, Steps: 32 | Train Loss: 0.0542590 Vali Loss: 0.0765132 Test Loss: 0.0504057
Validation loss decreased (0.077983 --> 0.076513).  Saving model ...
Updating learning rate to 9.363458249872634e-06
Epoch: 26 cost time: 3.4634737968444824
Epoch: 26, Steps: 32 | Train Loss: 0.0534924 Vali Loss: 0.0753173 Test Loss: 0.0496385
Validation loss decreased (0.076513 --> 0.075317).  Saving model ...
Updating learning rate to 9.590543427219004e-06
Epoch: 27 cost time: 3.462212324142456
Epoch: 27, Steps: 32 | Train Loss: 0.0527724 Vali Loss: 0.0742477 Test Loss: 0.0488789
Validation loss decreased (0.075317 --> 0.074248).  Saving model ...
Updating learning rate to 9.769424611057362e-06
Epoch: 28 cost time: 3.459519624710083
Epoch: 28, Steps: 32 | Train Loss: 0.0520596 Vali Loss: 0.0731266 Test Loss: 0.0482197
Validation loss decreased (0.074248 --> 0.073127).  Saving model ...
Updating learning rate to 9.898137856020267e-06
Epoch: 29 cost time: 3.4575393199920654
Epoch: 29, Steps: 32 | Train Loss: 0.0514002 Vali Loss: 0.0722983 Test Loss: 0.0475659
Validation loss decreased (0.073127 --> 0.072298).  Saving model ...
Updating learning rate to 9.97527001302323e-06
Epoch: 30 cost time: 3.4502668380737305
Epoch: 30, Steps: 32 | Train Loss: 0.0507327 Vali Loss: 0.0711162 Test Loss: 0.0469709
Validation loss decreased (0.072298 --> 0.071116).  Saving model ...
Updating learning rate to 9.99999508252785e-06
Epoch: 31 cost time: 3.4574432373046875
Epoch: 31, Steps: 32 | Train Loss: 0.0500758 Vali Loss: 0.0703352 Test Loss: 0.0463759
Validation loss decreased (0.071116 --> 0.070335).  Saving model ...
Updating learning rate to 9.994645827799127e-06
Epoch: 32 cost time: 3.4642441272735596
Epoch: 32, Steps: 32 | Train Loss: 0.0494671 Vali Loss: 0.0691731 Test Loss: 0.0457920
Validation loss decreased (0.070335 --> 0.069173).  Saving model ...
Updating learning rate to 9.979238061351154e-06
Epoch: 33 cost time: 3.4616127014160156
Epoch: 33, Steps: 32 | Train Loss: 0.0488488 Vali Loss: 0.0686310 Test Loss: 0.0452465
Validation loss decreased (0.069173 --> 0.068631).  Saving model ...
Updating learning rate to 9.953802812375051e-06
Epoch: 34 cost time: 3.459557294845581
Epoch: 34, Steps: 32 | Train Loss: 0.0482376 Vali Loss: 0.0672968 Test Loss: 0.0447039
Validation loss decreased (0.068631 --> 0.067297).  Saving model ...
Updating learning rate to 9.918391304077266e-06
Epoch: 35 cost time: 3.4606664180755615
Epoch: 35, Steps: 32 | Train Loss: 0.0476666 Vali Loss: 0.0667668 Test Loss: 0.0441742
Validation loss decreased (0.067297 --> 0.066767).  Saving model ...
Updating learning rate to 9.873074850522854e-06
Epoch: 36 cost time: 3.4648826122283936
Epoch: 36, Steps: 32 | Train Loss: 0.0471009 Vali Loss: 0.0659858 Test Loss: 0.0437064
Validation loss decreased (0.066767 --> 0.065986).  Saving model ...
Updating learning rate to 9.817944713018442e-06
Epoch: 37 cost time: 3.4534637928009033
Epoch: 37, Steps: 32 | Train Loss: 0.0465331 Vali Loss: 0.0649683 Test Loss: 0.0431870
Validation loss decreased (0.065986 --> 0.064968).  Saving model ...
Updating learning rate to 9.7531119163241e-06
Epoch: 38 cost time: 3.4683732986450195
Epoch: 38, Steps: 32 | Train Loss: 0.0459622 Vali Loss: 0.0644375 Test Loss: 0.0427077
Validation loss decreased (0.064968 --> 0.064438).  Saving model ...
Updating learning rate to 9.678707025064249e-06
Epoch: 39 cost time: 3.4601283073425293
Epoch: 39, Steps: 32 | Train Loss: 0.0454095 Vali Loss: 0.0636748 Test Loss: 0.0422265
Validation loss decreased (0.064438 --> 0.063675).  Saving model ...
Updating learning rate to 9.59487988078789e-06
Epoch: 40 cost time: 3.453164577484131
Epoch: 40, Steps: 32 | Train Loss: 0.0448854 Vali Loss: 0.0629116 Test Loss: 0.0417484
Validation loss decreased (0.063675 --> 0.062912).  Saving model ...
Updating learning rate to 9.50179930020766e-06
Epoch: 41 cost time: 3.456211805343628
Epoch: 41, Steps: 32 | Train Loss: 0.0443585 Vali Loss: 0.0621432 Test Loss: 0.0413366
Validation loss decreased (0.062912 --> 0.062143).  Saving model ...
Updating learning rate to 9.399652735225436e-06
Epoch: 42 cost time: 3.459429979324341
Epoch: 42, Steps: 32 | Train Loss: 0.0438364 Vali Loss: 0.0616771 Test Loss: 0.0409002
Validation loss decreased (0.062143 --> 0.061677).  Saving model ...
Updating learning rate to 9.288645895429162e-06
Epoch: 43 cost time: 3.4699013233184814
Epoch: 43, Steps: 32 | Train Loss: 0.0433400 Vali Loss: 0.0608074 Test Loss: 0.0404065
Validation loss decreased (0.061677 --> 0.060807).  Saving model ...
Updating learning rate to 9.169002333821102e-06
Epoch: 44 cost time: 3.4694321155548096
Epoch: 44, Steps: 32 | Train Loss: 0.0428295 Vali Loss: 0.0599925 Test Loss: 0.0400249
Validation loss decreased (0.060807 --> 0.059992).  Saving model ...
Updating learning rate to 9.040962996611857e-06
Epoch: 45 cost time: 3.467916965484619
Epoch: 45, Steps: 32 | Train Loss: 0.0423151 Vali Loss: 0.0595426 Test Loss: 0.0395558
Validation loss decreased (0.059992 --> 0.059543).  Saving model ...
Updating learning rate to 8.904785737986756e-06
Epoch: 46 cost time: 3.4630205631256104
Epoch: 46, Steps: 32 | Train Loss: 0.0418626 Vali Loss: 0.0589750 Test Loss: 0.0391418
Validation loss decreased (0.059543 --> 0.058975).  Saving model ...
Updating learning rate to 8.76074480082184e-06
Epoch: 47 cost time: 3.4856185913085938
Epoch: 47, Steps: 32 | Train Loss: 0.0413709 Vali Loss: 0.0584514 Test Loss: 0.0387563
Validation loss decreased (0.058975 --> 0.058451).  Saving model ...
Updating learning rate to 8.609130264395213e-06
Epoch: 48 cost time: 3.4607181549072266
Epoch: 48, Steps: 32 | Train Loss: 0.0408851 Vali Loss: 0.0576838 Test Loss: 0.0383623
Validation loss decreased (0.058451 --> 0.057684).  Saving model ...
Updating learning rate to 8.450247460205976e-06
Epoch: 49 cost time: 3.4656755924224854
Epoch: 49, Steps: 32 | Train Loss: 0.0404307 Vali Loss: 0.0572372 Test Loss: 0.0379463
Validation loss decreased (0.057684 --> 0.057237).  Saving model ...
Updating learning rate to 8.284416357077229e-06
Epoch: 50 cost time: 3.4654736518859863
Epoch: 50, Steps: 32 | Train Loss: 0.0399835 Vali Loss: 0.0566689 Test Loss: 0.0375501
Validation loss decreased (0.057237 --> 0.056669).  Saving model ...
Updating learning rate to 8.111970916781429e-06
Epoch: 51 cost time: 3.4850728511810303
Epoch: 51, Steps: 32 | Train Loss: 0.0395465 Vali Loss: 0.0557439 Test Loss: 0.0371902
Validation loss decreased (0.056669 --> 0.055744).  Saving model ...
Updating learning rate to 7.933258421485843e-06
Epoch: 52 cost time: 3.4711673259735107
Epoch: 52, Steps: 32 | Train Loss: 0.0390873 Vali Loss: 0.0553389 Test Loss: 0.0367946
Validation loss decreased (0.055744 --> 0.055339).  Saving model ...
Updating learning rate to 7.748638774372467e-06
Epoch: 53 cost time: 3.4935712814331055
Epoch: 53, Steps: 32 | Train Loss: 0.0386551 Vali Loss: 0.0550111 Test Loss: 0.0364112
Validation loss decreased (0.055339 --> 0.055011).  Saving model ...
Updating learning rate to 7.558483774840917e-06
Epoch: 54 cost time: 3.509666681289673
Epoch: 54, Steps: 32 | Train Loss: 0.0382257 Vali Loss: 0.0541927 Test Loss: 0.0360471
Validation loss decreased (0.055011 --> 0.054193).  Saving model ...
Updating learning rate to 7.363176369753923e-06
Epoch: 55 cost time: 3.487013339996338
Epoch: 55, Steps: 32 | Train Loss: 0.0378005 Vali Loss: 0.0536544 Test Loss: 0.0356937
Validation loss decreased (0.054193 --> 0.053654).  Saving model ...
Updating learning rate to 7.163109882233309e-06
Epoch: 56 cost time: 3.4993093013763428
Epoch: 56, Steps: 32 | Train Loss: 0.0373776 Vali Loss: 0.0529585 Test Loss: 0.0353335
Validation loss decreased (0.053654 --> 0.052958).  Saving model ...
Updating learning rate to 6.958687219559564e-06
Epoch: 57 cost time: 3.5124266147613525
Epoch: 57, Steps: 32 | Train Loss: 0.0369777 Vali Loss: 0.0523823 Test Loss: 0.0349571
Validation loss decreased (0.052958 --> 0.052382).  Saving model ...
Updating learning rate to 6.750320061770211e-06
Epoch: 58 cost time: 3.5030899047851562
Epoch: 58, Steps: 32 | Train Loss: 0.0365734 Vali Loss: 0.0518586 Test Loss: 0.0346147
Validation loss decreased (0.052382 --> 0.051859).  Saving model ...
Updating learning rate to 6.538428032590986e-06
Epoch: 59 cost time: 3.4947714805603027
Epoch: 59, Steps: 32 | Train Loss: 0.0361787 Vali Loss: 0.0512268 Test Loss: 0.0342714
Validation loss decreased (0.051859 --> 0.051227).  Saving model ...
Updating learning rate to 6.323437854369509e-06
Epoch: 60 cost time: 3.489436149597168
Epoch: 60, Steps: 32 | Train Loss: 0.0357751 Vali Loss: 0.0508187 Test Loss: 0.0339333
Validation loss decreased (0.051227 --> 0.050819).  Saving model ...
Updating learning rate to 6.105782488713262e-06
Epoch: 61 cost time: 3.496504783630371
Epoch: 61, Steps: 32 | Train Loss: 0.0353746 Vali Loss: 0.0498925 Test Loss: 0.0335901
Validation loss decreased (0.050819 --> 0.049892).  Saving model ...
Updating learning rate to 5.885900264562524e-06
Epoch: 62 cost time: 3.4919912815093994
Epoch: 62, Steps: 32 | Train Loss: 0.0351459 Vali Loss: 0.0505032 Test Loss: 0.0335742
EarlyStopping counter: 1 out of 10
Updating learning rate to 5.664233995454231e-06
Epoch: 63 cost time: 3.4965476989746094
Epoch: 63, Steps: 32 | Train Loss: 0.0351242 Vali Loss: 0.0502181 Test Loss: 0.0335636
EarlyStopping counter: 2 out of 10
Updating learning rate to 5.441230087754439e-06
Epoch: 64 cost time: 3.4893219470977783
Epoch: 64, Steps: 32 | Train Loss: 0.0350840 Vali Loss: 0.0501040 Test Loss: 0.0335675
EarlyStopping counter: 3 out of 10
Updating learning rate to 5.217337641655308e-06
Epoch: 65 cost time: 3.5038459300994873
Epoch: 65, Steps: 32 | Train Loss: 0.0350270 Vali Loss: 0.0502265 Test Loss: 0.0335664
EarlyStopping counter: 4 out of 10
Updating learning rate to 4.993007546747085e-06
Epoch: 66 cost time: 3.4880099296569824
Epoch: 66, Steps: 32 | Train Loss: 0.0350144 Vali Loss: 0.0502328 Test Loss: 0.0335608
EarlyStopping counter: 5 out of 10
Updating learning rate to 4.76869157398648e-06
Epoch: 67 cost time: 3.477139472961426
Epoch: 67, Steps: 32 | Train Loss: 0.0349778 Vali Loss: 0.0501115 Test Loss: 0.0335520
EarlyStopping counter: 6 out of 10
Updating learning rate to 4.54484146589007e-06
Epoch: 68 cost time: 3.5149593353271484
Epoch: 68, Steps: 32 | Train Loss: 0.0349848 Vali Loss: 0.0501695 Test Loss: 0.0335600
EarlyStopping counter: 7 out of 10
Updating learning rate to 4.3219080267850015e-06
Epoch: 69 cost time: 3.487118721008301
Epoch: 69, Steps: 32 | Train Loss: 0.0349630 Vali Loss: 0.0499530 Test Loss: 0.0335552
EarlyStopping counter: 8 out of 10
Updating learning rate to 4.100340214949063e-06
Epoch: 70 cost time: 3.50685977935791
Epoch: 70, Steps: 32 | Train Loss: 0.0349148 Vali Loss: 0.0500359 Test Loss: 0.0335500
EarlyStopping counter: 9 out of 10
Updating learning rate to 3.8805842384684655e-06
Epoch: 71 cost time: 3.510481357574463
Epoch: 71, Steps: 32 | Train Loss: 0.0348865 Vali Loss: 0.0501837 Test Loss: 0.0335548
EarlyStopping counter: 10 out of 10
Early stopping
>>>>>>>testing : ETTh1_336_96_DTFNet_ETTh1_ftM_sl336_ll0_pl96_dm128_nh16_el2_br2_dl1_df256_fc1_ebtimeF_dtTrue_'Exp'_0_'rel_sin'_16_8_16,24_8,12_3_1_256<<<<<<<<<<<<<<<<<<<<<<<<<<<<<<<<<
test 2785
mse:0.3491210341453552, mae:0.3819032609462738, rse:0.5626553893089294
