Args in experiment:
Namespace(activation='gelu', affine=0, batch_size=256, c_out=7, checkpoints='./checkpoints/', d_ff=256, d_layers=1, d_model=128, d_model_ls='128', data='ETTh1', data_path='ETTh1.csv', dec_in=7, decomposition=0, des="'Exp'", devices='0', dilation_rates='1', distil=True, do_predict=False, dropout=0.3, e_layers=2, embed='timeF', embed_type=0, enc_in=7, factor=1, fc_dropout=0.3, features='M', freq='h', gpu=0, head_dropout=0.1, head_type='flatten', individual=0, initTLV=0.2, is_training=1, itr=1, kernel_size=25, l2=0.0, label_len=0, learning_rate=1e-05, loss='mse', loss_flag=2, lradj='TST', mlflow_project='exp', model='DTFNet', model_id='ETTh1_336_96', model_type='linear', moving_avg=25, n_branches=2, n_heads=16, n_heads_ls='16', no_learn_pe=True, num_workers=0, output_attention=False, padding_patch="'end'", patch_len=16, patch_len_ls='16,24', patience=10, pct_start=0.3, pe='zeros', pre_norm=False, pred_len=96, rel_pe="'rel_sin'", res_attn=False, revin=1, root_path='./dataset/', seq_len=336, store_attn=False, stride=8, stride_ls='8,12', stride_ls_list='16', sub_patch_len=16, sub_stride=8, subtract_last=0, target='OT', test_flop=False, tfactor=3, train_epochs=100, use_amp=False, use_gpu=True, use_mlflow=False, use_multi_gpu=False, warmup_steps=0, wavelet_dim=64, wavelet_layers=2, wavelet_mode='periodization', wavelet_type='db5')
Use GPU: cuda:0
>>>>>>>start training : ETTh1_336_96_DTFNet_ETTh1_ftM_sl336_ll0_pl96_dm128_nh16_el2_br2_dl1_df256_fc1_ebtimeF_dtTrue_'Exp'_0_'rel_sin'_16_8_16,24_8,12_3_1_256>>>>>>>>>>>>>>>>>>>>>>>>>>
train 8209
val 2785
test 2785
Epoch: 1 cost time: 3.9975054264068604
Epoch: 1, Steps: 32 | Train Loss: 0.0918183 Vali Loss: 0.1478514 Test Loss: 0.0938908
Validation loss decreased (inf --> 0.147851).  Saving model ...
Updating learning rate to 4.263497187391453e-07
Epoch: 2 cost time: 3.4671859741210938
Epoch: 2, Steps: 32 | Train Loss: 0.0908378 Vali Loss: 0.1457350 Test Loss: 0.0929202
Validation loss decreased (0.147851 --> 0.145735).  Saving model ...
Updating learning rate to 5.051095800908994e-07
Epoch: 3 cost time: 3.47576904296875
Epoch: 3, Steps: 32 | Train Loss: 0.0898729 Vali Loss: 0.1440082 Test Loss: 0.0918629
Validation loss decreased (0.145735 --> 0.144008).  Saving model ...
Updating learning rate to 6.354148756408674e-07
Epoch: 4 cost time: 3.476815700531006
Epoch: 4, Steps: 32 | Train Loss: 0.0889194 Vali Loss: 0.1423036 Test Loss: 0.0907515
Validation loss decreased (0.144008 --> 0.142304).  Saving model ...
Updating learning rate to 8.158349771023961e-07
Epoch: 5 cost time: 3.4643256664276123
Epoch: 5, Steps: 32 | Train Loss: 0.0878861 Vali Loss: 0.1406191 Test Loss: 0.0895594
Validation loss decreased (0.142304 --> 0.140619).  Saving model ...
Updating learning rate to 1.0443890432553227e-06
Epoch: 6 cost time: 3.4966394901275635
Epoch: 6, Steps: 32 | Train Loss: 0.0867850 Vali Loss: 0.1388041 Test Loss: 0.0882613
Validation loss decreased (0.140619 --> 0.138804).  Saving model ...
Updating learning rate to 1.3185677676997187e-06
Epoch: 7 cost time: 3.494173288345337
Epoch: 7, Steps: 32 | Train Loss: 0.0855957 Vali Loss: 0.1366313 Test Loss: 0.0868386
Validation loss decreased (0.138804 --> 0.136631).  Saving model ...
Updating learning rate to 1.6353609286550175e-06
Epoch: 8 cost time: 3.488267421722412
Epoch: 8, Steps: 32 | Train Loss: 0.0843244 Vali Loss: 0.1338962 Test Loss: 0.0852122
Validation loss decreased (0.136631 --> 0.133896).  Saving model ...
Updating learning rate to 1.9912904383338616e-06
Epoch: 9 cost time: 3.4998345375061035
Epoch: 9, Steps: 32 | Train Loss: 0.0828495 Vali Loss: 0.1309982 Test Loss: 0.0832976
Validation loss decreased (0.133896 --> 0.130998).  Saving model ...
Updating learning rate to 2.382448529039998e-06
Epoch: 10 cost time: 3.4974918365478516
Epoch: 10, Steps: 32 | Train Loss: 0.0810906 Vali Loss: 0.1276994 Test Loss: 0.0809920
Validation loss decreased (0.130998 --> 0.127699).  Saving model ...
Updating learning rate to 2.8045406567431614e-06
Epoch: 11 cost time: 3.4934241771698
Epoch: 11, Steps: 32 | Train Loss: 0.0790527 Vali Loss: 0.1233443 Test Loss: 0.0780520
Validation loss decreased (0.127699 --> 0.123344).  Saving model ...
Updating learning rate to 3.2529326510904383e-06
Epoch: 12 cost time: 3.4833593368530273
Epoch: 12, Steps: 32 | Train Loss: 0.0764842 Vali Loss: 0.1184005 Test Loss: 0.0744695
Validation loss decreased (0.123344 --> 0.118400).  Saving model ...
Updating learning rate to 3.7227015941918576e-06
Epoch: 13 cost time: 3.4752676486968994
Epoch: 13, Steps: 32 | Train Loss: 0.0735457 Vali Loss: 0.1120928 Test Loss: 0.0705981
Validation loss decreased (0.118400 --> 0.112093).  Saving model ...
Updating learning rate to 4.208689869579457e-06
Epoch: 14 cost time: 3.45841646194458
Epoch: 14, Steps: 32 | Train Loss: 0.0705210 Vali Loss: 0.1063627 Test Loss: 0.0671945
Validation loss decreased (0.112093 --> 0.106363).  Saving model ...
Updating learning rate to 4.705561787933659e-06
Epoch: 15 cost time: 3.4732506275177
Epoch: 15, Steps: 32 | Train Loss: 0.0678354 Vali Loss: 0.1007820 Test Loss: 0.0644975
Validation loss decreased (0.106363 --> 0.100782).  Saving model ...
Updating learning rate to 5.207862167880292e-06
Epoch: 16 cost time: 3.457524538040161
Epoch: 16, Steps: 32 | Train Loss: 0.0654733 Vali Loss: 0.0962375 Test Loss: 0.0621626
Validation loss decreased (0.100782 --> 0.096238).  Saving model ...
Updating learning rate to 5.710076228696788e-06
Epoch: 17 cost time: 3.4664883613586426
Epoch: 17, Steps: 32 | Train Loss: 0.0633802 Vali Loss: 0.0919492 Test Loss: 0.0600557
Validation loss decreased (0.096238 --> 0.091949).  Saving model ...
Updating learning rate to 6.206690137362583e-06
Epoch: 18 cost time: 3.471369504928589
Epoch: 18, Steps: 32 | Train Loss: 0.0616344 Vali Loss: 0.0890009 Test Loss: 0.0580595
Validation loss decreased (0.091949 --> 0.089001).  Saving model ...
Updating learning rate to 6.692251545204639e-06
Epoch: 19 cost time: 3.4638023376464844
Epoch: 19, Steps: 32 | Train Loss: 0.0600735 Vali Loss: 0.0862042 Test Loss: 0.0563090
Validation loss decreased (0.089001 --> 0.086204).  Saving model ...
Updating learning rate to 7.161429449503278e-06
Epoch: 20 cost time: 3.461979866027832
Epoch: 20, Steps: 32 | Train Loss: 0.0587338 Vali Loss: 0.0836437 Test Loss: 0.0548581
Validation loss decreased (0.086204 --> 0.083644).  Saving model ...
Updating learning rate to 7.6090727228348e-06
Epoch: 21 cost time: 3.463592767715454
Epoch: 21, Steps: 32 | Train Loss: 0.0576355 Vali Loss: 0.0818782 Test Loss: 0.0537850
Validation loss decreased (0.083644 --> 0.081878).  Saving model ...
Updating learning rate to 8.030266667554303e-06
Epoch: 22 cost time: 3.476501941680908
Epoch: 22, Steps: 32 | Train Loss: 0.0566573 Vali Loss: 0.0803321 Test Loss: 0.0527363
Validation loss decreased (0.081878 --> 0.080332).  Saving model ...
Updating learning rate to 8.420386974504289e-06
Epoch: 23 cost time: 3.4659790992736816
Epoch: 23, Steps: 32 | Train Loss: 0.0557739 Vali Loss: 0.0792323 Test Loss: 0.0518568
Validation loss decreased (0.080332 --> 0.079232).  Saving model ...
Updating learning rate to 8.775150493533698e-06
Epoch: 24 cost time: 3.4549953937530518
Epoch: 24, Steps: 32 | Train Loss: 0.0549367 Vali Loss: 0.0776705 Test Loss: 0.0509990
Validation loss decreased (0.079232 --> 0.077670).  Saving model ...
Updating learning rate to 9.090662258415302e-06
Epoch: 25 cost time: 3.47007155418396
Epoch: 25, Steps: 32 | Train Loss: 0.0541703 Vali Loss: 0.0764618 Test Loss: 0.0502759
Validation loss decreased (0.077670 --> 0.076462).  Saving model ...
Updating learning rate to 9.363458249872634e-06
Epoch: 26 cost time: 3.4701955318450928
Epoch: 26, Steps: 32 | Train Loss: 0.0534163 Vali Loss: 0.0751912 Test Loss: 0.0495286
Validation loss decreased (0.076462 --> 0.075191).  Saving model ...
Updating learning rate to 9.590543427219004e-06
Epoch: 27 cost time: 3.4731812477111816
Epoch: 27, Steps: 32 | Train Loss: 0.0526999 Vali Loss: 0.0741418 Test Loss: 0.0488354
Validation loss decreased (0.075191 --> 0.074142).  Saving model ...
Updating learning rate to 9.769424611057362e-06
Epoch: 28 cost time: 3.468033790588379
Epoch: 28, Steps: 32 | Train Loss: 0.0519830 Vali Loss: 0.0730210 Test Loss: 0.0481856
Validation loss decreased (0.074142 --> 0.073021).  Saving model ...
Updating learning rate to 9.898137856020267e-06
Epoch: 29 cost time: 3.4772346019744873
Epoch: 29, Steps: 32 | Train Loss: 0.0513084 Vali Loss: 0.0723775 Test Loss: 0.0475044
Validation loss decreased (0.073021 --> 0.072378).  Saving model ...
Updating learning rate to 9.97527001302323e-06
Epoch: 30 cost time: 3.4795162677764893
Epoch: 30, Steps: 32 | Train Loss: 0.0506680 Vali Loss: 0.0714932 Test Loss: 0.0469310
Validation loss decreased (0.072378 --> 0.071493).  Saving model ...
Updating learning rate to 9.99999508252785e-06
Epoch: 31 cost time: 3.4842493534088135
Epoch: 31, Steps: 32 | Train Loss: 0.0500060 Vali Loss: 0.0705541 Test Loss: 0.0463131
Validation loss decreased (0.071493 --> 0.070554).  Saving model ...
Updating learning rate to 9.994645827799127e-06
Epoch: 32 cost time: 3.4661035537719727
Epoch: 32, Steps: 32 | Train Loss: 0.0493720 Vali Loss: 0.0694864 Test Loss: 0.0458596
Validation loss decreased (0.070554 --> 0.069486).  Saving model ...
Updating learning rate to 9.979238061351154e-06
Epoch: 33 cost time: 3.4853994846343994
Epoch: 33, Steps: 32 | Train Loss: 0.0487930 Vali Loss: 0.0686680 Test Loss: 0.0452248
Validation loss decreased (0.069486 --> 0.068668).  Saving model ...
Updating learning rate to 9.953802812375051e-06
Epoch: 34 cost time: 3.479862928390503
Epoch: 34, Steps: 32 | Train Loss: 0.0481697 Vali Loss: 0.0677326 Test Loss: 0.0446854
Validation loss decreased (0.068668 --> 0.067733).  Saving model ...
Updating learning rate to 9.918391304077266e-06
Epoch: 35 cost time: 3.4988577365875244
Epoch: 35, Steps: 32 | Train Loss: 0.0475607 Vali Loss: 0.0666468 Test Loss: 0.0441663
Validation loss decreased (0.067733 --> 0.066647).  Saving model ...
Updating learning rate to 9.873074850522854e-06
Epoch: 36 cost time: 3.4956908226013184
Epoch: 36, Steps: 32 | Train Loss: 0.0470129 Vali Loss: 0.0661083 Test Loss: 0.0436709
Validation loss decreased (0.066647 --> 0.066108).  Saving model ...
Updating learning rate to 9.817944713018442e-06
Epoch: 37 cost time: 3.503182888031006
Epoch: 37, Steps: 32 | Train Loss: 0.0464717 Vali Loss: 0.0654418 Test Loss: 0.0431464
Validation loss decreased (0.066108 --> 0.065442).  Saving model ...
Updating learning rate to 9.7531119163241e-06
Epoch: 38 cost time: 3.477933168411255
Epoch: 38, Steps: 32 | Train Loss: 0.0458939 Vali Loss: 0.0643195 Test Loss: 0.0427175
Validation loss decreased (0.065442 --> 0.064320).  Saving model ...
Updating learning rate to 9.678707025064249e-06
Epoch: 39 cost time: 3.4832520484924316
Epoch: 39, Steps: 32 | Train Loss: 0.0453511 Vali Loss: 0.0638280 Test Loss: 0.0422396
Validation loss decreased (0.064320 --> 0.063828).  Saving model ...
Updating learning rate to 9.59487988078789e-06
Epoch: 40 cost time: 3.478750228881836
Epoch: 40, Steps: 32 | Train Loss: 0.0447957 Vali Loss: 0.0631641 Test Loss: 0.0417733
Validation loss decreased (0.063828 --> 0.063164).  Saving model ...
Updating learning rate to 9.50179930020766e-06
Epoch: 41 cost time: 3.455051898956299
Epoch: 41, Steps: 32 | Train Loss: 0.0442920 Vali Loss: 0.0624837 Test Loss: 0.0413004
Validation loss decreased (0.063164 --> 0.062484).  Saving model ...
Updating learning rate to 9.399652735225436e-06
Epoch: 42 cost time: 3.46209716796875
Epoch: 42, Steps: 32 | Train Loss: 0.0437695 Vali Loss: 0.0615080 Test Loss: 0.0408668
Validation loss decreased (0.062484 --> 0.061508).  Saving model ...
Updating learning rate to 9.288645895429162e-06
Epoch: 43 cost time: 3.4661898612976074
Epoch: 43, Steps: 32 | Train Loss: 0.0432727 Vali Loss: 0.0612103 Test Loss: 0.0404478
Validation loss decreased (0.061508 --> 0.061210).  Saving model ...
Updating learning rate to 9.169002333821102e-06
Epoch: 44 cost time: 3.4607787132263184
Epoch: 44, Steps: 32 | Train Loss: 0.0427771 Vali Loss: 0.0603825 Test Loss: 0.0400233
Validation loss decreased (0.061210 --> 0.060382).  Saving model ...
Updating learning rate to 9.040962996611857e-06
Epoch: 45 cost time: 3.4611988067626953
Epoch: 45, Steps: 32 | Train Loss: 0.0422729 Vali Loss: 0.0598899 Test Loss: 0.0396010
Validation loss decreased (0.060382 --> 0.059890).  Saving model ...
Updating learning rate to 8.904785737986756e-06
Epoch: 46 cost time: 3.458544969558716
Epoch: 46, Steps: 32 | Train Loss: 0.0417949 Vali Loss: 0.0591408 Test Loss: 0.0392154
Validation loss decreased (0.059890 --> 0.059141).  Saving model ...
Updating learning rate to 8.76074480082184e-06
Epoch: 47 cost time: 3.462493896484375
Epoch: 47, Steps: 32 | Train Loss: 0.0413374 Vali Loss: 0.0586321 Test Loss: 0.0387764
Validation loss decreased (0.059141 --> 0.058632).  Saving model ...
Updating learning rate to 8.609130264395213e-06
Epoch: 48 cost time: 3.4600284099578857
Epoch: 48, Steps: 32 | Train Loss: 0.0408627 Vali Loss: 0.0578881 Test Loss: 0.0383725
Validation loss decreased (0.058632 --> 0.057888).  Saving model ...
Updating learning rate to 8.450247460205976e-06
Epoch: 49 cost time: 3.4642131328582764
Epoch: 49, Steps: 32 | Train Loss: 0.0403838 Vali Loss: 0.0570131 Test Loss: 0.0379982
Validation loss decreased (0.057888 --> 0.057013).  Saving model ...
Updating learning rate to 8.284416357077229e-06
Epoch: 50 cost time: 3.4716289043426514
Epoch: 50, Steps: 32 | Train Loss: 0.0399616 Vali Loss: 0.0568548 Test Loss: 0.0376083
Validation loss decreased (0.057013 --> 0.056855).  Saving model ...
Updating learning rate to 8.111970916781429e-06
Epoch: 51 cost time: 3.4526734352111816
Epoch: 51, Steps: 32 | Train Loss: 0.0394865 Vali Loss: 0.0560310 Test Loss: 0.0372058
Validation loss decreased (0.056855 --> 0.056031).  Saving model ...
Updating learning rate to 7.933258421485843e-06
Epoch: 52 cost time: 3.4599781036376953
Epoch: 52, Steps: 32 | Train Loss: 0.0390486 Vali Loss: 0.0556807 Test Loss: 0.0368283
Validation loss decreased (0.056031 --> 0.055681).  Saving model ...
Updating learning rate to 7.748638774372467e-06
Epoch: 53 cost time: 3.478898286819458
Epoch: 53, Steps: 32 | Train Loss: 0.0385952 Vali Loss: 0.0548046 Test Loss: 0.0364577
Validation loss decreased (0.055681 --> 0.054805).  Saving model ...
Updating learning rate to 7.558483774840917e-06
Epoch: 54 cost time: 3.492164373397827
Epoch: 54, Steps: 32 | Train Loss: 0.0381855 Vali Loss: 0.0540428 Test Loss: 0.0360877
Validation loss decreased (0.054805 --> 0.054043).  Saving model ...
Updating learning rate to 7.363176369753923e-06
Epoch: 55 cost time: 3.490504503250122
Epoch: 55, Steps: 32 | Train Loss: 0.0377698 Vali Loss: 0.0535824 Test Loss: 0.0357344
Validation loss decreased (0.054043 --> 0.053582).  Saving model ...
Updating learning rate to 7.163109882233309e-06
Epoch: 56 cost time: 3.493054151535034
Epoch: 56, Steps: 32 | Train Loss: 0.0373337 Vali Loss: 0.0532708 Test Loss: 0.0353472
Validation loss decreased (0.053582 --> 0.053271).  Saving model ...
Updating learning rate to 6.958687219559564e-06
Epoch: 57 cost time: 3.549074649810791
Epoch: 57, Steps: 32 | Train Loss: 0.0369330 Vali Loss: 0.0524420 Test Loss: 0.0350200
Validation loss decreased (0.053271 --> 0.052442).  Saving model ...
Updating learning rate to 6.750320061770211e-06
Epoch: 58 cost time: 3.5150997638702393
Epoch: 58, Steps: 32 | Train Loss: 0.0365129 Vali Loss: 0.0519506 Test Loss: 0.0346698
Validation loss decreased (0.052442 --> 0.051951).  Saving model ...
Updating learning rate to 6.538428032590986e-06
Epoch: 59 cost time: 3.477881908416748
Epoch: 59, Steps: 32 | Train Loss: 0.0361399 Vali Loss: 0.0513689 Test Loss: 0.0343198
Validation loss decreased (0.051951 --> 0.051369).  Saving model ...
Updating learning rate to 6.323437854369509e-06
Epoch: 60 cost time: 3.4994614124298096
Epoch: 60, Steps: 32 | Train Loss: 0.0357368 Vali Loss: 0.0509702 Test Loss: 0.0339551
Validation loss decreased (0.051369 --> 0.050970).  Saving model ...
Updating learning rate to 6.105782488713262e-06
Epoch: 61 cost time: 3.5030534267425537
Epoch: 61, Steps: 32 | Train Loss: 0.0353557 Vali Loss: 0.0503640 Test Loss: 0.0336586
Validation loss decreased (0.050970 --> 0.050364).  Saving model ...
Updating learning rate to 5.885900264562524e-06
Epoch: 62 cost time: 3.499319314956665
Epoch: 62, Steps: 32 | Train Loss: 0.0351236 Vali Loss: 0.0500901 Test Loss: 0.0336196
Validation loss decreased (0.050364 --> 0.050090).  Saving model ...
Updating learning rate to 5.664233995454231e-06
Epoch: 63 cost time: 3.485792875289917
Epoch: 63, Steps: 32 | Train Loss: 0.0350856 Vali Loss: 0.0501693 Test Loss: 0.0336138
EarlyStopping counter: 1 out of 10
Updating learning rate to 5.441230087754439e-06
Epoch: 64 cost time: 3.4963812828063965
Epoch: 64, Steps: 32 | Train Loss: 0.0350546 Vali Loss: 0.0504511 Test Loss: 0.0336146
EarlyStopping counter: 2 out of 10
Updating learning rate to 5.217337641655308e-06
Epoch: 65 cost time: 3.5070366859436035
Epoch: 65, Steps: 32 | Train Loss: 0.0350458 Vali Loss: 0.0502909 Test Loss: 0.0336180
EarlyStopping counter: 3 out of 10
Updating learning rate to 4.993007546747085e-06
Epoch: 66 cost time: 3.4835503101348877
Epoch: 66, Steps: 32 | Train Loss: 0.0350052 Vali Loss: 0.0501720 Test Loss: 0.0336180
EarlyStopping counter: 4 out of 10
Updating learning rate to 4.76869157398648e-06
Epoch: 67 cost time: 3.4846599102020264
Epoch: 67, Steps: 32 | Train Loss: 0.0349871 Vali Loss: 0.0504532 Test Loss: 0.0336171
EarlyStopping counter: 5 out of 10
Updating learning rate to 4.54484146589007e-06
Epoch: 68 cost time: 3.478421211242676
Epoch: 68, Steps: 32 | Train Loss: 0.0349674 Vali Loss: 0.0503914 Test Loss: 0.0336220
EarlyStopping counter: 6 out of 10
Updating learning rate to 4.3219080267850015e-06
Epoch: 69 cost time: 3.4998021125793457
Epoch: 69, Steps: 32 | Train Loss: 0.0349358 Vali Loss: 0.0500915 Test Loss: 0.0336139
EarlyStopping counter: 7 out of 10
Updating learning rate to 4.100340214949063e-06
Epoch: 70 cost time: 3.4766738414764404
Epoch: 70, Steps: 32 | Train Loss: 0.0348993 Vali Loss: 0.0503473 Test Loss: 0.0336111
EarlyStopping counter: 8 out of 10
Updating learning rate to 3.8805842384684655e-06
Epoch: 71 cost time: 3.477163553237915
Epoch: 71, Steps: 32 | Train Loss: 0.0348988 Vali Loss: 0.0502614 Test Loss: 0.0336143
EarlyStopping counter: 9 out of 10
Updating learning rate to 3.663082656634139e-06
Epoch: 72 cost time: 3.479973554611206
Epoch: 72, Steps: 32 | Train Loss: 0.0348740 Vali Loss: 0.0501521 Test Loss: 0.0335991
EarlyStopping counter: 10 out of 10
Early stopping
>>>>>>>testing : ETTh1_336_96_DTFNet_ETTh1_ftM_sl336_ll0_pl96_dm128_nh16_el2_br2_dl1_df256_fc1_ebtimeF_dtTrue_'Exp'_0_'rel_sin'_16_8_16,24_8,12_3_1_256<<<<<<<<<<<<<<<<<<<<<<<<<<<<<<<<<
test 2785
mse:0.3491114675998688, mae:0.3822421133518219, rse:0.5626477003097534
