Args in experiment:
Namespace(is_training=1, model_id='ETTh1_336_720', model='DTFNet', data='ETTh1', root_path='./dataset/', data_path='ETTh1.csv', features='M', target='OT', freq='h', checkpoints='./checkpoints/', seq_len=336, label_len=0, pred_len=720, n_branches=2, patch_len_ls='16,24', stride_ls='8,12', d_model_ls='128', n_heads_ls='16', rel_pe="'rel_sin'", res_attn=False, head_type='flatten', fc_dropout=0.3, head_dropout=0.1, patch_len=16, stride=8, padding_patch="'end'", revin=1, affine=0, subtract_last=0, decomposition=0, kernel_size=25, individual=0, store_attn=False, pre_norm=False, pe='zeros', no_learn_pe=True, embed_type=0, enc_in=7, dec_in=7, c_out=7, d_model=128, n_heads=16, e_layers=2, d_layers=1, d_ff=256, moving_avg=25, factor=1, distil=True, dropout=0.3, embed='timeF', activation='gelu', output_attention=False, do_predict=False, num_workers=0, itr=1, train_epochs=100, batch_size=256, patience=10, learning_rate=1e-05, des="'Exp'", loss='mse', lradj='TST', pct_start=0.3, use_amp=False, l2=0.0, warmup_steps=0, use_gpu=True, gpu=0, use_multi_gpu=False, devices='0', test_flop=False, use_mlflow=False, mlflow_project='exp', loss_flag=2, sub_patch_len=16, sub_stride=8, stride_ls_list='16', model_type='linear', tfactor=3, dilation_rates='1', wavelet_layers=2, wavelet_type='db5', wavelet_mode='periodization', wavelet_dim=64, initTLV=0.2)
Use GPU: cuda:0
>>>>>>>start training : ETTh1_336_720_DTFNet_ETTh1_ftM_sl336_ll0_pl720_dm128_nh16_el2_br2_dl1_df256_fc1_ebtimeF_dtTrue_'Exp'_0_'rel_sin'_16_8_16,24_8,12_3_1_256>>>>>>>>>>>>>>>>>>>>>>>>>>
train 7585
val 2161
test 2161
Epoch: 1 cost time: 7.620752573013306
Epoch: 1, Steps: 29 | Train Loss: 0.1075051 Vali Loss: 0.1787532 Test Loss: 0.0997403
Validation loss decreased (inf --> 0.178753).  Saving model ...
Updating learning rate to 4.2635539919063106e-07
Epoch: 2 cost time: 3.5482871532440186
Epoch: 2, Steps: 29 | Train Loss: 0.1066089 Vali Loss: 0.1773596 Test Loss: 0.0989125
Validation loss decreased (0.178753 --> 0.177360).  Saving model ...
Updating learning rate to 5.051321771514831e-07
Epoch: 3 cost time: 3.5221071243286133
Epoch: 3, Steps: 29 | Train Loss: 0.1058282 Vali Loss: 0.1758878 Test Loss: 0.0980090
Validation loss decreased (0.177360 --> 0.175888).  Saving model ...
Updating learning rate to 6.354652532866785e-07
Epoch: 4 cost time: 3.576521396636963
Epoch: 4, Steps: 29 | Train Loss: 0.1049300 Vali Loss: 0.1740178 Test Loss: 0.0970462
Validation loss decreased (0.175888 --> 0.174018).  Saving model ...
Updating learning rate to 8.159233858256806e-07
Epoch: 5 cost time: 3.5961482524871826
Epoch: 5, Steps: 29 | Train Loss: 0.1039925 Vali Loss: 0.1724518 Test Loss: 0.0959917
Validation loss decreased (0.174018 --> 0.172452).  Saving model ...
Updating learning rate to 1.0445248888850473e-06
Epoch: 6 cost time: 3.7671618461608887
Epoch: 6, Steps: 29 | Train Loss: 0.1028551 Vali Loss: 0.1702212 Test Loss: 0.0948172
Validation loss decreased (0.172452 --> 0.170221).  Saving model ...
Updating learning rate to 1.3187593941861497e-06
Epoch: 7 cost time: 4.238756418228149
Epoch: 7, Steps: 29 | Train Loss: 0.1018717 Vali Loss: 0.1678247 Test Loss: 0.0934670
Validation loss decreased (0.170221 --> 0.167825).  Saving model ...
Updating learning rate to 1.6356154184543822e-06
Epoch: 8 cost time: 4.244383335113525
Epoch: 8, Steps: 29 | Train Loss: 0.1006837 Vali Loss: 0.1654931 Test Loss: 0.0918571
Validation loss decreased (0.167825 --> 0.165493).  Saving model ...
Updating learning rate to 1.9916134337707666e-06
Epoch: 9 cost time: 4.292124509811401
Epoch: 9, Steps: 29 | Train Loss: 0.0992034 Vali Loss: 0.1627302 Test Loss: 0.0897898
Validation loss decreased (0.165493 --> 0.162730).  Saving model ...
Updating learning rate to 2.3828440777166636e-06
Epoch: 10 cost time: 4.242029905319214
Epoch: 10, Steps: 29 | Train Loss: 0.0974676 Vali Loss: 0.1587778 Test Loss: 0.0870026
Validation loss decreased (0.162730 --> 0.158778).  Saving model ...
Updating learning rate to 2.805011083710071e-06
Epoch: 11 cost time: 4.26447057723999
Epoch: 11, Steps: 29 | Train Loss: 0.0952627 Vali Loss: 0.1532523 Test Loss: 0.0831130
Validation loss decreased (0.158778 --> 0.153252).  Saving model ...
Updating learning rate to 3.2534784600976295e-06
Epoch: 12 cost time: 4.237706184387207
Epoch: 12, Steps: 29 | Train Loss: 0.0925695 Vali Loss: 0.1472502 Test Loss: 0.0786038
Validation loss decreased (0.153252 --> 0.147250).  Saving model ...
Updating learning rate to 3.723321399909056e-06
Epoch: 13 cost time: 4.275715112686157
Epoch: 13, Steps: 29 | Train Loss: 0.0900459 Vali Loss: 0.1425739 Test Loss: 0.0752598
Validation loss decreased (0.147250 --> 0.142574).  Saving model ...
Updating learning rate to 4.209380362212844e-06
Epoch: 14 cost time: 4.229289770126343
Epoch: 14, Steps: 29 | Train Loss: 0.0880326 Vali Loss: 0.1387698 Test Loss: 0.0733167
Validation loss decreased (0.142574 --> 0.138770).  Saving model ...
Updating learning rate to 4.706317731183279e-06
Epoch: 15 cost time: 4.250655174255371
Epoch: 15, Steps: 29 | Train Loss: 0.0862459 Vali Loss: 0.1356651 Test Loss: 0.0713747
Validation loss decreased (0.138770 --> 0.135665).  Saving model ...
Updating learning rate to 5.208676430682048e-06
Epoch: 16 cost time: 4.228102684020996
Epoch: 16, Steps: 29 | Train Loss: 0.0846507 Vali Loss: 0.1332985 Test Loss: 0.0694278
Validation loss decreased (0.135665 --> 0.133299).  Saving model ...
Updating learning rate to 5.710939850683244e-06
Epoch: 17 cost time: 4.224960803985596
Epoch: 17, Steps: 29 | Train Loss: 0.0830686 Vali Loss: 0.1312149 Test Loss: 0.0673663
Validation loss decreased (0.133299 --> 0.131215).  Saving model ...
Updating learning rate to 6.207592427464792e-06
Epoch: 18 cost time: 4.2095465660095215
Epoch: 18, Steps: 29 | Train Loss: 0.0817470 Vali Loss: 0.1295945 Test Loss: 0.0658789
Validation loss decreased (0.131215 --> 0.129595).  Saving model ...
Updating learning rate to 6.693180212309968e-06
Epoch: 19 cost time: 4.288111209869385
Epoch: 19, Steps: 29 | Train Loss: 0.0805390 Vali Loss: 0.1283861 Test Loss: 0.0644389
Validation loss decreased (0.129595 --> 0.128386).  Saving model ...
Updating learning rate to 7.1623707635889015e-06
Epoch: 20 cost time: 4.230529546737671
Epoch: 20, Steps: 29 | Train Loss: 0.0794896 Vali Loss: 0.1272053 Test Loss: 0.0638755
Validation loss decreased (0.128386 --> 0.127205).  Saving model ...
Updating learning rate to 7.610011704520164e-06
Epoch: 21 cost time: 4.25817084312439
Epoch: 21, Steps: 29 | Train Loss: 0.0786021 Vali Loss: 0.1263387 Test Loss: 0.0629771
Validation loss decreased (0.127205 --> 0.126339).  Saving model ...
Updating learning rate to 8.031187303565295e-06
Epoch: 22 cost time: 4.258802652359009
Epoch: 22, Steps: 29 | Train Loss: 0.0776681 Vali Loss: 0.1253178 Test Loss: 0.0622082
Validation loss decreased (0.126339 --> 0.125318).  Saving model ...
Updating learning rate to 8.421272456123378e-06
Epoch: 23 cost time: 4.241829872131348
Epoch: 23, Steps: 29 | Train Loss: 0.0768246 Vali Loss: 0.1249705 Test Loss: 0.0611313
Validation loss decreased (0.125318 --> 0.124970).  Saving model ...
Updating learning rate to 8.775983474730246e-06
Epoch: 24 cost time: 4.231237411499023
Epoch: 24, Steps: 29 | Train Loss: 0.0759833 Vali Loss: 0.1242120 Test Loss: 0.0603021
Validation loss decreased (0.124970 --> 0.124212).  Saving model ...
Updating learning rate to 9.091425130013939e-06
Epoch: 25 cost time: 4.238481760025024
Epoch: 25, Steps: 29 | Train Loss: 0.0752778 Vali Loss: 0.1227239 Test Loss: 0.0600150
Validation loss decreased (0.124212 --> 0.122724).  Saving model ...
Updating learning rate to 9.364133425830145e-06
Epoch: 26 cost time: 4.259060859680176
Epoch: 26, Steps: 29 | Train Loss: 0.0745045 Vali Loss: 0.1217335 Test Loss: 0.0593383
Validation loss decreased (0.122724 --> 0.121734).  Saving model ...
Updating learning rate to 9.591113638846019e-06
Epoch: 27 cost time: 4.304965972900391
Epoch: 27, Steps: 29 | Train Loss: 0.0736940 Vali Loss: 0.1210767 Test Loss: 0.0585845
Validation loss decreased (0.121734 --> 0.121077).  Saving model ...
Updating learning rate to 9.769873204843885e-06
Epoch: 28 cost time: 4.226434707641602
Epoch: 28, Steps: 29 | Train Loss: 0.0729368 Vali Loss: 0.1206783 Test Loss: 0.0578356
Validation loss decreased (0.121077 --> 0.120678).  Saving model ...
Updating learning rate to 9.898449090606656e-06
Epoch: 29 cost time: 4.228623867034912
Epoch: 29, Steps: 29 | Train Loss: 0.0721507 Vali Loss: 0.1206397 Test Loss: 0.0571215
Validation loss decreased (0.120678 --> 0.120640).  Saving model ...
Updating learning rate to 9.975429350802846e-06
Epoch: 30 cost time: 4.235079765319824
Epoch: 30, Steps: 29 | Train Loss: 0.0713470 Vali Loss: 0.1191612 Test Loss: 0.0568461
Validation loss decreased (0.120640 --> 0.119161).  Saving model ...
Updating learning rate to 9.99999401249548e-06
Epoch: 31 cost time: 4.21328330039978
Epoch: 31, Steps: 29 | Train Loss: 0.0706819 Vali Loss: 0.1187288 Test Loss: 0.0562294
Validation loss decreased (0.119161 --> 0.118729).  Saving model ...
Updating learning rate to 9.994612212745642e-06
Epoch: 32 cost time: 4.231964349746704
Epoch: 32, Steps: 29 | Train Loss: 0.0699078 Vali Loss: 0.1186290 Test Loss: 0.0556641
Validation loss decreased (0.118729 --> 0.118629).  Saving model ...
Updating learning rate to 9.979171968972798e-06
Epoch: 33 cost time: 4.272724151611328
Epoch: 33, Steps: 29 | Train Loss: 0.0692894 Vali Loss: 0.1174173 Test Loss: 0.0552104
Validation loss decreased (0.118629 --> 0.117417).  Saving model ...
Updating learning rate to 9.953704375773079e-06
Epoch: 34 cost time: 4.2651002407073975
Epoch: 34, Steps: 29 | Train Loss: 0.0685804 Vali Loss: 0.1166002 Test Loss: 0.0548490
Validation loss decreased (0.117417 --> 0.116600).  Saving model ...
Updating learning rate to 9.918260721489893e-06
Epoch: 35 cost time: 4.222724676132202
Epoch: 35, Steps: 29 | Train Loss: 0.0678918 Vali Loss: 0.1151252 Test Loss: 0.0548519
Validation loss decreased (0.116600 --> 0.115125).  Saving model ...
Updating learning rate to 9.872912384926035e-06
Epoch: 36 cost time: 4.274998188018799
Epoch: 36, Steps: 29 | Train Loss: 0.0672360 Vali Loss: 0.1149158 Test Loss: 0.0540544
Validation loss decreased (0.115125 --> 0.114916).  Saving model ...
Updating learning rate to 9.817750691596265e-06
Epoch: 37 cost time: 4.270784378051758
Epoch: 37, Steps: 29 | Train Loss: 0.0665815 Vali Loss: 0.1139794 Test Loss: 0.0539085
Validation loss decreased (0.114916 --> 0.113979).  Saving model ...
Updating learning rate to 9.752886729809889e-06
Epoch: 38 cost time: 4.268467664718628
Epoch: 38, Steps: 29 | Train Loss: 0.0659109 Vali Loss: 0.1136075 Test Loss: 0.0535558
Validation loss decreased (0.113979 --> 0.113607).  Saving model ...
Updating learning rate to 9.678451126953676e-06
Epoch: 39 cost time: 4.248238563537598
Epoch: 39, Steps: 29 | Train Loss: 0.0652727 Vali Loss: 0.1125034 Test Loss: 0.0532474
Validation loss decreased (0.113607 --> 0.112503).  Saving model ...
Updating learning rate to 9.594593786425696e-06
Epoch: 40 cost time: 4.243767023086548
Epoch: 40, Steps: 29 | Train Loss: 0.0646031 Vali Loss: 0.1121873 Test Loss: 0.0526419
Validation loss decreased (0.112503 --> 0.112187).  Saving model ...
Updating learning rate to 9.501483585749811e-06
Epoch: 41 cost time: 4.275234699249268
Epoch: 41, Steps: 29 | Train Loss: 0.0640614 Vali Loss: 0.1117840 Test Loss: 0.0521478
Validation loss decreased (0.112187 --> 0.111784).  Saving model ...
Updating learning rate to 9.399308036478838e-06
Epoch: 42 cost time: 4.230996608734131
Epoch: 42, Steps: 29 | Train Loss: 0.0633956 Vali Loss: 0.1113518 Test Loss: 0.0515188
Validation loss decreased (0.111784 --> 0.111352).  Saving model ...
Updating learning rate to 9.288272906571216e-06
Epoch: 43 cost time: 4.255496501922607
Epoch: 43, Steps: 29 | Train Loss: 0.0627812 Vali Loss: 0.1104858 Test Loss: 0.0512991
Validation loss decreased (0.111352 --> 0.110486).  Saving model ...
Updating learning rate to 9.16860180600173e-06
Epoch: 44 cost time: 4.251134157180786
Epoch: 44, Steps: 29 | Train Loss: 0.0621843 Vali Loss: 0.1092737 Test Loss: 0.0511680
Validation loss decreased (0.110486 --> 0.109274).  Saving model ...
Updating learning rate to 9.040535736440785e-06
Epoch: 45 cost time: 4.236435413360596
Epoch: 45, Steps: 29 | Train Loss: 0.0615815 Vali Loss: 0.1086712 Test Loss: 0.0506571
Validation loss decreased (0.109274 --> 0.108671).  Saving model ...
Updating learning rate to 8.904332605909106e-06
Epoch: 46 cost time: 4.260915040969849
Epoch: 46, Steps: 29 | Train Loss: 0.0609851 Vali Loss: 0.1082387 Test Loss: 0.0506331
Validation loss decreased (0.108671 --> 0.108239).  Saving model ...
Updating learning rate to 8.760266709385311e-06
Epoch: 47 cost time: 4.260688781738281
Epoch: 47, Steps: 29 | Train Loss: 0.0604649 Vali Loss: 0.1069642 Test Loss: 0.0501323
Validation loss decreased (0.108239 --> 0.106964).  Saving model ...
Updating learning rate to 8.608628176412335e-06
Epoch: 48 cost time: 4.26556396484375
Epoch: 48, Steps: 29 | Train Loss: 0.0598548 Vali Loss: 0.1057296 Test Loss: 0.0501089
Validation loss decreased (0.106964 --> 0.105730).  Saving model ...
Updating learning rate to 8.449722386815127e-06
Epoch: 49 cost time: 4.213317632675171
Epoch: 49, Steps: 29 | Train Loss: 0.0592639 Vali Loss: 0.1054935 Test Loss: 0.0495537
Validation loss decreased (0.105730 --> 0.105494).  Saving model ...
Updating learning rate to 8.28386935570634e-06
Epoch: 50 cost time: 4.280318260192871
Epoch: 50, Steps: 29 | Train Loss: 0.0587865 Vali Loss: 0.1051640 Test Loss: 0.0491499
Validation loss decreased (0.105494 --> 0.105164).  Saving model ...
Updating learning rate to 8.111403089018465e-06
Epoch: 51 cost time: 4.273413896560669
Epoch: 51, Steps: 29 | Train Loss: 0.0582473 Vali Loss: 0.1043927 Test Loss: 0.0487764
Validation loss decreased (0.105164 --> 0.104393).  Saving model ...
Updating learning rate to 7.93267091086035e-06
Epoch: 52 cost time: 4.2724289894104
Epoch: 52, Steps: 29 | Train Loss: 0.0576619 Vali Loss: 0.1040663 Test Loss: 0.0483862
Validation loss decreased (0.104393 --> 0.104066).  Saving model ...
Updating learning rate to 7.748032764052655e-06
Epoch: 53 cost time: 4.268712282180786
Epoch: 53, Steps: 29 | Train Loss: 0.0571933 Vali Loss: 0.1030655 Test Loss: 0.0480502
Validation loss decreased (0.104066 --> 0.103066).  Saving model ...
Updating learning rate to 7.557860485250925e-06
Epoch: 54 cost time: 4.258492469787598
Epoch: 54, Steps: 29 | Train Loss: 0.0566441 Vali Loss: 0.1019865 Test Loss: 0.0477032
Validation loss decreased (0.103066 --> 0.101986).  Saving model ...
Updating learning rate to 7.362537056116034e-06
Epoch: 55 cost time: 4.286540985107422
Epoch: 55, Steps: 29 | Train Loss: 0.0561951 Vali Loss: 0.1011486 Test Loss: 0.0475560
Validation loss decreased (0.101986 --> 0.101149).  Saving model ...
Updating learning rate to 7.162455832040107e-06
Epoch: 56 cost time: 4.255142450332642
Epoch: 56, Steps: 29 | Train Loss: 0.0556763 Vali Loss: 0.1010971 Test Loss: 0.0470028
Validation loss decreased (0.101149 --> 0.101097).  Saving model ...
Updating learning rate to 6.9580197499810984e-06
Epoch: 57 cost time: 4.2453413009643555
Epoch: 57, Steps: 29 | Train Loss: 0.0551731 Vali Loss: 0.0998704 Test Loss: 0.0468594
Validation loss decreased (0.101097 --> 0.099870).  Saving model ...
Updating learning rate to 6.7496405170013816e-06
Epoch: 58 cost time: 4.251805305480957
Epoch: 58, Steps: 29 | Train Loss: 0.0546967 Vali Loss: 0.0998725 Test Loss: 0.0463672
EarlyStopping counter: 1 out of 10
Updating learning rate to 6.537737781144523e-06
Epoch: 59 cost time: 4.281409978866577
Epoch: 59, Steps: 29 | Train Loss: 0.0542662 Vali Loss: 0.0985159 Test Loss: 0.0462402
Validation loss decreased (0.099870 --> 0.098516).  Saving model ...
Updating learning rate to 6.322738286319964e-06
Epoch: 60 cost time: 4.267927169799805
Epoch: 60, Steps: 29 | Train Loss: 0.0537138 Vali Loss: 0.0979598 Test Loss: 0.0458317
Validation loss decreased (0.098516 --> 0.097960).  Saving model ...
Updating learning rate to 6.105075012897585e-06
Epoch: 61 cost time: 4.386403799057007
Epoch: 61, Steps: 29 | Train Loss: 0.0532585 Vali Loss: 0.0970293 Test Loss: 0.0455996
Validation loss decreased (0.097960 --> 0.097029).  Saving model ...
Updating learning rate to 5.885186305742857e-06
Epoch: 62 cost time: 4.2889626026153564
Epoch: 62, Steps: 29 | Train Loss: 0.0528521 Vali Loss: 0.0964738 Test Loss: 0.0452810
Validation loss decreased (0.097029 --> 0.096474).  Saving model ...
Updating learning rate to 5.6635149914486225e-06
Epoch: 63 cost time: 4.277314186096191
Epoch: 63, Steps: 29 | Train Loss: 0.0523804 Vali Loss: 0.0955042 Test Loss: 0.0449956
Validation loss decreased (0.096474 --> 0.095504).  Saving model ...
Updating learning rate to 5.440507486541268e-06
Epoch: 64 cost time: 4.274136781692505
Epoch: 64, Steps: 29 | Train Loss: 0.0519138 Vali Loss: 0.0948477 Test Loss: 0.0446305
Validation loss decreased (0.095504 --> 0.094848).  Saving model ...
Updating learning rate to 5.216612898457253e-06
Epoch: 65 cost time: 4.2691497802734375
Epoch: 65, Steps: 29 | Train Loss: 0.0515202 Vali Loss: 0.0940432 Test Loss: 0.0444406
Validation loss decreased (0.094848 --> 0.094043).  Saving model ...
Updating learning rate to 4.992282121100496e-06
Epoch: 66 cost time: 4.308408975601196
Epoch: 66, Steps: 29 | Train Loss: 0.0510772 Vali Loss: 0.0934568 Test Loss: 0.0440716
Validation loss decreased (0.094043 --> 0.093457).  Saving model ...
Updating learning rate to 4.767966926802067e-06
Epoch: 67 cost time: 4.252426385879517
Epoch: 67, Steps: 29 | Train Loss: 0.0506343 Vali Loss: 0.0926057 Test Loss: 0.0437467
Validation loss decreased (0.093457 --> 0.092606).  Saving model ...
Updating learning rate to 4.5441190565108235e-06
Epoch: 68 cost time: 4.32363486289978
Epoch: 68, Steps: 29 | Train Loss: 0.0502543 Vali Loss: 0.0921166 Test Loss: 0.0433923
Validation loss decreased (0.092606 --> 0.092117).  Saving model ...
Updating learning rate to 4.3211893100472735e-06
Epoch: 69 cost time: 4.263613700866699
Epoch: 69, Steps: 29 | Train Loss: 0.0497944 Vali Loss: 0.0915757 Test Loss: 0.0430235
Validation loss decreased (0.092117 --> 0.091576).  Saving model ...
Updating learning rate to 4.099626638252712e-06
Epoch: 70 cost time: 4.3054518699646
Epoch: 70, Steps: 29 | Train Loss: 0.0493747 Vali Loss: 0.0899420 Test Loss: 0.0430049
Validation loss decreased (0.091576 --> 0.089942).  Saving model ...
Updating learning rate to 3.879877238861997e-06
Epoch: 71 cost time: 4.257578134536743
Epoch: 71, Steps: 29 | Train Loss: 0.0490097 Vali Loss: 0.0899298 Test Loss: 0.0424689
Validation loss decreased (0.089942 --> 0.089930).  Saving model ...
Updating learning rate to 3.662383657920668e-06
Epoch: 72 cost time: 4.258888244628906
Epoch: 72, Steps: 29 | Train Loss: 0.0486276 Vali Loss: 0.0890257 Test Loss: 0.0421762
Validation loss decreased (0.089930 --> 0.089026).  Saving model ...
Updating learning rate to 3.447583898556124e-06
Epoch: 73 cost time: 4.2603137493133545
Epoch: 73, Steps: 29 | Train Loss: 0.0482229 Vali Loss: 0.0887465 Test Loss: 0.0418110
Validation loss decreased (0.089026 --> 0.088746).  Saving model ...
Updating learning rate to 3.2359105388976132e-06
Epoch: 74 cost time: 4.290395021438599
Epoch: 74, Steps: 29 | Train Loss: 0.0478305 Vali Loss: 0.0875771 Test Loss: 0.0416937
Validation loss decreased (0.088746 --> 0.087577).  Saving model ...
Updating learning rate to 3.027789860921434e-06
Epoch: 75 cost time: 4.290229082107544
Epoch: 75, Steps: 29 | Train Loss: 0.0474731 Vali Loss: 0.0873483 Test Loss: 0.0412089
Validation loss decreased (0.087577 --> 0.087348).  Saving model ...
Updating learning rate to 2.8236409919757893e-06
Epoch: 76 cost time: 4.273667097091675
Epoch: 76, Steps: 29 | Train Loss: 0.0470119 Vali Loss: 0.0862125 Test Loss: 0.0410775
Validation loss decreased (0.087348 --> 0.086212).  Saving model ...
Updating learning rate to 2.6238750607140637e-06
Epoch: 77 cost time: 4.274316072463989
Epoch: 77, Steps: 29 | Train Loss: 0.0466812 Vali Loss: 0.0859315 Test Loss: 0.0406370
Validation loss decreased (0.086212 --> 0.085932).  Saving model ...
Updating learning rate to 2.4288943691364434e-06
Epoch: 78 cost time: 4.335200548171997
Epoch: 78, Steps: 29 | Train Loss: 0.0462992 Vali Loss: 0.0852504 Test Loss: 0.0403789
Validation loss decreased (0.085932 --> 0.085250).  Saving model ...
Updating learning rate to 2.2390915824072217e-06
Epoch: 79 cost time: 4.301949501037598
Epoch: 79, Steps: 29 | Train Loss: 0.0459445 Vali Loss: 0.0847598 Test Loss: 0.0400553
Validation loss decreased (0.085250 --> 0.084760).  Saving model ...
Updating learning rate to 2.0548489380794217e-06
Epoch: 80 cost time: 4.259710788726807
Epoch: 80, Steps: 29 | Train Loss: 0.0455598 Vali Loss: 0.0838213 Test Loss: 0.0398868
Validation loss decreased (0.084760 --> 0.083821).  Saving model ...
Updating learning rate to 1.876537476319218e-06
Epoch: 81 cost time: 4.319737672805786
Epoch: 81, Steps: 29 | Train Loss: 0.0453101 Vali Loss: 0.0831782 Test Loss: 0.0398760
Validation loss decreased (0.083821 --> 0.083178).  Saving model ...
Updating learning rate to 1.7045162926804444e-06
Epoch: 82 cost time: 4.258233308792114
Epoch: 82, Steps: 29 | Train Loss: 0.0452742 Vali Loss: 0.0835319 Test Loss: 0.0397856
EarlyStopping counter: 1 out of 10
Updating learning rate to 1.5391318149339123e-06
Epoch: 83 cost time: 4.297136306762695
Epoch: 83, Steps: 29 | Train Loss: 0.0453018 Vali Loss: 0.0838398 Test Loss: 0.0397499
EarlyStopping counter: 2 out of 10
Updating learning rate to 1.3807171054080036e-06
Epoch: 84 cost time: 4.271324634552002
Epoch: 84, Steps: 29 | Train Loss: 0.0452319 Vali Loss: 0.0840205 Test Loss: 0.0397601
EarlyStopping counter: 3 out of 10
Updating learning rate to 1.2295911902454577e-06
Epoch: 85 cost time: 4.337512254714966
Epoch: 85, Steps: 29 | Train Loss: 0.0452085 Vali Loss: 0.0835790 Test Loss: 0.0397873
EarlyStopping counter: 4 out of 10
Updating learning rate to 1.0860584169271784e-06
Epoch: 86 cost time: 4.2727789878845215
Epoch: 86, Steps: 29 | Train Loss: 0.0452314 Vali Loss: 0.0836421 Test Loss: 0.0397627
EarlyStopping counter: 5 out of 10
Updating learning rate to 9.504078413569088e-07
Epoch: 87 cost time: 4.310279607772827
Epoch: 87, Steps: 29 | Train Loss: 0.0452486 Vali Loss: 0.0836378 Test Loss: 0.0397754
EarlyStopping counter: 6 out of 10
Updating learning rate to 8.229126457411124e-07
Epoch: 88 cost time: 4.353783130645752
Epoch: 88, Steps: 29 | Train Loss: 0.0452058 Vali Loss: 0.0836976 Test Loss: 0.0397673
EarlyStopping counter: 7 out of 10
Updating learning rate to 7.038295884363647e-07
Epoch: 89 cost time: 4.304320573806763
Epoch: 89, Steps: 29 | Train Loss: 0.0452344 Vali Loss: 0.0837196 Test Loss: 0.0397583
EarlyStopping counter: 8 out of 10
Updating learning rate to 5.933984868721898e-07
Epoch: 90 cost time: 4.354871511459351
Epoch: 90, Steps: 29 | Train Loss: 0.0452338 Vali Loss: 0.0835526 Test Loss: 0.0397963
EarlyStopping counter: 9 out of 10
Updating learning rate to 4.918417345906772e-07
Epoch: 91 cost time: 4.289330244064331
Epoch: 91, Steps: 29 | Train Loss: 0.0452464 Vali Loss: 0.0836215 Test Loss: 0.0397863
EarlyStopping counter: 10 out of 10
Early stopping
>>>>>>>testing : ETTh1_336_720_DTFNet_ETTh1_ftM_sl336_ll0_pl720_dm128_nh16_el2_br2_dl1_df256_fc1_ebtimeF_dtTrue_'Exp'_0_'rel_sin'_16_8_16,24_8,12_3_1_256<<<<<<<<<<<<<<<<<<<<<<<<<<<<<<<<<
test 2161
mse:0.42206889390945435, mae:0.4456382095813751, rse:0.6239887475967407
