Args in experiment:
Namespace(is_training=1, model_id='ETTh1_336_720', model='DTFNet', data='ETTh1', root_path='./dataset/', data_path='ETTh1.csv', features='M', target='OT', freq='h', checkpoints='./checkpoints/', seq_len=336, label_len=0, pred_len=720, n_branches=2, patch_len_ls='16,24', stride_ls='8,12', d_model_ls='128', n_heads_ls='16', rel_pe="'rel_sin'", res_attn=False, head_type='flatten', fc_dropout=0.3, head_dropout=0.1, patch_len=16, stride=8, padding_patch="'end'", revin=1, affine=0, subtract_last=0, decomposition=0, kernel_size=25, individual=0, store_attn=False, pre_norm=False, pe='zeros', no_learn_pe=True, embed_type=0, enc_in=7, dec_in=7, c_out=7, d_model=128, n_heads=16, e_layers=2, d_layers=1, d_ff=256, moving_avg=25, factor=1, distil=True, dropout=0.3, embed='timeF', activation='gelu', output_attention=False, do_predict=False, num_workers=0, itr=1, train_epochs=100, batch_size=256, patience=10, learning_rate=1e-05, des="'Exp'", loss='mse', lradj='TST', pct_start=0.3, use_amp=False, l2=0.0, warmup_steps=0, use_gpu=True, gpu=0, use_multi_gpu=False, devices='0', test_flop=False, use_mlflow=False, mlflow_project='exp', loss_flag=2, sub_patch_len=16, sub_stride=8, stride_ls_list='16', model_type='linear', tfactor=3, dilation_rates='1', wavelet_layers=2, wavelet_type='db5', wavelet_mode='periodization', wavelet_dim=64, initTLV=0.2)
Use GPU: cuda:0
>>>>>>>start training : ETTh1_336_720_DTFNet_ETTh1_ftM_sl336_ll0_pl720_dm128_nh16_el2_br2_dl1_df256_fc1_ebtimeF_dtTrue_'Exp'_0_'rel_sin'_16_8_16,24_8,12_3_1_256>>>>>>>>>>>>>>>>>>>>>>>>>>
train 7585
val 2161
test 2161
Epoch: 1 cost time: 7.245336294174194
Epoch: 1, Steps: 29 | Train Loss: 0.1076222 Vali Loss: 0.1792742 Test Loss: 0.0997765
Validation loss decreased (inf --> 0.179274).  Saving model ...
Updating learning rate to 4.2635539919063106e-07
Epoch: 2 cost time: 3.5729596614837646
Epoch: 2, Steps: 29 | Train Loss: 0.1066984 Vali Loss: 0.1774557 Test Loss: 0.0989539
Validation loss decreased (0.179274 --> 0.177456).  Saving model ...
Updating learning rate to 5.051321771514831e-07
Epoch: 3 cost time: 3.589360237121582
Epoch: 3, Steps: 29 | Train Loss: 0.1058168 Vali Loss: 0.1758249 Test Loss: 0.0980557
Validation loss decreased (0.177456 --> 0.175825).  Saving model ...
Updating learning rate to 6.354652532866785e-07
Epoch: 4 cost time: 3.6417088508605957
Epoch: 4, Steps: 29 | Train Loss: 0.1049733 Vali Loss: 0.1742537 Test Loss: 0.0970912
Validation loss decreased (0.175825 --> 0.174254).  Saving model ...
Updating learning rate to 8.159233858256806e-07
Epoch: 5 cost time: 3.5727603435516357
Epoch: 5, Steps: 29 | Train Loss: 0.1039816 Vali Loss: 0.1721607 Test Loss: 0.0960457
Validation loss decreased (0.174254 --> 0.172161).  Saving model ...
Updating learning rate to 1.0445248888850473e-06
Epoch: 6 cost time: 3.6144020557403564
Epoch: 6, Steps: 29 | Train Loss: 0.1029701 Vali Loss: 0.1706547 Test Loss: 0.0948861
Validation loss decreased (0.172161 --> 0.170655).  Saving model ...
Updating learning rate to 1.3187593941861497e-06
Epoch: 7 cost time: 3.5736796855926514
Epoch: 7, Steps: 29 | Train Loss: 0.1019600 Vali Loss: 0.1682815 Test Loss: 0.0935433
Validation loss decreased (0.170655 --> 0.168281).  Saving model ...
Updating learning rate to 1.6356154184543822e-06
Epoch: 8 cost time: 3.6105620861053467
Epoch: 8, Steps: 29 | Train Loss: 0.1007042 Vali Loss: 0.1658975 Test Loss: 0.0919348
Validation loss decreased (0.168281 --> 0.165897).  Saving model ...
Updating learning rate to 1.9916134337707666e-06
Epoch: 9 cost time: 3.628404140472412
Epoch: 9, Steps: 29 | Train Loss: 0.0992623 Vali Loss: 0.1629668 Test Loss: 0.0898600
Validation loss decreased (0.165897 --> 0.162967).  Saving model ...
Updating learning rate to 2.3828440777166636e-06
Epoch: 10 cost time: 3.5788323879241943
Epoch: 10, Steps: 29 | Train Loss: 0.0975255 Vali Loss: 0.1590146 Test Loss: 0.0870389
Validation loss decreased (0.162967 --> 0.159015).  Saving model ...
Updating learning rate to 2.805011083710071e-06
Epoch: 11 cost time: 3.6680374145507812
Epoch: 11, Steps: 29 | Train Loss: 0.0953194 Vali Loss: 0.1536701 Test Loss: 0.0831313
Validation loss decreased (0.159015 --> 0.153670).  Saving model ...
Updating learning rate to 3.2534784600976295e-06
Epoch: 12 cost time: 3.588200330734253
Epoch: 12, Steps: 29 | Train Loss: 0.0925721 Vali Loss: 0.1475321 Test Loss: 0.0783740
Validation loss decreased (0.153670 --> 0.147532).  Saving model ...
Updating learning rate to 3.723321399909056e-06
Epoch: 13 cost time: 3.5747694969177246
Epoch: 13, Steps: 29 | Train Loss: 0.0900749 Vali Loss: 0.1425447 Test Loss: 0.0751015
Validation loss decreased (0.147532 --> 0.142545).  Saving model ...
Updating learning rate to 4.209380362212844e-06
Epoch: 14 cost time: 3.6565375328063965
Epoch: 14, Steps: 29 | Train Loss: 0.0880750 Vali Loss: 0.1391912 Test Loss: 0.0732543
Validation loss decreased (0.142545 --> 0.139191).  Saving model ...
Updating learning rate to 4.706317731183279e-06
Epoch: 15 cost time: 3.6481571197509766
Epoch: 15, Steps: 29 | Train Loss: 0.0863778 Vali Loss: 0.1364238 Test Loss: 0.0711931
Validation loss decreased (0.139191 --> 0.136424).  Saving model ...
Updating learning rate to 5.208676430682048e-06
Epoch: 16 cost time: 4.855290174484253
Epoch: 16, Steps: 29 | Train Loss: 0.0846815 Vali Loss: 0.1339382 Test Loss: 0.0692999
Validation loss decreased (0.136424 --> 0.133938).  Saving model ...
Updating learning rate to 5.710939850683244e-06
Epoch: 17 cost time: 4.257972240447998
Epoch: 17, Steps: 29 | Train Loss: 0.0831766 Vali Loss: 0.1318885 Test Loss: 0.0673836
Validation loss decreased (0.133938 --> 0.131889).  Saving model ...
Updating learning rate to 6.207592427464792e-06
Epoch: 18 cost time: 3.733091354370117
Epoch: 18, Steps: 29 | Train Loss: 0.0817170 Vali Loss: 0.1301403 Test Loss: 0.0658157
Validation loss decreased (0.131889 --> 0.130140).  Saving model ...
Updating learning rate to 6.693180212309968e-06
Epoch: 19 cost time: 3.7730610370635986
Epoch: 19, Steps: 29 | Train Loss: 0.0804940 Vali Loss: 0.1287608 Test Loss: 0.0647260
Validation loss decreased (0.130140 --> 0.128761).  Saving model ...
Updating learning rate to 7.1623707635889015e-06
Epoch: 20 cost time: 3.7060768604278564
Epoch: 20, Steps: 29 | Train Loss: 0.0795396 Vali Loss: 0.1278037 Test Loss: 0.0638941
Validation loss decreased (0.128761 --> 0.127804).  Saving model ...
Updating learning rate to 7.610011704520164e-06
Epoch: 21 cost time: 3.759536027908325
Epoch: 21, Steps: 29 | Train Loss: 0.0786297 Vali Loss: 0.1266565 Test Loss: 0.0631417
Validation loss decreased (0.127804 --> 0.126657).  Saving model ...
Updating learning rate to 8.031187303565295e-06
Epoch: 22 cost time: 3.759967088699341
Epoch: 22, Steps: 29 | Train Loss: 0.0777736 Vali Loss: 0.1257043 Test Loss: 0.0621778
Validation loss decreased (0.126657 --> 0.125704).  Saving model ...
Updating learning rate to 8.421272456123378e-06
Epoch: 23 cost time: 3.7161946296691895
Epoch: 23, Steps: 29 | Train Loss: 0.0769478 Vali Loss: 0.1246822 Test Loss: 0.0616174
Validation loss decreased (0.125704 --> 0.124682).  Saving model ...
Updating learning rate to 8.775983474730246e-06
Epoch: 24 cost time: 3.6977860927581787
Epoch: 24, Steps: 29 | Train Loss: 0.0761452 Vali Loss: 0.1240221 Test Loss: 0.0605003
Validation loss decreased (0.124682 --> 0.124022).  Saving model ...
Updating learning rate to 9.091425130013939e-06
Epoch: 25 cost time: 3.701726198196411
Epoch: 25, Steps: 29 | Train Loss: 0.0753932 Vali Loss: 0.1232193 Test Loss: 0.0597679
Validation loss decreased (0.124022 --> 0.123219).  Saving model ...
Updating learning rate to 9.364133425830145e-06
Epoch: 26 cost time: 3.698885679244995
Epoch: 26, Steps: 29 | Train Loss: 0.0745829 Vali Loss: 0.1222406 Test Loss: 0.0591396
Validation loss decreased (0.123219 --> 0.122241).  Saving model ...
Updating learning rate to 9.591113638846019e-06
Epoch: 27 cost time: 3.69258713722229
Epoch: 27, Steps: 29 | Train Loss: 0.0738325 Vali Loss: 0.1209701 Test Loss: 0.0585818
Validation loss decreased (0.122241 --> 0.120970).  Saving model ...
Updating learning rate to 9.769873204843885e-06
Epoch: 28 cost time: 3.7027013301849365
Epoch: 28, Steps: 29 | Train Loss: 0.0730861 Vali Loss: 0.1202617 Test Loss: 0.0582417
Validation loss decreased (0.120970 --> 0.120262).  Saving model ...
Updating learning rate to 9.898449090606656e-06
Epoch: 29 cost time: 3.7064976692199707
Epoch: 29, Steps: 29 | Train Loss: 0.0722983 Vali Loss: 0.1193488 Test Loss: 0.0572937
Validation loss decreased (0.120262 --> 0.119349).  Saving model ...
Updating learning rate to 9.975429350802846e-06
Epoch: 30 cost time: 3.640510082244873
Epoch: 30, Steps: 29 | Train Loss: 0.0716300 Vali Loss: 0.1190274 Test Loss: 0.0566707
Validation loss decreased (0.119349 --> 0.119027).  Saving model ...
Updating learning rate to 9.99999401249548e-06
Epoch: 31 cost time: 3.6352012157440186
Epoch: 31, Steps: 29 | Train Loss: 0.0708952 Vali Loss: 0.1174808 Test Loss: 0.0561116
Validation loss decreased (0.119027 --> 0.117481).  Saving model ...
Updating learning rate to 9.994612212745642e-06
Epoch: 32 cost time: 3.6295156478881836
Epoch: 32, Steps: 29 | Train Loss: 0.0701827 Vali Loss: 0.1170824 Test Loss: 0.0555648
Validation loss decreased (0.117481 --> 0.117082).  Saving model ...
Updating learning rate to 9.979171968972798e-06
Epoch: 33 cost time: 3.6608691215515137
Epoch: 33, Steps: 29 | Train Loss: 0.0694652 Vali Loss: 0.1158843 Test Loss: 0.0553392
Validation loss decreased (0.117082 --> 0.115884).  Saving model ...
Updating learning rate to 9.953704375773079e-06
Epoch: 34 cost time: 3.7322444915771484
Epoch: 34, Steps: 29 | Train Loss: 0.0687990 Vali Loss: 0.1160876 Test Loss: 0.0546928
EarlyStopping counter: 1 out of 10
Updating learning rate to 9.918260721489893e-06
Epoch: 35 cost time: 3.644871711730957
Epoch: 35, Steps: 29 | Train Loss: 0.0681238 Vali Loss: 0.1153571 Test Loss: 0.0541571
Validation loss decreased (0.115884 --> 0.115357).  Saving model ...
Updating learning rate to 9.872912384926035e-06
Epoch: 36 cost time: 3.6463022232055664
Epoch: 36, Steps: 29 | Train Loss: 0.0674678 Vali Loss: 0.1145206 Test Loss: 0.0537156
Validation loss decreased (0.115357 --> 0.114521).  Saving model ...
Updating learning rate to 9.817750691596265e-06
Epoch: 37 cost time: 3.7289609909057617
Epoch: 37, Steps: 29 | Train Loss: 0.0667065 Vali Loss: 0.1135244 Test Loss: 0.0532256
Validation loss decreased (0.114521 --> 0.113524).  Saving model ...
Updating learning rate to 9.752886729809889e-06
Epoch: 38 cost time: 3.649427652359009
Epoch: 38, Steps: 29 | Train Loss: 0.0660854 Vali Loss: 0.1127384 Test Loss: 0.0527951
Validation loss decreased (0.113524 --> 0.112738).  Saving model ...
Updating learning rate to 9.678451126953676e-06
Epoch: 39 cost time: 3.6292037963867188
Epoch: 39, Steps: 29 | Train Loss: 0.0654274 Vali Loss: 0.1130559 Test Loss: 0.0521949
EarlyStopping counter: 1 out of 10
Updating learning rate to 9.594593786425696e-06
Epoch: 40 cost time: 3.6652255058288574
Epoch: 40, Steps: 29 | Train Loss: 0.0647711 Vali Loss: 0.1122093 Test Loss: 0.0517908
Validation loss decreased (0.112738 --> 0.112209).  Saving model ...
Updating learning rate to 9.501483585749811e-06
Epoch: 41 cost time: 3.721780300140381
Epoch: 41, Steps: 29 | Train Loss: 0.0641570 Vali Loss: 0.1110898 Test Loss: 0.0514922
Validation loss decreased (0.112209 --> 0.111090).  Saving model ...
Updating learning rate to 9.399308036478838e-06
Epoch: 42 cost time: 3.64762806892395
Epoch: 42, Steps: 29 | Train Loss: 0.0635353 Vali Loss: 0.1104604 Test Loss: 0.0510674
Validation loss decreased (0.111090 --> 0.110460).  Saving model ...
Updating learning rate to 9.288272906571216e-06
Epoch: 43 cost time: 3.660423755645752
Epoch: 43, Steps: 29 | Train Loss: 0.0628557 Vali Loss: 0.1105239 Test Loss: 0.0506448
EarlyStopping counter: 1 out of 10
Updating learning rate to 9.16860180600173e-06
Epoch: 44 cost time: 3.6563608646392822
Epoch: 44, Steps: 29 | Train Loss: 0.0622464 Vali Loss: 0.1091055 Test Loss: 0.0504262
Validation loss decreased (0.110460 --> 0.109105).  Saving model ...
Updating learning rate to 9.040535736440785e-06
Epoch: 45 cost time: 3.742377758026123
Epoch: 45, Steps: 29 | Train Loss: 0.0617041 Vali Loss: 0.1083339 Test Loss: 0.0500860
Validation loss decreased (0.109105 --> 0.108334).  Saving model ...
Updating learning rate to 8.904332605909106e-06
Epoch: 46 cost time: 3.7479734420776367
Epoch: 46, Steps: 29 | Train Loss: 0.0611300 Vali Loss: 0.1075536 Test Loss: 0.0498393
Validation loss decreased (0.108334 --> 0.107554).  Saving model ...
Updating learning rate to 8.760266709385311e-06
Epoch: 47 cost time: 3.676260471343994
Epoch: 47, Steps: 29 | Train Loss: 0.0605313 Vali Loss: 0.1075464 Test Loss: 0.0492840
Validation loss decreased (0.107554 --> 0.107546).  Saving model ...
Updating learning rate to 8.608628176412335e-06
Epoch: 48 cost time: 3.7389299869537354
Epoch: 48, Steps: 29 | Train Loss: 0.0599649 Vali Loss: 0.1063221 Test Loss: 0.0489889
Validation loss decreased (0.107546 --> 0.106322).  Saving model ...
Updating learning rate to 8.449722386815127e-06
Epoch: 49 cost time: 3.6431493759155273
Epoch: 49, Steps: 29 | Train Loss: 0.0593972 Vali Loss: 0.1053723 Test Loss: 0.0487818
Validation loss decreased (0.106322 --> 0.105372).  Saving model ...
Updating learning rate to 8.28386935570634e-06
Epoch: 50 cost time: 3.8672077655792236
Epoch: 50, Steps: 29 | Train Loss: 0.0588488 Vali Loss: 0.1038194 Test Loss: 0.0486464
Validation loss decreased (0.105372 --> 0.103819).  Saving model ...
Updating learning rate to 8.111403089018465e-06
Epoch: 51 cost time: 3.8442046642303467
Epoch: 51, Steps: 29 | Train Loss: 0.0583619 Vali Loss: 0.1041225 Test Loss: 0.0481309
EarlyStopping counter: 1 out of 10
Updating learning rate to 7.93267091086035e-06
Epoch: 52 cost time: 3.7476682662963867
Epoch: 52, Steps: 29 | Train Loss: 0.0577278 Vali Loss: 0.1031713 Test Loss: 0.0478736
Validation loss decreased (0.103819 --> 0.103171).  Saving model ...
Updating learning rate to 7.748032764052655e-06
Epoch: 53 cost time: 3.766209840774536
Epoch: 53, Steps: 29 | Train Loss: 0.0572708 Vali Loss: 0.1026142 Test Loss: 0.0474252
Validation loss decreased (0.103171 --> 0.102614).  Saving model ...
Updating learning rate to 7.557860485250925e-06
Epoch: 54 cost time: 3.8050124645233154
Epoch: 54, Steps: 29 | Train Loss: 0.0567398 Vali Loss: 0.1016102 Test Loss: 0.0473373
Validation loss decreased (0.102614 --> 0.101610).  Saving model ...
Updating learning rate to 7.362537056116034e-06
Epoch: 55 cost time: 3.8078789710998535
Epoch: 55, Steps: 29 | Train Loss: 0.0562635 Vali Loss: 0.1008110 Test Loss: 0.0468976
Validation loss decreased (0.101610 --> 0.100811).  Saving model ...
Updating learning rate to 7.162455832040107e-06
Epoch: 56 cost time: 3.6547577381134033
Epoch: 56, Steps: 29 | Train Loss: 0.0557463 Vali Loss: 0.1002353 Test Loss: 0.0466278
Validation loss decreased (0.100811 --> 0.100235).  Saving model ...
Updating learning rate to 6.9580197499810984e-06
Epoch: 57 cost time: 3.630736827850342
Epoch: 57, Steps: 29 | Train Loss: 0.0552503 Vali Loss: 0.1000068 Test Loss: 0.0462065
Validation loss decreased (0.100235 --> 0.100007).  Saving model ...
Updating learning rate to 6.7496405170013816e-06
Epoch: 58 cost time: 3.6617419719696045
Epoch: 58, Steps: 29 | Train Loss: 0.0547621 Vali Loss: 0.0988473 Test Loss: 0.0459866
Validation loss decreased (0.100007 --> 0.098847).  Saving model ...
Updating learning rate to 6.537737781144523e-06
Epoch: 59 cost time: 3.6684043407440186
Epoch: 59, Steps: 29 | Train Loss: 0.0543260 Vali Loss: 0.0984117 Test Loss: 0.0455431
Validation loss decreased (0.098847 --> 0.098412).  Saving model ...
Updating learning rate to 6.322738286319964e-06
Epoch: 60 cost time: 3.6604316234588623
Epoch: 60, Steps: 29 | Train Loss: 0.0538192 Vali Loss: 0.0969986 Test Loss: 0.0454347
Validation loss decreased (0.098412 --> 0.096999).  Saving model ...
Updating learning rate to 6.105075012897585e-06
Epoch: 61 cost time: 3.6726815700531006
Epoch: 61, Steps: 29 | Train Loss: 0.0533943 Vali Loss: 0.0965082 Test Loss: 0.0450553
Validation loss decreased (0.096999 --> 0.096508).  Saving model ...
Updating learning rate to 5.885186305742857e-06
Epoch: 62 cost time: 3.661106824874878
Epoch: 62, Steps: 29 | Train Loss: 0.0528666 Vali Loss: 0.0963001 Test Loss: 0.0445924
Validation loss decreased (0.096508 --> 0.096300).  Saving model ...
Updating learning rate to 5.6635149914486225e-06
Epoch: 63 cost time: 3.6758999824523926
Epoch: 63, Steps: 29 | Train Loss: 0.0524432 Vali Loss: 0.0955435 Test Loss: 0.0443818
Validation loss decreased (0.096300 --> 0.095543).  Saving model ...
Updating learning rate to 5.440507486541268e-06
Epoch: 64 cost time: 3.644580364227295
Epoch: 64, Steps: 29 | Train Loss: 0.0520266 Vali Loss: 0.0945399 Test Loss: 0.0440473
Validation loss decreased (0.095543 --> 0.094540).  Saving model ...
Updating learning rate to 5.216612898457253e-06
Epoch: 65 cost time: 3.6587069034576416
Epoch: 65, Steps: 29 | Train Loss: 0.0515957 Vali Loss: 0.0938276 Test Loss: 0.0437775
Validation loss decreased (0.094540 --> 0.093828).  Saving model ...
Updating learning rate to 4.992282121100496e-06
Epoch: 66 cost time: 3.651554822921753
Epoch: 66, Steps: 29 | Train Loss: 0.0511329 Vali Loss: 0.0935857 Test Loss: 0.0433983
Validation loss decreased (0.093828 --> 0.093586).  Saving model ...
Updating learning rate to 4.767966926802067e-06
Epoch: 67 cost time: 3.652583360671997
Epoch: 67, Steps: 29 | Train Loss: 0.0507278 Vali Loss: 0.0928498 Test Loss: 0.0430323
Validation loss decreased (0.093586 --> 0.092850).  Saving model ...
Updating learning rate to 4.5441190565108235e-06
Epoch: 68 cost time: 3.663270950317383
Epoch: 68, Steps: 29 | Train Loss: 0.0502886 Vali Loss: 0.0916761 Test Loss: 0.0428443
Validation loss decreased (0.092850 --> 0.091676).  Saving model ...
Updating learning rate to 4.3211893100472735e-06
Epoch: 69 cost time: 3.6754093170166016
Epoch: 69, Steps: 29 | Train Loss: 0.0498946 Vali Loss: 0.0911203 Test Loss: 0.0425200
Validation loss decreased (0.091676 --> 0.091120).  Saving model ...
Updating learning rate to 4.099626638252712e-06
Epoch: 70 cost time: 3.6595311164855957
Epoch: 70, Steps: 29 | Train Loss: 0.0494828 Vali Loss: 0.0906757 Test Loss: 0.0422455
Validation loss decreased (0.091120 --> 0.090676).  Saving model ...
Updating learning rate to 3.879877238861997e-06
Epoch: 71 cost time: 3.664659261703491
Epoch: 71, Steps: 29 | Train Loss: 0.0490411 Vali Loss: 0.0898432 Test Loss: 0.0419215
Validation loss decreased (0.090676 --> 0.089843).  Saving model ...
Updating learning rate to 3.662383657920668e-06
Epoch: 72 cost time: 3.691763162612915
Epoch: 72, Steps: 29 | Train Loss: 0.0486652 Vali Loss: 0.0889022 Test Loss: 0.0416568
Validation loss decreased (0.089843 --> 0.088902).  Saving model ...
Updating learning rate to 3.447583898556124e-06
Epoch: 73 cost time: 3.6773152351379395
Epoch: 73, Steps: 29 | Train Loss: 0.0483018 Vali Loss: 0.0885618 Test Loss: 0.0413197
Validation loss decreased (0.088902 --> 0.088562).  Saving model ...
Updating learning rate to 3.2359105388976132e-06
Epoch: 74 cost time: 3.6803040504455566
Epoch: 74, Steps: 29 | Train Loss: 0.0478849 Vali Loss: 0.0877909 Test Loss: 0.0410240
Validation loss decreased (0.088562 --> 0.087791).  Saving model ...
Updating learning rate to 3.027789860921434e-06
Epoch: 75 cost time: 3.662900686264038
Epoch: 75, Steps: 29 | Train Loss: 0.0474987 Vali Loss: 0.0872521 Test Loss: 0.0407689
Validation loss decreased (0.087791 --> 0.087252).  Saving model ...
Updating learning rate to 2.8236409919757893e-06
Epoch: 76 cost time: 3.6437437534332275
Epoch: 76, Steps: 29 | Train Loss: 0.0471356 Vali Loss: 0.0864466 Test Loss: 0.0404789
Validation loss decreased (0.087252 --> 0.086447).  Saving model ...
Updating learning rate to 2.6238750607140637e-06
Epoch: 77 cost time: 3.6481783390045166
Epoch: 77, Steps: 29 | Train Loss: 0.0467424 Vali Loss: 0.0855280 Test Loss: 0.0402529
Validation loss decreased (0.086447 --> 0.085528).  Saving model ...
Updating learning rate to 2.4288943691364434e-06
Epoch: 78 cost time: 3.65665340423584
Epoch: 78, Steps: 29 | Train Loss: 0.0463710 Vali Loss: 0.0850974 Test Loss: 0.0398891
Validation loss decreased (0.085528 --> 0.085097).  Saving model ...
Updating learning rate to 2.2390915824072217e-06
Epoch: 79 cost time: 3.702169895172119
Epoch: 79, Steps: 29 | Train Loss: 0.0459658 Vali Loss: 0.0843853 Test Loss: 0.0395984
Validation loss decreased (0.085097 --> 0.084385).  Saving model ...
Updating learning rate to 2.0548489380794217e-06
Epoch: 80 cost time: 4.03987193107605
Epoch: 80, Steps: 29 | Train Loss: 0.0456621 Vali Loss: 0.0839066 Test Loss: 0.0392959
Validation loss decreased (0.084385 --> 0.083907).  Saving model ...
Updating learning rate to 1.876537476319218e-06
Epoch: 81 cost time: 3.9627981185913086
Epoch: 81, Steps: 29 | Train Loss: 0.0453550 Vali Loss: 0.0834005 Test Loss: 0.0392792
Validation loss decreased (0.083907 --> 0.083401).  Saving model ...
Updating learning rate to 1.7045162926804444e-06
Epoch: 82 cost time: 3.669407606124878
Epoch: 82, Steps: 29 | Train Loss: 0.0453312 Vali Loss: 0.0838269 Test Loss: 0.0392441
EarlyStopping counter: 1 out of 10
Updating learning rate to 1.5391318149339123e-06
Epoch: 83 cost time: 3.66926646232605
Epoch: 83, Steps: 29 | Train Loss: 0.0453407 Vali Loss: 0.0838841 Test Loss: 0.0391940
EarlyStopping counter: 2 out of 10
Updating learning rate to 1.3807171054080036e-06
Epoch: 84 cost time: 3.656270980834961
Epoch: 84, Steps: 29 | Train Loss: 0.0453272 Vali Loss: 0.0837192 Test Loss: 0.0392607
EarlyStopping counter: 3 out of 10
Updating learning rate to 1.2295911902454577e-06
Epoch: 85 cost time: 3.6728997230529785
Epoch: 85, Steps: 29 | Train Loss: 0.0453315 Vali Loss: 0.0839249 Test Loss: 0.0392409
EarlyStopping counter: 4 out of 10
Updating learning rate to 1.0860584169271784e-06
Epoch: 86 cost time: 3.6583361625671387
Epoch: 86, Steps: 29 | Train Loss: 0.0452947 Vali Loss: 0.0835792 Test Loss: 0.0392589
EarlyStopping counter: 5 out of 10
Updating learning rate to 9.504078413569088e-07
Epoch: 87 cost time: 3.6626408100128174
Epoch: 87, Steps: 29 | Train Loss: 0.0452876 Vali Loss: 0.0837493 Test Loss: 0.0392476
EarlyStopping counter: 6 out of 10
Updating learning rate to 8.229126457411124e-07
Epoch: 88 cost time: 3.715378522872925
Epoch: 88, Steps: 29 | Train Loss: 0.0453025 Vali Loss: 0.0836210 Test Loss: 0.0392710
EarlyStopping counter: 7 out of 10
Updating learning rate to 7.038295884363647e-07
Epoch: 89 cost time: 3.7081127166748047
Epoch: 89, Steps: 29 | Train Loss: 0.0452748 Vali Loss: 0.0836761 Test Loss: 0.0392584
EarlyStopping counter: 8 out of 10
Updating learning rate to 5.933984868721898e-07
Epoch: 90 cost time: 3.679202079772949
Epoch: 90, Steps: 29 | Train Loss: 0.0452440 Vali Loss: 0.0837426 Test Loss: 0.0392741
EarlyStopping counter: 9 out of 10
Updating learning rate to 4.918417345906772e-07
Epoch: 91 cost time: 3.670402765274048
Epoch: 91, Steps: 29 | Train Loss: 0.0452893 Vali Loss: 0.0835185 Test Loss: 0.0392850
EarlyStopping counter: 10 out of 10
Early stopping
>>>>>>>testing : ETTh1_336_720_DTFNet_ETTh1_ftM_sl336_ll0_pl720_dm128_nh16_el2_br2_dl1_df256_fc1_ebtimeF_dtTrue_'Exp'_0_'rel_sin'_16_8_16,24_8,12_3_1_256<<<<<<<<<<<<<<<<<<<<<<<<<<<<<<<<<
test 2161
mse:0.4122738242149353, mae:0.43959835171699524, rse:0.6167056560516357
