Args in experiment:
Namespace(is_training=1, model_id='ETTh1_336_720', model='DTFNet', data='ETTh1', root_path='./dataset/', data_path='ETTh1.csv', features='M', target='OT', freq='h', checkpoints='./checkpoints/', seq_len=336, label_len=0, pred_len=720, n_branches=2, patch_len_ls='16,24', stride_ls='8,12', d_model_ls='128', n_heads_ls='16', rel_pe="'rel_sin'", res_attn=False, head_type='flatten', fc_dropout=0.3, head_dropout=0.1, patch_len=16, stride=8, padding_patch="'end'", revin=1, affine=0, subtract_last=0, decomposition=0, kernel_size=25, individual=0, store_attn=False, pre_norm=False, pe='zeros', no_learn_pe=True, embed_type=0, enc_in=7, dec_in=7, c_out=7, d_model=128, n_heads=16, e_layers=2, d_layers=1, d_ff=256, moving_avg=25, factor=1, distil=True, dropout=0.3, embed='timeF', activation='gelu', output_attention=False, do_predict=False, num_workers=0, itr=1, train_epochs=100, batch_size=256, patience=10, learning_rate=1e-05, des="'Exp'", loss='mse', lradj='TST', pct_start=0.3, use_amp=False, l2=0.0, warmup_steps=0, use_gpu=True, gpu=0, use_multi_gpu=False, devices='0', test_flop=False, use_mlflow=False, mlflow_project='exp', loss_flag=2, sub_patch_len=16, sub_stride=8, stride_ls_list='16', model_type='linear', tfactor=3, dilation_rates='1', wavelet_layers=2, wavelet_type='db5', wavelet_mode='periodization', wavelet_dim=64, initTLV=0.2)
Use GPU: cuda:0
>>>>>>>start training : ETTh1_336_720_DTFNet_ETTh1_ftM_sl336_ll0_pl720_dm128_nh16_el2_br2_dl1_df256_fc1_ebtimeF_dtTrue_'Exp'_0_'rel_sin'_16_8_16,24_8,12_3_1_256>>>>>>>>>>>>>>>>>>>>>>>>>>
train 7585
val 2161
test 2161
Epoch: 1 cost time: 7.087499380111694
Epoch: 1, Steps: 29 | Train Loss: 0.1075445 Vali Loss: 0.1785954 Test Loss: 0.0996043
Validation loss decreased (inf --> 0.178595).  Saving model ...
Updating learning rate to 4.2635539919063106e-07
Epoch: 2 cost time: 3.5776331424713135
Epoch: 2, Steps: 29 | Train Loss: 0.1066592 Vali Loss: 0.1774151 Test Loss: 0.0987552
Validation loss decreased (0.178595 --> 0.177415).  Saving model ...
Updating learning rate to 5.051321771514831e-07
Epoch: 3 cost time: 3.5852789878845215
Epoch: 3, Steps: 29 | Train Loss: 0.1057851 Vali Loss: 0.1753882 Test Loss: 0.0978385
Validation loss decreased (0.177415 --> 0.175388).  Saving model ...
Updating learning rate to 6.354652532866785e-07
Epoch: 4 cost time: 3.580622434616089
Epoch: 4, Steps: 29 | Train Loss: 0.1049027 Vali Loss: 0.1736792 Test Loss: 0.0968505
Validation loss decreased (0.175388 --> 0.173679).  Saving model ...
Updating learning rate to 8.159233858256806e-07
Epoch: 5 cost time: 3.6043500900268555
Epoch: 5, Steps: 29 | Train Loss: 0.1039077 Vali Loss: 0.1722713 Test Loss: 0.0957754
Validation loss decreased (0.173679 --> 0.172271).  Saving model ...
Updating learning rate to 1.0445248888850473e-06
Epoch: 6 cost time: 3.6223344802856445
Epoch: 6, Steps: 29 | Train Loss: 0.1028453 Vali Loss: 0.1702202 Test Loss: 0.0945612
Validation loss decreased (0.172271 --> 0.170220).  Saving model ...
Updating learning rate to 1.3187593941861497e-06
Epoch: 7 cost time: 3.63258957862854
Epoch: 7, Steps: 29 | Train Loss: 0.1017326 Vali Loss: 0.1680032 Test Loss: 0.0931629
Validation loss decreased (0.170220 --> 0.168003).  Saving model ...
Updating learning rate to 1.6356154184543822e-06
Epoch: 8 cost time: 3.6334617137908936
Epoch: 8, Steps: 29 | Train Loss: 0.1004727 Vali Loss: 0.1650380 Test Loss: 0.0914426
Validation loss decreased (0.168003 --> 0.165038).  Saving model ...
Updating learning rate to 1.9916134337707666e-06
Epoch: 9 cost time: 3.6145436763763428
Epoch: 9, Steps: 29 | Train Loss: 0.0990198 Vali Loss: 0.1620462 Test Loss: 0.0892319
Validation loss decreased (0.165038 --> 0.162046).  Saving model ...
Updating learning rate to 2.3828440777166636e-06
Epoch: 10 cost time: 3.612586259841919
Epoch: 10, Steps: 29 | Train Loss: 0.0972268 Vali Loss: 0.1577647 Test Loss: 0.0861944
Validation loss decreased (0.162046 --> 0.157765).  Saving model ...
Updating learning rate to 2.805011083710071e-06
Epoch: 11 cost time: 3.6181232929229736
Epoch: 11, Steps: 29 | Train Loss: 0.0949522 Vali Loss: 0.1525652 Test Loss: 0.0821820
Validation loss decreased (0.157765 --> 0.152565).  Saving model ...
Updating learning rate to 3.2534784600976295e-06
Epoch: 12 cost time: 3.606315851211548
Epoch: 12, Steps: 29 | Train Loss: 0.0923505 Vali Loss: 0.1469463 Test Loss: 0.0778368
Validation loss decreased (0.152565 --> 0.146946).  Saving model ...
Updating learning rate to 3.723321399909056e-06
Epoch: 13 cost time: 3.623713254928589
Epoch: 13, Steps: 29 | Train Loss: 0.0899429 Vali Loss: 0.1418933 Test Loss: 0.0749377
Validation loss decreased (0.146946 --> 0.141893).  Saving model ...
Updating learning rate to 4.209380362212844e-06
Epoch: 14 cost time: 3.6234264373779297
Epoch: 14, Steps: 29 | Train Loss: 0.0880044 Vali Loss: 0.1381675 Test Loss: 0.0733377
Validation loss decreased (0.141893 --> 0.138168).  Saving model ...
Updating learning rate to 4.706317731183279e-06
Epoch: 15 cost time: 3.6276440620422363
Epoch: 15, Steps: 29 | Train Loss: 0.0862073 Vali Loss: 0.1355115 Test Loss: 0.0713354
Validation loss decreased (0.138168 --> 0.135512).  Saving model ...
Updating learning rate to 5.208676430682048e-06
Epoch: 16 cost time: 3.6536197662353516
Epoch: 16, Steps: 29 | Train Loss: 0.0846091 Vali Loss: 0.1332013 Test Loss: 0.0693735
Validation loss decreased (0.135512 --> 0.133201).  Saving model ...
Updating learning rate to 5.710939850683244e-06
Epoch: 17 cost time: 3.634213924407959
Epoch: 17, Steps: 29 | Train Loss: 0.0830634 Vali Loss: 0.1314121 Test Loss: 0.0677410
Validation loss decreased (0.133201 --> 0.131412).  Saving model ...
Updating learning rate to 6.207592427464792e-06
Epoch: 18 cost time: 3.698582649230957
Epoch: 18, Steps: 29 | Train Loss: 0.0816696 Vali Loss: 0.1297328 Test Loss: 0.0660654
Validation loss decreased (0.131412 --> 0.129733).  Saving model ...
Updating learning rate to 6.693180212309968e-06
Epoch: 19 cost time: 3.7035531997680664
Epoch: 19, Steps: 29 | Train Loss: 0.0805537 Vali Loss: 0.1286349 Test Loss: 0.0648511
Validation loss decreased (0.129733 --> 0.128635).  Saving model ...
Updating learning rate to 7.1623707635889015e-06
Epoch: 20 cost time: 3.7006282806396484
Epoch: 20, Steps: 29 | Train Loss: 0.0795405 Vali Loss: 0.1273133 Test Loss: 0.0638386
Validation loss decreased (0.128635 --> 0.127313).  Saving model ...
Updating learning rate to 7.610011704520164e-06
Epoch: 21 cost time: 3.7358736991882324
Epoch: 21, Steps: 29 | Train Loss: 0.0787056 Vali Loss: 0.1268998 Test Loss: 0.0631664
Validation loss decreased (0.127313 --> 0.126900).  Saving model ...
Updating learning rate to 8.031187303565295e-06
Epoch: 22 cost time: 3.688713312149048
Epoch: 22, Steps: 29 | Train Loss: 0.0778503 Vali Loss: 0.1253545 Test Loss: 0.0625221
Validation loss decreased (0.126900 --> 0.125355).  Saving model ...
Updating learning rate to 8.421272456123378e-06
Epoch: 23 cost time: 3.710932731628418
Epoch: 23, Steps: 29 | Train Loss: 0.0769576 Vali Loss: 0.1247059 Test Loss: 0.0615489
Validation loss decreased (0.125355 --> 0.124706).  Saving model ...
Updating learning rate to 8.775983474730246e-06
Epoch: 24 cost time: 3.6935558319091797
Epoch: 24, Steps: 29 | Train Loss: 0.0761601 Vali Loss: 0.1234788 Test Loss: 0.0609587
Validation loss decreased (0.124706 --> 0.123479).  Saving model ...
Updating learning rate to 9.091425130013939e-06
Epoch: 25 cost time: 3.718341588973999
Epoch: 25, Steps: 29 | Train Loss: 0.0754128 Vali Loss: 0.1230454 Test Loss: 0.0601464
Validation loss decreased (0.123479 --> 0.123045).  Saving model ...
Updating learning rate to 9.364133425830145e-06
Epoch: 26 cost time: 3.747936964035034
Epoch: 26, Steps: 29 | Train Loss: 0.0746253 Vali Loss: 0.1220404 Test Loss: 0.0593372
Validation loss decreased (0.123045 --> 0.122040).  Saving model ...
Updating learning rate to 9.591113638846019e-06
Epoch: 27 cost time: 3.7601308822631836
Epoch: 27, Steps: 29 | Train Loss: 0.0739105 Vali Loss: 0.1212857 Test Loss: 0.0589227
Validation loss decreased (0.122040 --> 0.121286).  Saving model ...
Updating learning rate to 9.769873204843885e-06
Epoch: 28 cost time: 3.7611196041107178
Epoch: 28, Steps: 29 | Train Loss: 0.0731077 Vali Loss: 0.1198207 Test Loss: 0.0582814
Validation loss decreased (0.121286 --> 0.119821).  Saving model ...
Updating learning rate to 9.898449090606656e-06
Epoch: 29 cost time: 3.7854764461517334
Epoch: 29, Steps: 29 | Train Loss: 0.0723885 Vali Loss: 0.1191468 Test Loss: 0.0575680
Validation loss decreased (0.119821 --> 0.119147).  Saving model ...
Updating learning rate to 9.975429350802846e-06
Epoch: 30 cost time: 3.7715682983398438
Epoch: 30, Steps: 29 | Train Loss: 0.0716657 Vali Loss: 0.1188640 Test Loss: 0.0567701
Validation loss decreased (0.119147 --> 0.118864).  Saving model ...
Updating learning rate to 9.99999401249548e-06
Epoch: 31 cost time: 3.7497153282165527
Epoch: 31, Steps: 29 | Train Loss: 0.0708968 Vali Loss: 0.1178568 Test Loss: 0.0568205
Validation loss decreased (0.118864 --> 0.117857).  Saving model ...
Updating learning rate to 9.994612212745642e-06
Epoch: 32 cost time: 3.8189609050750732
Epoch: 32, Steps: 29 | Train Loss: 0.0702315 Vali Loss: 0.1176913 Test Loss: 0.0558609
Validation loss decreased (0.117857 --> 0.117691).  Saving model ...
Updating learning rate to 9.979171968972798e-06
Epoch: 33 cost time: 3.81671142578125
Epoch: 33, Steps: 29 | Train Loss: 0.0694965 Vali Loss: 0.1167108 Test Loss: 0.0557166
Validation loss decreased (0.117691 --> 0.116711).  Saving model ...
Updating learning rate to 9.953704375773079e-06
Epoch: 34 cost time: 3.8124682903289795
Epoch: 34, Steps: 29 | Train Loss: 0.0689009 Vali Loss: 0.1159044 Test Loss: 0.0550786
Validation loss decreased (0.116711 --> 0.115904).  Saving model ...
Updating learning rate to 9.918260721489893e-06
Epoch: 35 cost time: 3.7516286373138428
Epoch: 35, Steps: 29 | Train Loss: 0.0681873 Vali Loss: 0.1145022 Test Loss: 0.0548391
Validation loss decreased (0.115904 --> 0.114502).  Saving model ...
Updating learning rate to 9.872912384926035e-06
Epoch: 36 cost time: 3.7611608505249023
Epoch: 36, Steps: 29 | Train Loss: 0.0675122 Vali Loss: 0.1148546 Test Loss: 0.0538839
EarlyStopping counter: 1 out of 10
Updating learning rate to 9.817750691596265e-06
Epoch: 37 cost time: 3.7542953491210938
Epoch: 37, Steps: 29 | Train Loss: 0.0668871 Vali Loss: 0.1138669 Test Loss: 0.0536213
Validation loss decreased (0.114502 --> 0.113867).  Saving model ...
Updating learning rate to 9.752886729809889e-06
Epoch: 38 cost time: 3.730558395385742
Epoch: 38, Steps: 29 | Train Loss: 0.0661674 Vali Loss: 0.1130157 Test Loss: 0.0531755
Validation loss decreased (0.113867 --> 0.113016).  Saving model ...
Updating learning rate to 9.678451126953676e-06
Epoch: 39 cost time: 3.819704055786133
Epoch: 39, Steps: 29 | Train Loss: 0.0655644 Vali Loss: 0.1120390 Test Loss: 0.0527535
Validation loss decreased (0.113016 --> 0.112039).  Saving model ...
Updating learning rate to 9.594593786425696e-06
Epoch: 40 cost time: 3.8615386486053467
Epoch: 40, Steps: 29 | Train Loss: 0.0649384 Vali Loss: 0.1121002 Test Loss: 0.0523472
EarlyStopping counter: 1 out of 10
Updating learning rate to 9.501483585749811e-06
Epoch: 41 cost time: 3.7153005599975586
Epoch: 41, Steps: 29 | Train Loss: 0.0643573 Vali Loss: 0.1109502 Test Loss: 0.0519412
Validation loss decreased (0.112039 --> 0.110950).  Saving model ...
Updating learning rate to 9.399308036478838e-06
Epoch: 42 cost time: 3.7865149974823
Epoch: 42, Steps: 29 | Train Loss: 0.0636876 Vali Loss: 0.1104112 Test Loss: 0.0514538
Validation loss decreased (0.110950 --> 0.110411).  Saving model ...
Updating learning rate to 9.288272906571216e-06
Epoch: 43 cost time: 3.830507755279541
Epoch: 43, Steps: 29 | Train Loss: 0.0630864 Vali Loss: 0.1094339 Test Loss: 0.0509523
Validation loss decreased (0.110411 --> 0.109434).  Saving model ...
Updating learning rate to 9.16860180600173e-06
Epoch: 44 cost time: 3.8181991577148438
Epoch: 44, Steps: 29 | Train Loss: 0.0625324 Vali Loss: 0.1089381 Test Loss: 0.0508786
Validation loss decreased (0.109434 --> 0.108938).  Saving model ...
Updating learning rate to 9.040535736440785e-06
Epoch: 45 cost time: 3.808455467224121
Epoch: 45, Steps: 29 | Train Loss: 0.0619562 Vali Loss: 0.1084825 Test Loss: 0.0499810
Validation loss decreased (0.108938 --> 0.108482).  Saving model ...
Updating learning rate to 8.904332605909106e-06
Epoch: 46 cost time: 3.8055243492126465
Epoch: 46, Steps: 29 | Train Loss: 0.0613152 Vali Loss: 0.1072925 Test Loss: 0.0501241
Validation loss decreased (0.108482 --> 0.107293).  Saving model ...
Updating learning rate to 8.760266709385311e-06
Epoch: 47 cost time: 3.829341411590576
Epoch: 47, Steps: 29 | Train Loss: 0.0607153 Vali Loss: 0.1063772 Test Loss: 0.0493745
Validation loss decreased (0.107293 --> 0.106377).  Saving model ...
Updating learning rate to 8.608628176412335e-06
Epoch: 48 cost time: 3.7942373752593994
Epoch: 48, Steps: 29 | Train Loss: 0.0601659 Vali Loss: 0.1050127 Test Loss: 0.0496877
Validation loss decreased (0.106377 --> 0.105013).  Saving model ...
Updating learning rate to 8.449722386815127e-06
Epoch: 49 cost time: 3.8379101753234863
Epoch: 49, Steps: 29 | Train Loss: 0.0596789 Vali Loss: 0.1049209 Test Loss: 0.0489469
Validation loss decreased (0.105013 --> 0.104921).  Saving model ...
Updating learning rate to 8.28386935570634e-06
Epoch: 50 cost time: 3.8029448986053467
Epoch: 50, Steps: 29 | Train Loss: 0.0590318 Vali Loss: 0.1039695 Test Loss: 0.0487583
Validation loss decreased (0.104921 --> 0.103969).  Saving model ...
Updating learning rate to 8.111403089018465e-06
Epoch: 51 cost time: 3.8383498191833496
Epoch: 51, Steps: 29 | Train Loss: 0.0585145 Vali Loss: 0.1034245 Test Loss: 0.0482919
Validation loss decreased (0.103969 --> 0.103425).  Saving model ...
Updating learning rate to 7.93267091086035e-06
Epoch: 52 cost time: 3.8714795112609863
Epoch: 52, Steps: 29 | Train Loss: 0.0580203 Vali Loss: 0.1028677 Test Loss: 0.0481165
Validation loss decreased (0.103425 --> 0.102868).  Saving model ...
Updating learning rate to 7.748032764052655e-06
Epoch: 53 cost time: 3.8681905269622803
Epoch: 53, Steps: 29 | Train Loss: 0.0574873 Vali Loss: 0.1023987 Test Loss: 0.0475708
Validation loss decreased (0.102868 --> 0.102399).  Saving model ...
Updating learning rate to 7.557860485250925e-06
Epoch: 54 cost time: 3.8433680534362793
Epoch: 54, Steps: 29 | Train Loss: 0.0569464 Vali Loss: 0.1019484 Test Loss: 0.0472283
Validation loss decreased (0.102399 --> 0.101948).  Saving model ...
Updating learning rate to 7.362537056116034e-06
Epoch: 55 cost time: 3.8637008666992188
Epoch: 55, Steps: 29 | Train Loss: 0.0564462 Vali Loss: 0.1010122 Test Loss: 0.0469457
Validation loss decreased (0.101948 --> 0.101012).  Saving model ...
Updating learning rate to 7.162455832040107e-06
Epoch: 56 cost time: 3.8621444702148438
Epoch: 56, Steps: 29 | Train Loss: 0.0559427 Vali Loss: 0.0999022 Test Loss: 0.0466818
Validation loss decreased (0.101012 --> 0.099902).  Saving model ...
Updating learning rate to 6.9580197499810984e-06
Epoch: 57 cost time: 3.8739373683929443
Epoch: 57, Steps: 29 | Train Loss: 0.0554251 Vali Loss: 0.0996501 Test Loss: 0.0462976
Validation loss decreased (0.099902 --> 0.099650).  Saving model ...
Updating learning rate to 6.7496405170013816e-06
Epoch: 58 cost time: 3.8312227725982666
Epoch: 58, Steps: 29 | Train Loss: 0.0549640 Vali Loss: 0.0988202 Test Loss: 0.0461076
Validation loss decreased (0.099650 --> 0.098820).  Saving model ...
Updating learning rate to 6.537737781144523e-06
Epoch: 59 cost time: 3.8611128330230713
Epoch: 59, Steps: 29 | Train Loss: 0.0544345 Vali Loss: 0.0985229 Test Loss: 0.0458121
Validation loss decreased (0.098820 --> 0.098523).  Saving model ...
Updating learning rate to 6.322738286319964e-06
Epoch: 60 cost time: 3.872882127761841
Epoch: 60, Steps: 29 | Train Loss: 0.0539929 Vali Loss: 0.0971264 Test Loss: 0.0454439
Validation loss decreased (0.098523 --> 0.097126).  Saving model ...
Updating learning rate to 6.105075012897585e-06
Epoch: 61 cost time: 3.8786444664001465
Epoch: 61, Steps: 29 | Train Loss: 0.0534747 Vali Loss: 0.0966219 Test Loss: 0.0450373
Validation loss decreased (0.097126 --> 0.096622).  Saving model ...
Updating learning rate to 5.885186305742857e-06
Epoch: 62 cost time: 3.907697916030884
Epoch: 62, Steps: 29 | Train Loss: 0.0530132 Vali Loss: 0.0958759 Test Loss: 0.0448614
Validation loss decreased (0.096622 --> 0.095876).  Saving model ...
Updating learning rate to 5.6635149914486225e-06
Epoch: 63 cost time: 3.8606276512145996
Epoch: 63, Steps: 29 | Train Loss: 0.0526270 Vali Loss: 0.0951146 Test Loss: 0.0444380
Validation loss decreased (0.095876 --> 0.095115).  Saving model ...
Updating learning rate to 5.440507486541268e-06
Epoch: 64 cost time: 3.881953716278076
Epoch: 64, Steps: 29 | Train Loss: 0.0520988 Vali Loss: 0.0945984 Test Loss: 0.0441383
Validation loss decreased (0.095115 --> 0.094598).  Saving model ...
Updating learning rate to 5.216612898457253e-06
Epoch: 65 cost time: 3.7785069942474365
Epoch: 65, Steps: 29 | Train Loss: 0.0516633 Vali Loss: 0.0934864 Test Loss: 0.0440352
Validation loss decreased (0.094598 --> 0.093486).  Saving model ...
Updating learning rate to 4.992282121100496e-06
Epoch: 66 cost time: 3.863386869430542
Epoch: 66, Steps: 29 | Train Loss: 0.0512200 Vali Loss: 0.0929768 Test Loss: 0.0436998
Validation loss decreased (0.093486 --> 0.092977).  Saving model ...
Updating learning rate to 4.767966926802067e-06
Epoch: 67 cost time: 3.872431516647339
Epoch: 67, Steps: 29 | Train Loss: 0.0508065 Vali Loss: 0.0920769 Test Loss: 0.0432996
Validation loss decreased (0.092977 --> 0.092077).  Saving model ...
Updating learning rate to 4.5441190565108235e-06
Epoch: 68 cost time: 3.894646644592285
Epoch: 68, Steps: 29 | Train Loss: 0.0504145 Vali Loss: 0.0923169 Test Loss: 0.0428285
EarlyStopping counter: 1 out of 10
Updating learning rate to 4.3211893100472735e-06
Epoch: 69 cost time: 3.965027332305908
Epoch: 69, Steps: 29 | Train Loss: 0.0499644 Vali Loss: 0.0907533 Test Loss: 0.0427347
Validation loss decreased (0.092077 --> 0.090753).  Saving model ...
Updating learning rate to 4.099626638252712e-06
Epoch: 70 cost time: 3.9896764755249023
Epoch: 70, Steps: 29 | Train Loss: 0.0495798 Vali Loss: 0.0896773 Test Loss: 0.0425511
Validation loss decreased (0.090753 --> 0.089677).  Saving model ...
Updating learning rate to 3.879877238861997e-06
Epoch: 71 cost time: 4.129133224487305
Epoch: 71, Steps: 29 | Train Loss: 0.0491774 Vali Loss: 0.0897090 Test Loss: 0.0420635
EarlyStopping counter: 1 out of 10
Updating learning rate to 3.662383657920668e-06
Epoch: 72 cost time: 3.903771162033081
Epoch: 72, Steps: 29 | Train Loss: 0.0487808 Vali Loss: 0.0890839 Test Loss: 0.0418495
Validation loss decreased (0.089677 --> 0.089084).  Saving model ...
Updating learning rate to 3.447583898556124e-06
Epoch: 73 cost time: 3.966212511062622
Epoch: 73, Steps: 29 | Train Loss: 0.0483770 Vali Loss: 0.0883106 Test Loss: 0.0415081
Validation loss decreased (0.089084 --> 0.088311).  Saving model ...
Updating learning rate to 3.2359105388976132e-06
Epoch: 74 cost time: 4.174756050109863
Epoch: 74, Steps: 29 | Train Loss: 0.0479808 Vali Loss: 0.0870768 Test Loss: 0.0413556
Validation loss decreased (0.088311 --> 0.087077).  Saving model ...
Updating learning rate to 3.027789860921434e-06
Epoch: 75 cost time: 3.9310662746429443
Epoch: 75, Steps: 29 | Train Loss: 0.0475339 Vali Loss: 0.0868708 Test Loss: 0.0409068
Validation loss decreased (0.087077 --> 0.086871).  Saving model ...
Updating learning rate to 2.8236409919757893e-06
Epoch: 76 cost time: 3.8643832206726074
Epoch: 76, Steps: 29 | Train Loss: 0.0472043 Vali Loss: 0.0863685 Test Loss: 0.0405469
Validation loss decreased (0.086871 --> 0.086369).  Saving model ...
Updating learning rate to 2.6238750607140637e-06
Epoch: 77 cost time: 3.8642637729644775
Epoch: 77, Steps: 29 | Train Loss: 0.0468384 Vali Loss: 0.0856566 Test Loss: 0.0403030
Validation loss decreased (0.086369 --> 0.085657).  Saving model ...
Updating learning rate to 2.4288943691364434e-06
Epoch: 78 cost time: 3.9645519256591797
Epoch: 78, Steps: 29 | Train Loss: 0.0464562 Vali Loss: 0.0848104 Test Loss: 0.0400422
Validation loss decreased (0.085657 --> 0.084810).  Saving model ...
Updating learning rate to 2.2390915824072217e-06
Epoch: 79 cost time: 3.823307991027832
Epoch: 79, Steps: 29 | Train Loss: 0.0460954 Vali Loss: 0.0842944 Test Loss: 0.0397633
Validation loss decreased (0.084810 --> 0.084294).  Saving model ...
Updating learning rate to 2.0548489380794217e-06
Epoch: 80 cost time: 3.9540855884552
Epoch: 80, Steps: 29 | Train Loss: 0.0456992 Vali Loss: 0.0837028 Test Loss: 0.0394381
Validation loss decreased (0.084294 --> 0.083703).  Saving model ...
Updating learning rate to 1.876537476319218e-06
Epoch: 81 cost time: 3.7971339225769043
Epoch: 81, Steps: 29 | Train Loss: 0.0454279 Vali Loss: 0.0830817 Test Loss: 0.0395107
Validation loss decreased (0.083703 --> 0.083082).  Saving model ...
Updating learning rate to 1.7045162926804444e-06
Epoch: 82 cost time: 3.8187620639801025
Epoch: 82, Steps: 29 | Train Loss: 0.0453685 Vali Loss: 0.0832555 Test Loss: 0.0394344
EarlyStopping counter: 1 out of 10
Updating learning rate to 1.5391318149339123e-06
Epoch: 83 cost time: 3.7745742797851562
Epoch: 83, Steps: 29 | Train Loss: 0.0453752 Vali Loss: 0.0835299 Test Loss: 0.0394019
EarlyStopping counter: 2 out of 10
Updating learning rate to 1.3807171054080036e-06
Epoch: 84 cost time: 3.7808713912963867
Epoch: 84, Steps: 29 | Train Loss: 0.0454285 Vali Loss: 0.0830276 Test Loss: 0.0394881
Validation loss decreased (0.083082 --> 0.083028).  Saving model ...
Updating learning rate to 1.2295911902454577e-06
Epoch: 85 cost time: 3.8918259143829346
Epoch: 85, Steps: 29 | Train Loss: 0.0453812 Vali Loss: 0.0833115 Test Loss: 0.0393938
EarlyStopping counter: 1 out of 10
Updating learning rate to 1.0860584169271784e-06
Epoch: 86 cost time: 3.998375654220581
Epoch: 86, Steps: 29 | Train Loss: 0.0453623 Vali Loss: 0.0834430 Test Loss: 0.0394680
EarlyStopping counter: 2 out of 10
Updating learning rate to 9.504078413569088e-07
Epoch: 87 cost time: 3.8071062564849854
Epoch: 87, Steps: 29 | Train Loss: 0.0453701 Vali Loss: 0.0833397 Test Loss: 0.0394249
EarlyStopping counter: 3 out of 10
Updating learning rate to 8.229126457411124e-07
Epoch: 88 cost time: 3.8412582874298096
Epoch: 88, Steps: 29 | Train Loss: 0.0453583 Vali Loss: 0.0830756 Test Loss: 0.0394808
EarlyStopping counter: 4 out of 10
Updating learning rate to 7.038295884363647e-07
Epoch: 89 cost time: 3.8750195503234863
Epoch: 89, Steps: 29 | Train Loss: 0.0453325 Vali Loss: 0.0833879 Test Loss: 0.0394546
EarlyStopping counter: 5 out of 10
Updating learning rate to 5.933984868721898e-07
Epoch: 90 cost time: 3.767594337463379
Epoch: 90, Steps: 29 | Train Loss: 0.0453375 Vali Loss: 0.0834456 Test Loss: 0.0394657
EarlyStopping counter: 6 out of 10
Updating learning rate to 4.918417345906772e-07
Epoch: 91 cost time: 3.81487774848938
Epoch: 91, Steps: 29 | Train Loss: 0.0453140 Vali Loss: 0.0832188 Test Loss: 0.0394677
EarlyStopping counter: 7 out of 10
Updating learning rate to 3.9936385337548097e-07
Epoch: 92 cost time: 3.845852851867676
Epoch: 92, Steps: 29 | Train Loss: 0.0453145 Vali Loss: 0.0832302 Test Loss: 0.0394832
EarlyStopping counter: 8 out of 10
Updating learning rate to 3.161510813721721e-07
Epoch: 93 cost time: 4.891062021255493
Epoch: 93, Steps: 29 | Train Loss: 0.0453455 Vali Loss: 0.0834352 Test Loss: 0.0394563
EarlyStopping counter: 9 out of 10
Updating learning rate to 2.4237099802938663e-07
Epoch: 94 cost time: 4.575404644012451
Epoch: 94, Steps: 29 | Train Loss: 0.0452966 Vali Loss: 0.0832789 Test Loss: 0.0394760
EarlyStopping counter: 10 out of 10
Early stopping
>>>>>>>testing : ETTh1_336_720_DTFNet_ETTh1_ftM_sl336_ll0_pl720_dm128_nh16_el2_br2_dl1_df256_fc1_ebtimeF_dtTrue_'Exp'_0_'rel_sin'_16_8_16,24_8,12_3_1_256<<<<<<<<<<<<<<<<<<<<<<<<<<<<<<<<<
test 2161
mse:0.4152063727378845, mae:0.441723108291626, rse:0.6188951134681702
