Args in experiment:
Namespace(is_training=1, model_id='ETTh1_336_720', model='DTFNet', data='ETTh1', root_path='./dataset/', data_path='ETTh1.csv', features='M', target='OT', freq='h', checkpoints='./checkpoints/', seq_len=336, label_len=0, pred_len=720, n_branches=2, patch_len_ls='16,24', stride_ls='8,12', d_model_ls='128', n_heads_ls='16', rel_pe="'rel_sin'", res_attn=False, head_type='flatten', fc_dropout=0.3, head_dropout=0.1, patch_len=16, stride=8, padding_patch="'end'", revin=1, affine=0, subtract_last=0, decomposition=0, kernel_size=25, individual=0, store_attn=False, pre_norm=False, pe='zeros', no_learn_pe=True, embed_type=0, enc_in=7, dec_in=7, c_out=7, d_model=128, n_heads=16, e_layers=2, d_layers=1, d_ff=256, moving_avg=25, factor=1, distil=True, dropout=0.3, embed='timeF', activation='gelu', output_attention=False, do_predict=False, num_workers=0, itr=1, train_epochs=100, batch_size=256, patience=10, learning_rate=1e-05, des="'Exp'", loss='mse', lradj='TST', pct_start=0.3, use_amp=False, l2=0.0, warmup_steps=0, use_gpu=True, gpu=0, use_multi_gpu=False, devices='0', test_flop=False, use_mlflow=False, mlflow_project='exp', loss_flag=2, sub_patch_len=16, sub_stride=8, stride_ls_list='16', model_type='linear', tfactor=3, dilation_rates='1', wavelet_layers=2, wavelet_type='db5', wavelet_mode='periodization', wavelet_dim=64, initTLV=0.2)
Use GPU: cuda:0
>>>>>>>start training : ETTh1_336_720_DTFNet_ETTh1_ftM_sl336_ll0_pl720_dm128_nh16_el2_br2_dl1_df256_fc1_ebtimeF_dtTrue_'Exp'_0_'rel_sin'_16_8_16,24_8,12_3_1_256>>>>>>>>>>>>>>>>>>>>>>>>>>
train 7585
val 2161
test 2161
Epoch: 1 cost time: 7.704997301101685
Epoch: 1, Steps: 29 | Train Loss: 0.1075231 Vali Loss: 0.1791664 Test Loss: 0.0996272
Validation loss decreased (inf --> 0.179166).  Saving model ...
Updating learning rate to 4.2635539919063106e-07
Epoch: 2 cost time: 4.2584898471832275
Epoch: 2, Steps: 29 | Train Loss: 0.1065746 Vali Loss: 0.1770286 Test Loss: 0.0987810
Validation loss decreased (0.179166 --> 0.177029).  Saving model ...
Updating learning rate to 5.051321771514831e-07
Epoch: 3 cost time: 4.2495341300964355
Epoch: 3, Steps: 29 | Train Loss: 0.1058002 Vali Loss: 0.1757711 Test Loss: 0.0978547
Validation loss decreased (0.177029 --> 0.175771).  Saving model ...
Updating learning rate to 6.354652532866785e-07
Epoch: 4 cost time: 4.247157573699951
Epoch: 4, Steps: 29 | Train Loss: 0.1048633 Vali Loss: 0.1739925 Test Loss: 0.0968726
Validation loss decreased (0.175771 --> 0.173993).  Saving model ...
Updating learning rate to 8.159233858256806e-07
Epoch: 5 cost time: 4.238293409347534
Epoch: 5, Steps: 29 | Train Loss: 0.1038871 Vali Loss: 0.1718720 Test Loss: 0.0957919
Validation loss decreased (0.173993 --> 0.171872).  Saving model ...
Updating learning rate to 1.0445248888850473e-06
Epoch: 6 cost time: 4.235154628753662
Epoch: 6, Steps: 29 | Train Loss: 0.1028694 Vali Loss: 0.1701768 Test Loss: 0.0945904
Validation loss decreased (0.171872 --> 0.170177).  Saving model ...
Updating learning rate to 1.3187593941861497e-06
Epoch: 7 cost time: 4.2340309619903564
Epoch: 7, Steps: 29 | Train Loss: 0.1017721 Vali Loss: 0.1680402 Test Loss: 0.0931961
Validation loss decreased (0.170177 --> 0.168040).  Saving model ...
Updating learning rate to 1.6356154184543822e-06
Epoch: 8 cost time: 4.263641357421875
Epoch: 8, Steps: 29 | Train Loss: 0.1005187 Vali Loss: 0.1651098 Test Loss: 0.0914855
Validation loss decreased (0.168040 --> 0.165110).  Saving model ...
Updating learning rate to 1.9916134337707666e-06
Epoch: 9 cost time: 4.286717653274536
Epoch: 9, Steps: 29 | Train Loss: 0.0990693 Vali Loss: 0.1623921 Test Loss: 0.0892909
Validation loss decreased (0.165110 --> 0.162392).  Saving model ...
Updating learning rate to 2.3828440777166636e-06
Epoch: 10 cost time: 4.207363843917847
Epoch: 10, Steps: 29 | Train Loss: 0.0972941 Vali Loss: 0.1579097 Test Loss: 0.0862653
Validation loss decreased (0.162392 --> 0.157910).  Saving model ...
Updating learning rate to 2.805011083710071e-06
Epoch: 11 cost time: 4.224346876144409
Epoch: 11, Steps: 29 | Train Loss: 0.0950717 Vali Loss: 0.1531541 Test Loss: 0.0822259
Validation loss decreased (0.157910 --> 0.153154).  Saving model ...
Updating learning rate to 3.2534784600976295e-06
Epoch: 12 cost time: 4.253525972366333
Epoch: 12, Steps: 29 | Train Loss: 0.0923285 Vali Loss: 0.1469613 Test Loss: 0.0777179
Validation loss decreased (0.153154 --> 0.146961).  Saving model ...
Updating learning rate to 3.723321399909056e-06
Epoch: 13 cost time: 4.2712414264678955
Epoch: 13, Steps: 29 | Train Loss: 0.0900229 Vali Loss: 0.1422469 Test Loss: 0.0746976
Validation loss decreased (0.146961 --> 0.142247).  Saving model ...
Updating learning rate to 4.209380362212844e-06
Epoch: 14 cost time: 4.237872362136841
Epoch: 14, Steps: 29 | Train Loss: 0.0880828 Vali Loss: 0.1390488 Test Loss: 0.0729248
Validation loss decreased (0.142247 --> 0.139049).  Saving model ...
Updating learning rate to 4.706317731183279e-06
Epoch: 15 cost time: 4.278735637664795
Epoch: 15, Steps: 29 | Train Loss: 0.0863528 Vali Loss: 0.1357456 Test Loss: 0.0709736
Validation loss decreased (0.139049 --> 0.135746).  Saving model ...
Updating learning rate to 5.208676430682048e-06
Epoch: 16 cost time: 4.2750327587127686
Epoch: 16, Steps: 29 | Train Loss: 0.0846208 Vali Loss: 0.1333601 Test Loss: 0.0690659
Validation loss decreased (0.135746 --> 0.133360).  Saving model ...
Updating learning rate to 5.710939850683244e-06
Epoch: 17 cost time: 4.271969318389893
Epoch: 17, Steps: 29 | Train Loss: 0.0830162 Vali Loss: 0.1315353 Test Loss: 0.0669515
Validation loss decreased (0.133360 --> 0.131535).  Saving model ...
Updating learning rate to 6.207592427464792e-06
Epoch: 18 cost time: 4.257562637329102
Epoch: 18, Steps: 29 | Train Loss: 0.0817147 Vali Loss: 0.1295765 Test Loss: 0.0657240
Validation loss decreased (0.131535 --> 0.129576).  Saving model ...
Updating learning rate to 6.693180212309968e-06
Epoch: 19 cost time: 4.258482456207275
Epoch: 19, Steps: 29 | Train Loss: 0.0804873 Vali Loss: 0.1285753 Test Loss: 0.0646681
Validation loss decreased (0.129576 --> 0.128575).  Saving model ...
Updating learning rate to 7.1623707635889015e-06
Epoch: 20 cost time: 4.256047487258911
Epoch: 20, Steps: 29 | Train Loss: 0.0795140 Vali Loss: 0.1272832 Test Loss: 0.0636667
Validation loss decreased (0.128575 --> 0.127283).  Saving model ...
Updating learning rate to 7.610011704520164e-06
Epoch: 21 cost time: 4.236535310745239
Epoch: 21, Steps: 29 | Train Loss: 0.0786366 Vali Loss: 0.1263469 Test Loss: 0.0628654
Validation loss decreased (0.127283 --> 0.126347).  Saving model ...
Updating learning rate to 8.031187303565295e-06
Epoch: 22 cost time: 4.22072434425354
Epoch: 22, Steps: 29 | Train Loss: 0.0778352 Vali Loss: 0.1252588 Test Loss: 0.0622751
Validation loss decreased (0.126347 --> 0.125259).  Saving model ...
Updating learning rate to 8.421272456123378e-06
Epoch: 23 cost time: 4.230790138244629
Epoch: 23, Steps: 29 | Train Loss: 0.0768940 Vali Loss: 0.1244075 Test Loss: 0.0611948
Validation loss decreased (0.125259 --> 0.124408).  Saving model ...
Updating learning rate to 8.775983474730246e-06
Epoch: 24 cost time: 4.259438753128052
Epoch: 24, Steps: 29 | Train Loss: 0.0761561 Vali Loss: 0.1229997 Test Loss: 0.0608098
Validation loss decreased (0.124408 --> 0.123000).  Saving model ...
Updating learning rate to 9.091425130013939e-06
Epoch: 25 cost time: 4.233356475830078
Epoch: 25, Steps: 29 | Train Loss: 0.0754197 Vali Loss: 0.1228824 Test Loss: 0.0597242
Validation loss decreased (0.123000 --> 0.122882).  Saving model ...
Updating learning rate to 9.364133425830145e-06
Epoch: 26 cost time: 4.268804550170898
Epoch: 26, Steps: 29 | Train Loss: 0.0746069 Vali Loss: 0.1214962 Test Loss: 0.0589852
Validation loss decreased (0.122882 --> 0.121496).  Saving model ...
Updating learning rate to 9.591113638846019e-06
Epoch: 27 cost time: 4.281747341156006
Epoch: 27, Steps: 29 | Train Loss: 0.0738172 Vali Loss: 0.1210136 Test Loss: 0.0586563
Validation loss decreased (0.121496 --> 0.121014).  Saving model ...
Updating learning rate to 9.769873204843885e-06
Epoch: 28 cost time: 4.255620718002319
Epoch: 28, Steps: 29 | Train Loss: 0.0730410 Vali Loss: 0.1201203 Test Loss: 0.0577527
Validation loss decreased (0.121014 --> 0.120120).  Saving model ...
Updating learning rate to 9.898449090606656e-06
Epoch: 29 cost time: 4.258607387542725
Epoch: 29, Steps: 29 | Train Loss: 0.0723089 Vali Loss: 0.1191705 Test Loss: 0.0572655
Validation loss decreased (0.120120 --> 0.119171).  Saving model ...
Updating learning rate to 9.975429350802846e-06
Epoch: 30 cost time: 4.258850574493408
Epoch: 30, Steps: 29 | Train Loss: 0.0715760 Vali Loss: 0.1183486 Test Loss: 0.0569655
Validation loss decreased (0.119171 --> 0.118349).  Saving model ...
Updating learning rate to 9.99999401249548e-06
Epoch: 31 cost time: 4.244860410690308
Epoch: 31, Steps: 29 | Train Loss: 0.0709026 Vali Loss: 0.1176169 Test Loss: 0.0561448
Validation loss decreased (0.118349 --> 0.117617).  Saving model ...
Updating learning rate to 9.994612212745642e-06
Epoch: 32 cost time: 4.2614288330078125
Epoch: 32, Steps: 29 | Train Loss: 0.0702083 Vali Loss: 0.1164997 Test Loss: 0.0561699
Validation loss decreased (0.117617 --> 0.116500).  Saving model ...
Updating learning rate to 9.979171968972798e-06
Epoch: 33 cost time: 4.24933934211731
Epoch: 33, Steps: 29 | Train Loss: 0.0695339 Vali Loss: 0.1162892 Test Loss: 0.0553083
Validation loss decreased (0.116500 --> 0.116289).  Saving model ...
Updating learning rate to 9.953704375773079e-06
Epoch: 34 cost time: 4.2480621337890625
Epoch: 34, Steps: 29 | Train Loss: 0.0687433 Vali Loss: 0.1156511 Test Loss: 0.0550753
Validation loss decreased (0.116289 --> 0.115651).  Saving model ...
Updating learning rate to 9.918260721489893e-06
Epoch: 35 cost time: 4.273425340652466
Epoch: 35, Steps: 29 | Train Loss: 0.0681066 Vali Loss: 0.1149142 Test Loss: 0.0545812
Validation loss decreased (0.115651 --> 0.114914).  Saving model ...
Updating learning rate to 9.872912384926035e-06
Epoch: 36 cost time: 4.276562929153442
Epoch: 36, Steps: 29 | Train Loss: 0.0673973 Vali Loss: 0.1146181 Test Loss: 0.0539612
Validation loss decreased (0.114914 --> 0.114618).  Saving model ...
Updating learning rate to 9.817750691596265e-06
Epoch: 37 cost time: 4.27152156829834
Epoch: 37, Steps: 29 | Train Loss: 0.0667812 Vali Loss: 0.1131613 Test Loss: 0.0535757
Validation loss decreased (0.114618 --> 0.113161).  Saving model ...
Updating learning rate to 9.752886729809889e-06
Epoch: 38 cost time: 4.2623796463012695
Epoch: 38, Steps: 29 | Train Loss: 0.0660841 Vali Loss: 0.1126426 Test Loss: 0.0535338
Validation loss decreased (0.113161 --> 0.112643).  Saving model ...
Updating learning rate to 9.678451126953676e-06
Epoch: 39 cost time: 4.245663642883301
Epoch: 39, Steps: 29 | Train Loss: 0.0654563 Vali Loss: 0.1120432 Test Loss: 0.0527639
Validation loss decreased (0.112643 --> 0.112043).  Saving model ...
Updating learning rate to 9.594593786425696e-06
Epoch: 40 cost time: 4.28666615486145
Epoch: 40, Steps: 29 | Train Loss: 0.0647810 Vali Loss: 0.1115182 Test Loss: 0.0527064
Validation loss decreased (0.112043 --> 0.111518).  Saving model ...
Updating learning rate to 9.501483585749811e-06
Epoch: 41 cost time: 4.264379978179932
Epoch: 41, Steps: 29 | Train Loss: 0.0641476 Vali Loss: 0.1110634 Test Loss: 0.0521639
Validation loss decreased (0.111518 --> 0.111063).  Saving model ...
Updating learning rate to 9.399308036478838e-06
Epoch: 42 cost time: 4.239618301391602
Epoch: 42, Steps: 29 | Train Loss: 0.0635619 Vali Loss: 0.1097637 Test Loss: 0.0516633
Validation loss decreased (0.111063 --> 0.109764).  Saving model ...
Updating learning rate to 9.288272906571216e-06
Epoch: 43 cost time: 4.226694583892822
Epoch: 43, Steps: 29 | Train Loss: 0.0629212 Vali Loss: 0.1090674 Test Loss: 0.0518185
Validation loss decreased (0.109764 --> 0.109067).  Saving model ...
Updating learning rate to 9.16860180600173e-06
Epoch: 44 cost time: 4.304286956787109
Epoch: 44, Steps: 29 | Train Loss: 0.0622916 Vali Loss: 0.1090704 Test Loss: 0.0510165
EarlyStopping counter: 1 out of 10
Updating learning rate to 9.040535736440785e-06
Epoch: 45 cost time: 4.255967617034912
Epoch: 45, Steps: 29 | Train Loss: 0.0617012 Vali Loss: 0.1083852 Test Loss: 0.0506293
Validation loss decreased (0.109067 --> 0.108385).  Saving model ...
Updating learning rate to 8.904332605909106e-06
Epoch: 46 cost time: 4.210957050323486
Epoch: 46, Steps: 29 | Train Loss: 0.0611078 Vali Loss: 0.1075574 Test Loss: 0.0502009
Validation loss decreased (0.108385 --> 0.107557).  Saving model ...
Updating learning rate to 8.760266709385311e-06
Epoch: 47 cost time: 4.173008918762207
Epoch: 47, Steps: 29 | Train Loss: 0.0605347 Vali Loss: 0.1058626 Test Loss: 0.0503601
Validation loss decreased (0.107557 --> 0.105863).  Saving model ...
Updating learning rate to 8.608628176412335e-06
Epoch: 48 cost time: 4.201200485229492
Epoch: 48, Steps: 29 | Train Loss: 0.0599851 Vali Loss: 0.1045809 Test Loss: 0.0503311
Validation loss decreased (0.105863 --> 0.104581).  Saving model ...
Updating learning rate to 8.449722386815127e-06
Epoch: 49 cost time: 4.268361568450928
Epoch: 49, Steps: 29 | Train Loss: 0.0594176 Vali Loss: 0.1041466 Test Loss: 0.0499688
Validation loss decreased (0.104581 --> 0.104147).  Saving model ...
Updating learning rate to 8.28386935570634e-06
Epoch: 50 cost time: 4.193156003952026
Epoch: 50, Steps: 29 | Train Loss: 0.0588165 Vali Loss: 0.1044240 Test Loss: 0.0491002
EarlyStopping counter: 1 out of 10
Updating learning rate to 8.111403089018465e-06
Epoch: 51 cost time: 4.167955160140991
Epoch: 51, Steps: 29 | Train Loss: 0.0582971 Vali Loss: 0.1032133 Test Loss: 0.0491637
Validation loss decreased (0.104147 --> 0.103213).  Saving model ...
Updating learning rate to 7.93267091086035e-06
Epoch: 52 cost time: 4.191848993301392
Epoch: 52, Steps: 29 | Train Loss: 0.0577988 Vali Loss: 0.1033757 Test Loss: 0.0483477
EarlyStopping counter: 1 out of 10
Updating learning rate to 7.748032764052655e-06
Epoch: 53 cost time: 4.125575542449951
Epoch: 53, Steps: 29 | Train Loss: 0.0572540 Vali Loss: 0.1020856 Test Loss: 0.0483002
Validation loss decreased (0.103213 --> 0.102086).  Saving model ...
Updating learning rate to 7.557860485250925e-06
Epoch: 54 cost time: 4.149141788482666
Epoch: 54, Steps: 29 | Train Loss: 0.0567113 Vali Loss: 0.1015996 Test Loss: 0.0477337
Validation loss decreased (0.102086 --> 0.101600).  Saving model ...
Updating learning rate to 7.362537056116034e-06
Epoch: 55 cost time: 4.210927963256836
Epoch: 55, Steps: 29 | Train Loss: 0.0561634 Vali Loss: 0.1010552 Test Loss: 0.0475911
Validation loss decreased (0.101600 --> 0.101055).  Saving model ...
Updating learning rate to 7.162455832040107e-06
Epoch: 56 cost time: 4.206402063369751
Epoch: 56, Steps: 29 | Train Loss: 0.0556690 Vali Loss: 0.0997060 Test Loss: 0.0472845
Validation loss decreased (0.101055 --> 0.099706).  Saving model ...
Updating learning rate to 6.9580197499810984e-06
Epoch: 57 cost time: 4.191918849945068
Epoch: 57, Steps: 29 | Train Loss: 0.0552042 Vali Loss: 0.0996361 Test Loss: 0.0468552
Validation loss decreased (0.099706 --> 0.099636).  Saving model ...
Updating learning rate to 6.7496405170013816e-06
Epoch: 58 cost time: 4.216966390609741
Epoch: 58, Steps: 29 | Train Loss: 0.0547692 Vali Loss: 0.0990117 Test Loss: 0.0465370
Validation loss decreased (0.099636 --> 0.099012).  Saving model ...
Updating learning rate to 6.537737781144523e-06
Epoch: 59 cost time: 4.212117671966553
Epoch: 59, Steps: 29 | Train Loss: 0.0542042 Vali Loss: 0.0981389 Test Loss: 0.0463839
Validation loss decreased (0.099012 --> 0.098139).  Saving model ...
Updating learning rate to 6.322738286319964e-06
Epoch: 60 cost time: 4.20164155960083
Epoch: 60, Steps: 29 | Train Loss: 0.0537341 Vali Loss: 0.0972245 Test Loss: 0.0460615
Validation loss decreased (0.098139 --> 0.097224).  Saving model ...
Updating learning rate to 6.105075012897585e-06
Epoch: 61 cost time: 4.212369203567505
Epoch: 61, Steps: 29 | Train Loss: 0.0532319 Vali Loss: 0.0964312 Test Loss: 0.0457351
Validation loss decreased (0.097224 --> 0.096431).  Saving model ...
Updating learning rate to 5.885186305742857e-06
Epoch: 62 cost time: 4.202016830444336
Epoch: 62, Steps: 29 | Train Loss: 0.0528559 Vali Loss: 0.0958467 Test Loss: 0.0454501
Validation loss decreased (0.096431 --> 0.095847).  Saving model ...
Updating learning rate to 5.6635149914486225e-06
Epoch: 63 cost time: 4.241162061691284
Epoch: 63, Steps: 29 | Train Loss: 0.0524197 Vali Loss: 0.0955311 Test Loss: 0.0451929
Validation loss decreased (0.095847 --> 0.095531).  Saving model ...
Updating learning rate to 5.440507486541268e-06
Epoch: 64 cost time: 4.221151351928711
Epoch: 64, Steps: 29 | Train Loss: 0.0519539 Vali Loss: 0.0947962 Test Loss: 0.0447549
Validation loss decreased (0.095531 --> 0.094796).  Saving model ...
Updating learning rate to 5.216612898457253e-06
Epoch: 65 cost time: 4.237319707870483
Epoch: 65, Steps: 29 | Train Loss: 0.0515053 Vali Loss: 0.0939874 Test Loss: 0.0445527
Validation loss decreased (0.094796 --> 0.093987).  Saving model ...
Updating learning rate to 4.992282121100496e-06
Epoch: 66 cost time: 4.222845554351807
Epoch: 66, Steps: 29 | Train Loss: 0.0510542 Vali Loss: 0.0931658 Test Loss: 0.0443031
Validation loss decreased (0.093987 --> 0.093166).  Saving model ...
Updating learning rate to 4.767966926802067e-06
Epoch: 67 cost time: 4.268731117248535
Epoch: 67, Steps: 29 | Train Loss: 0.0506463 Vali Loss: 0.0920818 Test Loss: 0.0440954
Validation loss decreased (0.093166 --> 0.092082).  Saving model ...
Updating learning rate to 4.5441190565108235e-06
Epoch: 68 cost time: 4.26310920715332
Epoch: 68, Steps: 29 | Train Loss: 0.0502294 Vali Loss: 0.0913587 Test Loss: 0.0438157
Validation loss decreased (0.092082 --> 0.091359).  Saving model ...
Updating learning rate to 4.3211893100472735e-06
Epoch: 69 cost time: 4.281951189041138
Epoch: 69, Steps: 29 | Train Loss: 0.0497763 Vali Loss: 0.0908153 Test Loss: 0.0433479
Validation loss decreased (0.091359 --> 0.090815).  Saving model ...
Updating learning rate to 4.099626638252712e-06
Epoch: 70 cost time: 4.253679275512695
Epoch: 70, Steps: 29 | Train Loss: 0.0494144 Vali Loss: 0.0907918 Test Loss: 0.0430118
Validation loss decreased (0.090815 --> 0.090792).  Saving model ...
Updating learning rate to 3.879877238861997e-06
Epoch: 71 cost time: 4.248103857040405
Epoch: 71, Steps: 29 | Train Loss: 0.0490081 Vali Loss: 0.0896164 Test Loss: 0.0427362
Validation loss decreased (0.090792 --> 0.089616).  Saving model ...
Updating learning rate to 3.662383657920668e-06
Epoch: 72 cost time: 4.239125728607178
Epoch: 72, Steps: 29 | Train Loss: 0.0486189 Vali Loss: 0.0886934 Test Loss: 0.0424414
Validation loss decreased (0.089616 --> 0.088693).  Saving model ...
Updating learning rate to 3.447583898556124e-06
Epoch: 73 cost time: 4.2657470703125
Epoch: 73, Steps: 29 | Train Loss: 0.0482318 Vali Loss: 0.0885466 Test Loss: 0.0420549
Validation loss decreased (0.088693 --> 0.088547).  Saving model ...
Updating learning rate to 3.2359105388976132e-06
Epoch: 74 cost time: 4.251476526260376
Epoch: 74, Steps: 29 | Train Loss: 0.0477957 Vali Loss: 0.0877369 Test Loss: 0.0418681
Validation loss decreased (0.088547 --> 0.087737).  Saving model ...
Updating learning rate to 3.027789860921434e-06
Epoch: 75 cost time: 4.279435157775879
Epoch: 75, Steps: 29 | Train Loss: 0.0474131 Vali Loss: 0.0867423 Test Loss: 0.0415727
Validation loss decreased (0.087737 --> 0.086742).  Saving model ...
Updating learning rate to 2.8236409919757893e-06
Epoch: 76 cost time: 4.2628960609436035
Epoch: 76, Steps: 29 | Train Loss: 0.0470856 Vali Loss: 0.0860900 Test Loss: 0.0414123
Validation loss decreased (0.086742 --> 0.086090).  Saving model ...
Updating learning rate to 2.6238750607140637e-06
Epoch: 77 cost time: 4.272334098815918
Epoch: 77, Steps: 29 | Train Loss: 0.0466646 Vali Loss: 0.0855193 Test Loss: 0.0409825
Validation loss decreased (0.086090 --> 0.085519).  Saving model ...
Updating learning rate to 2.4288943691364434e-06
Epoch: 78 cost time: 4.272926330566406
Epoch: 78, Steps: 29 | Train Loss: 0.0463097 Vali Loss: 0.0847539 Test Loss: 0.0407491
Validation loss decreased (0.085519 --> 0.084754).  Saving model ...
Updating learning rate to 2.2390915824072217e-06
Epoch: 79 cost time: 4.2782652378082275
Epoch: 79, Steps: 29 | Train Loss: 0.0459651 Vali Loss: 0.0842604 Test Loss: 0.0403351
Validation loss decreased (0.084754 --> 0.084260).  Saving model ...
Updating learning rate to 2.0548489380794217e-06
Epoch: 80 cost time: 4.2183661460876465
Epoch: 80, Steps: 29 | Train Loss: 0.0456173 Vali Loss: 0.0836204 Test Loss: 0.0400955
Validation loss decreased (0.084260 --> 0.083620).  Saving model ...
Updating learning rate to 1.876537476319218e-06
Epoch: 81 cost time: 4.231716156005859
Epoch: 81, Steps: 29 | Train Loss: 0.0452779 Vali Loss: 0.0837576 Test Loss: 0.0398945
EarlyStopping counter: 1 out of 10
Updating learning rate to 1.7045162926804444e-06
Epoch: 82 cost time: 4.281278610229492
Epoch: 82, Steps: 29 | Train Loss: 0.0452548 Vali Loss: 0.0830951 Test Loss: 0.0400578
Validation loss decreased (0.083620 --> 0.083095).  Saving model ...
Updating learning rate to 1.5391318149339123e-06
Epoch: 83 cost time: 4.273216009140015
Epoch: 83, Steps: 29 | Train Loss: 0.0452266 Vali Loss: 0.0832491 Test Loss: 0.0400754
EarlyStopping counter: 1 out of 10
Updating learning rate to 1.3807171054080036e-06
Epoch: 84 cost time: 4.305695295333862
Epoch: 84, Steps: 29 | Train Loss: 0.0452574 Vali Loss: 0.0832388 Test Loss: 0.0401102
EarlyStopping counter: 2 out of 10
Updating learning rate to 1.2295911902454577e-06
Epoch: 85 cost time: 4.295231342315674
Epoch: 85, Steps: 29 | Train Loss: 0.0452542 Vali Loss: 0.0833193 Test Loss: 0.0400535
EarlyStopping counter: 3 out of 10
Updating learning rate to 1.0860584169271784e-06
Epoch: 86 cost time: 4.247197151184082
Epoch: 86, Steps: 29 | Train Loss: 0.0452033 Vali Loss: 0.0834763 Test Loss: 0.0400936
EarlyStopping counter: 4 out of 10
Updating learning rate to 9.504078413569088e-07
Epoch: 87 cost time: 4.24451756477356
Epoch: 87, Steps: 29 | Train Loss: 0.0452195 Vali Loss: 0.0834496 Test Loss: 0.0400744
EarlyStopping counter: 5 out of 10
Updating learning rate to 8.229126457411124e-07
Epoch: 88 cost time: 4.23649525642395
Epoch: 88, Steps: 29 | Train Loss: 0.0452603 Vali Loss: 0.0834386 Test Loss: 0.0400744
EarlyStopping counter: 6 out of 10
Updating learning rate to 7.038295884363647e-07
Epoch: 89 cost time: 4.242633104324341
Epoch: 89, Steps: 29 | Train Loss: 0.0452299 Vali Loss: 0.0833866 Test Loss: 0.0401166
EarlyStopping counter: 7 out of 10
Updating learning rate to 5.933984868721898e-07
Epoch: 90 cost time: 4.235157012939453
Epoch: 90, Steps: 29 | Train Loss: 0.0452095 Vali Loss: 0.0834931 Test Loss: 0.0400734
EarlyStopping counter: 8 out of 10
Updating learning rate to 4.918417345906772e-07
Epoch: 91 cost time: 4.255568265914917
Epoch: 91, Steps: 29 | Train Loss: 0.0452252 Vali Loss: 0.0834302 Test Loss: 0.0400885
EarlyStopping counter: 9 out of 10
Updating learning rate to 3.9936385337548097e-07
Epoch: 92 cost time: 4.2751688957214355
Epoch: 92, Steps: 29 | Train Loss: 0.0452168 Vali Loss: 0.0836592 Test Loss: 0.0400745
EarlyStopping counter: 10 out of 10
Early stopping
>>>>>>>testing : ETTh1_336_720_DTFNet_ETTh1_ftM_sl336_ll0_pl720_dm128_nh16_el2_br2_dl1_df256_fc1_ebtimeF_dtTrue_'Exp'_0_'rel_sin'_16_8_16,24_8,12_3_1_256<<<<<<<<<<<<<<<<<<<<<<<<<<<<<<<<<
test 2161
mse:0.4250200688838959, mae:0.44748589396476746, rse:0.6261664628982544
