Args in experiment:
Namespace(is_training=1, model_id='ETTh1_336_720', model='DTFNet', data='ETTh1', root_path='./dataset/', data_path='ETTh1.csv', features='M', target='OT', freq='h', checkpoints='./checkpoints/', seq_len=336, label_len=0, pred_len=720, n_branches=2, patch_len_ls='16,24', stride_ls='8,12', d_model_ls='128', n_heads_ls='16', rel_pe="'rel_sin'", res_attn=False, head_type='flatten', fc_dropout=0.3, head_dropout=0.1, patch_len=16, stride=8, padding_patch="'end'", revin=1, affine=0, subtract_last=0, decomposition=0, kernel_size=25, individual=0, store_attn=False, pre_norm=False, pe='zeros', no_learn_pe=True, embed_type=0, enc_in=7, dec_in=7, c_out=7, d_model=128, n_heads=16, e_layers=2, d_layers=1, d_ff=256, moving_avg=25, factor=1, distil=True, dropout=0.3, embed='timeF', activation='gelu', output_attention=False, do_predict=False, num_workers=0, itr=1, train_epochs=100, batch_size=256, patience=10, learning_rate=1e-05, des="'Exp'", loss='mse', lradj='TST', pct_start=0.3, use_amp=False, l2=0.0, warmup_steps=0, use_gpu=True, gpu=0, use_multi_gpu=False, devices='0', test_flop=False, use_mlflow=False, mlflow_project='exp', loss_flag=2, sub_patch_len=16, sub_stride=8, stride_ls_list='16', model_type='linear', tfactor=3, dilation_rates='1', wavelet_layers=2, wavelet_type='db5', wavelet_mode='periodization', wavelet_dim=64, initTLV=0.2)
Use GPU: cuda:0
>>>>>>>start training : ETTh1_336_720_DTFNet_ETTh1_ftM_sl336_ll0_pl720_dm128_nh16_el2_br2_dl1_df256_fc1_ebtimeF_dtTrue_'Exp'_0_'rel_sin'_16_8_16,24_8,12_3_1_256>>>>>>>>>>>>>>>>>>>>>>>>>>
train 7585
val 2161
test 2161
Epoch: 1 cost time: 8.737468481063843
Epoch: 1, Steps: 29 | Train Loss: 0.1075559 Vali Loss: 0.1790658 Test Loss: 0.0997741
Validation loss decreased (inf --> 0.179066).  Saving model ...
Updating learning rate to 4.2635539919063106e-07
Epoch: 2 cost time: 3.7594733238220215
Epoch: 2, Steps: 29 | Train Loss: 0.1067290 Vali Loss: 0.1772770 Test Loss: 0.0989255
Validation loss decreased (0.179066 --> 0.177277).  Saving model ...
Updating learning rate to 5.051321771514831e-07
Epoch: 3 cost time: 3.829025983810425
Epoch: 3, Steps: 29 | Train Loss: 0.1058318 Vali Loss: 0.1757108 Test Loss: 0.0980106
Validation loss decreased (0.177277 --> 0.175711).  Saving model ...
Updating learning rate to 6.354652532866785e-07
Epoch: 4 cost time: 3.8204448223114014
Epoch: 4, Steps: 29 | Train Loss: 0.1048712 Vali Loss: 0.1740650 Test Loss: 0.0970287
Validation loss decreased (0.175711 --> 0.174065).  Saving model ...
Updating learning rate to 8.159233858256806e-07
Epoch: 5 cost time: 3.801168441772461
Epoch: 5, Steps: 29 | Train Loss: 0.1039731 Vali Loss: 0.1721812 Test Loss: 0.0959584
Validation loss decreased (0.174065 --> 0.172181).  Saving model ...
Updating learning rate to 1.0445248888850473e-06
Epoch: 6 cost time: 3.913635492324829
Epoch: 6, Steps: 29 | Train Loss: 0.1029855 Vali Loss: 0.1701967 Test Loss: 0.0947601
Validation loss decreased (0.172181 --> 0.170197).  Saving model ...
Updating learning rate to 1.3187593941861497e-06
Epoch: 7 cost time: 3.8291068077087402
Epoch: 7, Steps: 29 | Train Loss: 0.1018337 Vali Loss: 0.1682401 Test Loss: 0.0933813
Validation loss decreased (0.170197 --> 0.168240).  Saving model ...
Updating learning rate to 1.6356154184543822e-06
Epoch: 8 cost time: 3.745170831680298
Epoch: 8, Steps: 29 | Train Loss: 0.1006366 Vali Loss: 0.1656682 Test Loss: 0.0917103
Validation loss decreased (0.168240 --> 0.165668).  Saving model ...
Updating learning rate to 1.9916134337707666e-06
Epoch: 9 cost time: 3.9740071296691895
Epoch: 9, Steps: 29 | Train Loss: 0.0992277 Vali Loss: 0.1623696 Test Loss: 0.0895755
Validation loss decreased (0.165668 --> 0.162370).  Saving model ...
Updating learning rate to 2.3828440777166636e-06
Epoch: 10 cost time: 3.8991494178771973
Epoch: 10, Steps: 29 | Train Loss: 0.0973973 Vali Loss: 0.1582849 Test Loss: 0.0866639
Validation loss decreased (0.162370 --> 0.158285).  Saving model ...
Updating learning rate to 2.805011083710071e-06
Epoch: 11 cost time: 3.8409101963043213
Epoch: 11, Steps: 29 | Train Loss: 0.0951837 Vali Loss: 0.1530498 Test Loss: 0.0826435
Validation loss decreased (0.158285 --> 0.153050).  Saving model ...
Updating learning rate to 3.2534784600976295e-06
Epoch: 12 cost time: 3.939300298690796
Epoch: 12, Steps: 29 | Train Loss: 0.0924652 Vali Loss: 0.1470709 Test Loss: 0.0780533
Validation loss decreased (0.153050 --> 0.147071).  Saving model ...
Updating learning rate to 3.723321399909056e-06
Epoch: 13 cost time: 3.9493777751922607
Epoch: 13, Steps: 29 | Train Loss: 0.0900249 Vali Loss: 0.1426676 Test Loss: 0.0750031
Validation loss decreased (0.147071 --> 0.142668).  Saving model ...
Updating learning rate to 4.209380362212844e-06
Epoch: 14 cost time: 3.9288599491119385
Epoch: 14, Steps: 29 | Train Loss: 0.0881579 Vali Loss: 0.1392201 Test Loss: 0.0732537
Validation loss decreased (0.142668 --> 0.139220).  Saving model ...
Updating learning rate to 4.706317731183279e-06
Epoch: 15 cost time: 3.8635263442993164
Epoch: 15, Steps: 29 | Train Loss: 0.0863991 Vali Loss: 0.1361254 Test Loss: 0.0711130
Validation loss decreased (0.139220 --> 0.136125).  Saving model ...
Updating learning rate to 5.208676430682048e-06
Epoch: 16 cost time: 3.762033700942993
Epoch: 16, Steps: 29 | Train Loss: 0.0845644 Vali Loss: 0.1336653 Test Loss: 0.0690121
Validation loss decreased (0.136125 --> 0.133665).  Saving model ...
Updating learning rate to 5.710939850683244e-06
Epoch: 17 cost time: 3.768097400665283
Epoch: 17, Steps: 29 | Train Loss: 0.0829415 Vali Loss: 0.1313835 Test Loss: 0.0670338
Validation loss decreased (0.133665 --> 0.131384).  Saving model ...
Updating learning rate to 6.207592427464792e-06
Epoch: 18 cost time: 3.689889907836914
Epoch: 18, Steps: 29 | Train Loss: 0.0816609 Vali Loss: 0.1296465 Test Loss: 0.0657521
Validation loss decreased (0.131384 --> 0.129646).  Saving model ...
Updating learning rate to 6.693180212309968e-06
Epoch: 19 cost time: 3.760380744934082
Epoch: 19, Steps: 29 | Train Loss: 0.0805238 Vali Loss: 0.1285299 Test Loss: 0.0647378
Validation loss decreased (0.129646 --> 0.128530).  Saving model ...
Updating learning rate to 7.1623707635889015e-06
Epoch: 20 cost time: 4.009997606277466
Epoch: 20, Steps: 29 | Train Loss: 0.0795588 Vali Loss: 0.1281150 Test Loss: 0.0638504
Validation loss decreased (0.128530 --> 0.128115).  Saving model ...
Updating learning rate to 7.610011704520164e-06
Epoch: 21 cost time: 3.760796308517456
Epoch: 21, Steps: 29 | Train Loss: 0.0786424 Vali Loss: 0.1263437 Test Loss: 0.0631703
Validation loss decreased (0.128115 --> 0.126344).  Saving model ...
Updating learning rate to 8.031187303565295e-06
Epoch: 22 cost time: 4.219125986099243
Epoch: 22, Steps: 29 | Train Loss: 0.0778494 Vali Loss: 0.1256111 Test Loss: 0.0623769
Validation loss decreased (0.126344 --> 0.125611).  Saving model ...
Updating learning rate to 8.421272456123378e-06
Epoch: 23 cost time: 3.9075088500976562
Epoch: 23, Steps: 29 | Train Loss: 0.0770339 Vali Loss: 0.1245342 Test Loss: 0.0613406
Validation loss decreased (0.125611 --> 0.124534).  Saving model ...
Updating learning rate to 8.775983474730246e-06
Epoch: 24 cost time: 3.977490186691284
Epoch: 24, Steps: 29 | Train Loss: 0.0761486 Vali Loss: 0.1235488 Test Loss: 0.0607824
Validation loss decreased (0.124534 --> 0.123549).  Saving model ...
Updating learning rate to 9.091425130013939e-06
Epoch: 25 cost time: 4.094451665878296
Epoch: 25, Steps: 29 | Train Loss: 0.0754407 Vali Loss: 0.1228296 Test Loss: 0.0600030
Validation loss decreased (0.123549 --> 0.122830).  Saving model ...
Updating learning rate to 9.364133425830145e-06
Epoch: 26 cost time: 3.8970794677734375
Epoch: 26, Steps: 29 | Train Loss: 0.0747000 Vali Loss: 0.1220874 Test Loss: 0.0592245
Validation loss decreased (0.122830 --> 0.122087).  Saving model ...
Updating learning rate to 9.591113638846019e-06
Epoch: 27 cost time: 4.033433437347412
Epoch: 27, Steps: 29 | Train Loss: 0.0738956 Vali Loss: 0.1214188 Test Loss: 0.0584370
Validation loss decreased (0.122087 --> 0.121419).  Saving model ...
Updating learning rate to 9.769873204843885e-06
Epoch: 28 cost time: 4.046633005142212
Epoch: 28, Steps: 29 | Train Loss: 0.0731966 Vali Loss: 0.1207612 Test Loss: 0.0580583
Validation loss decreased (0.121419 --> 0.120761).  Saving model ...
Updating learning rate to 9.898449090606656e-06
Epoch: 29 cost time: 3.939897060394287
Epoch: 29, Steps: 29 | Train Loss: 0.0723884 Vali Loss: 0.1199641 Test Loss: 0.0574363
Validation loss decreased (0.120761 --> 0.119964).  Saving model ...
Updating learning rate to 9.975429350802846e-06
Epoch: 30 cost time: 3.8983428478240967
Epoch: 30, Steps: 29 | Train Loss: 0.0716636 Vali Loss: 0.1194599 Test Loss: 0.0568520
Validation loss decreased (0.119964 --> 0.119460).  Saving model ...
Updating learning rate to 9.99999401249548e-06
Epoch: 31 cost time: 3.931450843811035
Epoch: 31, Steps: 29 | Train Loss: 0.0709720 Vali Loss: 0.1178446 Test Loss: 0.0567978
Validation loss decreased (0.119460 --> 0.117845).  Saving model ...
Updating learning rate to 9.994612212745642e-06
Epoch: 32 cost time: 4.070425748825073
Epoch: 32, Steps: 29 | Train Loss: 0.0702191 Vali Loss: 0.1178098 Test Loss: 0.0557967
Validation loss decreased (0.117845 --> 0.117810).  Saving model ...
Updating learning rate to 9.979171968972798e-06
Epoch: 33 cost time: 3.923248767852783
Epoch: 33, Steps: 29 | Train Loss: 0.0695657 Vali Loss: 0.1163008 Test Loss: 0.0558944
Validation loss decreased (0.117810 --> 0.116301).  Saving model ...
Updating learning rate to 9.953704375773079e-06
Epoch: 34 cost time: 4.001112222671509
Epoch: 34, Steps: 29 | Train Loss: 0.0688960 Vali Loss: 0.1160194 Test Loss: 0.0552651
Validation loss decreased (0.116301 --> 0.116019).  Saving model ...
Updating learning rate to 9.918260721489893e-06
Epoch: 35 cost time: 3.9898998737335205
Epoch: 35, Steps: 29 | Train Loss: 0.0681999 Vali Loss: 0.1153545 Test Loss: 0.0545314
Validation loss decreased (0.116019 --> 0.115355).  Saving model ...
Updating learning rate to 9.872912384926035e-06
Epoch: 36 cost time: 4.22430157661438
Epoch: 36, Steps: 29 | Train Loss: 0.0674822 Vali Loss: 0.1146677 Test Loss: 0.0542692
Validation loss decreased (0.115355 --> 0.114668).  Saving model ...
Updating learning rate to 9.817750691596265e-06
Epoch: 37 cost time: 3.8969414234161377
Epoch: 37, Steps: 29 | Train Loss: 0.0667944 Vali Loss: 0.1140741 Test Loss: 0.0536175
Validation loss decreased (0.114668 --> 0.114074).  Saving model ...
Updating learning rate to 9.752886729809889e-06
Epoch: 38 cost time: 4.009449481964111
Epoch: 38, Steps: 29 | Train Loss: 0.0661644 Vali Loss: 0.1141734 Test Loss: 0.0529684
EarlyStopping counter: 1 out of 10
Updating learning rate to 9.678451126953676e-06
Epoch: 39 cost time: 4.456285715103149
Epoch: 39, Steps: 29 | Train Loss: 0.0654870 Vali Loss: 0.1133207 Test Loss: 0.0526070
Validation loss decreased (0.114074 --> 0.113321).  Saving model ...
Updating learning rate to 9.594593786425696e-06
Epoch: 40 cost time: 4.316955089569092
Epoch: 40, Steps: 29 | Train Loss: 0.0648153 Vali Loss: 0.1121165 Test Loss: 0.0524619
Validation loss decreased (0.113321 --> 0.112116).  Saving model ...
Updating learning rate to 9.501483585749811e-06
Epoch: 41 cost time: 4.327741384506226
Epoch: 41, Steps: 29 | Train Loss: 0.0642345 Vali Loss: 0.1124689 Test Loss: 0.0522053
EarlyStopping counter: 1 out of 10
Updating learning rate to 9.399308036478838e-06
Epoch: 42 cost time: 4.392608165740967
Epoch: 42, Steps: 29 | Train Loss: 0.0636019 Vali Loss: 0.1114798 Test Loss: 0.0516516
Validation loss decreased (0.112116 --> 0.111480).  Saving model ...
Updating learning rate to 9.288272906571216e-06
Epoch: 43 cost time: 4.337084770202637
Epoch: 43, Steps: 29 | Train Loss: 0.0629666 Vali Loss: 0.1100492 Test Loss: 0.0514548
Validation loss decreased (0.111480 --> 0.110049).  Saving model ...
Updating learning rate to 9.16860180600173e-06
Epoch: 44 cost time: 4.320803880691528
Epoch: 44, Steps: 29 | Train Loss: 0.0623371 Vali Loss: 0.1091039 Test Loss: 0.0511985
Validation loss decreased (0.110049 --> 0.109104).  Saving model ...
Updating learning rate to 9.040535736440785e-06
Epoch: 45 cost time: 4.342178583145142
Epoch: 45, Steps: 29 | Train Loss: 0.0617588 Vali Loss: 0.1082489 Test Loss: 0.0508130
Validation loss decreased (0.109104 --> 0.108249).  Saving model ...
Updating learning rate to 8.904332605909106e-06
Epoch: 46 cost time: 4.334157943725586
Epoch: 46, Steps: 29 | Train Loss: 0.0611348 Vali Loss: 0.1076471 Test Loss: 0.0505914
Validation loss decreased (0.108249 --> 0.107647).  Saving model ...
Updating learning rate to 8.760266709385311e-06
Epoch: 47 cost time: 4.301799535751343
Epoch: 47, Steps: 29 | Train Loss: 0.0605579 Vali Loss: 0.1076015 Test Loss: 0.0499096
Validation loss decreased (0.107647 --> 0.107601).  Saving model ...
Updating learning rate to 8.608628176412335e-06
Epoch: 48 cost time: 4.337169408798218
Epoch: 48, Steps: 29 | Train Loss: 0.0600341 Vali Loss: 0.1064969 Test Loss: 0.0497367
Validation loss decreased (0.107601 --> 0.106497).  Saving model ...
Updating learning rate to 8.449722386815127e-06
Epoch: 49 cost time: 4.337917327880859
Epoch: 49, Steps: 29 | Train Loss: 0.0593964 Vali Loss: 0.1061576 Test Loss: 0.0493749
Validation loss decreased (0.106497 --> 0.106158).  Saving model ...
Updating learning rate to 8.28386935570634e-06
Epoch: 50 cost time: 4.336946249008179
Epoch: 50, Steps: 29 | Train Loss: 0.0588811 Vali Loss: 0.1053207 Test Loss: 0.0492951
Validation loss decreased (0.106158 --> 0.105321).  Saving model ...
Updating learning rate to 8.111403089018465e-06
Epoch: 51 cost time: 4.328013181686401
Epoch: 51, Steps: 29 | Train Loss: 0.0583541 Vali Loss: 0.1042892 Test Loss: 0.0488883
Validation loss decreased (0.105321 --> 0.104289).  Saving model ...
Updating learning rate to 7.93267091086035e-06
Epoch: 52 cost time: 4.347681283950806
Epoch: 52, Steps: 29 | Train Loss: 0.0577880 Vali Loss: 0.1038607 Test Loss: 0.0485278
Validation loss decreased (0.104289 --> 0.103861).  Saving model ...
Updating learning rate to 7.748032764052655e-06
Epoch: 53 cost time: 4.34786319732666
Epoch: 53, Steps: 29 | Train Loss: 0.0573064 Vali Loss: 0.1023708 Test Loss: 0.0483323
Validation loss decreased (0.103861 --> 0.102371).  Saving model ...
Updating learning rate to 7.557860485250925e-06
Epoch: 54 cost time: 4.354430437088013
Epoch: 54, Steps: 29 | Train Loss: 0.0567677 Vali Loss: 0.1021238 Test Loss: 0.0479377
Validation loss decreased (0.102371 --> 0.102124).  Saving model ...
Updating learning rate to 7.362537056116034e-06
Epoch: 55 cost time: 4.306658029556274
Epoch: 55, Steps: 29 | Train Loss: 0.0562560 Vali Loss: 0.1015286 Test Loss: 0.0476892
Validation loss decreased (0.102124 --> 0.101529).  Saving model ...
Updating learning rate to 7.162455832040107e-06
Epoch: 56 cost time: 4.327378749847412
Epoch: 56, Steps: 29 | Train Loss: 0.0557236 Vali Loss: 0.1014080 Test Loss: 0.0470679
Validation loss decreased (0.101529 --> 0.101408).  Saving model ...
Updating learning rate to 6.9580197499810984e-06
Epoch: 57 cost time: 4.3481926918029785
Epoch: 57, Steps: 29 | Train Loss: 0.0552650 Vali Loss: 0.0998710 Test Loss: 0.0471062
Validation loss decreased (0.101408 --> 0.099871).  Saving model ...
Updating learning rate to 6.7496405170013816e-06
Epoch: 58 cost time: 4.333723783493042
Epoch: 58, Steps: 29 | Train Loss: 0.0547749 Vali Loss: 0.0995811 Test Loss: 0.0466486
Validation loss decreased (0.099871 --> 0.099581).  Saving model ...
Updating learning rate to 6.537737781144523e-06
Epoch: 59 cost time: 4.359009265899658
Epoch: 59, Steps: 29 | Train Loss: 0.0542803 Vali Loss: 0.0979861 Test Loss: 0.0466151
Validation loss decreased (0.099581 --> 0.097986).  Saving model ...
Updating learning rate to 6.322738286319964e-06
Epoch: 60 cost time: 4.293245077133179
Epoch: 60, Steps: 29 | Train Loss: 0.0538186 Vali Loss: 0.0975846 Test Loss: 0.0460265
Validation loss decreased (0.097986 --> 0.097585).  Saving model ...
Updating learning rate to 6.105075012897585e-06
Epoch: 61 cost time: 4.309402227401733
Epoch: 61, Steps: 29 | Train Loss: 0.0533716 Vali Loss: 0.0964254 Test Loss: 0.0459844
Validation loss decreased (0.097585 --> 0.096425).  Saving model ...
Updating learning rate to 5.885186305742857e-06
Epoch: 62 cost time: 4.312939405441284
Epoch: 62, Steps: 29 | Train Loss: 0.0529426 Vali Loss: 0.0969845 Test Loss: 0.0452789
EarlyStopping counter: 1 out of 10
Updating learning rate to 5.6635149914486225e-06
Epoch: 63 cost time: 4.3114025592803955
Epoch: 63, Steps: 29 | Train Loss: 0.0524444 Vali Loss: 0.0948088 Test Loss: 0.0453280
Validation loss decreased (0.096425 --> 0.094809).  Saving model ...
Updating learning rate to 5.440507486541268e-06
Epoch: 64 cost time: 4.285907983779907
Epoch: 64, Steps: 29 | Train Loss: 0.0519990 Vali Loss: 0.0945127 Test Loss: 0.0448738
Validation loss decreased (0.094809 --> 0.094513).  Saving model ...
Updating learning rate to 5.216612898457253e-06
Epoch: 65 cost time: 4.321776390075684
Epoch: 65, Steps: 29 | Train Loss: 0.0515613 Vali Loss: 0.0943081 Test Loss: 0.0444551
Validation loss decreased (0.094513 --> 0.094308).  Saving model ...
Updating learning rate to 4.992282121100496e-06
Epoch: 66 cost time: 4.325230836868286
Epoch: 66, Steps: 29 | Train Loss: 0.0510820 Vali Loss: 0.0936860 Test Loss: 0.0441054
Validation loss decreased (0.094308 --> 0.093686).  Saving model ...
Updating learning rate to 4.767966926802067e-06
Epoch: 67 cost time: 4.269232749938965
Epoch: 67, Steps: 29 | Train Loss: 0.0507277 Vali Loss: 0.0919542 Test Loss: 0.0441926
Validation loss decreased (0.093686 --> 0.091954).  Saving model ...
Updating learning rate to 4.5441190565108235e-06
Epoch: 68 cost time: 4.293349742889404
Epoch: 68, Steps: 29 | Train Loss: 0.0502536 Vali Loss: 0.0921375 Test Loss: 0.0435998
EarlyStopping counter: 1 out of 10
Updating learning rate to 4.3211893100472735e-06
Epoch: 69 cost time: 4.3448166847229
Epoch: 69, Steps: 29 | Train Loss: 0.0498749 Vali Loss: 0.0911199 Test Loss: 0.0433671
Validation loss decreased (0.091954 --> 0.091120).  Saving model ...
Updating learning rate to 4.099626638252712e-06
Epoch: 70 cost time: 4.32638955116272
Epoch: 70, Steps: 29 | Train Loss: 0.0494324 Vali Loss: 0.0907894 Test Loss: 0.0429348
Validation loss decreased (0.091120 --> 0.090789).  Saving model ...
Updating learning rate to 3.879877238861997e-06
Epoch: 71 cost time: 4.3585364818573
Epoch: 71, Steps: 29 | Train Loss: 0.0490491 Vali Loss: 0.0897074 Test Loss: 0.0427742
Validation loss decreased (0.090789 --> 0.089707).  Saving model ...
Updating learning rate to 3.662383657920668e-06
Epoch: 72 cost time: 4.326223611831665
Epoch: 72, Steps: 29 | Train Loss: 0.0486692 Vali Loss: 0.0892965 Test Loss: 0.0423578
Validation loss decreased (0.089707 --> 0.089297).  Saving model ...
Updating learning rate to 3.447583898556124e-06
Epoch: 73 cost time: 4.363613128662109
Epoch: 73, Steps: 29 | Train Loss: 0.0482931 Vali Loss: 0.0886065 Test Loss: 0.0421009
Validation loss decreased (0.089297 --> 0.088607).  Saving model ...
Updating learning rate to 3.2359105388976132e-06
Epoch: 74 cost time: 4.311634063720703
Epoch: 74, Steps: 29 | Train Loss: 0.0478772 Vali Loss: 0.0877172 Test Loss: 0.0418037
Validation loss decreased (0.088607 --> 0.087717).  Saving model ...
Updating learning rate to 3.027789860921434e-06
Epoch: 75 cost time: 4.289591312408447
Epoch: 75, Steps: 29 | Train Loss: 0.0474804 Vali Loss: 0.0874358 Test Loss: 0.0414307
Validation loss decreased (0.087717 --> 0.087436).  Saving model ...
Updating learning rate to 2.8236409919757893e-06
Epoch: 76 cost time: 4.269003629684448
Epoch: 76, Steps: 29 | Train Loss: 0.0470881 Vali Loss: 0.0865534 Test Loss: 0.0411580
Validation loss decreased (0.087436 --> 0.086553).  Saving model ...
Updating learning rate to 2.6238750607140637e-06
Epoch: 77 cost time: 4.349247217178345
Epoch: 77, Steps: 29 | Train Loss: 0.0467102 Vali Loss: 0.0857689 Test Loss: 0.0409052
Validation loss decreased (0.086553 --> 0.085769).  Saving model ...
Updating learning rate to 2.4288943691364434e-06
Epoch: 78 cost time: 4.329794406890869
Epoch: 78, Steps: 29 | Train Loss: 0.0463828 Vali Loss: 0.0853228 Test Loss: 0.0406243
Validation loss decreased (0.085769 --> 0.085323).  Saving model ...
Updating learning rate to 2.2390915824072217e-06
Epoch: 79 cost time: 4.320388078689575
Epoch: 79, Steps: 29 | Train Loss: 0.0460268 Vali Loss: 0.0843533 Test Loss: 0.0403557
Validation loss decreased (0.085323 --> 0.084353).  Saving model ...
Updating learning rate to 2.0548489380794217e-06
Epoch: 80 cost time: 4.325035333633423
Epoch: 80, Steps: 29 | Train Loss: 0.0456713 Vali Loss: 0.0837369 Test Loss: 0.0400584
Validation loss decreased (0.084353 --> 0.083737).  Saving model ...
Updating learning rate to 1.876537476319218e-06
Epoch: 81 cost time: 4.333514928817749
Epoch: 81, Steps: 29 | Train Loss: 0.0453334 Vali Loss: 0.0836438 Test Loss: 0.0399734
Validation loss decreased (0.083737 --> 0.083644).  Saving model ...
Updating learning rate to 1.7045162926804444e-06
Epoch: 82 cost time: 4.350919723510742
Epoch: 82, Steps: 29 | Train Loss: 0.0452928 Vali Loss: 0.0837792 Test Loss: 0.0398461
EarlyStopping counter: 1 out of 10
Updating learning rate to 1.5391318149339123e-06
Epoch: 83 cost time: 4.354321479797363
Epoch: 83, Steps: 29 | Train Loss: 0.0452752 Vali Loss: 0.0833917 Test Loss: 0.0399605
Validation loss decreased (0.083644 --> 0.083392).  Saving model ...
Updating learning rate to 1.3807171054080036e-06
Epoch: 84 cost time: 4.3242433071136475
Epoch: 84, Steps: 29 | Train Loss: 0.0452818 Vali Loss: 0.0835155 Test Loss: 0.0399985
EarlyStopping counter: 1 out of 10
Updating learning rate to 1.2295911902454577e-06
Epoch: 85 cost time: 4.315436840057373
Epoch: 85, Steps: 29 | Train Loss: 0.0452578 Vali Loss: 0.0835696 Test Loss: 0.0399519
EarlyStopping counter: 2 out of 10
Updating learning rate to 1.0860584169271784e-06
Epoch: 86 cost time: 4.346579074859619
Epoch: 86, Steps: 29 | Train Loss: 0.0452387 Vali Loss: 0.0836282 Test Loss: 0.0399410
EarlyStopping counter: 3 out of 10
Updating learning rate to 9.504078413569088e-07
Epoch: 87 cost time: 4.308991193771362
Epoch: 87, Steps: 29 | Train Loss: 0.0452874 Vali Loss: 0.0838138 Test Loss: 0.0399539
EarlyStopping counter: 4 out of 10
Updating learning rate to 8.229126457411124e-07
Epoch: 88 cost time: 4.315290927886963
Epoch: 88, Steps: 29 | Train Loss: 0.0452661 Vali Loss: 0.0835721 Test Loss: 0.0400027
EarlyStopping counter: 5 out of 10
Updating learning rate to 7.038295884363647e-07
Epoch: 89 cost time: 4.29645299911499
Epoch: 89, Steps: 29 | Train Loss: 0.0452508 Vali Loss: 0.0834810 Test Loss: 0.0399371
EarlyStopping counter: 6 out of 10
Updating learning rate to 5.933984868721898e-07
Epoch: 90 cost time: 4.3111231327056885
Epoch: 90, Steps: 29 | Train Loss: 0.0452529 Vali Loss: 0.0835424 Test Loss: 0.0399946
EarlyStopping counter: 7 out of 10
Updating learning rate to 4.918417345906772e-07
Epoch: 91 cost time: 4.361322402954102
Epoch: 91, Steps: 29 | Train Loss: 0.0452710 Vali Loss: 0.0836334 Test Loss: 0.0399696
EarlyStopping counter: 8 out of 10
Updating learning rate to 3.9936385337548097e-07
Epoch: 92 cost time: 4.342471361160278
Epoch: 92, Steps: 29 | Train Loss: 0.0452581 Vali Loss: 0.0835726 Test Loss: 0.0399719
EarlyStopping counter: 9 out of 10
Updating learning rate to 3.161510813721721e-07
Epoch: 93 cost time: 4.321326017379761
Epoch: 93, Steps: 29 | Train Loss: 0.0452614 Vali Loss: 0.0837699 Test Loss: 0.0399881
EarlyStopping counter: 10 out of 10
Early stopping
>>>>>>>testing : ETTh1_336_720_DTFNet_ETTh1_ftM_sl336_ll0_pl720_dm128_nh16_el2_br2_dl1_df256_fc1_ebtimeF_dtTrue_'Exp'_0_'rel_sin'_16_8_16,24_8,12_3_1_256<<<<<<<<<<<<<<<<<<<<<<<<<<<<<<<<<
test 2161
mse:0.4222189784049988, mae:0.44650375843048096, rse:0.6240996718406677
