Args in experiment:
Namespace(is_training=1, model_id='ETTh1_336_720', model='DTFNet', data='ETTh1', root_path='./dataset/', data_path='ETTh1.csv', features='M', target='OT', freq='h', checkpoints='./checkpoints/', seq_len=336, label_len=0, pred_len=720, n_branches=2, patch_len_ls='16,24', stride_ls='8,12', d_model_ls='128', n_heads_ls='16', rel_pe="'rel_sin'", res_attn=False, head_type='flatten', fc_dropout=0.3, head_dropout=0.1, patch_len=16, stride=8, padding_patch="'end'", revin=1, affine=0, subtract_last=0, decomposition=0, kernel_size=25, individual=0, store_attn=False, pre_norm=False, pe='zeros', no_learn_pe=True, embed_type=0, enc_in=7, dec_in=7, c_out=7, d_model=128, n_heads=16, e_layers=2, d_layers=1, d_ff=256, moving_avg=25, factor=1, distil=True, dropout=0.3, embed='timeF', activation='gelu', output_attention=False, do_predict=False, num_workers=0, itr=1, train_epochs=100, batch_size=256, patience=10, learning_rate=1e-05, des="'Exp'", loss='mse', lradj='TST', pct_start=0.3, use_amp=False, l2=0.0, warmup_steps=0, use_gpu=True, gpu=0, use_multi_gpu=False, devices='0', test_flop=False, use_mlflow=False, mlflow_project='exp', loss_flag=2, sub_patch_len=16, sub_stride=8, stride_ls_list='16', model_type='linear', tfactor=3, dilation_rates='1', wavelet_layers=2, wavelet_type='db5', wavelet_mode='periodization', wavelet_dim=64, initTLV=0.2)
Use GPU: cuda:0
>>>>>>>start training : ETTh1_336_720_DTFNet_ETTh1_ftM_sl336_ll0_pl720_dm128_nh16_el2_br2_dl1_df256_fc1_ebtimeF_dtTrue_'Exp'_0_'rel_sin'_16_8_16,24_8,12_3_1_256>>>>>>>>>>>>>>>>>>>>>>>>>>
train 7585
val 2161
test 2161
Epoch: 1 cost time: 7.9354283809661865
Epoch: 1, Steps: 29 | Train Loss: 0.1076497 Vali Loss: 0.1791439 Test Loss: 0.0998925
Validation loss decreased (inf --> 0.179144).  Saving model ...
Updating learning rate to 4.2635539919063106e-07
Epoch: 2 cost time: 4.326568365097046
Epoch: 2, Steps: 29 | Train Loss: 0.1067300 Vali Loss: 0.1775480 Test Loss: 0.0990479
Validation loss decreased (0.179144 --> 0.177548).  Saving model ...
Updating learning rate to 5.051321771514831e-07
Epoch: 3 cost time: 4.308893442153931
Epoch: 3, Steps: 29 | Train Loss: 0.1058591 Vali Loss: 0.1760115 Test Loss: 0.0981224
Validation loss decreased (0.177548 --> 0.176011).  Saving model ...
Updating learning rate to 6.354652532866785e-07
Epoch: 4 cost time: 4.306058645248413
Epoch: 4, Steps: 29 | Train Loss: 0.1048333 Vali Loss: 0.1740094 Test Loss: 0.0971312
Validation loss decreased (0.176011 --> 0.174009).  Saving model ...
Updating learning rate to 8.159233858256806e-07
Epoch: 5 cost time: 4.311739206314087
Epoch: 5, Steps: 29 | Train Loss: 0.1039619 Vali Loss: 0.1726673 Test Loss: 0.0960487
Validation loss decreased (0.174009 --> 0.172667).  Saving model ...
Updating learning rate to 1.0445248888850473e-06
Epoch: 6 cost time: 4.286971569061279
Epoch: 6, Steps: 29 | Train Loss: 0.1029028 Vali Loss: 0.1700280 Test Loss: 0.0948275
Validation loss decreased (0.172667 --> 0.170028).  Saving model ...
Updating learning rate to 1.3187593941861497e-06
Epoch: 7 cost time: 4.282352685928345
Epoch: 7, Steps: 29 | Train Loss: 0.1018137 Vali Loss: 0.1678710 Test Loss: 0.0934092
Validation loss decreased (0.170028 --> 0.167871).  Saving model ...
Updating learning rate to 1.6356154184543822e-06
Epoch: 8 cost time: 4.304123163223267
Epoch: 8, Steps: 29 | Train Loss: 0.1006067 Vali Loss: 0.1655339 Test Loss: 0.0917066
Validation loss decreased (0.167871 --> 0.165534).  Saving model ...
Updating learning rate to 1.9916134337707666e-06
Epoch: 9 cost time: 4.295508146286011
Epoch: 9, Steps: 29 | Train Loss: 0.0990945 Vali Loss: 0.1621094 Test Loss: 0.0894910
Validation loss decreased (0.165534 --> 0.162109).  Saving model ...
Updating learning rate to 2.3828440777166636e-06
Epoch: 10 cost time: 4.294190406799316
Epoch: 10, Steps: 29 | Train Loss: 0.0973133 Vali Loss: 0.1581009 Test Loss: 0.0864575
Validation loss decreased (0.162109 --> 0.158101).  Saving model ...
Updating learning rate to 2.805011083710071e-06
Epoch: 11 cost time: 4.299312591552734
Epoch: 11, Steps: 29 | Train Loss: 0.0949956 Vali Loss: 0.1527598 Test Loss: 0.0823521
Validation loss decreased (0.158101 --> 0.152760).  Saving model ...
Updating learning rate to 3.2534784600976295e-06
Epoch: 12 cost time: 4.3290393352508545
Epoch: 12, Steps: 29 | Train Loss: 0.0923808 Vali Loss: 0.1465085 Test Loss: 0.0779034
Validation loss decreased (0.152760 --> 0.146509).  Saving model ...
Updating learning rate to 3.723321399909056e-06
Epoch: 13 cost time: 4.316980838775635
Epoch: 13, Steps: 29 | Train Loss: 0.0899192 Vali Loss: 0.1420649 Test Loss: 0.0750878
Validation loss decreased (0.146509 --> 0.142065).  Saving model ...
Updating learning rate to 4.209380362212844e-06
Epoch: 14 cost time: 4.288442373275757
Epoch: 14, Steps: 29 | Train Loss: 0.0881223 Vali Loss: 0.1393819 Test Loss: 0.0734094
Validation loss decreased (0.142065 --> 0.139382).  Saving model ...
Updating learning rate to 4.706317731183279e-06
Epoch: 15 cost time: 4.296197175979614
Epoch: 15, Steps: 29 | Train Loss: 0.0863778 Vali Loss: 0.1360745 Test Loss: 0.0714175
Validation loss decreased (0.139382 --> 0.136075).  Saving model ...
Updating learning rate to 5.208676430682048e-06
Epoch: 16 cost time: 4.293851137161255
Epoch: 16, Steps: 29 | Train Loss: 0.0846614 Vali Loss: 0.1337071 Test Loss: 0.0692601
Validation loss decreased (0.136075 --> 0.133707).  Saving model ...
Updating learning rate to 5.710939850683244e-06
Epoch: 17 cost time: 4.311054944992065
Epoch: 17, Steps: 29 | Train Loss: 0.0831230 Vali Loss: 0.1317684 Test Loss: 0.0673015
Validation loss decreased (0.133707 --> 0.131768).  Saving model ...
Updating learning rate to 6.207592427464792e-06
Epoch: 18 cost time: 4.310863018035889
Epoch: 18, Steps: 29 | Train Loss: 0.0818371 Vali Loss: 0.1301924 Test Loss: 0.0658022
Validation loss decreased (0.131768 --> 0.130192).  Saving model ...
Updating learning rate to 6.693180212309968e-06
Epoch: 19 cost time: 4.256267547607422
Epoch: 19, Steps: 29 | Train Loss: 0.0806254 Vali Loss: 0.1288787 Test Loss: 0.0650159
Validation loss decreased (0.130192 --> 0.128879).  Saving model ...
Updating learning rate to 7.1623707635889015e-06
Epoch: 20 cost time: 4.2857725620269775
Epoch: 20, Steps: 29 | Train Loss: 0.0795411 Vali Loss: 0.1280786 Test Loss: 0.0638908
Validation loss decreased (0.128879 --> 0.128079).  Saving model ...
Updating learning rate to 7.610011704520164e-06
Epoch: 21 cost time: 4.332788944244385
Epoch: 21, Steps: 29 | Train Loss: 0.0786264 Vali Loss: 0.1268717 Test Loss: 0.0629126
Validation loss decreased (0.128079 --> 0.126872).  Saving model ...
Updating learning rate to 8.031187303565295e-06
Epoch: 22 cost time: 4.30971360206604
Epoch: 22, Steps: 29 | Train Loss: 0.0777567 Vali Loss: 0.1257470 Test Loss: 0.0621800
Validation loss decreased (0.126872 --> 0.125747).  Saving model ...
Updating learning rate to 8.421272456123378e-06
Epoch: 23 cost time: 4.3218913078308105
Epoch: 23, Steps: 29 | Train Loss: 0.0769196 Vali Loss: 0.1250443 Test Loss: 0.0613991
Validation loss decreased (0.125747 --> 0.125044).  Saving model ...
Updating learning rate to 8.775983474730246e-06
Epoch: 24 cost time: 4.286719083786011
Epoch: 24, Steps: 29 | Train Loss: 0.0761933 Vali Loss: 0.1240948 Test Loss: 0.0607939
Validation loss decreased (0.125044 --> 0.124095).  Saving model ...
Updating learning rate to 9.091425130013939e-06
Epoch: 25 cost time: 4.2703447341918945
Epoch: 25, Steps: 29 | Train Loss: 0.0753015 Vali Loss: 0.1233891 Test Loss: 0.0599781
Validation loss decreased (0.124095 --> 0.123389).  Saving model ...
Updating learning rate to 9.364133425830145e-06
Epoch: 26 cost time: 4.288293838500977
Epoch: 26, Steps: 29 | Train Loss: 0.0745273 Vali Loss: 0.1224017 Test Loss: 0.0593526
Validation loss decreased (0.123389 --> 0.122402).  Saving model ...
Updating learning rate to 9.591113638846019e-06
Epoch: 27 cost time: 4.28892183303833
Epoch: 27, Steps: 29 | Train Loss: 0.0738281 Vali Loss: 0.1219013 Test Loss: 0.0585603
Validation loss decreased (0.122402 --> 0.121901).  Saving model ...
Updating learning rate to 9.769873204843885e-06
Epoch: 28 cost time: 4.294475317001343
Epoch: 28, Steps: 29 | Train Loss: 0.0730541 Vali Loss: 0.1206901 Test Loss: 0.0577513
Validation loss decreased (0.121901 --> 0.120690).  Saving model ...
Updating learning rate to 9.898449090606656e-06
Epoch: 29 cost time: 4.2862231731414795
Epoch: 29, Steps: 29 | Train Loss: 0.0723269 Vali Loss: 0.1201005 Test Loss: 0.0572050
Validation loss decreased (0.120690 --> 0.120100).  Saving model ...
Updating learning rate to 9.975429350802846e-06
Epoch: 30 cost time: 4.2858922481536865
Epoch: 30, Steps: 29 | Train Loss: 0.0715845 Vali Loss: 0.1189847 Test Loss: 0.0568336
Validation loss decreased (0.120100 --> 0.118985).  Saving model ...
Updating learning rate to 9.99999401249548e-06
Epoch: 31 cost time: 4.313781023025513
Epoch: 31, Steps: 29 | Train Loss: 0.0708887 Vali Loss: 0.1182960 Test Loss: 0.0563674
Validation loss decreased (0.118985 --> 0.118296).  Saving model ...
Updating learning rate to 9.994612212745642e-06
Epoch: 32 cost time: 4.2936012744903564
Epoch: 32, Steps: 29 | Train Loss: 0.0702694 Vali Loss: 0.1172001 Test Loss: 0.0559039
Validation loss decreased (0.118296 --> 0.117200).  Saving model ...
Updating learning rate to 9.979171968972798e-06
Epoch: 33 cost time: 4.316797494888306
Epoch: 33, Steps: 29 | Train Loss: 0.0695141 Vali Loss: 0.1166375 Test Loss: 0.0552502
Validation loss decreased (0.117200 --> 0.116637).  Saving model ...
Updating learning rate to 9.953704375773079e-06
Epoch: 34 cost time: 4.288414239883423
Epoch: 34, Steps: 29 | Train Loss: 0.0688206 Vali Loss: 0.1161673 Test Loss: 0.0549898
Validation loss decreased (0.116637 --> 0.116167).  Saving model ...
Updating learning rate to 9.918260721489893e-06
Epoch: 35 cost time: 4.305778503417969
Epoch: 35, Steps: 29 | Train Loss: 0.0682172 Vali Loss: 0.1151951 Test Loss: 0.0544702
Validation loss decreased (0.116167 --> 0.115195).  Saving model ...
Updating learning rate to 9.872912384926035e-06
Epoch: 36 cost time: 4.327142238616943
Epoch: 36, Steps: 29 | Train Loss: 0.0674604 Vali Loss: 0.1144610 Test Loss: 0.0542172
Validation loss decreased (0.115195 --> 0.114461).  Saving model ...
Updating learning rate to 9.817750691596265e-06
Epoch: 37 cost time: 4.2982892990112305
Epoch: 37, Steps: 29 | Train Loss: 0.0668265 Vali Loss: 0.1136215 Test Loss: 0.0536846
Validation loss decreased (0.114461 --> 0.113621).  Saving model ...
Updating learning rate to 9.752886729809889e-06
Epoch: 38 cost time: 4.327080488204956
Epoch: 38, Steps: 29 | Train Loss: 0.0661571 Vali Loss: 0.1131743 Test Loss: 0.0531617
Validation loss decreased (0.113621 --> 0.113174).  Saving model ...
Updating learning rate to 9.678451126953676e-06
Epoch: 39 cost time: 4.309141635894775
Epoch: 39, Steps: 29 | Train Loss: 0.0654993 Vali Loss: 0.1118494 Test Loss: 0.0528991
Validation loss decreased (0.113174 --> 0.111849).  Saving model ...
Updating learning rate to 9.594593786425696e-06
Epoch: 40 cost time: 4.276376247406006
Epoch: 40, Steps: 29 | Train Loss: 0.0648735 Vali Loss: 0.1118617 Test Loss: 0.0523182
EarlyStopping counter: 1 out of 10
Updating learning rate to 9.501483585749811e-06
Epoch: 41 cost time: 4.245690107345581
Epoch: 41, Steps: 29 | Train Loss: 0.0642647 Vali Loss: 0.1102758 Test Loss: 0.0519055
Validation loss decreased (0.111849 --> 0.110276).  Saving model ...
Updating learning rate to 9.399308036478838e-06
Epoch: 42 cost time: 4.3144001960754395
Epoch: 42, Steps: 29 | Train Loss: 0.0636405 Vali Loss: 0.1110497 Test Loss: 0.0514769
EarlyStopping counter: 1 out of 10
Updating learning rate to 9.288272906571216e-06
Epoch: 43 cost time: 4.2243499755859375
Epoch: 43, Steps: 29 | Train Loss: 0.0629757 Vali Loss: 0.1096171 Test Loss: 0.0512649
Validation loss decreased (0.110276 --> 0.109617).  Saving model ...
Updating learning rate to 9.16860180600173e-06
Epoch: 44 cost time: 4.3077216148376465
Epoch: 44, Steps: 29 | Train Loss: 0.0623616 Vali Loss: 0.1091677 Test Loss: 0.0508217
Validation loss decreased (0.109617 --> 0.109168).  Saving model ...
Updating learning rate to 9.040535736440785e-06
Epoch: 45 cost time: 4.315401077270508
Epoch: 45, Steps: 29 | Train Loss: 0.0617899 Vali Loss: 0.1087380 Test Loss: 0.0503377
Validation loss decreased (0.109168 --> 0.108738).  Saving model ...
Updating learning rate to 8.904332605909106e-06
Epoch: 46 cost time: 4.327338933944702
Epoch: 46, Steps: 29 | Train Loss: 0.0611876 Vali Loss: 0.1077303 Test Loss: 0.0500355
Validation loss decreased (0.108738 --> 0.107730).  Saving model ...
Updating learning rate to 8.760266709385311e-06
Epoch: 47 cost time: 4.2896928787231445
Epoch: 47, Steps: 29 | Train Loss: 0.0606373 Vali Loss: 0.1062831 Test Loss: 0.0498673
Validation loss decreased (0.107730 --> 0.106283).  Saving model ...
Updating learning rate to 8.608628176412335e-06
Epoch: 48 cost time: 4.343870639801025
Epoch: 48, Steps: 29 | Train Loss: 0.0600907 Vali Loss: 0.1047226 Test Loss: 0.0497688
Validation loss decreased (0.106283 --> 0.104723).  Saving model ...
Updating learning rate to 8.449722386815127e-06
Epoch: 49 cost time: 4.415825128555298
Epoch: 49, Steps: 29 | Train Loss: 0.0595406 Vali Loss: 0.1039747 Test Loss: 0.0496098
Validation loss decreased (0.104723 --> 0.103975).  Saving model ...
Updating learning rate to 8.28386935570634e-06
Epoch: 50 cost time: 4.28291654586792
Epoch: 50, Steps: 29 | Train Loss: 0.0589766 Vali Loss: 0.1039600 Test Loss: 0.0490693
Validation loss decreased (0.103975 --> 0.103960).  Saving model ...
Updating learning rate to 8.111403089018465e-06
Epoch: 51 cost time: 4.25324559211731
Epoch: 51, Steps: 29 | Train Loss: 0.0584277 Vali Loss: 0.1034110 Test Loss: 0.0483632
Validation loss decreased (0.103960 --> 0.103411).  Saving model ...
Updating learning rate to 7.93267091086035e-06
Epoch: 52 cost time: 4.251173496246338
Epoch: 52, Steps: 29 | Train Loss: 0.0578767 Vali Loss: 0.1026489 Test Loss: 0.0482648
Validation loss decreased (0.103411 --> 0.102649).  Saving model ...
Updating learning rate to 7.748032764052655e-06
Epoch: 53 cost time: 4.284941673278809
Epoch: 53, Steps: 29 | Train Loss: 0.0573371 Vali Loss: 0.1025245 Test Loss: 0.0476548
Validation loss decreased (0.102649 --> 0.102525).  Saving model ...
Updating learning rate to 7.557860485250925e-06
Epoch: 54 cost time: 4.263509750366211
Epoch: 54, Steps: 29 | Train Loss: 0.0568241 Vali Loss: 0.1017374 Test Loss: 0.0474332
Validation loss decreased (0.102525 --> 0.101737).  Saving model ...
Updating learning rate to 7.362537056116034e-06
Epoch: 55 cost time: 4.2436182498931885
Epoch: 55, Steps: 29 | Train Loss: 0.0563710 Vali Loss: 0.1010135 Test Loss: 0.0471750
Validation loss decreased (0.101737 --> 0.101013).  Saving model ...
Updating learning rate to 7.162455832040107e-06
Epoch: 56 cost time: 4.25286602973938
Epoch: 56, Steps: 29 | Train Loss: 0.0558395 Vali Loss: 0.1009097 Test Loss: 0.0466968
Validation loss decreased (0.101013 --> 0.100910).  Saving model ...
Updating learning rate to 6.9580197499810984e-06
Epoch: 57 cost time: 4.265620708465576
Epoch: 57, Steps: 29 | Train Loss: 0.0553462 Vali Loss: 0.0997903 Test Loss: 0.0464815
Validation loss decreased (0.100910 --> 0.099790).  Saving model ...
Updating learning rate to 6.7496405170013816e-06
Epoch: 58 cost time: 4.270421028137207
Epoch: 58, Steps: 29 | Train Loss: 0.0548551 Vali Loss: 0.0989144 Test Loss: 0.0461169
Validation loss decreased (0.099790 --> 0.098914).  Saving model ...
Updating learning rate to 6.537737781144523e-06
Epoch: 59 cost time: 4.26807165145874
Epoch: 59, Steps: 29 | Train Loss: 0.0544091 Vali Loss: 0.0984119 Test Loss: 0.0458937
Validation loss decreased (0.098914 --> 0.098412).  Saving model ...
Updating learning rate to 6.322738286319964e-06
Epoch: 60 cost time: 4.26188588142395
Epoch: 60, Steps: 29 | Train Loss: 0.0539431 Vali Loss: 0.0974728 Test Loss: 0.0455380
Validation loss decreased (0.098412 --> 0.097473).  Saving model ...
Updating learning rate to 6.105075012897585e-06
Epoch: 61 cost time: 4.322233438491821
Epoch: 61, Steps: 29 | Train Loss: 0.0534259 Vali Loss: 0.0961380 Test Loss: 0.0453498
Validation loss decreased (0.097473 --> 0.096138).  Saving model ...
Updating learning rate to 5.885186305742857e-06
Epoch: 62 cost time: 4.295794486999512
Epoch: 62, Steps: 29 | Train Loss: 0.0529770 Vali Loss: 0.0957288 Test Loss: 0.0449662
Validation loss decreased (0.096138 --> 0.095729).  Saving model ...
Updating learning rate to 5.6635149914486225e-06
Epoch: 63 cost time: 4.304731130599976
Epoch: 63, Steps: 29 | Train Loss: 0.0525555 Vali Loss: 0.0950903 Test Loss: 0.0446490
Validation loss decreased (0.095729 --> 0.095090).  Saving model ...
Updating learning rate to 5.440507486541268e-06
Epoch: 64 cost time: 4.226722002029419
Epoch: 64, Steps: 29 | Train Loss: 0.0521165 Vali Loss: 0.0940485 Test Loss: 0.0443899
Validation loss decreased (0.095090 --> 0.094049).  Saving model ...
Updating learning rate to 5.216612898457253e-06
Epoch: 65 cost time: 4.263473272323608
Epoch: 65, Steps: 29 | Train Loss: 0.0516426 Vali Loss: 0.0938972 Test Loss: 0.0440633
Validation loss decreased (0.094049 --> 0.093897).  Saving model ...
Updating learning rate to 4.992282121100496e-06
Epoch: 66 cost time: 4.317787408828735
Epoch: 66, Steps: 29 | Train Loss: 0.0512240 Vali Loss: 0.0929358 Test Loss: 0.0437071
Validation loss decreased (0.093897 --> 0.092936).  Saving model ...
Updating learning rate to 4.767966926802067e-06
Epoch: 67 cost time: 4.24456787109375
Epoch: 67, Steps: 29 | Train Loss: 0.0508086 Vali Loss: 0.0926261 Test Loss: 0.0433145
Validation loss decreased (0.092936 --> 0.092626).  Saving model ...
Updating learning rate to 4.5441190565108235e-06
Epoch: 68 cost time: 4.316648721694946
Epoch: 68, Steps: 29 | Train Loss: 0.0503735 Vali Loss: 0.0915861 Test Loss: 0.0431660
Validation loss decreased (0.092626 --> 0.091586).  Saving model ...
Updating learning rate to 4.3211893100472735e-06
Epoch: 69 cost time: 4.240194797515869
Epoch: 69, Steps: 29 | Train Loss: 0.0499252 Vali Loss: 0.0910845 Test Loss: 0.0427548
Validation loss decreased (0.091586 --> 0.091085).  Saving model ...
Updating learning rate to 4.099626638252712e-06
Epoch: 70 cost time: 4.2714760303497314
Epoch: 70, Steps: 29 | Train Loss: 0.0495364 Vali Loss: 0.0906983 Test Loss: 0.0423853
Validation loss decreased (0.091085 --> 0.090698).  Saving model ...
Updating learning rate to 3.879877238861997e-06
Epoch: 71 cost time: 4.345551490783691
Epoch: 71, Steps: 29 | Train Loss: 0.0490928 Vali Loss: 0.0893814 Test Loss: 0.0421407
Validation loss decreased (0.090698 --> 0.089381).  Saving model ...
Updating learning rate to 3.662383657920668e-06
Epoch: 72 cost time: 4.287743330001831
Epoch: 72, Steps: 29 | Train Loss: 0.0487237 Vali Loss: 0.0885085 Test Loss: 0.0419961
Validation loss decreased (0.089381 --> 0.088509).  Saving model ...
Updating learning rate to 3.447583898556124e-06
Epoch: 73 cost time: 4.303025484085083
Epoch: 73, Steps: 29 | Train Loss: 0.0483123 Vali Loss: 0.0883238 Test Loss: 0.0415877
Validation loss decreased (0.088509 --> 0.088324).  Saving model ...
Updating learning rate to 3.2359105388976132e-06
Epoch: 74 cost time: 4.289740085601807
Epoch: 74, Steps: 29 | Train Loss: 0.0479494 Vali Loss: 0.0875384 Test Loss: 0.0412483
Validation loss decreased (0.088324 --> 0.087538).  Saving model ...
Updating learning rate to 3.027789860921434e-06
Epoch: 75 cost time: 4.268640995025635
Epoch: 75, Steps: 29 | Train Loss: 0.0475647 Vali Loss: 0.0864770 Test Loss: 0.0410777
Validation loss decreased (0.087538 --> 0.086477).  Saving model ...
Updating learning rate to 2.8236409919757893e-06
Epoch: 76 cost time: 4.315560340881348
Epoch: 76, Steps: 29 | Train Loss: 0.0471639 Vali Loss: 0.0860371 Test Loss: 0.0406927
Validation loss decreased (0.086477 --> 0.086037).  Saving model ...
Updating learning rate to 2.6238750607140637e-06
Epoch: 77 cost time: 4.288147449493408
Epoch: 77, Steps: 29 | Train Loss: 0.0468430 Vali Loss: 0.0849353 Test Loss: 0.0404998
Validation loss decreased (0.086037 --> 0.084935).  Saving model ...
Updating learning rate to 2.4288943691364434e-06
Epoch: 78 cost time: 4.305696964263916
Epoch: 78, Steps: 29 | Train Loss: 0.0464689 Vali Loss: 0.0848146 Test Loss: 0.0400755
Validation loss decreased (0.084935 --> 0.084815).  Saving model ...
Updating learning rate to 2.2390915824072217e-06
Epoch: 79 cost time: 4.260399580001831
Epoch: 79, Steps: 29 | Train Loss: 0.0460947 Vali Loss: 0.0840725 Test Loss: 0.0398835
Validation loss decreased (0.084815 --> 0.084072).  Saving model ...
Updating learning rate to 2.0548489380794217e-06
Epoch: 80 cost time: 4.298274278640747
Epoch: 80, Steps: 29 | Train Loss: 0.0457047 Vali Loss: 0.0834928 Test Loss: 0.0395052
Validation loss decreased (0.084072 --> 0.083493).  Saving model ...
Updating learning rate to 1.876537476319218e-06
Epoch: 81 cost time: 4.30143666267395
Epoch: 81, Steps: 29 | Train Loss: 0.0454031 Vali Loss: 0.0830775 Test Loss: 0.0394518
Validation loss decreased (0.083493 --> 0.083078).  Saving model ...
Updating learning rate to 1.7045162926804444e-06
Epoch: 82 cost time: 4.264748811721802
Epoch: 82, Steps: 29 | Train Loss: 0.0453776 Vali Loss: 0.0834337 Test Loss: 0.0394431
EarlyStopping counter: 1 out of 10
Updating learning rate to 1.5391318149339123e-06
Epoch: 83 cost time: 4.316655158996582
Epoch: 83, Steps: 29 | Train Loss: 0.0453666 Vali Loss: 0.0830179 Test Loss: 0.0395343
Validation loss decreased (0.083078 --> 0.083018).  Saving model ...
Updating learning rate to 1.3807171054080036e-06
Epoch: 84 cost time: 4.338773250579834
Epoch: 84, Steps: 29 | Train Loss: 0.0453909 Vali Loss: 0.0831148 Test Loss: 0.0395069
EarlyStopping counter: 1 out of 10
Updating learning rate to 1.2295911902454577e-06
Epoch: 85 cost time: 4.263546943664551
Epoch: 85, Steps: 29 | Train Loss: 0.0453460 Vali Loss: 0.0835406 Test Loss: 0.0394131
EarlyStopping counter: 2 out of 10
Updating learning rate to 1.0860584169271784e-06
Epoch: 86 cost time: 4.352152347564697
Epoch: 86, Steps: 29 | Train Loss: 0.0453481 Vali Loss: 0.0834997 Test Loss: 0.0394767
EarlyStopping counter: 3 out of 10
Updating learning rate to 9.504078413569088e-07
Epoch: 87 cost time: 4.340772390365601
Epoch: 87, Steps: 29 | Train Loss: 0.0453154 Vali Loss: 0.0834092 Test Loss: 0.0394610
EarlyStopping counter: 4 out of 10
Updating learning rate to 8.229126457411124e-07
Epoch: 88 cost time: 4.330597639083862
Epoch: 88, Steps: 29 | Train Loss: 0.0453382 Vali Loss: 0.0830122 Test Loss: 0.0395119
Validation loss decreased (0.083018 --> 0.083012).  Saving model ...
Updating learning rate to 7.038295884363647e-07
Epoch: 89 cost time: 4.329827070236206
Epoch: 89, Steps: 29 | Train Loss: 0.0453222 Vali Loss: 0.0835653 Test Loss: 0.0394737
EarlyStopping counter: 1 out of 10
Updating learning rate to 5.933984868721898e-07
Epoch: 90 cost time: 4.346104145050049
Epoch: 90, Steps: 29 | Train Loss: 0.0453049 Vali Loss: 0.0833391 Test Loss: 0.0394711
EarlyStopping counter: 2 out of 10
Updating learning rate to 4.918417345906772e-07
Epoch: 91 cost time: 4.316842317581177
Epoch: 91, Steps: 29 | Train Loss: 0.0453049 Vali Loss: 0.0833765 Test Loss: 0.0395054
EarlyStopping counter: 3 out of 10
Updating learning rate to 3.9936385337548097e-07
Epoch: 92 cost time: 4.302240371704102
Epoch: 92, Steps: 29 | Train Loss: 0.0453129 Vali Loss: 0.0833259 Test Loss: 0.0394932
EarlyStopping counter: 4 out of 10
Updating learning rate to 3.161510813721721e-07
Epoch: 93 cost time: 4.323207855224609
Epoch: 93, Steps: 29 | Train Loss: 0.0452869 Vali Loss: 0.0833912 Test Loss: 0.0394954
EarlyStopping counter: 5 out of 10
Updating learning rate to 2.4237099802938663e-07
Epoch: 94 cost time: 4.278613567352295
Epoch: 94, Steps: 29 | Train Loss: 0.0453202 Vali Loss: 0.0832729 Test Loss: 0.0394929
EarlyStopping counter: 6 out of 10
Updating learning rate to 1.7817218661613333e-07
Epoch: 95 cost time: 4.319077253341675
Epoch: 95, Steps: 29 | Train Loss: 0.0453312 Vali Loss: 0.0834396 Test Loss: 0.0394982
EarlyStopping counter: 7 out of 10
Updating learning rate to 1.236839349948492e-07
Epoch: 96 cost time: 4.346076965332031
Epoch: 96, Steps: 29 | Train Loss: 0.0453113 Vali Loss: 0.0831097 Test Loss: 0.0395059
EarlyStopping counter: 8 out of 10
Updating learning rate to 7.90159752528609e-08
Epoch: 97 cost time: 4.287712812423706
Epoch: 97, Steps: 29 | Train Loss: 0.0453480 Vali Loss: 0.0833106 Test Loss: 0.0394938
EarlyStopping counter: 9 out of 10
Updating learning rate to 4.425826271655888e-08
Epoch: 98 cost time: 4.287224054336548
Epoch: 98, Steps: 29 | Train Loss: 0.0453489 Vali Loss: 0.0832930 Test Loss: 0.0394970
EarlyStopping counter: 10 out of 10
Early stopping
>>>>>>>testing : ETTh1_336_720_DTFNet_ETTh1_ftM_sl336_ll0_pl720_dm128_nh16_el2_br2_dl1_df256_fc1_ebtimeF_dtTrue_'Exp'_0_'rel_sin'_16_8_16,24_8,12_3_1_256<<<<<<<<<<<<<<<<<<<<<<<<<<<<<<<<<
test 2161
mse:0.41536176204681396, mae:0.44194796681404114, rse:0.6190109848976135
