Args in experiment:
Namespace(is_training=1, model_id='ETTh1_336_720', model='DTFNet', data='ETTh1', root_path='./dataset/', data_path='ETTh1.csv', features='M', target='OT', freq='h', checkpoints='./checkpoints/', seq_len=336, label_len=0, pred_len=720, n_branches=2, patch_len_ls='16,24', stride_ls='8,12', d_model_ls='128', n_heads_ls='16', rel_pe="'rel_sin'", res_attn=False, head_type='flatten', fc_dropout=0.3, head_dropout=0.1, patch_len=16, stride=8, padding_patch="'end'", revin=1, affine=0, subtract_last=0, decomposition=0, kernel_size=25, individual=0, store_attn=False, pre_norm=False, pe='zeros', no_learn_pe=True, embed_type=0, enc_in=7, dec_in=7, c_out=7, d_model=128, n_heads=16, e_layers=2, d_layers=1, d_ff=256, moving_avg=25, factor=1, distil=True, dropout=0.3, embed='timeF', activation='gelu', output_attention=False, do_predict=False, num_workers=0, itr=1, train_epochs=100, batch_size=256, patience=10, learning_rate=1e-05, des="'Exp'", loss='mse', lradj='TST', pct_start=0.3, use_amp=False, l2=0.0, warmup_steps=0, use_gpu=True, gpu=0, use_multi_gpu=False, devices='0', test_flop=False, use_mlflow=False, mlflow_project='exp', loss_flag=2, sub_patch_len=16, sub_stride=8, stride_ls_list='16', model_type='linear', tfactor=3, dilation_rates='1', wavelet_layers=2, wavelet_type='db5', wavelet_mode='periodization', wavelet_dim=64, initTLV=0.2)
Use GPU: cuda:0
>>>>>>>start training : ETTh1_336_720_DTFNet_ETTh1_ftM_sl336_ll0_pl720_dm128_nh16_el2_br2_dl1_df256_fc1_ebtimeF_dtTrue_'Exp'_0_'rel_sin'_16_8_16,24_8,12_3_1_256>>>>>>>>>>>>>>>>>>>>>>>>>>
train 7585
val 2161
test 2161
Epoch: 1 cost time: 7.925768613815308
Epoch: 1, Steps: 29 | Train Loss: 0.1075943 Vali Loss: 0.1788897 Test Loss: 0.0997365
Validation loss decreased (inf --> 0.178890).  Saving model ...
Updating learning rate to 4.2635539919063106e-07
Epoch: 2 cost time: 4.231558084487915
Epoch: 2, Steps: 29 | Train Loss: 0.1066386 Vali Loss: 0.1775268 Test Loss: 0.0988977
Validation loss decreased (0.178890 --> 0.177527).  Saving model ...
Updating learning rate to 5.051321771514831e-07
Epoch: 3 cost time: 4.252004146575928
Epoch: 3, Steps: 29 | Train Loss: 0.1058539 Vali Loss: 0.1760152 Test Loss: 0.0979898
Validation loss decreased (0.177527 --> 0.176015).  Saving model ...
Updating learning rate to 6.354652532866785e-07
Epoch: 4 cost time: 4.250170469284058
Epoch: 4, Steps: 29 | Train Loss: 0.1048826 Vali Loss: 0.1740069 Test Loss: 0.0970130
Validation loss decreased (0.176015 --> 0.174007).  Saving model ...
Updating learning rate to 8.159233858256806e-07
Epoch: 5 cost time: 4.22054648399353
Epoch: 5, Steps: 29 | Train Loss: 0.1039774 Vali Loss: 0.1724410 Test Loss: 0.0959492
Validation loss decreased (0.174007 --> 0.172441).  Saving model ...
Updating learning rate to 1.0445248888850473e-06
Epoch: 6 cost time: 4.239131689071655
Epoch: 6, Steps: 29 | Train Loss: 0.1030466 Vali Loss: 0.1702955 Test Loss: 0.0947610
Validation loss decreased (0.172441 --> 0.170295).  Saving model ...
Updating learning rate to 1.3187593941861497e-06
Epoch: 7 cost time: 4.238982915878296
Epoch: 7, Steps: 29 | Train Loss: 0.1018674 Vali Loss: 0.1681183 Test Loss: 0.0933870
Validation loss decreased (0.170295 --> 0.168118).  Saving model ...
Updating learning rate to 1.6356154184543822e-06
Epoch: 8 cost time: 4.251102447509766
Epoch: 8, Steps: 29 | Train Loss: 0.1006657 Vali Loss: 0.1656969 Test Loss: 0.0917041
Validation loss decreased (0.168118 --> 0.165697).  Saving model ...
Updating learning rate to 1.9916134337707666e-06
Epoch: 9 cost time: 4.2526960372924805
Epoch: 9, Steps: 29 | Train Loss: 0.0991553 Vali Loss: 0.1624503 Test Loss: 0.0895428
Validation loss decreased (0.165697 --> 0.162450).  Saving model ...
Updating learning rate to 2.3828440777166636e-06
Epoch: 10 cost time: 4.248054027557373
Epoch: 10, Steps: 29 | Train Loss: 0.0975010 Vali Loss: 0.1581106 Test Loss: 0.0866158
Validation loss decreased (0.162450 --> 0.158111).  Saving model ...
Updating learning rate to 2.805011083710071e-06
Epoch: 11 cost time: 4.285712480545044
Epoch: 11, Steps: 29 | Train Loss: 0.0952315 Vali Loss: 0.1529822 Test Loss: 0.0824976
Validation loss decreased (0.158111 --> 0.152982).  Saving model ...
Updating learning rate to 3.2534784600976295e-06
Epoch: 12 cost time: 4.252537488937378
Epoch: 12, Steps: 29 | Train Loss: 0.0926277 Vali Loss: 0.1469860 Test Loss: 0.0780261
Validation loss decreased (0.152982 --> 0.146986).  Saving model ...
Updating learning rate to 3.723321399909056e-06
Epoch: 13 cost time: 4.236402750015259
Epoch: 13, Steps: 29 | Train Loss: 0.0901226 Vali Loss: 0.1425247 Test Loss: 0.0749708
Validation loss decreased (0.146986 --> 0.142525).  Saving model ...
Updating learning rate to 4.209380362212844e-06
Epoch: 14 cost time: 4.254929542541504
Epoch: 14, Steps: 29 | Train Loss: 0.0882339 Vali Loss: 0.1391684 Test Loss: 0.0732981
Validation loss decreased (0.142525 --> 0.139168).  Saving model ...
Updating learning rate to 4.706317731183279e-06
Epoch: 15 cost time: 4.240989685058594
Epoch: 15, Steps: 29 | Train Loss: 0.0865143 Vali Loss: 0.1360546 Test Loss: 0.0713233
Validation loss decreased (0.139168 --> 0.136055).  Saving model ...
Updating learning rate to 5.208676430682048e-06
Epoch: 16 cost time: 4.246567964553833
Epoch: 16, Steps: 29 | Train Loss: 0.0847532 Vali Loss: 0.1337528 Test Loss: 0.0691154
Validation loss decreased (0.136055 --> 0.133753).  Saving model ...
Updating learning rate to 5.710939850683244e-06
Epoch: 17 cost time: 4.2438764572143555
Epoch: 17, Steps: 29 | Train Loss: 0.0831351 Vali Loss: 0.1318709 Test Loss: 0.0671353
Validation loss decreased (0.133753 --> 0.131871).  Saving model ...
Updating learning rate to 6.207592427464792e-06
Epoch: 18 cost time: 4.206291913986206
Epoch: 18, Steps: 29 | Train Loss: 0.0818072 Vali Loss: 0.1301359 Test Loss: 0.0657342
Validation loss decreased (0.131871 --> 0.130136).  Saving model ...
Updating learning rate to 6.693180212309968e-06
Epoch: 19 cost time: 4.268294811248779
Epoch: 19, Steps: 29 | Train Loss: 0.0805989 Vali Loss: 0.1286641 Test Loss: 0.0647827
Validation loss decreased (0.130136 --> 0.128664).  Saving model ...
Updating learning rate to 7.1623707635889015e-06
Epoch: 20 cost time: 4.258951902389526
Epoch: 20, Steps: 29 | Train Loss: 0.0796549 Vali Loss: 0.1276411 Test Loss: 0.0637724
Validation loss decreased (0.128664 --> 0.127641).  Saving model ...
Updating learning rate to 7.610011704520164e-06
Epoch: 21 cost time: 4.229928970336914
Epoch: 21, Steps: 29 | Train Loss: 0.0787401 Vali Loss: 0.1268412 Test Loss: 0.0629062
Validation loss decreased (0.127641 --> 0.126841).  Saving model ...
Updating learning rate to 8.031187303565295e-06
Epoch: 22 cost time: 4.2295074462890625
Epoch: 22, Steps: 29 | Train Loss: 0.0779114 Vali Loss: 0.1254769 Test Loss: 0.0619833
Validation loss decreased (0.126841 --> 0.125477).  Saving model ...
Updating learning rate to 8.421272456123378e-06
Epoch: 23 cost time: 4.215728521347046
Epoch: 23, Steps: 29 | Train Loss: 0.0770928 Vali Loss: 0.1250145 Test Loss: 0.0609453
Validation loss decreased (0.125477 --> 0.125014).  Saving model ...
Updating learning rate to 8.775983474730246e-06
Epoch: 24 cost time: 4.254731893539429
Epoch: 24, Steps: 29 | Train Loss: 0.0762355 Vali Loss: 0.1240145 Test Loss: 0.0604742
Validation loss decreased (0.125014 --> 0.124015).  Saving model ...
Updating learning rate to 9.091425130013939e-06
Epoch: 25 cost time: 4.234792947769165
Epoch: 25, Steps: 29 | Train Loss: 0.0754438 Vali Loss: 0.1228732 Test Loss: 0.0598457
Validation loss decreased (0.124015 --> 0.122873).  Saving model ...
Updating learning rate to 9.364133425830145e-06
Epoch: 26 cost time: 4.251588344573975
Epoch: 26, Steps: 29 | Train Loss: 0.0746713 Vali Loss: 0.1222570 Test Loss: 0.0590241
Validation loss decreased (0.122873 --> 0.122257).  Saving model ...
Updating learning rate to 9.591113638846019e-06
Epoch: 27 cost time: 4.209774732589722
Epoch: 27, Steps: 29 | Train Loss: 0.0739740 Vali Loss: 0.1212395 Test Loss: 0.0585118
Validation loss decreased (0.122257 --> 0.121239).  Saving model ...
Updating learning rate to 9.769873204843885e-06
Epoch: 28 cost time: 4.278420925140381
Epoch: 28, Steps: 29 | Train Loss: 0.0732104 Vali Loss: 0.1203568 Test Loss: 0.0576748
Validation loss decreased (0.121239 --> 0.120357).  Saving model ...
Updating learning rate to 9.898449090606656e-06
Epoch: 29 cost time: 4.205265760421753
Epoch: 29, Steps: 29 | Train Loss: 0.0724478 Vali Loss: 0.1194629 Test Loss: 0.0572487
Validation loss decreased (0.120357 --> 0.119463).  Saving model ...
Updating learning rate to 9.975429350802846e-06
Epoch: 30 cost time: 4.236984968185425
Epoch: 30, Steps: 29 | Train Loss: 0.0716978 Vali Loss: 0.1193472 Test Loss: 0.0565583
Validation loss decreased (0.119463 --> 0.119347).  Saving model ...
Updating learning rate to 9.99999401249548e-06
Epoch: 31 cost time: 4.277273893356323
Epoch: 31, Steps: 29 | Train Loss: 0.0710446 Vali Loss: 0.1187320 Test Loss: 0.0560174
Validation loss decreased (0.119347 --> 0.118732).  Saving model ...
Updating learning rate to 9.994612212745642e-06
Epoch: 32 cost time: 4.2073822021484375
Epoch: 32, Steps: 29 | Train Loss: 0.0703296 Vali Loss: 0.1170444 Test Loss: 0.0556729
Validation loss decreased (0.118732 --> 0.117044).  Saving model ...
Updating learning rate to 9.979171968972798e-06
Epoch: 33 cost time: 4.298495054244995
Epoch: 33, Steps: 29 | Train Loss: 0.0695861 Vali Loss: 0.1166285 Test Loss: 0.0549108
Validation loss decreased (0.117044 --> 0.116628).  Saving model ...
Updating learning rate to 9.953704375773079e-06
Epoch: 34 cost time: 4.240044593811035
Epoch: 34, Steps: 29 | Train Loss: 0.0689046 Vali Loss: 0.1156947 Test Loss: 0.0547837
Validation loss decreased (0.116628 --> 0.115695).  Saving model ...
Updating learning rate to 9.918260721489893e-06
Epoch: 35 cost time: 4.246595859527588
Epoch: 35, Steps: 29 | Train Loss: 0.0682848 Vali Loss: 0.1150895 Test Loss: 0.0540937
Validation loss decreased (0.115695 --> 0.115090).  Saving model ...
Updating learning rate to 9.872912384926035e-06
Epoch: 36 cost time: 4.254133939743042
Epoch: 36, Steps: 29 | Train Loss: 0.0675736 Vali Loss: 0.1139369 Test Loss: 0.0541813
Validation loss decreased (0.115090 --> 0.113937).  Saving model ...
Updating learning rate to 9.817750691596265e-06
Epoch: 37 cost time: 4.237711429595947
Epoch: 37, Steps: 29 | Train Loss: 0.0669469 Vali Loss: 0.1129458 Test Loss: 0.0538023
Validation loss decreased (0.113937 --> 0.112946).  Saving model ...
Updating learning rate to 9.752886729809889e-06
Epoch: 38 cost time: 4.2513651847839355
Epoch: 38, Steps: 29 | Train Loss: 0.0662878 Vali Loss: 0.1131524 Test Loss: 0.0527982
EarlyStopping counter: 1 out of 10
Updating learning rate to 9.678451126953676e-06
Epoch: 39 cost time: 4.26558256149292
Epoch: 39, Steps: 29 | Train Loss: 0.0655953 Vali Loss: 0.1118677 Test Loss: 0.0528847
Validation loss decreased (0.112946 --> 0.111868).  Saving model ...
Updating learning rate to 9.594593786425696e-06
Epoch: 40 cost time: 4.234465599060059
Epoch: 40, Steps: 29 | Train Loss: 0.0649548 Vali Loss: 0.1120510 Test Loss: 0.0520943
EarlyStopping counter: 1 out of 10
Updating learning rate to 9.501483585749811e-06
Epoch: 41 cost time: 4.346647262573242
Epoch: 41, Steps: 29 | Train Loss: 0.0642977 Vali Loss: 0.1111976 Test Loss: 0.0516587
Validation loss decreased (0.111868 --> 0.111198).  Saving model ...
Updating learning rate to 9.399308036478838e-06
Epoch: 42 cost time: 4.272400379180908
Epoch: 42, Steps: 29 | Train Loss: 0.0637543 Vali Loss: 0.1105692 Test Loss: 0.0512053
Validation loss decreased (0.111198 --> 0.110569).  Saving model ...
Updating learning rate to 9.288272906571216e-06
Epoch: 43 cost time: 4.279499292373657
Epoch: 43, Steps: 29 | Train Loss: 0.0630847 Vali Loss: 0.1090984 Test Loss: 0.0510660
Validation loss decreased (0.110569 --> 0.109098).  Saving model ...
Updating learning rate to 9.16860180600173e-06
Epoch: 44 cost time: 4.282540798187256
Epoch: 44, Steps: 29 | Train Loss: 0.0624615 Vali Loss: 0.1082428 Test Loss: 0.0507112
Validation loss decreased (0.109098 --> 0.108243).  Saving model ...
Updating learning rate to 9.040535736440785e-06
Epoch: 45 cost time: 4.264037847518921
Epoch: 45, Steps: 29 | Train Loss: 0.0619018 Vali Loss: 0.1079766 Test Loss: 0.0501851
Validation loss decreased (0.108243 --> 0.107977).  Saving model ...
Updating learning rate to 8.904332605909106e-06
Epoch: 46 cost time: 4.295608758926392
Epoch: 46, Steps: 29 | Train Loss: 0.0613157 Vali Loss: 0.1081071 Test Loss: 0.0498953
EarlyStopping counter: 1 out of 10
Updating learning rate to 8.760266709385311e-06
Epoch: 47 cost time: 4.248029708862305
Epoch: 47, Steps: 29 | Train Loss: 0.0607280 Vali Loss: 0.1067252 Test Loss: 0.0496620
Validation loss decreased (0.107977 --> 0.106725).  Saving model ...
Updating learning rate to 8.608628176412335e-06
Epoch: 48 cost time: 4.3128416538238525
Epoch: 48, Steps: 29 | Train Loss: 0.0601492 Vali Loss: 0.1054533 Test Loss: 0.0494603
Validation loss decreased (0.106725 --> 0.105453).  Saving model ...
Updating learning rate to 8.449722386815127e-06
Epoch: 49 cost time: 4.2972002029418945
Epoch: 49, Steps: 29 | Train Loss: 0.0595698 Vali Loss: 0.1045544 Test Loss: 0.0490224
Validation loss decreased (0.105453 --> 0.104554).  Saving model ...
Updating learning rate to 8.28386935570634e-06
Epoch: 50 cost time: 4.353305101394653
Epoch: 50, Steps: 29 | Train Loss: 0.0590438 Vali Loss: 0.1044094 Test Loss: 0.0486836
Validation loss decreased (0.104554 --> 0.104409).  Saving model ...
Updating learning rate to 8.111403089018465e-06
Epoch: 51 cost time: 4.32022762298584
Epoch: 51, Steps: 29 | Train Loss: 0.0584678 Vali Loss: 0.1040452 Test Loss: 0.0483663
Validation loss decreased (0.104409 --> 0.104045).  Saving model ...
Updating learning rate to 7.93267091086035e-06
Epoch: 52 cost time: 4.293415069580078
Epoch: 52, Steps: 29 | Train Loss: 0.0579556 Vali Loss: 0.1031617 Test Loss: 0.0478242
Validation loss decreased (0.104045 --> 0.103162).  Saving model ...
Updating learning rate to 7.748032764052655e-06
Epoch: 53 cost time: 4.330542325973511
Epoch: 53, Steps: 29 | Train Loss: 0.0574098 Vali Loss: 0.1021622 Test Loss: 0.0478507
Validation loss decreased (0.103162 --> 0.102162).  Saving model ...
Updating learning rate to 7.557860485250925e-06
Epoch: 54 cost time: 4.321633815765381
Epoch: 54, Steps: 29 | Train Loss: 0.0568942 Vali Loss: 0.1009825 Test Loss: 0.0476152
Validation loss decreased (0.102162 --> 0.100982).  Saving model ...
Updating learning rate to 7.362537056116034e-06
Epoch: 55 cost time: 4.3181493282318115
Epoch: 55, Steps: 29 | Train Loss: 0.0563627 Vali Loss: 0.1000464 Test Loss: 0.0475422
Validation loss decreased (0.100982 --> 0.100046).  Saving model ...
Updating learning rate to 7.162455832040107e-06
Epoch: 56 cost time: 4.3153862953186035
Epoch: 56, Steps: 29 | Train Loss: 0.0558508 Vali Loss: 0.1002314 Test Loss: 0.0467302
EarlyStopping counter: 1 out of 10
Updating learning rate to 6.9580197499810984e-06
Epoch: 57 cost time: 4.372939109802246
Epoch: 57, Steps: 29 | Train Loss: 0.0554053 Vali Loss: 0.0991833 Test Loss: 0.0466419
Validation loss decreased (0.100046 --> 0.099183).  Saving model ...
Updating learning rate to 6.7496405170013816e-06
Epoch: 58 cost time: 4.336407899856567
Epoch: 58, Steps: 29 | Train Loss: 0.0548675 Vali Loss: 0.0989067 Test Loss: 0.0462153
Validation loss decreased (0.099183 --> 0.098907).  Saving model ...
Updating learning rate to 6.537737781144523e-06
Epoch: 59 cost time: 4.392085552215576
Epoch: 59, Steps: 29 | Train Loss: 0.0543854 Vali Loss: 0.0977800 Test Loss: 0.0460690
Validation loss decreased (0.098907 --> 0.097780).  Saving model ...
Updating learning rate to 6.322738286319964e-06
Epoch: 60 cost time: 4.334863185882568
Epoch: 60, Steps: 29 | Train Loss: 0.0539040 Vali Loss: 0.0967259 Test Loss: 0.0457764
Validation loss decreased (0.097780 --> 0.096726).  Saving model ...
Updating learning rate to 6.105075012897585e-06
Epoch: 61 cost time: 4.3718225955963135
Epoch: 61, Steps: 29 | Train Loss: 0.0534948 Vali Loss: 0.0970299 Test Loss: 0.0453263
EarlyStopping counter: 1 out of 10
Updating learning rate to 5.885186305742857e-06
Epoch: 62 cost time: 4.409277677536011
Epoch: 62, Steps: 29 | Train Loss: 0.0529598 Vali Loss: 0.0954199 Test Loss: 0.0451078
Validation loss decreased (0.096726 --> 0.095420).  Saving model ...
Updating learning rate to 5.6635149914486225e-06
Epoch: 63 cost time: 4.44481348991394
Epoch: 63, Steps: 29 | Train Loss: 0.0525691 Vali Loss: 0.0950116 Test Loss: 0.0449978
Validation loss decreased (0.095420 --> 0.095012).  Saving model ...
Updating learning rate to 5.440507486541268e-06
Epoch: 64 cost time: 4.375934600830078
Epoch: 64, Steps: 29 | Train Loss: 0.0520802 Vali Loss: 0.0936258 Test Loss: 0.0447412
Validation loss decreased (0.095012 --> 0.093626).  Saving model ...
Updating learning rate to 5.216612898457253e-06
Epoch: 65 cost time: 4.417668581008911
Epoch: 65, Steps: 29 | Train Loss: 0.0516894 Vali Loss: 0.0939189 Test Loss: 0.0440889
EarlyStopping counter: 1 out of 10
Updating learning rate to 4.992282121100496e-06
Epoch: 66 cost time: 4.318558931350708
Epoch: 66, Steps: 29 | Train Loss: 0.0512754 Vali Loss: 0.0925829 Test Loss: 0.0438707
Validation loss decreased (0.093626 --> 0.092583).  Saving model ...
Updating learning rate to 4.767966926802067e-06
Epoch: 67 cost time: 4.33181095123291
Epoch: 67, Steps: 29 | Train Loss: 0.0507619 Vali Loss: 0.0923174 Test Loss: 0.0436546
Validation loss decreased (0.092583 --> 0.092317).  Saving model ...
Updating learning rate to 4.5441190565108235e-06
Epoch: 68 cost time: 4.479403257369995
Epoch: 68, Steps: 29 | Train Loss: 0.0503291 Vali Loss: 0.0916987 Test Loss: 0.0431962
Validation loss decreased (0.092317 --> 0.091699).  Saving model ...
Updating learning rate to 4.3211893100472735e-06
Epoch: 69 cost time: 4.3119590282440186
Epoch: 69, Steps: 29 | Train Loss: 0.0499204 Vali Loss: 0.0907524 Test Loss: 0.0430620
Validation loss decreased (0.091699 --> 0.090752).  Saving model ...
Updating learning rate to 4.099626638252712e-06
Epoch: 70 cost time: 4.31795334815979
Epoch: 70, Steps: 29 | Train Loss: 0.0495667 Vali Loss: 0.0899284 Test Loss: 0.0427900
Validation loss decreased (0.090752 --> 0.089928).  Saving model ...
Updating learning rate to 3.879877238861997e-06
Epoch: 71 cost time: 4.348541259765625
Epoch: 71, Steps: 29 | Train Loss: 0.0491116 Vali Loss: 0.0892043 Test Loss: 0.0424624
Validation loss decreased (0.089928 --> 0.089204).  Saving model ...
Updating learning rate to 3.662383657920668e-06
Epoch: 72 cost time: 4.381897211074829
Epoch: 72, Steps: 29 | Train Loss: 0.0487179 Vali Loss: 0.0888820 Test Loss: 0.0421078
Validation loss decreased (0.089204 --> 0.088882).  Saving model ...
Updating learning rate to 3.447583898556124e-06
Epoch: 73 cost time: 4.374096870422363
Epoch: 73, Steps: 29 | Train Loss: 0.0483058 Vali Loss: 0.0875603 Test Loss: 0.0419746
Validation loss decreased (0.088882 --> 0.087560).  Saving model ...
Updating learning rate to 3.2359105388976132e-06
Epoch: 74 cost time: 4.395276784896851
Epoch: 74, Steps: 29 | Train Loss: 0.0479508 Vali Loss: 0.0876098 Test Loss: 0.0414234
EarlyStopping counter: 1 out of 10
Updating learning rate to 3.027789860921434e-06
Epoch: 75 cost time: 4.453016757965088
Epoch: 75, Steps: 29 | Train Loss: 0.0475699 Vali Loss: 0.0868728 Test Loss: 0.0412446
Validation loss decreased (0.087560 --> 0.086873).  Saving model ...
Updating learning rate to 2.8236409919757893e-06
Epoch: 76 cost time: 4.370002031326294
Epoch: 76, Steps: 29 | Train Loss: 0.0472156 Vali Loss: 0.0863354 Test Loss: 0.0409233
Validation loss decreased (0.086873 --> 0.086335).  Saving model ...
Updating learning rate to 2.6238750607140637e-06
Epoch: 77 cost time: 4.33698582649231
Epoch: 77, Steps: 29 | Train Loss: 0.0468252 Vali Loss: 0.0858067 Test Loss: 0.0406015
Validation loss decreased (0.086335 --> 0.085807).  Saving model ...
Updating learning rate to 2.4288943691364434e-06
Epoch: 78 cost time: 4.336641073226929
Epoch: 78, Steps: 29 | Train Loss: 0.0464152 Vali Loss: 0.0845798 Test Loss: 0.0403839
Validation loss decreased (0.085807 --> 0.084580).  Saving model ...
Updating learning rate to 2.2390915824072217e-06
Epoch: 79 cost time: 4.418571710586548
Epoch: 79, Steps: 29 | Train Loss: 0.0460753 Vali Loss: 0.0840908 Test Loss: 0.0400162
Validation loss decreased (0.084580 --> 0.084091).  Saving model ...
Updating learning rate to 2.0548489380794217e-06
Epoch: 80 cost time: 4.425979852676392
Epoch: 80, Steps: 29 | Train Loss: 0.0457202 Vali Loss: 0.0834965 Test Loss: 0.0397250
Validation loss decreased (0.084091 --> 0.083497).  Saving model ...
Updating learning rate to 1.876537476319218e-06
Epoch: 81 cost time: 4.334715127944946
Epoch: 81, Steps: 29 | Train Loss: 0.0454368 Vali Loss: 0.0835273 Test Loss: 0.0396444
EarlyStopping counter: 1 out of 10
Updating learning rate to 1.7045162926804444e-06
Epoch: 82 cost time: 4.394961833953857
Epoch: 82, Steps: 29 | Train Loss: 0.0453955 Vali Loss: 0.0833340 Test Loss: 0.0396520
Validation loss decreased (0.083497 --> 0.083334).  Saving model ...
Updating learning rate to 1.5391318149339123e-06
Epoch: 83 cost time: 4.340383529663086
Epoch: 83, Steps: 29 | Train Loss: 0.0453767 Vali Loss: 0.0831913 Test Loss: 0.0397558
Validation loss decreased (0.083334 --> 0.083191).  Saving model ...
Updating learning rate to 1.3807171054080036e-06
Epoch: 84 cost time: 4.341785907745361
Epoch: 84, Steps: 29 | Train Loss: 0.0453459 Vali Loss: 0.0834473 Test Loss: 0.0396909
EarlyStopping counter: 1 out of 10
Updating learning rate to 1.2295911902454577e-06
Epoch: 85 cost time: 4.3207924365997314
Epoch: 85, Steps: 29 | Train Loss: 0.0453389 Vali Loss: 0.0834643 Test Loss: 0.0396654
EarlyStopping counter: 2 out of 10
Updating learning rate to 1.0860584169271784e-06
Epoch: 86 cost time: 4.331111192703247
Epoch: 86, Steps: 29 | Train Loss: 0.0453554 Vali Loss: 0.0832312 Test Loss: 0.0397344
EarlyStopping counter: 3 out of 10
Updating learning rate to 9.504078413569088e-07
Epoch: 87 cost time: 4.333987474441528
Epoch: 87, Steps: 29 | Train Loss: 0.0453026 Vali Loss: 0.0831688 Test Loss: 0.0396939
Validation loss decreased (0.083191 --> 0.083169).  Saving model ...
Updating learning rate to 8.229126457411124e-07
Epoch: 88 cost time: 4.335162878036499
Epoch: 88, Steps: 29 | Train Loss: 0.0453403 Vali Loss: 0.0831295 Test Loss: 0.0397255
Validation loss decreased (0.083169 --> 0.083129).  Saving model ...
Updating learning rate to 7.038295884363647e-07
Epoch: 89 cost time: 4.332971572875977
Epoch: 89, Steps: 29 | Train Loss: 0.0452908 Vali Loss: 0.0834344 Test Loss: 0.0397211
EarlyStopping counter: 1 out of 10
Updating learning rate to 5.933984868721898e-07
Epoch: 90 cost time: 4.326051950454712
Epoch: 90, Steps: 29 | Train Loss: 0.0453086 Vali Loss: 0.0834780 Test Loss: 0.0396910
EarlyStopping counter: 2 out of 10
Updating learning rate to 4.918417345906772e-07
Epoch: 91 cost time: 4.351550340652466
Epoch: 91, Steps: 29 | Train Loss: 0.0452792 Vali Loss: 0.0829974 Test Loss: 0.0397626
Validation loss decreased (0.083129 --> 0.082997).  Saving model ...
Updating learning rate to 3.9936385337548097e-07
Epoch: 92 cost time: 4.296595573425293
Epoch: 92, Steps: 29 | Train Loss: 0.0453311 Vali Loss: 0.0833533 Test Loss: 0.0397701
EarlyStopping counter: 1 out of 10
Updating learning rate to 3.161510813721721e-07
Epoch: 93 cost time: 4.31324028968811
Epoch: 93, Steps: 29 | Train Loss: 0.0453037 Vali Loss: 0.0833320 Test Loss: 0.0397426
EarlyStopping counter: 2 out of 10
Updating learning rate to 2.4237099802938663e-07
Epoch: 94 cost time: 4.310532808303833
Epoch: 94, Steps: 29 | Train Loss: 0.0452586 Vali Loss: 0.0832790 Test Loss: 0.0397345
EarlyStopping counter: 3 out of 10
Updating learning rate to 1.7817218661613333e-07
Epoch: 95 cost time: 4.321600437164307
Epoch: 95, Steps: 29 | Train Loss: 0.0453092 Vali Loss: 0.0832749 Test Loss: 0.0397634
EarlyStopping counter: 4 out of 10
Updating learning rate to 1.236839349948492e-07
Epoch: 96 cost time: 4.328426837921143
Epoch: 96, Steps: 29 | Train Loss: 0.0453177 Vali Loss: 0.0832011 Test Loss: 0.0397575
EarlyStopping counter: 5 out of 10
Updating learning rate to 7.90159752528609e-08
Epoch: 97 cost time: 4.269760370254517
Epoch: 97, Steps: 29 | Train Loss: 0.0452824 Vali Loss: 0.0833081 Test Loss: 0.0397596
EarlyStopping counter: 6 out of 10
Updating learning rate to 4.425826271655888e-08
Epoch: 98 cost time: 4.312136888504028
Epoch: 98, Steps: 29 | Train Loss: 0.0452811 Vali Loss: 0.0834692 Test Loss: 0.0397529
EarlyStopping counter: 7 out of 10
Updating learning rate to 1.948079479334324e-08
Epoch: 99 cost time: 4.317854881286621
Epoch: 99, Steps: 29 | Train Loss: 0.0453075 Vali Loss: 0.0834370 Test Loss: 0.0397554
EarlyStopping counter: 8 out of 10
Updating learning rate to 4.7334700061613195e-09
Epoch: 100 cost time: 4.308854818344116
Epoch: 100, Steps: 29 | Train Loss: 0.0453048 Vali Loss: 0.0832637 Test Loss: 0.0397466
EarlyStopping counter: 9 out of 10
Updating learning rate to 4.5987504521248976e-11
>>>>>>>testing : ETTh1_336_720_DTFNet_ETTh1_ftM_sl336_ll0_pl720_dm128_nh16_el2_br2_dl1_df256_fc1_ebtimeF_dtTrue_'Exp'_0_'rel_sin'_16_8_16,24_8,12_3_1_256<<<<<<<<<<<<<<<<<<<<<<<<<<<<<<<<<
test 2161
mse:0.419645756483078, mae:0.4444989264011383, rse:0.6221949458122253
