Args in experiment:
Namespace(is_training=1, model_id='ETTh1_336_720', model='DTFNet', data='ETTh1', root_path='./dataset/', data_path='ETTh1.csv', features='M', target='OT', freq='h', checkpoints='./checkpoints/', seq_len=336, label_len=0, pred_len=720, n_branches=2, patch_len_ls='16,24', stride_ls='8,12', d_model_ls='128', n_heads_ls='16', rel_pe="'rel_sin'", res_attn=False, head_type='flatten', fc_dropout=0.3, head_dropout=0.1, patch_len=16, stride=8, padding_patch="'end'", revin=1, affine=0, subtract_last=0, decomposition=0, kernel_size=25, individual=0, store_attn=False, pre_norm=False, pe='zeros', no_learn_pe=True, embed_type=0, enc_in=7, dec_in=7, c_out=7, d_model=128, n_heads=16, e_layers=2, d_layers=1, d_ff=256, moving_avg=25, factor=1, distil=True, dropout=0.3, embed='timeF', activation='gelu', output_attention=False, do_predict=False, num_workers=0, itr=1, train_epochs=100, batch_size=256, patience=10, learning_rate=1e-05, des="'Exp'", loss='mse', lradj='TST', pct_start=0.3, use_amp=False, l2=0.0, warmup_steps=0, use_gpu=True, gpu=0, use_multi_gpu=False, devices='0', test_flop=False, use_mlflow=False, mlflow_project='exp', loss_flag=2, sub_patch_len=16, sub_stride=8, stride_ls_list='16', model_type='linear', tfactor=3, dilation_rates='1', wavelet_layers=2, wavelet_type='db5', wavelet_mode='periodization', wavelet_dim=64, initTLV=0.2)
Use GPU: cuda:0
>>>>>>>start training : ETTh1_336_720_DTFNet_ETTh1_ftM_sl336_ll0_pl720_dm128_nh16_el2_br2_dl1_df256_fc1_ebtimeF_dtTrue_'Exp'_0_'rel_sin'_16_8_16,24_8,12_3_1_256>>>>>>>>>>>>>>>>>>>>>>>>>>
train 7585
val 2161
test 2161
Epoch: 1 cost time: 7.097721576690674
Epoch: 1, Steps: 29 | Train Loss: 0.1075496 Vali Loss: 0.1787648 Test Loss: 0.0997319
Validation loss decreased (inf --> 0.178765).  Saving model ...
Updating learning rate to 4.2635539919063106e-07
Epoch: 2 cost time: 3.4953370094299316
Epoch: 2, Steps: 29 | Train Loss: 0.1066881 Vali Loss: 0.1771770 Test Loss: 0.0988829
Validation loss decreased (0.178765 --> 0.177177).  Saving model ...
Updating learning rate to 5.051321771514831e-07
Epoch: 3 cost time: 3.486738681793213
Epoch: 3, Steps: 29 | Train Loss: 0.1057881 Vali Loss: 0.1757797 Test Loss: 0.0979529
Validation loss decreased (0.177177 --> 0.175780).  Saving model ...
Updating learning rate to 6.354652532866785e-07
Epoch: 4 cost time: 3.4711179733276367
Epoch: 4, Steps: 29 | Train Loss: 0.1048845 Vali Loss: 0.1737365 Test Loss: 0.0969529
Validation loss decreased (0.175780 --> 0.173737).  Saving model ...
Updating learning rate to 8.159233858256806e-07
Epoch: 5 cost time: 3.498436450958252
Epoch: 5, Steps: 29 | Train Loss: 0.1039178 Vali Loss: 0.1722887 Test Loss: 0.0958605
Validation loss decreased (0.173737 --> 0.172289).  Saving model ...
Updating learning rate to 1.0445248888850473e-06
Epoch: 6 cost time: 3.4850802421569824
Epoch: 6, Steps: 29 | Train Loss: 0.1028986 Vali Loss: 0.1697957 Test Loss: 0.0946373
Validation loss decreased (0.172289 --> 0.169796).  Saving model ...
Updating learning rate to 1.3187593941861497e-06
Epoch: 7 cost time: 3.483241558074951
Epoch: 7, Steps: 29 | Train Loss: 0.1017390 Vali Loss: 0.1677050 Test Loss: 0.0931966
Validation loss decreased (0.169796 --> 0.167705).  Saving model ...
Updating learning rate to 1.6356154184543822e-06
Epoch: 8 cost time: 3.4818248748779297
Epoch: 8, Steps: 29 | Train Loss: 0.1004441 Vali Loss: 0.1654927 Test Loss: 0.0914399
Validation loss decreased (0.167705 --> 0.165493).  Saving model ...
Updating learning rate to 1.9916134337707666e-06
Epoch: 9 cost time: 3.4882936477661133
Epoch: 9, Steps: 29 | Train Loss: 0.0989864 Vali Loss: 0.1619124 Test Loss: 0.0891815
Validation loss decreased (0.165493 --> 0.161912).  Saving model ...
Updating learning rate to 2.3828440777166636e-06
Epoch: 10 cost time: 3.4762160778045654
Epoch: 10, Steps: 29 | Train Loss: 0.0971657 Vali Loss: 0.1574576 Test Loss: 0.0860518
Validation loss decreased (0.161912 --> 0.157458).  Saving model ...
Updating learning rate to 2.805011083710071e-06
Epoch: 11 cost time: 3.470886468887329
Epoch: 11, Steps: 29 | Train Loss: 0.0949010 Vali Loss: 0.1522941 Test Loss: 0.0819202
Validation loss decreased (0.157458 --> 0.152294).  Saving model ...
Updating learning rate to 3.2534784600976295e-06
Epoch: 12 cost time: 3.4728236198425293
Epoch: 12, Steps: 29 | Train Loss: 0.0921215 Vali Loss: 0.1463783 Test Loss: 0.0775167
Validation loss decreased (0.152294 --> 0.146378).  Saving model ...
Updating learning rate to 3.723321399909056e-06
Epoch: 13 cost time: 3.489272356033325
Epoch: 13, Steps: 29 | Train Loss: 0.0898490 Vali Loss: 0.1418612 Test Loss: 0.0747821
Validation loss decreased (0.146378 --> 0.141861).  Saving model ...
Updating learning rate to 4.209380362212844e-06
Epoch: 14 cost time: 3.487576723098755
Epoch: 14, Steps: 29 | Train Loss: 0.0881245 Vali Loss: 0.1387512 Test Loss: 0.0731818
Validation loss decreased (0.141861 --> 0.138751).  Saving model ...
Updating learning rate to 4.706317731183279e-06
Epoch: 15 cost time: 3.487940788269043
Epoch: 15, Steps: 29 | Train Loss: 0.0864703 Vali Loss: 0.1358315 Test Loss: 0.0712327
Validation loss decreased (0.138751 --> 0.135832).  Saving model ...
Updating learning rate to 5.208676430682048e-06
Epoch: 16 cost time: 3.4955103397369385
Epoch: 16, Steps: 29 | Train Loss: 0.0847819 Vali Loss: 0.1333904 Test Loss: 0.0692578
Validation loss decreased (0.135832 --> 0.133390).  Saving model ...
Updating learning rate to 5.710939850683244e-06
Epoch: 17 cost time: 3.4892377853393555
Epoch: 17, Steps: 29 | Train Loss: 0.0831321 Vali Loss: 0.1313964 Test Loss: 0.0673952
Validation loss decreased (0.133390 --> 0.131396).  Saving model ...
Updating learning rate to 6.207592427464792e-06
Epoch: 18 cost time: 3.506727457046509
Epoch: 18, Steps: 29 | Train Loss: 0.0816607 Vali Loss: 0.1296774 Test Loss: 0.0661564
Validation loss decreased (0.131396 --> 0.129677).  Saving model ...
Updating learning rate to 6.693180212309968e-06
Epoch: 19 cost time: 3.4962563514709473
Epoch: 19, Steps: 29 | Train Loss: 0.0805681 Vali Loss: 0.1280399 Test Loss: 0.0650019
Validation loss decreased (0.129677 --> 0.128040).  Saving model ...
Updating learning rate to 7.1623707635889015e-06
Epoch: 20 cost time: 3.49845027923584
Epoch: 20, Steps: 29 | Train Loss: 0.0795576 Vali Loss: 0.1271124 Test Loss: 0.0642348
Validation loss decreased (0.128040 --> 0.127112).  Saving model ...
Updating learning rate to 7.610011704520164e-06
Epoch: 21 cost time: 3.4965507984161377
Epoch: 21, Steps: 29 | Train Loss: 0.0786875 Vali Loss: 0.1261053 Test Loss: 0.0631180
Validation loss decreased (0.127112 --> 0.126105).  Saving model ...
Updating learning rate to 8.031187303565295e-06
Epoch: 22 cost time: 3.5124902725219727
Epoch: 22, Steps: 29 | Train Loss: 0.0777985 Vali Loss: 0.1251009 Test Loss: 0.0623578
Validation loss decreased (0.126105 --> 0.125101).  Saving model ...
Updating learning rate to 8.421272456123378e-06
Epoch: 23 cost time: 3.513685464859009
Epoch: 23, Steps: 29 | Train Loss: 0.0769595 Vali Loss: 0.1242815 Test Loss: 0.0614270
Validation loss decreased (0.125101 --> 0.124281).  Saving model ...
Updating learning rate to 8.775983474730246e-06
Epoch: 24 cost time: 3.514392375946045
Epoch: 24, Steps: 29 | Train Loss: 0.0762279 Vali Loss: 0.1234780 Test Loss: 0.0607512
Validation loss decreased (0.124281 --> 0.123478).  Saving model ...
Updating learning rate to 9.091425130013939e-06
Epoch: 25 cost time: 3.522953510284424
Epoch: 25, Steps: 29 | Train Loss: 0.0754222 Vali Loss: 0.1225703 Test Loss: 0.0600084
Validation loss decreased (0.123478 --> 0.122570).  Saving model ...
Updating learning rate to 9.364133425830145e-06
Epoch: 26 cost time: 3.520838975906372
Epoch: 26, Steps: 29 | Train Loss: 0.0746372 Vali Loss: 0.1213227 Test Loss: 0.0595386
Validation loss decreased (0.122570 --> 0.121323).  Saving model ...
Updating learning rate to 9.591113638846019e-06
Epoch: 27 cost time: 3.5195043087005615
Epoch: 27, Steps: 29 | Train Loss: 0.0738485 Vali Loss: 0.1209062 Test Loss: 0.0587974
Validation loss decreased (0.121323 --> 0.120906).  Saving model ...
Updating learning rate to 9.769873204843885e-06
Epoch: 28 cost time: 3.5266127586364746
Epoch: 28, Steps: 29 | Train Loss: 0.0731213 Vali Loss: 0.1194960 Test Loss: 0.0583403
Validation loss decreased (0.120906 --> 0.119496).  Saving model ...
Updating learning rate to 9.898449090606656e-06
Epoch: 29 cost time: 3.513596534729004
Epoch: 29, Steps: 29 | Train Loss: 0.0724150 Vali Loss: 0.1188113 Test Loss: 0.0577464
Validation loss decreased (0.119496 --> 0.118811).  Saving model ...
Updating learning rate to 9.975429350802846e-06
Epoch: 30 cost time: 3.529975175857544
Epoch: 30, Steps: 29 | Train Loss: 0.0717231 Vali Loss: 0.1179307 Test Loss: 0.0572686
Validation loss decreased (0.118811 --> 0.117931).  Saving model ...
Updating learning rate to 9.99999401249548e-06
Epoch: 31 cost time: 3.528280019760132
Epoch: 31, Steps: 29 | Train Loss: 0.0710248 Vali Loss: 0.1173214 Test Loss: 0.0566404
Validation loss decreased (0.117931 --> 0.117321).  Saving model ...
Updating learning rate to 9.994612212745642e-06
Epoch: 32 cost time: 3.5438294410705566
Epoch: 32, Steps: 29 | Train Loss: 0.0703086 Vali Loss: 0.1163319 Test Loss: 0.0566433
Validation loss decreased (0.117321 --> 0.116332).  Saving model ...
Updating learning rate to 9.979171968972798e-06
Epoch: 33 cost time: 3.5253827571868896
Epoch: 33, Steps: 29 | Train Loss: 0.0695892 Vali Loss: 0.1161405 Test Loss: 0.0555180
Validation loss decreased (0.116332 --> 0.116140).  Saving model ...
Updating learning rate to 9.953704375773079e-06
Epoch: 34 cost time: 3.5322985649108887
Epoch: 34, Steps: 29 | Train Loss: 0.0689389 Vali Loss: 0.1148982 Test Loss: 0.0553630
Validation loss decreased (0.116140 --> 0.114898).  Saving model ...
Updating learning rate to 9.918260721489893e-06
Epoch: 35 cost time: 3.536135673522949
Epoch: 35, Steps: 29 | Train Loss: 0.0682535 Vali Loss: 0.1138689 Test Loss: 0.0547560
Validation loss decreased (0.114898 --> 0.113869).  Saving model ...
Updating learning rate to 9.872912384926035e-06
Epoch: 36 cost time: 3.51772141456604
Epoch: 36, Steps: 29 | Train Loss: 0.0675468 Vali Loss: 0.1128244 Test Loss: 0.0549046
Validation loss decreased (0.113869 --> 0.112824).  Saving model ...
Updating learning rate to 9.817750691596265e-06
Epoch: 37 cost time: 3.536461591720581
Epoch: 37, Steps: 29 | Train Loss: 0.0668849 Vali Loss: 0.1127453 Test Loss: 0.0539455
Validation loss decreased (0.112824 --> 0.112745).  Saving model ...
Updating learning rate to 9.752886729809889e-06
Epoch: 38 cost time: 3.540031909942627
Epoch: 38, Steps: 29 | Train Loss: 0.0662682 Vali Loss: 0.1119821 Test Loss: 0.0537302
Validation loss decreased (0.112745 --> 0.111982).  Saving model ...
Updating learning rate to 9.678451126953676e-06
Epoch: 39 cost time: 3.528399705886841
Epoch: 39, Steps: 29 | Train Loss: 0.0656002 Vali Loss: 0.1113309 Test Loss: 0.0530090
Validation loss decreased (0.111982 --> 0.111331).  Saving model ...
Updating learning rate to 9.594593786425696e-06
Epoch: 40 cost time: 3.535306215286255
Epoch: 40, Steps: 29 | Train Loss: 0.0649270 Vali Loss: 0.1100127 Test Loss: 0.0529912
Validation loss decreased (0.111331 --> 0.110013).  Saving model ...
Updating learning rate to 9.501483585749811e-06
Epoch: 41 cost time: 3.5215227603912354
Epoch: 41, Steps: 29 | Train Loss: 0.0643501 Vali Loss: 0.1098966 Test Loss: 0.0522881
Validation loss decreased (0.110013 --> 0.109897).  Saving model ...
Updating learning rate to 9.399308036478838e-06
Epoch: 42 cost time: 3.5243752002716064
Epoch: 42, Steps: 29 | Train Loss: 0.0637354 Vali Loss: 0.1088650 Test Loss: 0.0521084
Validation loss decreased (0.109897 --> 0.108865).  Saving model ...
Updating learning rate to 9.288272906571216e-06
Epoch: 43 cost time: 3.546539545059204
Epoch: 43, Steps: 29 | Train Loss: 0.0630643 Vali Loss: 0.1084831 Test Loss: 0.0517768
Validation loss decreased (0.108865 --> 0.108483).  Saving model ...
Updating learning rate to 9.16860180600173e-06
Epoch: 44 cost time: 3.536118507385254
Epoch: 44, Steps: 29 | Train Loss: 0.0624820 Vali Loss: 0.1073003 Test Loss: 0.0512065
Validation loss decreased (0.108483 --> 0.107300).  Saving model ...
Updating learning rate to 9.040535736440785e-06
Epoch: 45 cost time: 3.532918930053711
Epoch: 45, Steps: 29 | Train Loss: 0.0618986 Vali Loss: 0.1072463 Test Loss: 0.0508583
Validation loss decreased (0.107300 --> 0.107246).  Saving model ...
Updating learning rate to 8.904332605909106e-06
Epoch: 46 cost time: 3.5357418060302734
Epoch: 46, Steps: 29 | Train Loss: 0.0612976 Vali Loss: 0.1061924 Test Loss: 0.0505690
Validation loss decreased (0.107246 --> 0.106192).  Saving model ...
Updating learning rate to 8.760266709385311e-06
Epoch: 47 cost time: 3.538193941116333
Epoch: 47, Steps: 29 | Train Loss: 0.0607303 Vali Loss: 0.1054253 Test Loss: 0.0506573
Validation loss decreased (0.106192 --> 0.105425).  Saving model ...
Updating learning rate to 8.608628176412335e-06
Epoch: 48 cost time: 3.5337812900543213
Epoch: 48, Steps: 29 | Train Loss: 0.0601359 Vali Loss: 0.1043299 Test Loss: 0.0502827
Validation loss decreased (0.105425 --> 0.104330).  Saving model ...
Updating learning rate to 8.449722386815127e-06
Epoch: 49 cost time: 3.526651382446289
Epoch: 49, Steps: 29 | Train Loss: 0.0595884 Vali Loss: 0.1035262 Test Loss: 0.0500735
Validation loss decreased (0.104330 --> 0.103526).  Saving model ...
Updating learning rate to 8.28386935570634e-06
Epoch: 50 cost time: 3.5254018306732178
Epoch: 50, Steps: 29 | Train Loss: 0.0590501 Vali Loss: 0.1030498 Test Loss: 0.0494880
Validation loss decreased (0.103526 --> 0.103050).  Saving model ...
Updating learning rate to 8.111403089018465e-06
Epoch: 51 cost time: 3.5230276584625244
Epoch: 51, Steps: 29 | Train Loss: 0.0584662 Vali Loss: 0.1024329 Test Loss: 0.0492269
Validation loss decreased (0.103050 --> 0.102433).  Saving model ...
Updating learning rate to 7.93267091086035e-06
Epoch: 52 cost time: 3.7578306198120117
Epoch: 52, Steps: 29 | Train Loss: 0.0579523 Vali Loss: 0.1012399 Test Loss: 0.0488511
Validation loss decreased (0.102433 --> 0.101240).  Saving model ...
Updating learning rate to 7.748032764052655e-06
Epoch: 53 cost time: 3.7603518962860107
Epoch: 53, Steps: 29 | Train Loss: 0.0574759 Vali Loss: 0.1001577 Test Loss: 0.0491024
Validation loss decreased (0.101240 --> 0.100158).  Saving model ...
Updating learning rate to 7.557860485250925e-06
Epoch: 54 cost time: 3.713304281234741
Epoch: 54, Steps: 29 | Train Loss: 0.0569343 Vali Loss: 0.0998369 Test Loss: 0.0481417
Validation loss decreased (0.100158 --> 0.099837).  Saving model ...
Updating learning rate to 7.362537056116034e-06
Epoch: 55 cost time: 3.6613991260528564
Epoch: 55, Steps: 29 | Train Loss: 0.0563459 Vali Loss: 0.0984702 Test Loss: 0.0482596
Validation loss decreased (0.099837 --> 0.098470).  Saving model ...
Updating learning rate to 7.162455832040107e-06
Epoch: 56 cost time: 3.6177072525024414
Epoch: 56, Steps: 29 | Train Loss: 0.0559201 Vali Loss: 0.0981646 Test Loss: 0.0478236
Validation loss decreased (0.098470 --> 0.098165).  Saving model ...
Updating learning rate to 6.9580197499810984e-06
Epoch: 57 cost time: 3.609471559524536
Epoch: 57, Steps: 29 | Train Loss: 0.0553366 Vali Loss: 0.0985666 Test Loss: 0.0469479
EarlyStopping counter: 1 out of 10
Updating learning rate to 6.7496405170013816e-06
Epoch: 58 cost time: 3.6750290393829346
Epoch: 58, Steps: 29 | Train Loss: 0.0549091 Vali Loss: 0.0969448 Test Loss: 0.0471862
Validation loss decreased (0.098165 --> 0.096945).  Saving model ...
Updating learning rate to 6.537737781144523e-06
Epoch: 59 cost time: 3.674692153930664
Epoch: 59, Steps: 29 | Train Loss: 0.0543932 Vali Loss: 0.0963545 Test Loss: 0.0465668
Validation loss decreased (0.096945 --> 0.096355).  Saving model ...
Updating learning rate to 6.322738286319964e-06
Epoch: 60 cost time: 3.671743631362915
Epoch: 60, Steps: 29 | Train Loss: 0.0539266 Vali Loss: 0.0955554 Test Loss: 0.0465183
Validation loss decreased (0.096355 --> 0.095555).  Saving model ...
Updating learning rate to 6.105075012897585e-06
Epoch: 61 cost time: 3.6209123134613037
Epoch: 61, Steps: 29 | Train Loss: 0.0534382 Vali Loss: 0.0951524 Test Loss: 0.0459588
Validation loss decreased (0.095555 --> 0.095152).  Saving model ...
Updating learning rate to 5.885186305742857e-06
Epoch: 62 cost time: 3.6727514266967773
Epoch: 62, Steps: 29 | Train Loss: 0.0529745 Vali Loss: 0.0950605 Test Loss: 0.0454820
Validation loss decreased (0.095152 --> 0.095060).  Saving model ...
Updating learning rate to 5.6635149914486225e-06
Epoch: 63 cost time: 3.8166778087615967
Epoch: 63, Steps: 29 | Train Loss: 0.0525576 Vali Loss: 0.0933821 Test Loss: 0.0453899
Validation loss decreased (0.095060 --> 0.093382).  Saving model ...
Updating learning rate to 5.440507486541268e-06
Epoch: 64 cost time: 3.652406930923462
Epoch: 64, Steps: 29 | Train Loss: 0.0520949 Vali Loss: 0.0927816 Test Loss: 0.0452074
Validation loss decreased (0.093382 --> 0.092782).  Saving model ...
Updating learning rate to 5.216612898457253e-06
Epoch: 65 cost time: 3.749410390853882
Epoch: 65, Steps: 29 | Train Loss: 0.0516469 Vali Loss: 0.0924906 Test Loss: 0.0447022
Validation loss decreased (0.092782 --> 0.092491).  Saving model ...
Updating learning rate to 4.992282121100496e-06
Epoch: 66 cost time: 3.6317074298858643
Epoch: 66, Steps: 29 | Train Loss: 0.0512159 Vali Loss: 0.0916330 Test Loss: 0.0444887
Validation loss decreased (0.092491 --> 0.091633).  Saving model ...
Updating learning rate to 4.767966926802067e-06
Epoch: 67 cost time: 3.7432806491851807
Epoch: 67, Steps: 29 | Train Loss: 0.0507688 Vali Loss: 0.0904577 Test Loss: 0.0443190
Validation loss decreased (0.091633 --> 0.090458).  Saving model ...
Updating learning rate to 4.5441190565108235e-06
Epoch: 68 cost time: 3.6757583618164062
Epoch: 68, Steps: 29 | Train Loss: 0.0503106 Vali Loss: 0.0898309 Test Loss: 0.0440015
Validation loss decreased (0.090458 --> 0.089831).  Saving model ...
Updating learning rate to 4.3211893100472735e-06
Epoch: 69 cost time: 3.657022714614868
Epoch: 69, Steps: 29 | Train Loss: 0.0499262 Vali Loss: 0.0896567 Test Loss: 0.0435871
Validation loss decreased (0.089831 --> 0.089657).  Saving model ...
Updating learning rate to 4.099626638252712e-06
Epoch: 70 cost time: 3.697481155395508
Epoch: 70, Steps: 29 | Train Loss: 0.0495168 Vali Loss: 0.0893115 Test Loss: 0.0431141
Validation loss decreased (0.089657 --> 0.089311).  Saving model ...
Updating learning rate to 3.879877238861997e-06
Epoch: 71 cost time: 3.6617579460144043
Epoch: 71, Steps: 29 | Train Loss: 0.0490931 Vali Loss: 0.0882026 Test Loss: 0.0428898
Validation loss decreased (0.089311 --> 0.088203).  Saving model ...
Updating learning rate to 3.662383657920668e-06
Epoch: 72 cost time: 3.7890665531158447
Epoch: 72, Steps: 29 | Train Loss: 0.0486990 Vali Loss: 0.0877242 Test Loss: 0.0425845
Validation loss decreased (0.088203 --> 0.087724).  Saving model ...
Updating learning rate to 3.447583898556124e-06
Epoch: 73 cost time: 3.6762731075286865
Epoch: 73, Steps: 29 | Train Loss: 0.0483042 Vali Loss: 0.0867300 Test Loss: 0.0423803
Validation loss decreased (0.087724 --> 0.086730).  Saving model ...
Updating learning rate to 3.2359105388976132e-06
Epoch: 74 cost time: 3.6861677169799805
Epoch: 74, Steps: 29 | Train Loss: 0.0479195 Vali Loss: 0.0860853 Test Loss: 0.0420722
Validation loss decreased (0.086730 --> 0.086085).  Saving model ...
Updating learning rate to 3.027789860921434e-06
Epoch: 75 cost time: 4.227961540222168
Epoch: 75, Steps: 29 | Train Loss: 0.0475517 Vali Loss: 0.0853967 Test Loss: 0.0418881
Validation loss decreased (0.086085 --> 0.085397).  Saving model ...
Updating learning rate to 2.8236409919757893e-06
Epoch: 76 cost time: 3.6499216556549072
Epoch: 76, Steps: 29 | Train Loss: 0.0471243 Vali Loss: 0.0846300 Test Loss: 0.0415845
Validation loss decreased (0.085397 --> 0.084630).  Saving model ...
Updating learning rate to 2.6238750607140637e-06
Epoch: 77 cost time: 3.777635097503662
Epoch: 77, Steps: 29 | Train Loss: 0.0467697 Vali Loss: 0.0838729 Test Loss: 0.0411543
Validation loss decreased (0.084630 --> 0.083873).  Saving model ...
Updating learning rate to 2.4288943691364434e-06
Epoch: 78 cost time: 3.634215831756592
Epoch: 78, Steps: 29 | Train Loss: 0.0464117 Vali Loss: 0.0838652 Test Loss: 0.0407367
Validation loss decreased (0.083873 --> 0.083865).  Saving model ...
Updating learning rate to 2.2390915824072217e-06
Epoch: 79 cost time: 3.6650657653808594
Epoch: 79, Steps: 29 | Train Loss: 0.0460316 Vali Loss: 0.0828885 Test Loss: 0.0405659
Validation loss decreased (0.083865 --> 0.082889).  Saving model ...
Updating learning rate to 2.0548489380794217e-06
Epoch: 80 cost time: 3.6409525871276855
Epoch: 80, Steps: 29 | Train Loss: 0.0456384 Vali Loss: 0.0822363 Test Loss: 0.0402574
Validation loss decreased (0.082889 --> 0.082236).  Saving model ...
Updating learning rate to 1.876537476319218e-06
Epoch: 81 cost time: 3.6703596115112305
Epoch: 81, Steps: 29 | Train Loss: 0.0453730 Vali Loss: 0.0822235 Test Loss: 0.0401776
Validation loss decreased (0.082236 --> 0.082223).  Saving model ...
Updating learning rate to 1.7045162926804444e-06
Epoch: 82 cost time: 3.7041943073272705
Epoch: 82, Steps: 29 | Train Loss: 0.0453132 Vali Loss: 0.0820910 Test Loss: 0.0401998
Validation loss decreased (0.082223 --> 0.082091).  Saving model ...
Updating learning rate to 1.5391318149339123e-06
Epoch: 83 cost time: 3.6593222618103027
Epoch: 83, Steps: 29 | Train Loss: 0.0453294 Vali Loss: 0.0820895 Test Loss: 0.0401843
Validation loss decreased (0.082091 --> 0.082089).  Saving model ...
Updating learning rate to 1.3807171054080036e-06
Epoch: 84 cost time: 3.655319929122925
Epoch: 84, Steps: 29 | Train Loss: 0.0453389 Vali Loss: 0.0818290 Test Loss: 0.0402991
Validation loss decreased (0.082089 --> 0.081829).  Saving model ...
Updating learning rate to 1.2295911902454577e-06
Epoch: 85 cost time: 3.7124972343444824
Epoch: 85, Steps: 29 | Train Loss: 0.0453677 Vali Loss: 0.0821319 Test Loss: 0.0401957
EarlyStopping counter: 1 out of 10
Updating learning rate to 1.0860584169271784e-06
Epoch: 86 cost time: 3.6806788444519043
Epoch: 86, Steps: 29 | Train Loss: 0.0453699 Vali Loss: 0.0819643 Test Loss: 0.0401886
EarlyStopping counter: 2 out of 10
Updating learning rate to 9.504078413569088e-07
Epoch: 87 cost time: 3.6983561515808105
Epoch: 87, Steps: 29 | Train Loss: 0.0453462 Vali Loss: 0.0820722 Test Loss: 0.0402664
EarlyStopping counter: 3 out of 10
Updating learning rate to 8.229126457411124e-07
Epoch: 88 cost time: 3.6139304637908936
Epoch: 88, Steps: 29 | Train Loss: 0.0453406 Vali Loss: 0.0820161 Test Loss: 0.0401990
EarlyStopping counter: 4 out of 10
Updating learning rate to 7.038295884363647e-07
Epoch: 89 cost time: 3.6516401767730713
Epoch: 89, Steps: 29 | Train Loss: 0.0452978 Vali Loss: 0.0819503 Test Loss: 0.0402796
EarlyStopping counter: 5 out of 10
Updating learning rate to 5.933984868721898e-07
Epoch: 90 cost time: 3.8551278114318848
Epoch: 90, Steps: 29 | Train Loss: 0.0452917 Vali Loss: 0.0821826 Test Loss: 0.0401883
EarlyStopping counter: 6 out of 10
Updating learning rate to 4.918417345906772e-07
Epoch: 91 cost time: 3.697697162628174
Epoch: 91, Steps: 29 | Train Loss: 0.0452876 Vali Loss: 0.0820750 Test Loss: 0.0402301
EarlyStopping counter: 7 out of 10
Updating learning rate to 3.9936385337548097e-07
Epoch: 92 cost time: 3.73935866355896
Epoch: 92, Steps: 29 | Train Loss: 0.0452910 Vali Loss: 0.0822102 Test Loss: 0.0402470
EarlyStopping counter: 8 out of 10
Updating learning rate to 3.161510813721721e-07
Epoch: 93 cost time: 3.6958372592926025
Epoch: 93, Steps: 29 | Train Loss: 0.0452690 Vali Loss: 0.0821918 Test Loss: 0.0402591
EarlyStopping counter: 9 out of 10
Updating learning rate to 2.4237099802938663e-07
Epoch: 94 cost time: 3.7080299854278564
Epoch: 94, Steps: 29 | Train Loss: 0.0452858 Vali Loss: 0.0821351 Test Loss: 0.0402622
EarlyStopping counter: 10 out of 10
Early stopping
>>>>>>>testing : ETTh1_336_720_DTFNet_ETTh1_ftM_sl336_ll0_pl720_dm128_nh16_el2_br2_dl1_df256_fc1_ebtimeF_dtTrue_'Exp'_0_'rel_sin'_16_8_16,24_8,12_3_1_256<<<<<<<<<<<<<<<<<<<<<<<<<<<<<<<<<
test 2161
mse:0.426861435174942, mae:0.449922114610672, rse:0.6275213956832886
