Args in experiment:
Namespace(is_training=1, model_id='ETTh1_336_720', model='DTFNet', data='ETTh1', root_path='./dataset/', data_path='ETTh1.csv', features='M', target='OT', freq='h', checkpoints='./checkpoints/', seq_len=336, label_len=0, pred_len=720, n_branches=2, patch_len_ls='16,24', stride_ls='8,12', d_model_ls='128', n_heads_ls='16', rel_pe="'rel_sin'", res_attn=False, head_type='flatten', fc_dropout=0.3, head_dropout=0.1, patch_len=16, stride=8, padding_patch="'end'", revin=1, affine=0, subtract_last=0, decomposition=0, kernel_size=25, individual=0, store_attn=False, pre_norm=False, pe='zeros', no_learn_pe=True, embed_type=0, enc_in=7, dec_in=7, c_out=7, d_model=128, n_heads=16, e_layers=2, d_layers=1, d_ff=256, moving_avg=25, factor=1, distil=True, dropout=0.3, embed='timeF', activation='gelu', output_attention=False, do_predict=False, num_workers=0, itr=1, train_epochs=100, batch_size=256, patience=10, learning_rate=1e-05, des="'Exp'", loss='mse', lradj='TST', pct_start=0.3, use_amp=False, l2=0.0, warmup_steps=0, use_gpu=True, gpu=0, use_multi_gpu=False, devices='0', test_flop=False, use_mlflow=False, mlflow_project='exp', loss_flag=2, sub_patch_len=16, sub_stride=8, stride_ls_list='16', model_type='linear', tfactor=3, dilation_rates='1', wavelet_layers=2, wavelet_type='db5', wavelet_mode='periodization', wavelet_dim=64, initTLV=0.2)
Use GPU: cuda:0
>>>>>>>start training : ETTh1_336_720_DTFNet_ETTh1_ftM_sl336_ll0_pl720_dm128_nh16_el2_br2_dl1_df256_fc1_ebtimeF_dtTrue_'Exp'_0_'rel_sin'_16_8_16,24_8,12_3_1_256>>>>>>>>>>>>>>>>>>>>>>>>>>
train 7585
val 2161
test 2161
Epoch: 1 cost time: 7.579480886459351
Epoch: 1, Steps: 29 | Train Loss: 0.1076510 Vali Loss: 0.1788676 Test Loss: 0.0998077
Validation loss decreased (inf --> 0.178868).  Saving model ...
Updating learning rate to 4.2635539919063106e-07
Epoch: 2 cost time: 3.715123176574707
Epoch: 2, Steps: 29 | Train Loss: 0.1068099 Vali Loss: 0.1775852 Test Loss: 0.0989693
Validation loss decreased (0.178868 --> 0.177585).  Saving model ...
Updating learning rate to 5.051321771514831e-07
Epoch: 3 cost time: 3.8590075969696045
Epoch: 3, Steps: 29 | Train Loss: 0.1058970 Vali Loss: 0.1758519 Test Loss: 0.0980709
Validation loss decreased (0.177585 --> 0.175852).  Saving model ...
Updating learning rate to 6.354652532866785e-07
Epoch: 4 cost time: 3.809598684310913
Epoch: 4, Steps: 29 | Train Loss: 0.1049627 Vali Loss: 0.1741576 Test Loss: 0.0971108
Validation loss decreased (0.175852 --> 0.174158).  Saving model ...
Updating learning rate to 8.159233858256806e-07
Epoch: 5 cost time: 3.5763981342315674
Epoch: 5, Steps: 29 | Train Loss: 0.1040615 Vali Loss: 0.1724578 Test Loss: 0.0960744
Validation loss decreased (0.174158 --> 0.172458).  Saving model ...
Updating learning rate to 1.0445248888850473e-06
Epoch: 6 cost time: 3.6424448490142822
Epoch: 6, Steps: 29 | Train Loss: 0.1030609 Vali Loss: 0.1702336 Test Loss: 0.0949185
Validation loss decreased (0.172458 --> 0.170234).  Saving model ...
Updating learning rate to 1.3187593941861497e-06
Epoch: 7 cost time: 3.573122978210449
Epoch: 7, Steps: 29 | Train Loss: 0.1019004 Vali Loss: 0.1684619 Test Loss: 0.0935849
Validation loss decreased (0.170234 --> 0.168462).  Saving model ...
Updating learning rate to 1.6356154184543822e-06
Epoch: 8 cost time: 3.763350486755371
Epoch: 8, Steps: 29 | Train Loss: 0.1007505 Vali Loss: 0.1659689 Test Loss: 0.0919817
Validation loss decreased (0.168462 --> 0.165969).  Saving model ...
Updating learning rate to 1.9916134337707666e-06
Epoch: 9 cost time: 3.751401424407959
Epoch: 9, Steps: 29 | Train Loss: 0.0993031 Vali Loss: 0.1629254 Test Loss: 0.0899402
Validation loss decreased (0.165969 --> 0.162925).  Saving model ...
Updating learning rate to 2.3828440777166636e-06
Epoch: 10 cost time: 3.7923696041107178
Epoch: 10, Steps: 29 | Train Loss: 0.0976093 Vali Loss: 0.1588785 Test Loss: 0.0871665
Validation loss decreased (0.162925 --> 0.158879).  Saving model ...
Updating learning rate to 2.805011083710071e-06
Epoch: 11 cost time: 3.7761261463165283
Epoch: 11, Steps: 29 | Train Loss: 0.0953875 Vali Loss: 0.1533380 Test Loss: 0.0832996
Validation loss decreased (0.158879 --> 0.153338).  Saving model ...
Updating learning rate to 3.2534784600976295e-06
Epoch: 12 cost time: 3.670781373977661
Epoch: 12, Steps: 29 | Train Loss: 0.0927527 Vali Loss: 0.1476839 Test Loss: 0.0785925
Validation loss decreased (0.153338 --> 0.147684).  Saving model ...
Updating learning rate to 3.723321399909056e-06
Epoch: 13 cost time: 3.701935052871704
Epoch: 13, Steps: 29 | Train Loss: 0.0901187 Vali Loss: 0.1423624 Test Loss: 0.0751761
Validation loss decreased (0.147684 --> 0.142362).  Saving model ...
Updating learning rate to 4.209380362212844e-06
Epoch: 14 cost time: 3.6892316341400146
Epoch: 14, Steps: 29 | Train Loss: 0.0881021 Vali Loss: 0.1388385 Test Loss: 0.0734014
Validation loss decreased (0.142362 --> 0.138839).  Saving model ...
Updating learning rate to 4.706317731183279e-06
Epoch: 15 cost time: 3.6993441581726074
Epoch: 15, Steps: 29 | Train Loss: 0.0862557 Vali Loss: 0.1360166 Test Loss: 0.0713487
Validation loss decreased (0.138839 --> 0.136017).  Saving model ...
Updating learning rate to 5.208676430682048e-06
Epoch: 16 cost time: 3.8651671409606934
Epoch: 16, Steps: 29 | Train Loss: 0.0844591 Vali Loss: 0.1334085 Test Loss: 0.0694198
Validation loss decreased (0.136017 --> 0.133409).  Saving model ...
Updating learning rate to 5.710939850683244e-06
Epoch: 17 cost time: 3.8237836360931396
Epoch: 17, Steps: 29 | Train Loss: 0.0829136 Vali Loss: 0.1314407 Test Loss: 0.0674070
Validation loss decreased (0.133409 --> 0.131441).  Saving model ...
Updating learning rate to 6.207592427464792e-06
Epoch: 18 cost time: 3.8715479373931885
Epoch: 18, Steps: 29 | Train Loss: 0.0815923 Vali Loss: 0.1298196 Test Loss: 0.0661861
Validation loss decreased (0.131441 --> 0.129820).  Saving model ...
Updating learning rate to 6.693180212309968e-06
Epoch: 19 cost time: 3.776803493499756
Epoch: 19, Steps: 29 | Train Loss: 0.0804442 Vali Loss: 0.1287299 Test Loss: 0.0647558
Validation loss decreased (0.129820 --> 0.128730).  Saving model ...
Updating learning rate to 7.1623707635889015e-06
Epoch: 20 cost time: 3.7985870838165283
Epoch: 20, Steps: 29 | Train Loss: 0.0794856 Vali Loss: 0.1273713 Test Loss: 0.0643907
Validation loss decreased (0.128730 --> 0.127371).  Saving model ...
Updating learning rate to 7.610011704520164e-06
Epoch: 21 cost time: 3.944772720336914
Epoch: 21, Steps: 29 | Train Loss: 0.0785509 Vali Loss: 0.1265319 Test Loss: 0.0632636
Validation loss decreased (0.127371 --> 0.126532).  Saving model ...
Updating learning rate to 8.031187303565295e-06
Epoch: 22 cost time: 3.802671432495117
Epoch: 22, Steps: 29 | Train Loss: 0.0778497 Vali Loss: 0.1253553 Test Loss: 0.0627946
Validation loss decreased (0.126532 --> 0.125355).  Saving model ...
Updating learning rate to 8.421272456123378e-06
Epoch: 23 cost time: 3.7451376914978027
Epoch: 23, Steps: 29 | Train Loss: 0.0769479 Vali Loss: 0.1248320 Test Loss: 0.0617708
Validation loss decreased (0.125355 --> 0.124832).  Saving model ...
Updating learning rate to 8.775983474730246e-06
Epoch: 24 cost time: 3.839425802230835
Epoch: 24, Steps: 29 | Train Loss: 0.0761378 Vali Loss: 0.1237786 Test Loss: 0.0610506
Validation loss decreased (0.124832 --> 0.123779).  Saving model ...
Updating learning rate to 9.091425130013939e-06
Epoch: 25 cost time: 3.566441535949707
Epoch: 25, Steps: 29 | Train Loss: 0.0753902 Vali Loss: 0.1226341 Test Loss: 0.0607303
Validation loss decreased (0.123779 --> 0.122634).  Saving model ...
Updating learning rate to 9.364133425830145e-06
Epoch: 26 cost time: 3.5822558403015137
Epoch: 26, Steps: 29 | Train Loss: 0.0745556 Vali Loss: 0.1217866 Test Loss: 0.0598086
Validation loss decreased (0.122634 --> 0.121787).  Saving model ...
Updating learning rate to 9.591113638846019e-06
Epoch: 27 cost time: 3.538161516189575
Epoch: 27, Steps: 29 | Train Loss: 0.0737950 Vali Loss: 0.1208598 Test Loss: 0.0588144
Validation loss decreased (0.121787 --> 0.120860).  Saving model ...
Updating learning rate to 9.769873204843885e-06
Epoch: 28 cost time: 3.570852756500244
Epoch: 28, Steps: 29 | Train Loss: 0.0730496 Vali Loss: 0.1198096 Test Loss: 0.0585778
Validation loss decreased (0.120860 --> 0.119810).  Saving model ...
Updating learning rate to 9.898449090606656e-06
Epoch: 29 cost time: 3.530332326889038
Epoch: 29, Steps: 29 | Train Loss: 0.0723347 Vali Loss: 0.1189555 Test Loss: 0.0581442
Validation loss decreased (0.119810 --> 0.118955).  Saving model ...
Updating learning rate to 9.975429350802846e-06
Epoch: 30 cost time: 3.590331554412842
Epoch: 30, Steps: 29 | Train Loss: 0.0716276 Vali Loss: 0.1185697 Test Loss: 0.0574998
Validation loss decreased (0.118955 --> 0.118570).  Saving model ...
Updating learning rate to 9.99999401249548e-06
Epoch: 31 cost time: 3.569183826446533
Epoch: 31, Steps: 29 | Train Loss: 0.0708860 Vali Loss: 0.1175187 Test Loss: 0.0569455
Validation loss decreased (0.118570 --> 0.117519).  Saving model ...
Updating learning rate to 9.994612212745642e-06
Epoch: 32 cost time: 3.5652074813842773
Epoch: 32, Steps: 29 | Train Loss: 0.0702213 Vali Loss: 0.1165800 Test Loss: 0.0565628
Validation loss decreased (0.117519 --> 0.116580).  Saving model ...
Updating learning rate to 9.979171968972798e-06
Epoch: 33 cost time: 3.5673789978027344
Epoch: 33, Steps: 29 | Train Loss: 0.0695080 Vali Loss: 0.1158699 Test Loss: 0.0558559
Validation loss decreased (0.116580 --> 0.115870).  Saving model ...
Updating learning rate to 9.953704375773079e-06
Epoch: 34 cost time: 3.5785727500915527
Epoch: 34, Steps: 29 | Train Loss: 0.0688022 Vali Loss: 0.1148965 Test Loss: 0.0550723
Validation loss decreased (0.115870 --> 0.114897).  Saving model ...
Updating learning rate to 9.918260721489893e-06
Epoch: 35 cost time: 3.580106019973755
Epoch: 35, Steps: 29 | Train Loss: 0.0680939 Vali Loss: 0.1145215 Test Loss: 0.0544413
Validation loss decreased (0.114897 --> 0.114522).  Saving model ...
Updating learning rate to 9.872912384926035e-06
Epoch: 36 cost time: 3.574918746948242
Epoch: 36, Steps: 29 | Train Loss: 0.0674275 Vali Loss: 0.1135192 Test Loss: 0.0543745
Validation loss decreased (0.114522 --> 0.113519).  Saving model ...
Updating learning rate to 9.817750691596265e-06
Epoch: 37 cost time: 3.6630475521087646
Epoch: 37, Steps: 29 | Train Loss: 0.0667429 Vali Loss: 0.1125454 Test Loss: 0.0543299
Validation loss decreased (0.113519 --> 0.112545).  Saving model ...
Updating learning rate to 9.752886729809889e-06
Epoch: 38 cost time: 3.579796314239502
Epoch: 38, Steps: 29 | Train Loss: 0.0661667 Vali Loss: 0.1113205 Test Loss: 0.0536733
Validation loss decreased (0.112545 --> 0.111320).  Saving model ...
Updating learning rate to 9.678451126953676e-06
Epoch: 39 cost time: 3.5816383361816406
Epoch: 39, Steps: 29 | Train Loss: 0.0654684 Vali Loss: 0.1108052 Test Loss: 0.0532071
Validation loss decreased (0.111320 --> 0.110805).  Saving model ...
Updating learning rate to 9.594593786425696e-06
Epoch: 40 cost time: 3.5819804668426514
Epoch: 40, Steps: 29 | Train Loss: 0.0648449 Vali Loss: 0.1103633 Test Loss: 0.0527813
Validation loss decreased (0.110805 --> 0.110363).  Saving model ...
Updating learning rate to 9.501483585749811e-06
Epoch: 41 cost time: 3.5856571197509766
Epoch: 41, Steps: 29 | Train Loss: 0.0642866 Vali Loss: 0.1093060 Test Loss: 0.0526054
Validation loss decreased (0.110363 --> 0.109306).  Saving model ...
Updating learning rate to 9.399308036478838e-06
Epoch: 42 cost time: 3.6036248207092285
Epoch: 42, Steps: 29 | Train Loss: 0.0636189 Vali Loss: 0.1087689 Test Loss: 0.0519398
Validation loss decreased (0.109306 --> 0.108769).  Saving model ...
Updating learning rate to 9.288272906571216e-06
Epoch: 43 cost time: 3.584501266479492
Epoch: 43, Steps: 29 | Train Loss: 0.0629513 Vali Loss: 0.1078128 Test Loss: 0.0517601
Validation loss decreased (0.108769 --> 0.107813).  Saving model ...
Updating learning rate to 9.16860180600173e-06
Epoch: 44 cost time: 3.612887382507324
Epoch: 44, Steps: 29 | Train Loss: 0.0623994 Vali Loss: 0.1073667 Test Loss: 0.0510529
Validation loss decreased (0.107813 --> 0.107367).  Saving model ...
Updating learning rate to 9.040535736440785e-06
Epoch: 45 cost time: 3.6133949756622314
Epoch: 45, Steps: 29 | Train Loss: 0.0618414 Vali Loss: 0.1067361 Test Loss: 0.0505781
Validation loss decreased (0.107367 --> 0.106736).  Saving model ...
Updating learning rate to 8.904332605909106e-06
Epoch: 46 cost time: 3.605726957321167
Epoch: 46, Steps: 29 | Train Loss: 0.0612691 Vali Loss: 0.1065069 Test Loss: 0.0500747
Validation loss decreased (0.106736 --> 0.106507).  Saving model ...
Updating learning rate to 8.760266709385311e-06
Epoch: 47 cost time: 3.5883238315582275
Epoch: 47, Steps: 29 | Train Loss: 0.0606285 Vali Loss: 0.1045857 Test Loss: 0.0503221
Validation loss decreased (0.106507 --> 0.104586).  Saving model ...
Updating learning rate to 8.608628176412335e-06
Epoch: 48 cost time: 3.6067957878112793
Epoch: 48, Steps: 29 | Train Loss: 0.0600339 Vali Loss: 0.1044117 Test Loss: 0.0497267
Validation loss decreased (0.104586 --> 0.104412).  Saving model ...
Updating learning rate to 8.449722386815127e-06
Epoch: 49 cost time: 3.6262824535369873
Epoch: 49, Steps: 29 | Train Loss: 0.0595475 Vali Loss: 0.1042378 Test Loss: 0.0491305
Validation loss decreased (0.104412 --> 0.104238).  Saving model ...
Updating learning rate to 8.28386935570634e-06
Epoch: 50 cost time: 3.596970558166504
Epoch: 50, Steps: 29 | Train Loss: 0.0589953 Vali Loss: 0.1025097 Test Loss: 0.0493032
Validation loss decreased (0.104238 --> 0.102510).  Saving model ...
Updating learning rate to 8.111403089018465e-06
Epoch: 51 cost time: 3.6130666732788086
Epoch: 51, Steps: 29 | Train Loss: 0.0584892 Vali Loss: 0.1017768 Test Loss: 0.0488837
Validation loss decreased (0.102510 --> 0.101777).  Saving model ...
Updating learning rate to 7.93267091086035e-06
Epoch: 52 cost time: 3.62514066696167
Epoch: 52, Steps: 29 | Train Loss: 0.0579126 Vali Loss: 0.1016148 Test Loss: 0.0481926
Validation loss decreased (0.101777 --> 0.101615).  Saving model ...
Updating learning rate to 7.748032764052655e-06
Epoch: 53 cost time: 3.6110270023345947
Epoch: 53, Steps: 29 | Train Loss: 0.0573704 Vali Loss: 0.1004768 Test Loss: 0.0482186
Validation loss decreased (0.101615 --> 0.100477).  Saving model ...
Updating learning rate to 7.557860485250925e-06
Epoch: 54 cost time: 3.584393262863159
Epoch: 54, Steps: 29 | Train Loss: 0.0568108 Vali Loss: 0.0996069 Test Loss: 0.0478028
Validation loss decreased (0.100477 --> 0.099607).  Saving model ...
Updating learning rate to 7.362537056116034e-06
Epoch: 55 cost time: 3.6027987003326416
Epoch: 55, Steps: 29 | Train Loss: 0.0563301 Vali Loss: 0.0994504 Test Loss: 0.0472134
Validation loss decreased (0.099607 --> 0.099450).  Saving model ...
Updating learning rate to 7.162455832040107e-06
Epoch: 56 cost time: 3.631636381149292
Epoch: 56, Steps: 29 | Train Loss: 0.0558139 Vali Loss: 0.0982114 Test Loss: 0.0469403
Validation loss decreased (0.099450 --> 0.098211).  Saving model ...
Updating learning rate to 6.9580197499810984e-06
Epoch: 57 cost time: 3.6090099811553955
Epoch: 57, Steps: 29 | Train Loss: 0.0553660 Vali Loss: 0.0974663 Test Loss: 0.0468901
Validation loss decreased (0.098211 --> 0.097466).  Saving model ...
Updating learning rate to 6.7496405170013816e-06
Epoch: 58 cost time: 3.6108405590057373
Epoch: 58, Steps: 29 | Train Loss: 0.0548531 Vali Loss: 0.0969982 Test Loss: 0.0464587
Validation loss decreased (0.097466 --> 0.096998).  Saving model ...
Updating learning rate to 6.537737781144523e-06
Epoch: 59 cost time: 3.6199238300323486
Epoch: 59, Steps: 29 | Train Loss: 0.0543816 Vali Loss: 0.0958646 Test Loss: 0.0462441
Validation loss decreased (0.096998 --> 0.095865).  Saving model ...
Updating learning rate to 6.322738286319964e-06
Epoch: 60 cost time: 3.605419397354126
Epoch: 60, Steps: 29 | Train Loss: 0.0538979 Vali Loss: 0.0955028 Test Loss: 0.0458080
Validation loss decreased (0.095865 --> 0.095503).  Saving model ...
Updating learning rate to 6.105075012897585e-06
Epoch: 61 cost time: 3.6240999698638916
Epoch: 61, Steps: 29 | Train Loss: 0.0534699 Vali Loss: 0.0946272 Test Loss: 0.0456102
Validation loss decreased (0.095503 --> 0.094627).  Saving model ...
Updating learning rate to 5.885186305742857e-06
Epoch: 62 cost time: 3.6411354541778564
Epoch: 62, Steps: 29 | Train Loss: 0.0529633 Vali Loss: 0.0937936 Test Loss: 0.0451492
Validation loss decreased (0.094627 --> 0.093794).  Saving model ...
Updating learning rate to 5.6635149914486225e-06
Epoch: 63 cost time: 3.6015305519104004
Epoch: 63, Steps: 29 | Train Loss: 0.0525004 Vali Loss: 0.0933525 Test Loss: 0.0448217
Validation loss decreased (0.093794 --> 0.093353).  Saving model ...
Updating learning rate to 5.440507486541268e-06
Epoch: 64 cost time: 3.621664047241211
Epoch: 64, Steps: 29 | Train Loss: 0.0520556 Vali Loss: 0.0922347 Test Loss: 0.0448247
Validation loss decreased (0.093353 --> 0.092235).  Saving model ...
Updating learning rate to 5.216612898457253e-06
Epoch: 65 cost time: 3.6355111598968506
Epoch: 65, Steps: 29 | Train Loss: 0.0516302 Vali Loss: 0.0917095 Test Loss: 0.0441822
Validation loss decreased (0.092235 --> 0.091709).  Saving model ...
Updating learning rate to 4.992282121100496e-06
Epoch: 66 cost time: 3.6041347980499268
Epoch: 66, Steps: 29 | Train Loss: 0.0511751 Vali Loss: 0.0905551 Test Loss: 0.0441922
Validation loss decreased (0.091709 --> 0.090555).  Saving model ...
Updating learning rate to 4.767966926802067e-06
Epoch: 67 cost time: 3.597400426864624
Epoch: 67, Steps: 29 | Train Loss: 0.0507638 Vali Loss: 0.0902694 Test Loss: 0.0436159
Validation loss decreased (0.090555 --> 0.090269).  Saving model ...
Updating learning rate to 4.5441190565108235e-06
Epoch: 68 cost time: 3.604421615600586
Epoch: 68, Steps: 29 | Train Loss: 0.0503025 Vali Loss: 0.0895221 Test Loss: 0.0434256
Validation loss decreased (0.090269 --> 0.089522).  Saving model ...
Updating learning rate to 4.3211893100472735e-06
Epoch: 69 cost time: 3.6067612171173096
Epoch: 69, Steps: 29 | Train Loss: 0.0499060 Vali Loss: 0.0888462 Test Loss: 0.0430916
Validation loss decreased (0.089522 --> 0.088846).  Saving model ...
Updating learning rate to 4.099626638252712e-06
Epoch: 70 cost time: 3.625182628631592
Epoch: 70, Steps: 29 | Train Loss: 0.0494806 Vali Loss: 0.0881574 Test Loss: 0.0428684
Validation loss decreased (0.088846 --> 0.088157).  Saving model ...
Updating learning rate to 3.879877238861997e-06
Epoch: 71 cost time: 3.6182265281677246
Epoch: 71, Steps: 29 | Train Loss: 0.0490500 Vali Loss: 0.0875716 Test Loss: 0.0425001
Validation loss decreased (0.088157 --> 0.087572).  Saving model ...
Updating learning rate to 3.662383657920668e-06
Epoch: 72 cost time: 3.6236743927001953
Epoch: 72, Steps: 29 | Train Loss: 0.0487125 Vali Loss: 0.0866083 Test Loss: 0.0422761
Validation loss decreased (0.087572 --> 0.086608).  Saving model ...
Updating learning rate to 3.447583898556124e-06
Epoch: 73 cost time: 3.553107738494873
Epoch: 73, Steps: 29 | Train Loss: 0.0483223 Vali Loss: 0.0864125 Test Loss: 0.0417963
Validation loss decreased (0.086608 --> 0.086413).  Saving model ...
Updating learning rate to 3.2359105388976132e-06
Epoch: 74 cost time: 3.60723614692688
Epoch: 74, Steps: 29 | Train Loss: 0.0479162 Vali Loss: 0.0857320 Test Loss: 0.0414813
Validation loss decreased (0.086413 --> 0.085732).  Saving model ...
Updating learning rate to 3.027789860921434e-06
Epoch: 75 cost time: 3.9871578216552734
Epoch: 75, Steps: 29 | Train Loss: 0.0474646 Vali Loss: 0.0848436 Test Loss: 0.0412295
Validation loss decreased (0.085732 --> 0.084844).  Saving model ...
Updating learning rate to 2.8236409919757893e-06
Epoch: 76 cost time: 3.8141961097717285
Epoch: 76, Steps: 29 | Train Loss: 0.0471117 Vali Loss: 0.0840033 Test Loss: 0.0410153
Validation loss decreased (0.084844 --> 0.084003).  Saving model ...
Updating learning rate to 2.6238750607140637e-06
Epoch: 77 cost time: 3.804149866104126
Epoch: 77, Steps: 29 | Train Loss: 0.0467222 Vali Loss: 0.0834540 Test Loss: 0.0407571
Validation loss decreased (0.084003 --> 0.083454).  Saving model ...
Updating learning rate to 2.4288943691364434e-06
Epoch: 78 cost time: 3.7488114833831787
Epoch: 78, Steps: 29 | Train Loss: 0.0463747 Vali Loss: 0.0828598 Test Loss: 0.0404064
Validation loss decreased (0.083454 --> 0.082860).  Saving model ...
Updating learning rate to 2.2390915824072217e-06
Epoch: 79 cost time: 3.798859119415283
Epoch: 79, Steps: 29 | Train Loss: 0.0459678 Vali Loss: 0.0823066 Test Loss: 0.0400659
Validation loss decreased (0.082860 --> 0.082307).  Saving model ...
Updating learning rate to 2.0548489380794217e-06
Epoch: 80 cost time: 3.8351054191589355
Epoch: 80, Steps: 29 | Train Loss: 0.0455926 Vali Loss: 0.0817302 Test Loss: 0.0397323
Validation loss decreased (0.082307 --> 0.081730).  Saving model ...
Updating learning rate to 1.876537476319218e-06
Epoch: 81 cost time: 3.9441006183624268
Epoch: 81, Steps: 29 | Train Loss: 0.0453879 Vali Loss: 0.0816780 Test Loss: 0.0396579
Validation loss decreased (0.081730 --> 0.081678).  Saving model ...
Updating learning rate to 1.7045162926804444e-06
Epoch: 82 cost time: 3.7584896087646484
Epoch: 82, Steps: 29 | Train Loss: 0.0453247 Vali Loss: 0.0816539 Test Loss: 0.0397041
Validation loss decreased (0.081678 --> 0.081654).  Saving model ...
Updating learning rate to 1.5391318149339123e-06
Epoch: 83 cost time: 3.7829034328460693
Epoch: 83, Steps: 29 | Train Loss: 0.0453511 Vali Loss: 0.0813643 Test Loss: 0.0398390
Validation loss decreased (0.081654 --> 0.081364).  Saving model ...
Updating learning rate to 1.3807171054080036e-06
Epoch: 84 cost time: 3.804783821105957
Epoch: 84, Steps: 29 | Train Loss: 0.0453277 Vali Loss: 0.0815009 Test Loss: 0.0397390
EarlyStopping counter: 1 out of 10
Updating learning rate to 1.2295911902454577e-06
Epoch: 85 cost time: 3.720245599746704
Epoch: 85, Steps: 29 | Train Loss: 0.0453264 Vali Loss: 0.0816588 Test Loss: 0.0396936
EarlyStopping counter: 2 out of 10
Updating learning rate to 1.0860584169271784e-06
Epoch: 86 cost time: 3.6984121799468994
Epoch: 86, Steps: 29 | Train Loss: 0.0452961 Vali Loss: 0.0814695 Test Loss: 0.0397586
EarlyStopping counter: 3 out of 10
Updating learning rate to 9.504078413569088e-07
Epoch: 87 cost time: 4.018793344497681
Epoch: 87, Steps: 29 | Train Loss: 0.0453445 Vali Loss: 0.0814224 Test Loss: 0.0397897
EarlyStopping counter: 4 out of 10
Updating learning rate to 8.229126457411124e-07
Epoch: 88 cost time: 4.271794319152832
Epoch: 88, Steps: 29 | Train Loss: 0.0453128 Vali Loss: 0.0814004 Test Loss: 0.0398293
EarlyStopping counter: 5 out of 10
Updating learning rate to 7.038295884363647e-07
Epoch: 89 cost time: 3.7574009895324707
Epoch: 89, Steps: 29 | Train Loss: 0.0453096 Vali Loss: 0.0815626 Test Loss: 0.0397525
EarlyStopping counter: 6 out of 10
Updating learning rate to 5.933984868721898e-07
Epoch: 90 cost time: 3.7566630840301514
Epoch: 90, Steps: 29 | Train Loss: 0.0453381 Vali Loss: 0.0816789 Test Loss: 0.0397519
EarlyStopping counter: 7 out of 10
Updating learning rate to 4.918417345906772e-07
Epoch: 91 cost time: 3.771472215652466
Epoch: 91, Steps: 29 | Train Loss: 0.0452919 Vali Loss: 0.0814660 Test Loss: 0.0397875
EarlyStopping counter: 8 out of 10
Updating learning rate to 3.9936385337548097e-07
Epoch: 92 cost time: 3.7468411922454834
Epoch: 92, Steps: 29 | Train Loss: 0.0452911 Vali Loss: 0.0815505 Test Loss: 0.0397473
EarlyStopping counter: 9 out of 10
Updating learning rate to 3.161510813721721e-07
Epoch: 93 cost time: 3.8314313888549805
Epoch: 93, Steps: 29 | Train Loss: 0.0452429 Vali Loss: 0.0816363 Test Loss: 0.0397727
EarlyStopping counter: 10 out of 10
Early stopping
>>>>>>>testing : ETTh1_336_720_DTFNet_ETTh1_ftM_sl336_ll0_pl720_dm128_nh16_el2_br2_dl1_df256_fc1_ebtimeF_dtTrue_'Exp'_0_'rel_sin'_16_8_16,24_8,12_3_1_256<<<<<<<<<<<<<<<<<<<<<<<<<<<<<<<<<
test 2161
mse:0.4210032522678375, mae:0.4452774226665497, rse:0.6232004761695862
