Args in experiment:
Namespace(is_training=1, model_id='ETTh1_336_720', model='DTFNet', data='ETTh1', root_path='./dataset/', data_path='ETTh1.csv', features='M', target='OT', freq='h', checkpoints='./checkpoints/', seq_len=336, label_len=0, pred_len=720, n_branches=2, patch_len_ls='16,24', stride_ls='8,12', d_model_ls='128', n_heads_ls='16', rel_pe="'rel_sin'", res_attn=False, head_type='flatten', fc_dropout=0.3, head_dropout=0.1, patch_len=16, stride=8, padding_patch="'end'", revin=1, affine=0, subtract_last=0, decomposition=0, kernel_size=25, individual=0, store_attn=False, pre_norm=False, pe='zeros', no_learn_pe=True, embed_type=0, enc_in=7, dec_in=7, c_out=7, d_model=128, n_heads=16, e_layers=2, d_layers=1, d_ff=256, moving_avg=25, factor=1, distil=True, dropout=0.3, embed='timeF', activation='gelu', output_attention=False, do_predict=False, num_workers=0, itr=1, train_epochs=100, batch_size=256, patience=10, learning_rate=1e-05, des="'Exp'", loss='mse', lradj='TST', pct_start=0.3, use_amp=False, l2=0.0, warmup_steps=0, use_gpu=True, gpu=0, use_multi_gpu=False, devices='0', test_flop=False, use_mlflow=False, mlflow_project='exp', loss_flag=2, sub_patch_len=16, sub_stride=8, stride_ls_list='16', model_type='linear', tfactor=3, dilation_rates='1', wavelet_layers=2, wavelet_type='db5', wavelet_mode='periodization', wavelet_dim=64, initTLV=0.2)
Use GPU: cuda:0
>>>>>>>start training : ETTh1_336_720_DTFNet_ETTh1_ftM_sl336_ll0_pl720_dm128_nh16_el2_br2_dl1_df256_fc1_ebtimeF_dtTrue_'Exp'_0_'rel_sin'_16_8_16,24_8,12_3_1_256>>>>>>>>>>>>>>>>>>>>>>>>>>
train 7585
val 2161
test 2161
Epoch: 1 cost time: 7.374412536621094
Epoch: 1, Steps: 29 | Train Loss: 0.1075909 Vali Loss: 0.1788018 Test Loss: 0.0998172
Validation loss decreased (inf --> 0.178802).  Saving model ...
Updating learning rate to 4.2635539919063106e-07
Epoch: 2 cost time: 4.1096696853637695
Epoch: 2, Steps: 29 | Train Loss: 0.1067493 Vali Loss: 0.1774527 Test Loss: 0.0989725
Validation loss decreased (0.178802 --> 0.177453).  Saving model ...
Updating learning rate to 5.051321771514831e-07
Epoch: 3 cost time: 4.073331832885742
Epoch: 3, Steps: 29 | Train Loss: 0.1058376 Vali Loss: 0.1759473 Test Loss: 0.0980551
Validation loss decreased (0.177453 --> 0.175947).  Saving model ...
Updating learning rate to 6.354652532866785e-07
Epoch: 4 cost time: 3.5227575302124023
Epoch: 4, Steps: 29 | Train Loss: 0.1049265 Vali Loss: 0.1738248 Test Loss: 0.0970681
Validation loss decreased (0.175947 --> 0.173825).  Saving model ...
Updating learning rate to 8.159233858256806e-07
Epoch: 5 cost time: 3.5303659439086914
Epoch: 5, Steps: 29 | Train Loss: 0.1039898 Vali Loss: 0.1721459 Test Loss: 0.0959915
Validation loss decreased (0.173825 --> 0.172146).  Saving model ...
Updating learning rate to 1.0445248888850473e-06
Epoch: 6 cost time: 3.5789825916290283
Epoch: 6, Steps: 29 | Train Loss: 0.1029779 Vali Loss: 0.1700830 Test Loss: 0.0947809
Validation loss decreased (0.172146 --> 0.170083).  Saving model ...
Updating learning rate to 1.3187593941861497e-06
Epoch: 7 cost time: 3.4964239597320557
Epoch: 7, Steps: 29 | Train Loss: 0.1018258 Vali Loss: 0.1679123 Test Loss: 0.0933834
Validation loss decreased (0.170083 --> 0.167912).  Saving model ...
Updating learning rate to 1.6356154184543822e-06
Epoch: 8 cost time: 3.56496262550354
Epoch: 8, Steps: 29 | Train Loss: 0.1005750 Vali Loss: 0.1652294 Test Loss: 0.0916741
Validation loss decreased (0.167912 --> 0.165229).  Saving model ...
Updating learning rate to 1.9916134337707666e-06
Epoch: 9 cost time: 3.5189645290374756
Epoch: 9, Steps: 29 | Train Loss: 0.0990378 Vali Loss: 0.1620876 Test Loss: 0.0894482
Validation loss decreased (0.165229 --> 0.162088).  Saving model ...
Updating learning rate to 2.3828440777166636e-06
Epoch: 10 cost time: 3.512378454208374
Epoch: 10, Steps: 29 | Train Loss: 0.0972215 Vali Loss: 0.1577770 Test Loss: 0.0864195
Validation loss decreased (0.162088 --> 0.157777).  Saving model ...
Updating learning rate to 2.805011083710071e-06
Epoch: 11 cost time: 3.509249687194824
Epoch: 11, Steps: 29 | Train Loss: 0.0949183 Vali Loss: 0.1525865 Test Loss: 0.0822456
Validation loss decreased (0.157777 --> 0.152586).  Saving model ...
Updating learning rate to 3.2534784600976295e-06
Epoch: 12 cost time: 3.5115718841552734
Epoch: 12, Steps: 29 | Train Loss: 0.0922789 Vali Loss: 0.1467281 Test Loss: 0.0778727
Validation loss decreased (0.152586 --> 0.146728).  Saving model ...
Updating learning rate to 3.723321399909056e-06
Epoch: 13 cost time: 3.519604206085205
Epoch: 13, Steps: 29 | Train Loss: 0.0899876 Vali Loss: 0.1426102 Test Loss: 0.0750110
Validation loss decreased (0.146728 --> 0.142610).  Saving model ...
Updating learning rate to 4.209380362212844e-06
Epoch: 14 cost time: 3.5168142318725586
Epoch: 14, Steps: 29 | Train Loss: 0.0881975 Vali Loss: 0.1394421 Test Loss: 0.0733646
Validation loss decreased (0.142610 --> 0.139442).  Saving model ...
Updating learning rate to 4.706317731183279e-06
Epoch: 15 cost time: 3.907881498336792
Epoch: 15, Steps: 29 | Train Loss: 0.0864633 Vali Loss: 0.1362938 Test Loss: 0.0712996
Validation loss decreased (0.139442 --> 0.136294).  Saving model ...
Updating learning rate to 5.208676430682048e-06
Epoch: 16 cost time: 4.179132699966431
Epoch: 16, Steps: 29 | Train Loss: 0.0846924 Vali Loss: 0.1335131 Test Loss: 0.0690473
Validation loss decreased (0.136294 --> 0.133513).  Saving model ...
Updating learning rate to 5.710939850683244e-06
Epoch: 17 cost time: 3.8869080543518066
Epoch: 17, Steps: 29 | Train Loss: 0.0830177 Vali Loss: 0.1317513 Test Loss: 0.0671525
Validation loss decreased (0.133513 --> 0.131751).  Saving model ...
Updating learning rate to 6.207592427464792e-06
Epoch: 18 cost time: 3.7578508853912354
Epoch: 18, Steps: 29 | Train Loss: 0.0816079 Vali Loss: 0.1302015 Test Loss: 0.0655898
Validation loss decreased (0.131751 --> 0.130202).  Saving model ...
Updating learning rate to 6.693180212309968e-06
Epoch: 19 cost time: 3.5544581413269043
Epoch: 19, Steps: 29 | Train Loss: 0.0805119 Vali Loss: 0.1288142 Test Loss: 0.0649257
Validation loss decreased (0.130202 --> 0.128814).  Saving model ...
Updating learning rate to 7.1623707635889015e-06
Epoch: 20 cost time: 3.5621111392974854
Epoch: 20, Steps: 29 | Train Loss: 0.0795299 Vali Loss: 0.1275886 Test Loss: 0.0637005
Validation loss decreased (0.128814 --> 0.127589).  Saving model ...
Updating learning rate to 7.610011704520164e-06
Epoch: 21 cost time: 3.5439908504486084
Epoch: 21, Steps: 29 | Train Loss: 0.0786041 Vali Loss: 0.1266669 Test Loss: 0.0626832
Validation loss decreased (0.127589 --> 0.126667).  Saving model ...
Updating learning rate to 8.031187303565295e-06
Epoch: 22 cost time: 3.528437614440918
Epoch: 22, Steps: 29 | Train Loss: 0.0777719 Vali Loss: 0.1258062 Test Loss: 0.0621590
Validation loss decreased (0.126667 --> 0.125806).  Saving model ...
Updating learning rate to 8.421272456123378e-06
Epoch: 23 cost time: 3.5835630893707275
Epoch: 23, Steps: 29 | Train Loss: 0.0769113 Vali Loss: 0.1246851 Test Loss: 0.0612944
Validation loss decreased (0.125806 --> 0.124685).  Saving model ...
Updating learning rate to 8.775983474730246e-06
Epoch: 24 cost time: 3.5890309810638428
Epoch: 24, Steps: 29 | Train Loss: 0.0761379 Vali Loss: 0.1235477 Test Loss: 0.0607270
Validation loss decreased (0.124685 --> 0.123548).  Saving model ...
Updating learning rate to 9.091425130013939e-06
Epoch: 25 cost time: 3.541111707687378
Epoch: 25, Steps: 29 | Train Loss: 0.0753313 Vali Loss: 0.1229879 Test Loss: 0.0598231
Validation loss decreased (0.123548 --> 0.122988).  Saving model ...
Updating learning rate to 9.364133425830145e-06
Epoch: 26 cost time: 3.5360889434814453
Epoch: 26, Steps: 29 | Train Loss: 0.0745419 Vali Loss: 0.1225163 Test Loss: 0.0589433
Validation loss decreased (0.122988 --> 0.122516).  Saving model ...
Updating learning rate to 9.591113638846019e-06
Epoch: 27 cost time: 3.5718250274658203
Epoch: 27, Steps: 29 | Train Loss: 0.0738062 Vali Loss: 0.1211610 Test Loss: 0.0585132
Validation loss decreased (0.122516 --> 0.121161).  Saving model ...
Updating learning rate to 9.769873204843885e-06
Epoch: 28 cost time: 3.546534776687622
Epoch: 28, Steps: 29 | Train Loss: 0.0730663 Vali Loss: 0.1204582 Test Loss: 0.0579430
Validation loss decreased (0.121161 --> 0.120458).  Saving model ...
Updating learning rate to 9.898449090606656e-06
Epoch: 29 cost time: 3.571284532546997
Epoch: 29, Steps: 29 | Train Loss: 0.0723566 Vali Loss: 0.1198534 Test Loss: 0.0573476
Validation loss decreased (0.120458 --> 0.119853).  Saving model ...
Updating learning rate to 9.975429350802846e-06
Epoch: 30 cost time: 3.6045384407043457
Epoch: 30, Steps: 29 | Train Loss: 0.0716203 Vali Loss: 0.1191517 Test Loss: 0.0568453
Validation loss decreased (0.119853 --> 0.119152).  Saving model ...
Updating learning rate to 9.99999401249548e-06
Epoch: 31 cost time: 3.7692654132843018
Epoch: 31, Steps: 29 | Train Loss: 0.0708267 Vali Loss: 0.1181554 Test Loss: 0.0564321
Validation loss decreased (0.119152 --> 0.118155).  Saving model ...
Updating learning rate to 9.994612212745642e-06
Epoch: 32 cost time: 3.5526533126831055
Epoch: 32, Steps: 29 | Train Loss: 0.0701549 Vali Loss: 0.1180023 Test Loss: 0.0559338
Validation loss decreased (0.118155 --> 0.118002).  Saving model ...
Updating learning rate to 9.979171968972798e-06
Epoch: 33 cost time: 3.5464179515838623
Epoch: 33, Steps: 29 | Train Loss: 0.0694681 Vali Loss: 0.1172600 Test Loss: 0.0551332
Validation loss decreased (0.118002 --> 0.117260).  Saving model ...
Updating learning rate to 9.953704375773079e-06
Epoch: 34 cost time: 3.5473129749298096
Epoch: 34, Steps: 29 | Train Loss: 0.0687803 Vali Loss: 0.1165792 Test Loss: 0.0547661
Validation loss decreased (0.117260 --> 0.116579).  Saving model ...
Updating learning rate to 9.918260721489893e-06
Epoch: 35 cost time: 3.567683219909668
Epoch: 35, Steps: 29 | Train Loss: 0.0681249 Vali Loss: 0.1154230 Test Loss: 0.0546702
Validation loss decreased (0.116579 --> 0.115423).  Saving model ...
Updating learning rate to 9.872912384926035e-06
Epoch: 36 cost time: 3.560894250869751
Epoch: 36, Steps: 29 | Train Loss: 0.0674808 Vali Loss: 0.1153941 Test Loss: 0.0539006
Validation loss decreased (0.115423 --> 0.115394).  Saving model ...
Updating learning rate to 9.817750691596265e-06
Epoch: 37 cost time: 3.547302484512329
Epoch: 37, Steps: 29 | Train Loss: 0.0668124 Vali Loss: 0.1150655 Test Loss: 0.0533251
Validation loss decreased (0.115394 --> 0.115065).  Saving model ...
Updating learning rate to 9.752886729809889e-06
Epoch: 38 cost time: 3.5634775161743164
Epoch: 38, Steps: 29 | Train Loss: 0.0661131 Vali Loss: 0.1138197 Test Loss: 0.0531730
Validation loss decreased (0.115065 --> 0.113820).  Saving model ...
Updating learning rate to 9.678451126953676e-06
Epoch: 39 cost time: 3.569437026977539
Epoch: 39, Steps: 29 | Train Loss: 0.0654359 Vali Loss: 0.1135059 Test Loss: 0.0525165
Validation loss decreased (0.113820 --> 0.113506).  Saving model ...
Updating learning rate to 9.594593786425696e-06
Epoch: 40 cost time: 3.549954414367676
Epoch: 40, Steps: 29 | Train Loss: 0.0647983 Vali Loss: 0.1124623 Test Loss: 0.0523950
Validation loss decreased (0.113506 --> 0.112462).  Saving model ...
Updating learning rate to 9.501483585749811e-06
Epoch: 41 cost time: 3.5522100925445557
Epoch: 41, Steps: 29 | Train Loss: 0.0641585 Vali Loss: 0.1122494 Test Loss: 0.0518092
Validation loss decreased (0.112462 --> 0.112249).  Saving model ...
Updating learning rate to 9.399308036478838e-06
Epoch: 42 cost time: 3.554981231689453
Epoch: 42, Steps: 29 | Train Loss: 0.0635996 Vali Loss: 0.1106408 Test Loss: 0.0518601
Validation loss decreased (0.112249 --> 0.110641).  Saving model ...
Updating learning rate to 9.288272906571216e-06
Epoch: 43 cost time: 3.5302724838256836
Epoch: 43, Steps: 29 | Train Loss: 0.0630169 Vali Loss: 0.1103233 Test Loss: 0.0512143
Validation loss decreased (0.110641 --> 0.110323).  Saving model ...
Updating learning rate to 9.16860180600173e-06
Epoch: 44 cost time: 3.567669153213501
Epoch: 44, Steps: 29 | Train Loss: 0.0623819 Vali Loss: 0.1099343 Test Loss: 0.0507883
Validation loss decreased (0.110323 --> 0.109934).  Saving model ...
Updating learning rate to 9.040535736440785e-06
Epoch: 45 cost time: 3.552072286605835
Epoch: 45, Steps: 29 | Train Loss: 0.0617576 Vali Loss: 0.1092260 Test Loss: 0.0505251
Validation loss decreased (0.109934 --> 0.109226).  Saving model ...
Updating learning rate to 8.904332605909106e-06
Epoch: 46 cost time: 3.545107841491699
Epoch: 46, Steps: 29 | Train Loss: 0.0611325 Vali Loss: 0.1085429 Test Loss: 0.0500345
Validation loss decreased (0.109226 --> 0.108543).  Saving model ...
Updating learning rate to 8.760266709385311e-06
Epoch: 47 cost time: 3.528555154800415
Epoch: 47, Steps: 29 | Train Loss: 0.0606591 Vali Loss: 0.1075776 Test Loss: 0.0499281
Validation loss decreased (0.108543 --> 0.107578).  Saving model ...
Updating learning rate to 8.608628176412335e-06
Epoch: 48 cost time: 3.538281202316284
Epoch: 48, Steps: 29 | Train Loss: 0.0600113 Vali Loss: 0.1072691 Test Loss: 0.0494478
Validation loss decreased (0.107578 --> 0.107269).  Saving model ...
Updating learning rate to 8.449722386815127e-06
Epoch: 49 cost time: 3.535595655441284
Epoch: 49, Steps: 29 | Train Loss: 0.0594763 Vali Loss: 0.1060676 Test Loss: 0.0492438
Validation loss decreased (0.107269 --> 0.106068).  Saving model ...
Updating learning rate to 8.28386935570634e-06
Epoch: 50 cost time: 3.5492405891418457
Epoch: 50, Steps: 29 | Train Loss: 0.0589264 Vali Loss: 0.1065215 Test Loss: 0.0487984
EarlyStopping counter: 1 out of 10
Updating learning rate to 8.111403089018465e-06
Epoch: 51 cost time: 3.540339708328247
Epoch: 51, Steps: 29 | Train Loss: 0.0584177 Vali Loss: 0.1051544 Test Loss: 0.0484321
Validation loss decreased (0.106068 --> 0.105154).  Saving model ...
Updating learning rate to 7.93267091086035e-06
Epoch: 52 cost time: 3.5571634769439697
Epoch: 52, Steps: 29 | Train Loss: 0.0578124 Vali Loss: 0.1047730 Test Loss: 0.0480669
Validation loss decreased (0.105154 --> 0.104773).  Saving model ...
Updating learning rate to 7.748032764052655e-06
Epoch: 53 cost time: 3.5482075214385986
Epoch: 53, Steps: 29 | Train Loss: 0.0573488 Vali Loss: 0.1043712 Test Loss: 0.0477780
Validation loss decreased (0.104773 --> 0.104371).  Saving model ...
Updating learning rate to 7.557860485250925e-06
Epoch: 54 cost time: 3.5598084926605225
Epoch: 54, Steps: 29 | Train Loss: 0.0568365 Vali Loss: 0.1045589 Test Loss: 0.0473977
EarlyStopping counter: 1 out of 10
Updating learning rate to 7.362537056116034e-06
Epoch: 55 cost time: 3.5276997089385986
Epoch: 55, Steps: 29 | Train Loss: 0.0563422 Vali Loss: 0.1028929 Test Loss: 0.0472074
Validation loss decreased (0.104371 --> 0.102893).  Saving model ...
Updating learning rate to 7.162455832040107e-06
Epoch: 56 cost time: 3.554550886154175
Epoch: 56, Steps: 29 | Train Loss: 0.0557935 Vali Loss: 0.1012787 Test Loss: 0.0469839
Validation loss decreased (0.102893 --> 0.101279).  Saving model ...
Updating learning rate to 6.9580197499810984e-06
Epoch: 57 cost time: 3.53924822807312
Epoch: 57, Steps: 29 | Train Loss: 0.0553142 Vali Loss: 0.1010935 Test Loss: 0.0465365
Validation loss decreased (0.101279 --> 0.101094).  Saving model ...
Updating learning rate to 6.7496405170013816e-06
Epoch: 58 cost time: 3.55238676071167
Epoch: 58, Steps: 29 | Train Loss: 0.0548113 Vali Loss: 0.1002601 Test Loss: 0.0463256
Validation loss decreased (0.101094 --> 0.100260).  Saving model ...
Updating learning rate to 6.537737781144523e-06
Epoch: 59 cost time: 3.5320541858673096
Epoch: 59, Steps: 29 | Train Loss: 0.0543431 Vali Loss: 0.1000814 Test Loss: 0.0459282
Validation loss decreased (0.100260 --> 0.100081).  Saving model ...
Updating learning rate to 6.322738286319964e-06
Epoch: 60 cost time: 3.565033197402954
Epoch: 60, Steps: 29 | Train Loss: 0.0539231 Vali Loss: 0.0988100 Test Loss: 0.0456821
Validation loss decreased (0.100081 --> 0.098810).  Saving model ...
Updating learning rate to 6.105075012897585e-06
Epoch: 61 cost time: 3.543018341064453
Epoch: 61, Steps: 29 | Train Loss: 0.0534778 Vali Loss: 0.0981169 Test Loss: 0.0453695
Validation loss decreased (0.098810 --> 0.098117).  Saving model ...
Updating learning rate to 5.885186305742857e-06
Epoch: 62 cost time: 3.5441734790802
Epoch: 62, Steps: 29 | Train Loss: 0.0530054 Vali Loss: 0.0974821 Test Loss: 0.0450251
Validation loss decreased (0.098117 --> 0.097482).  Saving model ...
Updating learning rate to 5.6635149914486225e-06
Epoch: 63 cost time: 3.537379503250122
Epoch: 63, Steps: 29 | Train Loss: 0.0525594 Vali Loss: 0.0966643 Test Loss: 0.0447726
Validation loss decreased (0.097482 --> 0.096664).  Saving model ...
Updating learning rate to 5.440507486541268e-06
Epoch: 64 cost time: 3.556260108947754
Epoch: 64, Steps: 29 | Train Loss: 0.0521055 Vali Loss: 0.0956063 Test Loss: 0.0444758
Validation loss decreased (0.096664 --> 0.095606).  Saving model ...
Updating learning rate to 5.216612898457253e-06
Epoch: 65 cost time: 3.551547050476074
Epoch: 65, Steps: 29 | Train Loss: 0.0516202 Vali Loss: 0.0956171 Test Loss: 0.0440288
EarlyStopping counter: 1 out of 10
Updating learning rate to 4.992282121100496e-06
Epoch: 66 cost time: 3.5413761138916016
Epoch: 66, Steps: 29 | Train Loss: 0.0512187 Vali Loss: 0.0943792 Test Loss: 0.0438934
Validation loss decreased (0.095606 --> 0.094379).  Saving model ...
Updating learning rate to 4.767966926802067e-06
Epoch: 67 cost time: 3.5592598915100098
Epoch: 67, Steps: 29 | Train Loss: 0.0508393 Vali Loss: 0.0939487 Test Loss: 0.0435232
Validation loss decreased (0.094379 --> 0.093949).  Saving model ...
Updating learning rate to 4.5441190565108235e-06
Epoch: 68 cost time: 3.569746971130371
Epoch: 68, Steps: 29 | Train Loss: 0.0503608 Vali Loss: 0.0934417 Test Loss: 0.0431532
Validation loss decreased (0.093949 --> 0.093442).  Saving model ...
Updating learning rate to 4.3211893100472735e-06
Epoch: 69 cost time: 3.553086757659912
Epoch: 69, Steps: 29 | Train Loss: 0.0499504 Vali Loss: 0.0929611 Test Loss: 0.0428050
Validation loss decreased (0.093442 --> 0.092961).  Saving model ...
Updating learning rate to 4.099626638252712e-06
Epoch: 70 cost time: 3.5442850589752197
Epoch: 70, Steps: 29 | Train Loss: 0.0495263 Vali Loss: 0.0920863 Test Loss: 0.0425730
Validation loss decreased (0.092961 --> 0.092086).  Saving model ...
Updating learning rate to 3.879877238861997e-06
Epoch: 71 cost time: 3.5519042015075684
Epoch: 71, Steps: 29 | Train Loss: 0.0491656 Vali Loss: 0.0915074 Test Loss: 0.0422358
Validation loss decreased (0.092086 --> 0.091507).  Saving model ...
Updating learning rate to 3.662383657920668e-06
Epoch: 72 cost time: 3.5546934604644775
Epoch: 72, Steps: 29 | Train Loss: 0.0487281 Vali Loss: 0.0906550 Test Loss: 0.0420020
Validation loss decreased (0.091507 --> 0.090655).  Saving model ...
Updating learning rate to 3.447583898556124e-06
Epoch: 73 cost time: 3.54510235786438
Epoch: 73, Steps: 29 | Train Loss: 0.0482917 Vali Loss: 0.0900636 Test Loss: 0.0416455
Validation loss decreased (0.090655 --> 0.090064).  Saving model ...
Updating learning rate to 3.2359105388976132e-06
Epoch: 74 cost time: 3.550032615661621
Epoch: 74, Steps: 29 | Train Loss: 0.0479697 Vali Loss: 0.0897033 Test Loss: 0.0412978
Validation loss decreased (0.090064 --> 0.089703).  Saving model ...
Updating learning rate to 3.027789860921434e-06
Epoch: 75 cost time: 3.5445127487182617
Epoch: 75, Steps: 29 | Train Loss: 0.0475688 Vali Loss: 0.0886021 Test Loss: 0.0410432
Validation loss decreased (0.089703 --> 0.088602).  Saving model ...
Updating learning rate to 2.8236409919757893e-06
Epoch: 76 cost time: 3.5518414974212646
Epoch: 76, Steps: 29 | Train Loss: 0.0471524 Vali Loss: 0.0882460 Test Loss: 0.0407133
Validation loss decreased (0.088602 --> 0.088246).  Saving model ...
Updating learning rate to 2.6238750607140637e-06
Epoch: 77 cost time: 3.5709776878356934
Epoch: 77, Steps: 29 | Train Loss: 0.0467772 Vali Loss: 0.0874382 Test Loss: 0.0404473
Validation loss decreased (0.088246 --> 0.087438).  Saving model ...
Updating learning rate to 2.4288943691364434e-06
Epoch: 78 cost time: 3.554124355316162
Epoch: 78, Steps: 29 | Train Loss: 0.0464111 Vali Loss: 0.0869175 Test Loss: 0.0401221
Validation loss decreased (0.087438 --> 0.086917).  Saving model ...
Updating learning rate to 2.2390915824072217e-06
Epoch: 79 cost time: 3.5586445331573486
Epoch: 79, Steps: 29 | Train Loss: 0.0460153 Vali Loss: 0.0859232 Test Loss: 0.0398838
Validation loss decreased (0.086917 --> 0.085923).  Saving model ...
Updating learning rate to 2.0548489380794217e-06
Epoch: 80 cost time: 3.55393385887146
Epoch: 80, Steps: 29 | Train Loss: 0.0456822 Vali Loss: 0.0853970 Test Loss: 0.0396053
Validation loss decreased (0.085923 --> 0.085397).  Saving model ...
Updating learning rate to 1.876537476319218e-06
Epoch: 81 cost time: 3.54292368888855
Epoch: 81, Steps: 29 | Train Loss: 0.0453940 Vali Loss: 0.0852394 Test Loss: 0.0394777
Validation loss decreased (0.085397 --> 0.085239).  Saving model ...
Updating learning rate to 1.7045162926804444e-06
Epoch: 82 cost time: 3.7992210388183594
Epoch: 82, Steps: 29 | Train Loss: 0.0453906 Vali Loss: 0.0851139 Test Loss: 0.0394856
Validation loss decreased (0.085239 --> 0.085114).  Saving model ...
Updating learning rate to 1.5391318149339123e-06
Epoch: 83 cost time: 3.948089838027954
Epoch: 83, Steps: 29 | Train Loss: 0.0453958 Vali Loss: 0.0853508 Test Loss: 0.0394806
EarlyStopping counter: 1 out of 10
Updating learning rate to 1.3807171054080036e-06
Epoch: 84 cost time: 4.055737733840942
Epoch: 84, Steps: 29 | Train Loss: 0.0453399 Vali Loss: 0.0853081 Test Loss: 0.0394808
EarlyStopping counter: 2 out of 10
Updating learning rate to 1.2295911902454577e-06
Epoch: 85 cost time: 3.7647154331207275
Epoch: 85, Steps: 29 | Train Loss: 0.0453399 Vali Loss: 0.0855109 Test Loss: 0.0394621
EarlyStopping counter: 3 out of 10
Updating learning rate to 1.0860584169271784e-06
Epoch: 86 cost time: 3.7477846145629883
Epoch: 86, Steps: 29 | Train Loss: 0.0452972 Vali Loss: 0.0853253 Test Loss: 0.0394788
EarlyStopping counter: 4 out of 10
Updating learning rate to 9.504078413569088e-07
Epoch: 87 cost time: 3.7269699573516846
Epoch: 87, Steps: 29 | Train Loss: 0.0453308 Vali Loss: 0.0851096 Test Loss: 0.0394837
Validation loss decreased (0.085114 --> 0.085110).  Saving model ...
Updating learning rate to 8.229126457411124e-07
Epoch: 88 cost time: 3.750119209289551
Epoch: 88, Steps: 29 | Train Loss: 0.0453198 Vali Loss: 0.0854529 Test Loss: 0.0394790
EarlyStopping counter: 1 out of 10
Updating learning rate to 7.038295884363647e-07
Epoch: 89 cost time: 3.758131980895996
Epoch: 89, Steps: 29 | Train Loss: 0.0453390 Vali Loss: 0.0853807 Test Loss: 0.0394739
EarlyStopping counter: 2 out of 10
Updating learning rate to 5.933984868721898e-07
Epoch: 90 cost time: 3.695650100708008
Epoch: 90, Steps: 29 | Train Loss: 0.0452886 Vali Loss: 0.0853879 Test Loss: 0.0394826
EarlyStopping counter: 3 out of 10
Updating learning rate to 4.918417345906772e-07
Epoch: 91 cost time: 3.7545387744903564
Epoch: 91, Steps: 29 | Train Loss: 0.0452997 Vali Loss: 0.0854471 Test Loss: 0.0394852
EarlyStopping counter: 4 out of 10
Updating learning rate to 3.9936385337548097e-07
Epoch: 92 cost time: 3.7595479488372803
Epoch: 92, Steps: 29 | Train Loss: 0.0453272 Vali Loss: 0.0854299 Test Loss: 0.0394983
EarlyStopping counter: 5 out of 10
Updating learning rate to 3.161510813721721e-07
Epoch: 93 cost time: 3.763126850128174
Epoch: 93, Steps: 29 | Train Loss: 0.0452910 Vali Loss: 0.0854074 Test Loss: 0.0394938
EarlyStopping counter: 6 out of 10
Updating learning rate to 2.4237099802938663e-07
Epoch: 94 cost time: 3.790990114212036
Epoch: 94, Steps: 29 | Train Loss: 0.0452674 Vali Loss: 0.0855242 Test Loss: 0.0394987
EarlyStopping counter: 7 out of 10
Updating learning rate to 1.7817218661613333e-07
Epoch: 95 cost time: 3.679382562637329
Epoch: 95, Steps: 29 | Train Loss: 0.0453085 Vali Loss: 0.0853328 Test Loss: 0.0395102
EarlyStopping counter: 8 out of 10
Updating learning rate to 1.236839349948492e-07
Epoch: 96 cost time: 3.749807357788086
Epoch: 96, Steps: 29 | Train Loss: 0.0453217 Vali Loss: 0.0853127 Test Loss: 0.0394852
EarlyStopping counter: 9 out of 10
Updating learning rate to 7.90159752528609e-08
Epoch: 97 cost time: 3.801085948944092
Epoch: 97, Steps: 29 | Train Loss: 0.0452967 Vali Loss: 0.0854774 Test Loss: 0.0394932
EarlyStopping counter: 10 out of 10
Early stopping
>>>>>>>testing : ETTh1_336_720_DTFNet_ETTh1_ftM_sl336_ll0_pl720_dm128_nh16_el2_br2_dl1_df256_fc1_ebtimeF_dtTrue_'Exp'_0_'rel_sin'_16_8_16,24_8,12_3_1_256<<<<<<<<<<<<<<<<<<<<<<<<<<<<<<<<<
test 2161
mse:0.4121575653553009, mae:0.441660076379776, rse:0.6166187524795532
