Args in experiment:
Namespace(random_seed=2021, is_training=1, model_id='ETTh1_336_192', model='DTFNet', data='ETTh1', root_path='./dataset/', data_path='ETTh1.csv', features='M', target='OT', freq='h', checkpoints='./checkpoints/', seq_len=336, label_len=0, pred_len=192, n_branches=2, patch_len_ls='16,24', stride_ls='8,12', d_model_ls='128', n_heads_ls='16', rel_pe="'rel_sin'", res_attn=False, head_type='flatten', fc_dropout=0.3, head_dropout=0.1, patch_len=16, stride=8, padding_patch="'end'", revin=1, affine=0, subtract_last=0, decomposition=0, kernel_size=25, individual=0, store_attn=False, pre_norm=False, pe='zeros', no_learn_pe=True, embed_type=0, enc_in=7, dec_in=7, c_out=7, d_model=128, n_heads=16, e_layers=2, d_layers=1, d_ff=256, moving_avg=25, factor=1, distil=True, dropout=0.3, embed='timeF', activation='gelu', output_attention=False, do_predict=False, num_workers=0, itr=1, train_epochs=100, batch_size=256, patience=10, learning_rate=1e-05, des="'Exp'", loss='mse', lradj='TST', pct_start=0.3, use_amp=False, l2=0.0, warmup_steps=0, use_gpu=True, gpu=0, use_multi_gpu=False, devices='0', test_flop=False, use_mlflow=False, mlflow_project='exp', loss_flag=2, sub_patch_len=16, sub_stride=8, stride_ls_list='16', model_type='linear', tfactor=3, dilation_rates='1', wavelet_layers=2, wavelet_type='db5', wavelet_mode='periodization', wavelet_dim=64, initTLV=0.2)
Use GPU: cuda:0
>>>>>>>start training : ETTh1_336_192_DTFNet_ETTh1_ftM_sl336_ll0_pl192_dm128_nh16_el2_br2_dl1_df256_fc1_ebtimeF_dtTrue_'Exp'_0_'rel_sin'_16_8_16,24_8,12_3_1_256>>>>>>>>>>>>>>>>>>>>>>>>>>
train 8113
val 2689
test 2689
Epoch: 1 cost time: 16.318674564361572
Epoch: 1, Steps: 31 | Train Loss: 0.0948213 Vali Loss: 0.1566458 Test Loss: 0.0951251
Validation loss decreased (inf --> 0.156646).  Saving model ...
Updating learning rate to 4.2635148986572395e-07
Epoch: 2 cost time: 4.157008171081543
Epoch: 2, Steps: 31 | Train Loss: 0.0939365 Vali Loss: 0.1547953 Test Loss: 0.0941769
Validation loss decreased (0.156646 --> 0.154795).  Saving model ...
Updating learning rate to 5.051166257053371e-07
Epoch: 3 cost time: 4.155581712722778
Epoch: 3, Steps: 31 | Train Loss: 0.0929994 Vali Loss: 0.1528033 Test Loss: 0.0931630
Validation loss decreased (0.154795 --> 0.152803).  Saving model ...
Updating learning rate to 6.354305830693182e-07
Epoch: 4 cost time: 4.046211004257202
Epoch: 4, Steps: 31 | Train Loss: 0.0920306 Vali Loss: 0.1512136 Test Loss: 0.0920921
Validation loss decreased (0.152803 --> 0.151214).  Saving model ...
Updating learning rate to 8.158625424048165e-07
Epoch: 5 cost time: 4.091123580932617
Epoch: 5, Steps: 31 | Train Loss: 0.0910177 Vali Loss: 0.1491147 Test Loss: 0.0909436
Validation loss decreased (0.151214 --> 0.149115).  Saving model ...
Updating learning rate to 1.0444313991502185e-06
Epoch: 6 cost time: 4.413952827453613
Epoch: 6, Steps: 31 | Train Loss: 0.0899902 Vali Loss: 0.1475770 Test Loss: 0.0896885
Validation loss decreased (0.149115 --> 0.147577).  Saving model ...
Updating learning rate to 1.3186275158421247e-06
Epoch: 7 cost time: 4.456766605377197
Epoch: 7, Steps: 31 | Train Loss: 0.0887864 Vali Loss: 0.1452646 Test Loss: 0.0882840
Validation loss decreased (0.147577 --> 0.145265).  Saving model ...
Updating learning rate to 1.6354402774012767e-06
Epoch: 8 cost time: 4.38148045539856
Epoch: 8, Steps: 31 | Train Loss: 0.0874974 Vali Loss: 0.1428937 Test Loss: 0.0866792
Validation loss decreased (0.145265 --> 0.142894).  Saving model ...
Updating learning rate to 1.99139114704619e-06
Epoch: 9 cost time: 4.435043096542358
Epoch: 9, Steps: 31 | Train Loss: 0.0860538 Vali Loss: 0.1398225 Test Loss: 0.0847477
Validation loss decreased (0.142894 --> 0.139823).  Saving model ...
Updating learning rate to 2.3825718598876392e-06
Epoch: 10 cost time: 4.531309366226196
Epoch: 10, Steps: 31 | Train Loss: 0.0842968 Vali Loss: 0.1363859 Test Loss: 0.0823311
Validation loss decreased (0.139823 --> 0.136386).  Saving model ...
Updating learning rate to 2.8046873348464134e-06
Epoch: 11 cost time: 4.525990724563599
Epoch: 11, Steps: 31 | Train Loss: 0.0822472 Vali Loss: 0.1318993 Test Loss: 0.0792050
Validation loss decreased (0.136386 --> 0.131899).  Saving model ...
Updating learning rate to 3.2531028337306174e-06
Epoch: 12 cost time: 4.013153076171875
Epoch: 12, Steps: 31 | Train Loss: 0.0796011 Vali Loss: 0.1267708 Test Loss: 0.0754386
Validation loss decreased (0.131899 --> 0.126771).  Saving model ...
Updating learning rate to 3.7228948496758864e-06
Epoch: 13 cost time: 3.9357266426086426
Epoch: 13, Steps: 31 | Train Loss: 0.0768468 Vali Loss: 0.1207082 Test Loss: 0.0717254
Validation loss decreased (0.126771 --> 0.120708).  Saving model ...
Updating learning rate to 4.20890516620423e-06
Epoch: 14 cost time: 3.914795398712158
Epoch: 14, Steps: 31 | Train Loss: 0.0741000 Vali Loss: 0.1160796 Test Loss: 0.0687999
Validation loss decreased (0.120708 --> 0.116080).  Saving model ...
Updating learning rate to 4.705797493344547e-06
Epoch: 15 cost time: 3.965427875518799
Epoch: 15, Steps: 31 | Train Loss: 0.0717105 Vali Loss: 0.1113588 Test Loss: 0.0664466
Validation loss decreased (0.116080 --> 0.111359).  Saving model ...
Updating learning rate to 5.208116058962259e-06
Epoch: 16 cost time: 3.9202263355255127
Epoch: 16, Steps: 31 | Train Loss: 0.0695915 Vali Loss: 0.1067278 Test Loss: 0.0644041
Validation loss decreased (0.111359 --> 0.106728).  Saving model ...
Updating learning rate to 5.710345511977682e-06
Epoch: 17 cost time: 3.9336256980895996
Epoch: 17, Steps: 31 | Train Loss: 0.0677632 Vali Loss: 0.1034840 Test Loss: 0.0624242
Validation loss decreased (0.106728 --> 0.103484).  Saving model ...
Updating learning rate to 6.206971479748566e-06
Epoch: 18 cost time: 4.005317687988281
Epoch: 18, Steps: 31 | Train Loss: 0.0661128 Vali Loss: 0.1010748 Test Loss: 0.0607090
Validation loss decreased (0.103484 --> 0.101075).  Saving model ...
Updating learning rate to 6.6925411147095855e-06
Epoch: 19 cost time: 3.999377489089966
Epoch: 19, Steps: 31 | Train Loss: 0.0647092 Vali Loss: 0.0984607 Test Loss: 0.0591093
Validation loss decreased (0.101075 --> 0.098461).  Saving model ...
Updating learning rate to 7.161722965479587e-06
Epoch: 20 cost time: 3.969104051589966
Epoch: 20, Steps: 31 | Train Loss: 0.0634540 Vali Loss: 0.0966207 Test Loss: 0.0578990
Validation loss decreased (0.098461 --> 0.096621).  Saving model ...
Updating learning rate to 7.609365515064509e-06
Epoch: 21 cost time: 3.977644920349121
Epoch: 21, Steps: 31 | Train Loss: 0.0623728 Vali Loss: 0.0950532 Test Loss: 0.0568468
Validation loss decreased (0.096621 --> 0.095053).  Saving model ...
Updating learning rate to 8.030553743418992e-06
Epoch: 22 cost time: 3.957416296005249
Epoch: 22, Steps: 31 | Train Loss: 0.0615923 Vali Loss: 0.0939078 Test Loss: 0.0559302
Validation loss decreased (0.095053 --> 0.093908).  Saving model ...
Updating learning rate to 8.420663093321771e-06
Epoch: 23 cost time: 3.9403269290924072
Epoch: 23, Steps: 31 | Train Loss: 0.0607049 Vali Loss: 0.0924403 Test Loss: 0.0550552
Validation loss decreased (0.093908 --> 0.092440).  Saving model ...
Updating learning rate to 8.775410247030974e-06
Epoch: 24 cost time: 3.9577391147613525
Epoch: 24, Steps: 31 | Train Loss: 0.0598434 Vali Loss: 0.0913171 Test Loss: 0.0543158
Validation loss decreased (0.092440 --> 0.091317).  Saving model ...
Updating learning rate to 9.09090015620249e-06
Epoch: 25 cost time: 4.029188871383667
Epoch: 25, Steps: 31 | Train Loss: 0.0590984 Vali Loss: 0.0903205 Test Loss: 0.0535724
Validation loss decreased (0.091317 --> 0.090321).  Saving model ...
Updating learning rate to 9.363668808692879e-06
Epoch: 26 cost time: 4.030970335006714
Epoch: 26, Steps: 31 | Train Loss: 0.0583895 Vali Loss: 0.0894937 Test Loss: 0.0529183
Validation loss decreased (0.090321 --> 0.089494).  Saving model ...
Updating learning rate to 9.59072126267639e-06
Epoch: 27 cost time: 4.064067840576172
Epoch: 27, Steps: 31 | Train Loss: 0.0576645 Vali Loss: 0.0878221 Test Loss: 0.0521993
Validation loss decreased (0.089494 --> 0.087822).  Saving model ...
Updating learning rate to 9.769564530469635e-06
Epoch: 28 cost time: 4.0941479206085205
Epoch: 28, Steps: 31 | Train Loss: 0.0569331 Vali Loss: 0.0872048 Test Loss: 0.0515758
Validation loss decreased (0.087822 --> 0.087205).  Saving model ...
Updating learning rate to 9.898234951006446e-06
Epoch: 29 cost time: 4.004392862319946
Epoch: 29, Steps: 31 | Train Loss: 0.0563100 Vali Loss: 0.0866056 Test Loss: 0.0509133
Validation loss decreased (0.087205 --> 0.086606).  Saving model ...
Updating learning rate to 9.97531975041899e-06
Epoch: 30 cost time: 3.9701197147369385
Epoch: 30, Steps: 31 | Train Loss: 0.0556517 Vali Loss: 0.0853708 Test Loss: 0.0503828
Validation loss decreased (0.086606 --> 0.085371).  Saving model ...
Updating learning rate to 9.999994760154602e-06
Epoch: 31 cost time: 4.023827791213989
Epoch: 31, Steps: 31 | Train Loss: 0.0549096 Vali Loss: 0.0842599 Test Loss: 0.0498247
Validation loss decreased (0.085371 --> 0.084260).  Saving model ...
Updating learning rate to 9.994635356966321e-06
Epoch: 32 cost time: 4.115513563156128
Epoch: 32, Steps: 31 | Train Loss: 0.0543250 Vali Loss: 0.0833352 Test Loss: 0.0492678
Validation loss decreased (0.084260 --> 0.083335).  Saving model ...
Updating learning rate to 9.979217463145653e-06
Epoch: 33 cost time: 4.005025625228882
Epoch: 33, Steps: 31 | Train Loss: 0.0537077 Vali Loss: 0.0825987 Test Loss: 0.0487394
Validation loss decreased (0.083335 --> 0.082599).  Saving model ...
Updating learning rate to 9.953772128278901e-06
Epoch: 34 cost time: 4.012155771255493
Epoch: 34, Steps: 31 | Train Loss: 0.0530788 Vali Loss: 0.0816870 Test Loss: 0.0481867
Validation loss decreased (0.082599 --> 0.081687).  Saving model ...
Updating learning rate to 9.918350595884151e-06
Epoch: 35 cost time: 4.048707485198975
Epoch: 35, Steps: 31 | Train Loss: 0.0525207 Vali Loss: 0.0810594 Test Loss: 0.0477154
Validation loss decreased (0.081687 --> 0.081059).  Saving model ...
Updating learning rate to 9.873024200213661e-06
Epoch: 36 cost time: 3.9999465942382812
Epoch: 36, Steps: 31 | Train Loss: 0.0519339 Vali Loss: 0.0803687 Test Loss: 0.0471459
Validation loss decreased (0.081059 --> 0.080369).  Saving model ...
Updating learning rate to 9.817884222596151e-06
Epoch: 37 cost time: 3.975992441177368
Epoch: 37, Steps: 31 | Train Loss: 0.0513264 Vali Loss: 0.0793662 Test Loss: 0.0467090
Validation loss decreased (0.080369 --> 0.079366).  Saving model ...
Updating learning rate to 9.75304170760837e-06
Epoch: 38 cost time: 4.03324294090271
Epoch: 38, Steps: 31 | Train Loss: 0.0507542 Vali Loss: 0.0786583 Test Loss: 0.0462091
Validation loss decreased (0.079366 --> 0.078658).  Saving model ...
Updating learning rate to 9.678627239446092e-06
Epoch: 39 cost time: 4.056550741195679
Epoch: 39, Steps: 31 | Train Loss: 0.0501974 Vali Loss: 0.0779426 Test Loss: 0.0457229
Validation loss decreased (0.078658 --> 0.077943).  Saving model ...
Updating learning rate to 9.594790678944921e-06
Epoch: 40 cost time: 4.122538805007935
Epoch: 40, Steps: 31 | Train Loss: 0.0495907 Vali Loss: 0.0769579 Test Loss: 0.0452921
Validation loss decreased (0.077943 --> 0.076958).  Saving model ...
Updating learning rate to 9.50170086178052e-06
Epoch: 41 cost time: 4.023746728897095
Epoch: 41, Steps: 31 | Train Loss: 0.0490926 Vali Loss: 0.0764185 Test Loss: 0.0448871
Validation loss decreased (0.076958 --> 0.076419).  Saving model ...
Updating learning rate to 9.399545258456017e-06
Epoch: 42 cost time: 4.0273144245147705
Epoch: 42, Steps: 31 | Train Loss: 0.0485578 Vali Loss: 0.0754745 Test Loss: 0.0444092
Validation loss decreased (0.076419 --> 0.075475).  Saving model ...
Updating learning rate to 9.288529596761373e-06
Epoch: 43 cost time: 4.104814291000366
Epoch: 43, Steps: 31 | Train Loss: 0.0480367 Vali Loss: 0.0745278 Test Loss: 0.0439591
Validation loss decreased (0.075475 --> 0.074528).  Saving model ...
Updating learning rate to 9.168877447464985e-06
Epoch: 44 cost time: 3.994152069091797
Epoch: 44, Steps: 31 | Train Loss: 0.0474848 Vali Loss: 0.0738484 Test Loss: 0.0435243
Validation loss decreased (0.074528 --> 0.073848).  Saving model ...
Updating learning rate to 9.040829774071914e-06
Epoch: 45 cost time: 4.006187915802002
Epoch: 45, Steps: 31 | Train Loss: 0.0469558 Vali Loss: 0.0733858 Test Loss: 0.0431136
Validation loss decreased (0.073848 --> 0.073386).  Saving model ...
Updating learning rate to 8.904644447555448e-06
Epoch: 46 cost time: 4.013859987258911
Epoch: 46, Steps: 31 | Train Loss: 0.0464830 Vali Loss: 0.0729955 Test Loss: 0.0426591
Validation loss decreased (0.073386 --> 0.072995).  Saving model ...
Updating learning rate to 8.760595727039295e-06
Epoch: 47 cost time: 4.0806310176849365
Epoch: 47, Steps: 31 | Train Loss: 0.0459643 Vali Loss: 0.0718662 Test Loss: 0.0422687
Validation loss decreased (0.072995 --> 0.071866).  Saving model ...
Updating learning rate to 8.608973707476191e-06
Epoch: 48 cost time: 4.002601146697998
Epoch: 48, Steps: 31 | Train Loss: 0.0454445 Vali Loss: 0.0715749 Test Loss: 0.0418750
Validation loss decreased (0.071866 --> 0.071575).  Saving model ...
Updating learning rate to 8.450083735435278e-06
Epoch: 49 cost time: 4.041803598403931
Epoch: 49, Steps: 31 | Train Loss: 0.0449758 Vali Loss: 0.0707872 Test Loss: 0.0414582
Validation loss decreased (0.071575 --> 0.070787).  Saving model ...
Updating learning rate to 8.284245794174751e-06
Epoch: 50 cost time: 4.044424772262573
Epoch: 50, Steps: 31 | Train Loss: 0.0444754 Vali Loss: 0.0701545 Test Loss: 0.0410786
Validation loss decreased (0.070787 --> 0.070155).  Saving model ...
Updating learning rate to 8.111793859238162e-06
Epoch: 51 cost time: 4.078785181045532
Epoch: 51, Steps: 31 | Train Loss: 0.0440058 Vali Loss: 0.0693680 Test Loss: 0.0406921
Validation loss decreased (0.070155 --> 0.069368).  Saving model ...
Updating learning rate to 7.93307522587211e-06
Epoch: 52 cost time: 3.977515935897827
Epoch: 52, Steps: 31 | Train Loss: 0.0435657 Vali Loss: 0.0687858 Test Loss: 0.0402886
Validation loss decreased (0.069368 --> 0.068786).  Saving model ...
Updating learning rate to 7.748449809619857e-06
Epoch: 53 cost time: 3.9702723026275635
Epoch: 53, Steps: 31 | Train Loss: 0.0431049 Vali Loss: 0.0677806 Test Loss: 0.0399199
Validation loss decreased (0.068786 --> 0.067781).  Saving model ...
Updating learning rate to 7.558289421499295e-06
Epoch: 54 cost time: 4.031580686569214
Epoch: 54, Steps: 31 | Train Loss: 0.0426624 Vali Loss: 0.0672372 Test Loss: 0.0395362
Validation loss decreased (0.067781 --> 0.067237).  Saving model ...
Updating learning rate to 7.362977019225052e-06
Epoch: 55 cost time: 3.930114269256592
Epoch: 55, Steps: 31 | Train Loss: 0.0421756 Vali Loss: 0.0666041 Test Loss: 0.0391674
Validation loss decreased (0.067237 --> 0.066604).  Saving model ...
Updating learning rate to 7.162905935982624e-06
Epoch: 56 cost time: 3.981837511062622
Epoch: 56, Steps: 31 | Train Loss: 0.0417516 Vali Loss: 0.0662317 Test Loss: 0.0387917
Validation loss decreased (0.066604 --> 0.066232).  Saving model ...
Updating learning rate to 6.958479088307673e-06
Epoch: 57 cost time: 4.01090931892395
Epoch: 57, Steps: 31 | Train Loss: 0.0413126 Vali Loss: 0.0656172 Test Loss: 0.0384508
Validation loss decreased (0.066232 --> 0.065617).  Saving model ...
Updating learning rate to 6.7501081646657556e-06
Epoch: 58 cost time: 3.985867500305176
Epoch: 58, Steps: 31 | Train Loss: 0.0408603 Vali Loss: 0.0645905 Test Loss: 0.0380869
Validation loss decreased (0.065617 --> 0.064590).  Saving model ...
Updating learning rate to 6.538212796366537e-06
Epoch: 59 cost time: 3.9602296352386475
Epoch: 59, Steps: 31 | Train Loss: 0.0404827 Vali Loss: 0.0641467 Test Loss: 0.0377083
Validation loss decreased (0.064590 --> 0.064147).  Saving model ...
Updating learning rate to 6.323219712482178e-06
Epoch: 60 cost time: 4.182462215423584
Epoch: 60, Steps: 31 | Train Loss: 0.0400629 Vali Loss: 0.0636056 Test Loss: 0.0373702
Validation loss decreased (0.064147 --> 0.063606).  Saving model ...
Updating learning rate to 6.1055618804717764e-06
Epoch: 61 cost time: 4.157615423202515
Epoch: 61, Steps: 31 | Train Loss: 0.0396028 Vali Loss: 0.0629110 Test Loss: 0.0370186
Validation loss decreased (0.063606 --> 0.062911).  Saving model ...
Updating learning rate to 5.8856776342425235e-06
Epoch: 62 cost time: 4.0128350257873535
Epoch: 62, Steps: 31 | Train Loss: 0.0392484 Vali Loss: 0.0624652 Test Loss: 0.0366715
Validation loss decreased (0.062911 --> 0.062465).  Saving model ...
Updating learning rate to 5.664009791403554e-06
Epoch: 63 cost time: 3.9974679946899414
Epoch: 63, Steps: 31 | Train Loss: 0.0388511 Vali Loss: 0.0614318 Test Loss: 0.0363356
Validation loss decreased (0.062465 --> 0.061432).  Saving model ...
Updating learning rate to 5.441004761490205e-06
Epoch: 64 cost time: 3.9999263286590576
Epoch: 64, Steps: 31 | Train Loss: 0.0384243 Vali Loss: 0.0611273 Test Loss: 0.0359915
Validation loss decreased (0.061432 --> 0.061127).  Saving model ...
Updating learning rate to 5.217111646954626e-06
Epoch: 65 cost time: 3.9957597255706787
Epoch: 65, Steps: 31 | Train Loss: 0.0380508 Vali Loss: 0.0607745 Test Loss: 0.0358026
Validation loss decreased (0.061127 --> 0.060774).  Saving model ...
Updating learning rate to 4.992781338733208e-06
Epoch: 66 cost time: 3.9761745929718018
Epoch: 66, Steps: 31 | Train Loss: 0.0379476 Vali Loss: 0.0608260 Test Loss: 0.0358123
EarlyStopping counter: 1 out of 10
Updating learning rate to 4.768465608212241e-06
Epoch: 67 cost time: 4.008984565734863
Epoch: 67, Steps: 31 | Train Loss: 0.0379592 Vali Loss: 0.0607370 Test Loss: 0.0358058
Validation loss decreased (0.060774 --> 0.060737).  Saving model ...
Updating learning rate to 4.544616197420465e-06
Epoch: 68 cost time: 4.0267627239227295
Epoch: 68, Steps: 31 | Train Loss: 0.0378951 Vali Loss: 0.0608342 Test Loss: 0.0358052
EarlyStopping counter: 1 out of 10
Updating learning rate to 4.321683909280753e-06
Epoch: 69 cost time: 3.988999128341675
Epoch: 69, Steps: 31 | Train Loss: 0.0378452 Vali Loss: 0.0606959 Test Loss: 0.0358082
Validation loss decreased (0.060737 --> 0.060696).  Saving model ...
Updating learning rate to 4.100117699752996e-06
Epoch: 70 cost time: 3.9901177883148193
Epoch: 70, Steps: 31 | Train Loss: 0.0378382 Vali Loss: 0.0608200 Test Loss: 0.0358179
EarlyStopping counter: 1 out of 10
Updating learning rate to 3.8803637736965736e-06
Epoch: 71 cost time: 4.024675130844116
Epoch: 71, Steps: 31 | Train Loss: 0.0378487 Vali Loss: 0.0607485 Test Loss: 0.0358148
EarlyStopping counter: 2 out of 10
Updating learning rate to 3.66286468627313e-06
Epoch: 72 cost time: 4.071401119232178
Epoch: 72, Steps: 31 | Train Loss: 0.0378321 Vali Loss: 0.0606441 Test Loss: 0.0358235
Validation loss decreased (0.060696 --> 0.060644).  Saving model ...
Updating learning rate to 3.4480584516993903e-06
Epoch: 73 cost time: 3.998746871948242
Epoch: 73, Steps: 31 | Train Loss: 0.0378004 Vali Loss: 0.0607161 Test Loss: 0.0358266
EarlyStopping counter: 1 out of 10
Updating learning rate to 3.2363776611448018e-06
Epoch: 74 cost time: 4.060753345489502
Epoch: 74, Steps: 31 | Train Loss: 0.0378215 Vali Loss: 0.0608180 Test Loss: 0.0358218
EarlyStopping counter: 2 out of 10
Updating learning rate to 3.0282486115505108e-06
Epoch: 75 cost time: 4.129920244216919
Epoch: 75, Steps: 31 | Train Loss: 0.0377723 Vali Loss: 0.0608547 Test Loss: 0.0358243
EarlyStopping counter: 3 out of 10
Updating learning rate to 2.8240904471240344e-06
Epoch: 76 cost time: 4.079325199127197
Epoch: 76, Steps: 31 | Train Loss: 0.0377705 Vali Loss: 0.0608664 Test Loss: 0.0358248
EarlyStopping counter: 4 out of 10
Updating learning rate to 2.624314315238625e-06
Epoch: 77 cost time: 4.05743932723999
Epoch: 77, Steps: 31 | Train Loss: 0.0377149 Vali Loss: 0.0608605 Test Loss: 0.0358316
EarlyStopping counter: 5 out of 10
Updating learning rate to 2.429322538437165e-06
Epoch: 78 cost time: 4.070371866226196
Epoch: 78, Steps: 31 | Train Loss: 0.0377597 Vali Loss: 0.0608575 Test Loss: 0.0358308
EarlyStopping counter: 6 out of 10
Updating learning rate to 2.2395078042081163e-06
Epoch: 79 cost time: 4.103949308395386
Epoch: 79, Steps: 31 | Train Loss: 0.0376704 Vali Loss: 0.0606957 Test Loss: 0.0358328
EarlyStopping counter: 7 out of 10
Updating learning rate to 2.055252374165171e-06
Epoch: 80 cost time: 4.033762693405151
Epoch: 80, Steps: 31 | Train Loss: 0.0376856 Vali Loss: 0.0608327 Test Loss: 0.0358338
EarlyStopping counter: 8 out of 10
Updating learning rate to 1.8769273142232387e-06
Epoch: 81 cost time: 4.058007717132568
Epoch: 81, Steps: 31 | Train Loss: 0.0376706 Vali Loss: 0.0608053 Test Loss: 0.0358398
EarlyStopping counter: 9 out of 10
Updating learning rate to 1.7048917473210744e-06
Epoch: 82 cost time: 4.075965166091919
Epoch: 82, Steps: 31 | Train Loss: 0.0376636 Vali Loss: 0.0608692 Test Loss: 0.0358349
EarlyStopping counter: 10 out of 10
Early stopping
>>>>>>>testing : ETTh1_336_192_DTFNet_ETTh1_ftM_sl336_ll0_pl192_dm128_nh16_el2_br2_dl1_df256_fc1_ebtimeF_dtTrue_'Exp'_0_'rel_sin'_16_8_16,24_8,12_3_1_256<<<<<<<<<<<<<<<<<<<<<<<<<<<<<<<<<
test 2689
mse:0.38819634914398193, mae:0.40451550483703613, rse:0.592624306678772
